  Reading input spec file from D:\Programming\Dynamic Paper-dlrhcs_replication\outputs\empirical\unemployment\raw_sa_pilot\x13_work\bps_permits_additive_level_48060_201401_202606.spc

1

               U. S. Department of Commerce, U. S. Census Bureau

              X-13ARIMA-SEATS monthly seasonal adjustment Method,
                          Release Version 1.1 Build 62


           This software application provides an enhanced version of
             Statistics Canada's X-11-ARIMA extension (Dagum, 1980)
                 of the X-11 variant of the Census Method II of
                      Shiskin, Young and Musgrave (1967).

            It also provides an ARIMA model-based method following
       Hillmer and Tiao (1982) and Burman (1980) that is very similar
       to the update of the method of SEATS (Gomez and Maravall, 1996)
                produced at the Bank of Spain by G. Caporello and
               A. Maravall for TSW (Caporello and Maravall, 2004).
          The present application includes additional enhancements.

         X-13ARIMA-SEATS includes an automatic ARIMA model selection procedure
          based largely on the procedure of Gomez and Maravall (1998)
            as implemented in TRAMO (1996) and subsequent revisions.

              Primary Programmers: Brian Monsell, Mark Otto and,
                 for the ARIMA model-based signal extraction,
                      Gianluca Caporello and Victor Gomez


     Series Title- bps_permits 48060
     Series Name- bps_permits_addi
     Jul 29, 2026  08.35.28 

        -Period covered-  1st month,2014 to  6th month,2026
        -Type of run - additive seasonal adjustment

        -Sigma limits for graduating extreme values are  1.5 and  2.5 .
        -3x3 moving average used in section 1 of each iteration, 
         3x5 moving average in section 2 of iterations B and C,
         moving average for final seasonal factors chosen by Global MSR.
        -Holiday adjustment factors applied directly to the final seasonally adjusted series
        -Spectral plots generated for selected series
        -Spectral plots generated for series starting in 2018.Jul

 FILE SAVE REQUESTS (* indicates file exists and will be overwritten)
  D:\Programming\Dynamic Paper-dlrhcs_replication\outputs\empirical\unemployment\raw_sa_pilot\x13_work\bps_permits_additive_level_48060_201401_202606.d10  final seasonal factors
  D:\Programming\Dynamic Paper-dlrhcs_replication\outputs\empirical\unemployment\raw_sa_pilot\x13_work\bps_permits_additive_level_48060_201401_202606.d11  final seasonally adjusted data
  D:\Programming\Dynamic Paper-dlrhcs_replication\outputs\empirical\unemployment\raw_sa_pilot\x13_work\bps_permits_additive_level_48060_201401_202606.out  program output file
  D:\Programming\Dynamic Paper-dlrhcs_replication\outputs\empirical\unemployment\raw_sa_pilot\x13_work\bps_permits_additive_level_48060_201401_202606.err  program error file
        bps_permits 48060            PAGE   1, SERIES bps_permits_addi

     Contents of spc file D:\Programming\Dynamic Paper-dlrhcs_replication\outputs\empirical\unemployment\raw_sa_pilot\x13_work\bps_permits_additive_level_48060_201401_202606.spc

 Line #
 ------
      1: series {
      2:   title = "bps_permits 48060"
      3:   start = 2014.1
      4:   period = 12
      5:   data = (
      6: 17
      7: 17
      8: 34
      9: 39
     10: 39
     11: 47
     12: 53
     13: 39
     14: 50
     15: 33
     16: 41
     17: 35
     18: 33
     19: 23
     20: 50
     21: 86
     22: 146
     23: 180
     24: 46
     25: 39
     26: 44
     27: 46
     28: 46
     29: 9
     30: 2
     31: 0
     32: 10
     33: 12
     34: 14
     35: 16
     36: 12
     37: 13
     38: 12
     39: 14
     40: 11
     41: 4
     42: 9
     43: 8
     44: 15
     45: 9
     46: 11
     47: 11
     48: 9
     49: 9
     50: 9
     51: 10
     52: 10
     53: 6
     54: 6
     55: 2
     56: 10
     57: 12
     58: 14
     59: 13
     60: 13
     61: 12
     62: 19
     63: 15
     64: 10
     65: 6
     66: 4
     67: 3
     68: 10
     69: 10
     70: 13
     71: 11
     72: 13
     73: 13
     74: 9
     75: 13
     76: 12
     77: 7
     78: 9
     79: 5
     80: 11
     81: 7
     82: 15
     83: 13
     84: 12
     85: 12
     86: 14
     87: 13
     88: 13
     89: 14
     90: 12
     91: 13
     92: 16
     93: 21
     94: 24
     95: 14
     96: 12
     97: 13
     98: 10
     99: 12
    100: 10
    101: 15
    102: 12
    103: 12
    104: 14
    105: 11
    106: 14
    107: 21
    108: 13
    109: 14
    110: 12
    111: 10
    112: 10
    113: 3
    114: 10
    115: 9
    116: 12
    117: 12
    118: 22
    119: 15
    120: 12
    121: 16
    122: 13
    123: 19
    124: 13
    125: 9
    126: 12
    127: 4
    128: 12
    129: 20
    130: 19
    131: 20
    132: 18
    133: 20
    134: 16
    135: 21
    136: 15
    137: 16
    138: 15
    139: 17
    140: 15
    141: 17
    142: 16
    143: 17
    144: 16
    145: 17
    146: 23
    147: 15
    148: 20
    149: 49
    150: 16
    151: 12
    152: 14
    153: 25
    154: 22
    155: 25
    156:   )
    157: }
    158: transform { function = none }
    159: regression { aictest = (td easter) }
    160: automdl {}
    161: x11 { mode = add save = (d10 d11) }
        bps_permits 48060            PAGE   2, SERIES bps_permits_addi

 A 1  Time series data (for the span analyzed)
  From  2014.Jan to 2026.Jun
  Observations        150
 -----------------------------------------------------------------------------
               Jan      Feb      Mar      Apr      May      Jun 
               Jul      Aug      Sep      Oct      Nov      Dec        TOTAL  
 -----------------------------------------------------------------------------
  2014          17.      17.      34.      39.      39.      47.
                53.      39.      50.      33.      41.      35.          444.
 
  2015          33.      23.      50.      86.     146.     180.
                46.      39.      44.      46.      46.       9.          748.
 
  2016           2.       0.      10.      12.      14.      16.
                12.      13.      12.      14.      11.       4.          120.
 
  2017           9.       8.      15.       9.      11.      11.
                 9.       9.       9.      10.      10.       6.          116.
 
  2018           6.       2.      10.      12.      14.      13.
                13.      12.      19.      15.      10.       6.          132.
 
  2019           4.       3.      10.      10.      13.      11.
                13.      13.       9.      13.      12.       7.          118.
 
  2020           9.       5.      11.       7.      15.      13.
                12.      12.      14.      13.      13.      14.          138.
 
  2021          12.      13.      16.      21.      24.      14.
                12.      13.      10.      12.      10.      15.          172.
 
  2022          12.      12.      14.      11.      14.      21.
                13.      14.      12.      10.      10.       3.          146.
 
  2023          10.       9.      12.      12.      22.      15.
                12.      16.      13.      19.      13.       9.          162.
 
  2024          12.       4.      12.      20.      19.      20.
                18.      20.      16.      21.      15.      16.          193.
 
  2025          15.      17.      15.      17.      16.      17.
                16.      17.      23.      15.      20.      49.          237.
 
  2026          16.      12.      14.      25.      22.      25.
                                                                          114.
 
  AVGE          12.      10.      17.      22.      28.      31.
                19.      18.      19.      18.      18.      14.

  Table Total-        2840.   Mean-        19.   Std. Dev.-        21.
                              Min -         0.        Max -       180.
        bps_permits 48060            PAGE   3, SERIES bps_permits_addi
                        Automatic ARIMA Model Selection

                    Procedure based closely on TRAMO method 
                         of Gomez and Maravall (2000)
              "Automatic Modeling Methods for Univariate Series",
                            A Course in Time Series
                  (Edited by D. Pena, G. C. Tiao, R. S. Tsay),
                         New York : J. Wiley and Sons


     Maximum order for regular ARMA parameters :   2
     Maximum order for seasonal ARMA parameters :   1
     Maximum order for regular differencing :   2
     Maximum order for seasonal differencing :   1

   Results of Unit Root Test for identifying orders of differencing:
     Regular difference order :   0
     Seasonal difference order :   0

  Automatic model choice : (1 0 0)


  Final Checks for Identified Model


  Checking for Unit Roots.
   No unit roots found.
   Nonseasonal MA not within  0.001 of 1.0 - model passes test.

  Checking for insignificant ARMA coefficients.

  Final automatic model choice : (1 0 0)
   End of automatic model selection procedure.

 Average absolute percentage error in within-sample forecasts:
  Last year:  24.87      Last-1 year:  16.69     Last-2 year:  58.92
  Last three years:   33.50

 Estimation converged in    5 ARMA iterations,   21 function evaluations.

 Regression Model
 ------------------------------------------------------------------------------
                             Parameter        Standard
 Variable                     Estimate           Error      t-value
 ------------------------------------------------------------------------------
 Constant                      19.0137         4.38964         4.33
 ------------------------------------------------------------------------------


 ARIMA Model:  (1 0 0)
                                              Standard
 Parameter                    Estimate          Errors
 -----------------------------------------------------
 Nonseasonal AR                                    
   Lag  1                       0.7522         0.05322

 Variance                       0.18459E+03
 SE of Var                      0.21315E+02
 -----------------------------------------------------

 Likelihood Statistics
 ------------------------------------------------------------------
 Number of observations (nobs)                                  150
 Effective number of observations (nefobs)                      150
 Number of parameters estimated (np)                              3
 Log likelihood (L)                                       -604.6199
 AIC                                                      1215.2399 
 AICC (F-corrected-AIC)                                   1215.4042 
 Hannan Quinn                                             1218.9092 
 BIC                                                      1224.2718 
 ------------------------------------------------------------------

 QS Statistic for regARIMA Model Residuals (full series):             1.40
                                                       (P-Value =     0.4974)

 QS Statistic for regARIMA Model Residuals (starting 2018.Jul):       0.88
                                                       (P-Value =     0.6456)
      10*LOG(SPECTRUM) of the regARIMA model residuals
      Spectrum estimated from 2018.Jul to 2026.Jun.
 ++++++++++I+++++++++++++++++++++++++++++++++++++++++++++++++++++++++++++I
      18.93I                                   *                         I     18.93
           I                                   *                         I
           I                                   *      T         T        I
           I                                   *      T*        T        I
      17.76I                                   **     T*        T      * I     17.76
           I                                  ***     T*       *T     ** I
           I                   *              ***     T*       *T     **SI
           I                   *              ***     T*   *   *T*    **SI
      16.58I                   *              ***     T*  **   *T*    **SI     16.58
           I                   *           *  ***     T*  **   *T*    **SI
           I                   *           * *****    T*  **   *T*    **SI
           I                   *    *     S*******    T*  **  S*T*    **SI
      15.41I                   *    *     S*******    T*  **  S*T*    **SI     15.41
           I                   *    *     S*******    T*  *** S*T*    **SI
           I                   *    *     S*******   *T****** S*T*   ***SI
           I                   *S   **    S********  *T*******S*T*   ***SI
      14.24I          S    *   *S   **   *S********  *T*******S*T**  ***SI     14.24
           I          S    *   *S   **   *S********  *T*******S*T**  ***SI
           I          S    *   *S   **  **S********  *T*******S*T**  ***SI
           I          S    *   *S  *******S*********S*T*******S*T**  ***SI
      13.06I          S    *   *S  *******S*********S*T*******S*T** ****SI     13.06
           I *        S    *   *S  *******S*********S*T*******S*T*******SI
           I *        S    *   *S  *******S*********S*T*******S*T*******SI
           I *       *S    *   *S  *******S*********S*T*******S*T*******SI
      11.89I **      *S    *  **S  *******S*********S*T*******S*T*******SI     11.89
           I **      *S    *  **S  *******S*********S*T*******S*T*******SI
           I **      *S    ** **S  *******S*********S*T*******S*T*******SI
           I***      *S    ** **S*********S*********S*T*******S*T*******SI
      10.72I***      *S   *** **S*********S*********S*T*******S*T*******SI     10.72
           I***      *S*  *** **S*********S*********S*T*******S*T*******SI
           I***      *S*  *** **S*********S*********S*T*******S*T*******SI
           I***     **S*  ******S*********S*********S*T*******S*T*******SI
       9.54I***     **S*  ******S*********S*********S*T*******S*T*******SI      9.54
           I***     **S*  ******S*********S*********S*T*******S*T*******SI
           I***     **S*  ******S*********S*********S*T*******S*T*******SI
           I***     **S*  ******S*********S*********S*T*******S*T*******SI
       8.37I***     **S*  ******S*********S*********S*T*******S*T*******SI      8.37
           I***     **S*  ******S*********S*********S*T*******S*T*******SI
           I***     **S*********S*********S*********S*T*******S*T*******SI
           I***    ***S*********S*********S*********S*T*******S*T*******SI
       7.20I***    ***S*********S*********S*********S*T*******S*T*******SI      7.20
           I***    ***S*********S*********S*********S*T*******S*T*******SI
           I****   ***S*********S*********S*********S*T*******S*T*******SI
           I****   ***S*********S*********S*********S*T*******S*T*******SI
       6.02I****   ***S*********S*********S*********S*T*******S*T*******SI      6.02
           I****   ***S*********S*********S*********S*T*******S*T*******SI
           I****   ***S*********S*********S*********S*T*******S*T*******SI
           I****  ****S*********S*********S*********S*T*******S*T*******SI
       4.85I****  ****S*********S*********S*********S*T*******S*T*******SI      4.85
           I****  ****S*********S*********S*********S*T*******S*T*******SI
           I****  ****S*********S*********S*********S*T*******S*T*******SI
           I****  ****S*********S*********S*********S*T*******S*T*******SI
       3.68I**********S*********S*********S*********S*T*******S*T*******SI      3.68
 ++++++++++I+++++++++++++++++++++++++++++++++++++++++++++++++++++++++++++I
            S=SEASONAL FREQUENCIES, T=TRADING DAY FREQUENCIES


 FORECASTING
  Origin  2026.Jun
  Number        12

  Forecasts and Standard Errors
   ------------------------------
                         Standard
       Date   Forecast      Error
   ------------------------------
   2026.Jul      23.52     13.630
   2026.Aug      22.40     17.108
   2026.Sep      21.56     18.829
   2026.Oct      20.93     19.761
   2026.Nov      20.46     20.289
   2026.Dec      20.10     20.595
   2027.Jan      19.83     20.777
   2027.Feb      19.63     20.887
   2027.Mar      19.48     20.955
   2027.Apr      19.36     20.997
   2027.May      19.28     21.024
   2027.Jun      19.21     21.042
   ------------------------------

  Confidence intervals with coverage probability ( 0.95000
   ---------------------------------------
       Date      Lower  Forecast     Upper
   ---------------------------------------
   2026.Jul      -3.20     23.52     50.23
   2026.Aug     -11.13     22.40     55.93
   2026.Sep     -15.34     21.56     58.47
   2026.Oct     -17.80     20.93     59.66
   2026.Nov     -19.31     20.46     60.22
   2026.Dec     -20.27     20.10     60.46
   2027.Jan     -20.89     19.83     60.55
   2027.Feb     -21.31     19.63     60.57
   2027.Mar     -21.59     19.48     60.55
   2027.Apr     -21.79     19.36     60.51
   2027.May     -21.93     19.28     60.48
   2027.Jun     -22.03     19.21     60.45
   ---------------------------------------
        bps_permits 48060            PAGE   4, SERIES bps_permits_addi

 B 1  Original series (prior adjusted)
  From  2014.Jan to 2026.Jun
  Observations        150
 -----------------------------------------------------------------------------
               Jan      Feb      Mar      Apr      May      Jun 
               Jul      Aug      Sep      Oct      Nov      Dec        TOTAL  
 -----------------------------------------------------------------------------
  2014          17.      17.      34.      39.      39.      47.
                53.      39.      50.      33.      41.      35.          444.
 
  2015          33.      23.      50.      86.     146.     180.
                46.      39.      44.      46.      46.       9.          748.
 
  2016           2.       0.      10.      12.      14.      16.
                12.      13.      12.      14.      11.       4.          120.
 
  2017           9.       8.      15.       9.      11.      11.
                 9.       9.       9.      10.      10.       6.          116.
 
  2018           6.       2.      10.      12.      14.      13.
                13.      12.      19.      15.      10.       6.          132.
 
  2019           4.       3.      10.      10.      13.      11.
                13.      13.       9.      13.      12.       7.          118.
 
  2020           9.       5.      11.       7.      15.      13.
                12.      12.      14.      13.      13.      14.          138.
 
  2021          12.      13.      16.      21.      24.      14.
                12.      13.      10.      12.      10.      15.          172.
 
  2022          12.      12.      14.      11.      14.      21.
                13.      14.      12.      10.      10.       3.          146.
 
  2023          10.       9.      12.      12.      22.      15.
                12.      16.      13.      19.      13.       9.          162.
 
  2024          12.       4.      12.      20.      19.      20.
                18.      20.      16.      21.      15.      16.          193.
 
  2025          15.      17.      15.      17.      16.      17.
                16.      17.      23.      15.      20.      49.          237.
 
  2026          16.      12.      14.      25.      22.      25.
                                                                          114.
 
  AVGE          12.      10.      17.      22.      28.      31.
                19.      18.      19.      18.      18.      14.

  Table Total-        2840.   Mean-        19.   Std. Dev.-        21.
                              Min -         0.        Max -       180.

 B 1.A  Forecasts of (prior adjusted) original series
  From  2026.Jul to 2027.Jun
  Observations         12
 -----------------------------------------------------------------------------
               Jan      Feb      Mar      Apr      May      Jun 
               Jul      Aug      Sep      Oct      Nov      Dec        TOTAL  
 -----------------------------------------------------------------------------
  2026                                                          
                24.      22.      22.      21.      20.      20.          129.
 
  2027          20.      20.      19.      19.      19.      19.
                                                                          117.
 
        bps_permits 48060            PAGE   5, SERIES bps_permits_addi

 C 17  Final weights for irregular component
  From  2014.Jan to 2026.Jun
  Observations        150
  Lower sigma limit    1.50
  Upper sigma limit    2.50
 -----------------------------------------------------------------------------
               Jan      Feb      Mar      Apr      May      Jun 
               Jul      Aug      Sep      Oct      Nov      Dec         S.D.  
 -----------------------------------------------------------------------------
  2014         100.     100.     100.     100.     100.     100.
               100.     100.     100.     100.     100.     100.          760.
 
  2015         100.       0.       0.     100.       0.       0.
                 0.       0.     100.     100.      75.     100.          760.
 
  2016         100.     100.     100.     100.     100.     100.
               100.     100.     100.     100.     100.     100.          760.
 
  2017         100.     100.     100.     100.     100.     100.
               100.     100.     100.     100.     100.     100.          730.
 
  2018          93.     100.     100.     100.      81.      87.
               100.     100.       0.      92.     100.     100.          196.
 
  2019         100.     100.     100.     100.     100.     100.
               100.     100.     100.     100.     100.     100.          206.
 
  2020         100.     100.     100.     100.     100.     100.
               100.     100.     100.     100.     100.     100.          194.
 
  2021         100.     100.     100.       0.      78.     100.
               100.     100.     100.     100.     100.      18.          187.
 
  2022         100.     100.     100.     100.      75.       0.
               100.     100.     100.     100.     100.       3.          203.
 
  2023         100.     100.     100.     100.      55.     100.
               100.     100.     100.     100.     100.     100.          237.
 
  2024         100.      17.     100.     100.     100.     100.
               100.     100.     100.     100.     100.     100.          263.
 
  2025         100.     100.     100.     100.     100.     100.
               100.     100.     100.       0.     100.       0.          252.
 
  2026          27.       0.       3.     100.     100.     100.
                                                                          252.
 
        bps_permits 48060            PAGE   6, SERIES bps_permits_addi

 D 8  Final unmodified SI ratios
  From  2014.Jan to 2026.Jun
  Observations        150
 -----------------------------------------------------------------------------
               Jan      Feb      Mar      Apr      May      Jun 
               Jul      Aug      Sep      Oct      Nov      Dec         AVGE  
 -----------------------------------------------------------------------------
  2014         -16.     -15.       4.       9.       9.      15.
                19.       2.      10.     -10.      -6.     -17.            0.
 
  2015         -25.     -42.     -22.       9.      68.     104.
               -25.     -25.     -11.      -0.       9.     -19.            2.
 
  2016         -18.     -13.       2.       7.      10.      11.
                 5.       4.       1.       1.      -4.     -12.           -0.
 
  2017          -7.      -6.       3.       0.       4.       6.
                 4.       2.       1.       1.       0.      -4.            0.
 
  2018          -4.      -8.      -0.       2.       4.       2.
                 2.       1.       8.       5.       0.      -3.            1.
 
  2019          -5.      -6.       1.       1.       3.       1.
                 3.       2.      -2.       2.       1.      -4.           -0.
 
  2020          -1.      -5.       1.      -3.       5.       3.
                 1.      -0.       1.      -1.      -1.      -1.           -0.
 
  2021          -3.      -3.       0.       5.       9.      -0.
                -1.       1.      -1.       0.      -2.       2.            1.
 
  2022          -1.      -1.       1.      -1.       2.       9.
                 1.       2.       0.      -1.      -1.      -8.            0.
 
  2023          -1.      -3.      -0.      -1.       9.       1.
                -2.       2.      -1.       5.      -1.      -4.            0.
 
  2024          -1.     -10.      -3.       4.       2.       2.
                 0.       2.      -1.       4.      -2.      -2.           -0.
 
  2025          -3.      -0.      -2.       1.       0.       1.
                -1.      -1.       4.      -6.      -1.      27.            2.
 
  2026          -6.     -10.      -8.       2.      -1.       2.
                                                                           -3.
 
  AVGE          -7.      -9.      -2.       3.      10.      12.
                 0.      -1.       1.      -0.      -1.      -4.

  Table Total-          37.   Mean-         0.   Std. Dev.-        13.
                              Min -       -42.        Max -       104.
        bps_permits 48060            PAGE   7, SERIES bps_permits_addi

 D 8.B  Final unmodified SI ratios, with labels for outliers and extreme values
  From  2014.Jan to 2026.Jun
  Observations        150
 ---------------------------------------------------------------------
               Jan       Feb       Mar       Apr       May       Jun  
               Jul       Aug       Sep       Oct       Nov       Dec  
 ---------------------------------------------------------------------
  2014        -16.      -15.        4.        9.        9.       15.  
               19.        2.       10.      -10.       -6.      -17.  
 
  2015        -25.      -42.*     -22.*       9.       68.*     104.* 
              -25.*     -25.*     -11.*      -0.        9.*     -19.  
 
  2016        -18.      -13.        2.        7.       10.       11.  
                5.        4.        1.        1.       -4.      -12.  
 
  2017         -7.       -6.        3.        0.        4.        6.  
                4.        2.        1.        1.        0.       -4.  
 
  2018         -4.*      -8.       -0.        2.        4.*       2.* 
                2.        1.        8.*       5.*       0.       -3.  
 
  2019         -5.       -6.        1.        1.        3.        1.  
                3.        2.       -2.        2.        1.       -4.  
 
  2020         -1.       -5.        1.       -3.        5.        3.  
                1.       -0.        1.       -1.       -1.       -1.  
 
  2021         -3.       -3.        0.        5.*       9.*      -0.  
               -1.        1.       -1.        0.       -2.        2.* 
 
  2022         -1.       -1.        1.       -1.        2.*       9.* 
                1.        2.        0.       -1.       -1.       -8.* 
 
  2023         -1.       -3.       -0.       -1.        9.*       1.  
               -2.        2.       -1.        5.       -1.       -4.  
 
  2024         -1.      -10.*      -3.        4.        2.        2.  
                0.        2.       -1.        4.       -2.       -2.  
 
  2025         -3.       -0.       -2.        1.        0.        1.  
               -1.       -1.        4.       -6.*      -1.       27.* 
 
  2026         -6.*     -10.*      -8.*       2.       -1.        2.  
                                                                      
 

  Key to symbols:
    *  : extreme value as determined by X-11 extreme value procedure
 
        bps_permits 48060            PAGE   8, SERIES bps_permits_addi

 D 9  Final replacement values for SI ratios
  From  2014.Jan to 2026.Jun
  Observations        150
 ---------------------------------------------------------------
               Jan      Feb      Mar      Apr      May      Jun 
               Jul      Aug      Sep      Oct      Nov      Dec 
 ---------------------------------------------------------------
  2014     ******** ******** ******** ******** ******** ********
           ******** ******** ******** ******** ******** ********
 
  2015     ********     -13.       4. ********      16.      18.
                14.       5.     -11. ********       6. ********
 
  2016     ******** ******** ******** ******** ******** ********
           ******** ******** ******** ******** ******** ********
 
  2017     ******** ******** ******** ******** ******** ********
           ******** ******** ******** ******** ******** ********
 
  2018          -5. ******** ******** ********       4.       3.
           ******** ********      -0.       4. ******** ********
 
  2019     ******** ******** ******** ******** ******** ********
           ******** ******** ******** ******** ******** ********
 
  2020     ******** ******** ******** ******** ******** ********
           ******** ******** ******** ******** ******** ********
 
  2021     ******** ******** ********       0.       8. ********
           ******** ******** ******** ******** ********      -2.
 
  2022     ******** ******** ******** ********       3.       2.
           ******** ******** ******** ******** ********      -3.
 
  2023     ******** ******** ******** ********       7. ********
           ******** ******** ******** ******** ******** ********
 
  2024     ********      -5. ******** ******** ******** ********
           ******** ******** ******** ******** ******** ********
 
  2025     ******** ******** ******** ******** ******** ********
           ******** ******** ********       3. ********      -1.
 
  2026          -2.      -2.      -2. ******** ******** ********
                                                                
 

 D 9.A  Moving seasonality ratio
 ---------------------------------------------------------------
               Jan      Feb      Mar      Apr      May      Jun 
 ---------------------------------------------------------------
   I          3.086    2.144    1.391    2.162    3.316    2.188
   S          1.480    0.959    0.488    0.925    0.838    1.153
 RATIO        2.085    2.235    2.848    2.338    3.955    1.898



 ---------------------------------------------------------------
               Jul      Aug      Sep      Oct      Nov      Dec 
 ---------------------------------------------------------------
   I          2.146    1.465    4.704    2.537    3.298    2.693
   S          1.222    0.258    0.569    0.658    0.370    1.258
 RATIO        1.756    5.679    8.274    3.857    8.905    2.140



        bps_permits 48060            PAGE   9, SERIES bps_permits_addi

 D 10  Final seasonal factors
  From  2014.Jan to 2026.Jun
  Observations        150
  Seasonal filter    3 x 3 moving average
 -----------------------------------------------------------------------------
               Jan      Feb      Mar      Apr      May      Jun 
               Jul      Aug      Sep      Oct      Nov      Dec         AVGE  
 -----------------------------------------------------------------------------
  2014         -20.     -14.       3.       9.      12.      15.
                14.       3.      -1.      -5.      -1.     -17.           -0.
 
  2015         -19.     -13.       4.       8.      11.      14.
                12.       3.      -2.      -3.      -1.     -15.            0.
 
  2016         -15.     -11.       3.       6.      10.      11.
                 8.       3.      -2.      -1.      -1.     -11.            0.
 
  2017         -10.      -8.       3.       4.       7.       7.
                 4.       2.      -1.       1.      -0.      -7.            0.
 
  2018          -6.      -7.       2.       2.       5.       4.
                 3.       2.      -0.       2.      -0.      -4.            0.
 
  2019          -4.      -6.       1.       0.       5.       2.
                 2.       1.      -1.       2.      -0.      -3.           -0.
 
  2020          -3.      -5.       1.      -0.       5.       2.
                 1.       1.      -0.       1.      -1.      -2.           -0.
 
  2021          -2.      -3.       1.      -1.       6.       1.
                 0.       1.      -1.       0.      -1.      -2.           -0.
 
  2022          -2.      -3.       0.      -0.       5.       2.
                -0.       2.      -1.       1.      -1.      -3.            0.
 
  2023          -2.      -2.      -1.       1.       4.       2.
                -1.       2.      -0.       2.      -1.      -3.            0.
 
  2024          -2.      -3.      -1.       2.       2.       2.
                -0.       1.       0.       3.      -1.      -2.            0.
 
  2025          -2.      -2.      -2.       2.       1.       2.
                -0.       1.       1.       3.      -1.      -1.            0.
 
  2026          -2.      -2.      -2.       2.       0.       2.
                                                                           -0.
 
  AVGE          -7.      -6.       1.       2.       6.       5.
                 4.       2.      -1.       1.      -1.      -6.

  Table Total-          -1.   Mean-        -0.   Std. Dev.-         6.
                              Min -       -20.        Max -        15.

 D 10.A  Final seasonal component forecasts
  From  2026.Jul to 2027.Jun
  Observations         12
 -----------------------------------------------------------------------------
               Jan      Feb      Mar      Apr      May      Jun 
               Jul      Aug      Sep      Oct      Nov      Dec         AVGE  
 -----------------------------------------------------------------------------
  2026                                                          
                 0.       0.       1.       2.      -1.      -1.            0.
 
  2027          -2.      -1.      -2.       1.      -0.       2.
                                                                           -0.
 
        bps_permits 48060            PAGE  10, SERIES bps_permits_addi

 D 11  Final seasonally adjusted data
  From  2014.Jan to 2026.Jun
  Observations        150
 -----------------------------------------------------------------------------
               Jan      Feb      Mar      Apr      May      Jun 
               Jul      Aug      Sep      Oct      Nov      Dec        TOTAL  
 -----------------------------------------------------------------------------
  2014          37.      31.      31.      30.      27.      32.
                39.      36.      51.      38.      42.      52.          445.
 
  2015          52.      36.      46.      78.     135.     166.
                34.      36.      46.      49.      47.      24.          748.
 
  2016          17.      11.       7.       6.       4.       5.
                 4.      10.      14.      15.      12.      15.          120.
 
  2017          19.      16.      12.       5.       4.       4.
                 5.       7.      10.       9.      10.      13.          115.
 
  2018          12.       9.       8.      10.       9.       9.
                10.      10.      19.      13.      10.      10.          132.
 
  2019           8.       9.       9.      10.       8.       9.
                11.      12.      10.      11.      12.      10.          118.
 
  2020          12.      10.      10.       7.      10.      11.
                11.      11.      14.      12.      14.      16.          139.
 
  2021          14.      16.      15.      22.      18.      13.
                12.      12.      11.      12.      11.      17.          173.
 
  2022          14.      15.      14.      11.       9.      19.
                13.      12.      13.       9.      11.       6.          146.
 
  2023          12.      11.      13.      11.      18.      13.
                13.      14.      13.      17.      14.      12.          161.
 
  2024          14.       7.      13.      18.      17.      18.
                18.      19.      16.      18.      16.      18.          192.
 
  2025          17.      19.      17.      15.      15.      15.
                16.      16.      22.      12.      21.      50.          237.
 
  2026          18.      14.      16.      23.      22.      23.
                                                                          116.
 
  AVGE          19.      16.      16.      19.      23.      26.
                16.      16.      20.      18.      19.      20.

  Table Total-        2841.   Mean-        19.   Std. Dev.-        19.
                              Min -         4.        Max -       166.
        bps_permits 48060            PAGE  11, SERIES bps_permits_addi

 D 12  Final trend cycle
  From  2014.Jan to 2026.Jun
  Observations        150
  Trend filter    13-term Henderson moving average
  I/C ratio        1.44
 -----------------------------------------------------------------------------
               Jan      Feb      Mar      Apr      May      Jun 
               Jul      Aug      Sep      Oct      Nov      Dec        TOTAL  
 -----------------------------------------------------------------------------
  2014          33.      32.      31.      30.      31.      33.
                36.      38.      41.      43.      46.      50.          443.
 
  2015          56.      64.      72.      77.      79.      78.
                73.      65.      56.      46.      36.      27.          728.
 
  2016          19.      12.       7.       5.       4.       5.
                 7.       9.      11.      14.      15.      16.          125.
 
  2017          16.      14.      11.       8.       6.       5.
                 5.       6.       8.      10.      11.      11.          111.
 
  2018          11.      10.      10.       9.       9.      10.
                10.      11.      11.      11.      11.      10.          124.
 
  2019           9.       9.       9.       9.       9.      10.
                10.      11.      11.      11.      11.      11.          120.
 
  2020          11.      10.      10.       9.      10.      10.
                11.      12.      13.      14.      14.      15.          138.
 
  2021          16.      16.      16.      16.      15.      14.
                13.      12.      11.      11.      12.      13.          165.
 
  2022          13.      13.      13.      12.      12.      12.
                12.      12.      12.      11.      11.      11.          145.
 
  2023          11.      12.      12.      13.      13.      14.
                14.      14.      14.      14.      14.      13.          159.
 
  2024          13.      13.      14.      16.      17.      18.
                18.      18.      18.      17.      17.      18.          198.
 
  2025          17.      17.      16.      16.      15.      16.
                17.      18.      20.      21.      22.      22.          216.
 
  2026          22.      22.      22.      23.      23.      23.
                                                                          134.
 
  AVGE          19.      19.      19.      19.      19.      19.
                19.      19.      19.      19.      18.      18.

  Table Total-        2806.   Mean-        19.   Std. Dev.-        15.
                              Min -         4.        Max -        79.
        bps_permits 48060            PAGE  12, SERIES bps_permits_addi

 D 13  Final irregular component
  From  2014.Jan to 2026.Jun
  Observations        150
 -----------------------------------------------------------------------------
               Jan      Feb      Mar      Apr      May      Jun 
               Jul      Aug      Sep      Oct      Nov      Dec         S.D.  
 -----------------------------------------------------------------------------
  2014           4.      -1.      -0.      -0.      -4.      -1.
                 3.      -3.      10.      -5.      -4.       2.            4.
 
  2015          -5.     -28.     -25.       1.      55.      88.
               -38.     -29.     -10.       3.      11.      -3.           35.
 
  2016          -2.      -2.      -1.       1.       0.      -0.
                -3.       1.       2.       1.      -3.      -1.            2.
 
  2017           3.       2.       1.      -3.      -2.      -1.
                -0.       0.       2.      -1.      -1.       2.            2.
 
  2018           1.      -1.      -2.       1.      -1.      -1.
                -0.      -1.       8.       2.      -0.       0.            3.
 
  2019          -1.      -0.       0.       1.      -1.      -1.
                 1.       1.      -1.       0.       1.      -1.            1.
 
  2020           1.      -0.       1.      -2.       0.       1.
                -0.      -1.       2.      -1.      -0.       1.            1.
 
  2021          -1.       0.      -1.       6.       3.      -1.
                -1.       0.      -1.       0.      -1.       4.            2.
 
  2022           0.       1.       1.      -1.      -3.       7.
                 1.       1.       1.      -2.       1.      -5.            3.
 
  2023           0.      -0.       0.      -1.       5.      -0.
                -1.       0.      -1.       2.       1.      -2.            2.
 
  2024           0.      -7.      -1.       3.      -1.       0.
                 0.       1.      -2.       1.      -1.       1.            2.
 
  2025          -1.       2.       0.      -1.      -1.      -0.
                -0.      -2.       3.      -8.      -0.      28.            9.
 
  2026          -4.      -8.      -7.       1.      -1.       1.
                                                                            5.
 
  S.D.           3.       8.       7.       2.      15.      25.
                11.       8.       5.       3.       3.       9.

  Table Total-          35.   Mean-         0.   Std. Dev.-        10.
                              Min -       -38.        Max -        88.
        bps_permits 48060            PAGE  13, SERIES bps_permits_addi

 D 16  Combined adjustment factors
  From  2014.Jan to 2026.Jun
  Observations        150
 -----------------------------------------------------------------------------
               Jan      Feb      Mar      Apr      May      Jun 
               Jul      Aug      Sep      Oct      Nov      Dec         AVGE  
 -----------------------------------------------------------------------------
  2014         -20.     -14.       3.       9.      12.      15.
                14.       3.      -1.      -5.      -1.     -17.           -0.
 
  2015         -19.     -13.       4.       8.      11.      14.
                12.       3.      -2.      -3.      -1.     -15.            0.
 
  2016         -15.     -11.       3.       6.      10.      11.
                 8.       3.      -2.      -1.      -1.     -11.            0.
 
  2017         -10.      -8.       3.       4.       7.       7.
                 4.       2.      -1.       1.      -0.      -7.            0.
 
  2018          -6.      -7.       2.       2.       5.       4.
                 3.       2.      -0.       2.      -0.      -4.            0.
 
  2019          -4.      -6.       1.       0.       5.       2.
                 2.       1.      -1.       2.      -0.      -3.           -0.
 
  2020          -3.      -5.       1.      -0.       5.       2.
                 1.       1.      -0.       1.      -1.      -2.           -0.
 
  2021          -2.      -3.       1.      -1.       6.       1.
                 0.       1.      -1.       0.      -1.      -2.           -0.
 
  2022          -2.      -3.       0.      -0.       5.       2.
                -0.       2.      -1.       1.      -1.      -3.            0.
 
  2023          -2.      -2.      -1.       1.       4.       2.
                -1.       2.      -0.       2.      -1.      -3.            0.
 
  2024          -2.      -3.      -1.       2.       2.       2.
                -0.       1.       0.       3.      -1.      -2.            0.
 
  2025          -2.      -2.      -2.       2.       1.       2.
                -0.       1.       1.       3.      -1.      -1.            0.
 
  2026          -2.      -2.      -2.       2.       0.       2.
                                                                           -0.
 
  AVGE          -7.      -6.       1.       2.       6.       5.
                 4.       2.      -1.       1.      -1.      -6.

  Table Total-          -1.   Mean-        -0.   Std. Dev.-         6.
                              Min -       -20.        Max -        15.

 D 16.A  Combined adjustment component forecasts
  From  2026.Jul to 2027.Jun
  Observations         12
 -----------------------------------------------------------------------------
               Jan      Feb      Mar      Apr      May      Jun 
               Jul      Aug      Sep      Oct      Nov      Dec         AVGE  
 -----------------------------------------------------------------------------
  2026                                                          
                 0.       0.       1.       2.      -1.      -1.            0.
 
  2027          -2.      -1.      -2.       1.      -0.       2.
                                                                           -0.
 
        bps_permits 48060            PAGE  14, SERIES bps_permits_addi

 E 4  Differences of annual totals
  From          2014 to 2025
  Observations         12
 -----------------------------------
  Year       Unmodified     Modified
                  (D11)         (E2)
 -----------------------------------
  2014              -1.          -1.
 
  2015               0.           0.
 
  2016               0.           0.
 
  2017               1.           1.
 
  2018               0.           0.
 
  2019              -0.          -0.
 
  2020              -1.          -1.
 
  2021              -1.          -1.
 
  2022               0.           0.
 
  2023               1.           1.
 
  2024               1.           1.
 
  2025               0.           0.
 
        bps_permits 48060            PAGE  15, SERIES bps_permits_addi

 E 5  Month-to-month differences in the original series
  From  2014.Feb to 2026.Jun
  Observations        149
 -----------------------------------------------------------------------------
               Jan      Feb      Mar      Apr      May      Jun 
               Jul      Aug      Sep      Oct      Nov      Dec         AVGE  
 -----------------------------------------------------------------------------
  2014                    0.      17.       5.       0.       8.
                 6.     -14.      11.     -17.       8.      -6.            2.
 
  2015          -2.     -10.      27.      36.      60.      34.
              -134.      -7.       5.       2.       0.     -37.           -2.
 
  2016          -7.      -2.      10.       2.       2.       2.
                -4.       1.      -1.       2.      -3.      -7.           -0.
 
  2017           5.      -1.       7.      -6.       2.       0.
                -2.       0.       0.       1.       0.      -4.            0.
 
  2018           0.      -4.       8.       2.       2.      -1.
                 0.      -1.       7.      -4.      -5.      -4.            0.
 
  2019          -2.      -1.       7.       0.       3.      -2.
                 2.       0.      -4.       4.      -1.      -5.            0.
 
  2020           2.      -4.       6.      -4.       8.      -2.
                -1.       0.       2.      -1.       0.       1.            1.
 
  2021          -2.       1.       3.       5.       3.     -10.
                -2.       1.      -3.       2.      -2.       5.            0.
 
  2022          -3.       0.       2.      -3.       3.       7.
                -8.       1.      -2.      -2.       0.      -7.           -1.
 
  2023           7.      -1.       3.       0.      10.      -7.
                -3.       4.      -3.       6.      -6.      -4.            1.
 
  2024           3.      -8.       8.       8.      -1.       1.
                -2.       2.      -4.       5.      -6.       1.            1.
 
  2025          -1.       2.      -2.       2.      -1.       1.
                -1.       1.       6.      -8.       5.      29.            3.
 
  2026         -33.      -4.       2.      11.      -3.       3.
                                                                           -4.
 
  AVGE          -3.      -2.       8.       4.       7.       3.
               -12.      -1.       1.      -1.      -1.      -3.

  Table Total-           8.   Mean-         0.   Std. Dev.-        15.
                              Min -      -134.        Max -        60.
        bps_permits 48060            PAGE  16, SERIES bps_permits_addi

 E 6  Month-to-month differences in seasonally adjusted series (D11)
  From  2014.Feb to 2026.Jun
  Observations        149
 -----------------------------------------------------------------------------
               Jan      Feb      Mar      Apr      May      Jun 
               Jul      Aug      Sep      Oct      Nov      Dec         AVGE  
 -----------------------------------------------------------------------------
  2014                   -6.      -0.      -0.      -3.       4.
                 7.      -3.      15.     -13.       5.      10.            1.
 
  2015          -0.     -16.      11.      32.      57.      31.
              -132.       2.      10.       3.      -2.     -23.           -2.
 
  2016          -7.      -6.      -4.      -1.      -1.       0.
                -1.       6.       3.       1.      -3.       3.           -1.
 
  2017           4.      -3.      -4.      -7.      -1.      -0.
                 1.       2.       4.      -2.       2.       3.           -0.
 
  2018          -1.      -3.      -1.       2.      -1.       0.
                 1.       0.       9.      -6.      -3.      -0.           -0.
 
  2019          -2.       1.       0.       1.      -1.       1.
                 2.       1.      -2.       2.       1.      -2.           -0.
 
  2020           2.      -2.       1.      -3.       2.       1.
                -0.       0.       3.      -2.       1.       2.            1.
 
  2021          -2.       2.      -1.       6.      -3.      -6.
                -1.      -0.      -1.       1.      -0.       6.            0.
 
  2022          -4.       1.      -1.      -2.      -2.      10.
                -6.      -1.       0.      -4.       2.      -6.           -1.
 
  2023           6.      -0.       1.      -1.       6.      -4.
                -1.       2.      -1.       3.      -2.      -3.            1.
 
  2024           2.      -7.       7.       5.      -2.       2.
                 0.       0.      -3.       2.      -2.       2.            1.
 
  2025          -1.       2.      -2.      -1.      -1.       1.
                 1.       0.       6.     -10.       9.      29.            3.
 
  2026         -33.      -4.       2.       8.      -2.       2.
                                                                           -5.
 
  AVGE          -3.      -3.       1.       3.       4.       3.
               -11.       1.       4.      -2.       1.       2.

  Table Total-         -14.   Mean-        -0.   Std. Dev.-        14.
                              Min -      -132.        Max -        57.
        bps_permits 48060            PAGE  17, SERIES bps_permits_addi

 E 7  Month-to-month differences in final trend cycle (D12)
  From  2014.Feb to 2026.Jun
  Observations        149
 -----------------------------------------------------------------------------
               Jan      Feb      Mar      Apr      May      Jun 
               Jul      Aug      Sep      Oct      Nov      Dec         AVGE  
 -----------------------------------------------------------------------------
  2014                   -1.      -1.      -0.       1.       2.
                 3.       3.       2.       2.       3.       4.            2.
 
  2015           6.       8.       8.       6.       2.      -2.
                -5.      -8.      -9.     -10.     -10.      -9.           -2.
 
  2016          -8.      -7.      -5.      -3.      -0.       1.
                 2.       2.       2.       2.       2.       1.           -1.
 
  2017          -1.      -2.      -3.      -3.      -2.      -1.
                 0.       1.       2.       2.       1.       0.           -0.
 
  2018          -0.      -1.      -1.      -0.      -0.       0.
                 1.       1.       0.      -0.      -0.      -1.           -0.
 
  2019          -1.      -1.      -0.       0.       0.       1.
                 1.       0.       0.       0.      -0.      -0.            0.
 
  2020          -0.      -0.      -0.      -0.       0.       1.
                 1.       1.       1.       1.       1.       1.            0.
 
  2021           1.       0.       0.      -0.      -1.      -1.
                -1.      -1.      -0.       0.       1.       1.           -0.
 
  2022           0.      -0.      -0.      -0.      -0.      -0.
                -0.      -0.      -0.      -0.      -0.      -0.           -0.
 
  2023           0.       1.       1.       1.       0.       0.
                 0.       0.       0.      -0.      -0.      -0.            0.
 
  2024          -0.       0.       1.       1.       1.       1.
                 0.      -0.      -0.      -0.       0.       0.            0.
 
  2025          -0.      -0.      -1.      -1.      -0.       0.
                 1.       1.       2.       1.       1.       0.            0.
 
  2026           0.       0.       0.       0.       0.      -0.
                                                                            0.
 
  AVGE          -0.      -0.      -0.       0.       0.       0.
                 0.       0.      -0.      -0.      -0.      -0.

  Table Total-         -10.   Mean-        -0.   Std. Dev.-         2.
                              Min -       -10.        Max -         8.
        bps_permits 48060            PAGE  18, SERIES bps_permits_addi

 E 8  Month-to-month differences in original series adjusted for calendar factors (A18)
  From  2014.Feb to 2026.Jun
  Observations        149
 -----------------------------------------------------------------------------
               Jan      Feb      Mar      Apr      May      Jun 
               Jul      Aug      Sep      Oct      Nov      Dec         AVGE  
 -----------------------------------------------------------------------------
  2014                    0.      17.       5.       0.       8.
                 6.     -14.      11.     -17.       8.      -6.            2.
 
  2015          -2.     -10.      27.      36.      60.      34.
              -134.      -7.       5.       2.       0.     -37.           -2.
 
  2016          -7.      -2.      10.       2.       2.       2.
                -4.       1.      -1.       2.      -3.      -7.           -0.
 
  2017           5.      -1.       7.      -6.       2.       0.
                -2.       0.       0.       1.       0.      -4.            0.
 
  2018           0.      -4.       8.       2.       2.      -1.
                 0.      -1.       7.      -4.      -5.      -4.            0.
 
  2019          -2.      -1.       7.       0.       3.      -2.
                 2.       0.      -4.       4.      -1.      -5.            0.
 
  2020           2.      -4.       6.      -4.       8.      -2.
                -1.       0.       2.      -1.       0.       1.            1.
 
  2021          -2.       1.       3.       5.       3.     -10.
                -2.       1.      -3.       2.      -2.       5.            0.
 
  2022          -3.       0.       2.      -3.       3.       7.
                -8.       1.      -2.      -2.       0.      -7.           -1.
 
  2023           7.      -1.       3.       0.      10.      -7.
                -3.       4.      -3.       6.      -6.      -4.            1.
 
  2024           3.      -8.       8.       8.      -1.       1.
                -2.       2.      -4.       5.      -6.       1.            1.
 
  2025          -1.       2.      -2.       2.      -1.       1.
                -1.       1.       6.      -8.       5.      29.            3.
 
  2026         -33.      -4.       2.      11.      -3.       3.
                                                                           -4.
 
  AVGE          -3.      -2.       8.       4.       7.       3.
               -12.      -1.       1.      -1.      -1.      -3.

  Table Total-           8.   Mean-         0.   Std. Dev.-        15.
                              Min -      -134.        Max -        60.
        bps_permits 48060            PAGE  19, SERIES bps_permits_addi

 E 18  Final adjustment ratios
  From  2014.Jan to 2026.Jun
  Observations        150
 -----------------------------------------------------------------------------
               Jan      Feb      Mar      Apr      May      Jun 
               Jul      Aug      Sep      Oct      Nov      Dec         AVGE  
 -----------------------------------------------------------------------------
  2014       45.907   54.801  111.281  128.713  142.880  148.747
            136.874  108.621   98.265   87.979   97.390   67.458       102.410
 
  2015       63.977   64.540  107.939  110.099  108.386  108.491
            134.164  108.612   95.903   94.021   98.436   37.572        94.345
 
  2016       11.831    0.000  148.700  202.185  311.999  323.075
            289.383  127.246   88.741   94.709   91.802   26.051       142.977
 
  2017       46.998   48.877  121.873  166.318  279.717  287.150
            199.698  134.336   86.345  113.722   96.859   44.990       135.573
 
  2018       50.084   22.183  120.031  115.087  156.570  144.734
            125.531  115.489   98.648  114.062   95.471   57.797       101.307
 
  2019       49.946   34.413  113.280  103.295  158.526  125.432
            115.873  110.644   93.778  113.049   97.978   70.778        98.916
 
  2020       75.264   52.252  108.598   93.497  153.323  115.366
            109.638  109.539   97.023  104.662   93.829   86.355        99.946
 
  2021       83.346   80.154  104.587   96.657  131.206  110.946
            102.050  110.657   94.680  103.559   88.939   86.903        99.474
 
  2022       87.531   81.924  101.684   96.709  156.601  108.074
             98.777  112.648   95.624  111.601   87.462   53.816        99.371
 
  2023       86.355   78.578   95.885  104.627  123.936  111.590
             95.320  110.623   96.479  115.047   90.062   77.023        98.794
 
  2024       88.460   61.337   89.827  108.588  115.122  110.025
             98.160  106.262  100.189  115.348   91.203   88.677        97.766
 
  2025       89.450   89.505   89.909  111.302  108.418  111.066
             98.976  103.291  103.869  121.291   93.929   97.380       101.532
 
  2026       90.067   87.442   89.032  106.760  100.872  107.248
                                                                        96.904
 
  AVGE       66.863   58.154  107.894  118.757  157.504  147.072
            133.704  113.164   95.795  107.421   93.613   66.233

  Table Total-       15850.   Mean-       106.   Std. Dev.-        47.
                              Min -         0.        Max -       323.

 E 18.A  Final adjustment ratio forecasts
  From  2026.Jul to 2027.Jun
  Observations         12
 -----------------------------------------------------------------------------
               Jan      Feb      Mar      Apr      May      Jun 
               Jul      Aug      Sep      Oct      Nov      Dec         AVGE  
 -----------------------------------------------------------------------------
  2026                                                          
            100.907  101.188  106.602  110.553   94.899   95.850       101.667
 
  2027       92.191   93.057   92.782  105.960   99.707  108.941
                                                                        98.773
 
        bps_permits 48060            PAGE  20, SERIES bps_permits_addi

 E 18.B  Total adjustment factors
  From  2014.Jan to 2026.Jun
  Observations        150
 -----------------------------------------------------------------------------
               Jan      Feb      Mar      Apr      May      Jun 
               Jul      Aug      Sep      Oct      Nov      Dec         AVGE  
 -----------------------------------------------------------------------------
  2014         -20.     -14.       3.       9.      12.      15.
                14.       3.      -1.      -5.      -1.     -17.           -0.
 
  2015         -19.     -13.       4.       8.      11.      14.
                12.       3.      -2.      -3.      -1.     -15.            0.
 
  2016         -15.     -11.       3.       6.      10.      11.
                 8.       3.      -2.      -1.      -1.     -11.            0.
 
  2017         -10.      -8.       3.       4.       7.       7.
                 4.       2.      -1.       1.      -0.      -7.            0.
 
  2018          -6.      -7.       2.       2.       5.       4.
                 3.       2.      -0.       2.      -0.      -4.            0.
 
  2019          -4.      -6.       1.       0.       5.       2.
                 2.       1.      -1.       2.      -0.      -3.           -0.
 
  2020          -3.      -5.       1.      -0.       5.       2.
                 1.       1.      -0.       1.      -1.      -2.           -0.
 
  2021          -2.      -3.       1.      -1.       6.       1.
                 0.       1.      -1.       0.      -1.      -2.           -0.
 
  2022          -2.      -3.       0.      -0.       5.       2.
                -0.       2.      -1.       1.      -1.      -3.            0.
 
  2023          -2.      -2.      -1.       1.       4.       2.
                -1.       2.      -0.       2.      -1.      -3.            0.
 
  2024          -2.      -3.      -1.       2.       2.       2.
                -0.       1.       0.       3.      -1.      -2.            0.
 
  2025          -2.      -2.      -2.       2.       1.       2.
                -0.       1.       1.       3.      -1.      -1.            0.
 
  2026          -2.      -2.      -2.       2.       0.       2.
                                                                           -0.
 
  AVGE          -7.      -6.       1.       2.       6.       5.
                 4.       2.      -1.       1.      -1.      -6.

  Table Total-          -1.   Mean-        -0.   Std. Dev.-         6.
                              Min -       -20.        Max -        15.

 E 18.C  Total adjustment factor forecasts
  From  2026.Jul to 2027.Jun
  Observations         12
 -----------------------------------------------------------------------------
               Jan      Feb      Mar      Apr      May      Jun 
               Jul      Aug      Sep      Oct      Nov      Dec         AVGE  
 -----------------------------------------------------------------------------
  2026                                                          
                 0.       0.       1.       2.      -1.      -1.            0.
 
  2027          -2.      -1.      -2.       1.      -0.       2.
                                                                           -0.
 

  QS statistic for seasonality:
  Original Series                                     0.88  (P-Value =     0.6455)
  Original Series (EV adj)                            0.88  (P-Value =     0.6455)
  Residuals                                           1.40  (P-Value =     0.4974)
  Seasonally Adjusted Series                          0.00  (P-Value =     1.0000)
  Seasonally Adjusted Series (EV adj)                 0.00  (P-Value =     1.0000)
  Irregular Series                                    0.00  (P-Value =     1.0000)
  Irregular Series (EV adj)                           0.00  (P-Value =     1.0000)

  QS statistic for seasonality (starting 2018.Jul):
  Original Series                                     0.08  (P-Value =     0.9623)
  Original Series (EV adj)                            0.08  (P-Value =     0.9623)
  Residuals                                           0.88  (P-Value =     0.6456)
  Seasonally Adjusted Series                          0.00  (P-Value =     1.0000)
  Seasonally Adjusted Series (EV adj)                 0.00  (P-Value =     1.0000)
  Irregular Series                                    0.00  (P-Value =     1.0000)
  Irregular Series (EV adj)                           0.00  (P-Value =     1.0000)


 WARNING: Series should not be a candidate for seasonal adjustment
          because the spectrum of the original series (Table A1 or B1)
          has no visually significant seasonal peaks.

          If this is a component series of an indirectly adjusted
          composite series, consider using type = trend or type = summary
          in the x11 spec.
        bps_permits 48060            PAGE  21, SERIES bps_permits_addi
 G 0  10*LOG(SPECTRUM) of the differenced Original Series
      (Table A1 or B1).  Spectrum estimated from 2018.Jul to 2026.Jun.
 ++++++++++I+++++++++++++++++++++++++++++++++++++++++++++++++++++++++++++I
      20.70I                                   *                         I     20.70
           I                                   *                         I
           I                                   *                         I
           I                                   *       *       *T        I
      18.87I                                   *      T*       *T     ** I     18.87
           I                                  ***     T*   *   *T     ** I
           I                   *           *  ***     T*  **   *T*    **SI
           I                   *           *  ***     T*  **  S*T*    **SI
      17.05I                   *    *      ** ***     T*  **  S*T*    **SI     17.05
           I                   *    *     S*******    T*  **  S*T*    **SI
           I                   *    *     S*******    T*  *** S*T*    **SI
           I                   *    *     S********   T*  ****S*T**   **SI
      15.22I               *   *    *  ***S********  *T*******S*T**  ***SI     15.22
           I               *   *S   ** ***S********  *T*******S*T**  ***SI
           I               *   *S  *******S********* *T*******S*T**  ***SI
           I               *   *S  *******S*********S*T*******S*T*** ***SI
      13.39I         *     *   *S  *******S*********S*T*******S*T*******SI     13.39
           I         *     *   *S  *******S*********S*T*******S*T*******SI
           I         * *   **  *S  *******S*********S*T*******S*T*******SI
           I         *S*   **  *S  *******S*********S*T*******S*T*******SI
      11.56I         *S*   ** **S  *******S*********S*T*******S*T*******SI     11.56
           I         *S*   ** **S  *******S*********S*T*******S*T*******SI
           I         *S*   ** **S*********S*********S*T*******S*T*******SI
           I        **S*  *** **S*********S*********S*T*******S*T*******SI
       9.73I        **S** ******S*********S*********S*T*******S*T*******SI      9.73
           I        **S** ******S*********S*********S*T*******S*T*******SI
           I        **S** ******S*********S*********S*T*******S*T*******SI
           I        **S*********S*********S*********S*T*******S*T*******SI
       7.90I        **S*********S*********S*********S*T*******S*T*******SI      7.90
           I        **S*********S*********S*********S*T*******S*T*******SI
           I        **S*********S*********S*********S*T*******S*T*******SI
           I        **S*********S*********S*********S*T*******S*T*******SI
       6.07I        **S*********S*********S*********S*T*******S*T*******SI      6.07
           I        **S*********S*********S*********S*T*******S*T*******SI
           I        **S*********S*********S*********S*T*******S*T*******SI
           I        **S*********S*********S*********S*T*******S*T*******SI
       4.24I        **S*********S*********S*********S*T*******S*T*******SI      4.24
           I        **S*********S*********S*********S*T*******S*T*******SI
           I        **S*********S*********S*********S*T*******S*T*******SI
           I        **S*********S*********S*********S*T*******S*T*******SI
       2.41I       ***S*********S*********S*********S*T*******S*T*******SI      2.41
           I       ***S*********S*********S*********S*T*******S*T*******SI
           I       ***S*********S*********S*********S*T*******S*T*******SI
           I       ***S*********S*********S*********S*T*******S*T*******SI
       0.58I  *    ***S*********S*********S*********S*T*******S*T*******SI      0.58
           I  **   ***S*********S*********S*********S*T*******S*T*******SI
           I  **   ***S*********S*********S*********S*T*******S*T*******SI
           I  **   ***S*********S*********S*********S*T*******S*T*******SI
      -1.25I  **   ***S*********S*********S*********S*T*******S*T*******SI     -1.25
           I  **  ****S*********S*********S*********S*T*******S*T*******SI
           I **** ****S*********S*********S*********S*T*******S*T*******SI
           I **** ****S*********S*********S*********S*T*******S*T*******SI
      -3.08I**********S*********S*********S*********S*T*******S*T*******SI     -3.08
 ++++++++++I+++++++++++++++++++++++++++++++++++++++++++++++++++++++++++++I
            S=SEASONAL FREQUENCIES, T=TRADING DAY FREQUENCIES
        bps_permits 48060            PAGE  22, SERIES bps_permits_addi
 G 1  10*LOG(SPECTRUM) of the differenced seasonally adjusted 
      data (Table E2).  Spectrum estimated from 2018.Jul to 2026.Jun.
 ++++++++++I+++++++++++++++++++++++++++++++++++++++++++++++++++++++++++++I
      18.00I                                                             I     18.00
           I                                  *                          I
           I                                  *                  *       I
           I                                  *                  *       I
      16.20I                                  *                  *       I     16.20
           I                                  *                  *       I
           I                                  *                  *       I
           I                                  *                  *   *   I
      14.39I                                  *                  *   *   I     14.39
           I                                  *             *    *   *   I
           I                *                 *             *    *   *   I
           I                *                 *         *   *    *   *   I
      12.59I                *                 *         *   *    *  **   I     12.59
           I                *                 *         **  *   T*  **   I
           I                *                 *         **  *   T*  **   I
           I                *                 *         **  *   T*  ***  I
      10.79I                *                 *        *** **   T*  ***  I     10.79
           I                *                 *        *** **   T*  ***  I
           I                *                 *        *******  T** ****SI
           I                *                 *       T*******  T** ****SI
       8.99I                *                 *       T*******  T*******SI      8.99
           I        *       *                 *       T*******  T*******SI
           I        *       *       *         *       T*******  T*******SI
           I        *      **       *         **      T*******  T*******SI
       7.19I        *    * **       *         **      T******* *T*******SI      7.19
           I        *    * **       *         **      T*******S*T*******SI
           I        *    *****      *         ***     T*******S*T*******SI
           I        *    *****      *        ****     T*******S*T*******SI
       5.39I        *    *****      *        *****   *T*******S*T*******SI      5.39
           I        *    *****      *        *****   *T*******S*T*******SI
           I        *    *****     **        *****   *T*******S*T*******SI
           I        **   *****     **        *****   *T*******S*T*******SI
       3.59I        **   *****     **        *****   *T*******S*T*******SI      3.59
           I        **   *****     **        *****   *T*******S*T*******SI
           I        **   *****     **        ****** S*T*******S*T*******SI
           I        **   ******    **        ****** S*T*******S*T*******SI
       1.78I        **  ********   **        *******S*T*******S*T*******SI      1.78
           I        **  ********S  **        *******S*T*******S*T*******SI
           I        **  ********S  **    *   *******S*T*******S*T*******SI
           I        **  ********S****   **   *******S*T*******S*T*******SI
      -0.02I        **  ********S*****  **   *******S*T*******S*T*******SI     -0.02
           I   *    **  ********S*****  **   *******S*T*******S*T*******SI
           I   *    **  ********S*****  **  ********S*T*******S*T*******SI
           I   *   ***S*********S*****  **  ********S*T*******S*T*******SI
      -1.82I   *   ***S*********S*****  **S ********S*T*******S*T*******SI     -1.82
           I   **  ***S*********S*****  **S ********S*T*******S*T*******SI
           I  ***  ***S*********S*********S*********S*T*******S*T*******SI
           I  ***  ***S*********S*********S*********S*T*******S*T*******SI
      -3.62I  ***  ***S*********S*********S*********S*T*******S*T*******SI     -3.62
           I  ***  ***S*********S*********S*********S*T*******S*T*******SI
           I  ********S*********S*********S*********S*T*******S*T*******SI
           I *********S*********S*********S*********S*T*******S*T*******SI
      -5.42I**********S*********S*********S*********S*T*******S*T*******SI     -5.42
 ++++++++++I+++++++++++++++++++++++++++++++++++++++++++++++++++++++++++++I
            S=SEASONAL FREQUENCIES, T=TRADING DAY FREQUENCIES
        bps_permits 48060            PAGE  23, SERIES bps_permits_addi
 G 2  10*LOG(SPECTRUM) of the Modified Irregular (Table E3).  
      Spectrum estimated from 2018.Jul to 2026.Jun.
 ++++++++++I+++++++++++++++++++++++++++++++++++++++++++++++++++++++++++++I
      13.47I                                  *                          I     13.47
           I                                  *                          I
           I                                  *                          I
           I                                  *                          I
      12.04I                                  *                          I     12.04
           I                *                 *                          I
           I                *                 *                          I
           I                *                 *                  *       I
      10.62I                *                 *                  *       I     10.62
           I                *                 *                  *       I
           I                *                 *                  *       I
           I                *                 *                  *       I
       9.20I                *                 *                  *       I      9.20
           I                *                 *                  *       I
           I                *                 *                  *   *   I
           I                *                 *                  *   *   I
       7.78I               **                 *         *        *   *   I      7.78
           I               **                 *         *   *    *   *   I
           I               **                 *         *   *    *   *   I
           I               **                 *         *   *   T*   *   I
       6.35I               **                 *        **  **   T*   **  I      6.35
           I               **                 *        **  **   T*   **  I
           I               ***      *         *        *** **   T*  ***  I
           I               ***      *         *        *** **   T** ***  I
       4.93I               ***      *         *        ******   T** ***  I      4.93
           I               ***      *         *        ******   T** ***  I
           I               ***     **         **       ******   T** ***  I
           I     *  *      ***     **         **       *******  T******* I
       3.51I     *  **    *****    **        ***       *******  T******* I      3.51
           I*    *  **    *****    **        ***      T*******  T******* I
           I*    ** **    ******   **        ***      T******* *T*******SI
           I*    *****    ******   **        ***      T******* *T*******SI
       2.08I*    *****  ********   **        ***      T*******S*T*******SI      2.08
           I*    *****S ********   **        ****     T*******S*T*******SI
           I*    *****S*********   **        ****     T*******S*T*******SI
           I*   ******S*********   **        ****     T*******S*T*******SI
       0.66I*   ******S*********   **        ****    *T*******S*T*******SI      0.66
           I*   ******S*********S  **        ****    *T*******S*T*******SI
           I**  ******S*********S  **        *****   *T*******S*T*******SI
           I**  ******S*********S  **        *****   *T*******S*T*******SI
      -0.76I**  ******S*********S  **        *****   *T*******S*T*******SI     -0.76
           I**  ******S*********S ***   *    *****  S*T*******S*T*******SI
           I**  ******S*********S****   *    ****** S*T*******S*T*******SI
           I** *******S*********S*****  *    *******S*T*******S*T*******SI
      -2.19I** *******S*********S*****  **   *******S*T*******S*T*******SI     -2.19
           I**********S*********S*****  **   *******S*T*******S*T*******SI
           I**********S*********S*****  **  ********S*T*******S*T*******SI
           I**********S*********S*****  **  ********S*T*******S*T*******SI
      -3.61I**********S*********S***** ***  ********S*T*******S*T*******SI     -3.61
           I**********S*********S***** ***  ********S*T*******S*T*******SI
           I**********S*********S*********  ********S*T*******S*T*******SI
           I**********S*********S*********S ********S*T*******S*T*******SI
      -5.03I**********S*********S*********S*********S*T*******S*T*******SI     -5.03
 ++++++++++I+++++++++++++++++++++++++++++++++++++++++++++++++++++++++++++I
            S=SEASONAL FREQUENCIES, T=TRADING DAY FREQUENCIES
        bps_permits 48060            PAGE  24, SERIES bps_permits_addi

  Peak probabilities for Tukey spectrum estimator
  Spectrum estimated from 2018.Jul to 2026.Jun.

                                          S1       S2       S3       S4       S5       S6       TD
                                        ------   ------   ------   ------   ------   ------   ------
  Model Residuals                        0.609    0.628    0.447    0.633    0.747    0.369    0.707  
  Original Series (Table A1 or B1)       0.608    0.979*   0.730    0.226    0.409    0.625    0.934* 
  Seasonally adjusted series (E2)        0.019    0.236    0.422    0.041    0.018    0.373    0.614  
  Modified Irregular (E3)                0.320    0.279    0.354    0.031    0.018    0.380    0.637  
  ----------
     ** - Peak Probability > 0.99,
      * - 0.90 < Peak Probability < 0.99


