  Reading input spec file from D:\Programming\Dynamic Paper-dlrhcs_replication\outputs\empirical\unemployment\raw_sa_pilot\x13_work\bps_permits_additive_level_11300_200401_201312.spc

1

               U. S. Department of Commerce, U. S. Census Bureau

              X-13ARIMA-SEATS monthly seasonal adjustment Method,
                          Release Version 1.1 Build 62


           This software application provides an enhanced version of
             Statistics Canada's X-11-ARIMA extension (Dagum, 1980)
                 of the X-11 variant of the Census Method II of
                      Shiskin, Young and Musgrave (1967).

            It also provides an ARIMA model-based method following
       Hillmer and Tiao (1982) and Burman (1980) that is very similar
       to the update of the method of SEATS (Gomez and Maravall, 1996)
                produced at the Bank of Spain by G. Caporello and
               A. Maravall for TSW (Caporello and Maravall, 2004).
          The present application includes additional enhancements.

         X-13ARIMA-SEATS includes an automatic ARIMA model selection procedure
          based largely on the procedure of Gomez and Maravall (1998)
            as implemented in TRAMO (1996) and subsequent revisions.

              Primary Programmers: Brian Monsell, Mark Otto and,
                 for the ARIMA model-based signal extraction,
                      Gianluca Caporello and Victor Gomez


     Series Title- bps_permits 11300
     Series Name- bps_permits_addi
     Jul 29, 2026  08.22.35 

        -Period covered-  1st month,2004 to 12th month,2013
        -Type of run - additive seasonal adjustment

        -Sigma limits for graduating extreme values are  1.5 and  2.5 .
        -3x3 moving average used in section 1 of each iteration, 
         3x5 moving average in section 2 of iterations B and C,
         moving average for final seasonal factors chosen by Global MSR.
        -Holiday adjustment factors applied directly to the final seasonally adjusted series
        -Spectral plots generated for selected series
        -Spectral plots generated for series starting in 2006.Jan

 FILE SAVE REQUESTS (* indicates file exists and will be overwritten)
  D:\Programming\Dynamic Paper-dlrhcs_replication\outputs\empirical\unemployment\raw_sa_pilot\x13_work\bps_permits_additive_level_11300_200401_201312.d10  final seasonal factors
  D:\Programming\Dynamic Paper-dlrhcs_replication\outputs\empirical\unemployment\raw_sa_pilot\x13_work\bps_permits_additive_level_11300_200401_201312.d11  final seasonally adjusted data
  D:\Programming\Dynamic Paper-dlrhcs_replication\outputs\empirical\unemployment\raw_sa_pilot\x13_work\bps_permits_additive_level_11300_200401_201312.out  program output file
  D:\Programming\Dynamic Paper-dlrhcs_replication\outputs\empirical\unemployment\raw_sa_pilot\x13_work\bps_permits_additive_level_11300_200401_201312.err  program error file
        bps_permits 11300            PAGE   1, SERIES bps_permits_addi

     Contents of spc file D:\Programming\Dynamic Paper-dlrhcs_replication\outputs\empirical\unemployment\raw_sa_pilot\x13_work\bps_permits_additive_level_11300_200401_201312.spc

 Line #
 ------
      1: series {
      2:   title = "bps_permits 11300"
      3:   start = 2004.1
      4:   period = 12
      5:   data = (
      6: 19
      7: 22
      8: 56
      9: 82
     10: 38
     11: 60
     12: 41
     13: 36
     14: 40
     15: 51
     16: 28
     17: 33
     18: 18
     19: 17
     20: 38
     21: 38
     22: 46
     23: 66
     24: 27
     25: 38
     26: 41
     27: 33
     28: 23
     29: 23
     30: 19
     31: 25
     32: 25
     33: 29
     34: 17
     35: 36
     36: 21
     37: 34
     38: 23
     39: 19
     40: 11
     41: 12
     42: 26
     43: 7
     44: 18
     45: 16
     46: 21
     47: 17
     48: 6
     49: 16
     50: 10
     51: 5
     52: 8
     53: 8
     54: 22
     55: 2
     56: 9
     57: 8
     58: 6
     59: 9
     60: 5
     61: 4
     62: 6
     63: 6
     64: 5
     65: 3
     66: 1
     67: 4
     68: 4
     69: 4
     70: 8
     71: 4
     72: 5
     73: 2
     74: 6
     75: 6
     76: 6
     77: 4
     78: 1
     79: 6
     80: 7
     81: 7
     82: 5
     83: 5
     84: 6
     85: 7
     86: 4
     87: 7
     88: 5
     89: 2
     90: 3
     91: 1
     92: 5
     93: 4
     94: 5
     95: 8
     96: 4
     97: 3
     98: 6
     99: 3
    100: 3
    101: 2
    102: 3
    103: 2
    104: 5
    105: 4
    106: 4
    107: 5
    108: 7
    109: 5
    110: 5
    111: 7
    112: 4
    113: 4
    114: 1
    115: 4
    116: 5
    117: 11
    118: 6
    119: 8
    120: 8
    121: 3
    122: 6
    123: 5
    124: 4
    125: 8
    126:   )
    127: }
    128: transform { function = none }
    129: regression { aictest = (td easter) }
    130: automdl {}
    131: x11 { mode = add save = (d10 d11) }
        bps_permits 11300            PAGE   2, SERIES bps_permits_addi

 A 1  Time series data (for the span analyzed)
  From  2004.Jan to 2013.Dec
  Observations        120
 -----------------------------------------------------------------------------
               Jan      Feb      Mar      Apr      May      Jun 
               Jul      Aug      Sep      Oct      Nov      Dec        TOTAL  
 -----------------------------------------------------------------------------
  2004          19.      22.      56.      82.      38.      60.
                41.      36.      40.      51.      28.      33.          506.
 
  2005          18.      17.      38.      38.      46.      66.
                27.      38.      41.      33.      23.      23.          408.
 
  2006          19.      25.      25.      29.      17.      36.
                21.      34.      23.      19.      11.      12.          271.
 
  2007          26.       7.      18.      16.      21.      17.
                 6.      16.      10.       5.       8.       8.          158.
 
  2008          22.       2.       9.       8.       6.       9.
                 5.       4.       6.       6.       5.       3.           85.
 
  2009           1.       4.       4.       4.       8.       4.
                 5.       2.       6.       6.       6.       4.           54.
 
  2010           1.       6.       7.       7.       5.       5.
                 6.       7.       4.       7.       5.       2.           62.
 
  2011           3.       1.       5.       4.       5.       8.
                 4.       3.       6.       3.       3.       2.           47.
 
  2012           3.       2.       5.       4.       4.       5.
                 7.       5.       5.       7.       4.       4.           55.
 
  2013           1.       4.       5.      11.       6.       8.
                 8.       3.       6.       5.       4.       8.           69.
 
  AVGE          11.       9.      17.      20.      16.      22.
                13.      15.      15.      14.      10.      10.

  Table Total-        1715.   Mean-        14.   Std. Dev.-        15.
                              Min -         1.        Max -        82.
        bps_permits 11300            PAGE   3, SERIES bps_permits_addi
                        Automatic ARIMA Model Selection

                    Procedure based closely on TRAMO method 
                         of Gomez and Maravall (2000)
              "Automatic Modeling Methods for Univariate Series",
                            A Course in Time Series
                  (Edited by D. Pena, G. C. Tiao, R. S. Tsay),
                         New York : J. Wiley and Sons


     Maximum order for regular ARMA parameters :   2
     Maximum order for seasonal ARMA parameters :   1
     Maximum order for regular differencing :   2
     Maximum order for seasonal differencing :   1

   Results of Unit Root Test for identifying orders of differencing:
     Regular difference order :   0
     Seasonal difference order :   0

  Automatic model choice : (1 0 1)(1 0 0)
   Model changed to 
   ( 0, 1, 1) ( 0, 1, 1)


  Final Checks for Identified Model


  Checking for Unit Roots.
   No unit roots found.

  Checking for nonseasonal overdifferencing.
   Reduce order of nonseasonal MA, nonseasonal differencing.
   ( 0, 0, 0) ( 0, 1, 1)

  Checking for insignificant ARMA coefficients.

  Final automatic model choice : (0 0 0)(0 1 1)
   End of automatic model selection procedure.

 Average absolute percentage error in within-sample forecasts:
  Last year:  79.40      Last-1 year: 108.40     Last-2 year:  95.93
  Last three years:   94.58

 Estimation converged in    2 ARMA iterations,   21 function evaluations.

 Regression Model
 ------------------------------------------------------------------------------
                             Parameter        Standard
 Variable                     Estimate           Error      t-value
 ------------------------------------------------------------------------------
 Leap Year                     -0.9120         3.51720        -0.26

 1-Coefficient Trading Day
   Weekday                      0.4774         0.26522         1.80
 **Sat/Sun (derived)           -1.1936         0.66304        -1.80

 Constant                      -4.0368         0.85763        -4.71
 ------------------------------------------------------------------------------
 **For the one coefficient trading-day effect, the derived
   parameter estimate is obtained indirectly as minus -2.5 times
   the directly estimated parameter that defines the effect.


 Chi-squared Tests for Groups of Regressors
 ------------------------------------------------------------------------------
 Regression Effect                  df      Chi-Square      P-Value
 ------------------------------------------------------------------------------
 Combined Trading Day and Leap Year Regressors
                                     2            3.29         0.19


 F Tests for Trading Day Regressors 
 -----------------------------------------------------------------------
 Regression Effect                     df         F-statistic    P-Value
 -----------------------------------------------------------------------
 1-Coefficient Trading Day           1, 105            3.15         0.08


 ARIMA Model:  (0 0 0)(0 1 1)
   Seasonal differences:    1
                                              Standard
 Parameter                    Estimate          Errors
 -----------------------------------------------------
 Seasonal MA                                       
   Lag 12                      -0.0986         0.08424

 Variance                       0.66992E+02
 SE of Var                      0.91165E+01
 -----------------------------------------------------

 Likelihood Statistics
 ------------------------------------------------------------------
 Number of observations (nobs)                                  120
 Effective number of observations (nefobs)                      108
 Number of parameters estimated (np)                              5
 Log likelihood (L)                                       -380.3512
 AIC                                                       770.7024 
 AICC (F-corrected-AIC)                                    771.2906 
 Hannan Quinn                                              776.1399 
 BIC                                                       784.1131 
 ------------------------------------------------------------------

 QS Statistic for regARIMA Model Residuals (full series):             0.00
                                                       (P-Value =     1.0000)

 QS Statistic for regARIMA Model Residuals (starting 2006.Jan):       1.43
                                                       (P-Value =     0.4901)
      10*LOG(SPECTRUM) of the regARIMA model residuals
      Spectrum estimated from 2006.Jan to 2013.Dec.
 ++++++++++I+++++++++++++++++++++++++++++++++++++++++++++++++++++++++++++I
      27.72I *                                                           I     27.72
           I *                                                           I
           I *                                                           I
           I *                                                           I
      26.13I *                                                           I     26.13
           I**                                                           I
           I**                                                           I
           I**                                                           I
      24.54I**                                                           I     24.54
           I**                                                           I
           I**                                                           I
           I***                                                          I
      22.94I***                                                          I     22.94
           I***                                                          I
           I***                                                          I
           I***                                                          I
      21.35I***                                                          I     21.35
           I***                                                          I
           I***            *                                        *    I
           I***            *                                        *    I
      19.76I***            *          *                             *    I     19.76
           I***            *          *                             *    I
           I***            *          *                             *    I
           I***            **      *  *                             *    I
      18.17I****      S    **      *  **                            *    I     18.17
           I****     *S    **      *  **                            *    I
           I****     *S    **     **  **                   *        **   I
           I****     *S    **     **  **                  **        **   I
      16.58I****     *S    **     **  **       *          **        **   I     16.58
           I****     *S    **     ******       *          **        **   I
           I*****   **S    **     ******       *       *  **       ***   I
           I***** ****S   ***     ******       *       *  **       ***   I
      14.98I**********S*  ***     ******       **     T*  **       ***   I     14.98
           I**********S*  ***     ******       **     T*  **     * ***   I
           I**********S*  ***     ******       **    *T** **     *****   I
           I**********S*  ****    ******      ***    *T*****     ******  I
      13.39I**********S*  ****   ********     ***   S*T*****     ******  I     13.39
           I**********S*  ****   ********     ***   S*T*****     ******  I
           I**********S*******   ********     ***   S*T*****     ******  I
           I**********S*******   ********     **** *S*T*****     *******SI
      11.80I**********S********  ********     **** *S*T*****     *******SI     11.80
           I**********S******** S********    *******S*T*****    T*******SI
           I**********S*********S********* *********S*T*****    T*******SI
           I**********S*********S*********S*********S*T******   T*******SI
      10.21I**********S*********S*********S*********S*T******   T*******SI     10.21
           I**********S*********S*********S*********S*T******   T*******SI
           I**********S*********S*********S*********S*T******   T*******SI
           I**********S*********S*********S*********S*T******   T*******SI
       8.62I**********S*********S*********S*********S*T******   T*******SI      8.62
           I**********S*********S*********S*********S*T******  *T*******SI
           I**********S*********S*********S*********S*T******  *T*******SI
           I**********S*********S*********S*********S*T******* *T*******SI
       7.03I**********S*********S*********S*********S*T*******S*T*******SI      7.03
 ++++++++++I+++++++++++++++++++++++++++++++++++++++++++++++++++++++++++++I
            S=SEASONAL FREQUENCIES, T=TRADING DAY FREQUENCIES


 FORECASTING
  Origin  2013.Dec
  Number        12

  Forecasts and Standard Errors
   ------------------------------
                         Standard
       Date   Forecast      Error
   ------------------------------
   2014.Jan     -3.019     8.2224
   2014.Feb      0.461     8.2325
   2014.Mar      1.472     8.2225
   2014.Apr      7.850     8.2225
   2014.May      0.877     8.2732
   2014.Jun      6.473     8.2841
   2014.Jul      4.246     8.2224
   2014.Aug     -2.403     8.2644
   2014.Sep      3.910     8.2629
   2014.Oct      1.118     8.2220
   2014.Nov     -1.192     8.2643
   2014.Dec      6.192     8.2638
   ------------------------------

  Confidence intervals with coverage probability ( 0.95000
   ---------------------------------------
       Date      Lower  Forecast     Upper
   ---------------------------------------
   2014.Jan     -19.13     -3.02     13.10
   2014.Feb     -15.67      0.46     16.60
   2014.Mar     -14.64      1.47     17.59
   2014.Apr      -8.27      7.85     23.97
   2014.May     -15.34      0.88     17.09
   2014.Jun      -9.76      6.47     22.71
   2014.Jul     -11.87      4.25     20.36
   2014.Aug     -18.60     -2.40     13.79
   2014.Sep     -12.29      3.91     20.10
   2014.Oct     -15.00      1.12     17.23
   2014.Nov     -17.39     -1.19     15.01
   2014.Dec     -10.00      6.19     22.39
   ---------------------------------------
        bps_permits 11300            PAGE   4, SERIES bps_permits_addi

 A 6  RegARIMA trading day component
  From  2004.Jan to 2013.Dec
  Observations        120
 -----------------------------------------------------------------------------
               Jan      Feb      Mar      Apr      May      Jun 
               Jul      Aug      Sep      Oct      Nov      Dec         AVGE  
 -----------------------------------------------------------------------------
  2004          -0.      -2.       1.       1.      -2.       1.
                -0.      -0.       1.      -2.       1.       1.            0.
 
  2005          -2.       0.       1.      -1.      -0.       1.
                -2.       1.       1.      -2.       1.      -0.           -0.
 
  2006          -0.       0.       1.      -2.       1.       1.
                -2.       1.      -1.      -0.       1.      -2.           -0.
 
  2007           1.       0.      -0.      -1.       1.      -1.
                -0.       1.      -2.       1.       1.      -2.            0.
 
  2008           1.      -0.      -2.       1.      -0.      -1.
                 1.      -2.       1.       1.      -2.       1.            0.
 
  2009          -0.       0.      -0.       1.      -2.       1.
                 1.      -2.       1.      -0.      -1.       1.            0.
 
  2010          -2.       0.       1.       1.      -2.       1.
                -0.      -0.       1.      -2.       1.       1.            0.
 
  2011          -2.       0.       1.      -1.      -0.       1.
                -2.       1.       1.      -2.       1.      -0.           -0.
 
  2012          -0.      -0.      -0.      -1.       1.      -1.
                -0.       1.      -2.       1.       1.      -2.           -0.
 
  2013           1.       0.      -2.       1.       1.      -2.
                 1.      -0.      -1.       1.      -1.      -0.            0.
 
  AVGE          -0.      -0.       0.      -0.      -0.       0.
                -0.       0.      -0.      -0.       0.      -0.

  Table Total-          -1.   Mean-        -0.   Std. Dev.-         1.
                              Min -        -2.        Max -         1.

 A 6.A  RegARIMA trading day component forecasts
  From  2014.Jan to 2014.Dec
  Observations         12
 -----------------------------------------------------------------------------
               Jan      Feb      Mar      Apr      May      Jun 
               Jul      Aug      Sep      Oct      Nov      Dec         AVGE  
 -----------------------------------------------------------------------------
  2014           1.       0.      -2.       1.      -0.      -1.
                 1.      -2.       1.       1.      -2.       1.            0.
 
        bps_permits 11300            PAGE   5, SERIES bps_permits_addi
  
 B 1  Original series (prior adjusted)
      (adjusted for regARIMA factors)
  From  2004.Jan to 2013.Dec
  Observations        120
 -----------------------------------------------------------------------------
               Jan      Feb      Mar      Apr      May      Jun 
               Jul      Aug      Sep      Oct      Nov      Dec        TOTAL  
 -----------------------------------------------------------------------------
  2004          19.      24.      55.      81.      40.      59.
                41.      36.      39.      53.      27.      32.          506.
 
  2005          20.      17.      37.      39.      46.      65.
                29.      37.      40.      35.      22.      23.          409.
 
  2006          19.      25.      24.      31.      16.      35.
                23.      33.      24.      19.      10.      14.          272.
 
  2007          25.       7.      18.      17.      20.      18.
                 6.      15.      12.       4.       7.      10.          157.
 
  2008          21.       2.      11.       7.       6.      10.
                 4.       6.       5.       5.       7.       2.           85.
 
  2009           1.       4.       4.       3.      10.       3.
                 4.       4.       5.       6.       7.       3.           53.
 
  2010           3.       6.       6.       6.       7.       4.
                 6.       7.       3.       9.       4.       1.           61.
 
  2011           5.       1.       4.       5.       5.       7.
                 6.       2.       5.       5.       2.       2.           48.
 
  2012           3.       2.       5.       5.       3.       6.
                 7.       4.       7.       6.       3.       6.           56.
 
  2013          -0.       4.       7.      10.       5.      10.
                 7.       3.       7.       4.       5.       8.           68.
 
  AVGE          12.       9.      17.      20.      16.      22.
                13.      15.      15.      14.       9.      10.

  Table Total-        1716.   Mean-        14.   Std. Dev.-        15.
                              Min -        -0.        Max -        81.

 B 1.A  Forecasts of (prior adjusted) original series
  From  2014.Jan to 2014.Dec
  Observations         12
 -----------------------------------------------------------------------------
               Jan      Feb      Mar      Apr      May      Jun 
               Jul      Aug      Sep      Oct      Nov      Dec        TOTAL  
 -----------------------------------------------------------------------------
  2014          -4.       0.       3.       7.       1.       7.
                 3.      -0.       3.      -0.       1.       5.           25.
 
        bps_permits 11300            PAGE   6, SERIES bps_permits_addi

 C 17  Final weights for irregular component
  From  2004.Jan to 2013.Dec
  Observations        120
  Lower sigma limit    1.50
  Upper sigma limit    2.50
 -----------------------------------------------------------------------------
               Jan      Feb      Mar      Apr      May      Jun 
               Jul      Aug      Sep      Oct      Nov      Dec         S.D.  
 -----------------------------------------------------------------------------
  2004          29.      97.     100.       0.      36.     100.
               100.     100.     100.       0.     100.     100.          538.
 
  2005         100.     100.     100.     100.     100.       0.
               100.     100.     100.     100.     100.     100.          538.
 
  2006         100.     100.     100.     100.       0.     100.
               100.     100.     100.     100.     100.     100.          538.
 
  2007           0.     100.     100.     100.     100.     100.
               100.     100.     100.     100.     100.     100.          415.
 
  2008           0.     100.     100.     100.     100.     100.
               100.     100.     100.     100.     100.     100.          331.
 
  2009         100.     100.     100.     100.      96.      41.
               100.     100.     100.     100.     100.     100.          199.
 
  2010         100.     100.     100.     100.     100.      35.
               100.     100.     100.      36.     100.     100.          169.
 
  2011           0.     100.     100.     100.     100.     100.
               100.     100.     100.     100.     100.     100.          156.
 
  2012           0.     100.     100.     100.     100.     100.
               100.     100.     100.     100.     100.     100.          138.
 
  2013         100.     100.     100.     100.     100.     100.
               100.     100.     100.     100.     100.       0.          138.
 
        bps_permits 11300            PAGE   7, SERIES bps_permits_addi

 D 8  Final unmodified SI ratios
  From  2004.Jan to 2013.Dec
  Observations        120
 -----------------------------------------------------------------------------
               Jan      Feb      Mar      Apr      May      Jun 
               Jul      Aug      Sep      Oct      Nov      Dec         AVGE  
 -----------------------------------------------------------------------------
  2004         -24.     -20.      11.      38.      -2.      18.
                 1.      -2.       2.      17.      -8.      -2.            3.
 
  2005         -13.     -16.       3.       5.      12.      31.
                -5.       3.       7.       3.      -9.      -7.            1.
 
  2006         -10.      -4.      -4.       5.     -10.      10.
                -1.      10.       2.      -1.      -9.      -4.           -1.
 
  2007           8.      -8.       4.       4.       7.       6.
                -5.       4.       2.      -6.      -2.       1.            1.
 
  2008          13.      -5.       4.       1.       1.       4.
                -2.       1.       0.      -0.       2.      -3.            1.
 
  2009          -4.      -1.      -0.      -1.       6.      -1.
                -1.      -1.       0.       1.       1.      -3.           -0.
 
  2010          -3.      -0.      -0.       0.       1.      -1.
                 1.       2.      -1.       5.       0.      -3.            0.
 
  2011           1.      -3.       0.       1.       2.       3.
                 2.      -2.       1.       1.      -1.      -1.            0.
 
  2012          -0.      -1.       2.       1.      -1.       2.
                 3.      -1.       3.       1.      -2.       0.            0.
 
  2013          -6.      -2.       1.       4.      -1.       5.
                 1.      -2.       2.      -1.       1.       4.            0.
 
  AVGE          -4.      -6.       2.       6.       1.       8.
                -0.       1.       2.       2.      -3.      -2.

  Table Total-          74.   Mean-         1.   Std. Dev.-         7.
                              Min -       -24.        Max -        38.
        bps_permits 11300            PAGE   8, SERIES bps_permits_addi

 D 8.B  Final unmodified SI ratios, with labels for outliers and extreme values
  From  2004.Jan to 2013.Dec
  Observations        120
 ---------------------------------------------------------------------
               Jan       Feb       Mar       Apr       May       Jun  
               Jul       Aug       Sep       Oct       Nov       Dec  
 ---------------------------------------------------------------------
  2004        -24.*     -20.*      11.       38.*      -2.*      18.  
                1.       -2.        2.       17.*      -8.       -2.  
 
  2005        -13.      -16.        3.        5.       12.       31.* 
               -5.        3.        7.        3.       -9.       -7.  
 
  2006        -10.       -4.       -4.        5.      -10.*      10.  
               -1.       10.        2.       -1.       -9.       -4.  
 
  2007          8.*      -8.        4.        4.        7.        6.  
               -5.        4.        2.       -6.       -2.        1.  
 
  2008         13.*      -5.        4.        1.        1.        4.  
               -2.        1.        0.       -0.        2.       -3.  
 
  2009         -4.       -1.       -0.       -1.        6.*      -1.* 
               -1.       -1.        0.        1.        1.       -3.  
 
  2010         -3.       -0.       -0.        0.        1.       -1.* 
                1.        2.       -1.        5.*       0.       -3.  
 
  2011          1.*      -3.        0.        1.        2.        3.  
                2.       -2.        1.        1.       -1.       -1.  
 
  2012         -0.*      -1.        2.        1.       -1.        2.  
                3.       -1.        3.        1.       -2.        0.  
 
  2013         -6.       -2.        1.        4.       -1.        5.  
                1.       -2.        2.       -1.        1.        4.* 
 

  Key to symbols:
    *  : extreme value as determined by X-11 extreme value procedure
 
        bps_permits 11300            PAGE   9, SERIES bps_permits_addi

 D 9  Final replacement values for SI ratios
  From  2004.Jan to 2013.Dec
  Observations        120
 ---------------------------------------------------------------
               Jan      Feb      Mar      Apr      May      Jun 
               Jul      Aug      Sep      Oct      Nov      Dec 
 ---------------------------------------------------------------
  2004         -16.     -19. ********       8.       5. ********
           ******** ******** ********       1. ******** ********
 
  2005     ******** ******** ******** ******** ********      13.
           ******** ******** ******** ******** ******** ********
 
  2006     ******** ******** ******** ********       6. ********
           ******** ******** ******** ******** ******** ********
 
  2007          -7. ******** ******** ******** ******** ********
           ******** ******** ******** ******** ******** ********
 
  2008          -4. ******** ******** ******** ******** ********
           ******** ******** ******** ******** ******** ********
 
  2009     ******** ******** ******** ********       6.       1.
           ******** ******** ******** ******** ******** ********
 
  2010     ******** ******** ******** ******** ********       1.
           ******** ******** ********       2. ******** ********
 
  2011          -4. ******** ******** ******** ******** ********
           ******** ******** ******** ******** ******** ********
 
  2012          -5. ******** ******** ******** ******** ********
           ******** ******** ******** ******** ******** ********
 
  2013     ******** ******** ******** ******** ******** ********
           ******** ******** ******** ******** ********       1.
 

 D 9.A  Moving seasonality ratio
 ---------------------------------------------------------------
               Jan      Feb      Mar      Apr      May      Jun 
 ---------------------------------------------------------------
   I          1.138    3.215    3.784    1.316    4.292    1.831
   S          1.034    1.399    0.603    0.641    0.985    1.307
 RATIO        1.100    2.298    6.271    2.054    4.356    1.401



 ---------------------------------------------------------------
               Jul      Aug      Sep      Oct      Nov      Dec 
 ---------------------------------------------------------------
   I          2.467    3.726    2.293    2.564    2.690    2.545
   S          0.511    0.585    0.381    0.240    1.074    0.435
 RATIO        4.833    6.372    6.013   10.705    2.506    5.848



        bps_permits 11300            PAGE  10, SERIES bps_permits_addi

 D 10  Final seasonal factors
  From  2004.Jan to 2013.Dec
  Observations        120
  Seasonal filter    3 x 5 moving average
 -----------------------------------------------------------------------------
               Jan      Feb      Mar      Apr      May      Jun 
               Jul      Aug      Sep      Oct      Nov      Dec         AVGE  
 -----------------------------------------------------------------------------
  2004         -12.     -12.       4.       6.       8.      13.
                -2.       4.       3.      -0.      -8.      -3.           -0.
 
  2005         -11.     -12.       4.       5.       7.      12.
                -2.       3.       3.      -1.      -7.      -3.           -0.
 
  2006         -10.     -10.       3.       4.       7.      10.
                -2.       3.       3.      -1.      -5.      -3.           -0.
 
  2007          -7.      -7.       2.       3.       6.       7.
                -2.       3.       2.      -1.      -3.      -3.           -0.
 
  2008          -6.      -5.       1.       2.       5.       5.
                -2.       2.       1.      -1.      -2.      -2.           -0.
 
  2009          -4.      -3.       1.       1.       3.       3.
                -0.       1.       0.      -0.      -0.      -2.            0.
 
  2010          -4.      -2.       1.       1.       2.       3.
                 0.       0.       1.       0.      -0.      -2.            0.
 
  2011          -4.      -2.       1.       1.       1.       3.
                 1.      -0.       1.       1.      -0.      -1.            0.
 
  2012          -5.      -2.       1.       2.       0.       3.
                 2.      -1.       1.       0.      -1.      -0.            0.
 
  2013          -6.      -2.       1.       3.      -0.       4.
                 2.      -1.       2.      -0.      -1.       0.            0.
 
  AVGE          -7.      -6.       2.       3.       4.       6.
                -1.       1.       2.      -0.      -3.      -2.

  Table Total-          -1.   Mean-        -0.   Std. Dev.-         4.
                              Min -       -12.        Max -        13.

 D 10.A  Final seasonal component forecasts
  From  2014.Jan to 2014.Dec
  Observations         12
 -----------------------------------------------------------------------------
               Jan      Feb      Mar      Apr      May      Jun 
               Jul      Aug      Sep      Oct      Nov      Dec         AVGE  
 -----------------------------------------------------------------------------
  2014          -6.      -2.       1.       3.      -1.       4.
                 2.      -2.       2.      -0.      -1.       1.            0.
 
        bps_permits 11300            PAGE  11, SERIES bps_permits_addi
  
 D 11  Final seasonally adjusted data
       (also adjusted for trading day)
  From  2004.Jan to 2013.Dec
  Observations        120
 -----------------------------------------------------------------------------
               Jan      Feb      Mar      Apr      May      Jun 
               Jul      Aug      Sep      Oct      Nov      Dec        TOTAL  
 -----------------------------------------------------------------------------
  2004          31.      36.      51.      75.      32.      46.
                43.      33.      36.      53.      35.      35.          506.
 
  2005          31.      28.      33.      33.      39.      53.
                31.      33.      37.      35.      29.      26.          410.
 
  2006          29.      34.      20.      27.       9.      25.
                25.      29.      21.      20.      15.      17.          273.
 
  2007          32.      14.      16.      14.      14.      10.
                 8.      12.      11.       5.      10.      13.          158.
 
  2008          26.       7.       9.       5.       2.       5.
                 5.       4.       4.       5.       9.       4.           85.
 
  2009           6.       7.       3.       2.       7.      -0.
                 4.       3.       5.       6.       7.       5.           53.
 
  2010           7.       8.       4.       5.       5.       1.
                 6.       7.       2.       8.       4.       2.           61.
 
  2011           9.       3.       3.       3.       4.       4.
                 5.       2.       4.       4.       2.       3.           47.
 
  2012           8.       4.       5.       3.       2.       3.
                 6.       5.       6.       5.       4.       6.           56.
 
  2013           5.       6.       6.       7.       5.       7.
                 5.       5.       5.       4.       6.       8.           68.
 
  AVGE          18.      15.      15.      17.      12.      15.
                14.      13.      13.      15.      12.      12.

  Table Total-        1716.   Mean-        14.   Std. Dev.-        14.
                              Min -        -0.        Max -        75.
        bps_permits 11300            PAGE  12, SERIES bps_permits_addi

 D 12  Final trend cycle
  From  2004.Jan to 2013.Dec
  Observations        120
  Trend filter    23-term Henderson moving average
  I/C ratio        4.25
 -----------------------------------------------------------------------------
               Jan      Feb      Mar      Apr      May      Jun 
               Jul      Aug      Sep      Oct      Nov      Dec        TOTAL  
 -----------------------------------------------------------------------------
  2004          44.      44.      43.      43.      42.      41.
                40.      39.      37.      36.      35.      34.          476.
 
  2005          33.      33.      33.      34.      34.      34.
                34.      34.      33.      32.      31.      30.          395.
 
  2006          29.      28.      27.      27.      26.      25.
                24.      23.      22.      21.      19.      18.          289.
 
  2007          17.      15.      14.      13.      12.      11.
                11.      10.      10.      10.       9.       9.          141.
 
  2008           8.       7.       7.       6.       6.       5.
                 5.       5.       5.       5.       5.       5.           68.
 
  2009           5.       5.       4.       4.       4.       4.
                 4.       4.       5.       5.       6.       6.           56.
 
  2010           6.       6.       6.       6.       5.       5.
                 5.       5.       4.       4.       4.       4.           60.
 
  2011           4.       4.       3.       3.       3.       4.
                 4.       4.       4.       4.       4.       3.           43.
 
  2012           3.       3.       3.       4.       4.       4.
                 4.       4.       5.       5.       5.       6.           51.
 
  2013           6.       6.       6.       6.       6.       6.
                 5.       5.       5.       4.       4.       4.           63.
 
  AVGE          15.      15.      15.      14.      14.      14.
                14.      13.      13.      13.      12.      12.

  Table Total-        1643.   Mean-        14.   Std. Dev.-        13.
                              Min -         3.        Max -        44.
        bps_permits 11300            PAGE  13, SERIES bps_permits_addi

 D 13  Final irregular component
  From  2004.Jan to 2013.Dec
  Observations        120
 -----------------------------------------------------------------------------
               Jan      Feb      Mar      Apr      May      Jun 
               Jul      Aug      Sep      Oct      Nov      Dec         S.D.  
 -----------------------------------------------------------------------------
  2004         -13.      -7.       8.      33.     -10.       5.
                 3.      -6.      -2.      17.       0.       1.           12.
 
  2005          -2.      -5.      -1.      -0.       5.      19.
                -3.      -0.       4.       3.      -2.      -4.            6.
 
  2006          -0.       6.      -7.       0.     -17.       0.
                 1.       6.      -1.      -0.      -4.      -1.            6.
 
  2007          16.      -2.       2.       1.       2.      -1.
                -3.       1.       1.      -5.       1.       4.            5.
 
  2008          18.      -1.       3.      -1.      -4.      -0.
                 0.      -1.      -1.       0.       4.      -1.            6.
 
  2009           1.       2.      -2.      -2.       3.      -4.
                -0.      -2.      -0.       1.       2.      -1.            2.
 
  2010           1.       2.      -1.      -1.      -1.      -4.
                 1.       2.      -2.       4.       0.      -1.            2.
 
  2011           6.      -1.      -1.      -0.       1.       1.
                 1.      -2.       0.       1.      -1.      -0.            2.
 
  2012           5.       1.       1.      -1.      -1.      -1.
                 1.       0.       1.       0.      -2.       1.            2.
 
  2013          -1.      -0.       0.       1.      -1.       1.
                -1.      -0.       0.      -1.       2.       4.            1.
 
  S.D.           9.       4.       4.      10.       7.       7.
                 2.       3.       2.       6.       2.       2.

  Table Total-          74.   Mean-         1.   Std. Dev.-         5.
                              Min -       -17.        Max -        33.
        bps_permits 11300            PAGE  14, SERIES bps_permits_addi
  
 D 16  Combined adjustment factors
       (includes seasonal, trading day factors)
  From  2004.Jan to 2013.Dec
  Observations        120
 -----------------------------------------------------------------------------
               Jan      Feb      Mar      Apr      May      Jun 
               Jul      Aug      Sep      Oct      Nov      Dec         AVGE  
 -----------------------------------------------------------------------------
  2004         -12.     -14.       5.       7.       6.      14.
                -2.       3.       4.      -2.      -7.      -2.           -0.
 
  2005         -13.     -11.       5.       5.       7.      13.
                -4.       5.       4.      -2.      -6.      -3.           -0.
 
  2006         -10.      -9.       5.       2.       8.      11.
                -4.       5.       2.      -1.      -4.      -5.           -0.
 
  2007          -6.      -7.       2.       2.       7.       7.
                -2.       4.      -1.       0.      -2.      -5.            0.
 
  2008          -4.      -5.      -0.       3.       4.       4.
                -0.       0.       2.       1.      -4.      -1.            0.
 
  2009          -5.      -3.       1.       2.       1.       4.
                 1.      -1.       1.      -0.      -1.      -1.            0.
 
  2010          -6.      -2.       3.       2.       0.       4.
                 0.      -0.       2.      -1.       1.      -0.            0.
 
  2011          -6.      -2.       2.       1.       1.       4.
                -1.       1.       2.      -1.       1.      -1.           -0.
 
  2012          -5.      -2.       0.       1.       2.       2.
                 1.       0.      -1.       2.       0.      -2.           -0.
 
  2013          -4.      -2.      -1.       4.       1.       1.
                 3.      -2.       1.       1.      -2.       0.            0.
 
  AVGE          -7.      -6.       2.       3.       4.       6.
                -1.       2.       2.      -0.      -2.      -2.

  Table Total-          -1.   Mean-        -0.   Std. Dev.-         5.
                              Min -       -14.        Max -        14.

 D 16.A  Combined adjustment component forecasts
  From  2014.Jan to 2014.Dec
  Observations         12
 -----------------------------------------------------------------------------
               Jan      Feb      Mar      Apr      May      Jun 
               Jul      Aug      Sep      Oct      Nov      Dec         AVGE  
 -----------------------------------------------------------------------------
  2014          -5.      -2.      -1.       4.      -1.       3.
                 3.      -4.       3.       1.      -3.       2.            0.
 
        bps_permits 11300            PAGE  15, SERIES bps_permits_addi
  
 D 18  Combined calendar adjustment factors
       (includes trading day factors)
  From  2004.Jan to 2013.Dec
  Observations        120
 -----------------------------------------------------------------------------
               Jan      Feb      Mar      Apr      May      Jun 
               Jul      Aug      Sep      Oct      Nov      Dec         AVGE  
 -----------------------------------------------------------------------------
  2004          -0.      -2.       1.       1.      -2.       1.
                -0.      -0.       1.      -2.       1.       1.            0.
 
  2005          -2.       0.       1.      -1.      -0.       1.
                -2.       1.       1.      -2.       1.      -0.           -0.
 
  2006          -0.       0.       1.      -2.       1.       1.
                -2.       1.      -1.      -0.       1.      -2.           -0.
 
  2007           1.       0.      -0.      -1.       1.      -1.
                -0.       1.      -2.       1.       1.      -2.            0.
 
  2008           1.      -0.      -2.       1.      -0.      -1.
                 1.      -2.       1.       1.      -2.       1.            0.
 
  2009          -0.       0.      -0.       1.      -2.       1.
                 1.      -2.       1.      -0.      -1.       1.            0.
 
  2010          -2.       0.       1.       1.      -2.       1.
                -0.      -0.       1.      -2.       1.       1.            0.
 
  2011          -2.       0.       1.      -1.      -0.       1.
                -2.       1.       1.      -2.       1.      -0.           -0.
 
  2012          -0.      -0.      -0.      -1.       1.      -1.
                -0.       1.      -2.       1.       1.      -2.           -0.
 
  2013           1.       0.      -2.       1.       1.      -2.
                 1.      -0.      -1.       1.      -1.      -0.            0.
 
  AVGE          -0.      -0.       0.      -0.      -0.       0.
                -0.       0.      -0.      -0.       0.      -0.

  Table Total-          -1.   Mean-        -0.   Std. Dev.-         1.
                              Min -        -2.        Max -         1.

 D 18.A  Combined calendar adjustment component forecasts
  From  2014.Jan to 2014.Dec
  Observations         12
 -----------------------------------------------------------------------------
               Jan      Feb      Mar      Apr      May      Jun 
               Jul      Aug      Sep      Oct      Nov      Dec         AVGE  
 -----------------------------------------------------------------------------
  2014           1.       0.      -2.       1.      -0.      -1.
                 1.      -2.       1.       1.      -2.       1.            0.
 
        bps_permits 11300            PAGE  16, SERIES bps_permits_addi

 E 4  Differences of annual totals
  From          2004 to 2013
  Observations         10
 -----------------------------------
  Year       Unmodified     Modified
                  (D11)         (E2)
 -----------------------------------
  2004              -0.          -0.
 
  2005              -2.          -2.
 
  2006              -2.          -2.
 
  2007               0.           0.
 
  2008               0.           0.
 
  2009               1.           1.
 
  2010               1.           1.
 
  2011              -0.          -0.
 
  2012              -1.          -1.
 
  2013               1.           1.
 
        bps_permits 11300            PAGE  17, SERIES bps_permits_addi

 E 5  Month-to-month differences in the original series
  From  2004.Feb to 2013.Dec
  Observations        119
 -----------------------------------------------------------------------------
               Jan      Feb      Mar      Apr      May      Jun 
               Jul      Aug      Sep      Oct      Nov      Dec         AVGE  
 -----------------------------------------------------------------------------
  2004                    3.      34.      26.     -44.      22.
               -19.      -5.       4.      11.     -23.       5.            1.
 
  2005         -15.      -1.      21.       0.       8.      20.
               -39.      11.       3.      -8.     -10.       0.           -1.
 
  2006          -4.       6.       0.       4.     -12.      19.
               -15.      13.     -11.      -4.      -8.       1.           -1.
 
  2007          14.     -19.      11.      -2.       5.      -4.
               -11.      10.      -6.      -5.       3.       0.           -0.
 
  2008          14.     -20.       7.      -1.      -2.       3.
                -4.      -1.       2.       0.      -1.      -2.           -0.
 
  2009          -2.       3.       0.       0.       4.      -4.
                 1.      -3.       4.       0.       0.      -2.            0.
 
  2010          -3.       5.       1.       0.      -2.       0.
                 1.       1.      -3.       3.      -2.      -3.           -0.
 
  2011           1.      -2.       4.      -1.       1.       3.
                -4.      -1.       3.      -3.       0.      -1.            0.
 
  2012           1.      -1.       3.      -1.       0.       1.
                 2.      -2.       0.       2.      -3.       0.            0.
 
  2013          -3.       3.       1.       6.      -5.       2.
                 0.      -5.       3.      -1.      -1.       4.            0.
 
  AVGE           0.      -2.       8.       3.      -5.       6.
                -9.       2.      -0.      -0.      -4.       0.

  Table Total-         -11.   Mean-        -0.   Std. Dev.-        10.
                              Min -       -44.        Max -        34.
        bps_permits 11300            PAGE  18, SERIES bps_permits_addi

 E 6  Month-to-month differences in seasonally adjusted series (D11)
  From  2004.Feb to 2013.Dec
  Observations        119
 -----------------------------------------------------------------------------
               Jan      Feb      Mar      Apr      May      Jun 
               Jul      Aug      Sep      Oct      Nov      Dec         AVGE  
 -----------------------------------------------------------------------------
  2004                    5.      15.      25.     -43.      14.
                -3.     -11.       3.      17.     -18.       0.            0.
 
  2005          -4.      -3.       4.       1.       5.      14.
               -22.       2.       4.      -2.      -7.      -2.           -1.
 
  2006           2.       6.     -14.       7.     -18.      17.
                 0.       4.      -8.      -1.      -5.       2.           -1.
 
  2007          15.     -18.       2.      -2.       0.      -4.
                -2.       3.      -1.      -6.       6.       2.           -0.
 
  2008          13.     -19.       3.      -4.      -4.       3.
                 0.      -2.       1.       1.       4.      -5.           -1.
 
  2009           2.       1.      -4.      -1.       5.      -7.
                 4.      -1.       2.       2.       1.      -3.            0.
 
  2010           2.       1.      -4.       1.      -0.      -3.
                 4.       1.      -5.       6.      -4.      -2.           -0.
 
  2011           7.      -7.       0.       1.       1.       0.
                 0.      -3.       2.       0.      -2.       1.            0.
 
  2012           5.      -4.       1.      -2.      -0.       0.
                 3.      -1.       1.      -1.      -2.       2.            0.
 
  2013          -1.       1.       0.       1.      -2.       2.
                -2.      -0.       0.      -1.       2.       2.            0.
 
  AVGE           5.      -4.       0.       2.      -6.       4.
                -2.      -1.      -0.       2.      -3.      -0.

  Table Total-         -24.   Mean-        -0.   Std. Dev.-         8.
                              Min -       -43.        Max -        25.
        bps_permits 11300            PAGE  19, SERIES bps_permits_addi

 E 7  Month-to-month differences in final trend cycle (D12)
  From  2004.Feb to 2013.Dec
  Observations        119
 -----------------------------------------------------------------------------
               Jan      Feb      Mar      Apr      May      Jun 
               Jul      Aug      Sep      Oct      Nov      Dec         AVGE  
 -----------------------------------------------------------------------------
  2004                   -0.      -0.      -1.      -1.      -1.
                -1.      -1.      -1.      -1.      -1.      -1.           -1.
 
  2005          -0.      -0.       0.       0.       0.       0.
                -0.      -0.      -1.      -1.      -1.      -1.           -0.
 
  2006          -1.      -1.      -1.      -1.      -1.      -1.
                -1.      -1.      -1.      -1.      -1.      -1.           -1.
 
  2007          -1.      -1.      -1.      -1.      -1.      -1.
                -1.      -0.      -0.      -0.      -0.      -0.           -1.
 
  2008          -1.      -1.      -1.      -1.      -1.      -0.
                -0.      -0.       0.       0.       0.       0.           -0.
 
  2009          -0.      -0.      -0.      -0.      -0.      -0.
                 0.       0.       0.       0.       0.       0.            0.
 
  2010           0.       0.      -0.      -0.      -0.      -0.
                -0.      -0.      -0.      -0.      -0.      -0.           -0.
 
  2011          -0.      -0.      -0.      -0.       0.       0.
                 0.       0.      -0.      -0.      -0.      -0.           -0.
 
  2012          -0.       0.       0.       0.       0.       0.
                 0.       0.       0.       0.       0.       0.            0.
 
  2013           0.       0.       0.      -0.      -0.      -0.
                -0.      -0.      -0.      -0.      -0.      -0.           -0.
 
  AVGE          -0.      -0.      -0.      -0.      -0.      -0.
                -0.      -0.      -0.      -0.      -0.      -0.

  Table Total-         -40.   Mean-        -0.   Std. Dev.-         1.
                              Min -        -1.        Max -         0.
        bps_permits 11300            PAGE  20, SERIES bps_permits_addi

 E 8  Month-to-month differences in original series adjusted for calendar factors (A18)
  From  2004.Feb to 2013.Dec
  Observations        119
 -----------------------------------------------------------------------------
               Jan      Feb      Mar      Apr      May      Jun 
               Jul      Aug      Sep      Oct      Nov      Dec         AVGE  
 -----------------------------------------------------------------------------
  2004                    5.      31.      26.     -41.      19.
               -18.      -5.       3.      14.     -26.       5.            1.
 
  2005         -12.      -3.      20.       2.       8.      19.
               -36.       8.       3.      -5.     -13.       1.           -1.
 
  2006          -4.       6.      -1.       8.     -16.      19.
               -12.      10.      -9.      -4.      -9.       4.           -1.
 
  2007          11.     -18.      11.      -2.       3.      -2.
               -11.       8.      -2.      -9.       3.       3.           -0.
 
  2008          11.     -18.       9.      -4.      -1.       3.
                -6.       2.      -1.      -0.       3.      -6.           -1.
 
  2009          -0.       3.       0.      -1.       7.      -7.
                 1.       0.       1.       1.       0.      -4.            0.
 
  2010           0.       3.      -0.       0.       1.      -3.
                 2.       1.      -4.       6.      -5.      -3.           -0.
 
  2011           4.      -4.       3.       1.       1.       2.
                -1.      -4.       3.      -0.      -3.       0.            0.
 
  2012           1.      -1.       3.      -1.      -2.       3.
                 2.      -4.       4.      -2.      -3.       3.            0.
 
  2013          -6.       4.       3.       3.      -5.       6.
                -4.      -3.       3.      -3.       1.       4.            0.
 
  AVGE           1.      -2.       8.       3.      -5.       6.
                -8.       1.       0.      -0.      -5.       1.

  Table Total-         -11.   Mean-        -0.   Std. Dev.-        10.
                              Min -       -41.        Max -        31.
        bps_permits 11300            PAGE  21, SERIES bps_permits_addi

 E 18  Final adjustment ratios
  From  2004.Jan to 2013.Dec
  Observations        120
 -----------------------------------------------------------------------------
               Jan      Feb      Mar      Apr      May      Jun 
               Jul      Aug      Sep      Oct      Nov      Dec         AVGE  
 -----------------------------------------------------------------------------
  2004       60.669   60.690  110.083  108.793  118.471  129.586
             94.928  110.168  112.283   96.159   80.748   94.258        98.070
 
  2005       57.869   59.887  116.129  113.944  118.478  124.165
             87.052  114.159  110.655   93.100   79.911   86.994        96.862
 
  2006       66.085   72.607  122.554  107.337  196.929  143.019
             83.031  115.631  108.411   94.120   72.043   71.034       104.400
 
  2007       81.121   51.226  112.268  117.874  151.603  164.893
             72.058  138.961   92.813  110.468   76.626   62.773       102.724
 
  2008       84.109   29.702   95.376  157.240  391.757  191.007
             96.688  114.053  147.011  111.849   55.391   74.984       129.097
 
  2009       17.673   59.546  136.751  213.803  117.100 ********
            124.598   77.627  131.899   94.375   83.309   85.882         6.961
 
  2010       14.258   74.910  158.693  136.455  103.575  372.154
            104.475   97.866  168.129   83.232  120.872   87.465       126.840
 
  2011       32.114   39.871  178.024  116.400  116.129  184.162
             87.230  146.030  146.191   71.816  125.047   58.524       108.462
 
  2012       36.036   49.302  108.537  148.186  173.582  197.125
            125.570  108.106   82.804  133.065  107.560   64.608       111.207
 
  2013       19.100   67.995   81.758  148.742  119.573  118.716
            167.779   64.126  118.274  133.282   72.031  102.954       101.194
 
  AVGE       46.903   56.574  122.017  136.877  160.720   56.580
            104.341  108.673  121.847  102.146   87.354   78.948

  Table Total-       11830.   Mean-        99.   Std. Dev.-       119.
                              Min -     -1059.        Max -       392.

 E 18.A  Final adjustment ratio forecasts
  From  2014.Jan to 2014.Dec
  Observations         12
 -----------------------------------------------------------------------------
               Jan      Feb      Mar      Apr      May      Jun 
               Jul      Aug      Sep      Oct      Nov      Dec         AVGE  
 -----------------------------------------------------------------------------
  2014     -197.156   18.658   59.414  196.187   47.226  193.303
            430.669 -197.710  363.034  767.895  -57.897  158.209       148.486
 
        bps_permits 11300            PAGE  22, SERIES bps_permits_addi

 E 18.B  Total adjustment factors
  From  2004.Jan to 2013.Dec
  Observations        120
 -----------------------------------------------------------------------------
               Jan      Feb      Mar      Apr      May      Jun 
               Jul      Aug      Sep      Oct      Nov      Dec         AVGE  
 -----------------------------------------------------------------------------
  2004         -12.     -14.       5.       7.       6.      14.
                -2.       3.       4.      -2.      -7.      -2.           -0.
 
  2005         -13.     -11.       5.       5.       7.      13.
                -4.       5.       4.      -2.      -6.      -3.           -0.
 
  2006         -10.      -9.       5.       2.       8.      11.
                -4.       5.       2.      -1.      -4.      -5.           -0.
 
  2007          -6.      -7.       2.       2.       7.       7.
                -2.       4.      -1.       0.      -2.      -5.            0.
 
  2008          -4.      -5.      -0.       3.       4.       4.
                -0.       0.       2.       1.      -4.      -1.            0.
 
  2009          -5.      -3.       1.       2.       1.       4.
                 1.      -1.       1.      -0.      -1.      -1.            0.
 
  2010          -6.      -2.       3.       2.       0.       4.
                 0.      -0.       2.      -1.       1.      -0.            0.
 
  2011          -6.      -2.       2.       1.       1.       4.
                -1.       1.       2.      -1.       1.      -1.           -0.
 
  2012          -5.      -2.       0.       1.       2.       2.
                 1.       0.      -1.       2.       0.      -2.           -0.
 
  2013          -4.      -2.      -1.       4.       1.       1.
                 3.      -2.       1.       1.      -2.       0.            0.
 
  AVGE          -7.      -6.       2.       3.       4.       6.
                -1.       2.       2.      -0.      -2.      -2.

  Table Total-          -1.   Mean-        -0.   Std. Dev.-         5.
                              Min -       -14.        Max -        14.

 E 18.C  Total adjustment factor forecasts
  From  2014.Jan to 2014.Dec
  Observations         12
 -----------------------------------------------------------------------------
               Jan      Feb      Mar      Apr      May      Jun 
               Jul      Aug      Sep      Oct      Nov      Dec         AVGE  
 -----------------------------------------------------------------------------
  2014          -5.      -2.      -1.       4.      -1.       3.
                 3.      -4.       3.       1.      -3.       2.            0.
 
        bps_permits 11300            PAGE  23, SERIES bps_permits_addi

 F 4.  Additive Day of the Week Trading Day Component Factors


      Day of Week Component for regARIMA Trading Day Factors:

                                       months starting on:
                     Mon      Tue      Wed      Thu      Fri      Sat      Sun
 31-day months         1.       1.       1.      -0.      -2.      -2.      -0.
 30-day months         1.       1.       1.       1.      -1.      -2.      -1.
 Leap year Feb.  ******** ********       0. ********       0. ********      -1.

  QS statistic for seasonality:
  Original Series                                    14.40  (P-Value =     0.0007)
  Original Series (EV adj)                           16.96  (P-Value =     0.0002)
  Residuals                                           0.00  (P-Value =     1.0000)
  Seasonally Adjusted Series                          3.62  (P-Value =     0.1640)
  Seasonally Adjusted Series (EV adj)                 0.00  (P-Value =     1.0000)
  Irregular Series                                    0.98  (P-Value =     0.6116)
  Irregular Series (EV adj)                           0.00  (P-Value =     1.0000)

  QS statistic for seasonality (starting 2006.Jan):
  Original Series                                     4.29  (P-Value =     0.1169)
  Original Series (EV adj)                            6.08  (P-Value =     0.0478)
  Residuals                                           1.43  (P-Value =     0.4901)
  Seasonally Adjusted Series                          2.79  (P-Value =     0.2482)
  Seasonally Adjusted Series (EV adj)                 0.00  (P-Value =     1.0000)
  Irregular Series                                    4.91  (P-Value =     0.0861)
  Irregular Series (EV adj)                           0.00  (P-Value =     1.0000)
        bps_permits 11300            PAGE  24, SERIES bps_permits_addi


  Visually significant residual trading day peaks have been
  found in the spectral plots of the following series starting in 2006.Jan:

          differenced prior adjusted series (Table B1) (1 Trading Day peak(s))

          differenced seasonally adjusted series (Table E2) (1 Trading Day peak(s))

          Modified irregular component (Table E3) (1 Seasonal and 


 WARNING: Series should not be a candidate for seasonal adjustment
          because the spectrum of the prior adjusted series (Table B1)
          has no visually significant seasonal peaks.

          If this is a component series of an indirectly adjusted
          composite series, consider using type = trend or type = summary
          in the x11 spec.
        bps_permits 11300            PAGE  25, SERIES bps_permits_addi
 G 0  10*LOG(SPECTRUM) of the differenced Prior Adjusted Series
      (Table B1).  Spectrum estimated from 2006.Jan to 2013.Dec.
 ++++++++++I+++++++++++++++++++++++++++++++++++++++++++++++++++++++++++++I
      25.51I                                                   *         I     25.51
           I                                                   *         I
           I                                                   *         I
           I                                                   *         I
      23.72I                                                   *         I     23.72
           I                                          T        *         I
           I                                          T        *         I
           I                                          T        *         I
      21.93I                                          T        *         I     21.93
           I                                          T        *         I
           I                                          T        *         I
           I                                          T       S*         I
      20.14I                                          T       S*T    *   I     20.14
           I                                          T       S*T    **  I
           I                                          T     * S*T    **  I
           I                                          T     * S*T   ***  I
      18.35I                                          T     * S*T  ****  I     18.35
           I                                          T     **S*T******  I
           I                                          T     **S*T******  I
           I                                          T     **S*T******  I
      16.56I                                         *T     **S*T******  I     16.56
           I                            *            *T     **S*T******  I
           I                            *    **      *T    ***S*T******* I
           I                            **   **      *T    ***S*T******* I
      14.77I                            **S  **     S*T    ***S*T******* I     14.77
           I                           ***S  **    *S*T    ***S*T*******SI
           I                      *    ***S  **    *S*T*   ***S*T*******SI
           I                      *    ***S* **    *S*T*   ***S*T*******SI
      12.98I                      *    ***S****    *S*T*   ***S*T*******SI     12.98
           I                      *    ***S****    *S*T*   ***S*T*******SI
           I                      *    ***S****   **S*T*   ***S*T*******SI
           I                      *    ***S****   **S*T*   ***S*T*******SI
      11.19I                      *    ***S****   **S*T*   ***S*T*******SI     11.19
           I           *          *    ***S*****  **S*T*   ***S*T*******SI
           I           *  *      **    ***S*****  **S*T*  ****S*T*******SI
           I           *  **     ***  ****S*****  **S*T*  ****S*T*******SI
       9.40I          S*  **     ***  ****S***** ***S*T*  ****S*T*******SI      9.40
           I          S*  **     ***  ****S***** ***S*T*  ****S*T*******SI
           I          S*  **     ***  ****S*********S*T** ****S*T*******SI
           I          S** **     ***  ****S*********S*T*******S*T*******SI
       7.61I          S*****     ***  ****S*********S*T*******S*T*******SI      7.61
           I          S*****     *********S*********S*T*******S*T*******SI
           I          S*****     *********S*********S*T*******S*T*******SI
           I          S*****    S*********S*********S*T*******S*T*******SI
       5.82I          S******   S*********S*********S*T*******S*T*******SI      5.82
           I         *S******   S*********S*********S*T*******S*T*******SI
           I         *S******   S*********S*********S*T*******S*T*******SI
           I         *S******  *S*********S*********S*T*******S*T*******SI
       4.03I         *S******  *S*********S*********S*T*******S*T*******SI      4.03
           I  *     **S*********S*********S*********S*T*******S*T*******SI
           I  *    ***S*********S*********S*********S*T*******S*T*******SI
           I ***  ****S*********S*********S*********S*T*******S*T*******SI
       2.24I**********S*********S*********S*********S*T*******S*T*******SI      2.24
 ++++++++++I+++++++++++++++++++++++++++++++++++++++++++++++++++++++++++++I
            S=SEASONAL FREQUENCIES, T=TRADING DAY FREQUENCIES
        bps_permits 11300            PAGE  26, SERIES bps_permits_addi
 G 1  10*LOG(SPECTRUM) of the differenced seasonally adjusted 
      data (Table E2).  Spectrum estimated from 2006.Jan to 2013.Dec.
 ++++++++++I+++++++++++++++++++++++++++++++++++++++++++++++++++++++++++++I
      18.50I                                          T                  I     18.50
           I                                          T                  I
           I                                          T                  I
           I                                          T                  I
      16.80I                                          T                  I     16.80
           I                                          T                  I
           I                                          T                  I
           I                                          T                  I
      15.11I                                          T                  I     15.11
           I                                 *        T                  I
           I                                 *    *   T*            **   I
           I                                **    *   T*            **   I
      13.41I                                **   **   T*            ***  I     13.41
           I                                **   **   T*  **       ****  I
           I                                **   **  *T*  **       *****SI
           I                                **   **  *T*  **       *****SI
      11.71I                                ***  **  *T*  **       *****SI     11.71
           I                                ***  **  *T*  **      ******SI
           I                                ***  *** *T*  **      ******SI
           I                                ***  ***S*T* ***      ******SI
      10.02I                                *** ****S*T*****      ******SI     10.02
           I                                ********S*T******     ******SI
           I                               *********S*T******    *******SI
           I                               *********S*T******    *******SI
       8.32I                               *********S*T******    *******SI      8.32
           I                               *********S*T******    *******SI
           I                               *********S*T******   T*******SI
           I               *               *********S*T*******  T*******SI
       6.62I               *               *********S*T*******S*T*******SI      6.62
           I               **              *********S*T*******S*T*******SI
           I               **   S          *********S*T*******S*T*******SI
           I *             **   S          *********S*T*******S*T*******SI
       4.92I *          * ***   S          *********S*T*******S*T*******SI      4.92
           I***         *****   S   *      *********S*T*******S*T*******SI
           I***        ******   S*  *      *********S*T*******S*T*******SI
           I***        ******   S*  *     S*********S*T*******S*T*******SI
       3.23I***        ******  *S*  **    S*********S*T*******S*T*******SI      3.23
           I***        ******* *S*  **    S*********S*T*******S*T*******SI
           I***       S******* *S*  **    S*********S*T*******S*T*******SI
           I***       S*********S*****    S*********S*T*******S*T*******SI
       1.53I***       S*********S*****    S*********S*T*******S*T*******SI      1.53
           I***       S*********S*****    S*********S*T*******S*T*******SI
           I****     *S*********S*****    S*********S*T*******S*T*******SI
           I****     *S*********S*****    S*********S*T*******S*T*******SI
      -0.17I****     *S*********S*****   *S*********S*T*******S*T*******SI     -0.17
           I****     *S*********S******  *S*********S*T*******S*T*******SI
           I****    **S*********S******  *S*********S*T*******S*T*******SI
           I****    **S*********S******  *S*********S*T*******S*T*******SI
      -1.86I****    **S*********S******  *S*********S*T*******S*T*******SI     -1.86
           I*****   **S*********S****** **S*********S*T*******S*T*******SI
           I*****  ***S*********S*********S*********S*T*******S*T*******SI
           I*****  ***S*********S*********S*********S*T*******S*T*******SI
      -3.56I**********S*********S*********S*********S*T*******S*T*******SI     -3.56
 ++++++++++I+++++++++++++++++++++++++++++++++++++++++++++++++++++++++++++I
            S=SEASONAL FREQUENCIES, T=TRADING DAY FREQUENCIES
        bps_permits 11300            PAGE  27, SERIES bps_permits_addi
 G 2  10*LOG(SPECTRUM) of the Modified Irregular (Table E3).  
      Spectrum estimated from 2006.Jan to 2013.Dec.
 ++++++++++I+++++++++++++++++++++++++++++++++++++++++++++++++++++++++++++I
      13.41I                                          T                  I     13.41
           I                                          T                  I
           I                                          T                  I
           I                                          T                  I
      11.69I                                          T                  I     11.69
           I                                          T                  I
           I                                 *        T                  I
           I                                **        T                  I
       9.97I               *                **        T                  I      9.97
           I               *                **    *   T                  I
           I            *  *                **    *   T*                 I
           I            *  *                **   **   T*                 I
       8.25I            *  *                **   **   T*            **   I      8.25
           I            *  *                ***  **   T*  *         ***  I
           I            *****               ***  **  *T*  **       ****  I
           I           ******               ***  **  *T*  **       ***** I
       6.53I           ******               ***  *** *T*  **       *****SI      6.53
           I           ******               ***  *** *T*  **       *****SI
           I           ******              *********S*T*  **       *****SI
           I           ******   S          *********S*T*  **      ******SI
       4.81I          S******   S          *********S*T*****      ******SI      4.81
           I          S******   S          *********S*T*****      ******SI
           I          S******   S          *********S*T******     ******SI
           I          S******* *S          *********S*T******     ******SI
       3.09I         *S******* *S*         *********S*T******     ******SI      3.09
           I         *S******* *S*  *      *********S*T******    *******SI
           I         *S*********S*  *      *********S*T******    *******SI
           I         *S*********S*  *      *********S*T*******  T*******SI
       1.37I         *S*********S*  *      *********S*T*******  T*******SI      1.37
           I         *S*********S*****     *********S*T*******S*T*******SI
           I         *S*********S*****    S*********S*T*******S*T*******SI
           I         *S*********S*****    S*********S*T*******S*T*******SI
      -0.35I         *S*********S*****    S*********S*T*******S*T*******SI     -0.35
           I        **S*********S*****    S*********S*T*******S*T*******SI
           I        **S*********S*****    S*********S*T*******S*T*******SI
           I        **S*********S*****    S*********S*T*******S*T*******SI
      -2.07I        **S*********S*****    S*********S*T*******S*T*******SI     -2.07
           I        **S*********S******   S*********S*T*******S*T*******SI
           I        **S*********S******  *S*********S*T*******S*T*******SI
           I        **S*********S******  *S*********S*T*******S*T*******SI
      -3.79I        **S*********S******  *S*********S*T*******S*T*******SI     -3.79
           I        **S*********S******  *S*********S*T*******S*T*******SI
           I       ***S*********S*********S*********S*T*******S*T*******SI
           I       ***S*********S*********S*********S*T*******S*T*******SI
      -5.51I       ***S*********S*********S*********S*T*******S*T*******SI     -5.51
           I       ***S*********S*********S*********S*T*******S*T*******SI
           I       ***S*********S*********S*********S*T*******S*T*******SI
           I   *   ***S*********S*********S*********S*T*******S*T*******SI
      -7.23I  **  ****S*********S*********S*********S*T*******S*T*******SI     -7.23
           I  *** ****S*********S*********S*********S*T*******S*T*******SI
           I  ********S*********S*********S*********S*T*******S*T*******SI
           I *********S*********S*********S*********S*T*******S*T*******SI
      -8.95I**********S*********S*********S*********S*T*******S*T*******SI     -8.95
 ++++++++++I+++++++++++++++++++++++++++++++++++++++++++++++++++++++++++++I
            S=SEASONAL FREQUENCIES, T=TRADING DAY FREQUENCIES
        bps_permits 11300            PAGE  28, SERIES bps_permits_addi

  Peak probabilities for Tukey spectrum estimator
  Spectrum estimated from 2006.Jan to 2013.Dec.

                                          S1       S2       S3       S4       S5       S6       TD
                                        ------   ------   ------   ------   ------   ------   ------
  Model Residuals                        0.195    0.475    0.215    0.250    0.244    0.774    0.776  
  Prior Adjusted Series (Table B1)       0.661    0.208    0.207    0.225    0.770    0.327    0.818  
  Seasonally adjusted series (E2)        0.543    0.647    0.141    0.104    0.311    0.420    0.862  
  Modified Irregular (E3)                0.449    0.665    0.152    0.099    0.326    0.421    0.847  
  ----------
     ** - Peak Probability > 0.99,
      * - 0.90 < Peak Probability < 0.99


