  Reading input spec file from D:\Programming\Dynamic Paper-dlrhcs_replication\outputs\empirical\unemployment\raw_sa_pilot\x13_work\bps_permits_additive_level_42200_201401_202606.spc

1

               U. S. Department of Commerce, U. S. Census Bureau

              X-13ARIMA-SEATS monthly seasonal adjustment Method,
                          Release Version 1.1 Build 62


           This software application provides an enhanced version of
             Statistics Canada's X-11-ARIMA extension (Dagum, 1980)
                 of the X-11 variant of the Census Method II of
                      Shiskin, Young and Musgrave (1967).

            It also provides an ARIMA model-based method following
       Hillmer and Tiao (1982) and Burman (1980) that is very similar
       to the update of the method of SEATS (Gomez and Maravall, 1996)
                produced at the Bank of Spain by G. Caporello and
               A. Maravall for TSW (Caporello and Maravall, 2004).
          The present application includes additional enhancements.

         X-13ARIMA-SEATS includes an automatic ARIMA model selection procedure
          based largely on the procedure of Gomez and Maravall (1998)
            as implemented in TRAMO (1996) and subsequent revisions.

              Primary Programmers: Brian Monsell, Mark Otto and,
                 for the ARIMA model-based signal extraction,
                      Gianluca Caporello and Victor Gomez


     Series Title- bps_permits 42200
     Series Name- bps_permits_addi
     Jul 29, 2026  08.34.24 

        -Period covered-  1st month,2014 to  6th month,2026
        -Type of run - additive seasonal adjustment

        -Sigma limits for graduating extreme values are  1.5 and  2.5 .
        -3x3 moving average used in section 1 of each iteration, 
         3x5 moving average in section 2 of iterations B and C,
         moving average for final seasonal factors chosen by Global MSR.
        -Holiday adjustment factors applied directly to the final seasonally adjusted series
        -Spectral plots generated for selected series
        -Spectral plots generated for series starting in 2018.Jul

 FILE SAVE REQUESTS (* indicates file exists and will be overwritten)
  D:\Programming\Dynamic Paper-dlrhcs_replication\outputs\empirical\unemployment\raw_sa_pilot\x13_work\bps_permits_additive_level_42200_201401_202606.d10  final seasonal factors
  D:\Programming\Dynamic Paper-dlrhcs_replication\outputs\empirical\unemployment\raw_sa_pilot\x13_work\bps_permits_additive_level_42200_201401_202606.d11  final seasonally adjusted data
  D:\Programming\Dynamic Paper-dlrhcs_replication\outputs\empirical\unemployment\raw_sa_pilot\x13_work\bps_permits_additive_level_42200_201401_202606.out  program output file
  D:\Programming\Dynamic Paper-dlrhcs_replication\outputs\empirical\unemployment\raw_sa_pilot\x13_work\bps_permits_additive_level_42200_201401_202606.err  program error file
        bps_permits 42200            PAGE   1, SERIES bps_permits_addi

     Contents of spc file D:\Programming\Dynamic Paper-dlrhcs_replication\outputs\empirical\unemployment\raw_sa_pilot\x13_work\bps_permits_additive_level_42200_201401_202606.spc

 Line #
 ------
      1: series {
      2:   title = "bps_permits 42200"
      3:   start = 2014.1
      4:   period = 12
      5:   data = (
      6: 12
      7: 22
      8: 24
      9: 29
     10: 230
     11: 53
     12: 28
     13: 19
     14: 29
     15: 49
     16: 30
     17: 22
     18: 9
     19: 21
     20: 99
     21: 100
     22: 14
     23: 18
     24: 13
     25: 11
     26: 5
     27: 6
     28: 68
     29: 4
     30: 4
     31: 66
     32: 11
     33: 16
     34: 5
     35: 16
     36: 4
     37: 4
     38: 3
     39: 24
     40: 6
     41: 9
     42: 13
     43: 15
     44: 27
     45: 41
     46: 103
     47: 12
     48: 51
     49: 23
     50: 17
     51: 9
     52: 45
     53: 44
     54: 35
     55: 27
     56: 19
     57: 20
     58: 106
     59: 22
     60: 15
     61: 14
     62: 21
     63: 38
     64: 18
     65: 9
     66: 28
     67: 25
     68: 33
     69: 28
     70: 21
     71: 40
     72: 7
     73: 18
     74: 19
     75: 22
     76: 19
     77: 11
     78: 9
     79: 15
     80: 15
     81: 16
     82: 16
     83: 12
     84: 9
     85: 10
     86: 13
     87: 14
     88: 11
     89: 13
     90: 38
     91: 7
     92: 30
     93: 41
     94: 14
     95: 15
     96: 6
     97: 8
     98: 4
     99: 9
    100: 5
    101: 3
    102: 88
    103: 83
    104: 107
    105: 83
    106: 85
    107: 103
    108: 55
    109: 158
    110: 94
    111: 70
    112: 63
    113: 28
    114: 30
    115: 91
    116: 44
    117: 85
    118: 128
    119: 77
    120: 14
    121: 89
    122: 22
    123: 73
    124: 85
    125: 20
    126: 58
    127: 74
    128: 47
    129: 41
    130: 35
    131: 154
    132: 149
    133: 45
    134: 61
    135: 42
    136: 28
    137: 60
    138: 37
    139: 32
    140: 47
    141: 34
    142: 46
    143: 49
    144: 40
    145: 48
    146: 287
    147: 43
    148: 32
    149: 73
    150: 44
    151: 45
    152: 39
    153: 95
    154: 127
    155: 259
    156:   )
    157: }
    158: transform { function = none }
    159: regression { aictest = (td easter) }
    160: automdl {}
    161: x11 { mode = add save = (d10 d11) }
        bps_permits 42200            PAGE   2, SERIES bps_permits_addi

 A 1  Time series data (for the span analyzed)
  From  2014.Jan to 2026.Jun
  Observations        150
 -----------------------------------------------------------------------------
               Jan      Feb      Mar      Apr      May      Jun 
               Jul      Aug      Sep      Oct      Nov      Dec        TOTAL  
 -----------------------------------------------------------------------------
  2014          12.      22.      24.      29.     230.      53.
                28.      19.      29.      49.      30.      22.          547.
 
  2015           9.      21.      99.     100.      14.      18.
                13.      11.       5.       6.      68.       4.          368.
 
  2016           4.      66.      11.      16.       5.      16.
                 4.       4.       3.      24.       6.       9.          168.
 
  2017          13.      15.      27.      41.     103.      12.
                51.      23.      17.       9.      45.      44.          400.
 
  2018          35.      27.      19.      20.     106.      22.
                15.      14.      21.      38.      18.       9.          344.
 
  2019          28.      25.      33.      28.      21.      40.
                 7.      18.      19.      22.      19.      11.          271.
 
  2020           9.      15.      15.      16.      16.      12.
                 9.      10.      13.      14.      11.      13.          153.
 
  2021          38.       7.      30.      41.      14.      15.
                 6.       8.       4.       9.       5.       3.          180.
 
  2022          88.      83.     107.      83.      85.     103.
                55.     158.      94.      70.      63.      28.         1017.
 
  2023          30.      91.      44.      85.     128.      77.
                14.      89.      22.      73.      85.      20.          758.
 
  2024          58.      74.      47.      41.      35.     154.
               149.      45.      61.      42.      28.      60.          794.
 
  2025          37.      32.      47.      34.      46.      49.
                40.      48.     287.      43.      32.      73.          768.
 
  2026          44.      45.      39.      95.     127.     259.
                                                                          609.
 
  AVGE          31.      40.      42.      48.      72.      64.
                33.      37.      48.      33.      34.      25.

  Table Total-        6377.   Mean-        43.   Std. Dev.-        45.
                              Min -         3.        Max -       287.
        bps_permits 42200            PAGE   3, SERIES bps_permits_addi
                        Automatic ARIMA Model Selection

                    Procedure based closely on TRAMO method 
                         of Gomez and Maravall (2000)
              "Automatic Modeling Methods for Univariate Series",
                            A Course in Time Series
                  (Edited by D. Pena, G. C. Tiao, R. S. Tsay),
                         New York : J. Wiley and Sons


     Maximum order for regular ARMA parameters :   2
     Maximum order for seasonal ARMA parameters :   1
     Maximum order for regular differencing :   2
     Maximum order for seasonal differencing :   1

   Results of Unit Root Test for identifying orders of differencing:
     Regular difference order :   0
     Seasonal difference order :   0

  Automatic model choice : (1 0 1)


  Final Checks for Identified Model


  Checking for Unit Roots.
   Regular unit root found.
   ( 0, 1, 1) ( 0, 0, 0)
  Constant term removed from model

  Checking for nonseasonal overdifferencing.
   Nonseasonal MA not within  0.001 of 1.0 - model passes test.

  Checking for insignificant ARMA coefficients.

  Final automatic model choice : (0 1 1)
   End of automatic model selection procedure.

 Average absolute percentage error in within-sample forecasts:
  Last year:  37.64      Last-1 year:  65.21     Last-2 year: 111.93
  Last three years:   71.59

 Estimation converged in    4 ARMA iterations,    9 function evaluations.

 ARIMA Model:  (0 1 1)
   Nonseasonal differences: 1
                                              Standard
 Parameter                    Estimate          Errors
 -----------------------------------------------------
 Nonseasonal MA                                    
   Lag  1                       0.8490         0.05011

 Variance                       0.17529E+04
 SE of Var                      0.20308E+03
 -----------------------------------------------------

 Likelihood Statistics
 ------------------------------------------------------------------
 Number of observations (nobs)                                  150
 Effective number of observations (nefobs)                      149
 Number of parameters estimated (np)                              2
 Log likelihood (L)                                       -768.5016
 AIC                                                      1541.0031 
 AICC (F-corrected-AIC)                                   1541.0853 
 Hannan Quinn                                             1543.4440 
 BIC                                                      1547.0110 
 ------------------------------------------------------------------

 QS Statistic for regARIMA Model Residuals (full series):             0.00
                                                       (P-Value =     1.0000)

 QS Statistic for regARIMA Model Residuals (starting 2018.Jul):       0.00
                                                       (P-Value =     1.0000)
      10*LOG(SPECTRUM) of the regARIMA model residuals
      Spectrum estimated from 2018.Jul to 2026.Jun.
 ++++++++++I+++++++++++++++++++++++++++++++++++++++++++++++++++++++++++++I
      39.73I                          *                                  I     39.73
           I                          *                                  I
           I                          *                *                 I
           I                          *                *                 I
      38.43I                          *                *                 I     38.43
           I                *         *                *                 I
           I          S     *         *                *                 I
           I          S     *         *            *   *                 I
      37.13I          S     *         *            *   *                 I     37.13
           I          S     *         *            *   *                 I
           I         *S     *         *            *   *                 I
           I         *S     *         *            *   *                 I
      35.83I         *S     *         *            *   *                 I     35.83
           I         *S     **        *            *   *                 I
           I         *S     **        *            *   *                 I
           I         *S     **        *            *   *                 I
      34.52I   *     *S     **        *            *   *                 I     34.52
           I   *     *S    ***        *            *   *                 I
           I   *     *S    ***        *            *  T*                 I
           I  **     *S    ***        *            *  T*                 I
      33.22I  **     *S    ***        *            *  T*      S  *       I     33.22
           I  ***    *S*  ****        **  S        *  T*      S  *   *   I
           I  ***    *S*  ****       ***  S        *  T*     *S  *   *   I
           I  ****  **S*  ****       ***  S       **  T*     *S  *   *   I
      31.92I  ****  **S*  ****       ***  S       **  T*     *S  **  *   I     31.92
           I  ***** **S* *****       ***  S*      **S T*     *S  **  *   I
           I  ***** **S*******       ***  S*      **S T*     *S  **  *   I
           I *********S*******       *** *S* *    **S T*     *S  **  *   I
      30.62I *********S*******       *** *S* *    **S*T*     *S  **  *   I     30.62
           I *********S*******       *** *S****   **S*T*     *S*T**  *   I
           I**********S*******       *****S****   **S*T*     *S*T**  *   I
           I**********S*******       *****S****   **S*T*     *S*T** **   I
      29.32I**********S*******       *****S****   **S*T*     *S*T** **   I     29.32
           I**********S*******       *****S****   **S*T*     *S*T*****   I
           I**********S*******       *****S****   **S*T*     *S*T*****   I
           I**********S********     ******S****   **S*T*     *S*T******  I
      28.01I**********S********     ******S****   **S*T**    *S*T******  I     28.01
           I**********S********     ******S****   **S*T**    *S*T******  I
           I**********S********     ******S***** ***S*T**    *S*T******  I
           I**********S********    *******S***** ***S*T**    *S*T******  I
      26.71I**********S********    *******S***** ***S*T**   **S*T******  I     26.71
           I**********S********    *******S***** ***S*T**   **S*T******  I
           I**********S********   ********S*********S*T**   **S*T******  I
           I**********S********   ********S*********S*T**   **S*T******  I
      25.41I**********S********   ********S*********S*T**   **S*T******  I     25.41
           I**********S*********  ********S*********S*T**   **S*T******  I
           I**********S********* *********S*********S*T**   **S*T******  I
           I**********S********* *********S*********S*T**   **S*T******  I
      24.11I**********S*********S*********S*********S*T***  **S*T******* I     24.11
           I**********S*********S*********S*********S*T*** ***S*T******* I
           I**********S*********S*********S*********S*T*** ***S*T******* I
           I**********S*********S*********S*********S*T*******S*T******* I
      22.81I**********S*********S*********S*********S*T*******S*T*******SI     22.81
 ++++++++++I+++++++++++++++++++++++++++++++++++++++++++++++++++++++++++++I
            S=SEASONAL FREQUENCIES, T=TRADING DAY FREQUENCIES


 FORECASTING
  Origin  2026.Jun
  Number        12

  Forecasts and Standard Errors
   ------------------------------
                         Standard
       Date   Forecast      Error
   ------------------------------
   2026.Jul     102.49     41.867
   2026.Aug     102.49     42.342
   2026.Sep     102.49     42.811
   2026.Oct     102.49     43.275
   2026.Nov     102.49     43.734
   2026.Dec     102.49     44.188
   2027.Jan     102.49     44.638
   2027.Feb     102.49     45.083
   2027.Mar     102.49     45.524
   2027.Apr     102.49     45.961
   2027.May     102.49     46.393
   2027.Jun     102.49     46.822
   ------------------------------

  Confidence intervals with coverage probability ( 0.95000
   ---------------------------------------
       Date      Lower  Forecast     Upper
   ---------------------------------------
   2026.Jul      20.43    102.49    184.55
   2026.Aug      19.50    102.49    185.48
   2026.Sep      18.58    102.49    186.40
   2026.Oct      17.68    102.49    187.31
   2026.Nov      16.78    102.49    188.21
   2026.Dec      15.88    102.49    189.10
   2027.Jan      15.00    102.49    189.98
   2027.Feb      14.13    102.49    190.85
   2027.Mar      13.27    102.49    191.72
   2027.Apr      12.41    102.49    192.57
   2027.May      11.56    102.49    193.42
   2027.Jun      10.72    102.49    194.26
   ---------------------------------------
        bps_permits 42200            PAGE   4, SERIES bps_permits_addi

 B 1  Original series (prior adjusted)
  From  2014.Jan to 2026.Jun
  Observations        150
 -----------------------------------------------------------------------------
               Jan      Feb      Mar      Apr      May      Jun 
               Jul      Aug      Sep      Oct      Nov      Dec        TOTAL  
 -----------------------------------------------------------------------------
  2014          12.      22.      24.      29.     230.      53.
                28.      19.      29.      49.      30.      22.          547.
 
  2015           9.      21.      99.     100.      14.      18.
                13.      11.       5.       6.      68.       4.          368.
 
  2016           4.      66.      11.      16.       5.      16.
                 4.       4.       3.      24.       6.       9.          168.
 
  2017          13.      15.      27.      41.     103.      12.
                51.      23.      17.       9.      45.      44.          400.
 
  2018          35.      27.      19.      20.     106.      22.
                15.      14.      21.      38.      18.       9.          344.
 
  2019          28.      25.      33.      28.      21.      40.
                 7.      18.      19.      22.      19.      11.          271.
 
  2020           9.      15.      15.      16.      16.      12.
                 9.      10.      13.      14.      11.      13.          153.
 
  2021          38.       7.      30.      41.      14.      15.
                 6.       8.       4.       9.       5.       3.          180.
 
  2022          88.      83.     107.      83.      85.     103.
                55.     158.      94.      70.      63.      28.         1017.
 
  2023          30.      91.      44.      85.     128.      77.
                14.      89.      22.      73.      85.      20.          758.
 
  2024          58.      74.      47.      41.      35.     154.
               149.      45.      61.      42.      28.      60.          794.
 
  2025          37.      32.      47.      34.      46.      49.
                40.      48.     287.      43.      32.      73.          768.
 
  2026          44.      45.      39.      95.     127.     259.
                                                                          609.
 
  AVGE          31.      40.      42.      48.      72.      64.
                33.      37.      48.      33.      34.      25.

  Table Total-        6377.   Mean-        43.   Std. Dev.-        45.
                              Min -         3.        Max -       287.

 B 1.A  Forecasts of (prior adjusted) original series
  From  2026.Jul to 2027.Jun
  Observations         12
 -----------------------------------------------------------------------------
               Jan      Feb      Mar      Apr      May      Jun 
               Jul      Aug      Sep      Oct      Nov      Dec        TOTAL  
 -----------------------------------------------------------------------------
  2026                                                          
               102.     102.     102.     102.     102.     102.          615.
 
  2027         102.     102.     102.     102.     102.     102.
                                                                          615.
 
        bps_permits 42200            PAGE   5, SERIES bps_permits_addi

 C 17  Final weights for irregular component
  From  2014.Jan to 2026.Jun
  Observations        150
  Lower sigma limit    1.50
  Upper sigma limit    2.50
 -----------------------------------------------------------------------------
               Jan      Feb      Mar      Apr      May      Jun 
               Jul      Aug      Sep      Oct      Nov      Dec         S.D.  
 -----------------------------------------------------------------------------
  2014         100.     100.     100.      70.       0.     100.
               100.     100.     100.     100.     100.     100.         1877.
 
  2015         100.     100.       0.       0.      89.     100.
               100.     100.     100.     100.      48.     100.         1877.
 
  2016         100.       0.     100.     100.     100.     100.
               100.     100.     100.     100.     100.     100.         1877.
 
  2017         100.     100.     100.     100.       0.     100.
               100.     100.     100.     100.     100.     100.         1780.
 
  2018         100.     100.     100.     100.       0.     100.
               100.     100.     100.     100.     100.     100.         1190.
 
  2019         100.     100.     100.     100.     100.     100.
               100.     100.     100.     100.     100.     100.         1022.
 
  2020         100.     100.     100.     100.     100.     100.
               100.     100.     100.     100.     100.     100.         1110.
 
  2021         100.     100.     100.     100.     100.     100.
               100.     100.     100.     100.     100.     100.         1664.
 
  2022          88.     100.     100.     100.     100.     100.
               100.       0.     100.     100.     100.     100.         1998.
 
  2023          97.     100.     100.     100.       0.     100.
               100.     100.      72.     100.     100.     100.         2142.
 
  2024         100.     100.     100.     100.      54.       0.
                 0.     100.     100.     100.     100.     100.         2189.
 
  2025         100.     100.     100.     100.     100.      68.
               100.     100.       0.     100.     100.     100.         2130.
 
  2026         100.     100.      95.     100.     100.       0.
                                                                         2130.
 
        bps_permits 42200            PAGE   6, SERIES bps_permits_addi

 D 8  Final unmodified SI ratios
  From  2014.Jan to 2026.Jun
  Observations        150
 -----------------------------------------------------------------------------
               Jan      Feb      Mar      Apr      May      Jun 
               Jul      Aug      Sep      Oct      Nov      Dec         AVGE  
 -----------------------------------------------------------------------------
  2014         -17.      -9.      -9.      -5.     195.      17.
                -8.     -16.      -5.      16.      -0.      -6.           13.
 
  2015         -17.      -3.      77.      79.      -6.      -1.
                -5.      -6.     -11.      -9.      54.      -9.           12.
 
  2016          -8.      55.       1.       7.      -3.       8.
                -4.      -5.      -7.      13.      -7.      -6.            4.
 
  2017          -5.      -5.       4.      16.      76.     -17.
                20.      -8.     -15.     -23.      14.      14.            6.
 
  2018           6.      -0.      -7.      -5.      82.      -1.
                -7.      -8.      -1.      15.      -5.     -14.            5.
 
  2019           4.       1.       9.       4.      -3.      16.
               -16.      -5.      -2.       3.       2.      -4.            1.
 
  2020          -4.       3.       5.       6.       5.       0.
                -4.      -5.      -4.      -5.      -9.      -7.           -2.
 
  2021          19.     -11.      14.      27.       2.       4.
                -5.      -6.     -14.     -16.     -29.     -40.           -5.
 
  2022          35.      20.      36.       5.       2.      19.
               -29.      77.      17.      -3.      -6.     -37.           11.
 
  2023         -32.      32.     -13.      29.      71.      19.
               -45.      29.     -39.      12.      24.     -40.            4.
 
  2024          -1.      16.     -10.     -14.     -18.     102.
                98.      -5.      11.      -7.     -20.      13.           14.
 
  2025          -8.     -12.       4.      -8.       4.       7.
                -2.       5.     242.      -5.     -20.      15.           19.
 
  2026         -20.     -25.     -38.      11.      37.     163.
                                                                           21.
 
  AVGE          -4.       5.       6.      12.      34.      26.
                -1.       4.      14.      -1.      -0.     -10.

  Table Total-        1100.   Mean-         7.   Std. Dev.-        38.
                              Min -       -45.        Max -       242.
        bps_permits 42200            PAGE   7, SERIES bps_permits_addi

 D 8.B  Final unmodified SI ratios, with labels for outliers and extreme values
  From  2014.Jan to 2026.Jun
  Observations        150
 ---------------------------------------------------------------------
               Jan       Feb       Mar       Apr       May       Jun  
               Jul       Aug       Sep       Oct       Nov       Dec  
 ---------------------------------------------------------------------
  2014        -17.       -9.       -9.       -5.*     195.*      17.  
               -8.      -16.       -5.       16.       -0.       -6.  
 
  2015        -17.       -3.       77.*      79.*      -6.*      -1.  
               -5.       -6.      -11.       -9.       54.*      -9.  
 
  2016         -8.       55.*       1.        7.       -3.        8.  
               -4.       -5.       -7.       13.       -7.       -6.  
 
  2017         -5.       -5.        4.       16.       76.*     -17.  
               20.       -8.      -15.      -23.       14.       14.  
 
  2018          6.       -0.       -7.       -5.       82.*      -1.  
               -7.       -8.       -1.       15.       -5.      -14.  
 
  2019          4.        1.        9.        4.       -3.       16.  
              -16.       -5.       -2.        3.        2.       -4.  
 
  2020         -4.        3.        5.        6.        5.        0.  
               -4.       -5.       -4.       -5.       -9.       -7.  
 
  2021         19.      -11.       14.       27.        2.        4.  
               -5.       -6.      -14.      -16.      -29.      -40.  
 
  2022         35.*      20.       36.        5.        2.       19.  
              -29.       77.*      17.       -3.       -6.      -37.  
 
  2023        -32.*      32.      -13.       29.       71.*      19.  
              -45.       29.      -39.*      12.       24.      -40.  
 
  2024         -1.       16.      -10.      -14.      -18.*     102.* 
               98.*      -5.       11.       -7.      -20.       13.  
 
  2025         -8.      -12.        4.       -8.        4.        7.* 
               -2.        5.      242.*      -5.      -20.       15.  
 
  2026        -20.      -25.      -38.*      11.       37.      163.* 
                                                                      
 

  Key to symbols:
    *  : extreme value as determined by X-11 extreme value procedure
 
        bps_permits 42200            PAGE   8, SERIES bps_permits_addi

 D 9  Final replacement values for SI ratios
  From  2014.Jan to 2026.Jun
  Observations        150
 ---------------------------------------------------------------
               Jan      Feb      Mar      Apr      May      Jun 
               Jul      Aug      Sep      Oct      Nov      Dec 
 ---------------------------------------------------------------
  2014     ******** ******** ********       5.      24. ********
           ******** ******** ******** ******** ******** ********
 
  2015     ******** ********       6.      26.      -3. ********
           ******** ******** ******** ********      34. ********
 
  2016     ********      -1. ******** ******** ******** ********
           ******** ******** ******** ******** ******** ********
 
  2017     ******** ******** ******** ********      14. ********
           ******** ******** ******** ******** ******** ********
 
  2018     ******** ******** ******** ********      12. ********
           ******** ******** ******** ******** ******** ********
 
  2019     ******** ******** ******** ******** ******** ********
           ******** ******** ******** ******** ******** ********
 
  2020     ******** ******** ******** ******** ******** ********
           ******** ******** ******** ******** ******** ********
 
  2021     ******** ******** ******** ******** ******** ********
           ******** ******** ******** ******** ******** ********
 
  2022          31. ******** ******** ******** ******** ********
           ********       7. ******** ******** ******** ********
 
  2023         -31. ******** ******** ********      14. ********
           ******** ********     -28. ******** ******** ********
 
  2024     ******** ******** ******** ********       1.      45.
                -9. ******** ******** ******** ******** ********
 
  2025     ******** ******** ******** ******** ********      20.
           ******** ********      17. ******** ******** ********
 
  2026     ******** ********     -37. ******** ********      43.
                                                                
 

 D 9.A  Moving seasonality ratio
 ---------------------------------------------------------------
               Jan      Feb      Mar      Apr      May      Jun 
 ---------------------------------------------------------------
   I         13.841   11.744   15.417   19.141   10.299   15.729
   S          3.568    2.330    3.332    2.435    2.007    3.433
 RATIO        3.879    5.041    4.627    7.860    5.131    4.582



 ---------------------------------------------------------------
               Jul      Aug      Sep      Oct      Nov      Dec 
 ---------------------------------------------------------------
   I         15.714    9.085   15.464   19.285   23.998   14.332
   S          2.093    1.828    1.994    1.778    3.201    2.553
 RATIO        7.509    4.971    7.756   10.848    7.496    5.615



        bps_permits 42200            PAGE   9, SERIES bps_permits_addi

 D 10  Final seasonal factors
  From  2014.Jan to 2026.Jun
  Observations        150
  Seasonal filter    3 x 9 moving average
 -----------------------------------------------------------------------------
               Jan      Feb      Mar      Apr      May      Jun 
               Jul      Aug      Sep      Oct      Nov      Dec         AVGE  
 -----------------------------------------------------------------------------
  2014          -9.      -4.       0.      11.       9.       3.
                -2.      -9.      -8.       3.       8.      -4.           -0.
 
  2015          -7.      -3.       0.      10.       8.       4.
                -3.      -8.      -7.       3.       7.      -4.           -0.
 
  2016          -6.      -3.       1.      10.       7.       4.
                -3.      -8.      -7.       2.       4.      -6.           -0.
 
  2017          -3.      -2.       3.      10.       7.       4.
                -4.      -7.      -6.       0.       2.      -8.           -0.
 
  2018          -1.      -0.       5.      11.       6.       5.
                -6.      -5.      -6.      -1.       1.     -12.           -0.
 
  2019           1.       3.       5.      10.       5.       7.
                -9.      -2.      -6.      -1.      -1.     -14.           -0.
 
  2020           1.       5.       5.       9.       5.       9.
               -11.      -0.      -5.      -2.      -2.     -13.            0.
 
  2021           1.       4.       3.       7.       6.      13.
               -12.       0.      -3.      -2.      -5.     -13.            0.
 
  2022          -0.       3.       2.       6.       7.      16.
               -12.       1.      -1.      -2.      -7.     -12.            0.
 
  2023          -2.       2.      -0.       7.       8.      19.
               -13.       2.      -1.      -3.      -8.     -13.            0.
 
  2024          -3.       2.      -1.       7.       9.      21.
               -13.       4.      -0.      -4.      -9.     -12.            0.
 
  2025          -4.       2.      -3.       6.      10.      23.
               -13.       5.       1.      -3.      -8.     -11.            0.
 
  2026          -7.       1.      -6.       4.      12.      25.
                                                                            5.
 
  AVGE          -3.       1.       1.       8.       8.      12.
                -8.      -2.      -4.      -1.      -1.     -10.

  Table Total-          20.   Mean-         0.   Std. Dev.-         8.
                              Min -       -14.        Max -        25.

 D 10.A  Final seasonal component forecasts
  From  2026.Jul to 2027.Jun
  Observations         12
 -----------------------------------------------------------------------------
               Jan      Feb      Mar      Apr      May      Jun 
               Jul      Aug      Sep      Oct      Nov      Dec         AVGE  
 -----------------------------------------------------------------------------
  2026                                                          
               -13.       5.       1.      -3.      -7.      -8.           -4.
 
  2027          -9.      -1.      -8.       3.      13.      27.
                                                                            4.
 
        bps_permits 42200            PAGE  10, SERIES bps_permits_addi

 D 11  Final seasonally adjusted data
  From  2014.Jan to 2026.Jun
  Observations        150
 -----------------------------------------------------------------------------
               Jan      Feb      Mar      Apr      May      Jun 
               Jul      Aug      Sep      Oct      Nov      Dec        TOTAL  
 -----------------------------------------------------------------------------
  2014          21.      26.      24.      18.     221.      50.
                30.      28.      37.      46.      22.      26.          548.
 
  2015          16.      24.      99.      90.       6.      14.
                16.      19.      12.       3.      61.       8.          370.
 
  2016          10.      69.      10.       6.      -2.      12.
                 7.      12.      10.      22.       2.      15.          172.
 
  2017          16.      17.      24.      31.      96.       8.
                55.      30.      23.       9.      43.      52.          405.
 
  2018          36.      27.      14.       9.     100.      17.
                21.      19.      27.      39.      17.      21.          348.
 
  2019          27.      22.      28.      18.      16.      33.
                16.      20.      25.      23.      20.      25.          272.
 
  2020           8.      10.      10.       7.      11.       3.
                20.      10.      18.      16.      13.      26.          152.
 
  2021          37.       3.      27.      34.       8.       2.
                18.       8.       7.      11.      10.      16.          179.
 
  2022          88.      80.     105.      77.      78.      87.
                67.     157.      95.      72.      70.      40.         1016.
 
  2023          32.      89.      44.      78.     120.      58.
                27.      87.      23.      76.      93.      33.          758.
 
  2024          61.      72.      48.      34.      26.     133.
               162.      41.      61.      46.      37.      72.          793.
 
  2025          41.      30.      50.      28.      36.      26.
                53.      43.     286.      46.      40.      84.          764.
 
  2026          51.      44.      45.      91.     115.     234.
                                                                          579.
 
  AVGE          34.      39.      41.      40.      64.      52.
                41.      40.      52.      34.      36.      35.

  Table Total-        6357.   Mean-        42.   Std. Dev.-        43.
                              Min -        -2.        Max -       286.
        bps_permits 42200            PAGE  11, SERIES bps_permits_addi

 D 12  Final trend cycle
  From  2014.Jan to 2026.Jun
  Observations        150
  Trend filter    23-term Henderson moving average
  I/C ratio        5.99
 -----------------------------------------------------------------------------
               Jan      Feb      Mar      Apr      May      Jun 
               Jul      Aug      Sep      Oct      Nov      Dec        TOTAL  
 -----------------------------------------------------------------------------
  2014          29.      31.      32.      34.      35.      35.
                35.      35.      34.      33.      31.      29.          393.
 
  2015          26.      24.      22.      21.      20.      19.
                18.      17.      16.      15.      14.      13.          226.
 
  2016          12.      11.      10.       9.       8.       8.
                 8.       9.      10.      11.      13.      16.          124.
 
  2017          18.      20.      22.      25.      27.      29.
                31.      32.      32.      32.      32.      30.          330.
 
  2018          29.      27.      25.      24.      23.      22.
                22.      22.      23.      24.      24.      25.          289.
 
  2019          24.      24.      23.      23.      23.      23.
                22.      22.      21.      20.      18.      16.          260.
 
  2020          15.      13.      11.      10.      10.      11.
                12.      14.      16.      18.      20.      21.          169.
 
  2021          21.      20.      18.      16.      13.      10.
                10.      11.      16.      23.      32.      43.          233.
 
  2022          54.      64.      74.      81.      84.      85.
                84.      80.      76.      71.      67.      64.          885.
 
  2023          61.      59.      58.      57.      58.      59.
                60.      60.      61.      60.      60.      59.          713.
 
  2024          58.      57.      56.      55.      54.      53.
                53.      52.      51.      50.      48.      46.          633.
 
  2025          44.      42.      41.      41.      41.      42.
                43.      45.      46.      49.      52.      57.          544.
 
  2026          62.      69.      76.      83.      90.      97.
                                                                          476.
 
  AVGE          35.      35.      36.      37.      37.      38.
                33.      33.      34.      34.      34.      35.

  Table Total-        5273.   Mean-        35.   Std. Dev.-        21.
                              Min -         8.        Max -        97.
        bps_permits 42200            PAGE  12, SERIES bps_permits_addi

 D 13  Final irregular component
  From  2014.Jan to 2026.Jun
  Observations        150
 -----------------------------------------------------------------------------
               Jan      Feb      Mar      Apr      May      Jun 
               Jul      Aug      Sep      Oct      Nov      Dec         S.D.  
 -----------------------------------------------------------------------------
  2014          -8.      -5.      -8.     -16.     187.      14.
                -6.      -7.       3.      14.      -9.      -3.           55.
 
  2015         -10.      -0.      76.      69.     -14.      -4.
                -2.       2.      -4.     -12.      47.      -5.           33.
 
  2016          -2.      58.      -0.      -2.     -10.       4.
                -1.       3.       0.      11.     -12.      -1.           18.
 
  2017          -2.      -3.       1.       6.      70.     -21.
                24.      -2.      -9.     -24.      12.      22.           25.
 
  2018           7.       0.     -11.     -15.      78.      -5.
                -1.      -4.       5.      15.      -7.      -3.           24.
 
  2019           3.      -2.       4.      -5.      -7.      10.
                -6.      -2.       4.       3.       1.       8.            5.
 
  2020          -6.      -3.      -1.      -3.       1.      -8.
                 8.      -3.       2.      -2.      -6.       6.            5.
 
  2021          16.     -18.       9.      19.      -5.      -9.
                 8.      -4.      -9.     -12.     -22.     -27.           15.
 
  2022          35.      15.      32.      -4.      -7.       1.
               -16.      76.      19.       1.       3.     -24.           28.
 
  2023         -30.      29.     -14.      21.      62.      -1.
               -33.      26.     -38.      15.      33.     -26.           31.
 
  2024           2.      15.      -8.     -21.     -28.      80.
               109.     -11.      10.      -4.     -11.      26.           42.
 
  2025          -3.     -12.       9.     -12.      -6.     -16.
                10.      -1.     240.      -3.     -12.      27.           70.
 
  2026         -11.     -25.     -31.       8.      25.     137.
                                                                           59.
 
  S.D.          15.      21.      25.      23.      63.      45.
                34.      24.      70.      12.      19.      18.

  Table Total-        1085.   Mean-         7.   Std. Dev.-        36.
                              Min -       -38.        Max -       240.
        bps_permits 42200            PAGE  13, SERIES bps_permits_addi

 D 16  Combined adjustment factors
  From  2014.Jan to 2026.Jun
  Observations        150
 -----------------------------------------------------------------------------
               Jan      Feb      Mar      Apr      May      Jun 
               Jul      Aug      Sep      Oct      Nov      Dec         AVGE  
 -----------------------------------------------------------------------------
  2014          -9.      -4.       0.      11.       9.       3.
                -2.      -9.      -8.       3.       8.      -4.           -0.
 
  2015          -7.      -3.       0.      10.       8.       4.
                -3.      -8.      -7.       3.       7.      -4.           -0.
 
  2016          -6.      -3.       1.      10.       7.       4.
                -3.      -8.      -7.       2.       4.      -6.           -0.
 
  2017          -3.      -2.       3.      10.       7.       4.
                -4.      -7.      -6.       0.       2.      -8.           -0.
 
  2018          -1.      -0.       5.      11.       6.       5.
                -6.      -5.      -6.      -1.       1.     -12.           -0.
 
  2019           1.       3.       5.      10.       5.       7.
                -9.      -2.      -6.      -1.      -1.     -14.           -0.
 
  2020           1.       5.       5.       9.       5.       9.
               -11.      -0.      -5.      -2.      -2.     -13.            0.
 
  2021           1.       4.       3.       7.       6.      13.
               -12.       0.      -3.      -2.      -5.     -13.            0.
 
  2022          -0.       3.       2.       6.       7.      16.
               -12.       1.      -1.      -2.      -7.     -12.            0.
 
  2023          -2.       2.      -0.       7.       8.      19.
               -13.       2.      -1.      -3.      -8.     -13.            0.
 
  2024          -3.       2.      -1.       7.       9.      21.
               -13.       4.      -0.      -4.      -9.     -12.            0.
 
  2025          -4.       2.      -3.       6.      10.      23.
               -13.       5.       1.      -3.      -8.     -11.            0.
 
  2026          -7.       1.      -6.       4.      12.      25.
                                                                            5.
 
  AVGE          -3.       1.       1.       8.       8.      12.
                -8.      -2.      -4.      -1.      -1.     -10.

  Table Total-          20.   Mean-         0.   Std. Dev.-         8.
                              Min -       -14.        Max -        25.

 D 16.A  Combined adjustment component forecasts
  From  2026.Jul to 2027.Jun
  Observations         12
 -----------------------------------------------------------------------------
               Jan      Feb      Mar      Apr      May      Jun 
               Jul      Aug      Sep      Oct      Nov      Dec         AVGE  
 -----------------------------------------------------------------------------
  2026                                                          
               -13.       5.       1.      -3.      -7.      -8.           -4.
 
  2027          -9.      -1.      -8.       3.      13.      27.
                                                                            4.
 
        bps_permits 42200            PAGE  14, SERIES bps_permits_addi

 E 4  Differences of annual totals
  From          2014 to 2025
  Observations         12
 -----------------------------------
  Year       Unmodified     Modified
                  (D11)         (E2)
 -----------------------------------
  2014              -1.          -1.
 
  2015              -2.          -2.
 
  2016              -4.          -4.
 
  2017              -5.          -5.
 
  2018              -4.          -4.
 
  2019              -1.          -1.
 
  2020               1.           1.
 
  2021               1.           1.
 
  2022               1.           1.
 
  2023               0.           0.
 
  2024               1.           1.
 
  2025               4.           4.
 
        bps_permits 42200            PAGE  15, SERIES bps_permits_addi

 E 5  Month-to-month differences in the original series
  From  2014.Feb to 2026.Jun
  Observations        149
 -----------------------------------------------------------------------------
               Jan      Feb      Mar      Apr      May      Jun 
               Jul      Aug      Sep      Oct      Nov      Dec         AVGE  
 -----------------------------------------------------------------------------
  2014                   10.       2.       5.     201.    -177.
               -25.      -9.      10.      20.     -19.      -8.            1.
 
  2015         -13.      12.      78.       1.     -86.       4.
                -5.      -2.      -6.       1.      62.     -64.           -1.
 
  2016           0.      62.     -55.       5.     -11.      11.
               -12.       0.      -1.      21.     -18.       3.            0.
 
  2017           4.       2.      12.      14.      62.     -91.
                39.     -28.      -6.      -8.      36.      -1.            3.
 
  2018          -9.      -8.      -8.       1.      86.     -84.
                -7.      -1.       7.      17.     -20.      -9.           -3.
 
  2019          19.      -3.       8.      -5.      -7.      19.
               -33.      11.       1.       3.      -3.      -8.            0.
 
  2020          -2.       6.       0.       1.       0.      -4.
                -3.       1.       3.       1.      -3.       2.            0.
 
  2021          25.     -31.      23.      11.     -27.       1.
                -9.       2.      -4.       5.      -4.      -2.           -1.
 
  2022          85.      -5.      24.     -24.       2.      18.
               -48.     103.     -64.     -24.      -7.     -35.            2.
 
  2023           2.      61.     -47.      41.      43.     -51.
               -63.      75.     -67.      51.      12.     -65.           -1.
 
  2024          38.      16.     -27.      -6.      -6.     119.
                -5.    -104.      16.     -19.     -14.      32.            3.
 
  2025         -23.      -5.      15.     -13.      12.       3.
                -9.       8.     239.    -244.     -11.      41.            1.
 
  2026         -29.       1.      -6.      56.      32.     132.
                                                                           31.
 
  AVGE           8.       9.       1.       7.      23.      -8.
               -15.       5.      11.     -15.       1.      -9.

  Table Total-         247.   Mean-         2.   Std. Dev.-        50.
                              Min -      -244.        Max -       239.
        bps_permits 42200            PAGE  16, SERIES bps_permits_addi

 E 6  Month-to-month differences in seasonally adjusted series (D11)
  From  2014.Feb to 2026.Jun
  Observations        149
 -----------------------------------------------------------------------------
               Jan      Feb      Mar      Apr      May      Jun 
               Jul      Aug      Sep      Oct      Nov      Dec         AVGE  
 -----------------------------------------------------------------------------
  2014                    5.      -2.      -6.     203.    -172.
               -20.      -2.       9.      10.     -25.       4.            0.
 
  2015          -9.       8.      74.      -8.     -84.       8.
                 1.       4.      -7.      -9.      58.     -53.           -1.
 
  2016           1.      59.     -59.      -3.      -9.      14.
                -5.       5.      -2.      12.     -21.      13.            1.
 
  2017           1.       1.       7.       7.      65.     -89.
                47.     -25.      -7.     -15.      34.       9.            3.
 
  2018         -17.      -9.     -13.      -5.      91.     -83.
                 4.      -3.       9.      11.     -22.       4.           -3.
 
  2019           6.      -5.       6.     -10.      -2.      17.
               -17.       4.       4.      -2.      -3.       5.            0.
 
  2020         -17.       2.       0.      -3.       4.      -8.
                17.      -9.       7.      -2.      -3.      13.            0.
 
  2021          11.     -35.      25.       7.     -27.      -6.
                16.     -10.      -1.       4.      -0.       5.           -1.
 
  2022          73.      -9.      26.     -29.       1.       9.
               -19.      89.     -61.     -23.      -2.     -30.            2.
 
  2023          -9.      57.     -44.      34.      41.     -62.
               -31.      60.     -64.      53.      17.     -60.           -1.
 
  2024          28.      11.     -24.     -14.      -8.     107.
                29.    -121.      20.     -16.      -9.      36.            3.
 
  2025         -31.     -11.      20.     -22.       7.     -10.
                27.     -10.     243.    -240.      -6.      44.            1.
 
  2026         -33.      -8.       1.      46.      25.     118.
                                                                           25.
 
  AVGE           0.       5.       1.      -0.      24.     -12.
                 4.      -2.      12.     -18.       2.      -1.

  Table Total-         213.   Mean-         1.   Std. Dev.-        49.
                              Min -      -240.        Max -       243.
        bps_permits 42200            PAGE  17, SERIES bps_permits_addi

 E 7  Month-to-month differences in final trend cycle (D12)
  From  2014.Feb to 2026.Jun
  Observations        149
 -----------------------------------------------------------------------------
               Jan      Feb      Mar      Apr      May      Jun 
               Jul      Aug      Sep      Oct      Nov      Dec         AVGE  
 -----------------------------------------------------------------------------
  2014                    2.       1.       1.       1.       1.
                 0.      -0.      -1.      -2.      -2.      -2.           -0.
 
  2015          -2.      -2.      -2.      -1.      -1.      -1.
                -1.      -1.      -1.      -1.      -1.      -1.           -1.
 
  2016          -1.      -1.      -1.      -1.      -1.      -0.
                 0.       1.       1.       2.       2.       2.            0.
 
  2017           2.       2.       2.       2.       2.       2.
                 2.       1.       1.      -0.      -1.      -1.            1.
 
  2018          -2.      -2.      -2.      -1.      -1.      -1.
                -0.       0.       1.       1.       1.       0.           -0.
 
  2019          -0.      -0.      -0.      -0.      -0.      -0.
                -0.      -0.      -1.      -1.      -2.      -2.           -1.
 
  2020          -2.      -2.      -1.      -1.      -0.       1.
                 1.       2.       2.       2.       2.       1.            0.
 
  2021           0.      -1.      -2.      -3.      -3.      -2.
                -1.       2.       4.       7.       9.      11.            2.
 
  2022          11.      11.       9.       7.       4.       1.
                -2.      -3.      -4.      -4.      -4.      -3.            2.
 
  2023          -3.      -2.      -1.      -1.       0.       1.
                 1.       1.       0.      -0.      -1.      -1.           -0.
 
  2024          -1.      -1.      -1.      -1.      -1.      -1.
                -1.      -1.      -1.      -1.      -2.      -2.           -1.
 
  2025          -2.      -2.      -1.      -0.       1.       1.
                 1.       1.       2.       2.       3.       4.            1.
 
  2026           5.       6.       7.       7.       7.       7.
                                                                            7.
 
  AVGE           1.       1.       1.       1.       1.       1.
                 0.       0.       0.       0.       0.       0.

  Table Total-          68.   Mean-         0.   Std. Dev.-         3.
                              Min -        -4.        Max -        11.
        bps_permits 42200            PAGE  18, SERIES bps_permits_addi

 E 8  Month-to-month differences in original series adjusted for calendar factors (A18)
  From  2014.Feb to 2026.Jun
  Observations        149
 -----------------------------------------------------------------------------
               Jan      Feb      Mar      Apr      May      Jun 
               Jul      Aug      Sep      Oct      Nov      Dec         AVGE  
 -----------------------------------------------------------------------------
  2014                   10.       2.       5.     201.    -177.
               -25.      -9.      10.      20.     -19.      -8.            1.
 
  2015         -13.      12.      78.       1.     -86.       4.
                -5.      -2.      -6.       1.      62.     -64.           -1.
 
  2016           0.      62.     -55.       5.     -11.      11.
               -12.       0.      -1.      21.     -18.       3.            0.
 
  2017           4.       2.      12.      14.      62.     -91.
                39.     -28.      -6.      -8.      36.      -1.            3.
 
  2018          -9.      -8.      -8.       1.      86.     -84.
                -7.      -1.       7.      17.     -20.      -9.           -3.
 
  2019          19.      -3.       8.      -5.      -7.      19.
               -33.      11.       1.       3.      -3.      -8.            0.
 
  2020          -2.       6.       0.       1.       0.      -4.
                -3.       1.       3.       1.      -3.       2.            0.
 
  2021          25.     -31.      23.      11.     -27.       1.
                -9.       2.      -4.       5.      -4.      -2.           -1.
 
  2022          85.      -5.      24.     -24.       2.      18.
               -48.     103.     -64.     -24.      -7.     -35.            2.
 
  2023           2.      61.     -47.      41.      43.     -51.
               -63.      75.     -67.      51.      12.     -65.           -1.
 
  2024          38.      16.     -27.      -6.      -6.     119.
                -5.    -104.      16.     -19.     -14.      32.            3.
 
  2025         -23.      -5.      15.     -13.      12.       3.
                -9.       8.     239.    -244.     -11.      41.            1.
 
  2026         -29.       1.      -6.      56.      32.     132.
                                                                           31.
 
  AVGE           8.       9.       1.       7.      23.      -8.
               -15.       5.      11.     -15.       1.      -9.

  Table Total-         247.   Mean-         2.   Std. Dev.-        50.
                              Min -      -244.        Max -       239.
        bps_permits 42200            PAGE  19, SERIES bps_permits_addi

 E 18  Final adjustment ratios
  From  2014.Jan to 2026.Jun
  Observations        150
 -----------------------------------------------------------------------------
               Jan      Feb      Mar      Apr      May      Jun 
               Jul      Aug      Sep      Oct      Nov      Dec         AVGE  
 -----------------------------------------------------------------------------
  2014       56.894   85.215  100.397  160.330  103.855  107.066
             93.902   68.343   78.819  105.746  137.976   85.121        98.639
 
  2015       54.693   87.040  100.428  110.802  233.116  125.470
             83.575   56.827   41.068  182.924  111.105   47.937       102.915
 
  2016       40.850   95.840  114.318  254.573 -223.544  133.322
             56.514   33.889   30.004  107.169  375.919   61.321        90.015
 
  2017       81.140   87.498  113.777  131.970  106.806  155.561
             92.708   76.820   72.801  102.332  103.998   83.927       100.778
 
  2018       97.693   99.875  135.770  223.811  105.574  127.680
             69.978   74.795   76.377   97.769  104.843   42.651       104.735
 
  2019      102.479  114.558  119.976  157.020  131.352  121.015
             42.988   88.107   77.019   95.269   96.643   44.283        99.226
 
  2020      108.795  149.585  147.559  229.027  146.821  414.410
             45.320   95.933   73.285   89.425   84.196   49.176       136.128
 
  2021      101.758  279.516  110.396  119.560  182.270  961.844
             34.080  103.320   60.345   84.184   47.884   19.248       175.367
 
  2022       99.675  104.137  101.624  108.281  109.344  119.002
             81.562  100.891   98.733   96.749   90.159   69.386        98.295
 
  2023       94.614  102.700   99.731  108.377  107.108  133.866
             51.961  102.798   96.973   96.277   91.289   61.036        95.561
 
  2024       95.573  102.791   97.904  119.657  135.745  115.859
             91.984  108.476   99.720   92.137   76.532   82.835       101.601
 
  2025       89.944  106.678   94.361  120.360  129.043  188.591
             74.810  110.534  100.296   93.129   79.805   86.770       106.193
 
  2026       86.112  103.311   86.814  104.957  110.102  110.775
                                                                       100.345
 
  AVGE       85.401  116.826  109.466  149.902  105.969  216.497
             68.282   85.061   75.453  103.592  116.696   61.141

  Table Total-       16316.   Mean-       109.   Std. Dev.-        92.
                              Min -      -224.        Max -       962.

 E 18.A  Final adjustment ratio forecasts
  From  2026.Jul to 2027.Jun
  Observations         12
 -----------------------------------------------------------------------------
               Jan      Feb      Mar      Apr      May      Jun 
               Jul      Aug      Sep      Oct      Nov      Dec         AVGE  
 -----------------------------------------------------------------------------
  2026                                                          
             88.694  105.120  101.139   97.435   93.225   92.696        96.385
 
  2027       92.189   99.245   92.575  102.972  114.201  135.272
                                                                       106.076
 

  QS statistic for seasonality:
  Original Series                                     0.00  (P-Value =     1.0000)
  Original Series (EV adj)                            0.00  (P-Value =     1.0000)
  Residuals                                           0.00  (P-Value =     1.0000)
  Seasonally Adjusted Series                          0.00  (P-Value =     1.0000)
  Seasonally Adjusted Series (EV adj)                 0.00  (P-Value =     1.0000)
  Irregular Series                                    0.00  (P-Value =     1.0000)
  Irregular Series (EV adj)                           0.00  (P-Value =     1.0000)

  QS statistic for seasonality (starting 2018.Jul):
  Original Series                                     0.15  (P-Value =     0.9262)
  Original Series (EV adj)                            0.15  (P-Value =     0.9262)
  Residuals                                           0.00  (P-Value =     1.0000)
  Seasonally Adjusted Series                          0.00  (P-Value =     1.0000)
  Seasonally Adjusted Series (EV adj)                 0.00  (P-Value =     1.0000)
  Irregular Series                                    0.00  (P-Value =     1.0000)
  Irregular Series (EV adj)                           0.00  (P-Value =     1.0000)


 WARNING: Series should not be a candidate for seasonal adjustment
          because the spectrum of the original series (Table A1 or B1)
          has no visually significant seasonal peaks.

          If this is a component series of an indirectly adjusted
          composite series, consider using type = trend or type = summary
          in the x11 spec.
        bps_permits 42200            PAGE  20, SERIES bps_permits_addi
 G 0  10*LOG(SPECTRUM) of the differenced Original Series
      (Table A1 or B1).  Spectrum estimated from 2018.Jul to 2026.Jun.
 ++++++++++I+++++++++++++++++++++++++++++++++++++++++++++++++++++++++++++I
      44.15I                                           *                 I     44.15
           I                                           *                 I
           I                                           *                 I
           I                                           *                 I
      42.64I                                           *                 I     42.64
           I                                           *                 I
           I                                           *                 I
           I                                           *                 I
      41.13I                                           *                 I     41.13
           I                                           *                 I
           I                                           *                 I
           I                                       *   *                 I
      39.62I                                       *   *     *           I     39.62
           I                                       *   *     *           I
           I                                       *   *     *           I
           I                          *            *   *     *           I
      38.11I                          *            *   *     *           I     38.11
           I                          *            *   *     *           I
           I                          *           **   *     *   *       I
           I                          *           **   *     *   *       I
      36.60I                          *           **   *     *S  *   *   I     36.60
           I                          *           **  T*     *S  *   *   I
           I                          *           **  T*     *S  *   *   I
           I                         **      **   **  T*     *S  *   *   I
      35.09I                         **      **   **  T*     *S T*   *   I     35.09
           I                *        **      **   **  T*     *S T*   **  I
           I                *        **      **   **S T*     *S*T**  **  I
           I         *      *        **      **   **S T*     *S*T**  **  I
      33.58I         *      *        **      **   **S*T*    **S*T**  **  I     33.58
           I         *      *        **     ***   **S*T**   **S*T** ***  I
           I         *      *        **     ***   **S*T**   **S*T** ***  I
           I         *      **       ***   ****   **S*T**   **S*T******  I
      32.07I         *      **       ***   ***** ***S*T**   **S*T******  I     32.07
           I         *S     **       ***  S***** ***S*T**   **S*T******  I
           I         *S     **       ***  S***** ***S*T**   **S*T******  I
           I         *S     **       ***  S***** ***S*T**   **S*T******  I
      30.56I         *S    ***      ******S*********S*T**   **S*T******* I     30.56
           I         *S    ***      ******S*********S*T**   **S*T******* I
           I         *S    ***      ******S*********S*T**   **S*T******* I
           I         *S    ***      ******S*********S*T**  ***S*T******* I
      29.05I         *S    ***      ******S*********S*T*** ***S*T*******SI     29.05
           I        **S*  ****     *******S*********S*T*** ***S*T*******SI
           I        **S* *****     *******S*********S*T*******S*T*******SI
           I        **S*******     *******S*********S*T*******S*T*******SI
      27.54I        **S*******    ********S*********S*T*******S*T*******SI     27.54
           I   *    **S********   ********S*********S*T*******S*T*******SI
           I   **   **S********   ********S*********S*T*******S*T*******SI
           I   **   **S********   ********S*********S*T*******S*T*******SI
      26.03I  ***   **S********  *********S*********S*T*******S*T*******SI     26.03
           I  ***   **S********  *********S*********S*T*******S*T*******SI
           I ****  ***S********  *********S*********S*T*******S*T*******SI
           I****** ***S*********S*********S*********S*T*******S*T*******SI
      24.52I**********S*********S*********S*********S*T*******S*T*******SI     24.52
 ++++++++++I+++++++++++++++++++++++++++++++++++++++++++++++++++++++++++++I
            S=SEASONAL FREQUENCIES, T=TRADING DAY FREQUENCIES
        bps_permits 42200            PAGE  21, SERIES bps_permits_addi
 G 1  10*LOG(SPECTRUM) of the differenced seasonally adjusted 
      data (Table E2).  Spectrum estimated from 2018.Jul to 2026.Jun.
 ++++++++++I+++++++++++++++++++++++++++++++++++++++++++++++++++++++++++++I
      33.27I                                                             I     33.27
           I                                      *     *            *   I
           I                                      *    **            *   I
           I                                      *    **            *   I
      31.70I                                      *    **            *   I     31.70
           I                            *         *    **            *   I
           I                            *         *    **            *   I
           I                            *         *    **            **  I
      30.13I                            *         *    **        *   **  I     30.13
           I                            *        **    **        *   **  I
           I                            *        **    **   *    *  ***  I
           I                            *        **    **   *   T*  ***  I
      28.56I                            *        **    **   **  T*  ***  I     28.56
           I                            *        ***   **  ***  T** ***  I
           I                            *        ***   *** ***  T******  I
           I                            *        ***   *** ***S*T******  I
      26.99I                           **       ****   *** ***S*T******  I     26.99
           I                           **      *****   *******S*T******  I
           I                 *         **     ******  T*******S*T******* I
           I                 *         **     ******  T*******S*T******* I
      25.42I       *         *         **     ******  T*******S*T******* I     25.42
           I       *         *    *    **     ******S T*******S*T*******SI
           I       *         **   *    ***   *******S T*******S*T*******SI
           I       *         **  **    ***   *******S*T*******S*T*******SI
      23.85I       *         **  **    ***   *******S*T*******S*T*******SI     23.85
           I       *        **** ***   ***   *******S*T*******S*T*******SI
           I       *        ****S***   ***   *******S*T*******S*T*******SI
           I       *        ****S***   ***   *******S*T*******S*T*******SI
      22.28I       *        ****S***   ***  ********S*T*******S*T*******SI     22.28
           I       *   *    ****S***  ****S ********S*T*******S*T*******SI
           I   *   *   **   ****S***  ****S ********S*T*******S*T*******SI
           I   *   *   **   ****S**** ****S*********S*T*******S*T*******SI
      20.71I   *   **  **   ****S**** ****S*********S*T*******S*T*******SI     20.71
           I   *   **  **   ****S*********S*********S*T*******S*T*******SI
           I   *  ***  **   ****S*********S*********S*T*******S*T*******SI
           I   *  ***  **  *****S*********S*********S*T*******S*T*******SI
      19.14I   *  ***  **  *****S*********S*********S*T*******S*T*******SI     19.14
           I   *  *** S**  *****S*********S*********S*T*******S*T*******SI
           I  **  *** S*** *****S*********S*********S*T*******S*T*******SI
           I  **  ****S*********S*********S*********S*T*******S*T*******SI
      17.57I  *** ****S*********S*********S*********S*T*******S*T*******SI     17.57
           I  *** ****S*********S*********S*********S*T*******S*T*******SI
           I  ********S*********S*********S*********S*T*******S*T*******SI
           I  ********S*********S*********S*********S*T*******S*T*******SI
      16.00I  ********S*********S*********S*********S*T*******S*T*******SI     16.00
           I  ********S*********S*********S*********S*T*******S*T*******SI
           I  ********S*********S*********S*********S*T*******S*T*******SI
           I  ********S*********S*********S*********S*T*******S*T*******SI
      14.43I  ********S*********S*********S*********S*T*******S*T*******SI     14.43
           I *********S*********S*********S*********S*T*******S*T*******SI
           I *********S*********S*********S*********S*T*******S*T*******SI
           I *********S*********S*********S*********S*T*******S*T*******SI
      12.86I**********S*********S*********S*********S*T*******S*T*******SI     12.86
 ++++++++++I+++++++++++++++++++++++++++++++++++++++++++++++++++++++++++++I
            S=SEASONAL FREQUENCIES, T=TRADING DAY FREQUENCIES
        bps_permits 42200            PAGE  22, SERIES bps_permits_addi
 G 2  10*LOG(SPECTRUM) of the Modified Irregular (Table E3).  
      Spectrum estimated from 2018.Jul to 2026.Jun.
 ++++++++++I+++++++++++++++++++++++++++++++++++++++++++++++++++++++++++++I
      28.89I                            *                                I     28.89
           I                            *         *                      I
           I                            *         *                      I
           I                            *         *     *                I
      27.37I                            *         *    **                I     27.37
           I                **          *         *    **            *   I
           I                **          *         *    **            *   I
           I                **          *         *    **            *   I
      25.84I                **          *         *    **            *   I     25.84
           I                ***         *        **    **            *   I
           I           *    ***         *        **    **            *   I
           I           *    ***        **        **    **            *   I
      24.32I           **   ****       **        **    **        *   **  I     24.32
           I           **   ****  *    **        **    **   *    *   **  I
           I           **   ****  *    **        ***   **   *    *   **  I
           I           **   ****  *    **        ***   **   *   T*  ***  I
      22.80I           **   ****S***   **      *****   **   **  T*  ***  I     22.80
           I           **   ****S***   **     ******   *** ***  T** ***  I
           I       *   **   ****S***   ***    ******   *** ***  T** ***  I
           I       *   **  *****S***   ***    ******   *** ***S*T******  I
      21.27I       **  **  *****S***   ***    ******  T*******S*T******  I     21.27
           I       **  **  *****S***   ***   *******  T*******S*T******  I
           I       **  **  *****S***   ***   *******  T*******S*T******  I
           I       **  **  *****S***   ***   *******S T*******S*T******* I
      19.75I       **  **  *****S***  ****   *******S T*******S*T******* I     19.75
           I       **  **  *****S**** ****   *******S*T*******S*T******* I
           I       **  *** *****S**** ****S ********S*T*******S*T*******SI
           I       **  *********S**** ****S ********S*T*******S*T*******SI
      18.23I       ** S*********S*********S*********S*T*******S*T*******SI     18.23
           I       ** S*********S*********S*********S*T*******S*T*******SI
           I       ** S*********S*********S*********S*T*******S*T*******SI
           I*      ***S*********S*********S*********S*T*******S*T*******SI
      16.70I**     ***S*********S*********S*********S*T*******S*T*******SI     16.70
           I**     ***S*********S*********S*********S*T*******S*T*******SI
           I**     ***S*********S*********S*********S*T*******S*T*******SI
           I**     ***S*********S*********S*********S*T*******S*T*******SI
      15.18I**     ***S*********S*********S*********S*T*******S*T*******SI     15.18
           I**     ***S*********S*********S*********S*T*******S*T*******SI
           I**     ***S*********S*********S*********S*T*******S*T*******SI
           I**     ***S*********S*********S*********S*T*******S*T*******SI
      13.66I***    ***S*********S*********S*********S*T*******S*T*******SI     13.66
           I***   ****S*********S*********S*********S*T*******S*T*******SI
           I***   ****S*********S*********S*********S*T*******S*T*******SI
           I***   ****S*********S*********S*********S*T*******S*T*******SI
      12.14I***   ****S*********S*********S*********S*T*******S*T*******SI     12.14
           I***   ****S*********S*********S*********S*T*******S*T*******SI
           I***   ****S*********S*********S*********S*T*******S*T*******SI
           I***   ****S*********S*********S*********S*T*******S*T*******SI
      10.61I***   ****S*********S*********S*********S*T*******S*T*******SI     10.61
           I****  ****S*********S*********S*********S*T*******S*T*******SI
           I****  ****S*********S*********S*********S*T*******S*T*******SI
           I**** *****S*********S*********S*********S*T*******S*T*******SI
       9.09I**********S*********S*********S*********S*T*******S*T*******SI      9.09
 ++++++++++I+++++++++++++++++++++++++++++++++++++++++++++++++++++++++++++I
            S=SEASONAL FREQUENCIES, T=TRADING DAY FREQUENCIES
        bps_permits 42200            PAGE  23, SERIES bps_permits_addi

  Peak probabilities for Tukey spectrum estimator
  Spectrum estimated from 2018.Jul to 2026.Jun.

                                          S1       S2       S3       S4       S5       S6       TD
                                        ------   ------   ------   ------   ------   ------   ------
  Model Residuals                        0.835    0.943*   0.104    0.609    0.447    0.340    0.053  
  Original Series (Table A1 or B1)       0.277    0.378    0.747    0.595    0.403    0.159    0.962* 
  Seasonally adjusted series (E2)        0.416    0.236    0.022    0.234    0.071    0.214    0.805  
  Modified Irregular (E3)                0.698    0.244    0.019    0.222    0.071    0.211    0.806  
  ----------
     ** - Peak Probability > 0.99,
      * - 0.90 < Peak Probability < 0.99


