  Reading input spec file from D:\Programming\Dynamic Paper-dlrhcs_replication\outputs\empirical\unemployment\raw_sa_pilot\x13_work\bps_permits_additive_level_19060_200401_202312.spc

1

               U. S. Department of Commerce, U. S. Census Bureau

              X-13ARIMA-SEATS monthly seasonal adjustment Method,
                          Release Version 1.1 Build 62


           This software application provides an enhanced version of
             Statistics Canada's X-11-ARIMA extension (Dagum, 1980)
                 of the X-11 variant of the Census Method II of
                      Shiskin, Young and Musgrave (1967).

            It also provides an ARIMA model-based method following
       Hillmer and Tiao (1982) and Burman (1980) that is very similar
       to the update of the method of SEATS (Gomez and Maravall, 1996)
                produced at the Bank of Spain by G. Caporello and
               A. Maravall for TSW (Caporello and Maravall, 2004).
          The present application includes additional enhancements.

         X-13ARIMA-SEATS includes an automatic ARIMA model selection procedure
          based largely on the procedure of Gomez and Maravall (1998)
            as implemented in TRAMO (1996) and subsequent revisions.

              Primary Programmers: Brian Monsell, Mark Otto and,
                 for the ARIMA model-based signal extraction,
                      Gianluca Caporello and Victor Gomez


     Series Title- bps_permits 19060
     Series Name- bps_permits_addi
     Jul 29, 2026  08.25.00 

        -Period covered-  1st month,2004 to 12th month,2023
        -Type of run - additive seasonal adjustment

        -Sigma limits for graduating extreme values are  1.5 and  2.5 .
        -3x3 moving average used in section 1 of each iteration, 
         3x5 moving average in section 2 of iterations B and C,
         moving average for final seasonal factors chosen by Global MSR.
        -Holiday adjustment factors applied directly to the final seasonally adjusted series
        -Spectral plots generated for selected series
        -Spectral plots generated for series starting in 2016.Jan

 FILE SAVE REQUESTS (* indicates file exists and will be overwritten)
  D:\Programming\Dynamic Paper-dlrhcs_replication\outputs\empirical\unemployment\raw_sa_pilot\x13_work\bps_permits_additive_level_19060_200401_202312.d10  final seasonal factors
  D:\Programming\Dynamic Paper-dlrhcs_replication\outputs\empirical\unemployment\raw_sa_pilot\x13_work\bps_permits_additive_level_19060_200401_202312.d11  final seasonally adjusted data
  D:\Programming\Dynamic Paper-dlrhcs_replication\outputs\empirical\unemployment\raw_sa_pilot\x13_work\bps_permits_additive_level_19060_200401_202312.out  program output file
  D:\Programming\Dynamic Paper-dlrhcs_replication\outputs\empirical\unemployment\raw_sa_pilot\x13_work\bps_permits_additive_level_19060_200401_202312.err  program error file
        bps_permits 19060            PAGE   1, SERIES bps_permits_addi

     Contents of spc file D:\Programming\Dynamic Paper-dlrhcs_replication\outputs\empirical\unemployment\raw_sa_pilot\x13_work\bps_permits_additive_level_19060_200401_202312.spc

 Line #
 ------
      1: series {
      2:   title = "bps_permits 19060"
      3:   start = 2004.1
      4:   period = 12
      5:   data = (
      6: 9
      7: 7
      8: 24
      9: 28
     10: 23
     11: 28
     12: 19
     13: 16
     14: 13
     15: 14
     16: 16
     17: 11
     18: 14
     19: 9
     20: 12
     21: 21
     22: 21
     23: 18
     24: 11
     25: 12
     26: 10
     27: 15
     28: 7
     29: 4
     30: 9
     31: 12
     32: 17
     33: 10
     34: 9
     35: 13
     36: 13
     37: 8
     38: 17
     39: 8
     40: 9
     41: 3
     42: 5
     43: 7
     44: 16
     45: 12
     46: 14
     47: 13
     48: 9
     49: 9
     50: 8
     51: 5
     52: 6
     53: 10
     54: 7
     55: 6
     56: 7
     57: 6
     58: 6
     59: 4
     60: 9
     61: 16
     62: 9
     63: 6
     64: 6
     65: 6
     66: 5
     67: 4
     68: 22
     69: 9
     70: 4
     71: 9
     72: 4
     73: 5
     74: 8
     75: 4
     76: 4
     77: 51
     78: 2
     79: 3
     80: 1
     81: 4
     82: 2
     83: 10
     84: 4
     85: 6
     86: 1
     87: 5
     88: 6
     89: 3
     90: 3
     91: 2
     92: 3
     93: 6
     94: 2
     95: 5
     96: 10
     97: 4
     98: 6
     99: 2
    100: 5
    101: 3
    102: 4
    103: 1
    104: 3
    105: 6
    106: 5
    107: 13
    108: 12
    109: 3
    110: 2
    111: 1
    112: 2
    113: 2
    114: 2
    115: 2
    116: 2
    117: 4
    118: 4
    119: 6
    120: 5
    121: 2
    122: 6
    123: 3
    124: 2
    125: 1
    126: 1
    127: 6
    128: 2
    129: 7
    130: 7
    131: 1
    132: 3
    133: 6
    134: 2
    135: 1
    136: 1
    137: 1
    138: 1
    139: 2
    140: 3
    141: 2
    142: 3
    143: 4
    144: 3
    145: 3
    146: 3
    147: 1
    148: 4
    149: 4
    150: 0
    151: 0
    152: 5
    153: 6
    154: 1
    155: 3
    156: 10
    157: 5
    158: 5
    159: 5
    160: 1
    161: 3
    162: 1
    163: 0
    164: 4
    165: 1
    166: 2
    167: 2
    168: 6
    169: 3
    170: 0
    171: 4
    172: 3
    173: 4
    174: 1
    175: 5
    176: 3
    177: 2
    178: 7
    179: 1
    180: 3
    181: 4
    182: 3
    183: 4
    184: 3
    185: 1
    186: 1
    187: 1
    188: 6
    189: 1
    190: 7
    191: 3
    192: 1
    193: 3
    194: 6
    195: 5
    196: 3
    197: 4
    198: 4
    199: 1
    200: 2
    201: 37
    202: 5
    203: 4
    204: 4
    205: 3
    206: 0
    207: 8
    208: 1
    209: 2
    210: 4
    211: 6
    212: 7
    213: 5
    214: 3
    215: 4
    216: 4
    217: 0
    218: 0
    219: 0
    220: 0
    221: 0
    222: 0
    223: 5
    224: 3
    225: 7
    226: 9
    227: 5
    228: 8
    229: 6
    230: 12
    231: 6
    232: 6
    233: 1
    234: 1
    235: 5
    236: 7
    237: 11
    238: 10
    239: 6
    240: 4
    241: 3
    242: 11
    243: 4
    244: 2
    245: 6
    246:   )
    247: }
    248: transform { function = none }
    249: regression { aictest = (td easter) }
    250: automdl {}
    251: x11 { mode = add save = (d10 d11) }
        bps_permits 19060            PAGE   2, SERIES bps_permits_addi

 A 1  Time series data (for the span analyzed)
  From  2004.Jan to 2023.Dec
  Observations        240
 -----------------------------------------------------------------------------
               Jan      Feb      Mar      Apr      May      Jun 
               Jul      Aug      Sep      Oct      Nov      Dec        TOTAL  
 -----------------------------------------------------------------------------
  2004           9.       7.      24.      28.      23.      28.
                19.      16.      13.      14.      16.      11.          208.
 
  2005          14.       9.      12.      21.      21.      18.
                11.      12.      10.      15.       7.       4.          154.
 
  2006           9.      12.      17.      10.       9.      13.
                13.       8.      17.       8.       9.       3.          128.
 
  2007           5.       7.      16.      12.      14.      13.
                 9.       9.       8.       5.       6.      10.          114.
 
  2008           7.       6.       7.       6.       6.       4.
                 9.      16.       9.       6.       6.       6.           88.
 
  2009           5.       4.      22.       9.       4.       9.
                 4.       5.       8.       4.       4.      51.          129.
 
  2010           2.       3.       1.       4.       2.      10.
                 4.       6.       1.       5.       6.       3.           47.
 
  2011           3.       2.       3.       6.       2.       5.
                10.       4.       6.       2.       5.       3.           51.
 
  2012           4.       1.       3.       6.       5.      13.
                12.       3.       2.       1.       2.       2.           54.
 
  2013           2.       2.       2.       4.       4.       6.
                 5.       2.       6.       3.       2.       1.           39.
 
  2014           1.       6.       2.       7.       7.       1.
                 3.       6.       2.       1.       1.       1.           38.
 
  2015           1.       2.       3.       2.       3.       4.
                 3.       3.       3.       1.       4.       4.           33.
 
  2016           0.       0.       5.       6.       1.       3.
                10.       5.       5.       5.       1.       3.           44.
 
  2017           1.       0.       4.       1.       2.       2.
                 6.       3.       0.       4.       3.       4.           30.
 
  2018           1.       5.       3.       2.       7.       1.
                 3.       4.       3.       4.       3.       1.           37.
 
  2019           1.       1.       6.       1.       7.       3.
                 1.       3.       6.       5.       3.       4.           41.
 
  2020           4.       1.       2.      37.       5.       4.
                 4.       3.       0.       8.       1.       2.           71.
 
  2021           4.       6.       7.       5.       3.       4.
                 4.       0.       0.       0.       0.       0.           33.
 
  2022           0.       5.       3.       7.       9.       5.
                 8.       6.      12.       6.       6.       1.           68.
 
  2023           1.       5.       7.      11.      10.       6.
                 4.       3.      11.       4.       2.       6.           70.
 
  AVGE           4.       4.       7.       9.       7.       8.
                 7.       6.       6.       5.       4.       6.

  Table Total-        1477.   Mean-         6.   Std. Dev.-         6.
                              Min -         0.        Max -        51.
        bps_permits 19060            PAGE   3, SERIES bps_permits_addi
                        Automatic ARIMA Model Selection

                    Procedure based closely on TRAMO method 
                         of Gomez and Maravall (2000)
              "Automatic Modeling Methods for Univariate Series",
                            A Course in Time Series
                  (Edited by D. Pena, G. C. Tiao, R. S. Tsay),
                         New York : J. Wiley and Sons


     Maximum order for regular ARMA parameters :   2
     Maximum order for seasonal ARMA parameters :   1
     Maximum order for regular differencing :   2
     Maximum order for seasonal differencing :   1

   Results of Unit Root Test for identifying orders of differencing:
     Regular difference order :   0
     Seasonal difference order :   0

  Automatic model choice : (1 0 1)
   Model changed to 
   ( 0, 1, 1) ( 0, 1, 1)


  Final Checks for Identified Model


  Checking for Unit Roots.
   No unit roots found.

  Checking for nonseasonal overdifferencing.
   Reduce order of nonseasonal MA, nonseasonal differencing.
   ( 0, 0, 0) ( 0, 1, 1)

  Checking for insignificant ARMA coefficients.

  Final automatic model choice : (0 0 0)(0 1 1)
   End of automatic model selection procedure.

 Average absolute percentage error in within-sample forecasts:
  Last year:  62.79      Last-1 year:  86.37     Last-2 year:  60.78
  Last three years:   69.98

 Estimation converged in    2 ARMA iterations,   15 function evaluations.

 Regression Model
 ------------------------------------------------------------------------------
                             Parameter        Standard
 Variable                     Estimate           Error      t-value
 ------------------------------------------------------------------------------
 Constant                      -0.5056         0.14002        -3.61
 ------------------------------------------------------------------------------


 ARIMA Model:  (0 0 0)(0 1 1)
   Seasonal differences:    1
                                              Standard
 Parameter                    Estimate          Errors
 -----------------------------------------------------
 Seasonal MA                                       
   Lag 12                       0.6690         0.04719

 Variance                       0.32118E+02
 SE of Var                      0.30082E+01
 -----------------------------------------------------

 Likelihood Statistics
 ------------------------------------------------------------------
 Number of observations (nobs)                                  240
 Effective number of observations (nefobs)                      228
 Number of parameters estimated (np)                              3
 Log likelihood (L)                                       -722.5928
 AIC                                                      1451.1856 
 AICC (F-corrected-AIC)                                   1451.2928 
 Hannan Quinn                                             1455.3365 
 BIC                                                      1461.4737 
 ------------------------------------------------------------------

 QS Statistic for regARIMA Model Residuals (full series):             0.00
                                                       (P-Value =     1.0000)

 QS Statistic for regARIMA Model Residuals (starting 2016.Jan):       0.00
                                                       (P-Value =     1.0000)
      10*LOG(SPECTRUM) of the regARIMA model residuals
      Spectrum estimated from 2016.Jan to 2023.Dec.
 ++++++++++I+++++++++++++++++++++++++++++++++++++++++++++++++++++++++++++I
      19.04I    *                                                        I     19.04
           I    *                                                        I
           I    *                                *                       I
           I    *                                *                       I
      18.05I    *                                *                       I     18.05
           I    *                                *                       I
           I    *                                *                       I
           I    *                                *                       I
      17.05I    *                            *   *                       I     17.05
           I    *                            *   *                       I
           I    *                            *   *                       I
           I    *                            *   *                       I
      16.06I    *                            *   *                   *   I     16.06
           I   **                            *   *                   *   I
           I   **                            *   *                   *   I
           I   **                            *   *                   *   I
      15.06I   **                            *   *                   *   I     15.06
           I   **                           **  **     *             *   I
           I   **   *                       **  ***    *          *  *   I
           I   **   *    *   *       *      **  ***    *          *  *   I
      14.07I   **   **   *   *       *      **  ***    *          *  *   I     14.07
           I   **   **   *   *       *      *** ***    **         *  **  I
           I   **   **   *   **    * *      *** ***    **         *  **  I
           I   **   **   *   **   ****      *** ***   T**         *****  I
      13.07I   **   **   *   **   ****      *** ***   T**         *****  I     13.07
           I   **   **   *   **   ****      *******   T***        *****  I
           I   **   **   *   **   ****      *******   T*** *      *****  I
           I*  **   **   *   **   ****      *******   T******     *****  I
      12.08I* ***   **   *   **   *****     *******   T******     *****  I     12.08
           I*****   **   *   **   *****     *******   T******     *****  I
           I******  **   **  **   *****     *******   T******     *****  I
           I******  **   **  **   *****     *******   T******     *****  I
      11.09I******  **   **  **   *****     ********  T******     *****  I     11.09
           I******  **  ***  **  ******     ******** *T*******   ******  I
           I******  **  *** ***  ******     ******** *T*******   ******  I
           I******  **  *** ***  ******     ******** *T*******   ******  I
      10.09I******  **  *** ***  ******    *********S*T*******   ******  I     10.09
           I****** ***  *** **** ******    *********S*T*******   ******  I
           I****** ***S *** **** ******    *********S*T*******   ******* I
           I****** ***S ******** ******    *********S*T*******   ******* I
       9.10I**********S ********S******    *********S*T*******   ******* I      9.10
           I**********S ********S******    *********S*T*******   ******* I
           I**********S*********S******    *********S*T*******S  ******* I
           I**********S*********S*******   *********S*T*******S  ******* I
       8.10I**********S*********S*******   *********S*T*******S T*******SI      8.10
           I**********S*********S*******   *********S*T*******S T*******SI
           I**********S*********S*******   *********S*T*******S*T*******SI
           I**********S*********S*******   *********S*T*******S*T*******SI
       7.11I**********S*********S*******  S*********S*T*******S*T*******SI      7.11
           I**********S*********S*******  S*********S*T*******S*T*******SI
           I**********S*********S*******  S*********S*T*******S*T*******SI
           I**********S*********S******** S*********S*T*******S*T*******SI
       6.11I**********S*********S*********S*********S*T*******S*T*******SI      6.11
 ++++++++++I+++++++++++++++++++++++++++++++++++++++++++++++++++++++++++++I
            S=SEASONAL FREQUENCIES, T=TRADING DAY FREQUENCIES


 FORECASTING
  Origin  2023.Dec
  Number        12

  Forecasts and Standard Errors
   ------------------------------
                         Standard
       Date   Forecast      Error
   ------------------------------
   2024.Jan     0.0203    5.68306
   2024.Feb     2.6416    5.68306
   2024.Mar     3.5885    5.68306
   2024.Apr     8.5764    5.68306
   2024.May     5.7592    5.68306
   2024.Jun     3.1385    5.68306
   2024.Jul     3.3428    5.68306
   2024.Aug     1.8309    5.68306
   2024.Sep     5.5565    5.68306
   2024.Oct     2.7284    5.68306
   2024.Nov     1.1333    5.68306
   2024.Dec     1.5338    5.68306
   ------------------------------

  Confidence intervals with coverage probability ( 0.95000
   ---------------------------------------
       Date      Lower  Forecast     Upper
   ---------------------------------------
   2024.Jan     -11.12      0.02     11.16
   2024.Feb      -8.50      2.64     13.78
   2024.Mar      -7.55      3.59     14.73
   2024.Apr      -2.56      8.58     19.72
   2024.May      -5.38      5.76     16.90
   2024.Jun      -8.00      3.14     14.28
   2024.Jul      -7.80      3.34     14.48
   2024.Aug      -9.31      1.83     12.97
   2024.Sep      -5.58      5.56     16.70
   2024.Oct      -8.41      2.73     13.87
   2024.Nov     -10.01      1.13     12.27
   2024.Dec      -9.60      1.53     12.67
   ---------------------------------------
        bps_permits 19060            PAGE   4, SERIES bps_permits_addi

 B 1  Original series (prior adjusted)
  From  2004.Jan to 2023.Dec
  Observations        240
 -----------------------------------------------------------------------------
               Jan      Feb      Mar      Apr      May      Jun 
               Jul      Aug      Sep      Oct      Nov      Dec        TOTAL  
 -----------------------------------------------------------------------------
  2004           9.       7.      24.      28.      23.      28.
                19.      16.      13.      14.      16.      11.          208.
 
  2005          14.       9.      12.      21.      21.      18.
                11.      12.      10.      15.       7.       4.          154.
 
  2006           9.      12.      17.      10.       9.      13.
                13.       8.      17.       8.       9.       3.          128.
 
  2007           5.       7.      16.      12.      14.      13.
                 9.       9.       8.       5.       6.      10.          114.
 
  2008           7.       6.       7.       6.       6.       4.
                 9.      16.       9.       6.       6.       6.           88.
 
  2009           5.       4.      22.       9.       4.       9.
                 4.       5.       8.       4.       4.      51.          129.
 
  2010           2.       3.       1.       4.       2.      10.
                 4.       6.       1.       5.       6.       3.           47.
 
  2011           3.       2.       3.       6.       2.       5.
                10.       4.       6.       2.       5.       3.           51.
 
  2012           4.       1.       3.       6.       5.      13.
                12.       3.       2.       1.       2.       2.           54.
 
  2013           2.       2.       2.       4.       4.       6.
                 5.       2.       6.       3.       2.       1.           39.
 
  2014           1.       6.       2.       7.       7.       1.
                 3.       6.       2.       1.       1.       1.           38.
 
  2015           1.       2.       3.       2.       3.       4.
                 3.       3.       3.       1.       4.       4.           33.
 
  2016           0.       0.       5.       6.       1.       3.
                10.       5.       5.       5.       1.       3.           44.
 
  2017           1.       0.       4.       1.       2.       2.
                 6.       3.       0.       4.       3.       4.           30.
 
  2018           1.       5.       3.       2.       7.       1.
                 3.       4.       3.       4.       3.       1.           37.
 
  2019           1.       1.       6.       1.       7.       3.
                 1.       3.       6.       5.       3.       4.           41.
 
  2020           4.       1.       2.      37.       5.       4.
                 4.       3.       0.       8.       1.       2.           71.
 
  2021           4.       6.       7.       5.       3.       4.
                 4.       0.       0.       0.       0.       0.           33.
 
  2022           0.       5.       3.       7.       9.       5.
                 8.       6.      12.       6.       6.       1.           68.
 
  2023           1.       5.       7.      11.      10.       6.
                 4.       3.      11.       4.       2.       6.           70.
 
  AVGE           4.       4.       7.       9.       7.       8.
                 7.       6.       6.       5.       4.       6.

  Table Total-        1477.   Mean-         6.   Std. Dev.-         6.
                              Min -         0.        Max -        51.

 B 1.A  Forecasts of (prior adjusted) original series
  From  2024.Jan to 2024.Dec
  Observations         12
 -----------------------------------------------------------------------------
               Jan      Feb      Mar      Apr      May      Jun 
               Jul      Aug      Sep      Oct      Nov      Dec        TOTAL  
 -----------------------------------------------------------------------------
  2024           0.       3.       4.       9.       6.       3.
                 3.       2.       6.       3.       1.       2.           40.
 
        bps_permits 19060            PAGE   5, SERIES bps_permits_addi

 C 17  Final weights for irregular component
  From  2004.Jan to 2023.Dec
  Observations        240
  Lower sigma limit    1.50
  Upper sigma limit    2.50
 -----------------------------------------------------------------------------
               Jan      Feb      Mar      Apr      May      Jun 
               Jul      Aug      Sep      Oct      Nov      Dec         S.D.  
 -----------------------------------------------------------------------------
  2004         100.      27.     100.      83.     100.     100.
               100.     100.     100.     100.     100.     100.          275.
 
  2005         100.     100.       0.     100.      77.     100.
               100.     100.     100.      45.     100.     100.          275.
 
  2006         100.      76.     100.     100.     100.     100.
               100.     100.       0.     100.     100.     100.          275.
 
  2007         100.     100.     100.     100.     100.     100.
               100.     100.     100.     100.     100.     100.          326.
 
  2008         100.     100.     100.     100.     100.      98.
               100.       3.     100.     100.     100.     100.          333.
 
  2009         100.     100.       0.     100.     100.     100.
               100.     100.     100.     100.      71.       0.          317.
 
  2010          63.     100.      49.     100.     100.     100.
               100.     100.     100.     100.     100.     100.          318.
 
  2011         100.     100.     100.     100.     100.     100.
               100.     100.     100.     100.     100.     100.          288.
 
  2012         100.     100.     100.     100.     100.      54.
                55.     100.     100.     100.     100.     100.          217.
 
  2013         100.     100.     100.     100.     100.     100.
               100.     100.     100.     100.     100.     100.          170.
 
  2014         100.      35.     100.     100.      81.       0.
               100.      29.     100.     100.     100.     100.          169.
 
  2015         100.     100.     100.     100.     100.     100.
               100.     100.     100.     100.     100.     100.          156.
 
  2016         100.      94.     100.     100.       0.     100.
                 0.     100.     100.     100.     100.     100.          161.
 
  2017         100.     100.     100.     100.      92.     100.
                24.     100.      86.     100.     100.     100.          137.
 
  2018         100.     100.     100.     100.     100.     100.
               100.     100.     100.     100.     100.     100.          213.
 
  2019         100.     100.     100.     100.     100.     100.
               100.     100.     100.     100.     100.     100.          218.
 
  2020         100.       0.       0.       0.      32.     100.
               100.     100.      38.      86.     100.     100.          222.
 
  2021         100.     100.     100.     100.     100.     100.
               100.     100.     100.     100.     100.     100.          226.
 
  2022         100.     100.     100.     100.     100.     100.
               100.     100.      98.     100.     100.      89.          219.
 
  2023         100.     100.     100.     100.     100.     100.
               100.     100.     100.     100.     100.     100.          219.
 
        bps_permits 19060            PAGE   6, SERIES bps_permits_addi

 D 8  Final unmodified SI ratios
  From  2004.Jan to 2023.Dec
  Observations        240
 -----------------------------------------------------------------------------
               Jan      Feb      Mar      Apr      May      Jun 
               Jul      Aug      Sep      Oct      Nov      Dec         AVGE  
 -----------------------------------------------------------------------------
  2004          -8.     -11.       6.       9.       4.       9.
                 0.      -2.      -5.      -3.      -1.      -5.           -1.
 
  2005          -2.      -6.      -3.       6.       7.       4.
                -2.      -1.      -2.       3.      -4.      -7.           -1.
 
  2006          -1.       2.       7.       0.      -1.       3.
                 4.      -1.       8.      -1.      -0.      -6.            1.
 
  2007          -4.      -3.       6.       2.       4.       3.
                -1.      -0.      -1.      -4.      -2.       2.            0.
 
  2008          -0.      -1.       1.      -0.      -0.      -2.
                 3.       9.       2.      -1.      -1.      -1.            1.
 
  2009          -2.      -3.      16.       3.      -2.       3.
                -2.      -1.       2.      -2.      -2.      45.            5.
 
  2010          -3.      -2.      -4.      -1.      -3.       6.
                -0.       2.      -3.       1.       2.      -1.           -1.
 
  2011          -1.      -2.      -1.       2.      -2.       1.
                 6.      -0.       2.      -2.       0.      -2.           -0.
 
  2012          -1.      -4.      -2.       1.       0.       8.
                 7.      -1.      -2.      -3.      -1.      -1.            0.
 
  2013          -1.      -1.      -1.       1.       1.       3.
                 2.      -1.       3.      -1.      -2.      -3.            0.
 
  2014          -3.       2.      -2.       3.       4.      -2.
                -0.       3.      -1.      -1.      -1.      -1.            0.
 
  2015          -1.      -0.       1.      -0.       1.       2.
                 1.       0.       0.      -2.       1.       1.            0.
 
  2016          -3.      -4.       1.       2.      -3.      -1.
                 6.       1.       1.       1.      -2.       0.           -0.
 
  2017          -2.      -2.       2.      -1.       0.       0.
                 4.       1.      -3.       1.      -0.       1.            0.
 
  2018          -2.       2.      -0.      -1.       4.      -2.
                -0.       1.      -0.       1.       0.      -2.           -0.
 
  2019          -2.      -2.       3.      -2.       4.      -0.
                -2.      -1.       2.       0.      -2.      -2.           -0.
 
  2020          -2.      -5.      -4.      31.      -1.      -1.
                -1.      -2.      -5.       3.      -4.      -3.            1.
 
  2021          -0.       2.       3.       2.       0.       2.
                 2.      -2.      -1.      -1.      -2.      -2.            0.
 
  2022          -2.       2.      -1.       2.       4.      -1.
                 2.      -1.       5.      -1.      -1.      -6.            0.
 
  2023          -5.      -1.       1.       5.       4.       0.
                -2.      -3.       5.      -1.      -3.       1.            0.
 
  AVGE          -2.      -2.       1.       3.       1.       2.
                 1.       0.       0.      -1.      -1.       1.

  Table Total-          78.   Mean-         0.   Std. Dev.-         5.
                              Min -       -11.        Max -        45.
        bps_permits 19060            PAGE   7, SERIES bps_permits_addi

 D 8.B  Final unmodified SI ratios, with labels for outliers and extreme values
  From  2004.Jan to 2023.Dec
  Observations        240
 ---------------------------------------------------------------------
               Jan       Feb       Mar       Apr       May       Jun  
               Jul       Aug       Sep       Oct       Nov       Dec  
 ---------------------------------------------------------------------
  2004         -8.      -11.*       6.        9.*       4.        9.  
                0.       -2.       -5.       -3.       -1.       -5.  
 
  2005         -2.       -6.       -3.*       6.        7.*       4.  
               -2.       -1.       -2.        3.*      -4.       -7.  
 
  2006         -1.        2.*       7.        0.       -1.        3.  
                4.       -1.        8.*      -1.       -0.       -6.  
 
  2007         -4.       -3.        6.        2.        4.        3.  
               -1.       -0.       -1.       -4.       -2.        2.  
 
  2008         -0.       -1.        1.       -0.       -0.       -2.* 
                3.        9.*       2.       -1.       -1.       -1.  
 
  2009         -2.       -3.       16.*       3.       -2.        3.  
               -2.       -1.        2.       -2.       -2.*      45.* 
 
  2010         -3.*      -2.       -4.*      -1.       -3.        6.  
               -0.        2.       -3.        1.        2.       -1.  
 
  2011         -1.       -2.       -1.        2.       -2.        1.  
                6.       -0.        2.       -2.        0.       -2.  
 
  2012         -1.       -4.       -2.        1.        0.        8.* 
                7.*      -1.       -2.       -3.       -1.       -1.  
 
  2013         -1.       -1.       -1.        1.        1.        3.  
                2.       -1.        3.       -1.       -2.       -3.  
 
  2014         -3.        2.*      -2.        3.        4.*      -2.* 
               -0.        3.*      -1.       -1.       -1.       -1.  
 
  2015         -1.       -0.        1.       -0.        1.        2.  
                1.        0.        0.       -2.        1.        1.  
 
  2016         -3.       -4.*       1.        2.       -3.*      -1.  
                6.*       1.        1.        1.       -2.        0.  
 
  2017         -2.       -2.        2.       -1.        0.*       0.  
                4.*       1.       -3.*       1.       -0.        1.  
 
  2018         -2.        2.       -0.       -1.        4.       -2.  
               -0.        1.       -0.        1.        0.       -2.  
 
  2019         -2.       -2.        3.       -2.        4.       -0.  
               -2.       -1.        2.        0.       -2.       -2.  
 
  2020         -2.       -5.*      -4.*      31.*      -1.*      -1.  
               -1.       -2.       -5.*       3.*      -4.       -3.  
 
  2021         -0.        2.        3.        2.        0.        2.  
                2.       -2.       -1.       -1.       -2.       -2.  
 
  2022         -2.        2.       -1.        2.        4.       -1.  
                2.       -1.        5.*      -1.       -1.       -6.* 
 
  2023         -5.       -1.        1.        5.        4.        0.  
               -2.       -3.        5.       -1.       -3.        1.  
 

  Key to symbols:
    *  : extreme value as determined by X-11 extreme value procedure
 
        bps_permits 19060            PAGE   8, SERIES bps_permits_addi

 D 9  Final replacement values for SI ratios
  From  2004.Jan to 2023.Dec
  Observations        240
 ---------------------------------------------------------------
               Jan      Feb      Mar      Apr      May      Jun 
               Jul      Aug      Sep      Oct      Nov      Dec 
 ---------------------------------------------------------------
  2004     ********      -6. ********       9. ******** ********
           ******** ******** ******** ******** ******** ********
 
  2005     ******** ********       5. ********       6. ********
           ******** ******** ********       0. ******** ********
 
  2006     ********       1. ******** ******** ******** ********
           ******** ********      -1. ******** ******** ********
 
  2007     ******** ******** ******** ******** ******** ********
           ******** ******** ******** ******** ******** ********
 
  2008     ******** ******** ******** ******** ********      -2.
           ********       1. ******** ******** ******** ********
 
  2009     ******** ********       2. ******** ******** ********
           ******** ******** ******** ********       0.       3.
 
  2010          -1. ********      -1. ******** ******** ********
           ******** ******** ******** ******** ******** ********
 
  2011     ******** ******** ******** ******** ******** ********
           ******** ******** ******** ******** ******** ********
 
  2012     ******** ******** ******** ******** ********       6.
                 6. ******** ******** ******** ******** ********
 
  2013     ******** ******** ******** ******** ******** ********
           ******** ******** ******** ******** ******** ********
 
  2014     ********      -0. ******** ********       3.       2.
           ********       1. ******** ******** ******** ********
 
  2015     ******** ******** ******** ******** ******** ********
           ******** ******** ******** ******** ******** ********
 
  2016     ********      -3. ******** ********       2. ********
                 1. ******** ******** ******** ******** ********
 
  2017     ******** ******** ******** ********       0. ********
                 2. ********      -2. ******** ******** ********
 
  2018     ******** ******** ******** ******** ******** ********
           ******** ******** ******** ******** ******** ********
 
  2019     ******** ******** ******** ******** ******** ********
           ******** ******** ******** ******** ******** ********
 
  2020     ********       2.       3.       3.       3. ********
           ******** ********      -2.       3. ******** ********
 
  2021     ******** ******** ******** ******** ******** ********
           ******** ******** ******** ******** ******** ********
 
  2022     ******** ******** ******** ******** ******** ********
           ******** ********       5. ******** ********      -5.
 
  2023     ******** ******** ******** ******** ******** ********
           ******** ******** ******** ******** ******** ********
 

 D 9.A  Moving seasonality ratio
 ---------------------------------------------------------------
               Jan      Feb      Mar      Apr      May      Jun 
 ---------------------------------------------------------------
   I          1.681    2.076    1.687    2.256    2.184    2.435
   S          0.254    0.310    0.576    0.452    0.487    0.461
 RATIO        6.608    6.703    2.929    4.996    4.488    5.279



 ---------------------------------------------------------------
               Jul      Aug      Sep      Oct      Nov      Dec 
 ---------------------------------------------------------------
   I          2.820    1.125    2.423    1.766    1.865    2.338
   S          0.444    0.234    0.434    0.267    0.227    0.434
 RATIO        6.350    4.813    5.581    6.613    8.201    5.388



        bps_permits 19060            PAGE   9, SERIES bps_permits_addi

 D 10  Final seasonal factors
  From  2004.Jan to 2023.Dec
  Observations        240
  Seasonal filter    3 x 5 moving average
 -----------------------------------------------------------------------------
               Jan      Feb      Mar      Apr      May      Jun 
               Jul      Aug      Sep      Oct      Nov      Dec         AVGE  
 -----------------------------------------------------------------------------
  2004          -4.      -4.       6.       5.       3.       5.
                 0.      -1.      -2.      -2.      -2.      -5.            0.
 
  2005          -3.      -3.       6.       4.       3.       5.
                 0.      -1.      -2.      -2.      -2.      -4.            0.
 
  2006          -3.      -3.       5.       3.       2.       4.
                 0.      -1.      -1.      -2.      -2.      -3.            0.
 
  2007          -2.      -2.       4.       2.       1.       3.
                 0.      -0.      -1.      -2.      -1.      -2.            0.
 
  2008          -2.      -2.       3.       1.       0.       2.
                 1.      -0.       0.      -1.      -1.      -0.            0.
 
  2009          -1.      -2.       1.       1.      -1.       2.
                 1.       0.       0.      -1.      -0.      -0.            0.
 
  2010          -1.      -2.       0.       1.      -1.       3.
                 2.       0.       0.      -1.      -0.      -0.            0.
 
  2011          -1.      -2.      -1.       1.      -1.       3.
                 2.      -0.       0.      -1.      -0.      -1.           -0.
 
  2012          -1.      -2.      -1.       1.      -0.       3.
                 3.      -0.       0.      -1.      -0.      -1.           -0.
 
  2013          -2.      -2.      -1.       1.       1.       3.
                 2.      -0.       0.      -1.      -1.      -1.           -0.
 
  2014          -2.      -1.      -0.       1.       1.       2.
                 2.      -0.       0.      -1.      -1.      -1.            0.
 
  2015          -2.      -1.       0.       1.       2.       1.
                 1.       0.       0.      -0.      -1.      -1.            0.
 
  2016          -2.      -1.       1.       0.       2.       0.
                 1.       0.      -0.       0.      -1.      -0.            0.
 
  2017          -2.      -1.       1.       0.       2.      -0.
                 0.       0.      -0.       1.      -1.      -1.           -0.
 
  2018          -2.      -1.       2.      -0.       2.      -1.
                 0.      -0.      -0.       1.      -1.      -1.           -0.
 
  2019          -2.       0.       2.       0.       2.      -1.
                -0.      -0.      -0.       1.      -2.      -2.           -0.
 
  2020          -2.       1.       2.       1.       3.      -0.
                -0.      -1.       1.       0.      -2.      -2.           -0.
 
  2021          -2.       1.       2.       2.       3.      -0.
                -0.      -1.       2.       0.      -2.      -2.            0.
 
  2022          -3.       0.       1.       3.       3.      -0.
                 0.      -2.       2.      -0.      -2.      -2.            0.
 
  2023          -3.       0.       1.       3.       3.      -0.
                 0.      -2.       3.      -1.      -2.      -2.            0.
 
  AVGE          -2.      -1.       2.       2.       1.       2.
                 1.      -0.       0.      -1.      -1.      -2.

  Table Total-           3.   Mean-         0.   Std. Dev.-         2.
                              Min -        -5.        Max -         6.

 D 10.A  Final seasonal component forecasts
  From  2024.Jan to 2024.Dec
  Observations         12
 -----------------------------------------------------------------------------
               Jan      Feb      Mar      Apr      May      Jun 
               Jul      Aug      Sep      Oct      Nov      Dec         AVGE  
 -----------------------------------------------------------------------------
  2024          -4.      -0.       0.       4.       3.      -0.
                 0.      -2.       3.      -1.      -2.      -2.            0.
 
        bps_permits 19060            PAGE  10, SERIES bps_permits_addi

 D 11  Final seasonally adjusted data
  From  2004.Jan to 2023.Dec
  Observations        240
 -----------------------------------------------------------------------------
               Jan      Feb      Mar      Apr      May      Jun 
               Jul      Aug      Sep      Oct      Nov      Dec        TOTAL  
 -----------------------------------------------------------------------------
  2004          13.      11.      18.      23.      20.      23.
                19.      17.      15.      16.      18.      16.          208.
 
  2005          17.      12.       6.      17.      18.      13.
                11.      13.      12.      17.       9.       8.          154.
 
  2006          12.      15.      12.       7.       7.       9.
                13.       9.      18.      10.      11.       6.          127.
 
  2007           7.       9.      12.      10.      13.      10.
                 9.       9.       9.       7.       7.      12.          113.
 
  2008           9.       8.       4.       5.       6.       2.
                 8.      16.       9.       7.       7.       6.           87.
 
  2009           6.       6.      21.       8.       5.       7.
                 3.       5.       8.       5.       4.      51.          128.
 
  2010           3.       5.       1.       3.       3.       7.
                 2.       6.       1.       6.       6.       3.           47.
 
  2011           4.       4.       4.       5.       3.       2.
                 8.       4.       6.       3.       5.       4.           51.
 
  2012           5.       3.       4.       5.       5.      10.
                 9.       3.       2.       2.       2.       3.           54.
 
  2013           4.       4.       3.       3.       3.       3.
                 3.       2.       6.       4.       3.       2.           39.
 
  2014           3.       7.       2.       6.       6.      -1.
                 1.       6.       2.       2.       2.       2.           38.
 
  2015           3.       3.       3.       1.       1.       3.
                 2.       3.       3.       1.       5.       5.           33.
 
  2016           2.       1.       4.       6.      -1.       3.
                 9.       5.       5.       5.       2.       3.           44.
 
  2017           3.       1.       3.       1.      -0.       2.
                 6.       3.       0.       3.       4.       5.           30.
 
  2018           3.       6.       1.       2.       5.       2.
                 3.       4.       3.       3.       4.       2.           38.
 
  2019           3.       1.       4.       1.       5.       4.
                 1.       3.       6.       4.       5.       6.           42.
 
  2020           6.       0.       0.      36.       2.       4.
                 4.       4.      -1.       8.       3.       4.           71.
 
  2021           6.       5.       5.       3.       0.       4.
                 4.       1.      -2.      -0.       2.       2.           33.
 
  2022           3.       5.       2.       4.       6.       5.
                 8.       8.      10.       6.       8.       3.           68.
 
  2023           4.       5.       6.       8.       7.       6.
                 4.       5.       8.       5.       4.       8.           70.
 
  AVGE           6.       6.       6.       8.       6.       6.
                 6.       6.       6.       6.       5.       8.

  Table Total-        1474.   Mean-         6.   Std. Dev.-         6.
                              Min -        -2.        Max -        51.
        bps_permits 19060            PAGE  11, SERIES bps_permits_addi

 D 12  Final trend cycle
  From  2004.Jan to 2023.Dec
  Observations        240
  Trend filter    23-term Henderson moving average
  I/C ratio        4.87
 -----------------------------------------------------------------------------
               Jan      Feb      Mar      Apr      May      Jun 
               Jul      Aug      Sep      Oct      Nov      Dec        TOTAL  
 -----------------------------------------------------------------------------
  2004          18.      18.      18.      19.      19.      19.
                19.      18.      18.      17.      17.      16.          215.
 
  2005          16.      15.      15.      15.      14.      14.
                13.      13.      12.      12.      11.      11.          160.
 
  2006          10.      10.      10.      10.      10.      10.
                 9.       9.       9.       9.       9.       9.          115.
 
  2007           9.      10.      10.      10.      10.      10.
                10.      10.       9.       9.       8.       8.          111.
 
  2008           7.       7.       6.       6.       6.       6.
                 6.       7.       7.       7.       7.       7.           79.
 
  2009           7.       7.       6.       6.       6.       6.
                 6.       6.       6.       6.       6.       6.           72.
 
  2010           5.       5.       5.       5.       4.       4.
                 4.       4.       4.       4.       4.       4.           54.
 
  2011           4.       4.       4.       4.       4.       4.
                 4.       4.       4.       4.       4.       5.           52.
 
  2012           5.       5.       5.       5.       5.       5.
                 5.       4.       4.       4.       3.       3.           52.
 
  2013           3.       3.       3.       3.       3.       3.
                 3.       3.       3.       3.       4.       4.           39.
 
  2014           4.       4.       4.       4.       3.       3.
                 3.       3.       3.       2.       2.       2.           37.
 
  2015           2.       2.       2.       2.       2.       2.
                 2.       3.       3.       3.       3.       3.           30.
 
  2016           3.       4.       4.       4.       4.       4.
                 4.       4.       4.       4.       3.       3.           45.
 
  2017           3.       2.       2.       2.       2.       2.
                 2.       2.       3.       3.       3.       3.           29.
 
  2018           3.       3.       3.       3.       3.       3.
                 3.       3.       3.       3.       3.       3.           38.
 
  2019           3.       3.       3.       3.       3.       3.
                 3.       4.       4.       5.       5.       6.           44.
 
  2020           6.       6.       6.       6.       6.       5.
                 5.       5.       5.       5.       5.       5.           63.
 
  2021           4.       4.       4.       4.       3.       3.
                 2.       2.       1.       1.       1.       2.           32.
 
  2022           2.       3.       4.       5.       6.       6.
                 7.       7.       7.       7.       7.       6.           66.
 
  2023           6.       6.       6.       6.       6.       6.
                 6.       6.       6.       5.       5.       5.           68.
 
  AVGE           6.       6.       6.       6.       6.       6.
                 6.       6.       6.       6.       6.       5.

  Table Total-        1400.   Mean-         6.   Std. Dev.-         4.
                              Min -         1.        Max -        19.
        bps_permits 19060            PAGE  12, SERIES bps_permits_addi

 D 13  Final irregular component
  From  2004.Jan to 2023.Dec
  Observations        240
 -----------------------------------------------------------------------------
               Jan      Feb      Mar      Apr      May      Jun 
               Jul      Aug      Sep      Oct      Nov      Dec         S.D.  
 -----------------------------------------------------------------------------
  2004          -5.      -7.      -0.       5.       1.       4.
                 0.      -1.      -2.      -1.       1.      -0.            3.
 
  2005           2.      -3.      -9.       2.       4.      -0.
                -3.       1.       0.       5.      -2.      -3.            4.
 
  2006           1.       5.       2.      -3.      -3.      -0.
                 3.      -0.       9.       1.       1.      -3.            4.
 
  2007          -2.      -0.       2.       0.       3.       0.
                -1.      -0.      -1.      -2.      -1.       4.            2.
 
  2008           2.       1.      -2.      -2.      -0.      -4.
                 2.      10.       2.       0.      -1.      -1.            3.
 
  2009          -0.      -1.      14.       2.      -1.       1.
                -3.      -1.       2.      -1.      -2.      45.           14.
 
  2010          -2.       0.      -4.      -2.      -1.       3.
                -2.       2.      -3.       2.       2.      -1.            2.
 
  2011           0.       0.      -0.       1.      -1.      -3.
                 3.      -0.       2.      -1.       1.      -1.            1.
 
  2012           1.      -2.      -1.      -0.       0.       5.
                 5.      -1.      -2.      -1.      -1.       0.            2.
 
  2013           1.       1.       0.      -0.       0.      -0.
                -1.      -1.       3.       1.      -1.      -1.            1.
 
  2014          -1.       4.      -1.       2.       2.      -4.
                -2.       3.      -1.      -0.      -0.      -0.            2.
 
  2015           1.       1.       1.      -1.      -1.       1.
                -1.       0.       0.      -1.       2.       1.            1.
 
  2016          -1.      -2.       1.       2.      -5.      -1.
                 5.       0.       1.       1.      -2.       0.            2.
 
  2017           1.      -1.       1.      -1.      -2.       1.
                 4.       0.      -3.       0.       1.       1.            2.
 
  2018          -0.       2.      -2.      -1.       1.      -2.
                -0.       1.       0.       0.       1.      -1.            1.
 
  2019           0.      -2.       1.      -2.       2.       1.
                -2.      -0.       2.      -1.      -1.      -0.            1.
 
  2020          -0.      -6.      -6.      30.      -3.      -1.
                -1.      -1.      -5.       3.      -2.      -0.            9.
 
  2021           2.       1.       1.      -1.      -3.       2.
                 2.      -0.      -3.      -1.       1.       0.            2.
 
  2022           0.       1.      -2.      -1.       1.      -1.
                 1.       1.       3.      -0.       1.      -3.            2.
 
  2023          -2.      -1.       0.       2.       2.       0.
                -2.      -1.       2.      -1.      -1.       3.            2.
 
  S.D.           2.       3.       4.       7.       2.       2.
                 3.       2.       3.       2.       1.      10.

  Table Total-          74.   Mean-         0.   Std. Dev.-         4.
                              Min -        -9.        Max -        45.
        bps_permits 19060            PAGE  13, SERIES bps_permits_addi

 D 16  Combined adjustment factors
  From  2004.Jan to 2023.Dec
  Observations        240
 -----------------------------------------------------------------------------
               Jan      Feb      Mar      Apr      May      Jun 
               Jul      Aug      Sep      Oct      Nov      Dec         AVGE  
 -----------------------------------------------------------------------------
  2004          -4.      -4.       6.       5.       3.       5.
                 0.      -1.      -2.      -2.      -2.      -5.            0.
 
  2005          -3.      -3.       6.       4.       3.       5.
                 0.      -1.      -2.      -2.      -2.      -4.            0.
 
  2006          -3.      -3.       5.       3.       2.       4.
                 0.      -1.      -1.      -2.      -2.      -3.            0.
 
  2007          -2.      -2.       4.       2.       1.       3.
                 0.      -0.      -1.      -2.      -1.      -2.            0.
 
  2008          -2.      -2.       3.       1.       0.       2.
                 1.      -0.       0.      -1.      -1.      -0.            0.
 
  2009          -1.      -2.       1.       1.      -1.       2.
                 1.       0.       0.      -1.      -0.      -0.            0.
 
  2010          -1.      -2.       0.       1.      -1.       3.
                 2.       0.       0.      -1.      -0.      -0.            0.
 
  2011          -1.      -2.      -1.       1.      -1.       3.
                 2.      -0.       0.      -1.      -0.      -1.           -0.
 
  2012          -1.      -2.      -1.       1.      -0.       3.
                 3.      -0.       0.      -1.      -0.      -1.           -0.
 
  2013          -2.      -2.      -1.       1.       1.       3.
                 2.      -0.       0.      -1.      -1.      -1.           -0.
 
  2014          -2.      -1.      -0.       1.       1.       2.
                 2.      -0.       0.      -1.      -1.      -1.            0.
 
  2015          -2.      -1.       0.       1.       2.       1.
                 1.       0.       0.      -0.      -1.      -1.            0.
 
  2016          -2.      -1.       1.       0.       2.       0.
                 1.       0.      -0.       0.      -1.      -0.            0.
 
  2017          -2.      -1.       1.       0.       2.      -0.
                 0.       0.      -0.       1.      -1.      -1.           -0.
 
  2018          -2.      -1.       2.      -0.       2.      -1.
                 0.      -0.      -0.       1.      -1.      -1.           -0.
 
  2019          -2.       0.       2.       0.       2.      -1.
                -0.      -0.      -0.       1.      -2.      -2.           -0.
 
  2020          -2.       1.       2.       1.       3.      -0.
                -0.      -1.       1.       0.      -2.      -2.           -0.
 
  2021          -2.       1.       2.       2.       3.      -0.
                -0.      -1.       2.       0.      -2.      -2.            0.
 
  2022          -3.       0.       1.       3.       3.      -0.
                 0.      -2.       2.      -0.      -2.      -2.            0.
 
  2023          -3.       0.       1.       3.       3.      -0.
                 0.      -2.       3.      -1.      -2.      -2.            0.
 
  AVGE          -2.      -1.       2.       2.       1.       2.
                 1.      -0.       0.      -1.      -1.      -2.

  Table Total-           3.   Mean-         0.   Std. Dev.-         2.
                              Min -        -5.        Max -         6.

 D 16.A  Combined adjustment component forecasts
  From  2024.Jan to 2024.Dec
  Observations         12
 -----------------------------------------------------------------------------
               Jan      Feb      Mar      Apr      May      Jun 
               Jul      Aug      Sep      Oct      Nov      Dec         AVGE  
 -----------------------------------------------------------------------------
  2024          -4.      -0.       0.       4.       3.      -0.
                 0.      -2.       3.      -1.      -2.      -2.            0.
 
        bps_permits 19060            PAGE  14, SERIES bps_permits_addi

 E 4  Differences of annual totals
  From          2004 to 2023
  Observations         20
 -----------------------------------
  Year       Unmodified     Modified
                  (D11)         (E2)
 -----------------------------------
  2004               0.           0.
 
  2005               0.           0.
 
  2006               1.           1.
 
  2007               1.           1.
 
  2008               1.           1.
 
  2009               1.           1.
 
  2010               0.           0.
 
  2011              -0.          -0.
 
  2012              -0.          -0.
 
  2013              -0.          -0.
 
  2014               0.           0.
 
  2015               0.           0.
 
  2016               0.           0.
 
  2017              -0.          -0.
 
  2018              -1.          -1.
 
  2019              -1.          -1.
 
  2020              -0.          -0.
 
  2021               0.           0.
 
  2022               0.           0.
 
  2023               0.           0.
 
        bps_permits 19060            PAGE  15, SERIES bps_permits_addi

 E 5  Month-to-month differences in the original series
  From  2004.Feb to 2023.Dec
  Observations        239
 -----------------------------------------------------------------------------
               Jan      Feb      Mar      Apr      May      Jun 
               Jul      Aug      Sep      Oct      Nov      Dec         AVGE  
 -----------------------------------------------------------------------------
  2004                   -2.      17.       4.      -5.       5.
                -9.      -3.      -3.       1.       2.      -5.            0.
 
  2005           3.      -5.       3.       9.       0.      -3.
                -7.       1.      -2.       5.      -8.      -3.           -1.
 
  2006           5.       3.       5.      -7.      -1.       4.
                 0.      -5.       9.      -9.       1.      -6.           -0.
 
  2007           2.       2.       9.      -4.       2.      -1.
                -4.       0.      -1.      -3.       1.       4.            1.
 
  2008          -3.      -1.       1.      -1.       0.      -2.
                 5.       7.      -7.      -3.       0.       0.           -0.
 
  2009          -1.      -1.      18.     -13.      -5.       5.
                -5.       1.       3.      -4.       0.      47.            4.
 
  2010         -49.       1.      -2.       3.      -2.       8.
                -6.       2.      -5.       4.       1.      -3.           -4.
 
  2011           0.      -1.       1.       3.      -4.       3.
                 5.      -6.       2.      -4.       3.      -2.            0.
 
  2012           1.      -3.       2.       3.      -1.       8.
                -1.      -9.      -1.      -1.       1.       0.           -0.
 
  2013           0.       0.       0.       2.       0.       2.
                -1.      -3.       4.      -3.      -1.      -1.           -0.
 
  2014           0.       5.      -4.       5.       0.      -6.
                 2.       3.      -4.      -1.       0.       0.            0.
 
  2015           0.       1.       1.      -1.       1.       1.
                -1.       0.       0.      -2.       3.       0.            0.
 
  2016          -4.       0.       5.       1.      -5.       2.
                 7.      -5.       0.       0.      -4.       2.           -0.
 
  2017          -2.      -1.       4.      -3.       1.       0.
                 4.      -3.      -3.       4.      -1.       1.            0.
 
  2018          -3.       4.      -2.      -1.       5.      -6.
                 2.       1.      -1.       1.      -1.      -2.           -0.
 
  2019           0.       0.       5.      -5.       6.      -4.
                -2.       2.       3.      -1.      -2.       1.            0.
 
  2020           0.      -3.       1.      35.     -32.      -1.
                 0.      -1.      -3.       8.      -7.       1.           -0.
 
  2021           2.       2.       1.      -2.      -2.       1.
                 0.      -4.       0.       0.       0.       0.           -0.
 
  2022           0.       5.      -2.       4.       2.      -4.
                 3.      -2.       6.      -6.       0.      -5.            0.
 
  2023           0.       4.       2.       4.      -1.      -4.
                -2.      -1.       8.      -7.      -2.       4.            0.
 
  AVGE          -3.       1.       3.       2.      -2.       0.
                -0.      -1.       0.      -1.      -1.       2.

  Table Total-          -3.   Mean-        -0.   Std. Dev.-         7.
                              Min -       -49.        Max -        47.
        bps_permits 19060            PAGE  16, SERIES bps_permits_addi

 E 6  Month-to-month differences in seasonally adjusted series (D11)
  From  2004.Feb to 2023.Dec
  Observations        239
 -----------------------------------------------------------------------------
               Jan      Feb      Mar      Apr      May      Jun 
               Jul      Aug      Sep      Oct      Nov      Dec         AVGE  
 -----------------------------------------------------------------------------
  2004                   -2.       7.       5.      -4.       3.
                -4.      -1.      -2.       0.       2.      -2.            0.
 
  2005           2.      -5.      -6.      11.       1.      -5.
                -3.       3.      -1.       5.      -8.      -1.           -1.
 
  2006           4.       3.      -3.      -5.      -0.       3.
                 3.      -4.       9.      -9.       1.      -5.           -0.
 
  2007           1.       2.       3.      -2.       3.      -3.
                -2.       1.      -1.      -2.       1.       5.            0.
 
  2008          -3.      -1.      -4.       0.       1.      -4.
                 7.       8.      -7.      -2.      -1.      -0.           -0.
 
  2009          -0.      -1.      15.     -13.      -3.       2.
                -4.       2.       3.      -2.      -1.      47.            4.
 
  2010         -48.       2.      -4.       2.       0.       4.
                -5.       4.      -5.       6.      -0.      -3.           -4.
 
  2011           1.      -0.      -0.       1.      -2.      -1.
                 6.      -4.       2.      -3.       2.      -1.            0.
 
  2012           1.      -2.       1.       1.       1.       4.
                -0.      -6.      -1.       1.      -0.       1.           -0.
 
  2013           0.       0.      -1.      -0.       1.      -0.
                -1.      -0.       4.      -2.      -2.      -1.           -0.
 
  2014           0.       5.      -5.       3.       0.      -7.
                 2.       5.      -4.       0.      -0.      -0.           -0.
 
  2015           1.       0.      -0.      -2.       1.       1.
                -1.       1.       0.      -2.       3.      -0.            0.
 
  2016          -3.      -1.       3.       1.      -6.       4.
                 7.      -5.       0.      -0.      -3.       2.           -0.
 
  2017          -0.      -2.       2.      -2.      -1.       3.
                 3.      -3.      -2.       3.       1.       1.            0.
 
  2018          -2.       3.      -4.       1.       3.      -3.
                 1.       1.      -1.      -0.       1.      -2.           -0.
 
  2019           1.      -2.       3.      -3.       4.      -1.
                -3.       2.       3.      -2.       0.       1.            0.
 
  2020           0.      -6.      -0.      36.     -34.       2.
                -0.      -0.      -5.       8.      -5.       1.           -0.
 
  2021           2.      -1.       0.      -2.      -3.       4.
                -0.      -3.      -3.       1.       2.       0.           -0.
 
  2022           1.       2.      -3.       2.       2.      -1.
                 3.      -0.       2.      -3.       2.      -5.            0.
 
  2023           1.       1.       2.       1.      -0.      -1.
                -2.       1.       4.      -3.      -1.       4.            0.
 
  AVGE          -2.      -0.       0.       2.      -2.       0.
                 0.       0.      -0.      -0.      -0.       2.

  Table Total-          -5.   Mean-        -0.   Std. Dev.-         6.
                              Min -       -48.        Max -        47.
        bps_permits 19060            PAGE  17, SERIES bps_permits_addi

 E 7  Month-to-month differences in final trend cycle (D12)
  From  2004.Feb to 2023.Dec
  Observations        239
 -----------------------------------------------------------------------------
               Jan      Feb      Mar      Apr      May      Jun 
               Jul      Aug      Sep      Oct      Nov      Dec         AVGE  
 -----------------------------------------------------------------------------
  2004                    0.       0.       0.       0.       0.
                -0.      -0.      -0.      -1.      -1.      -1.           -0.
 
  2005          -0.      -0.      -0.      -0.      -0.      -0.
                -1.      -1.      -1.      -1.      -0.      -0.           -0.
 
  2006          -0.      -0.      -0.      -0.      -0.      -0.
                -0.      -0.      -0.      -0.       0.       0.           -0.
 
  2007           0.       0.       0.       0.       0.       0.
                -0.      -0.      -0.      -0.      -1.      -1.           -0.
 
  2008          -1.      -0.      -0.      -0.      -0.       0.
                 0.       0.       0.       0.       0.      -0.           -0.
 
  2009          -0.      -0.      -0.      -0.      -0.      -0.
                 0.       0.       0.      -0.      -0.      -0.           -0.
 
  2010          -0.      -0.      -0.      -0.      -0.      -0.
                -0.       0.       0.       0.       0.      -0.           -0.
 
  2011          -0.      -0.      -0.       0.       0.       0.
                 0.       0.       0.       0.       0.       0.            0.
 
  2012           0.       0.       0.       0.      -0.      -0.
                -0.      -0.      -0.      -0.      -0.      -0.           -0.
 
  2013          -0.      -0.       0.       0.       0.       0.
                 0.       0.       0.       0.       0.       0.            0.
 
  2014           0.       0.      -0.      -0.      -0.      -0.
                -0.      -0.      -0.      -0.      -0.      -0.           -0.
 
  2015          -0.      -0.       0.       0.       0.       0.
                 0.       0.       0.       0.       0.       0.            0.
 
  2016           0.       0.       0.       0.       0.       0.
                 0.      -0.      -0.      -0.      -0.      -0.           -0.
 
  2017          -0.      -0.      -0.      -0.      -0.       0.
                 0.       0.       0.       0.       0.       0.            0.
 
  2018           0.      -0.      -0.      -0.      -0.      -0.
                -0.      -0.      -0.      -0.      -0.      -0.           -0.
 
  2019          -0.      -0.      -0.       0.       0.       0.
                 0.       0.       1.       1.       0.       0.            0.
 
  2020           0.       0.      -0.      -0.      -0.      -0.
                -0.      -0.      -0.      -0.      -0.       0.           -0.
 
  2021          -0.      -0.      -0.      -0.      -1.      -1.
                -0.      -0.      -0.      -0.       0.       0.           -0.
 
  2022           1.       1.       1.       1.       1.       1.
                 0.       0.       0.      -0.      -0.      -0.            0.
 
  2023          -0.      -0.      -0.      -0.       0.       0.
                -0.      -0.      -0.      -0.      -0.      -0.           -0.
 
  AVGE          -0.      -0.      -0.      -0.      -0.      -0.
                -0.      -0.      -0.      -0.      -0.      -0.

  Table Total-         -13.   Mean-        -0.   Std. Dev.-         0.
                              Min -        -1.        Max -         1.
        bps_permits 19060            PAGE  18, SERIES bps_permits_addi

 E 8  Month-to-month differences in original series adjusted for calendar factors (A18)
  From  2004.Feb to 2023.Dec
  Observations        239
 -----------------------------------------------------------------------------
               Jan      Feb      Mar      Apr      May      Jun 
               Jul      Aug      Sep      Oct      Nov      Dec         AVGE  
 -----------------------------------------------------------------------------
  2004                   -2.      17.       4.      -5.       5.
                -9.      -3.      -3.       1.       2.      -5.            0.
 
  2005           3.      -5.       3.       9.       0.      -3.
                -7.       1.      -2.       5.      -8.      -3.           -1.
 
  2006           5.       3.       5.      -7.      -1.       4.
                 0.      -5.       9.      -9.       1.      -6.           -0.
 
  2007           2.       2.       9.      -4.       2.      -1.
                -4.       0.      -1.      -3.       1.       4.            1.
 
  2008          -3.      -1.       1.      -1.       0.      -2.
                 5.       7.      -7.      -3.       0.       0.           -0.
 
  2009          -1.      -1.      18.     -13.      -5.       5.
                -5.       1.       3.      -4.       0.      47.            4.
 
  2010         -49.       1.      -2.       3.      -2.       8.
                -6.       2.      -5.       4.       1.      -3.           -4.
 
  2011           0.      -1.       1.       3.      -4.       3.
                 5.      -6.       2.      -4.       3.      -2.            0.
 
  2012           1.      -3.       2.       3.      -1.       8.
                -1.      -9.      -1.      -1.       1.       0.           -0.
 
  2013           0.       0.       0.       2.       0.       2.
                -1.      -3.       4.      -3.      -1.      -1.           -0.
 
  2014           0.       5.      -4.       5.       0.      -6.
                 2.       3.      -4.      -1.       0.       0.            0.
 
  2015           0.       1.       1.      -1.       1.       1.
                -1.       0.       0.      -2.       3.       0.            0.
 
  2016          -4.       0.       5.       1.      -5.       2.
                 7.      -5.       0.       0.      -4.       2.           -0.
 
  2017          -2.      -1.       4.      -3.       1.       0.
                 4.      -3.      -3.       4.      -1.       1.            0.
 
  2018          -3.       4.      -2.      -1.       5.      -6.
                 2.       1.      -1.       1.      -1.      -2.           -0.
 
  2019           0.       0.       5.      -5.       6.      -4.
                -2.       2.       3.      -1.      -2.       1.            0.
 
  2020           0.      -3.       1.      35.     -32.      -1.
                 0.      -1.      -3.       8.      -7.       1.           -0.
 
  2021           2.       2.       1.      -2.      -2.       1.
                 0.      -4.       0.       0.       0.       0.           -0.
 
  2022           0.       5.      -2.       4.       2.      -4.
                 3.      -2.       6.      -6.       0.      -5.            0.
 
  2023           0.       4.       2.       4.      -1.      -4.
                -2.      -1.       8.      -7.      -2.       4.            0.
 
  AVGE          -3.       1.       3.       2.      -2.       0.
                -0.      -1.       0.      -1.      -1.       2.

  Table Total-          -3.   Mean-        -0.   Std. Dev.-         7.
                              Min -       -49.        Max -        47.
        bps_permits 19060            PAGE  19, SERIES bps_permits_addi

 E 18  Final adjustment ratios
  From  2004.Jan to 2023.Dec
  Observations        240
 -----------------------------------------------------------------------------
               Jan      Feb      Mar      Apr      May      Jun 
               Jul      Aug      Sep      Oct      Nov      Dec         AVGE  
 -----------------------------------------------------------------------------
  2004       70.664   65.712  133.912  119.778  116.138  122.732
            101.539   92.010   84.070   88.891   90.407   70.187        96.337
 
  2005       80.316   73.058  192.836  125.101  117.034  134.405
            103.340   90.783   82.378   89.203   80.833   49.911       101.600
 
  2006       76.555   81.202  143.826  151.202  137.754  138.189
            102.129   89.490   92.740   81.933   85.232   51.740       102.666
 
  2007       70.888   77.050  134.914  122.700  109.814  127.223
            104.798   94.997   93.214   76.675   84.962   85.503        98.561
 
  2008       81.003   76.838  170.740  132.256  103.327  234.798
            106.528   99.306  100.431   80.908   91.617   92.804       114.213
 
  2009       77.933   67.864  106.578  112.504   84.365  137.151
            148.389  102.904  101.901   74.559   98.086   99.840       101.006
 
  2010       61.047   57.464  116.664  137.893   65.901  139.587
            187.563  100.218  140.742   78.586   99.195   94.671       106.628
 
  2011       71.489   47.710   79.971  123.520   69.163  301.192
            131.844   98.175  101.360   61.074   96.517   77.407       104.952
 
  2012       75.077   34.596   75.687  127.998   95.492  134.763
            126.765   92.115  107.190   41.127   83.469   62.894        88.098
 
  2013       56.760   54.691   68.615  154.369  117.023  193.268
            192.297   91.576  101.897   68.459   72.732   44.784       101.373
 
  2014       37.189   80.561   85.232  124.038  118.244  -93.427
            261.549   98.490  115.001   48.373   52.405   53.738        81.783
 
  2015       33.646   61.517  104.210  222.636  204.631  141.881
            161.255  108.888  100.088   67.965   81.976   88.145       114.736
 
  2016        0.000    0.000  118.070  108.628 -124.031  110.342
            106.240  109.577   99.512  100.120   57.359   88.432        64.521
 
  2017       31.956    0.000  147.364  118.466 ********   83.925
            103.607  112.827    0.000  115.134   75.192   87.313       -14.879
 
  2018       34.035   89.612  271.443   98.395  148.610   65.099
            100.528   98.450   90.160  124.519   69.587   50.688       103.427
 
  2019       34.892  114.947  148.089  141.589  155.233   82.107
             95.712   86.581   98.128  119.310   65.336   69.991       100.993
 
  2020       67.381  229.174 4268.709  102.441  210.740   90.823
             97.126   75.808   -0.000  104.715   35.728   49.516       444.347
 
  2021       62.711  112.179  129.322  163.184 1095.751   92.114
             98.145    0.000   -0.000   -0.000    0.000    0.000       146.117
 
  2022        0.000  107.655  170.701  169.010  141.354   98.275
            101.012   79.073  123.132   93.799   74.380   33.725        99.343
 
  2023       23.042  103.021  110.074  145.786  135.783   98.305
            106.599   65.135  135.630   85.582   50.758   75.671        94.616
 
  AVGE       52.329   76.743  338.848  135.075  102.400  121.638
            126.848   89.320   88.379   80.047   72.289   66.348

  Table Total-       27005.   Mean-       113.   Std. Dev.-       291.
                              Min -     -1054.        Max -      4269.

 E 18.A  Final adjustment ratio forecasts
  From  2024.Jan to 2024.Dec
  Observations         12
 -----------------------------------------------------------------------------
               Jan      Feb      Mar      Apr      May      Jun 
               Jul      Aug      Sep      Oct      Nov      Dec         AVGE  
 -----------------------------------------------------------------------------
  2024        0.554   97.300  108.686  172.814  192.965   96.790
            107.761   53.199  262.818   73.940   37.525   44.327       104.057
 
        bps_permits 19060            PAGE  20, SERIES bps_permits_addi

 E 18.B  Total adjustment factors
  From  2004.Jan to 2023.Dec
  Observations        240
 -----------------------------------------------------------------------------
               Jan      Feb      Mar      Apr      May      Jun 
               Jul      Aug      Sep      Oct      Nov      Dec         AVGE  
 -----------------------------------------------------------------------------
  2004          -4.      -4.       6.       5.       3.       5.
                 0.      -1.      -2.      -2.      -2.      -5.            0.
 
  2005          -3.      -3.       6.       4.       3.       5.
                 0.      -1.      -2.      -2.      -2.      -4.            0.
 
  2006          -3.      -3.       5.       3.       2.       4.
                 0.      -1.      -1.      -2.      -2.      -3.            0.
 
  2007          -2.      -2.       4.       2.       1.       3.
                 0.      -0.      -1.      -2.      -1.      -2.            0.
 
  2008          -2.      -2.       3.       1.       0.       2.
                 1.      -0.       0.      -1.      -1.      -0.            0.
 
  2009          -1.      -2.       1.       1.      -1.       2.
                 1.       0.       0.      -1.      -0.      -0.            0.
 
  2010          -1.      -2.       0.       1.      -1.       3.
                 2.       0.       0.      -1.      -0.      -0.            0.
 
  2011          -1.      -2.      -1.       1.      -1.       3.
                 2.      -0.       0.      -1.      -0.      -1.           -0.
 
  2012          -1.      -2.      -1.       1.      -0.       3.
                 3.      -0.       0.      -1.      -0.      -1.           -0.
 
  2013          -2.      -2.      -1.       1.       1.       3.
                 2.      -0.       0.      -1.      -1.      -1.           -0.
 
  2014          -2.      -1.      -0.       1.       1.       2.
                 2.      -0.       0.      -1.      -1.      -1.            0.
 
  2015          -2.      -1.       0.       1.       2.       1.
                 1.       0.       0.      -0.      -1.      -1.            0.
 
  2016          -2.      -1.       1.       0.       2.       0.
                 1.       0.      -0.       0.      -1.      -0.            0.
 
  2017          -2.      -1.       1.       0.       2.      -0.
                 0.       0.      -0.       1.      -1.      -1.           -0.
 
  2018          -2.      -1.       2.      -0.       2.      -1.
                 0.      -0.      -0.       1.      -1.      -1.           -0.
 
  2019          -2.       0.       2.       0.       2.      -1.
                -0.      -0.      -0.       1.      -2.      -2.           -0.
 
  2020          -2.       1.       2.       1.       3.      -0.
                -0.      -1.       1.       0.      -2.      -2.           -0.
 
  2021          -2.       1.       2.       2.       3.      -0.
                -0.      -1.       2.       0.      -2.      -2.            0.
 
  2022          -3.       0.       1.       3.       3.      -0.
                 0.      -2.       2.      -0.      -2.      -2.            0.
 
  2023          -3.       0.       1.       3.       3.      -0.
                 0.      -2.       3.      -1.      -2.      -2.            0.
 
  AVGE          -2.      -1.       2.       2.       1.       2.
                 1.      -0.       0.      -1.      -1.      -2.

  Table Total-           3.   Mean-         0.   Std. Dev.-         2.
                              Min -        -5.        Max -         6.

 E 18.C  Total adjustment factor forecasts
  From  2024.Jan to 2024.Dec
  Observations         12
 -----------------------------------------------------------------------------
               Jan      Feb      Mar      Apr      May      Jun 
               Jul      Aug      Sep      Oct      Nov      Dec         AVGE  
 -----------------------------------------------------------------------------
  2024          -4.      -0.       0.       4.       3.      -0.
                 0.      -2.       3.      -1.      -2.      -2.            0.
 

  QS statistic for seasonality:
  Original Series                                     0.00  (P-Value =     1.0000)
  Original Series (EV adj)                            0.00  (P-Value =     1.0000)
  Residuals                                           0.00  (P-Value =     1.0000)
  Seasonally Adjusted Series                          0.00  (P-Value =     1.0000)
  Seasonally Adjusted Series (EV adj)                 0.00  (P-Value =     1.0000)
  Irregular Series                                    0.00  (P-Value =     1.0000)
  Irregular Series (EV adj)                           0.00  (P-Value =     1.0000)

  QS statistic for seasonality (starting 2016.Jan):
  Original Series                                     0.00  (P-Value =     1.0000)
  Original Series (EV adj)                            0.00  (P-Value =     1.0000)
  Residuals                                           0.00  (P-Value =     1.0000)
  Seasonally Adjusted Series                          0.00  (P-Value =     1.0000)
  Seasonally Adjusted Series (EV adj)                 0.00  (P-Value =     1.0000)
  Irregular Series                                    0.00  (P-Value =     1.0000)
  Irregular Series (EV adj)                           0.00  (P-Value =     1.0000)


 WARNING: Series should not be a candidate for seasonal adjustment
          because the spectrum of the original series (Table A1 or B1)
          has no visually significant seasonal peaks.

          If this is a component series of an indirectly adjusted
          composite series, consider using type = trend or type = summary
          in the x11 spec.
        bps_permits 19060            PAGE  21, SERIES bps_permits_addi
 G 0  10*LOG(SPECTRUM) of the differenced Original Series
      (Table A1 or B1).  Spectrum estimated from 2016.Jan to 2023.Dec.
 ++++++++++I+++++++++++++++++++++++++++++++++++++++++++++++++++++++++++++I
      20.89I                                     *                       I     20.89
           I                                     *                       I
           I                                     *                   *   I
           I                                 *   *                   **  I
      18.48I                                 *   *    T              **  I     18.48
           I                                 *   **   T*          *****  I
           I                                 *  ***  *T***   *    *****  I
           I                                 ** ***  *T***  **    *****  I
      16.07I                                *** *** S*T*******   ******* I     16.07
           I                    S*          ********S*T*******S  ******* I
           I                    S*  *       ********S*T*******S T*******SI
           I                    S*  **      ********S*T*******S*T*******SI
      13.66I                    S*  **     *********S*T*******S*T*******SI     13.66
           I                    S*  **    S*********S*T*******S*T*******SI
           I                   *S*****   *S*********S*T*******S*T*******SI
           I                   *S*****   *S*********S*T*******S*T*******SI
      11.25I                  **S****** **S*********S*T*******S*T*******SI     11.25
           I         *S      ***S****** **S*********S*T*******S*T*******SI
           I         *S      ***S*********S*********S*T*******S*T*******SI
           I         *S      ***S*********S*********S*T*******S*T*******SI
       8.84I         *S     ****S*********S*********S*T*******S*T*******SI      8.84
           I         *S**   ****S*********S*********S*T*******S*T*******SI
           I         *S***  ****S*********S*********S*T*******S*T*******SI
           I         *S*********S*********S*********S*T*******S*T*******SI
       6.43I         *S*********S*********S*********S*T*******S*T*******SI      6.43
           I         *S*********S*********S*********S*T*******S*T*******SI
           I         *S*********S*********S*********S*T*******S*T*******SI
           I    *    *S*********S*********S*********S*T*******S*T*******SI
       4.02I    *   **S*********S*********S*********S*T*******S*T*******SI      4.02
           I    *   **S*********S*********S*********S*T*******S*T*******SI
           I    *   **S*********S*********S*********S*T*******S*T*******SI
           I    *   **S*********S*********S*********S*T*******S*T*******SI
       1.61I    **  **S*********S*********S*********S*T*******S*T*******SI      1.61
           I    **  **S*********S*********S*********S*T*******S*T*******SI
           I    ** ***S*********S*********S*********S*T*******S*T*******SI
           I    ** ***S*********S*********S*********S*T*******S*T*******SI
      -0.80I    ******S*********S*********S*********S*T*******S*T*******SI     -0.80
           I    ******S*********S*********S*********S*T*******S*T*******SI
           I   *******S*********S*********S*********S*T*******S*T*******SI
           I   *******S*********S*********S*********S*T*******S*T*******SI
      -3.21I   *******S*********S*********S*********S*T*******S*T*******SI     -3.21
           I   *******S*********S*********S*********S*T*******S*T*******SI
           I   *******S*********S*********S*********S*T*******S*T*******SI
           I   *******S*********S*********S*********S*T*******S*T*******SI
      -5.62I   *******S*********S*********S*********S*T*******S*T*******SI     -5.62
           I   *******S*********S*********S*********S*T*******S*T*******SI
           I   *******S*********S*********S*********S*T*******S*T*******SI
           I  ********S*********S*********S*********S*T*******S*T*******SI
      -8.03I  ********S*********S*********S*********S*T*******S*T*******SI     -8.03
           I  ********S*********S*********S*********S*T*******S*T*******SI
           I  ********S*********S*********S*********S*T*******S*T*******SI
           I *********S*********S*********S*********S*T*******S*T*******SI
     -10.44I**********S*********S*********S*********S*T*******S*T*******SI    -10.44
 ++++++++++I+++++++++++++++++++++++++++++++++++++++++++++++++++++++++++++I
            S=SEASONAL FREQUENCIES, T=TRADING DAY FREQUENCIES
        bps_permits 19060            PAGE  22, SERIES bps_permits_addi
 G 1  10*LOG(SPECTRUM) of the differenced seasonally adjusted 
      data (Table E2).  Spectrum estimated from 2016.Jan to 2023.Dec.
 ++++++++++I+++++++++++++++++++++++++++++++++++++++++++++++++++++++++++++I
      15.86I                                                         *   I     15.86
           I                                     *                   *   I
           I                                     *                   *   I
           I                                     *                   *   I
      13.84I                                     *                   *   I     13.84
           I                                     *                   *   I
           I                       *             *                   *   I
           I                       *             **                  *   I
      11.83I                       *             **      *           *   I     11.83
           I                       *             **      *           *   I
           I                       *             **     **   *       *   I
           I                       *        *    **     **   *       *   I
       9.82I                       *        *    **     **   *   *   *   I      9.82
           I                       *        *    **     **   *   *   **  I
           I                       *        **   **     **   *   *   **  I
           I                       *    *   **   **     **   *   **  **  I
       7.81I                       *    *   **   **     **  **   ** ***  I      7.81
           I                       *   **   **   **     **  **S  ** ***  I
           I                       *   **   **  ***     **  **S  ** ***  I
           I                       *   **   **  ****    *** **S T******  I
       5.80I                 *     **  **   **  ****    *** **S*T******  I      5.80
           I                 *     **  **  ***  ****    ******S*T******  I
           I                 *     **  *** ***  ****    ******S*T******  I
           I        *        *    *** **** **** ****    ******S*T******  I
       3.78I        *        *    *** **** *********S  *******S*T******* I      3.78
           I        *        *    ********S*********S  *******S*T******* I
           I        *        *    ********S*********S* *******S*T******* I
           I        *    ** **    ********S*********S*T*******S*T*******SI
       1.77I     *  *    ** ***   ********S*********S*T*******S*T*******SI      1.77
           I     * **    ** ***   ********S*********S*T*******S*T*******SI
           I     * ***   ******   ********S*********S*T*******S*T*******SI
           I     *****   ******   ********S*********S*T*******S*T*******SI
      -0.24I     *****   ******   ********S*********S*T*******S*T*******SI     -0.24
           I     *****   ******  *********S*********S*T*******S*T*******SI
           I     *****   ******  *********S*********S*T*******S*T*******SI
           I    ******  ******** *********S*********S*T*******S*T*******SI
      -2.25I    ******  ******** *********S*********S*T*******S*T*******SI     -2.25
           I    ******  ********S*********S*********S*T*******S*T*******SI
           I    ******S ********S*********S*********S*T*******S*T*******SI
           I    ******S*********S*********S*********S*T*******S*T*******SI
      -4.26I    ******S*********S*********S*********S*T*******S*T*******SI     -4.26
           I    ******S*********S*********S*********S*T*******S*T*******SI
           I    ******S*********S*********S*********S*T*******S*T*******SI
           I    ******S*********S*********S*********S*T*******S*T*******SI
      -6.28I   *******S*********S*********S*********S*T*******S*T*******SI     -6.28
           I   *******S*********S*********S*********S*T*******S*T*******SI
           I   *******S*********S*********S*********S*T*******S*T*******SI
           I   *******S*********S*********S*********S*T*******S*T*******SI
      -8.29I   *******S*********S*********S*********S*T*******S*T*******SI     -8.29
           I  ********S*********S*********S*********S*T*******S*T*******SI
           I  ********S*********S*********S*********S*T*******S*T*******SI
           I  ********S*********S*********S*********S*T*******S*T*******SI
     -10.30I**********S*********S*********S*********S*T*******S*T*******SI    -10.30
 ++++++++++I+++++++++++++++++++++++++++++++++++++++++++++++++++++++++++++I
            S=SEASONAL FREQUENCIES, T=TRADING DAY FREQUENCIES
        bps_permits 19060            PAGE  23, SERIES bps_permits_addi
 G 2  10*LOG(SPECTRUM) of the Modified Irregular (Table E3).  
      Spectrum estimated from 2016.Jan to 2023.Dec.
 ++++++++++I+++++++++++++++++++++++++++++++++++++++++++++++++++++++++++++I
      11.68I                       *                                     I     11.68
           I                       *                                     I
           I                       *                                     I
           I                       *                                     I
      10.42I                       *             *                   *   I     10.42
           I                       *             *                   *   I
           I                       *             *                   *   I
           I                       *             *                   *   I
       9.15I                       *             *                   *   I      9.15
           I                 *     *             *                   *   I
           I                 *     *             *                   *   I
           I                 *     *             **                  *   I
       7.89I                 *     *             **                  *   I      7.89
           I                 *     *             **                  *   I
           I                 *     *             **      *           *   I
           I                 *     *        *    **      *           *   I
       6.62I                 *     *        *    **      *           *   I      6.62
           I        *        *     *        *    **      *           *   I
           I        *        *     *        *    **     **           *   I
           I        *        *     *        *    **     **   *       *   I
       5.36I        *       **     *   *    *    **     **   *       *   I      5.36
           I        *       **     *   **   **   **     **   *       *   I
           I        *       **     *   **   **   **     **   *       *   I
           I        *     * **     **  **   **   **     **   *       *   I
       4.09I        *     * **     **  **   **   **     **   *       *   I      4.09
           I        *     ****     **  **   **   **     **   *       *   I
           I        *     ****    ***  **   **   **     **   *    *  *   I
           I        *    ******   ***  **   **   **     **   *    *  *   I
       2.83I        *    ******   ***  **   **   **     **   *   **  *   I      2.83
           I        *    ******   ***  **  ***  ***     **   *   **  **  I
           I       **    ******   *** ***  ***  ***     **  **   **  **  I
           I       **    ******   *** ***  ***  ***     *** **S  ** ***  I
       1.57I       **    ******   ******** ***  ****    *** **S  ** ***  I      1.57
           I       **    ******   ******** ***  ****    *** **S  ** ***  I
           I       ***   ******   ******** **** ****    *** **S  ******  I
           I       ***   ******   ********S**** ****    *** **S  ******  I
       0.30I       ***   ******   ********S*********    ******S  ******  I      0.30
           I  *    ***   ******   ********S*********    ******S  ******  I
           I  **   ***  *******   ********S*********   *******S*T******  I
           I  **   ***  *******   ********S*********   *******S*T******  I
      -0.96I  **   ***  ********  ********S*********   *******S*T******  I     -0.96
           I  **   ***  ******** *********S*********S  *******S*T******  I
           I  **   ***  ******** *********S*********S  *******S*T******  I
           I ***  ****S ******** *********S*********S*T*******S*T******  I
      -2.23I ***  ****S*********S*********S*********S*T*******S*T******  I     -2.23
           I **** ****S*********S*********S*********S*T*******S*T******  I
           I***** ****S*********S*********S*********S*T*******S*T******  I
           I**********S*********S*********S*********S*T*******S*T******  I
      -3.49I**********S*********S*********S*********S*T*******S*T******* I     -3.49
           I**********S*********S*********S*********S*T*******S*T******* I
           I**********S*********S*********S*********S*T*******S*T******* I
           I**********S*********S*********S*********S*T*******S*T******* I
      -4.76I**********S*********S*********S*********S*T*******S*T*******SI     -4.76
 ++++++++++I+++++++++++++++++++++++++++++++++++++++++++++++++++++++++++++I
            S=SEASONAL FREQUENCIES, T=TRADING DAY FREQUENCIES
        bps_permits 19060            PAGE  24, SERIES bps_permits_addi

  Peak probabilities for Tukey spectrum estimator
  Spectrum estimated from 2016.Jan to 2023.Dec.

                                          S1       S2       S3       S4       S5       S6       TD
                                        ------   ------   ------   ------   ------   ------   ------
  Model Residuals                        0.598    0.071    0.184    0.317    0.284    0.285    0.690  
  Original Series (Table A1 or B1)       0.812    0.906*   0.055    0.288    0.499    0.329    0.705  
  Seasonally adjusted series (E2)        0.002    0.203    0.307    0.006    0.156    0.084    0.074  
  Modified Irregular (E3)                0.004    0.060    0.245    0.004    0.149    0.062    0.056  
  ----------
     ** - Peak Probability > 0.99,
      * - 0.90 < Peak Probability < 0.99


