  Reading input spec file from D:\Programming\Dynamic Paper-dlrhcs_replication\outputs\empirical\unemployment\raw_sa_pilot\x13_work\bps_permits_additive_level_26140_201401_202606.spc

1

               U. S. Department of Commerce, U. S. Census Bureau

              X-13ARIMA-SEATS monthly seasonal adjustment Method,
                          Release Version 1.1 Build 62


           This software application provides an enhanced version of
             Statistics Canada's X-11-ARIMA extension (Dagum, 1980)
                 of the X-11 variant of the Census Method II of
                      Shiskin, Young and Musgrave (1967).

            It also provides an ARIMA model-based method following
       Hillmer and Tiao (1982) and Burman (1980) that is very similar
       to the update of the method of SEATS (Gomez and Maravall, 1996)
                produced at the Bank of Spain by G. Caporello and
               A. Maravall for TSW (Caporello and Maravall, 2004).
          The present application includes additional enhancements.

         X-13ARIMA-SEATS includes an automatic ARIMA model selection procedure
          based largely on the procedure of Gomez and Maravall (1998)
            as implemented in TRAMO (1996) and subsequent revisions.

              Primary Programmers: Brian Monsell, Mark Otto and,
                 for the ARIMA model-based signal extraction,
                      Gianluca Caporello and Victor Gomez


     Series Title- bps_permits 26140
     Series Name- bps_permits_addi
     Jul 29, 2026  08.27.48 

        -Period covered-  1st month,2014 to  6th month,2026
        -Type of run - additive seasonal adjustment

        -Sigma limits for graduating extreme values are  1.5 and  2.5 .
        -3x3 moving average used in section 1 of each iteration, 
         3x5 moving average in section 2 of iterations B and C,
         moving average for final seasonal factors chosen by Global MSR.
        -Holiday adjustment factors applied directly to the final seasonally adjusted series
        -Spectral plots generated for selected series
        -Spectral plots generated for series starting in 2018.Jul

 FILE SAVE REQUESTS (* indicates file exists and will be overwritten)
  D:\Programming\Dynamic Paper-dlrhcs_replication\outputs\empirical\unemployment\raw_sa_pilot\x13_work\bps_permits_additive_level_26140_201401_202606.d10  final seasonal factors
  D:\Programming\Dynamic Paper-dlrhcs_replication\outputs\empirical\unemployment\raw_sa_pilot\x13_work\bps_permits_additive_level_26140_201401_202606.d11  final seasonally adjusted data
  D:\Programming\Dynamic Paper-dlrhcs_replication\outputs\empirical\unemployment\raw_sa_pilot\x13_work\bps_permits_additive_level_26140_201401_202606.out  program output file
  D:\Programming\Dynamic Paper-dlrhcs_replication\outputs\empirical\unemployment\raw_sa_pilot\x13_work\bps_permits_additive_level_26140_201401_202606.err  program error file
        bps_permits 26140            PAGE   1, SERIES bps_permits_addi

     Contents of spc file D:\Programming\Dynamic Paper-dlrhcs_replication\outputs\empirical\unemployment\raw_sa_pilot\x13_work\bps_permits_additive_level_26140_201401_202606.spc

 Line #
 ------
      1: series {
      2:   title = "bps_permits 26140"
      3:   start = 2014.1
      4:   period = 12
      5:   data = (
      6: 15
      7: 16
      8: 19
      9: 19
     10: 19
     11: 19
     12: 20
     13: 19
     14: 17
     15: 18
     16: 13
     17: 18
     18: 16
     19: 16
     20: 20
     21: 23
     22: 22
     23: 24
     24: 22
     25: 21
     26: 21
     27: 21
     28: 18
     29: 18
     30: 18
     31: 31
     32: 25
     33: 32
     34: 33
     35: 35
     36: 35
     37: 39
     38: 35
     39: 29
     40: 27
     41: 28
     42: 32
     43: 36
     44: 39
     45: 45
     46: 50
     47: 52
     48: 48
     49: 49
     50: 40
     51: 46
     52: 39
     53: 37
     54: 47
     55: 43
     56: 49
     57: 53
     58: 49
     59: 49
     60: 40
     61: 49
     62: 40
     63: 46
     64: 42
     65: 40
     66: 42
     67: 41
     68: 49
     69: 47
     70: 52
     71: 73
     72: 77
     73: 81
     74: 71
     75: 80
     76: 65
     77: 65
     78: 77
     79: 77
     80: 85
     81: 61
     82: 59
     83: 72
     84: 81
     85: 80
     86: 82
     87: 79
     88: 71
     89: 76
     90: 81
     91: 73
     92: 97
     93: 99
     94: 94
     95: 99
     96: 89
     97: 85
     98: 82
     99: 82
    100: 74
    101: 79
    102: 150
    103: 88
    104: 103
    105: 176
    106: 167
    107: 158
    108: 130
    109: 143
    110: 130
    111: 116
    112: 100
    113: 90
    114: 144
    115: 113
    116: 145
    117: 127
    118: 145
    119: 147
    120: 137
    121: 151
    122: 129
    123: 139
    124: 118
    125: 122
    126: 285
    127: 140
    128: 144
    129: 228
    130: 219
    131: 196
    132: 200
    133: 201
    134: 171
    135: 187
    136: 211
    137: 161
    138: 168
    139: 183
    140: 169
    141: 211
    142: 207
    143: 165
    144: 176
    145: 152
    146: 138
    147: 195
    148: 147
    149: 218
    150: 148
    151: 149
    152: 115
    153: 174
    154: 140
    155: 189
    156:   )
    157: }
    158: transform { function = none }
    159: regression { aictest = (td easter) }
    160: automdl {}
    161: x11 { mode = add save = (d10 d11) }
        bps_permits 26140            PAGE   2, SERIES bps_permits_addi

 A 1  Time series data (for the span analyzed)
  From  2014.Jan to 2026.Jun
  Observations        150
 -----------------------------------------------------------------------------
               Jan      Feb      Mar      Apr      May      Jun 
               Jul      Aug      Sep      Oct      Nov      Dec        TOTAL  
 -----------------------------------------------------------------------------
  2014          15.      16.      19.      19.      19.      19.
                20.      19.      17.      18.      13.      18.          212.
 
  2015          16.      16.      20.      23.      22.      24.
                22.      21.      21.      21.      18.      18.          242.
 
  2016          18.      31.      25.      32.      33.      35.
                35.      39.      35.      29.      27.      28.          367.
 
  2017          32.      36.      39.      45.      50.      52.
                48.      49.      40.      46.      39.      37.          513.
 
  2018          47.      43.      49.      53.      49.      49.
                40.      49.      40.      46.      42.      40.          547.
 
  2019          42.      41.      49.      47.      52.      73.
                77.      81.      71.      80.      65.      65.          743.
 
  2020          77.      77.      85.      61.      59.      72.
                81.      80.      82.      79.      71.      76.          900.
 
  2021          81.      73.      97.      99.      94.      99.
                89.      85.      82.      82.      74.      79.         1034.
 
  2022         150.      88.     103.     176.     167.     158.
               130.     143.     130.     116.     100.      90.         1551.
 
  2023         144.     113.     145.     127.     145.     147.
               137.     151.     129.     139.     118.     122.         1617.
 
  2024         285.     140.     144.     228.     219.     196.
               200.     201.     171.     187.     211.     161.         2343.
 
  2025         168.     183.     169.     211.     207.     165.
               176.     152.     138.     195.     147.     218.         2129.
 
  2026         148.     149.     115.     174.     140.     189.
                                                                          915.
 
  AVGE          94.      77.      81.     100.      97.      98.
                88.      89.      80.      87.      77.      79.

  Table Total-       13113.   Mean-        87.   Std. Dev.-        61.
                              Min -        13.        Max -       285.
        bps_permits 26140            PAGE   3, SERIES bps_permits_addi
                        Automatic ARIMA Model Selection

                    Procedure based closely on TRAMO method 
                         of Gomez and Maravall (2000)
              "Automatic Modeling Methods for Univariate Series",
                            A Course in Time Series
                  (Edited by D. Pena, G. C. Tiao, R. S. Tsay),
                         New York : J. Wiley and Sons


     Maximum order for regular ARMA parameters :   2
     Maximum order for seasonal ARMA parameters :   1
     Maximum order for regular differencing :   2
     Maximum order for seasonal differencing :   1

   Results of Unit Root Test for identifying orders of differencing:
     Regular difference order :   1
     Seasonal difference order :   0

     Mean is not significant.

  Automatic model choice : (0 1 1)(1 0 0)


  Final Checks for Identified Model


  Checking for Unit Roots.
   No unit roots found.

  Checking for nonseasonal overdifferencing.
   Nonseasonal MA not within  0.001 of 1.0 - model passes test.

  Checking for insignificant ARMA coefficients.

  Final automatic model choice : (0 1 1)(1 0 0)
   End of automatic model selection procedure.

 Average absolute percentage error in within-sample forecasts:
  Last year:  18.58      Last-1 year:  12.64     Last-2 year:  18.92
  Last three years:   16.71

 Estimation converged in    7 ARMA iterations,   60 function evaluations.

 Regression Model
 ------------------------------------------------------------------------------
                             Parameter        Standard
 Variable                     Estimate           Error      t-value
 ------------------------------------------------------------------------------
 Leap Year                     -5.6119        11.50011        -0.49

 Trading Day
   Mon                         10.3779         3.61722         2.87
   Tue                         -2.1159         3.61697        -0.58
   Wed                          5.8165         3.66840         1.59
   Thu                         -5.4204         3.59869        -1.51
   Fri                          1.5247         3.66974         0.42
   Sat                          3.6317         3.64948         1.00
  *Sun (derived)              -13.8144         3.59166        -3.85
 ------------------------------------------------------------------------------
  *For full trading-day and stable seasonal effects, the derived
   parameter estimate is obtained indirectly as minus the sum
   of the directly estimated parameters that define the effect.


 Chi-squared Tests for Groups of Regressors
 ------------------------------------------------------------------------------
 Regression Effect                  df      Chi-Square      P-Value
 ------------------------------------------------------------------------------
 Trading Day                         6           21.43         0.00
 Combined Trading Day and Leap Year Regressors
                                     7           21.47         0.00
 ------------------------------------------------------------------------------


 F Tests for Trading Day Regressors 
 -----------------------------------------------------------------------
 Regression Effect                     df         F-statistic    P-Value
 -----------------------------------------------------------------------
 Trading Day                         6, 142            3.40         0.00


 ARIMA Model:  (0 1 1)(1 0 0)
   Nonseasonal differences: 1
                                              Standard
 Parameter                    Estimate          Errors
 -----------------------------------------------------
 Seasonal AR                                       
   Lag 12                       0.2463         0.08547

 Nonseasonal MA                                    
   Lag  1                       0.6769         0.06057

 Variance                       0.42443E+03
 SE of Var                      0.49174E+02
 -----------------------------------------------------

 Likelihood Statistics
 ------------------------------------------------------------------
 Number of observations (nobs)                                  150
 Effective number of observations (nefobs)                      149
 Number of parameters estimated (np)                             10
 Log likelihood (L)                                       -662.8830
 AIC                                                      1345.7661 
 AICC (F-corrected-AIC)                                   1347.3603 
 Hannan Quinn                                             1357.9706 
 BIC                                                      1375.8055 
 ------------------------------------------------------------------

 QS Statistic for regARIMA Model Residuals (full series):             0.00
                                                       (P-Value =     1.0000)

 QS Statistic for regARIMA Model Residuals (starting 2018.Jul):       0.00
                                                       (P-Value =     1.0000)


  At least one visually significant residual seasonal peaks has been
  found in the spectral plot of the following series starting in 2018.Jul:

          regARIMA model residuals (2 Seasonal peak(s))

      10*LOG(SPECTRUM) of the regARIMA model residuals
      Spectrum estimated from 2018.Jul to 2026.Jun.
 ++++++++++I+++++++++++++++++++++++++++++++++++++++++++++++++++++++++++++I
      32.13I                                        S                    I     32.13
           I                                        S                    I
           I                                   *    S                    I
           I                         *         *    S                    I
      31.39I                         *         *    S     *              I     31.39
           I                         *         *    S     *              I
           I                         *         *    S     *              I
           I                         *         *    S     *              I
      30.65I                         *         **  *S     *              I     30.65
           I                         *         **  *S     *              I
           I    **                   *    S    **  *S     *              I
           I    **    S              *    S    **  *S     *              I
      29.91I    **    S              *    S    **  *S     *              I     29.91
           I    **    S              *    S    **  *S     *              I
           I    **    S              *    S    **  *S    **              I
           I    **    S              *    S    **  *S    **              I
      29.17I    **    S*            **    S    **  *S    **              I     29.17
           I    **    S*     *      **    S    **  *S    **              I
           I    **    S*     *      **    S    **  *S    **              I
           I    **    S*     *      **    S    **  *S    **   S          I
      28.43I    ***   S*     *      ***   S    **  *S    **   S*         I     28.43
           I    ***   S*     *      ***   S    **  *S    **   S*         I
           I    ***   S*     *      ***   S*   **  *S    **   S*T     *  I
           I   ****  *S*     *      ***   S*   **  *S    ***  S*T*    *  I
      27.69I   ****  *S*     *      ***   S*   **  *S    *** *S*T*    ** I     27.69
           I   ****  *S*     *      ***   S*   **  *S    *** *S*T*    ** I
           I   ****  *S*     *     ****   S*   **  *S    *** *S*T*    ** I
           I   ***** *S*     **    ****   S*   *****S    *** *S*T*    ** I
      26.95I   ***** *S*     **   *****   S*   *****S*   *** *S*T*    **SI     26.95
           I   *******S*    ***  ******  *S*  ******S*   *****S*T*    **SI
           I   *******S*    ***  ******  *S*  ******S*   *****S*T*    **SI
           I   *******S*    ***  ******  *S*  ******S*   *****S*T*    **SI
      26.21I   *******S*    ***  ******  *S*  ******S*   *****S*T*    **SI     26.21
           I   *******S*    ***  ******  *S*  ******S*   *****S*T**  ***SI
           I   *******S*    *** S******  *S*  ******S*   *****S*T**  ***SI
           I   *******S*    ****S******  *S*  ******S*   *****S*T**  ***SI
      25.48I   *******S**   ****S******  *S*  ******S*   *****S*T**  ***SI     25.48
           I   *******S**   ****S******* *S*  ******S*   *****S*T**  ***SI
           I  ********S**   ****S******* *S*  ******S*   *****S*T**  ***SI
           I  ********S**   ****S******* *S** ******S*   *****S*T**  ***SI
      24.74I  ********S**   ****S*********S** ******S*  ******S*T**  ***SI     24.74
           I  ********S**   ****S*********S** ******S*  ******S*T*** ***SI
           I  ********S**   ****S*********S*********S*  ******S*T*******SI
           I  ********S**   ****S*********S*********S*  ******S*T*******SI
      24.00I  ********S**   ****S*********S*********S*  ******S*T*******SI     24.00
           I  ********S**   ****S*********S*********S*  ******S*T*******SI
           I  ********S**  *****S*********S*********S*  ******S*T*******SI
           I *********S**  *****S*********S*********S*  ******S*T*******SI
      23.26I *********S**  *****S*********S*********S*T ******S*T*******SI     23.26
           I *********S*** *****S*********S*********S*T ******S*T*******SI
           I**********S*** *****S*********S*********S*T ******S*T*******SI
           I**********S*** *****S*********S*********S*T ******S*T*******SI
      22.52I**********S*********S*********S*********S*T*******S*T*******SI     22.52
 ++++++++++I+++++++++++++++++++++++++++++++++++++++++++++++++++++++++++++I
            S=SEASONAL FREQUENCIES, T=TRADING DAY FREQUENCIES


 FORECASTING
  Origin  2026.Jun
  Number        12

  Forecasts and Standard Errors
   ------------------------------
                         Standard
       Date   Forecast      Error
   ------------------------------
   2026.Jul     162.80     21.007
   2026.Aug     156.87     22.008
   2026.Sep     152.76     22.990
   2026.Oct     164.39     23.886
   2026.Nov     152.38     24.829
   2026.Dec     165.61     25.689
   2027.Jan     144.96     26.531
   2027.Feb     154.86     27.190
   2027.Mar     160.87     28.148
   2027.Apr     155.96     28.930
   2027.May     153.91     29.717
   2027.Jun     165.32     30.451
   ------------------------------

  Confidence intervals with coverage probability ( 0.95000
   ---------------------------------------
       Date      Lower  Forecast     Upper
   ---------------------------------------
   2026.Jul     121.62    162.80    203.97
   2026.Aug     113.73    156.87    200.00
   2026.Sep     107.70    152.76    197.82
   2026.Oct     117.58    164.39    211.21
   2026.Nov     103.72    152.38    201.04
   2026.Dec     115.26    165.61    215.96
   2027.Jan      92.96    144.96    196.96
   2027.Feb     101.57    154.86    208.15
   2027.Mar     105.70    160.87    216.04
   2027.Apr      99.26    155.96    212.67
   2027.May      95.67    153.91    212.16
   2027.Jun     105.63    165.32    225.00
   ---------------------------------------
        bps_permits 26140            PAGE   4, SERIES bps_permits_addi

 A 6  RegARIMA trading day component
  From  2014.Jan to 2026.Jun
  Observations        150
 -----------------------------------------------------------------------------
               Jan      Feb      Mar      Apr      May      Jun 
               Jul      Aug      Sep      Oct      Nov      Dec         AVGE  
 -----------------------------------------------------------------------------
  2014           2.       1.       0.       4.      -0.      -3.
                -2.      -9.       8.       2.     -10.      14.            1.
 
  2015          -0.       1.      -6.       0.      -9.       8.
                 2.       0.       4.      -0.      -3.      -2.           -0.
 
  2016          -9.       6.      -2.       5.      -6.       0.
                -9.      14.      -4.       0.       4.      -0.            0.
 
  2017          -6.       1.       2.     -10.      14.      -4.
                 0.      -2.       5.      -6.       0.      -9.           -1.
 
  2018          14.       1.      -0.      -3.      -2.       5.
                -6.       2.     -10.      14.      -4.       0.            1.
 
  2019          -2.       1.      -9.       8.       2.     -10.
                14.      -0.      -3.      -2.       5.      -6.           -0.
 
  2020           2.      -1.      -6.       0.      -9.       8.
                 2.       0.       4.      -0.      -3.      -2.           -0.
 
  2021          -9.       1.      14.      -4.       0.       4.
                -0.      -6.       0.      -9.       8.       2.            0.
 
  2022           0.       1.      -2.       5.      -6.       0.
                -9.      14.      -4.       0.       4.      -0.            0.
 
  2023          -6.       1.       2.     -10.      14.      -4.
                 0.      -2.       5.      -6.       0.      -9.           -1.
 
  2024          14.     -10.      -9.       8.       2.     -10.
                14.      -0.      -3.      -2.       5.      -6.            0.
 
  2025           2.       1.       0.       4.      -0.      -3.
                -2.      -9.       8.       2.     -10.      14.            1.
 
  2026          -0.       1.      -6.       0.      -9.       8.
                                                                           -1.
 
  AVGE           0.       1.      -1.       1.      -1.      -0.
                 0.       0.       1.      -0.      -0.      -0.

  Table Total-           1.   Mean-         0.   Std. Dev.-         6.
                              Min -       -10.        Max -        14.

 A 6.A  RegARIMA trading day component forecasts
  From  2026.Jul to 2027.Jun
  Observations         12
 -----------------------------------------------------------------------------
               Jan      Feb      Mar      Apr      May      Jun 
               Jul      Aug      Sep      Oct      Nov      Dec         AVGE  
 -----------------------------------------------------------------------------
  2026                                                          
                 2.       0.       4.      -0.      -3.      -2.            0.
 
  2027          -9.       1.      14.      -4.       0.       4.
                                                                            1.
 
        bps_permits 26140            PAGE   5, SERIES bps_permits_addi
  
 B 1  Original series (prior adjusted)
      (adjusted for regARIMA factors)
  From  2014.Jan to 2026.Jun
  Observations        150
 -----------------------------------------------------------------------------
               Jan      Feb      Mar      Apr      May      Jun 
               Jul      Aug      Sep      Oct      Nov      Dec        TOTAL  
 -----------------------------------------------------------------------------
  2014          13.      15.      19.      15.      19.      22.
                22.      28.       9.      16.      23.       4.          205.
 
  2015          16.      15.      26.      23.      31.      16.
                20.      21.      17.      21.      21.      20.          246.
 
  2016          27.      25.      27.      27.      39.      35.
                44.      25.      39.      29.      23.      28.          366.
 
  2017          38.      35.      37.      55.      36.      56.
                48.      51.      35.      52.      39.      46.          525.
 
  2018          33.      42.      49.      56.      51.      44.
                46.      47.      50.      32.      46.      40.          535.
 
  2019          44.      40.      58.      39.      50.      83.
                63.      81.      74.      82.      60.      71.          744.
 
  2020          75.      78.      91.      61.      68.      64.
                79.      80.      78.      79.      74.      78.          904.
 
  2021          90.      72.      83.     103.      94.      95.
                89.      91.      82.      91.      66.      77.         1031.
 
  2022         150.      87.     105.     171.     173.     158.
               139.     129.     134.     116.      96.      90.         1546.
 
  2023         150.     112.     143.     137.     131.     151.
               137.     153.     124.     145.     118.     131.         1629.
 
  2024         271.     150.     153.     220.     217.     206.
               186.     201.     174.     189.     206.     167.         2339.
 
  2025         166.     182.     169.     207.     207.     168.
               178.     161.     130.     193.     157.     204.         2122.
 
  2026         148.     148.     121.     174.     149.     181.
                                                                          919.
 
  AVGE          94.      77.      83.      99.      97.      98.
                87.      89.      79.      87.      77.      80.

  Table Total-       13112.   Mean-        87.   Std. Dev.-        61.
                              Min -         4.        Max -       271.

 B 1.A  Forecasts of (prior adjusted) original series
  From  2026.Jul to 2027.Jun
  Observations         12
 -----------------------------------------------------------------------------
               Jan      Feb      Mar      Apr      May      Jun 
               Jul      Aug      Sep      Oct      Nov      Dec        TOTAL  
 -----------------------------------------------------------------------------
  2026                                                          
               161.     157.     149.     165.     156.     167.          954.
 
  2027         154.     153.     147.     160.     154.     162.
                                                                          929.
 
        bps_permits 26140            PAGE   6, SERIES bps_permits_addi

 C 17  Final weights for irregular component
  From  2014.Jan to 2026.Jun
  Observations        150
  Lower sigma limit    1.50
  Upper sigma limit    2.50
 -----------------------------------------------------------------------------
               Jan      Feb      Mar      Apr      May      Jun 
               Jul      Aug      Sep      Oct      Nov      Dec         S.D.  
 -----------------------------------------------------------------------------
  2014         100.     100.     100.     100.     100.     100.
               100.     100.     100.     100.      17.     100.          493.
 
  2015         100.     100.     100.     100.     100.     100.
               100.     100.     100.     100.     100.     100.          493.
 
  2016         100.     100.     100.     100.     100.     100.
               100.       0.     100.     100.     100.     100.          493.
 
  2017         100.     100.     100.     100.      55.     100.
               100.     100.      61.     100.     100.     100.          553.
 
  2018         100.     100.     100.     100.     100.     100.
               100.     100.     100.      90.      78.     100.          649.
 
  2019         100.     100.     100.       0.      92.       0.
               100.     100.     100.     100.     100.     100.          638.
 
  2020         100.     100.      72.       0.     100.     100.
               100.     100.     100.     100.     100.     100.          859.
 
  2021         100.     100.     100.     100.     100.     100.
               100.     100.     100.     100.     100.     100.          987.
 
  2022           5.     100.     100.     100.      79.     100.
               100.     100.     100.     100.     100.     100.         1090.
 
  2023         100.     100.       9.     100.     100.     100.
               100.     100.     100.     100.     100.     100.         1238.
 
  2024           0.     100.     100.     100.     100.     100.
               100.     100.     100.     100.       0.     100.         1321.
 
  2025           0.     100.     100.     100.     100.     100.
               100.     100.     100.      82.     100.       0.         1289.
 
  2026         100.     100.     100.     100.     100.     100.
                                                                         1289.
 
        bps_permits 26140            PAGE   7, SERIES bps_permits_addi

 D 8  Final unmodified SI ratios
  From  2014.Jan to 2026.Jun
  Observations        150
 -----------------------------------------------------------------------------
               Jan      Feb      Mar      Apr      May      Jun 
               Jul      Aug      Sep      Oct      Nov      Dec         AVGE  
 -----------------------------------------------------------------------------
  2014          -2.      -0.       4.      -0.       3.       6.
                 4.      10.      -9.      -1.       7.     -13.            1.
 
  2015          -1.      -4.       6.       3.      12.      -2.
                 3.       3.      -3.      -2.      -4.      -7.            0.
 
  2016          -1.      -2.      -0.      -1.       8.       2.
                 9.     -10.       4.      -6.     -11.      -7.           -1.
 
  2017           1.      -4.      -4.      13.      -8.      11.
                 3.       5.     -12.       5.      -8.      -1.            0.
 
  2018         -13.      -4.       3.      10.       5.      -1.
                 2.       4.       7.     -12.       1.      -6.           -0.
 
  2019          -3.      -9.       7.     -15.      -7.      21.
                -4.      11.       1.       6.     -18.      -9.           -2.
 
  2020          -5.      -1.      14.     -13.      -3.      -6.
                 9.       6.      -1.      -4.     -11.      -9.           -2.
 
  2021           3.     -14.      -2.      19.      10.      12.
                 5.       5.      -6.       1.     -28.     -21.           -1.
 
  2022          44.     -28.     -19.      39.      35.      18.
                 1.      -5.       5.     -11.     -30.     -35.            1.
 
  2023          25.     -10.      23.      17.      10.      26.
                 6.      16.     -18.      -2.     -32.     -24.            3.
 
  2024         110.     -19.     -23.      37.      30.      15.
                -6.       9.     -16.      -1.      17.     -23.           11.
 
  2025         -23.      -6.     -17.      25.      30.      -3.
                10.      -5.     -35.      29.      -5.      46.            4.
 
  2026          -5.      -1.     -25.      27.      -1.      26.
                                                                            4.
 
  AVGE          10.      -8.      -3.      12.      10.      10.
                 3.       4.      -7.       0.     -10.      -9.

  Table Total-         181.   Mean-         1.   Std. Dev.-        17.
                              Min -       -35.        Max -       110.
        bps_permits 26140            PAGE   8, SERIES bps_permits_addi

 D 8.B  Final unmodified SI ratios, with labels for outliers and extreme values
  From  2014.Jan to 2026.Jun
  Observations        150
 ---------------------------------------------------------------------
               Jan       Feb       Mar       Apr       May       Jun  
               Jul       Aug       Sep       Oct       Nov       Dec  
 ---------------------------------------------------------------------
  2014         -2.       -0.        4.       -0.        3.        6.  
                4.       10.       -9.       -1.        7.*     -13.  
 
  2015         -1.       -4.        6.        3.       12.       -2.  
                3.        3.       -3.       -2.       -4.       -7.  
 
  2016         -1.       -2.       -0.       -1.        8.        2.  
                9.      -10.*       4.       -6.      -11.       -7.  
 
  2017          1.       -4.       -4.       13.       -8.*      11.  
                3.        5.      -12.*       5.       -8.       -1.  
 
  2018        -13.       -4.        3.       10.        5.       -1.  
                2.        4.        7.      -12.*       1.*      -6.  
 
  2019         -3.       -9.        7.      -15.*      -7.*      21.* 
               -4.       11.        1.        6.      -18.       -9.  
 
  2020         -5.       -1.       14.*     -13.*      -3.       -6.  
                9.        6.       -1.       -4.      -11.       -9.  
 
  2021          3.      -14.       -2.       19.       10.       12.  
                5.        5.       -6.        1.      -28.      -21.  
 
  2022         44.*     -28.      -19.       39.       35.*      18.  
                1.       -5.        5.      -11.      -30.      -35.  
 
  2023         25.      -10.       23.*      17.       10.       26.  
                6.       16.      -18.       -2.      -32.      -24.  
 
  2024        110.*     -19.      -23.       37.       30.       15.  
               -6.        9.      -16.       -1.       17.*     -23.  
 
  2025        -23.*      -6.      -17.       25.       30.       -3.  
               10.       -5.      -35.       29.*      -5.       46.* 
 
  2026         -5.       -1.      -25.       27.       -1.       26.  
                                                                      
 

  Key to symbols:
    *  : extreme value as determined by X-11 extreme value procedure
 
        bps_permits 26140            PAGE   9, SERIES bps_permits_addi

 D 9  Final replacement values for SI ratios
  From  2014.Jan to 2026.Jun
  Observations        150
 ---------------------------------------------------------------
               Jan      Feb      Mar      Apr      May      Jun 
               Jul      Aug      Sep      Oct      Nov      Dec 
 ---------------------------------------------------------------
  2014     ******** ******** ******** ******** ******** ********
           ******** ******** ******** ********      -3. ********
 
  2015     ******** ******** ******** ******** ******** ********
           ******** ******** ******** ******** ******** ********
 
  2016     ******** ******** ******** ******** ******** ********
           ********       4. ******** ******** ******** ********
 
  2017     ******** ******** ******** ********      -3. ********
           ******** ********      -7. ******** ******** ********
 
  2018     ******** ******** ******** ******** ******** ********
           ******** ******** ********     -10.      -1. ********
 
  2019     ******** ******** ********      12.      -7.       5.
           ******** ******** ******** ******** ******** ********
 
  2020     ******** ********      10.      14. ******** ********
           ******** ******** ******** ******** ******** ********
 
  2021     ******** ******** ******** ******** ******** ********
           ******** ******** ******** ******** ******** ********
 
  2022          19. ******** ******** ********      31. ********
           ******** ******** ******** ******** ******** ********
 
  2023     ******** ********      -4. ******** ******** ********
           ******** ******** ******** ******** ******** ********
 
  2024          22. ******** ******** ******** ******** ********
           ******** ******** ******** ********     -18. ********
 
  2025          13. ******** ******** ******** ******** ********
           ******** ******** ********      25. ********      -8.
 
  2026     ******** ******** ******** ******** ******** ********
                                                                
 

 D 9.A  Moving seasonality ratio
 ---------------------------------------------------------------
               Jan      Feb      Mar      Apr      May      Jun 
 ---------------------------------------------------------------
   I          7.268    6.975    8.730    8.878   11.751   11.774
   S          1.937    1.491    2.244    2.609    2.134    1.523
 RATIO        3.752    4.678    3.890    3.403    5.507    7.732



 ---------------------------------------------------------------
               Jul      Aug      Sep      Oct      Nov      Dec 
 ---------------------------------------------------------------
   I          6.691    6.823    9.742   10.733    8.226    6.435
   S          0.764    0.744    2.378    1.348    1.787    1.492
 RATIO        8.760    9.175    4.096    7.963    4.602    4.312



        bps_permits 26140            PAGE  10, SERIES bps_permits_addi

 D 10  Final seasonal factors
  From  2014.Jan to 2026.Jun
  Observations        150
  Seasonal filter    3 x 5 moving average
 -----------------------------------------------------------------------------
               Jan      Feb      Mar      Apr      May      Jun 
               Jul      Aug      Sep      Oct      Nov      Dec         AVGE  
 -----------------------------------------------------------------------------
  2014          -1.      -3.       2.       2.       6.       3.
                 5.       5.      -3.      -2.      -6.      -8.            0.
 
  2015          -2.      -3.       2.       3.       6.       3.
                 5.       5.      -3.      -2.      -6.      -7.            0.
 
  2016          -3.      -4.       2.       5.       4.       3.
                 4.       5.      -2.      -2.      -7.      -7.            0.
 
  2017          -4.      -4.       2.       7.       3.       3.
                 3.       5.      -0.      -2.      -8.      -6.           -0.
 
  2018          -4.      -5.       3.      10.       1.       3.
                 3.       6.       0.      -1.     -11.      -7.           -0.
 
  2019          -3.      -8.       2.      14.       3.       4.
                 3.       6.       1.      -2.     -14.     -11.           -0.
 
  2020           1.     -11.      -0.      17.       5.       7.
                 3.       6.      -1.      -2.     -18.     -15.           -1.
 
  2021           6.     -13.      -4.      21.      10.      10.
                 3.       6.      -3.      -3.     -22.     -20.           -1.
 
  2022          12.     -15.      -8.      24.      15.      13.
                 3.       6.      -8.      -1.     -23.     -22.           -0.
 
  2023          14.     -15.     -13.      28.      19.      14.
                 3.       4.     -13.       1.     -21.     -21.            0.
 
  2024          14.     -12.     -15.      27.      19.      15.
                 3.       3.     -17.       4.     -19.     -17.            0.
 
  2025          10.      -9.     -17.      26.      17.      16.
                 2.       2.     -20.       5.     -15.     -13.            0.
 
  2026           6.      -7.     -17.      24.      15.      15.
                                                                            6.
 
  AVGE           4.      -8.      -5.      16.      10.       9.
                 3.       5.      -6.      -0.     -14.     -13.

  Table Total-          27.   Mean-         0.   Std. Dev.-        11.
                              Min -       -23.        Max -        28.

 D 10.A  Final seasonal component forecasts
  From  2026.Jul to 2027.Jun
  Observations         12
 -----------------------------------------------------------------------------
               Jan      Feb      Mar      Apr      May      Jun 
               Jul      Aug      Sep      Oct      Nov      Dec         AVGE  
 -----------------------------------------------------------------------------
  2026                                                          
                 2.       2.     -21.       7.     -13.     -11.           -6.
 
  2027           4.      -6.     -17.      23.      15.      14.
                                                                            6.
 
        bps_permits 26140            PAGE  11, SERIES bps_permits_addi
  
 D 11  Final seasonally adjusted data
       (also adjusted for trading day)
  From  2014.Jan to 2026.Jun
  Observations        150
 -----------------------------------------------------------------------------
               Jan      Feb      Mar      Apr      May      Jun 
               Jul      Aug      Sep      Oct      Nov      Dec        TOTAL  
 -----------------------------------------------------------------------------
  2014          14.      17.      17.      13.      13.      19.
                17.      22.      12.      18.      30.      12.          204.
 
  2015          18.      17.      24.      19.      25.      12.
                16.      16.      20.      23.      28.      27.          245.
 
  2016          29.      28.      25.      22.      34.      31.
                40.      20.      41.      31.      30.      35.          365.
 
  2017          41.      39.      35.      48.      33.      53.
                44.      45.      35.      54.      47.      52.          526.
 
  2018          37.      47.      47.      46.      49.      41.
                42.      41.      50.      33.      56.      47.          537.
 
  2019          47.      47.      56.      25.      47.      79.
                60.      76.      74.      83.      73.      81.          748.
 
  2020          74.      88.      91.      43.      62.      56.
                76.      74.      79.      81.      93.      93.          910.
 
  2021          83.      85.      87.      82.      83.      85.
                86.      85.      84.      93.      87.      97.         1037.
 
  2022         138.     101.     112.     146.     157.     145.
               135.     123.     142.     116.     120.     112.         1549.
 
  2023         135.     126.     156.     110.     112.     137.
               134.     149.     136.     144.     139.     151.         1628.
 
  2024         257.     162.     168.     193.     198.     191.
               183.     198.     192.     185.     225.     184.         2335.
 
  2025         156.     191.     186.     181.     190.     153.
               175.     159.     150.     188.     173.     217.         2117.
 
  2026         142.     154.     137.     150.     133.     166.
                                                                          882.
 
  AVGE          90.      85.      88.      83.      88.      90.
                84.      84.      85.      87.      92.      92.

  Table Total-       13084.   Mean-        87.   Std. Dev.-        60.
                              Min -        12.        Max -       257.
        bps_permits 26140            PAGE  12, SERIES bps_permits_addi

 D 12  Final trend cycle
  From  2014.Jan to 2026.Jun
  Observations        150
  Trend filter    13-term Henderson moving average
  I/C ratio        3.48
 -----------------------------------------------------------------------------
               Jan      Feb      Mar      Apr      May      Jun 
               Jul      Aug      Sep      Oct      Nov      Dec        TOTAL  
 -----------------------------------------------------------------------------
  2014          15.      15.      15.      16.      16.      17.
                17.      18.      17.      17.      16.      17.          196.
 
  2015          18.      19.      20.      20.      19.      18.
                17.      18.      20.      23.      25.      27.          243.
 
  2016          27.      27.      27.      28.      30.      33.
                35.      36.      35.      35.      34.      35.          383.
 
  2017          36.      38.      41.      43.      44.      45.
                46.      46.      47.      47.      47.      46.          525.
 
  2018          46.      46.      46.      45.      45.      44.
                43.      43.      43.      44.      46.      47.          540.
 
  2019          48.      49.      50.      52.      55.      60.
                65.      70.      74.      77.      80.      81.          762.
 
  2020          81.      80.      76.      72.      69.      67.
                69.      73.      79.      84.      87.      88.          927.
 
  2021          88.      86.      85.      84.      84.      84.
                84.      85.      87.      89.      92.      96.         1044.
 
  2022         104.     114.     125.     134.     141.     143.
               140.     134.     128.     124.     123.     123.         1530.
 
  2023         122.     122.     121.     122.     124.     128.
               133.     138.     141.     144.     147.     152.         1594.
 
  2024         159.     168.     177.     184.     189.     192.
               193.     192.     190.     189.     189.     189.         2212.
 
  2025         189.     188.     186.     182.     176.     170.
               166.     165.     166.     166.     165.     160.         2080.
 
  2026         154.     148.     145.     145.     148.     152.
                                                                          891.
 
  AVGE          84.      85.      86.      87.      88.      89.
                84.      85.      86.      87.      88.      89.

  Table Total-       12928.   Mean-        86.   Std. Dev.-        57.
                              Min -        15.        Max -       193.
        bps_permits 26140            PAGE  13, SERIES bps_permits_addi

 D 13  Final irregular component
  From  2014.Jan to 2026.Jun
  Observations        150
 -----------------------------------------------------------------------------
               Jan      Feb      Mar      Apr      May      Jun 
               Jul      Aug      Sep      Oct      Nov      Dec         S.D.  
 -----------------------------------------------------------------------------
  2014          -1.       2.       2.      -3.      -3.       3.
                -0.       5.      -5.       1.      13.      -5.            5.
 
  2015           0.      -2.       4.      -0.       6.      -5.
                -2.      -2.       0.       0.       2.       0.            3.
 
  2016           2.       1.      -2.      -7.       4.      -2.
                 5.     -16.       5.      -4.      -4.      -0.            6.
 
  2017           5.       0.      -6.       5.     -11.       8.
                -1.      -1.     -12.       7.       0.       6.            6.
 
  2018          -9.       1.       1.       1.       4.      -4.
                -1.      -2.       6.     -11.      11.      -0.            6.
 
  2019          -2.      -2.       6.     -27.      -8.      19.
                -5.       6.      -0.       6.      -6.       0.           11.
 
  2020          -7.       9.      14.     -29.      -7.     -11.
                 7.       1.      -0.      -3.       5.       5.           11.
 
  2021          -4.      -1.       2.      -2.      -0.       1.
                 2.      -0.      -2.       4.      -5.       0.            3.
 
  2022          34.     -13.     -12.      12.      17.       2.
                -5.     -11.      14.      -7.      -3.     -11.           14.
 
  2023          13.       4.      35.     -12.     -13.       8.
                 1.      11.      -5.      -0.      -8.      -1.           13.
 
  2024          98.      -6.      -9.       9.       9.      -1.
               -10.       6.       1.      -4.      36.      -5.           31.
 
  2025         -33.       3.      -1.      -1.      14.     -17.
                 9.      -7.     -16.      22.       8.      57.           22.
 
  2026         -12.       6.      -7.       5.     -15.      14.
                                                                           11.
 
  S.D.          31.       5.      12.      13.      10.      10.
                 5.       7.       8.       8.      12.      17.

  Table Total-         156.   Mean-         1.   Std. Dev.-        13.
                              Min -       -33.        Max -        98.
        bps_permits 26140            PAGE  14, SERIES bps_permits_addi
  
 D 16  Combined adjustment factors
       (includes seasonal, trading day factors)
  From  2014.Jan to 2026.Jun
  Observations        150
 -----------------------------------------------------------------------------
               Jan      Feb      Mar      Apr      May      Jun 
               Jul      Aug      Sep      Oct      Nov      Dec         AVGE  
 -----------------------------------------------------------------------------
  2014           1.      -1.       2.       6.       6.      -0.
                 3.      -3.       5.       0.     -17.       6.            1.
 
  2015          -2.      -1.      -4.       4.      -3.      12.
                 6.       5.       1.      -2.     -10.      -9.           -0.
 
  2016         -11.       3.       0.      10.      -1.       4.
                -5.      19.      -6.      -2.      -3.      -7.            0.
 
  2017          -9.      -3.       4.      -3.      17.      -1.
                 4.       4.       5.      -8.      -8.     -15.           -1.
 
  2018          10.      -4.       2.       7.      -0.       8.
                -2.       8.     -10.      13.     -14.      -7.            1.
 
  2019          -5.      -6.      -7.      22.       5.      -6.
                17.       5.      -3.      -3.      -8.     -16.           -0.
 
  2020           3.     -11.      -6.      18.      -3.      16.
                 5.       6.       3.      -2.     -22.     -17.           -1.
 
  2021          -2.     -12.      10.      17.      11.      14.
                 3.       0.      -2.     -11.     -13.     -18.           -0.
 
  2022          12.     -13.      -9.      30.      10.      13.
                -5.      20.     -12.      -0.     -20.     -22.            0.
 
  2023           9.     -13.     -11.      17.      33.      10.
                 3.       2.      -7.      -5.     -21.     -29.           -1.
 
  2024          28.     -22.     -24.      35.      21.       5.
                17.       3.     -21.       2.     -14.     -23.            1.
 
  2025          12.      -8.     -17.      30.      17.      12.
                 1.      -7.     -12.       7.     -26.       1.            1.
 
  2026           6.      -5.     -22.      24.       7.      23.
                                                                            5.
 
  AVGE           4.      -8.      -6.      17.       9.       8.
                 4.       5.      -5.      -1.     -15.     -13.

  Table Total-          29.   Mean-         0.   Std. Dev.-        12.
                              Min -       -29.        Max -        35.

 D 16.A  Combined adjustment component forecasts
  From  2026.Jul to 2027.Jun
  Observations         12
 -----------------------------------------------------------------------------
               Jan      Feb      Mar      Apr      May      Jun 
               Jul      Aug      Sep      Oct      Nov      Dec         AVGE  
 -----------------------------------------------------------------------------
  2026                                                          
                 4.       2.     -18.       7.     -17.     -13.           -6.
 
  2027          -5.      -4.      -3.      20.      15.      18.
                                                                            7.
 
        bps_permits 26140            PAGE  15, SERIES bps_permits_addi
  
 D 18  Combined calendar adjustment factors
       (includes trading day factors)
  From  2014.Jan to 2026.Jun
  Observations        150
 -----------------------------------------------------------------------------
               Jan      Feb      Mar      Apr      May      Jun 
               Jul      Aug      Sep      Oct      Nov      Dec         AVGE  
 -----------------------------------------------------------------------------
  2014           2.       1.       0.       4.      -0.      -3.
                -2.      -9.       8.       2.     -10.      14.            1.
 
  2015          -0.       1.      -6.       0.      -9.       8.
                 2.       0.       4.      -0.      -3.      -2.           -0.
 
  2016          -9.       6.      -2.       5.      -6.       0.
                -9.      14.      -4.       0.       4.      -0.            0.
 
  2017          -6.       1.       2.     -10.      14.      -4.
                 0.      -2.       5.      -6.       0.      -9.           -1.
 
  2018          14.       1.      -0.      -3.      -2.       5.
                -6.       2.     -10.      14.      -4.       0.            1.
 
  2019          -2.       1.      -9.       8.       2.     -10.
                14.      -0.      -3.      -2.       5.      -6.           -0.
 
  2020           2.      -1.      -6.       0.      -9.       8.
                 2.       0.       4.      -0.      -3.      -2.           -0.
 
  2021          -9.       1.      14.      -4.       0.       4.
                -0.      -6.       0.      -9.       8.       2.            0.
 
  2022           0.       1.      -2.       5.      -6.       0.
                -9.      14.      -4.       0.       4.      -0.            0.
 
  2023          -6.       1.       2.     -10.      14.      -4.
                 0.      -2.       5.      -6.       0.      -9.           -1.
 
  2024          14.     -10.      -9.       8.       2.     -10.
                14.      -0.      -3.      -2.       5.      -6.            0.
 
  2025           2.       1.       0.       4.      -0.      -3.
                -2.      -9.       8.       2.     -10.      14.            1.
 
  2026          -0.       1.      -6.       0.      -9.       8.
                                                                           -1.
 
  AVGE           0.       1.      -1.       1.      -1.      -0.
                 0.       0.       1.      -0.      -0.      -0.

  Table Total-           1.   Mean-         0.   Std. Dev.-         6.
                              Min -       -10.        Max -        14.

 D 18.A  Combined calendar adjustment component forecasts
  From  2026.Jul to 2027.Jun
  Observations         12
 -----------------------------------------------------------------------------
               Jan      Feb      Mar      Apr      May      Jun 
               Jul      Aug      Sep      Oct      Nov      Dec         AVGE  
 -----------------------------------------------------------------------------
  2026                                                          
                 2.       0.       4.      -0.      -3.      -2.            0.
 
  2027          -9.       1.      14.      -4.       0.       4.
                                                                            1.
 
        bps_permits 26140            PAGE  16, SERIES bps_permits_addi

 E 4  Differences of annual totals
  From          2014 to 2025
  Observations         12
 -----------------------------------
  Year       Unmodified     Modified
                  (D11)         (E2)
 -----------------------------------
  2014               8.           8.
 
  2015              -3.          -3.
 
  2016               2.           2.
 
  2017             -13.         -13.
 
  2018              10.          10.
 
  2019              -5.          -5.
 
  2020             -10.         -10.
 
  2021              -3.          -3.
 
  2022               2.           2.
 
  2023             -11.         -11.
 
  2024               8.           8.
 
  2025              12.          12.
 
        bps_permits 26140            PAGE  17, SERIES bps_permits_addi

 E 5  Month-to-month differences in the original series
  From  2014.Feb to 2026.Jun
  Observations        149
 -----------------------------------------------------------------------------
               Jan      Feb      Mar      Apr      May      Jun 
               Jul      Aug      Sep      Oct      Nov      Dec         AVGE  
 -----------------------------------------------------------------------------
  2014                    1.       3.       0.       0.       0.
                 1.      -1.      -2.       1.      -5.       5.            0.
 
  2015          -2.       0.       4.       3.      -1.       2.
                -2.      -1.       0.       0.      -3.       0.            0.
 
  2016           0.      13.      -6.       7.       1.       2.
                 0.       4.      -4.      -6.      -2.       1.            1.
 
  2017           4.       4.       3.       6.       5.       2.
                -4.       1.      -9.       6.      -7.      -2.            1.
 
  2018          10.      -4.       6.       4.      -4.       0.
                -9.       9.      -9.       6.      -4.      -2.            0.
 
  2019           2.      -1.       8.      -2.       5.      21.
                 4.       4.     -10.       9.     -15.       0.            2.
 
  2020          12.       0.       8.     -24.      -2.      13.
                 9.      -1.       2.      -3.      -8.       5.            1.
 
  2021           5.      -8.      24.       2.      -5.       5.
               -10.      -4.      -3.       0.      -8.       5.            0.
 
  2022          71.     -62.      15.      73.      -9.      -9.
               -28.      13.     -13.     -14.     -16.     -10.            1.
 
  2023          54.     -31.      32.     -18.      18.       2.
               -10.      14.     -22.      10.     -21.       4.            3.
 
  2024         163.    -145.       4.      84.      -9.     -23.
                 4.       1.     -30.      16.      24.     -50.            3.
 
  2025           7.      15.     -14.      42.      -4.     -42.
                11.     -24.     -14.      57.     -48.      71.            5.
 
  2026         -70.       1.     -34.      59.     -34.      49.
                                                                           -5.
 
  AVGE          21.     -17.       4.      18.      -3.       2.
                -3.       1.      -9.       7.      -9.       2.

  Table Total-         174.   Mean-         1.   Std. Dev.-        28.
                              Min -      -145.        Max -       163.
        bps_permits 26140            PAGE  18, SERIES bps_permits_addi

 E 6  Month-to-month differences in seasonally adjusted series (D11)
  From  2014.Feb to 2026.Jun
  Observations        149
 -----------------------------------------------------------------------------
               Jan      Feb      Mar      Apr      May      Jun 
               Jul      Aug      Sep      Oct      Nov      Dec         AVGE  
 -----------------------------------------------------------------------------
  2014                    3.      -0.      -4.       0.       6.
                -2.       6.     -10.       6.      12.     -18.           -0.
 
  2015           6.      -1.       6.      -5.       6.     -13.
                 3.       0.       5.       3.       4.      -1.            1.
 
  2016           2.      -1.      -3.      -3.      12.      -3.
                 9.     -20.      21.     -10.      -0.       5.            1.
 
  2017           6.      -3.      -4.      13.     -15.      20.
                -9.       1.     -10.      19.      -7.       5.            1.
 
  2018         -15.      10.      -0.      -0.       3.      -9.
                 2.      -1.       9.     -17.      23.      -9.           -0.
 
  2019          -1.       1.       9.     -31.      23.      31.
               -19.      16.      -2.      10.     -10.       8.            3.
 
  2020          -7.      14.       2.     -47.      19.      -6.
                19.      -2.       5.       2.      12.       0.            1.
 
  2021         -10.       2.       2.      -5.       2.       2.
                 1.      -1.      -0.       9.      -6.       9.            0.
 
  2022          41.     -37.      11.      34.      11.     -12.
               -10.     -12.      19.     -26.       3.      -8.            1.
 
  2023          23.      -9.      30.     -46.       2.      25.
                -3.      15.     -12.       8.      -5.      12.            3.
 
  2024         106.     -95.       6.      25.       5.      -7.
                -8.      15.      -6.      -6.      39.     -41.            3.
 
  2025         -28.      35.      -5.      -4.       9.     -37.
                22.     -17.      -9.      38.     -15.      44.            3.
 
  2026         -75.      12.     -17.      13.     -16.      33.
                                                                           -9.
 
  AVGE           4.      -5.       3.      -5.       5.       2.
                 1.      -0.       1.       3.       4.       1.

  Table Total-         152.   Mean-         1.   Std. Dev.-        21.
                              Min -       -95.        Max -       106.
        bps_permits 26140            PAGE  19, SERIES bps_permits_addi

 E 7  Month-to-month differences in final trend cycle (D12)
  From  2014.Feb to 2026.Jun
  Observations        149
 -----------------------------------------------------------------------------
               Jan      Feb      Mar      Apr      May      Jun 
               Jul      Aug      Sep      Oct      Nov      Dec         AVGE  
 -----------------------------------------------------------------------------
  2014                   -0.       0.       0.       0.       1.
                 1.       0.      -0.      -1.      -0.       0.            0.
 
  2015           1.       1.       1.      -0.      -1.      -1.
                -1.       1.       2.       3.       3.       2.            1.
 
  2016           0.      -0.       0.       1.       2.       3.
                 2.       1.      -0.      -1.      -0.       1.            1.
 
  2017           1.       2.       2.       2.       1.       1.
                 1.       1.       0.       0.      -0.      -0.            1.
 
  2018          -0.      -0.      -0.      -0.      -0.      -1.
                -1.      -0.       0.       1.       1.       1.            0.
 
  2019           1.       1.       1.       2.       3.       4.
                 5.       5.       4.       3.       2.       2.            3.
 
  2020           0.      -2.      -3.      -4.      -4.      -2.
                 2.       4.       6.       5.       3.       1.            1.
 
  2021          -1.      -1.      -1.      -1.      -0.       0.
                 0.       1.       2.       2.       3.       5.            1.
 
  2022           7.      10.      11.      10.       6.       2.
                -3.      -6.      -7.      -4.      -1.       0.            2.
 
  2023          -0.      -1.      -0.       1.       2.       4.
                 5.       5.       4.       3.       3.       5.            2.
 
  2024           8.       9.       9.       7.       5.       3.
                 1.      -1.      -2.      -1.      -0.       0.            3.
 
  2025          -0.      -1.      -2.      -4.      -6.      -6.
                -4.      -1.       0.       0.      -1.      -4.           -2.
 
  2026          -6.      -6.      -4.       0.       3.       4.
                                                                           -1.
 
  AVGE           1.       1.       1.       1.       1.       1.
                 1.       1.       1.       1.       1.       1.

  Table Total-         137.   Mean-         1.   Std. Dev.-         3.
                              Min -        -7.        Max -        11.
        bps_permits 26140            PAGE  20, SERIES bps_permits_addi

 E 8  Month-to-month differences in original series adjusted for calendar factors (A18)
  From  2014.Feb to 2026.Jun
  Observations        149
 -----------------------------------------------------------------------------
               Jan      Feb      Mar      Apr      May      Jun 
               Jul      Aug      Sep      Oct      Nov      Dec         AVGE  
 -----------------------------------------------------------------------------
  2014                    2.       4.      -4.       4.       3.
                -1.       6.     -19.       7.       7.     -19.           -1.
 
  2015          12.      -2.      11.      -3.       8.     -15.
                 4.       1.      -4.       4.       0.      -2.            1.
 
  2016           7.      -2.       2.       0.      12.      -4.
                 9.     -19.      14.     -10.      -6.       5.            1.
 
  2017           9.      -3.       2.      18.     -19.      20.
                -8.       3.     -16.      17.     -13.       7.            1.
 
  2018         -13.       9.       8.       7.      -6.      -7.
                 2.       2.       3.     -18.      14.      -6.           -0.
 
  2019           4.      -4.      18.     -19.      11.      33.
               -20.      18.      -7.       7.     -22.      11.            3.
 
  2020           5.       2.      13.     -30.       7.      -4.
                15.       1.      -2.       1.      -5.       3.            1.
 
  2021          12.     -18.      11.      20.      -9.       1.
                -6.       1.      -9.       9.     -25.      11.           -0.
 
  2022          73.     -63.      18.      66.       2.     -15.
               -19.     -10.       5.     -18.     -20.      -6.            1.
 
  2023          59.     -38.      31.      -6.      -6.      20.
               -14.      16.     -29.      21.     -27.      13.            3.
 
  2024         140.    -121.       3.      67.      -3.     -11.
               -20.      15.     -27.      14.      17.     -39.            3.
 
  2025          -0.      16.     -13.      38.      -0.     -39.
                 9.     -17.     -31.      63.     -36.      47.            3.
 
  2026         -56.      -1.     -27.      53.     -25.      32.
                                                                           -4.
 
  AVGE          21.     -17.       6.      16.      -2.       1.
                -4.       1.     -10.       8.     -10.       2.

  Table Total-         168.   Mean-         1.   Std. Dev.-        26.
                              Min -      -121.        Max -       140.
        bps_permits 26140            PAGE  21, SERIES bps_permits_addi

 E 18  Final adjustment ratios
  From  2014.Jan to 2026.Jun
  Observations        150
 -----------------------------------------------------------------------------
               Jan      Feb      Mar      Apr      May      Jun 
               Jul      Aug      Sep      Oct      Nov      Dec         AVGE  
 -----------------------------------------------------------------------------
  2014      105.766   92.704  112.514  145.438  144.616   99.017
            118.995   84.936  139.661  100.982   43.889  152.934       111.788
 
  2015       88.577   91.848   83.976  119.235   87.755  193.781
            141.850  134.596  104.040   90.319   65.214   66.544       105.645
 
  2016       61.579  109.194  100.160  147.703   96.596  112.362
             87.717  197.858   86.212   94.797   89.420   80.479       105.340
 
  2017       77.624   93.154  112.254   93.780  150.780   98.070
            108.285  108.214  114.585   85.814   83.660   71.124        99.779
 
  2018      127.839   91.627  105.142  114.377   99.011  120.864
             94.333  118.950   80.181  139.267   74.386   84.918       104.241
 
  2019       90.269   86.707   87.499  189.094  109.639   92.532
            129.098  107.039   96.328   95.877   88.618   79.954       104.388
 
  2020      104.018   87.280   93.798  141.228   94.705  127.494
            106.845  108.208  103.808   97.706   76.743   81.734       101.964
 
  2021       97.333   85.937  112.083  121.409  112.700  116.334
            103.475  100.364   97.118   87.977   84.740   81.655       100.094
 
  2022      108.793   86.880   91.586  120.193  106.224  109.007
             96.024  116.072   91.544   99.672   83.642   80.397        99.169
 
  2023      106.558   89.558   92.974  115.836  129.861  107.626
            102.228  101.556   94.603   96.553   84.844   80.664       100.238
 
  2024      110.769   86.511   85.783  118.316  110.650  102.694
            109.134  101.424   89.210  100.973   93.929   87.636        99.752
 
  2025      107.825   95.857   91.067  116.516  108.979  107.910
            100.353   95.868   92.282  103.722   85.175  100.468       100.502
 
  2026      104.250   96.585   83.898  116.264  105.023  113.917
                                                                       103.323
 
  AVGE       99.323   91.834   96.364  127.645  112.041  115.508
            108.195  114.590   99.131   99.472   79.522   87.376

  Table Total-       15415.   Mean-       103.   Std. Dev.-        22.
                              Min -        44.        Max -       198.

 E 18.A  Final adjustment ratio forecasts
  From  2026.Jul to 2027.Jun
  Observations         12
 -----------------------------------------------------------------------------
               Jan      Feb      Mar      Apr      May      Jun 
               Jul      Aug      Sep      Oct      Nov      Dec         AVGE  
 -----------------------------------------------------------------------------
  2026                                                          
            102.710  101.397   89.574  104.191   90.104   92.981        96.826
 
  2027       96.818   97.262   98.067  114.340  110.901  112.110
                                                                       104.916
 
        bps_permits 26140            PAGE  22, SERIES bps_permits_addi

 F 4.  Additive Day of the Week Trading Day Component Factors


      Day of Week Component for regARIMA Trading Day Factors:

                                       months starting on:
                     Mon      Tue      Wed      Thu      Fri      Sat      Sun
 31-day months        14.      -2.       2.      -0.      -9.       0.      -6.
 30-day months         8.       4.       0.      -4.       5.     -10.      -3.
 Leap year Feb.       10. ******** ********      -5. ********       4. ********

  QS statistic for seasonality:
  Original Series                                    11.31  (P-Value =     0.0035)
  Original Series (EV adj)                           16.46  (P-Value =     0.0003)
  Residuals                                           0.00  (P-Value =     1.0000)
  Seasonally Adjusted Series                          0.00  (P-Value =     1.0000)
  Seasonally Adjusted Series (EV adj)                 0.00  (P-Value =     1.0000)
  Irregular Series                                    0.00  (P-Value =     1.0000)
  Irregular Series (EV adj)                           0.00  (P-Value =     1.0000)

  QS statistic for seasonality (starting 2018.Jul):
  Original Series                                     7.79  (P-Value =     0.0204)
  Original Series (EV adj)                           13.49  (P-Value =     0.0012)
  Residuals                                           0.00  (P-Value =     1.0000)
  Seasonally Adjusted Series                          0.00  (P-Value =     1.0000)
  Seasonally Adjusted Series (EV adj)                 0.00  (P-Value =     1.0000)
  Irregular Series                                    0.00  (P-Value =     1.0000)
  Irregular Series (EV adj)                           0.00  (P-Value =     1.0000)
        bps_permits 26140            PAGE  23, SERIES bps_permits_addi


  Visually significant residual trading day peaks have been
  found in the spectral plot of the following series starting in 2018.Jul:

          differenced seasonally adjusted series (Table E2) (1 Trading Day peak(s))

        bps_permits 26140            PAGE  24, SERIES bps_permits_addi
 G 0  10*LOG(SPECTRUM) of the differenced Prior Adjusted Series
      (Table B1).  Spectrum estimated from 2018.Jul to 2026.Jun.
 ++++++++++I+++++++++++++++++++++++++++++++++++++++++++++++++++++++++++++I
      37.93I                                        S                    I     37.93
           I                                        S                    I
           I                                        S                    I
           I                                        S                    I
      35.83I                                        S                    I     35.83
           I                                        S         S          I
           I                                       *S         S          I
           I                              S        *S         S*         I
      33.74I                              S        *S         S*         I     33.74
           I                              S        *S     *  *S*      *  I
           I                              S        *S     *  *S*T     *  I
           I                              S     *  *S     *  *S*T*    *  I
      31.65I                              S    **  *S    **  *S*T*    ** I     31.65
           I                              S*   **  *S*   *****S*T*    ** I
           I                              S*   **  *S*   *****S*T*    ** I
           I                              S*   ** **S*   *****S*T*   ***SI
      29.55I                              S*   *****S*   *****S*T**  ***SI     29.55
           I                         *   *S*   *****S*   *****S*T**  ***SI
           I                         *   *S*   *****S*   *****S*T**  ***SI
           I                         **  *S*  ******S*  ******S*T*******SI
      27.46I                        ***  *S*  ******S*  ******S*T*******SI     27.46
           I          S          ******  *S** ******S*T ******S*T*******SI
           I          S*         *********S** ******S*T ******S*T*******SI
           I          S*     *   *********S*********S*T*******S*T*******SI
      25.37I          S*     *   *********S*********S*T*******S*T*******SI     25.37
           I          S*     *  S*********S*********S*T*******S*T*******SI
           I          S*    *** S*********S*********S*T*******S*T*******SI
           I         *S*    ****S*********S*********S*T*******S*T*******SI
      23.27I         *S*    ****S*********S*********S*T*******S*T*******SI     23.27
           I         *S*    ****S*********S*********S*T*******S*T*******SI
           I         *S*    ****S*********S*********S*T*******S*T*******SI
           I        **S**   ****S*********S*********S*T*******S*T*******SI
      21.18I    *   **S**  *****S*********S*********S*T*******S*T*******SI     21.18
           I    *   **S**  *****S*********S*********S*T*******S*T*******SI
           I    *  ***S**  *****S*********S*********S*T*******S*T*******SI
           I    ** ***S**  *****S*********S*********S*T*******S*T*******SI
      19.09I   *******S*********S*********S*********S*T*******S*T*******SI     19.09
           I   *******S*********S*********S*********S*T*******S*T*******SI
           I   *******S*********S*********S*********S*T*******S*T*******SI
           I   *******S*********S*********S*********S*T*******S*T*******SI
      16.99I   *******S*********S*********S*********S*T*******S*T*******SI     16.99
           I   *******S*********S*********S*********S*T*******S*T*******SI
           I   *******S*********S*********S*********S*T*******S*T*******SI
           I   *******S*********S*********S*********S*T*******S*T*******SI
      14.90I   *******S*********S*********S*********S*T*******S*T*******SI     14.90
           I  ********S*********S*********S*********S*T*******S*T*******SI
           I  ********S*********S*********S*********S*T*******S*T*******SI
           I  ********S*********S*********S*********S*T*******S*T*******SI
      12.81I  ********S*********S*********S*********S*T*******S*T*******SI     12.81
           I  ********S*********S*********S*********S*T*******S*T*******SI
           I  ********S*********S*********S*********S*T*******S*T*******SI
           I *********S*********S*********S*********S*T*******S*T*******SI
      10.71I**********S*********S*********S*********S*T*******S*T*******SI     10.71
 ++++++++++I+++++++++++++++++++++++++++++++++++++++++++++++++++++++++++++I
            S=SEASONAL FREQUENCIES, T=TRADING DAY FREQUENCIES
        bps_permits 26140            PAGE  25, SERIES bps_permits_addi
 G 1  10*LOG(SPECTRUM) of the differenced seasonally adjusted 
      data (Table E2).  Spectrum estimated from 2018.Jul to 2026.Jun.
 ++++++++++I+++++++++++++++++++++++++++++++++++++++++++++++++++++++++++++I
      29.73I                                           *                 I     29.73
           I                                           *           **    I
           I                                           *           **    I
           I                                           *           **    I
      28.38I                                           *           **    I     28.38
           I                                           *           **    I
           I                           *               *           **    I
           I                           *      *        *        T  **    I
      27.04I                           *      *        *        T  **    I     27.04
           I                           *      *        *        T  **    I
           I                          **      *       T*        T  **    I
           I                          **      *       T*        T  ***  SI
      25.69I                          **      *       T*        T  ***  SI     25.69
           I                          **      **      T*       *T **** *SI
           I                          **      **      T*  *    *T***** *SI
           I                          **      **      T*  *    *T*******SI
      24.34I                          **      **      T** *    *T*******SI     24.34
           I                          **      **      T****    *T*******SI
           I                          **      **      T****    *T*******SI
           I              *           **     ***      T****    *T*******SI
      23.00I              *         * **     ***      T*****   *T*******SI     23.00
           I              *        ** **     ***     *T*****   *T*******SI
           I    *         *        *****     ***     *T*****   *T*******SI
           I    *         *   *    *****    ****     *T*****   *T*******SI
      21.65I    *         *   *    *****   *****    S*T*****  S*T*******SI     21.65
           I    *         *   *    ******  ******  *S*T*****  S*T*******SI
           I    *    *    *  **    ******  ******  *S*T*****  S*T*******SI
           I    *    *    *  **    ******  ****** **S*T*****  S*T*******SI
      20.31I    *    *   **  **    ****** S****** **S*T*****  S*T*******SI     20.31
           I    *    *   **  **    ****** S*********S*T****** S*T*******SI
           I    *   **   **  **    *******S*********S*T*******S*T*******SI
           I    *   **   **  **    *******S*********S*T*******S*T*******SI
      18.96I    *   **   **  **    *******S*********S*T*******S*T*******SI     18.96
           I   **   **   **  **    *******S*********S*T*******S*T*******SI
           I   ***  **   **  **    *******S*********S*T*******S*T*******SI
           I   ***  **   *** **    *******S*********S*T*******S*T*******SI
      17.61I   ***  **   *** **    *******S*********S*T*******S*T*******SI     17.61
           I   ***  **   *** **    *******S*********S*T*******S*T*******SI
           I   ***  **   ******    *******S*********S*T*******S*T*******SI
           I   ***  **   ******   ********S*********S*T*******S*T*******SI
      16.27I   *** ***S  ******   ********S*********S*T*******S*T*******SI     16.27
           I   *******S  ******   ********S*********S*T*******S*T*******SI
           I   *******S  *******  ********S*********S*T*******S*T*******SI
           I   *******S ********  ********S*********S*T*******S*T*******SI
      14.92I   *******S ********  ********S*********S*T*******S*T*******SI     14.92
           I  ********S ********  ********S*********S*T*******S*T*******SI
           I  ********S*********  ********S*********S*T*******S*T*******SI
           I  ********S*********  ********S*********S*T*******S*T*******SI
      13.58I  ********S*********  ********S*********S*T*******S*T*******SI     13.58
           I  ********S********* *********S*********S*T*******S*T*******SI
           I  ********S*********S*********S*********S*T*******S*T*******SI
           I *********S*********S*********S*********S*T*******S*T*******SI
      12.23I**********S*********S*********S*********S*T*******S*T*******SI     12.23
 ++++++++++I+++++++++++++++++++++++++++++++++++++++++++++++++++++++++++++I
            S=SEASONAL FREQUENCIES, T=TRADING DAY FREQUENCIES
        bps_permits 26140            PAGE  26, SERIES bps_permits_addi
 G 2  10*LOG(SPECTRUM) of the Modified Irregular (Table E3).  
      Spectrum estimated from 2018.Jul to 2026.Jun.
 ++++++++++I+++++++++++++++++++++++++++++++++++++++++++++++++++++++++++++I
      25.02I                           *                                 I     25.02
           I                          **                                 I
           I                          **      *        *                 I
           I                          **      *        *                 I
      23.64I                          **      *        *            *    I     23.64
           I                          **      *        *           **    I
           I                          **      *        *           **    I
           I                       *  **      *        *           **    I
      22.26I                  *    *  **      *        *           **    I     22.26
           I                  *    *  **      *        *           **    I
           I                  *    *  **      *        *           **    I
           I                  *    ** **      *       T*        T  **    I
      20.88I                  *    ** **      **      T*        T  **    I     20.88
           I                  *    ** **      **      T*  *     T  **    I
           I                  *    *****      **      T*  *     T  ***  SI
           I                  *    *****      **      T*  *     T  ***  SI
      19.50I                  *    *****     ***      T*  *     T **** *SI     19.50
           I                  *    *****     ***      T** *    *T***** *SI
           I                  *    ******    ***      T****    *T*******SI
           I                  *    ******    ***      T****    *T*******SI
      18.12I                  *    ******  * ***      T****    *T*******SI     18.12
           I              *  **    ****** S*****      T****    *T*******SI
           I              *  **    ****** S*****      T*****   *T*******SI
           I              ** **    *******S******    *T*****   *T*******SI
      16.74I        **    ** **    *******S****** *  *T*****   *T*******SI     16.74
           I        **    ** **    *******S****** ** *T*****   *T*******SI
           I        **    ** **    *******S*********S*T*****   *T*******SI
           I        **    ** **   ********S*********S*T*****  S*T*******SI
      15.36I        **    ******  ********S*********S*T*****  S*T*******SI     15.36
           I        **    ******  ********S*********S*T*****  S*T*******SI
           I        **    ******  ********S*********S*T*****  S*T*******SI
           I        **    ******  ********S*********S*T****** S*T*******SI
      13.99I        **    ******  ********S*********S*T****** S*T*******SI     13.99
           I  *     **    ******  ********S*********S*T*******S*T*******SI
           I  *     **    ******  ********S*********S*T*******S*T*******SI
           I  *     **    ******  ********S*********S*T*******S*T*******SI
      12.61I  *     **   *******  ********S*********S*T*******S*T*******SI     12.61
           I  *     **   *******S*********S*********S*T*******S*T*******SI
           I  *     **   *******S*********S*********S*T*******S*T*******SI
           I  *     **S  *******S*********S*********S*T*******S*T*******SI
      11.23I  **    **S  *******S*********S*********S*T*******S*T*******SI     11.23
           I ***   ***S  *******S*********S*********S*T*******S*T*******SI
           I ***   ***S  *******S*********S*********S*T*******S*T*******SI
           I ***   ***S  *******S*********S*********S*T*******S*T*******SI
       9.85I ***   ***S ********S*********S*********S*T*******S*T*******SI      9.85
           I****   ***S*********S*********S*********S*T*******S*T*******SI
           I****   ***S*********S*********S*********S*T*******S*T*******SI
           I****   ***S*********S*********S*********S*T*******S*T*******SI
       8.47I****   ***S*********S*********S*********S*T*******S*T*******SI      8.47
           I*****  ***S*********S*********S*********S*T*******S*T*******SI
           I***** ****S*********S*********S*********S*T*******S*T*******SI
           I***** ****S*********S*********S*********S*T*******S*T*******SI
       7.09I**********S*********S*********S*********S*T*******S*T*******SI      7.09
 ++++++++++I+++++++++++++++++++++++++++++++++++++++++++++++++++++++++++++I
            S=SEASONAL FREQUENCIES, T=TRADING DAY FREQUENCIES
        bps_permits 26140            PAGE  27, SERIES bps_permits_addi

  Peak probabilities for Tukey spectrum estimator
  Spectrum estimated from 2018.Jul to 2026.Jun.

                                          S1       S2       S3       S4       S5       S6       TD
                                        ------   ------   ------   ------   ------   ------   ------
  Model Residuals                        0.672    0.409    0.057    0.429    0.501    0.111    0.626  
  Prior Adjusted Series (Table B1)       0.871    0.446    0.927*   0.983*   0.723    0.517    0.148  
  Seasonally adjusted series (E2)        0.044    0.053    0.041    0.734    0.169    0.605    0.990**
  Modified Irregular (E3)                0.086    0.099    0.029    0.726    0.194    0.619    0.991**
  ----------
     ** - Peak Probability > 0.99,
      * - 0.90 < Peak Probability < 0.99


