  Reading input spec file from D:\Programming\Dynamic Paper-dlrhcs_replication\outputs\empirical\unemployment\raw_sa_pilot\x13_work\ces_hours_additive_level_35980_200701_201612.spc

1

               U. S. Department of Commerce, U. S. Census Bureau

              X-13ARIMA-SEATS monthly seasonal adjustment Method,
                          Release Version 1.1 Build 62


           This software application provides an enhanced version of
             Statistics Canada's X-11-ARIMA extension (Dagum, 1980)
                 of the X-11 variant of the Census Method II of
                      Shiskin, Young and Musgrave (1967).

            It also provides an ARIMA model-based method following
       Hillmer and Tiao (1982) and Burman (1980) that is very similar
       to the update of the method of SEATS (Gomez and Maravall, 1996)
                produced at the Bank of Spain by G. Caporello and
               A. Maravall for TSW (Caporello and Maravall, 2004).
          The present application includes additional enhancements.

         X-13ARIMA-SEATS includes an automatic ARIMA model selection procedure
          based largely on the procedure of Gomez and Maravall (1998)
            as implemented in TRAMO (1996) and subsequent revisions.

              Primary Programmers: Brian Monsell, Mark Otto and,
                 for the ARIMA model-based signal extraction,
                      Gianluca Caporello and Victor Gomez


     Series Title- ces_hours 35980
     Series Name- ces_hours_additi
     Jul 29, 2026  08.42.49 

        -Period covered-  1st month,2007 to 12th month,2016
        -Type of run - additive seasonal adjustment

        -Sigma limits for graduating extreme values are  1.5 and  2.5 .
        -3x3 moving average used in section 1 of each iteration, 
         3x5 moving average in section 2 of iterations B and C,
         moving average for final seasonal factors chosen by Global MSR.
        -Holiday adjustment factors applied directly to the final seasonally adjusted series
        -Spectral plots generated for selected series
        -Spectral plots generated for series starting in 2009.Jan

 FILE SAVE REQUESTS (* indicates file exists and will be overwritten)
  D:\Programming\Dynamic Paper-dlrhcs_replication\outputs\empirical\unemployment\raw_sa_pilot\x13_work\ces_hours_additive_level_35980_200701_201612.d10  final seasonal factors
  D:\Programming\Dynamic Paper-dlrhcs_replication\outputs\empirical\unemployment\raw_sa_pilot\x13_work\ces_hours_additive_level_35980_200701_201612.d11  final seasonally adjusted data
  D:\Programming\Dynamic Paper-dlrhcs_replication\outputs\empirical\unemployment\raw_sa_pilot\x13_work\ces_hours_additive_level_35980_200701_201612.out  program output file
  D:\Programming\Dynamic Paper-dlrhcs_replication\outputs\empirical\unemployment\raw_sa_pilot\x13_work\ces_hours_additive_level_35980_200701_201612.err  program error file
        ces_hours 35980            PAGE   1, SERIES ces_hours_additi

     Contents of spc file D:\Programming\Dynamic Paper-dlrhcs_replication\outputs\empirical\unemployment\raw_sa_pilot\x13_work\ces_hours_additive_level_35980_200701_201612.spc

 Line #
 ------
      1: series {
      2:   title = "ces_hours 35980"
      3:   start = 2007.1
      4:   period = 12
      5:   data = (
      6: 33.8
      7: 33.2
      8: 33.5
      9: 33.4
     10: 33.6
     11: 33.1
     12: 32.8
     13: 33.2
     14: 31.9
     15: 31.2
     16: 32
     17: 31.4
     18: 31
     19: 31.4
     20: 30.9
     21: 32.2
     22: 30.5
     23: 31.4
     24: 31.3
     25: 31.9
     26: 31.6
     27: 30.9
     28: 30.9
     29: 30.3
     30: 30.1
     31: 30.5
     32: 30
     33: 30.8
     34: 30.3
     35: 29.9
     36: 30.4
     37: 30
     38: 30.2
     39: 30.7
     40: 31
     41: 30.8
     42: 30.5
     43: 30.4
     44: 31.2
     45: 31.3
     46: 31.1
     47: 31.2
     48: 31
     49: 31.1
     50: 31
     51: 31.1
     52: 31.2
     53: 31.2
     54: 30.5
     55: 31
     56: 30.8
     57: 30.4
     58: 30.7
     59: 30.5
     60: 31.1
     61: 31
     62: 31.1
     63: 31.3
     64: 30.8
     65: 31.4
     66: 31.3
     67: 31.6
     68: 31.8
     69: 31.9
     70: 31.3
     71: 31.7
     72: 31.7
     73: 32.5
     74: 32.6
     75: 32.7
     76: 32.6
     77: 32.3
     78: 32.7
     79: 32.1
     80: 32.7
     81: 33.2
     82: 33.1
     83: 33.7
     84: 33.2
     85: 33.6
     86: 33.6
     87: 33.6
     88: 33.7
     89: 34.1
     90: 35.1
     91: 34.2
     92: 34.7
     93: 34
     94: 33.8
     95: 34.3
     96: 34.5
     97: 34.7
     98: 34.3
     99: 34.3
    100: 34.5
    101: 34.8
    102: 34.6
    103: 34.3
    104: 34.2
    105: 33.8
    106: 33
    107: 32.5
    108: 32.8
    109: 32.6
    110: 32.1
    111: 32.9
    112: 32.3
    113: 32
    114: 32.1
    115: 32.2
    116: 32.6
    117: 32.8
    118: 32.8
    119: 32.5
    120: 32.4
    121: 32.7
    122: 32.6
    123: 32.5
    124: 32.5
    125: 32.4
    126:   )
    127: }
    128: transform { function = none }
    129: regression { aictest = (td easter) }
    130: automdl {}
    131: x11 { mode = add save = (d10 d11) }
        ces_hours 35980            PAGE   2, SERIES ces_hours_additi

 A 1  Time series data (for the span analyzed)
  From  2007.Jan to 2016.Dec
  Observations        120
 -----------------------------------------------------------------------------
               Jan      Feb      Mar      Apr      May      Jun 
               Jul      Aug      Sep      Oct      Nov      Dec        TOTAL  
 -----------------------------------------------------------------------------
  2007          34.      33.      34.      33.      34.      33.
                33.      33.      32.      31.      32.      31.          393.
 
  2008          31.      31.      31.      32.      31.      31.
                31.      32.      32.      31.      31.      30.          374.
 
  2009          30.      31.      30.      31.      30.      30.
                30.      30.      30.      31.      31.      31.          365.
 
  2010          31.      30.      31.      31.      31.      31.
                31.      31.      31.      31.      31.      31.          372.
 
  2011          31.      31.      31.      30.      31.      31.
                31.      31.      31.      31.      31.      31.          371.
 
  2012          31.      32.      32.      32.      31.      32.
                32.      33.      33.      33.      33.      32.          384.
 
  2013          33.      32.      33.      33.      33.      34.
                33.      34.      34.      34.      34.      34.          399.
 
  2014          35.      34.      35.      34.      34.      34.
                35.      35.      34.      34.      35.      35.          413.
 
  2015          35.      34.      34.      34.      33.      33.
                33.      33.      32.      33.      32.      32.          397.
 
  2016          32.      32.      33.      33.      33.      33.
                32.      33.      33.      33.      33.      32.          390.
 
  AVGE          32.      32.      32.      32.      32.      32.
                32.      32.      32.      32.      32.      32.

  Table Total-        3859.   Mean-        32.   Std. Dev.-         1.
                              Min -        30.        Max -        35.
        ces_hours 35980            PAGE   3, SERIES ces_hours_additi
                        Automatic ARIMA Model Selection

                    Procedure based closely on TRAMO method 
                         of Gomez and Maravall (2000)
              "Automatic Modeling Methods for Univariate Series",
                            A Course in Time Series
                  (Edited by D. Pena, G. C. Tiao, R. S. Tsay),
                         New York : J. Wiley and Sons


     Maximum order for regular ARMA parameters :   2
     Maximum order for seasonal ARMA parameters :   1
     Maximum order for regular differencing :   2
     Maximum order for seasonal differencing :   1

   Results of Unit Root Test for identifying orders of differencing:
     Regular difference order :   1
     Seasonal difference order :   0

     Mean is not significant.

  Automatic model choice : (1 1 0)


  Final Checks for Identified Model


  Checking for Unit Roots.
   No unit roots found.
   Nonseasonal MA not within  0.001 of 1.0 - model passes test.

  Checking for insignificant ARMA coefficients.

  Final automatic model choice : (1 1 0)
   End of automatic model selection procedure.

 Average absolute percentage error in within-sample forecasts:
  Last year:   1.31      Last-1 year:   4.99     Last-2 year:   1.37
  Last three years:    2.56

 Estimation converged in    3 ARMA iterations,   17 function evaluations.

 Regression Model
 ------------------------------------------------------------------------------
                             Parameter        Standard
 Variable                     Estimate           Error      t-value
 ------------------------------------------------------------------------------
 Easter[15]                    -0.3752         0.18085        -2.07
 ------------------------------------------------------------------------------


 ARIMA Model:  (1 1 0)
   Nonseasonal differences: 1
                                              Standard
 Parameter                    Estimate          Errors
 -----------------------------------------------------
 Nonseasonal AR                                    
   Lag  1                      -0.3659         0.08517

 Variance                       0.18455E+00
 SE of Var                      0.23926E-01
 -----------------------------------------------------

 Likelihood Statistics
 ------------------------------------------------------------------
 Number of observations (nobs)                                  120
 Effective number of observations (nefobs)                      119
 Number of parameters estimated (np)                              3
 Log likelihood (L)                                        -68.3819
 AIC                                                       142.7638 
 AICC (F-corrected-AIC)                                    142.9725 
 Hannan Quinn                                              146.1494 
 BIC                                                       151.1012 
 ------------------------------------------------------------------

 QS Statistic for regARIMA Model Residuals (full series):             0.98
                                                       (P-Value =     0.6118)

 QS Statistic for regARIMA Model Residuals (starting 2009.Jan):       0.31
                                                       (P-Value =     0.8551)
      10*LOG(SPECTRUM) of the regARIMA model residuals
      Spectrum estimated from 2009.Jan to 2016.Dec.
 ++++++++++I+++++++++++++++++++++++++++++++++++++++++++++++++++++++++++++I
      -0.69I                 *                                           I     -0.69
           I                 *                                           I
           I                 *                                           I
           I                 *                                           I
      -1.76I                 *                                           I     -1.76
           I                 *                                           I
           I                 *                                           I
           I                 *                                           I
      -2.82I                 *                                           I     -2.82
           I                 *                                           I
           I                 *                                           I
           I                 *                                           I
      -3.89I                 *                                           I     -3.89
           I                 *                                           I
           I                 *                                           I
           I                 *                           *               I
      -4.95I                 *                           *               I     -4.95
           I                 *   *                       *               I
           I                 *   *                       *               I
           I                 *   *           *     *     *               I
      -6.01I                 *   *           *     *     *   *  T        I     -6.01
           I   *             *   *           *     *     *   *S*T        I
           I  **             **  **          *     *     *   *S*T        I
           I  **             **  **          *     *     ** **S*T        I
      -7.08I  **            ***  **       S  *     *    *** **S*T*       I     -7.08
           I  **            ***  **       S  *     *    *** **S*T*       I
           I  **            ***  **       S  *     *    ******S*T*       I
           I ***            ***  **       S***     *    ******S*T*       I
      -8.14I ***            ***  **       S***     *    ******S*T*       I     -8.14
           I****            ***  **       S****    *    ******S*T*       I
           I*****   *       *** S**       S****    *    ******S*T*       I
           I*****   *       *** S**       S****    *    ******S*T*       I
      -9.20I*****  **       *** S**       S****   **    ******S*T*       I     -9.20
           I*****  **       ****S**      *S****   **    ******S*T*       I
           I*****  **       ****S**      *S****   **    ******S*T*       I
           I*****  **       ****S**      *S****   **    ******S*T**      I
     -10.27I*****  **       ****S**      *S****   **    ******S*T**      I    -10.27
           I*****  **      *****S***     *S****   **    ******S*T**      I
           I*********      *****S***     *S****   **S   ******S*T**      I
           I*********      *****S***     *S****   **S   ******S*T**      I
     -11.33I**********   * *****S***     *S****   **S   ******S*T**      I    -11.33
           I**********   *******S***     *S****   **S   ******S*T**      I
           I**********   *******S***     *S****   **S   ******S*T***     I
           I**********  ********S***     *S****   **S  *******S*T***     I
     -12.40I**********  ********S***     *S*****  **S  *******S*T***     I    -12.40
           I**********  ********S***    **S*****  **S  *******S*T****    I
           I**********  ********S****   **S*****  **S  *******S*T****    I
           I**********S ********S****   **S***** ***S* *******S*T*****   I
     -13.46I**********S*********S****   **S***** ***S* *******S*T*****   I    -13.46
           I**********S*********S****   **S***** ***S*T*******S*T******  I
           I**********S*********S*****  **S*********S*T*******S*T******  I
           I**********S*********S***** ***S*********S*T*******S*T******* I
     -14.52I**********S*********S*********S*********S*T*******S*T*******SI    -14.52
 ++++++++++I+++++++++++++++++++++++++++++++++++++++++++++++++++++++++++++I
            S=SEASONAL FREQUENCIES, T=TRADING DAY FREQUENCIES


 FORECASTING
  Origin  2016.Dec
  Number        12

  Forecasts and Standard Errors
   ------------------------------
                         Standard
       Date   Forecast      Error
   ------------------------------
   2017.Jan      32.44      0.430
   2017.Feb      32.42      0.509
   2017.Mar      32.61      0.613
   2017.Apr      32.24      0.686
   2017.May      32.43      0.750
   2017.Jun      32.43      0.813
   2017.Jul      32.43      0.872
   2017.Aug      32.43      0.927
   2017.Sep      32.43      0.979
   2017.Oct      32.43      1.028
   2017.Nov      32.43      1.075
   2017.Dec      32.43      1.120
   ------------------------------

  Confidence intervals with coverage probability ( 0.95000
   ---------------------------------------
       Date      Lower  Forecast     Upper
   ---------------------------------------
   2017.Jan      31.59     32.44     33.28
   2017.Feb      31.43     32.42     33.42
   2017.Mar      31.41     32.61     33.82
   2017.Apr      30.89     32.24     33.58
   2017.May      30.96     32.43     33.90
   2017.Jun      30.83     32.43     34.02
   2017.Jul      30.72     32.43     34.14
   2017.Aug      30.61     32.43     34.24
   2017.Sep      30.51     32.43     34.35
   2017.Oct      30.41     32.43     34.44
   2017.Nov      30.32     32.43     34.53
   2017.Dec      30.23     32.43     34.62
   ---------------------------------------
        ces_hours 35980            PAGE   4, SERIES ces_hours_additi

 A 7  RegARIMA holiday component
  From  2007.Jan to 2016.Dec
  Observations        120
 -----------------------------------------------------------------------------
               Jan      Feb      Mar      Apr      May      Jun 
               Jul      Aug      Sep      Oct      Nov      Dec         AVGE  
 -----------------------------------------------------------------------------
  2007           0.       0.      -0.       0.       0.       0.
                 0.       0.       0.       0.       0.       0.            0.
 
  2008           0.       0.      -0.       0.       0.       0.
                 0.       0.       0.       0.       0.       0.            0.
 
  2009           0.       0.       0.      -0.       0.       0.
                 0.       0.       0.       0.       0.       0.            0.
 
  2010           0.       0.      -0.       0.       0.       0.
                 0.       0.       0.       0.       0.       0.           -0.
 
  2011           0.       0.       0.      -0.       0.       0.
                 0.       0.       0.       0.       0.       0.            0.
 
  2012           0.       0.      -0.       0.       0.       0.
                 0.       0.       0.       0.       0.       0.            0.
 
  2013           0.       0.      -0.       0.       0.       0.
                 0.       0.       0.       0.       0.       0.            0.
 
  2014           0.       0.       0.      -0.       0.       0.
                 0.       0.       0.       0.       0.       0.            0.
 
  2015           0.       0.      -0.       0.       0.       0.
                 0.       0.       0.       0.       0.       0.            0.
 
  2016           0.       0.      -0.       0.       0.       0.
                 0.       0.       0.       0.       0.       0.            0.
 
  AVGE           0.       0.      -0.       0.       0.       0.
                 0.       0.       0.       0.       0.       0.

  Table Total-           0.   Mean-         0.   Std. Dev.-         0.
                              Min -        -0.        Max -         0.

 A 7.A  RegARIMA holiday component forecasts
  From  2017.Jan to 2017.Dec
  Observations         12
 -----------------------------------------------------------------------------
               Jan      Feb      Mar      Apr      May      Jun 
               Jul      Aug      Sep      Oct      Nov      Dec         AVGE  
 -----------------------------------------------------------------------------
  2017           0.       0.       0.      -0.       0.       0.
                 0.       0.       0.       0.       0.       0.            0.
 
        ces_hours 35980            PAGE   5, SERIES ces_hours_additi
  
 B 1  Original series (prior adjusted)
      (adjusted for regARIMA factors)
  From  2007.Jan to 2016.Dec
  Observations        120
 -----------------------------------------------------------------------------
               Jan      Feb      Mar      Apr      May      Jun 
               Jul      Aug      Sep      Oct      Nov      Dec        TOTAL  
 -----------------------------------------------------------------------------
  2007          34.      33.      34.      33.      34.      33.
                33.      33.      32.      31.      32.      31.          393.
 
  2008          31.      31.      31.      32.      31.      31.
                31.      32.      32.      31.      31.      30.          374.
 
  2009          30.      31.      30.      31.      30.      30.
                30.      30.      30.      31.      31.      31.          365.
 
  2010          31.      30.      31.      31.      31.      31.
                31.      31.      31.      31.      31.      31.          372.
 
  2011          31.      31.      31.      31.      31.      31.
                31.      31.      31.      31.      31.      31.          371.
 
  2012          31.      32.      32.      32.      31.      32.
                32.      33.      33.      33.      33.      32.          384.
 
  2013          33.      32.      33.      33.      33.      34.
                33.      34.      34.      34.      34.      34.          399.
 
  2014          35.      34.      35.      34.      34.      34.
                35.      35.      34.      34.      35.      35.          413.
 
  2015          35.      34.      34.      34.      33.      33.
                33.      33.      32.      33.      32.      32.          397.
 
  2016          32.      32.      33.      33.      33.      33.
                32.      33.      33.      33.      33.      32.          390.
 
  AVGE          32.      32.      32.      32.      32.      32.
                32.      32.      32.      32.      32.      32.

  Table Total-        3859.   Mean-        32.   Std. Dev.-         1.
                              Min -        30.        Max -        35.

 B 1.A  Forecasts of (prior adjusted) original series
  From  2017.Jan to 2017.Dec
  Observations         12
 -----------------------------------------------------------------------------
               Jan      Feb      Mar      Apr      May      Jun 
               Jul      Aug      Sep      Oct      Nov      Dec        TOTAL  
 -----------------------------------------------------------------------------
  2017          32.      32.      32.      32.      32.      32.
                32.      32.      32.      32.      32.      32.          389.
 
        ces_hours 35980            PAGE   6, SERIES ces_hours_additi

 C 17  Final weights for irregular component
  From  2007.Jan to 2016.Dec
  Observations        120
  Lower sigma limit    1.50
  Upper sigma limit    2.50
 -----------------------------------------------------------------------------
               Jan      Feb      Mar      Apr      May      Jun 
               Jul      Aug      Sep      Oct      Nov      Dec         S.D.  
 -----------------------------------------------------------------------------
  2007         100.      97.     100.     100.     100.     100.
               100.      15.     100.       0.     100.     100.           24.
 
  2008         100.     100.     100.      55.       0.     100.
               100.     100.      66.     100.     100.     100.           24.
 
  2009         100.     100.     100.      90.     100.     100.
               100.      78.     100.     100.     100.     100.           24.
 
  2010         100.       0.     100.     100.     100.     100.
               100.     100.     100.     100.     100.     100.           20.
 
  2011         100.     100.     100.     100.     100.     100.
               100.     100.     100.     100.      51.     100.           20.
 
  2012         100.     100.     100.     100.     100.     100.
               100.     100.     100.     100.     100.     100.           19.
 
  2013         100.       0.     100.     100.     100.       6.
               100.     100.     100.     100.     100.     100.           19.
 
  2014           0.     100.     100.     100.      81.     100.
               100.     100.     100.     100.     100.      74.           18.
 
  2015         100.     100.     100.     100.     100.      21.
               100.     100.      86.       0.     100.     100.           17.
 
  2016         100.     100.     100.     100.      51.     100.
               100.     100.     100.     100.     100.     100.           17.
 
        ces_hours 35980            PAGE   7, SERIES ces_hours_additi

 D 8  Final unmodified SI ratios
  From  2007.Jan to 2016.Dec
  Observations        120
 -----------------------------------------------------------------------------
               Jan      Feb      Mar      Apr      May      Jun 
               Jul      Aug      Sep      Oct      Nov      Dec         AVGE  
 -----------------------------------------------------------------------------
  2007          -0.      -0.      -0.       0.       0.       0.
                 0.       1.      -0.      -1.       0.      -0.            0.
 
  2008          -1.      -0.      -0.       1.      -1.      -0.
                -0.       1.       0.      -0.       0.      -0.           -0.
 
  2009          -0.       0.      -0.       1.       0.      -0.
                 0.      -0.      -0.       0.       0.      -0.            0.
 
  2010          -0.      -1.       0.       0.      -0.       0.
                -0.       0.      -0.       0.       0.       0.           -0.
 
  2011          -0.       0.      -0.      -0.      -0.      -0.
                 0.       0.       0.       0.      -0.       0.           -0.
 
  2012          -0.       0.       0.       0.      -0.      -0.
                -0.       0.       0.       0.       0.      -0.           -0.
 
  2013           0.      -1.       0.      -0.      -0.       0.
                -0.       0.       0.      -0.      -0.       0.           -0.
 
  2014           1.       0.       0.      -0.      -1.      -0.
                 0.       0.      -0.      -0.      -0.       0.            0.
 
  2015           0.       0.       0.       0.      -0.      -1.
                 0.       0.      -0.       1.       0.      -0.            0.
 
  2016          -0.      -0.       0.       0.       0.      -0.
                -0.       0.      -0.      -0.      -0.      -0.            0.
 
  AVGE          -0.      -0.       0.       0.      -0.      -0.
                -0.       0.      -0.       0.       0.      -0.

  Table Total-          -1.   Mean-        -0.   Std. Dev.-         0.
                              Min -        -1.        Max -         1.
        ces_hours 35980            PAGE   8, SERIES ces_hours_additi

 D 8.B  Final unmodified SI ratios, with labels for outliers and extreme values
  From  2007.Jan to 2016.Dec
  Observations        120
 ---------------------------------------------------------------------
               Jan       Feb       Mar       Apr       May       Jun  
               Jul       Aug       Sep       Oct       Nov       Dec  
 ---------------------------------------------------------------------
  2007         -0.       -0.*      -0.        0.        0.        0.  
                0.        1.*      -0.       -1.*       0.       -0.  
 
  2008         -1.       -0.       -0.        1.*      -1.*      -0.  
               -0.        1.*       0.*      -0.        0.       -0.  
 
  2009         -0.        0.       -0.        1.*       0.       -0.  
                0.       -0.*      -0.        0.        0.       -0.  
 
  2010         -0.       -1.*       0.        0.       -0.        0.  
               -0.        0.       -0.        0.        0.        0.  
 
  2011         -0.        0.       -0.       -0.       -0.       -0.  
                0.        0.        0.        0.       -0.*       0.  
 
  2012         -0.        0.        0.        0.       -0.       -0.  
               -0.        0.        0.        0.        0.       -0.  
 
  2013          0.       -1.*       0.       -0.       -0.        0.* 
               -0.        0.        0.       -0.       -0.        0.  
 
  2014          1.*       0.        0.       -0.       -1.*      -0.  
                0.        0.       -0.       -0.       -0.        0.* 
 
  2015          0.        0.        0.        0.       -0.       -1.* 
                0.        0.       -0.*       1.*       0.       -0.  
 
  2016         -0.       -0.        0.        0.        0.*      -0.  
               -0.        0.       -0.       -0.       -0.       -0.  
 

  Key to symbols:
    *  : extreme value as determined by X-11 extreme value procedure
 
        ces_hours 35980            PAGE   9, SERIES ces_hours_additi

 D 9  Final replacement values for SI ratios
  From  2007.Jan to 2016.Dec
  Observations        120
 ---------------------------------------------------------------
               Jan      Feb      Mar      Apr      May      Jun 
               Jul      Aug      Sep      Oct      Nov      Dec 
 ---------------------------------------------------------------
  2007     ********      -0. ******** ******** ******** ********
           ********       0. ********      -0. ******** ********
 
  2008     ******** ******** ********       0.      -0. ********
           ********       1.       0. ******** ******** ********
 
  2009     ******** ******** ********       1. ******** ********
           ********      -0. ******** ******** ******** ********
 
  2010     ********      -0. ******** ******** ******** ********
           ******** ******** ******** ******** ******** ********
 
  2011     ******** ******** ******** ******** ******** ********
           ******** ******** ******** ********      -0. ********
 
  2012     ******** ******** ******** ******** ******** ********
           ******** ******** ******** ******** ******** ********
 
  2013     ********      -0. ******** ******** ********      -0.
           ******** ******** ******** ******** ******** ********
 
  2014           0. ******** ******** ********      -0. ********
           ******** ******** ******** ******** ********       0.
 
  2015     ******** ******** ******** ******** ********      -0.
           ******** ********      -0.      -0. ******** ********
 
  2016     ******** ******** ******** ********       0. ********
           ******** ******** ******** ******** ******** ********
 

 D 9.A  Moving seasonality ratio
 ---------------------------------------------------------------
               Jan      Feb      Mar      Apr      May      Jun 
 ---------------------------------------------------------------
   I          0.169    0.141    0.252    0.224    0.280    0.166
   S          0.055    0.032    0.064    0.040    0.052    0.025
 RATIO        3.084    4.364    3.970    5.657    5.406    6.508



 ---------------------------------------------------------------
               Jul      Aug      Sep      Oct      Nov      Dec 
 ---------------------------------------------------------------
   I          0.291    0.227    0.232    0.159    0.172    0.234
   S          0.038    0.029    0.034    0.036    0.036    0.036
 RATIO        7.686    7.911    6.835    4.414    4.731    6.447



        ces_hours 35980            PAGE  10, SERIES ces_hours_additi

 D 10  Final seasonal factors
  From  2007.Jan to 2016.Dec
  Observations        120
  Seasonal filter    3 x 5 moving average
 -----------------------------------------------------------------------------
               Jan      Feb      Mar      Apr      May      Jun 
               Jul      Aug      Sep      Oct      Nov      Dec         AVGE  
 -----------------------------------------------------------------------------
  2007          -0.      -0.      -0.       0.       0.      -0.
                 0.       0.      -0.       0.       0.      -0.            0.
 
  2008          -0.      -0.      -0.       0.       0.      -0.
                 0.       0.      -0.       0.       0.      -0.           -0.
 
  2009          -0.      -0.      -0.       0.       0.      -0.
                 0.       0.      -0.       0.       0.      -0.           -0.
 
  2010          -0.       0.      -0.       0.      -0.      -0.
                -0.       0.       0.       0.       0.      -0.           -0.
 
  2011          -0.       0.       0.       0.      -0.      -0.
                -0.       0.       0.       0.       0.       0.           -0.
 
  2012          -0.       0.       0.       0.      -0.      -0.
                -0.       0.      -0.       0.       0.       0.           -0.
 
  2013          -0.       0.       0.       0.      -0.      -0.
                -0.       0.      -0.       0.      -0.       0.           -0.
 
  2014           0.       0.       0.       0.      -0.      -0.
                -0.       0.      -0.      -0.      -0.      -0.           -0.
 
  2015           0.       0.       0.       0.      -0.      -0.
                -0.       0.      -0.      -0.      -0.      -0.           -0.
 
  2016           0.       0.       0.       0.      -0.      -0.
                -0.       0.      -0.      -0.      -0.      -0.           -0.
 
  AVGE          -0.       0.       0.       0.      -0.      -0.
                -0.       0.      -0.       0.       0.      -0.

  Table Total-          -0.   Mean-        -0.   Std. Dev.-         0.
                              Min -        -0.        Max -         0.

 D 10.A  Final seasonal component forecasts
  From  2017.Jan to 2017.Dec
  Observations         12
 -----------------------------------------------------------------------------
               Jan      Feb      Mar      Apr      May      Jun 
               Jul      Aug      Sep      Oct      Nov      Dec         AVGE  
 -----------------------------------------------------------------------------
  2017           0.       0.       0.       0.      -0.      -0.
                -0.       0.      -0.      -0.      -0.      -0.           -0.
 
        ces_hours 35980            PAGE  11, SERIES ces_hours_additi
  
 D 11  Final seasonally adjusted data
       (also adjusted for holiday)
  From  2007.Jan to 2016.Dec
  Observations        120
 -----------------------------------------------------------------------------
               Jan      Feb      Mar      Apr      May      Jun 
               Jul      Aug      Sep      Oct      Nov      Dec        TOTAL  
 -----------------------------------------------------------------------------
  2007          34.      33.      34.      33.      33.      33.
                33.      33.      32.      31.      32.      32.          393.
 
  2008          31.      31.      31.      32.      30.      31.
                31.      32.      32.      31.      31.      30.          374.
 
  2009          30.      31.      30.      31.      30.      30.
                30.      30.      30.      31.      31.      31.          365.
 
  2010          31.      30.      31.      31.      31.      31.
                31.      31.      31.      31.      31.      31.          372.
 
  2011          31.      31.      31.      30.      31.      31.
                31.      31.      31.      31.      31.      31.          371.
 
  2012          31.      32.      32.      32.      31.      32.
                32.      32.      33.      33.      33.      32.          384.
 
  2013          33.      32.      33.      33.      33.      34.
                33.      33.      34.      34.      34.      34.          399.
 
  2014          35.      34.      34.      34.      34.      34.
                35.      35.      34.      34.      35.      35.          413.
 
  2015          35.      34.      34.      34.      33.      33.
                33.      33.      32.      33.      32.      32.          397.
 
  2016          32.      32.      33.      33.      33.      33.
                32.      33.      33.      33.      33.      32.          390.
 
  AVGE          32.      32.      32.      32.      32.      32.
                32.      32.      32.      32.      32.      32.

  Table Total-        3859.   Mean-        32.   Std. Dev.-         1.
                              Min -        30.        Max -        35.
        ces_hours 35980            PAGE  12, SERIES ces_hours_additi

 D 12  Final trend cycle
  From  2007.Jan to 2016.Dec
  Observations        120
  Trend filter    13-term Henderson moving average
  I/C ratio        1.80
 -----------------------------------------------------------------------------
               Jan      Feb      Mar      Apr      May      Jun 
               Jul      Aug      Sep      Oct      Nov      Dec        TOTAL  
 -----------------------------------------------------------------------------
  2007          34.      34.      34.      33.      33.      33.
                33.      32.      32.      32.      32.      32.          393.
 
  2008          31.      31.      31.      31.      31.      31.
                31.      31.      31.      31.      31.      31.          375.
 
  2009          30.      30.      30.      30.      30.      30.
                30.      30.      30.      31.      31.      31.          365.
 
  2010          31.      31.      31.      31.      31.      31.
                31.      31.      31.      31.      31.      31.          373.
 
  2011          31.      31.      31.      31.      31.      31.
                31.      31.      31.      31.      31.      31.          371.
 
  2012          31.      32.      32.      32.      32.      32.
                32.      32.      32.      33.      33.      33.          384.
 
  2013          33.      33.      33.      33.      33.      33.
                33.      33.      34.      34.      34.      34.          399.
 
  2014          34.      34.      34.      34.      34.      34.
                34.      34.      35.      35.      35.      35.          412.
 
  2015          34.      34.      34.      34.      33.      33.
                33.      33.      32.      32.      32.      32.          397.
 
  2016          32.      32.      32.      33.      33.      33.
                33.      33.      33.      33.      33.      32.          390.
 
  AVGE          32.      32.      32.      32.      32.      32.
                32.      32.      32.      32.      32.      32.

  Table Total-        3859.   Mean-        32.   Std. Dev.-         1.
                              Min -        30.        Max -        35.
        ces_hours 35980            PAGE  13, SERIES ces_hours_additi

 D 13  Final irregular component
  From  2007.Jan to 2016.Dec
  Observations        120
 -----------------------------------------------------------------------------
               Jan      Feb      Mar      Apr      May      Jun 
               Jul      Aug      Sep      Oct      Nov      Dec         S.D.  
 -----------------------------------------------------------------------------
  2007           0.      -0.       0.      -0.       0.       0.
                -0.       1.      -0.      -1.       0.      -0.            0.
 
  2008          -0.       0.      -0.       0.      -1.      -0.
                -0.       0.       0.      -0.      -0.      -0.            0.
 
  2009           0.       0.      -0.       0.       0.      -0.
                 0.      -0.      -0.       0.       0.       0.            0.
 
  2010          -0.      -1.       0.      -0.      -0.       0.
                -0.      -0.      -0.      -0.       0.       0.            0.
 
  2011          -0.       0.      -0.      -0.       0.      -0.
                 0.      -0.       0.       0.      -0.       0.            0.
 
  2012           0.      -0.       0.       0.      -0.      -0.
                -0.       0.       0.       0.       0.      -0.            0.
 
  2013           0.      -1.      -0.      -0.       0.       1.
                -0.      -0.       0.      -0.      -0.       0.            0.
 
  2014           1.       0.       0.      -0.      -0.       0.
                 0.       0.      -0.      -0.      -0.       0.            0.
 
  2015           0.       0.       0.       0.      -0.      -0.
                 0.      -0.      -0.       1.       0.      -0.            0.
 
  2016          -0.      -0.       0.       0.       0.      -0.
                -0.       0.       0.       0.      -0.      -0.            0.
 
  S.D.           0.       0.       0.       0.       0.       0.
                 0.       0.       0.       0.       0.       0.

  Table Total-          -0.   Mean-        -0.   Std. Dev.-         0.
                              Min -        -1.        Max -         1.
        ces_hours 35980            PAGE  14, SERIES ces_hours_additi
  
 D 16  Combined adjustment factors
       (includes seasonal, holiday factors)
  From  2007.Jan to 2016.Dec
  Observations        120
 -----------------------------------------------------------------------------
               Jan      Feb      Mar      Apr      May      Jun 
               Jul      Aug      Sep      Oct      Nov      Dec         AVGE  
 -----------------------------------------------------------------------------
  2007          -0.      -0.      -0.       0.       0.      -0.
                 0.       0.      -0.       0.       0.      -0.            0.
 
  2008          -0.      -0.      -0.       0.       0.      -0.
                 0.       0.      -0.       0.       0.      -0.           -0.
 
  2009          -0.      -0.      -0.       0.       0.      -0.
                 0.       0.      -0.       0.       0.      -0.           -0.
 
  2010          -0.       0.      -0.       0.      -0.      -0.
                -0.       0.       0.       0.       0.      -0.           -0.
 
  2011          -0.       0.       0.      -0.      -0.      -0.
                -0.       0.       0.       0.       0.       0.           -0.
 
  2012          -0.       0.       0.       0.      -0.      -0.
                -0.       0.      -0.       0.       0.       0.           -0.
 
  2013          -0.       0.      -0.       0.      -0.      -0.
                -0.       0.      -0.       0.      -0.       0.           -0.
 
  2014           0.       0.       0.      -0.      -0.      -0.
                -0.       0.      -0.      -0.      -0.      -0.           -0.
 
  2015           0.       0.       0.       0.      -0.      -0.
                -0.       0.      -0.      -0.      -0.      -0.           -0.
 
  2016           0.       0.       0.       0.      -0.      -0.
                -0.       0.      -0.      -0.      -0.      -0.           -0.
 
  AVGE          -0.       0.       0.       0.      -0.      -0.
                -0.       0.      -0.       0.       0.      -0.

  Table Total-          -0.   Mean-        -0.   Std. Dev.-         0.
                              Min -        -0.        Max -         0.

 D 16.A  Combined adjustment component forecasts
  From  2017.Jan to 2017.Dec
  Observations         12
 -----------------------------------------------------------------------------
               Jan      Feb      Mar      Apr      May      Jun 
               Jul      Aug      Sep      Oct      Nov      Dec         AVGE  
 -----------------------------------------------------------------------------
  2017           0.       0.       0.      -0.      -0.      -0.
                -0.       0.      -0.      -0.      -0.      -0.           -0.
 
        ces_hours 35980            PAGE  15, SERIES ces_hours_additi
  
 D 18  Combined calendar adjustment factors
       (includes holiday factors)
  From  2007.Jan to 2016.Dec
  Observations        120
 -----------------------------------------------------------------------------
               Jan      Feb      Mar      Apr      May      Jun 
               Jul      Aug      Sep      Oct      Nov      Dec         AVGE  
 -----------------------------------------------------------------------------
  2007           0.       0.      -0.       0.       0.       0.
                 0.       0.       0.       0.       0.       0.            0.
 
  2008           0.       0.      -0.       0.       0.       0.
                 0.       0.       0.       0.       0.       0.            0.
 
  2009           0.       0.       0.      -0.       0.       0.
                 0.       0.       0.       0.       0.       0.            0.
 
  2010           0.       0.      -0.       0.       0.       0.
                 0.       0.       0.       0.       0.       0.           -0.
 
  2011           0.       0.       0.      -0.       0.       0.
                 0.       0.       0.       0.       0.       0.            0.
 
  2012           0.       0.      -0.       0.       0.       0.
                 0.       0.       0.       0.       0.       0.            0.
 
  2013           0.       0.      -0.       0.       0.       0.
                 0.       0.       0.       0.       0.       0.            0.
 
  2014           0.       0.       0.      -0.       0.       0.
                 0.       0.       0.       0.       0.       0.            0.
 
  2015           0.       0.      -0.       0.       0.       0.
                 0.       0.       0.       0.       0.       0.            0.
 
  2016           0.       0.      -0.       0.       0.       0.
                 0.       0.       0.       0.       0.       0.            0.
 
  AVGE           0.       0.      -0.       0.       0.       0.
                 0.       0.       0.       0.       0.       0.

  Table Total-           0.   Mean-         0.   Std. Dev.-         0.
                              Min -        -0.        Max -         0.

 D 18.A  Combined calendar adjustment component forecasts
  From  2017.Jan to 2017.Dec
  Observations         12
 -----------------------------------------------------------------------------
               Jan      Feb      Mar      Apr      May      Jun 
               Jul      Aug      Sep      Oct      Nov      Dec         AVGE  
 -----------------------------------------------------------------------------
  2017           0.       0.       0.      -0.       0.       0.
                 0.       0.       0.       0.       0.       0.            0.
 
        ces_hours 35980            PAGE  16, SERIES ces_hours_additi

 E 4  Differences of annual totals
  From          2007 to 2016
  Observations         10
 -----------------------------------
  Year       Unmodified     Modified
                  (D11)         (E2)
 -----------------------------------
  2007               0.           0.
 
  2008              -0.          -0.
 
  2009              -0.          -0.
 
  2010              -0.          -0.
 
  2011              -0.          -0.
 
  2012              -0.          -0.
 
  2013              -0.          -0.
 
  2014              -0.          -0.
 
  2015              -0.          -0.
 
  2016              -0.          -0.
 
        ces_hours 35980            PAGE  17, SERIES ces_hours_additi

 E 5  Month-to-month differences in the original series
  From  2007.Feb to 2016.Dec
  Observations        119
 -----------------------------------------------------------------------------
               Jan      Feb      Mar      Apr      May      Jun 
               Jul      Aug      Sep      Oct      Nov      Dec         AVGE  
 -----------------------------------------------------------------------------
  2007                   -1.       0.      -0.       0.      -0.
                -0.       0.      -1.      -1.       1.      -1.           -0.
 
  2008          -0.       0.      -0.       1.      -2.       1.
                -0.       1.      -0.      -1.       0.      -1.           -0.
 
  2009          -0.       0.      -0.       1.      -0.      -0.
                 1.      -0.       0.       1.       0.      -0.            0.
 
  2010          -0.      -0.       1.       0.      -0.       0.
                -0.       0.      -0.       0.       0.       0.            0.
 
  2011          -1.       1.      -0.      -0.       0.      -0.
                 1.      -0.       0.       0.      -0.       1.            0.
 
  2012          -0.       0.       0.       0.      -1.       0.
                 0.       1.       0.       0.      -0.      -0.            0.
 
  2013           0.      -1.       1.       1.      -0.       1.
                -0.       0.       0.       0.       0.       0.            0.
 
  2014           1.      -1.       1.      -1.      -0.       1.
                 0.       0.      -0.       0.       0.       0.            0.
 
  2015          -0.      -0.      -0.      -0.      -1.      -0.
                 0.      -0.      -0.       1.      -1.      -0.           -0.
 
  2016           0.       0.       0.       0.       0.      -0.
                -0.       0.      -0.      -0.       0.      -0.            0.
 
  AVGE          -0.      -0.       0.       0.      -0.       0.
                 0.       0.      -0.       0.       0.      -0.

  Table Total-          -1.   Mean-        -0.   Std. Dev.-         0.
                              Min -        -2.        Max -         1.
        ces_hours 35980            PAGE  18, SERIES ces_hours_additi

 E 6  Month-to-month differences in seasonally adjusted series (D11)
  From  2007.Feb to 2016.Dec
  Observations        119
 -----------------------------------------------------------------------------
               Jan      Feb      Mar      Apr      May      Jun 
               Jul      Aug      Sep      Oct      Nov      Dec         AVGE  
 -----------------------------------------------------------------------------
  2007                   -1.       0.      -1.       0.      -0.
                -0.       0.      -1.      -1.       1.      -0.           -0.
 
  2008          -0.       0.      -0.       1.      -1.       1.
                -0.       0.      -0.      -1.      -0.      -0.           -0.
 
  2009           0.       0.      -0.       1.      -0.      -0.
                 0.      -1.       0.       0.       0.       0.            0.
 
  2010          -0.      -0.       1.      -0.       0.       0.
                -0.      -0.       0.       0.       0.       0.            0.
 
  2011          -0.       0.      -0.      -0.       0.      -0.
                 1.      -0.       0.       0.      -0.       1.            0.
 
  2012           0.       0.       0.       0.      -0.       0.
                -0.       1.       0.       0.      -0.      -0.            0.
 
  2013           0.      -1.       1.       0.       0.       0.
                -1.       0.       0.      -0.       0.       0.            0.
 
  2014           1.      -1.       0.      -0.      -0.       0.
                 0.      -0.      -0.      -0.       0.       0.            0.
 
  2015          -0.      -0.      -0.      -0.      -0.      -1.
                 0.      -0.      -0.       1.      -1.      -0.           -0.
 
  2016           0.       0.       0.       0.       0.      -0.
                -0.       0.       0.      -0.      -0.      -0.            0.
 
  AVGE           0.      -0.       0.      -0.      -0.       0.
                -0.       0.      -0.      -0.      -0.       0.

  Table Total-          -2.   Mean-        -0.   Std. Dev.-         0.
                              Min -        -1.        Max -         1.
        ces_hours 35980            PAGE  19, SERIES ces_hours_additi

 E 7  Month-to-month differences in final trend cycle (D12)
  From  2007.Feb to 2016.Dec
  Observations        119
 -----------------------------------------------------------------------------
               Jan      Feb      Mar      Apr      May      Jun 
               Jul      Aug      Sep      Oct      Nov      Dec         AVGE  
 -----------------------------------------------------------------------------
  2007                   -0.      -0.      -0.      -0.      -0.
                -0.      -0.      -0.      -0.      -0.      -0.           -0.
 
  2008          -0.      -0.      -0.       0.       0.       0.
                 0.      -0.      -0.      -0.      -0.      -0.           -0.
 
  2009          -0.      -0.      -0.      -0.      -0.      -0.
                -0.       0.       0.       0.       0.       0.            0.
 
  2010           0.       0.       0.       0.       0.      -0.
                -0.      -0.      -0.       0.      -0.      -0.            0.
 
  2011          -0.      -0.      -0.      -0.       0.       0.
                 0.       0.       0.       0.       0.       0.            0.
 
  2012           0.       0.       0.       0.       0.       0.
                 0.       0.       0.       0.       0.       0.            0.
 
  2013           0.       0.       0.       0.       0.       0.
                 0.       0.       0.       0.       0.       0.            0.
 
  2014           0.       0.       0.       0.       0.       0.
                 0.       0.       0.       0.       0.      -0.            0.
 
  2015          -0.      -0.      -0.      -0.      -0.      -0.
                -0.      -0.      -0.      -0.      -0.      -0.           -0.
 
  2016           0.       0.       0.       0.       0.       0.
                 0.      -0.      -0.      -0.      -0.      -0.            0.
 
  AVGE           0.      -0.      -0.      -0.      -0.      -0.
                -0.      -0.      -0.      -0.      -0.      -0.

  Table Total-          -1.   Mean-        -0.   Std. Dev.-         0.
                              Min -        -0.        Max -         0.
        ces_hours 35980            PAGE  20, SERIES ces_hours_additi

 E 8  Month-to-month differences in original series adjusted for calendar factors (A18)
  From  2007.Feb to 2016.Dec
  Observations        119
 -----------------------------------------------------------------------------
               Jan      Feb      Mar      Apr      May      Jun 
               Jul      Aug      Sep      Oct      Nov      Dec         AVGE  
 -----------------------------------------------------------------------------
  2007                   -1.       0.      -0.       0.      -0.
                -0.       0.      -1.      -1.       1.      -1.           -0.
 
  2008          -0.       0.      -0.       1.      -2.       1.
                -0.       1.      -0.      -1.       0.      -1.           -0.
 
  2009          -0.       0.      -1.       1.      -1.      -0.
                 1.      -0.       0.       1.       0.      -0.            0.
 
  2010          -0.      -0.       1.      -0.      -0.       0.
                -0.       0.      -0.       0.       0.       0.            0.
 
  2011          -1.       1.      -0.      -0.       0.      -0.
                 1.      -0.       0.       0.      -0.       1.            0.
 
  2012          -0.       0.       0.       0.      -1.       0.
                 0.       1.       0.       0.      -0.      -0.            0.
 
  2013           0.      -1.       1.       0.       0.       1.
                -0.       0.       0.       0.       0.       0.            0.
 
  2014           1.      -1.       0.      -0.      -0.       1.
                 0.       0.      -0.       0.       0.       0.            0.
 
  2015          -0.      -0.      -0.      -1.      -1.      -0.
                 0.      -0.      -0.       1.      -1.      -0.           -0.
 
  2016           0.       0.       1.      -0.       0.      -0.
                -0.       0.      -0.      -0.       0.      -0.            0.
 
  AVGE          -0.      -0.       0.       0.      -0.       0.
                 0.       0.      -0.       0.       0.      -0.

  Table Total-          -1.   Mean-        -0.   Std. Dev.-         0.
                              Min -        -2.        Max -         1.
        ces_hours 35980            PAGE  21, SERIES ces_hours_additi

 E 18  Final adjustment ratios
  From  2007.Jan to 2016.Dec
  Observations        120
 -----------------------------------------------------------------------------
               Jan      Feb      Mar      Apr      May      Jun 
               Jul      Aug      Sep      Oct      Nov      Dec         AVGE  
 -----------------------------------------------------------------------------
  2007       99.001   99.628   99.415  100.924  100.372   99.891
            100.130  100.619   99.815  100.022  100.656   99.576       100.004
 
  2008       98.892   99.705   98.897  101.392  100.349   99.846
            100.148  100.578   99.835  100.066  100.592   99.687        99.999
 
  2009       98.830   99.928   99.913  100.458  100.092   99.726
            100.064  100.533   99.956  100.178  100.466   99.806        99.996
 
  2010       98.961  100.132   99.409  100.967   99.863   99.609
             99.990  100.383  100.042  100.285  100.304   99.954        99.991
 
  2011       99.185  100.248  100.653   99.802   99.545   99.569
             99.839  100.360  100.088  100.265  100.150  100.099        99.984
 
  2012       99.567  100.246  100.245  100.221   99.376   99.566
             99.827  100.342   99.998  100.166  100.012  100.162        99.977
 
  2013       99.874  100.193   99.984  100.672   99.273   99.615
             99.749  100.419   99.937  100.013   99.951  100.079        99.980
 
  2014      100.081  100.139  101.192   99.592   99.368   99.648
             99.766  100.357   99.827   99.885   99.937  100.000        99.983
 
  2015      100.160  100.098  100.532  100.449   99.465   99.696
             99.758  100.304   99.699   99.758   99.954   99.962        99.986
 
  2016      100.188  100.111  100.280  100.789   99.610   99.721
             99.830  100.191   99.622   99.714   99.952   99.921        99.994
 
  AVGE       99.474  100.043  100.052  100.527   99.731   99.689
             99.910  100.409   99.882  100.035  100.197   99.925

  Table Total-       11999.   Mean-       100.   Std. Dev.-         0.
                              Min -        99.        Max -       101.

 E 18.A  Final adjustment ratio forecasts
  From  2017.Jan to 2017.Dec
  Observations         12
 -----------------------------------------------------------------------------
               Jan      Feb      Mar      Apr      May      Jun 
               Jul      Aug      Sep      Oct      Nov      Dec         AVGE  
 -----------------------------------------------------------------------------
  2017      100.179  100.123  101.502   99.674   99.649   99.705
             99.836  100.146   99.597   99.735   99.981   99.841        99.997
 

  QS statistic for seasonality:
  Original Series                                     1.31  (P-Value =     0.5196)
  Original Series (EV adj)                            1.21  (P-Value =     0.5472)
  Residuals                                           0.98  (P-Value =     0.6118)
  Seasonally Adjusted Series                          0.00  (P-Value =     1.0000)
  Seasonally Adjusted Series (EV adj)                 0.00  (P-Value =     1.0000)
  Irregular Series                                    0.00  (P-Value =     1.0000)
  Irregular Series (EV adj)                           0.00  (P-Value =     1.0000)

  QS statistic for seasonality (starting 2009.Jan):
  Original Series                                     0.37  (P-Value =     0.8316)
  Original Series (EV adj)                            0.25  (P-Value =     0.8807)
  Residuals                                           0.31  (P-Value =     0.8551)
  Seasonally Adjusted Series                          0.00  (P-Value =     1.0000)
  Seasonally Adjusted Series (EV adj)                 0.00  (P-Value =     1.0000)
  Irregular Series                                    0.00  (P-Value =     1.0000)
  Irregular Series (EV adj)                           0.00  (P-Value =     1.0000)


 WARNING: Series should not be a candidate for seasonal adjustment
          because the spectrum of the prior adjusted series (Table B1)
          has no visually significant seasonal peaks.

          If this is a component series of an indirectly adjusted
          composite series, consider using type = trend or type = summary
          in the x11 spec.
        ces_hours 35980            PAGE  22, SERIES ces_hours_additi
 G 0  10*LOG(SPECTRUM) of the differenced Prior Adjusted Series
      (Table B1).  Spectrum estimated from 2009.Jan to 2016.Dec.
 ++++++++++I+++++++++++++++++++++++++++++++++++++++++++++++++++++++++++++I
      -2.27I                                                    T        I     -2.27
           I                 *                                  T        I
           I                 *                                  T        I
           I                 *                           *      T        I
      -3.29I                 *                           *   * *T        I     -3.29
           I                 *                           *   *S*T*       I
           I                 *                           *   *S*T*       I
           I                 *                           *  **S*T*       I
      -4.32I                 *                           *  **S*T*       I     -4.32
           I                 *                          *** **S*T*       I
           I                 *                     *    *** **S*T*       I
           I                 *                     *    ******S*T*       I
      -5.34I                 *                     *    ******S*T*       I     -5.34
           I                 *                     *    ******S*T*       I
           I                 *               *     *    ******S*T*       I
           I                 *               *     *    ******S*T*       I
      -6.37I                 *               *     *    ******S*T*       I     -6.37
           I                 *               *     *    ******S*T*       I
           I                 *               *     *    ******S*T*       I
           I                 *               *     *    ******S*T*       I
      -7.40I                 *   *           *    **    ******S*T*       I     -7.40
           I                 *   *           **   **    ******S*T**      I
           I                 *   *           **   **    ******S*T**      I
           I                 *   **         ***   **    ******S*T**      I
      -8.42I                 *   **       S ***   **    ******S*T**      I     -8.42
           I                 *   **       S****   **    ******S*T**      I
           I  **            ***  **       S****   **    ******S*T**      I
           I  **            ***  **       S****   **S  *******S*T**      I
      -9.45I  **            ***  **       S****   **S  *******S*T***     I     -9.45
           I  **            ***  **       S****   **S  *******S*T*** *   I
           I  **            ***  **       S****   **S  *******S*T*****   I
           I  **            ***  **       S****   **S  *******S*T******  I
     -10.47I ***            ***  **      *S****   **S  *******S*T******  I    -10.47
           I ***            *** S**      *S****   **S  *******S*T******  I
           I ***    *       *** S**      *S****   **S* *******S*T******  I
           I****    *       *** S**      *S*****  **S*T*******S*T******* I
     -11.50I****    *       *** S**      *S***** ***S*T*******S*T******* I    -11.50
           I****   **       ****S**      *S***** ***S*T*******S*T*******SI
           I*****  **       ****S***     *S***** ***S*T*******S*T*******SI
           I*****  **       ****S***     *S***** ***S*T*******S*T*******SI
     -12.53I*****  **       ****S***     *S***** ***S*T*******S*T*******SI    -12.53
           I*****  **      *****S***     *S*********S*T*******S*T*******SI
           I*****  **    * *****S***     *S*********S*T*******S*T*******SI
           I*****  **    * *****S***    **S*********S*T*******S*T*******SI
     -13.55I*****  **    *******S***    **S*********S*T*******S*T*******SI    -13.55
           I**********  ********S****   **S*********S*T*******S*T*******SI
           I**********  ********S****   **S*********S*T*******S*T*******SI
           I**********  ********S****   **S*********S*T*******S*T*******SI
     -14.58I**********  ********S***** ***S*********S*T*******S*T*******SI    -14.58
           I**********  ********S***** ***S*********S*T*******S*T*******SI
           I**********  ********S*********S*********S*T*******S*T*******SI
           I**********  ********S*********S*********S*T*******S*T*******SI
     -15.60I**********S*********S*********S*********S*T*******S*T*******SI    -15.60
 ++++++++++I+++++++++++++++++++++++++++++++++++++++++++++++++++++++++++++I
            S=SEASONAL FREQUENCIES, T=TRADING DAY FREQUENCIES
        ces_hours 35980            PAGE  23, SERIES ces_hours_additi
 G 1  10*LOG(SPECTRUM) of the differenced seasonally adjusted 
      data (Table E2).  Spectrum estimated from 2009.Jan to 2016.Dec.
 ++++++++++I+++++++++++++++++++++++++++++++++++++++++++++++++++++++++++++I
      -4.40I                                             *               I     -4.40
           I                                             *               I
           I                                             *               I
           I                                             *               I
      -5.47I                 *                           *               I     -5.47
           I                 *                           *               I
           I                 *                           *  *            I
           I                 *                   *       *  *            I
      -6.53I                 *                   *      **  *    *       I     -6.53
           I                 *                   *      **  *    *       I
           I                 *                   *      **  *    *       I
           I                 *                   *      **  *    *       I
      -7.59I                 *                   *      **  **   *       I     -7.59
           I                 *                   *      **  **   *       I
           I                 *                   *      *** **   *       I
           I                 *                   *      *** **   *       I
      -8.65I                 *                   *      ******   *       I     -8.65
           I                 *                  **      ******   *       I
           I  **             *         *        **      ******   *       I
           I  **             *         *        **      ******   **      I
      -9.71I  **             *         *        **      ******   **      I     -9.71
           I  **             *         **   **  **      ******   **      I
           I  **             *         **   **  **      ******   **      I
           I  **   *         *         **   **  **      ******   **      I
     -10.77I ***  **         *         **   **  **     *******   **      I    -10.77
           I **** **         *         **   **  **     *******   **      I
           I **** **         *         **   **  **     *******   **      I
           I***** **         *         **   **  **     *******   **      I
     -11.83I********         *         **   **  **     *******   **      I    -11.83
           I********         *         **   **  **     *******   **   *  I
           I********        **         **   **  ***    *******S T**   *  I
           I********        **         **   **  ***   T*******S T**   *  I
     -12.89I********        **         **   **  ***   T*******S T**   ** I    -12.89
           I********        **         **   ** ****   T*******S T**   ** I
           I********        ***    *   **   *******   T*******S T**   ** I
           I********        ***    *   **   *******   T*******S*T**   **SI
     -13.95I********        ***   **   **   *******  *T*******S*T*** ***SI    -13.95
           I********        ***   **   **   *******  *T*******S*T*** ***SI
           I*********       ***   **   **   *******  *T*******S*T*** ***SI
           I*********   *   ***   **  ***  ********  *T*******S*T*** ***SI
     -15.01I*********   **  ***   **  ***  *********S*T*******S*T*******SI    -15.01
           I*********   **  ***   **  **** *********S*T*******S*T*******SI
           I*********   **  ***   **  **** *********S*T*******S*T*******SI
           I*********   **  ***   *** **** *********S*T*******S*T*******SI
     -16.07I*********   ** ****   *** **** *********S*T*******S*T*******SI    -16.07
           I*********   *******   *** **** *********S*T*******S*T*******SI
           I*********   *******   *** ****S*********S*T*******S*T*******SI
           I*********  ********  *********S*********S*T*******S*T*******SI
     -17.13I*********  ********  *********S*********S*T*******S*T*******SI    -17.13
           I********** ********* *********S*********S*T*******S*T*******SI
           I********** ********* *********S*********S*T*******S*T*******SI
           I********** ********* *********S*********S*T*******S*T*******SI
     -18.20I**********S*********S*********S*********S*T*******S*T*******SI    -18.20
 ++++++++++I+++++++++++++++++++++++++++++++++++++++++++++++++++++++++++++I
            S=SEASONAL FREQUENCIES, T=TRADING DAY FREQUENCIES
        ces_hours 35980            PAGE  24, SERIES ces_hours_additi
 G 2  10*LOG(SPECTRUM) of the Modified Irregular (Table E3).  
      Spectrum estimated from 2009.Jan to 2016.Dec.
 ++++++++++I+++++++++++++++++++++++++++++++++++++++++++++++++++++++++++++I
      -6.80I                 *                                           I     -6.80
           I                 *                                           I
           I                 *                                           I
           I                 *                                           I
      -8.58I                 *                                           I     -8.58
           I                 *                                           I
           I                 *                                           I
           I                 *                           *               I
     -10.37I                 *                           *               I    -10.37
           I                 *                   *       *               I
           I                 *                   *       *               I
           I                 *         *         *       *  *            I
     -12.15I                 *         **        *      **  *            I    -12.15
           I                 *         **        *      **  *    *       I
           I                 *         **        *      **  **   *       I
           I                 *         **       **      *** **   *       I
     -13.93I                 *         **   **  **      *** **   *       I    -13.93
           I                **         **   **  **      ******   *       I
           I                **         **   **  **      ******   *       I
           I                ***   **   **   **  **      ******   **      I
     -15.71I                ***   **   **   **  **      ******   **      I    -15.71
           I                ***   **   **   **  **     *******   **      I
           I             *  ***   **   **   **  **     *******   **      I
           I             *  ***   **  ***   *** ***    *******   **      I
     -17.50I       *     *  ***   *** ****  *******    *******   **      I    -17.50
           I       *     *  ***  **** **** ********   T*******S  **   *  I
           I       *     *  ***  ********* ********   T*******S T**   *  I
           I       *    ******** ********* ********   T*******S T**   ** I
     -19.28I       *    ********S*********S********  *T*******S T**   ** I    -19.28
           I   *   *    ********S*********S********* *T*******S*T**  *** I
           I   *   *    ********S*********S*********S*T*******S*T*** ***SI
           I   *   **   ********S*********S*********S*T*******S*T*** ***SI
     -21.06I   *   **   ********S*********S*********S*T*******S*T*** ***SI    -21.06
           I   *   **   ********S*********S*********S*T*******S*T*******SI
           I   *   **   ********S*********S*********S*T*******S*T*******SI
           I   *   **   ********S*********S*********S*T*******S*T*******SI
     -22.84I   ** ***   ********S*********S*********S*T*******S*T*******SI    -22.84
           I   ** ***  *********S*********S*********S*T*******S*T*******SI
           I   ** ***  *********S*********S*********S*T*******S*T*******SI
           I   ** ***  *********S*********S*********S*T*******S*T*******SI
     -24.63I   ******* *********S*********S*********S*T*******S*T*******SI    -24.63
           I  ********S*********S*********S*********S*T*******S*T*******SI
           I  ********S*********S*********S*********S*T*******S*T*******SI
           I  ********S*********S*********S*********S*T*******S*T*******SI
     -26.41I  ********S*********S*********S*********S*T*******S*T*******SI    -26.41
           I  ********S*********S*********S*********S*T*******S*T*******SI
           I  ********S*********S*********S*********S*T*******S*T*******SI
           I  ********S*********S*********S*********S*T*******S*T*******SI
     -28.19I  ********S*********S*********S*********S*T*******S*T*******SI    -28.19
           I  ********S*********S*********S*********S*T*******S*T*******SI
           I *********S*********S*********S*********S*T*******S*T*******SI
           I *********S*********S*********S*********S*T*******S*T*******SI
     -29.98I**********S*********S*********S*********S*T*******S*T*******SI    -29.98
 ++++++++++I+++++++++++++++++++++++++++++++++++++++++++++++++++++++++++++I
            S=SEASONAL FREQUENCIES, T=TRADING DAY FREQUENCIES
        ces_hours 35980            PAGE  25, SERIES ces_hours_additi

  Peak probabilities for Tukey spectrum estimator
  Spectrum estimated from 2009.Jan to 2016.Dec.

                                          S1       S2       S3       S4       S5       S6       TD
                                        ------   ------   ------   ------   ------   ------   ------
  Model Residuals                        0.117    0.163    0.922*   0.509    0.157    0.408    0.616  
  Prior Adjusted Series (Table B1)       0.065    0.262    0.424    0.699    0.517    0.478    0.211  
  Seasonally adjusted series (E2)        0.242    0.025    0.139    0.070    0.087    0.573    0.201  
  Modified Irregular (E3)                0.141    0.021    0.157    0.070    0.089    0.568    0.202  
  ----------
     ** - Peak Probability > 0.99,
      * - 0.90 < Peak Probability < 0.99


