  Reading input spec file from D:\Programming\Dynamic Paper-dlrhcs_replication\outputs\empirical\unemployment\raw_sa_pilot\x13_work\ces_hours_log_additive_36980_200701_201612.spc

1

               U. S. Department of Commerce, U. S. Census Bureau

              X-13ARIMA-SEATS monthly seasonal adjustment Method,
                          Release Version 1.1 Build 62


           This software application provides an enhanced version of
             Statistics Canada's X-11-ARIMA extension (Dagum, 1980)
                 of the X-11 variant of the Census Method II of
                      Shiskin, Young and Musgrave (1967).

            It also provides an ARIMA model-based method following
       Hillmer and Tiao (1982) and Burman (1980) that is very similar
       to the update of the method of SEATS (Gomez and Maravall, 1996)
                produced at the Bank of Spain by G. Caporello and
               A. Maravall for TSW (Caporello and Maravall, 2004).
          The present application includes additional enhancements.

         X-13ARIMA-SEATS includes an automatic ARIMA model selection procedure
          based largely on the procedure of Gomez and Maravall (1998)
            as implemented in TRAMO (1996) and subsequent revisions.

              Primary Programmers: Brian Monsell, Mark Otto and,
                 for the ARIMA model-based signal extraction,
                      Gianluca Caporello and Victor Gomez


     Series Title- ces_hours 36980
     Series Name- ces_hours_log_ad
     Jul 29, 2026  08.42.59 

        -Period covered-  1st month,2007 to 12th month,2016
        -Type of run - additive seasonal adjustment

        -Sigma limits for graduating extreme values are  1.5 and  2.5 .
        -3x3 moving average used in section 1 of each iteration, 
         3x5 moving average in section 2 of iterations B and C,
         moving average for final seasonal factors chosen by Global MSR.
        -Holiday adjustment factors applied directly to the final seasonally adjusted series
        -Spectral plots generated for selected series
        -Spectral plots generated for series starting in 2009.Jan

 FILE SAVE REQUESTS (* indicates file exists and will be overwritten)
  D:\Programming\Dynamic Paper-dlrhcs_replication\outputs\empirical\unemployment\raw_sa_pilot\x13_work\ces_hours_log_additive_36980_200701_201612.d10  final seasonal factors
  D:\Programming\Dynamic Paper-dlrhcs_replication\outputs\empirical\unemployment\raw_sa_pilot\x13_work\ces_hours_log_additive_36980_200701_201612.d11  final seasonally adjusted data
  D:\Programming\Dynamic Paper-dlrhcs_replication\outputs\empirical\unemployment\raw_sa_pilot\x13_work\ces_hours_log_additive_36980_200701_201612.out  program output file
  D:\Programming\Dynamic Paper-dlrhcs_replication\outputs\empirical\unemployment\raw_sa_pilot\x13_work\ces_hours_log_additive_36980_200701_201612.err  program error file
        ces_hours 36980            PAGE   1, SERIES ces_hours_log_ad

     Contents of spc file D:\Programming\Dynamic Paper-dlrhcs_replication\outputs\empirical\unemployment\raw_sa_pilot\x13_work\ces_hours_log_additive_36980_200701_201612.spc

 Line #
 ------
      1: series {
      2:   title = "ces_hours 36980"
      3:   start = 2007.1
      4:   period = 12
      5:   data = (
      6: 33.1
      7: 33.6
      8: 35
      9: 33.9
     10: 34.8
     11: 33.6
     12: 33.8
     13: 33
     14: 34.2
     15: 32.2
     16: 33.2
     17: 34.3
     18: 34
     19: 34
     20: 33.9
     21: 34
     22: 34.1
     23: 34.5
     24: 34.5
     25: 34.3
     26: 34.5
     27: 34.1
     28: 34.3
     29: 34.6
     30: 35.3
     31: 34.1
     32: 34.3
     33: 33.1
     34: 33.6
     35: 33.3
     36: 32.9
     37: 34.6
     38: 33.9
     39: 34.1
     40: 34.6
     41: 34.3
     42: 34.7
     43: 34.2
     44: 34.4
     45: 34.8
     46: 34.8
     47: 35
     48: 34.6
     49: 35.5
     50: 34.1
     51: 34.5
     52: 34
     53: 33.9
     54: 34.1
     55: 33.4
     56: 33.5
     57: 34
     58: 34.6
     59: 34.4
     60: 33.7
     61: 34.8
     62: 34.7
     63: 36.2
     64: 35.3
     65: 34.7
     66: 35.3
     67: 34.8
     68: 34.6
     69: 36.5
     70: 34.8
     71: 35.7
     72: 35.4
     73: 34.6
     74: 34.5
     75: 34.9
     76: 34.9
     77: 34.9
     78: 35.3
     79: 35
     80: 36.2
     81: 36
     82: 35.8
     83: 36.5
     84: 35.8
     85: 36.6
     86: 36
     87: 36.3
     88: 36.3
     89: 36.6
     90: 36.2
     91: 37.7
     92: 38.9
     93: 37.1
     94: 36.8
     95: 37.4
     96: 34.3
     97: 36.8
     98: 36.7
     99: 37.3
    100: 37.6
    101: 38.5
    102: 37.2
    103: 35.3
    104: 36
    105: 35.9
    106: 36
    107: 36.1
    108: 38.1
    109: 37.2
    110: 36.6
    111: 38.4
    112: 38.5
    113: 39.2
    114: 37.1
    115: 35.8
    116: 37.1
    117: 37.8
    118: 38.8
    119: 39.6
    120: 37.9
    121: 37.2
    122: 35.9
    123: 37.8
    124: 37.9
    125: 37.9
    126:   )
    127: }
    128: transform { function = log }
    129: regression { aictest = (td easter) }
    130: automdl {}
    131: x11 { mode = add save = (d10 d11) }
        ces_hours 36980            PAGE   2, SERIES ces_hours_log_ad

 A 1  Time series data (for the span analyzed)
  From  2007.Jan to 2016.Dec
  Observations        120
 -----------------------------------------------------------------------------
               Jan      Feb      Mar      Apr      May      Jun 
               Jul      Aug      Sep      Oct      Nov      Dec        TOTAL  
 -----------------------------------------------------------------------------
  2007          33.      34.      35.      34.      35.      34.
                34.      33.      34.      32.      33.      34.          405.
 
  2008          34.      34.      34.      34.      34.      35.
                35.      34.      35.      34.      34.      35.          411.
 
  2009          35.      34.      34.      33.      34.      33.
                33.      35.      34.      34.      35.      34.          408.
 
  2010          35.      34.      34.      35.      35.      35.
                35.      36.      34.      35.      34.      34.          415.
 
  2011          34.      33.      34.      34.      35.      34.
                34.      35.      35.      36.      35.      35.          413.
 
  2012          35.      35.      35.      37.      35.      36.
                35.      35.      35.      35.      35.      35.          421.
 
  2013          35.      35.      36.      36.      36.      37.
                36.      37.      36.      36.      36.      37.          432.
 
  2014          36.      38.      39.      37.      37.      37.
                34.      37.      37.      37.      38.      39.          445.
 
  2015          37.      35.      36.      36.      36.      36.
                38.      37.      37.      38.      39.      39.          445.
 
  2016          37.      36.      37.      38.      39.      40.
                38.      37.      36.      38.      38.      38.          451.
 
  AVGE          35.      35.      35.      35.      35.      36.
                35.      35.      35.      36.      36.      36.

  Table Total-        4245.   Mean-        35.   Std. Dev.-         2.
                              Min -        32.        Max -        40.
        ces_hours 36980            PAGE   3, SERIES ces_hours_log_ad
                        Automatic ARIMA Model Selection

                    Procedure based closely on TRAMO method 
                         of Gomez and Maravall (2000)
              "Automatic Modeling Methods for Univariate Series",
                            A Course in Time Series
                  (Edited by D. Pena, G. C. Tiao, R. S. Tsay),
                         New York : J. Wiley and Sons


     Maximum order for regular ARMA parameters :   2
     Maximum order for seasonal ARMA parameters :   1
     Maximum order for regular differencing :   2
     Maximum order for seasonal differencing :   1

   Results of Unit Root Test for identifying orders of differencing:
     Regular difference order :   1
     Seasonal difference order :   0

     Mean is significant.

  Automatic model choice : (1 1 1)


  Final Checks for Identified Model


  Checking for Unit Roots.
   No unit roots found.

  Checking for nonseasonal overdifferencing.
   Nonseasonal MA not within  0.001 of 1.0 - model passes test.

  Checking for insignificant ARMA coefficients.

  Final automatic model choice : (1 1 1)
   End of automatic model selection procedure.

 Average absolute percentage error in within-sample forecasts:
  Last year:   2.11      Last-1 year:   2.81     Last-2 year:   3.07
  Last three years:    2.66

 Estimation converged in   13 ARMA iterations,   58 function evaluations.

 Regression Model
 ------------------------------------------------------------------------------
                             Parameter        Standard
 Variable                     Estimate           Error      t-value
 ------------------------------------------------------------------------------
 Constant                       0.0010         0.00021         4.86
 ------------------------------------------------------------------------------


 ARIMA Model:  (1 1 1)
   Nonseasonal differences: 1
                                              Standard
 Parameter                    Estimate          Errors
 -----------------------------------------------------
 Nonseasonal AR                                    
   Lag  1                       0.3561         0.09452

 Nonseasonal MA                                    
   Lag  1                       0.9416         0.03236

 Variance                       0.48405E-03
 SE of Var                      0.62752E-04
 -----------------------------------------------------

 Likelihood Statistics
 ------------------------------------------------------------------
 Number of observations (nobs)                                  120
 Effective number of observations (nefobs)                      119
 Number of parameters estimated (np)                              4
 Log likelihood                                            284.5815
 Transformation Adjustment                                -424.3160
 Adjusted Log likelihood (L)                              -139.7346
 AIC                                                       287.4691 
 AICC (F-corrected-AIC)                                    287.8200 
 Hannan Quinn                                              291.9832 
 BIC                                                       298.5856 
 ------------------------------------------------------------------

 QS Statistic for regARIMA Model Residuals (full series):             0.57
                                                       (P-Value =     0.7509)

 QS Statistic for regARIMA Model Residuals (starting 2009.Jan):       0.89
                                                       (P-Value =     0.6413)
      10*LOG(SPECTRUM) of the regARIMA model residuals
      Spectrum estimated from 2009.Jan to 2016.Dec.
 ++++++++++I+++++++++++++++++++++++++++++++++++++++++++++++++++++++++++++I
     -27.16I                                                  S          I    -27.16
           I                                                  S          I
           I                                                  S          I
           I             *                                    S          I
     -28.21I             *                                    S          I    -28.21
           I      *      *                                    S          I
           I      *      *                                    S*        SI
           I      *      *                                    S*        SI
     -29.27I      *     **     *                              S*        SI    -29.27
           I      *     **     *                      T       S*        SI
           I      *     **     *                      T       S*        SI
           I      *     **     *                      T       S*        SI
     -30.32I      *     **     *                      T       S*        SI    -30.32
           I      *     **     *                      T       S*        SI
           I*     *     **     *                      T       S*        SI
           I*     *     **     *S                     T*      S*        SI
     -31.38I*     *     ***   **S                     T*      S*        SI    -31.38
           I*    **     ***   **S                **   T*  *   S*        SI
           I*    **     ***   **S                **   T*  *   S*        SI
           I**   **     ***   **S                **   T*  *   S*        SI
     -32.43I**   **     ***   **S *          *   **   T*  *   S*   *    SI    -32.43
           I**   **     ***   **S**          *   **   T*  *   S*   *    SI
           I**   **     ***   **S***         *   **   T*  *   S*   *    SI
           I**   **     ****  **S***         **  **   T*  *   S*   *    SI
     -33.49I**   **     **** ***S***         **  **   T*  *   S*   *    SI    -33.49
           I**   **     **** ***S***         **  **   T* **   S*   *    SI
           I**   **     ********S***         **  **   T* **   S*   *    SI
           I**   **     ********S***         **  **   T* ***  S*   **  *SI
     -34.54I***  **     ********S***         **  **   T* *** *S*   **  *SI    -34.54
           I***  **     ********S***         **  **  *T***** *S*   **  *SI
           I***  **     ********S***         ** ***  *T***** *S*   **  *SI
           I***  **     ********S***        *** ***  *T***** *S*   **  *SI
     -35.60I***  **    *********S***        ******** *T***** *S*   **  *SI    -35.60
           I*** ***    *********S***     *  ******** *T***** *S*   **  *SI
           I*** ***    *********S***     *S ******** *T*******S*T  **  *SI
           I********   *********S***     *S ********S*T*******S*T ***  *SI
     -36.65I********   *********S****    *S ********S*T*******S*T ***  *SI    -36.65
           I********   *********S****    *S*********S*T*******S*T ***  *SI
           I********   *********S****    *S*********S*T*******S*T ***  *SI
           I********   *********S****    *S*********S*T*******S*T ******SI
     -37.71I********   *********S****    *S*********S*T*******S*T ******SI    -37.71
           I********   *********S****    *S*********S*T*******S*T ******SI
           I********   *********S****    *S*********S*T*******S*T*******SI
           I********   *********S****   **S*********S*T*******S*T*******SI
     -38.76I********   *********S****   **S*********S*T*******S*T*******SI    -38.76
           I********   *********S****   **S*********S*T*******S*T*******SI
           I********  S*********S****   **S*********S*T*******S*T*******SI
           I********  S*********S*****  **S*********S*T*******S*T*******SI
     -39.82I********  S*********S*****  **S*********S*T*******S*T*******SI    -39.82
           I********* S*********S*****  **S*********S*T*******S*T*******SI
           I********* S*********S*****  **S*********S*T*******S*T*******SI
           I********* S*********S***** ***S*********S*T*******S*T*******SI
     -40.87I**********S*********S*********S*********S*T*******S*T*******SI    -40.87
 ++++++++++I+++++++++++++++++++++++++++++++++++++++++++++++++++++++++++++I
            S=SEASONAL FREQUENCIES, T=TRADING DAY FREQUENCIES


 FORECASTING
  Origin  2016.Dec
  Number        12

  Forecasts and Standard Errors of the Transformed Data
   ------------------------------
                         Standard
       Date   Forecast      Error
   ------------------------------
   2017.Jan       3.63      0.022
   2017.Feb       3.64      0.024
   2017.Mar       3.64      0.025
   2017.Apr       3.64      0.025
   2017.May       3.64      0.025
   2017.Jun       3.64      0.025
   2017.Jul       3.64      0.025
   2017.Aug       3.64      0.025
   2017.Sep       3.64      0.025
   2017.Oct       3.64      0.026
   2017.Nov       3.64      0.026
   2017.Dec       3.65      0.026
   ------------------------------

  Confidence intervals with coverage probability ( 0.95000
  On the Original Scale
   ---------------------------------------
       Date      Lower  Forecast     Upper
   ---------------------------------------
   2017.Jan      36.28     37.88     39.56
   2017.Feb      36.16     37.90     39.73
   2017.Mar      36.15     37.94     39.80
   2017.Apr      36.17     37.97     39.86
   2017.May      36.20     38.01     39.91
   2017.Jun      36.23     38.05     39.96
   2017.Jul      36.26     38.09     40.01
   2017.Aug      36.28     38.13     40.06
   2017.Sep      36.31     38.17     40.12
   2017.Oct      36.34     38.21     40.17
   2017.Nov      36.37     38.25     40.22
   2017.Dec      36.40     38.29     40.27
   ---------------------------------------
        ces_hours 36980            PAGE   4, SERIES ces_hours_log_ad

 B 1  Original series (prior adjusted)
  From  2007.Jan to 2016.Dec
  Observations        120
 -----------------------------------------------------------------------------
               Jan      Feb      Mar      Apr      May      Jun 
               Jul      Aug      Sep      Oct      Nov      Dec        TOTAL  
 -----------------------------------------------------------------------------
  2007          33.      34.      35.      34.      35.      34.
                34.      33.      34.      32.      33.      34.          405.
 
  2008          34.      34.      34.      34.      34.      35.
                35.      34.      35.      34.      34.      35.          411.
 
  2009          35.      34.      34.      33.      34.      33.
                33.      35.      34.      34.      35.      34.          408.
 
  2010          35.      34.      34.      35.      35.      35.
                35.      36.      34.      35.      34.      34.          415.
 
  2011          34.      33.      34.      34.      35.      34.
                34.      35.      35.      36.      35.      35.          413.
 
  2012          35.      35.      35.      37.      35.      36.
                35.      35.      35.      35.      35.      35.          421.
 
  2013          35.      35.      36.      36.      36.      37.
                36.      37.      36.      36.      36.      37.          432.
 
  2014          36.      38.      39.      37.      37.      37.
                34.      37.      37.      37.      38.      39.          445.
 
  2015          37.      35.      36.      36.      36.      36.
                38.      37.      37.      38.      39.      39.          444.
 
  2016          37.      36.      37.      38.      39.      40.
                38.      37.      36.      38.      38.      38.          451.
 
  AVGE          35.      35.      35.      35.      35.      36.
                35.      35.      35.      36.      36.      36.

  Table Total-        4245.   Mean-        35.   Std. Dev.-         2.
                              Min -        32.        Max -        40.

 B 1.A  Forecasts of (prior adjusted) original series
  From  2017.Jan to 2017.Dec
  Observations         12
 -----------------------------------------------------------------------------
               Jan      Feb      Mar      Apr      May      Jun 
               Jul      Aug      Sep      Oct      Nov      Dec        TOTAL  
 -----------------------------------------------------------------------------
  2017          38.      38.      38.      38.      38.      38.
                38.      38.      38.      38.      38.      38.          457.
 
        ces_hours 36980            PAGE   5, SERIES ces_hours_log_ad

 C 17  Final weights for irregular component
  From  2007.Jan to 2016.Dec
  Observations        120
  Lower sigma limit    1.50
  Upper sigma limit    2.50
 -----------------------------------------------------------------------------
               Jan      Feb      Mar      Apr      May      Jun 
               Jul      Aug      Sep      Oct      Nov      Dec         S.D.  
 -----------------------------------------------------------------------------
  2007           0.     100.      10.     100.     100.     100.
               100.      42.       2.       0.     100.      73.           35.
 
  2008         100.     100.     100.     100.     100.     100.
               100.     100.     100.     100.     100.     100.           35.
 
  2009         100.     100.     100.     100.     100.     100.
               100.      84.     100.     100.     100.     100.           35.
 
  2010         100.     100.     100.     100.     100.     100.
               100.      59.     100.     100.     100.     100.           28.
 
  2011         100.     100.     100.     100.       0.     100.
               100.     100.     100.       0.     100.      87.           29.
 
  2012         100.     100.     100.       0.     100.     100.
                16.      92.     100.     100.     100.     100.           33.
 
  2013         100.     100.     100.     100.     100.     100.
               100.     100.     100.     100.     100.     100.           39.
 
  2014          93.      20.       0.     100.     100.     100.
                 0.     100.     100.     100.     100.      44.           46.
 
  2015         100.     100.     100.     100.     100.      94.
                 0.     100.     100.     100.     100.      21.           45.
 
  2016         100.       0.     100.     100.     100.       8.
               100.     100.      40.     100.     100.     100.           45.
 
        ces_hours 36980            PAGE   6, SERIES ces_hours_log_ad

 D 8  Final unmodified SI ratios
  From  2007.Jan to 2016.Dec
  Observations        120
 -----------------------------------------------------------------------------
               Jan      Feb      Mar      Apr      May      Jun 
               Jul      Aug      Sep      Oct      Nov      Dec         AVGE  
 -----------------------------------------------------------------------------
  2007          -1.      -0.       1.      -0.       1.      -0.
                -0.      -1.       1.      -1.      -0.       1.           -0.
 
  2008           0.       0.      -0.      -0.      -0.       0.
                 0.      -0.       0.      -0.      -0.       0.           -0.
 
  2009           1.      -0.       0.      -1.      -0.      -0.
                -1.       1.      -0.      -0.       0.      -0.            0.
 
  2010           0.      -0.      -0.       0.      -0.       0.
                -0.       1.      -0.       0.      -0.       0.            0.
 
  2011           0.      -0.      -0.       0.       1.       0.
                -1.       0.      -0.       1.       0.      -0.            0.
 
  2012           0.      -0.      -0.       2.      -0.       1.
                 1.      -0.      -0.       0.       0.      -0.            0.
 
  2013           0.      -0.       0.       0.      -0.       0.
                -0.       0.      -0.       0.       0.       0.            0.
 
  2014          -0.       1.       2.       0.      -0.       0.
                -3.      -0.      -0.       0.       0.       2.            0.
 
  2015           0.      -1.      -0.      -0.      -0.      -0.
                 1.       0.      -1.       1.       1.       2.            0.
 
  2016          -0.      -2.      -1.      -0.       1.       1.
                -0.      -0.      -1.       1.       1.       0.           -0.
 
  AVGE           0.      -0.       0.       0.       0.       0.
                -0.       0.      -0.       0.       0.       0.

  Table Total-           6.   Mean-         0.   Std. Dev.-         1.
                              Min -        -3.        Max -         2.
        ces_hours 36980            PAGE   7, SERIES ces_hours_log_ad

 D 8.B  Final unmodified SI ratios, with labels for outliers and extreme values
  From  2007.Jan to 2016.Dec
  Observations        120
 ---------------------------------------------------------------------
               Jan       Feb       Mar       Apr       May       Jun  
               Jul       Aug       Sep       Oct       Nov       Dec  
 ---------------------------------------------------------------------
  2007         -1.*      -0.        1.*      -0.        1.*      -0.  
               -0.       -1.*       1.*      -1.*      -0.        1.* 
 
  2008          0.        0.       -0.       -0.       -0.        0.  
                0.       -0.        0.       -0.       -0.        0.  
 
  2009          1.       -0.        0.       -1.       -0.       -0.  
               -1.        1.*      -0.       -0.        0.       -0.  
 
  2010          0.       -0.       -0.        0.       -0.        0.  
               -0.        1.*      -0.        0.       -0.        0.  
 
  2011          0.       -0.       -0.        0.        1.*       0.  
               -1.        0.       -0.        1.*       0.       -0.* 
 
  2012          0.       -0.       -0.        2.*      -0.        1.  
                1.*      -0.*      -0.        0.        0.       -0.  
 
  2013          0.       -0.        0.        0.       -0.        0.  
               -0.        0.       -0.        0.        0.        0.  
 
  2014         -0.*       1.*       2.*       0.       -0.        0.  
               -3.*      -0.       -0.        0.        0.        2.* 
 
  2015          0.       -1.       -0.       -0.       -0.       -0.* 
                1.*       0.       -1.        1.        1.        2.* 
 
  2016         -0.       -2.*      -1.       -0.        1.        1.* 
               -0.       -0.       -1.*       1.        1.        0.  
 

  Key to symbols:
    *  : extreme value as determined by X-11 extreme value procedure
 
        ces_hours 36980            PAGE   8, SERIES ces_hours_log_ad

 D 9  Final replacement values for SI ratios
  From  2007.Jan to 2016.Dec
  Observations        120
 ---------------------------------------------------------------
               Jan      Feb      Mar      Apr      May      Jun 
               Jul      Aug      Sep      Oct      Nov      Dec 
 ---------------------------------------------------------------
  2007           0. ********       0. ********       1. ********
           ********      -0.      -0.      -0. ********       1.
 
  2008     ******** ******** ******** ******** ******** ********
           ******** ******** ******** ******** ******** ********
 
  2009     ******** ******** ******** ******** ******** ********
           ********       1. ******** ******** ******** ********
 
  2010     ******** ******** ******** ******** ******** ********
           ********       1. ******** ******** ******** ********
 
  2011     ******** ******** ******** ********      -0. ********
           ******** ******** ********       0. ********      -0.
 
  2012     ******** ******** ********       0. ******** ********
                -0.      -0. ******** ******** ******** ********
 
  2013     ******** ******** ******** ******** ******** ********
           ******** ******** ******** ******** ******** ********
 
  2014          -0.       0.       0. ******** ******** ********
                -0. ******** ******** ******** ********       1.
 
  2015     ******** ******** ******** ******** ********      -0.
                -0. ******** ******** ******** ********       1.
 
  2016     ********      -1. ******** ******** ********       0.
           ******** ********      -1. ******** ******** ********
 

 D 9.A  Moving seasonality ratio
 ---------------------------------------------------------------
               Jan      Feb      Mar      Apr      May      Jun 
 ---------------------------------------------------------------
   I          0.380    0.437    0.403    0.181    0.280    0.405
   S          0.081    0.072    0.048    0.052    0.059    0.084
 RATIO        4.684    6.060    8.392    3.496    4.763    4.800



 ---------------------------------------------------------------
               Jul      Aug      Sep      Oct      Nov      Dec 
 ---------------------------------------------------------------
   I          0.331    0.457    0.197    0.238    0.290    0.325
   S          0.043    0.063    0.068    0.071    0.070    0.087
 RATIO        7.792    7.196    2.885    3.366    4.123    3.739



        ces_hours 36980            PAGE   9, SERIES ces_hours_log_ad

 D 10  Final seasonal factors
  From  2007.Jan to 2016.Dec
  Observations        120
  Seasonal filter    3 x 5 moving average
 -----------------------------------------------------------------------------
               Jan      Feb      Mar      Apr      May      Jun 
               Jul      Aug      Sep      Oct      Nov      Dec         AVGE  
 -----------------------------------------------------------------------------
  2007           1.      -0.       0.      -0.       0.      -0.
                -0.       0.      -0.      -0.      -0.       0.            0.
 
  2008           0.      -0.       0.      -0.       0.      -0.
                -0.       0.      -0.      -0.       0.       0.            0.
 
  2009           0.      -0.      -0.      -0.      -0.       0.
                -0.       0.      -0.       0.       0.       0.            0.
 
  2010           0.      -0.      -0.      -0.      -0.       0.
                -0.       0.      -0.       0.       0.      -0.            0.
 
  2011           0.      -0.      -0.      -0.      -0.       0.
                -0.       0.      -0.       0.       0.       0.            0.
 
  2012           0.      -0.      -0.       0.      -0.       0.
                -0.       0.      -0.       0.       0.       0.            0.
 
  2013           0.      -0.      -0.       0.      -0.       0.
                -0.       0.      -0.       0.       0.       0.            0.
 
  2014           0.      -0.      -0.      -0.      -0.       0.
                -0.      -0.      -0.       0.       0.       0.            0.
 
  2015          -0.      -0.      -0.      -0.       0.       0.
                -0.      -0.      -0.       0.       0.       1.            0.
 
  2016          -0.      -1.      -0.      -0.       0.       0.
                -0.      -0.      -0.       0.       1.       1.            0.
 
  AVGE           0.      -0.      -0.      -0.      -0.       0.
                -0.       0.      -0.       0.       0.       0.

  Table Total-           1.   Mean-         0.   Std. Dev.-         0.
                              Min -        -1.        Max -         1.

 D 10.A  Final seasonal component forecasts
  From  2017.Jan to 2017.Dec
  Observations         12
 -----------------------------------------------------------------------------
               Jan      Feb      Mar      Apr      May      Jun 
               Jul      Aug      Sep      Oct      Nov      Dec         AVGE  
 -----------------------------------------------------------------------------
  2017          -0.      -1.      -0.      -0.       0.       0.
                -0.      -0.      -1.       0.       1.       1.            0.
 
        ces_hours 36980            PAGE  10, SERIES ces_hours_log_ad

 D 11  Final seasonally adjusted data
  From  2007.Jan to 2016.Dec
  Observations        120
 -----------------------------------------------------------------------------
               Jan      Feb      Mar      Apr      May      Jun 
               Jul      Aug      Sep      Oct      Nov      Dec        TOTAL  
 -----------------------------------------------------------------------------
  2007          33.      34.      35.      34.      35.      34.
                34.      33.      34.      32.      33.      34.          405.
 
  2008          34.      34.      34.      34.      34.      35.
                35.      34.      35.      34.      34.      34.          411.
 
  2009          35.      34.      34.      33.      34.      33.
                33.      34.      34.      34.      35.      34.          408.
 
  2010          34.      34.      34.      35.      35.      35.
                35.      35.      34.      34.      34.      34.          414.
 
  2011          34.      34.      34.      34.      35.      34.
                34.      35.      35.      36.      35.      35.          413.
 
  2012          35.      35.      35.      36.      35.      35.
                36.      34.      35.      35.      35.      35.          421.
 
  2013          35.      35.      36.      36.      36.      36.
                36.      37.      36.      36.      36.      36.          432.
 
  2014          36.      38.      39.      37.      37.      37.
                35.      37.      37.      37.      37.      38.          445.
 
  2015          37.      36.      36.      36.      36.      36.
                38.      37.      37.      38.      38.      39.          444.
 
  2016          37.      36.      37.      38.      39.      39.
                38.      37.      36.      37.      37.      37.          451.
 
  AVGE          35.      35.      35.      35.      35.      35.
                35.      35.      35.      35.      35.      36.

  Table Total-        4245.   Mean-        35.   Std. Dev.-         2.
                              Min -        32.        Max -        39.
        ces_hours 36980            PAGE  11, SERIES ces_hours_log_ad

 D 12  Final trend cycle
  From  2007.Jan to 2016.Dec
  Observations        120
  Trend filter    13-term Henderson moving average
  I/C ratio        2.39
 -----------------------------------------------------------------------------
               Jan      Feb      Mar      Apr      May      Jun 
               Jul      Aug      Sep      Oct      Nov      Dec        TOTAL  
 -----------------------------------------------------------------------------
  2007          34.      34.      34.      34.      34.      34.
                34.      34.      33.      33.      33.      34.          405.
 
  2008          34.      34.      34.      34.      34.      34.
                34.      34.      34.      34.      34.      34.          411.
 
  2009          34.      34.      34.      34.      34.      33.
                34.      34.      34.      34.      34.      34.          408.
 
  2010          34.      34.      35.      35.      35.      35.
                35.      35.      35.      34.      34.      34.          414.
 
  2011          34.      34.      34.      34.      34.      34.
                34.      35.      35.      35.      35.      35.          412.
 
  2012          35.      35.      35.      35.      35.      35.
                35.      35.      35.      35.      35.      35.          419.
 
  2013          35.      36.      36.      36.      36.      36.
                36.      36.      36.      36.      36.      36.          432.
 
  2014          37.      37.      37.      37.      37.      37.
                37.      37.      37.      37.      37.      37.          444.
 
  2015          37.      36.      36.      36.      36.      36.
                37.      37.      37.      38.      38.      38.          442.
 
  2016          38.      38.      38.      38.      38.      38.
                38.      38.      37.      37.      37.      38.          452.
 
  AVGE          35.      35.      35.      35.      35.      35.
                35.      35.      35.      35.      35.      35.

  Table Total-        4239.   Mean-        35.   Std. Dev.-         1.
                              Min -        33.        Max -        38.
        ces_hours 36980            PAGE  12, SERIES ces_hours_log_ad

 D 13  Final irregular component
  From  2007.Jan to 2016.Dec
  Observations        120
 -----------------------------------------------------------------------------
               Jan      Feb      Mar      Apr      May      Jun 
               Jul      Aug      Sep      Oct      Nov      Dec         S.D.  
 -----------------------------------------------------------------------------
  2007          -1.      -0.       1.       0.       1.      -0.
                 0.      -1.       1.      -1.      -0.       1.            1.
 
  2008          -0.       0.      -0.       0.      -0.       0.
                 0.      -0.       0.      -0.      -0.      -0.            0.
 
  2009           0.      -0.       0.      -0.       0.      -0.
                -0.       1.       0.      -0.       0.      -0.            0.
 
  2010          -0.      -0.      -0.       0.       0.      -0.
                 0.       0.      -0.       0.      -0.       0.            0.
 
  2011           0.      -0.      -0.       0.       1.       0.
                -0.      -0.       0.       1.       0.      -0.            0.
 
  2012           0.       0.      -0.       1.      -0.       0.
                 1.      -0.       0.       0.      -0.      -0.            1.
 
  2013          -0.      -0.       0.      -0.      -0.      -0.
                -0.       0.       0.      -0.      -0.      -0.            0.
 
  2014          -0.       1.       2.       0.      -0.       0.
                -2.      -0.       0.      -0.       0.       1.            1.
 
  2015           0.      -1.      -0.      -0.      -0.      -0.
                 2.       0.      -0.       0.       0.       1.            1.
 
  2016          -0.      -1.      -0.      -0.       1.       1.
                 0.      -0.      -1.       0.       0.      -0.            1.
 
  S.D.           0.       1.       1.       0.       0.       0.
                 1.       0.       0.       1.       0.       1.

  Table Total-           5.   Mean-         0.   Std. Dev.-         1.
                              Min -        -2.        Max -         2.
        ces_hours 36980            PAGE  13, SERIES ces_hours_log_ad

 D 16  Combined adjustment factors
  From  2007.Jan to 2016.Dec
  Observations        120
 -----------------------------------------------------------------------------
               Jan      Feb      Mar      Apr      May      Jun 
               Jul      Aug      Sep      Oct      Nov      Dec         AVGE  
 -----------------------------------------------------------------------------
  2007           1.      -0.       0.      -0.       0.      -0.
                -0.       0.      -0.      -0.      -0.       0.            0.
 
  2008           0.      -0.       0.      -0.       0.      -0.
                -0.       0.      -0.      -0.       0.       0.            0.
 
  2009           0.      -0.      -0.      -0.      -0.       0.
                -0.       0.      -0.       0.       0.       0.            0.
 
  2010           0.      -0.      -0.      -0.      -0.       0.
                -0.       0.      -0.       0.       0.      -0.            0.
 
  2011           0.      -0.      -0.      -0.      -0.       0.
                -0.       0.      -0.       0.       0.       0.            0.
 
  2012           0.      -0.      -0.       0.      -0.       0.
                -0.       0.      -0.       0.       0.       0.            0.
 
  2013           0.      -0.      -0.       0.      -0.       0.
                -0.       0.      -0.       0.       0.       0.            0.
 
  2014           0.      -0.      -0.      -0.      -0.       0.
                -0.      -0.      -0.       0.       0.       0.            0.
 
  2015          -0.      -0.      -0.      -0.       0.       0.
                -0.      -0.      -0.       0.       0.       1.            0.
 
  2016          -0.      -1.      -0.      -0.       0.       0.
                -0.      -0.      -0.       0.       1.       1.            0.
 
  AVGE           0.      -0.      -0.      -0.      -0.       0.
                -0.       0.      -0.       0.       0.       0.

  Table Total-           1.   Mean-         0.   Std. Dev.-         0.
                              Min -        -1.        Max -         1.

 D 16.A  Combined adjustment component forecasts
  From  2017.Jan to 2017.Dec
  Observations         12
 -----------------------------------------------------------------------------
               Jan      Feb      Mar      Apr      May      Jun 
               Jul      Aug      Sep      Oct      Nov      Dec         AVGE  
 -----------------------------------------------------------------------------
  2017          -0.      -1.      -0.      -0.       0.       0.
                -0.      -0.      -1.       0.       1.       1.            0.
 
        ces_hours 36980            PAGE  14, SERIES ces_hours_log_ad

 E 4  Differences of annual totals
  From          2007 to 2016
  Observations         10
 -----------------------------------
  Year       Unmodified     Modified
                  (D11)         (E2)
 -----------------------------------
  2007               0.           0.
 
  2008               0.           0.
 
  2009               0.           0.
 
  2010               0.           0.
 
  2011               0.           0.
 
  2012               0.           0.
 
  2013               0.           0.
 
  2014               0.           0.
 
  2015               0.           0.
 
  2016               0.           0.
 
        ces_hours 36980            PAGE  15, SERIES ces_hours_log_ad

 E 5  Month-to-month differences in the original series
  From  2007.Feb to 2016.Dec
  Observations        119
 -----------------------------------------------------------------------------
               Jan      Feb      Mar      Apr      May      Jun 
               Jul      Aug      Sep      Oct      Nov      Dec         AVGE  
 -----------------------------------------------------------------------------
  2007                    1.       1.      -1.       1.      -1.
                 0.      -1.       1.      -2.       1.       1.            0.
 
  2008          -0.       0.      -0.       0.       0.       0.
                 0.      -0.       0.      -0.       0.       0.            0.
 
  2009           1.      -1.       0.      -1.       1.      -0.
                -0.       2.      -1.       0.       1.      -0.           -0.
 
  2010           0.      -0.       0.       0.       0.       0.
                -0.       1.      -1.       0.      -0.      -0.           -0.
 
  2011           0.      -1.       0.       1.       1.      -0.
                -1.       1.      -0.       2.      -1.      -1.            0.
 
  2012           1.      -0.      -0.       2.      -2.       1.
                -0.      -1.      -0.       0.       0.       0.            0.
 
  2013           0.      -0.       1.      -0.      -0.       1.
                -1.       1.      -1.       0.       0.       0.            0.
 
  2014          -0.       2.       1.      -2.      -0.       1.
                -3.       3.      -0.       1.       0.       1.            0.
 
  2015          -1.      -2.       1.      -0.       0.       0.
                 2.      -1.      -1.       2.       0.       1.            0.
 
  2016          -2.      -1.       1.       1.       1.       1.
                -2.      -1.      -1.       2.       0.       0.           -0.
 
  AVGE          -0.      -0.       1.      -0.       0.       0.
                -1.       0.      -0.       0.       0.       0.

  Table Total-           5.   Mean-         0.   Std. Dev.-         1.
                              Min -        -3.        Max -         2.
        ces_hours 36980            PAGE  16, SERIES ces_hours_log_ad

 E 6  Month-to-month differences in seasonally adjusted series (D11)
  From  2007.Feb to 2016.Dec
  Observations        119
 -----------------------------------------------------------------------------
               Jan      Feb      Mar      Apr      May      Jun 
               Jul      Aug      Sep      Oct      Nov      Dec         AVGE  
 -----------------------------------------------------------------------------
  2007                    1.       1.      -1.       0.      -1.
                 0.      -1.       1.      -2.       1.       1.            0.
 
  2008          -1.       1.      -0.       0.      -0.       1.
                 0.      -1.       1.      -0.       0.       0.            0.
 
  2009           0.      -1.       0.      -1.       0.      -0.
                -0.       1.      -0.       0.       0.      -0.           -0.
 
  2010           0.       0.       0.       0.      -0.      -0.
                 0.       0.      -1.       0.      -1.       0.           -0.
 
  2011          -0.      -0.      -0.       0.       1.      -1.
                -0.       0.       0.       1.      -1.      -0.            0.
 
  2012           0.       0.      -1.       2.      -2.       0.
                 0.      -1.       0.      -0.      -0.       0.            0.
 
  2013           0.       0.       1.      -0.      -0.       0.
                -0.       0.      -0.      -0.      -0.       0.            0.
 
  2014          -0.       2.       1.      -2.      -0.       0.
                -3.       2.       0.      -0.       0.       1.            0.
 
  2015          -1.      -1.       0.      -0.       0.      -0.
                 2.      -1.      -0.       1.       0.       1.            0.
 
  2016          -1.      -1.       1.       1.       1.       1.
                -1.      -1.      -1.       1.      -0.      -0.           -0.
 
  AVGE          -0.       0.       0.      -0.       0.       0.
                -0.      -0.       0.       0.       0.       0.

  Table Total-           5.   Mean-         0.   Std. Dev.-         1.
                              Min -        -3.        Max -         2.
        ces_hours 36980            PAGE  17, SERIES ces_hours_log_ad

 E 7  Month-to-month differences in final trend cycle (D12)
  From  2007.Feb to 2016.Dec
  Observations        119
 -----------------------------------------------------------------------------
               Jan      Feb      Mar      Apr      May      Jun 
               Jul      Aug      Sep      Oct      Nov      Dec         AVGE  
 -----------------------------------------------------------------------------
  2007                    0.       0.       0.      -0.      -0.
                -0.      -0.      -0.      -0.       0.       0.           -0.
 
  2008           0.       0.       0.       0.       0.       0.
                 0.      -0.      -0.       0.       0.       0.            0.
 
  2009          -0.      -0.      -0.      -0.      -0.      -0.
                 0.       0.       0.       0.       0.       0.           -0.
 
  2010           0.       0.       0.       0.       0.       0.
                -0.      -0.      -0.      -0.      -0.      -0.           -0.
 
  2011          -0.      -0.       0.       0.       0.       0.
                 0.       0.       0.       0.       0.       0.            0.
 
  2012          -0.      -0.       0.       0.       0.      -0.
                -0.      -0.      -0.      -0.       0.       0.           -0.
 
  2013           0.       0.       0.       0.       0.       0.
                 0.      -0.      -0.      -0.       0.       0.            0.
 
  2014           0.       0.       0.       0.      -0.      -0.
                -0.       0.       0.       0.       0.      -0.            0.
 
  2015          -0.      -0.      -0.      -0.       0.       0.
                 0.       0.       0.       0.       0.      -0.            0.
 
  2016          -0.       0.       0.       0.       0.      -0.
                -0.      -0.      -0.      -0.       0.       0.           -0.
 
  AVGE           0.       0.       0.       0.       0.       0.
                 0.       0.       0.       0.       0.       0.

  Table Total-           4.   Mean-         0.   Std. Dev.-         0.
                              Min -        -0.        Max -         0.
        ces_hours 36980            PAGE  18, SERIES ces_hours_log_ad

 E 8  Month-to-month differences in original series adjusted for calendar factors (A18)
  From  2007.Feb to 2016.Dec
  Observations        119
 -----------------------------------------------------------------------------
               Jan      Feb      Mar      Apr      May      Jun 
               Jul      Aug      Sep      Oct      Nov      Dec         AVGE  
 -----------------------------------------------------------------------------
  2007                    1.       1.      -1.       1.      -1.
                 0.      -1.       1.      -2.       1.       1.            0.
 
  2008          -0.       0.      -0.       0.       0.       0.
                 0.      -0.       0.      -0.       0.       0.            0.
 
  2009           1.      -1.       0.      -1.       1.      -0.
                -0.       2.      -1.       0.       1.      -0.           -0.
 
  2010           0.      -0.       0.       0.       0.       0.
                -0.       1.      -1.       0.      -0.      -0.           -0.
 
  2011           0.      -1.       0.       1.       1.      -0.
                -1.       1.      -0.       2.      -1.      -1.            0.
 
  2012           1.      -0.      -0.       2.      -2.       1.
                -0.      -1.      -0.       0.       0.       0.            0.
 
  2013           0.      -0.       1.      -0.      -0.       1.
                -1.       1.      -1.       0.       0.       0.            0.
 
  2014          -0.       1.       1.      -2.      -0.       1.
                -3.       3.      -0.       1.       0.       1.            0.
 
  2015          -1.      -2.       1.      -0.       0.       0.
                 2.      -1.      -1.       2.       0.       1.            0.
 
  2016          -2.      -1.       1.       1.       1.       1.
                -2.      -1.      -1.       2.       0.       0.           -0.
 
  AVGE          -0.      -0.       1.      -0.       0.       0.
                -1.       0.      -0.       0.       0.       0.

  Table Total-           5.   Mean-         0.   Std. Dev.-         1.
                              Min -        -3.        Max -         3.
        ces_hours 36980            PAGE  19, SERIES ces_hours_log_ad

 E 18  Final adjustment ratios
  From  2007.Jan to 2016.Dec
  Observations        120
 -----------------------------------------------------------------------------
               Jan      Feb      Mar      Apr      May      Jun 
               Jul      Aug      Sep      Oct      Nov      Dec         AVGE  
 -----------------------------------------------------------------------------
  2007      101.564   99.646  100.181   99.058  100.263   99.492
             99.278  100.610   99.757   99.693   99.983  100.632       100.013
 
  2008      101.448   99.571  100.066   99.196  100.196   99.632
             99.239  100.679   99.744   99.834  100.043  100.498       100.012
 
  2009      101.293   99.507   99.837   99.387   99.976  100.004
             99.136  100.776   99.699  100.009  100.144  100.221        99.999
 
  2010      101.190   99.351   99.782   99.622   99.795  100.378
             99.023  100.883   99.646  100.199  100.291   99.984       100.012
 
  2011      100.862   99.249   99.773   99.885   99.601  100.803
             98.936  100.818   99.509  100.353  100.386  100.042       100.018
 
  2012      100.566   99.034   99.907  100.062   99.560  100.887
             98.948  100.637   99.303  100.595  100.624  100.386       100.043
 
  2013      100.196   98.851   99.842  100.114   99.678  100.974
             99.114  100.193   99.020  100.764  100.841  100.817       100.034
 
  2014      100.055   98.757   99.828   99.973   99.830  100.776
             99.200   99.988   98.850  100.911  101.079  101.139       100.032
 
  2015       99.849   98.625   99.639   99.819  100.035  100.650
             99.426   99.779   98.679  101.000  101.243  101.422       100.014
 
  2016       99.838   98.562   99.474   99.711  100.143  100.379
             99.526   99.725   98.630  101.127  101.421  101.605       100.012
 
  AVGE      100.686   99.115   99.833   99.683   99.908  100.397
             99.183  100.409   99.284  100.449  100.605  100.675

  Table Total-       12002.   Mean-       100.   Std. Dev.-         1.
                              Min -        99.        Max -       102.

 E 18.A  Final adjustment ratio forecasts
  From  2017.Jan to 2017.Dec
  Observations         12
 -----------------------------------------------------------------------------
               Jan      Feb      Mar      Apr      May      Jun 
               Jul      Aug      Sep      Oct      Nov      Dec         AVGE  
 -----------------------------------------------------------------------------
  2017       99.851   98.542   99.283   99.649  100.261  100.334
             99.631   99.665   98.632  101.202  101.499  101.598       100.012
 

  QS statistic for seasonality:
  Original Series                                     2.24  (P-Value =     0.3268)
  Original Series (EV adj)                            2.24  (P-Value =     0.3268)
  Residuals                                           0.57  (P-Value =     0.7509)
  Seasonally Adjusted Series                          0.00  (P-Value =     1.0000)
  Seasonally Adjusted Series (EV adj)                 0.00  (P-Value =     1.0000)
  Irregular Series                                    0.00  (P-Value =     1.0000)
  Irregular Series (EV adj)                           0.00  (P-Value =     1.0000)

  QS statistic for seasonality (starting 2009.Jan):
  Original Series                                     2.64  (P-Value =     0.2674)
  Original Series (EV adj)                            2.64  (P-Value =     0.2674)
  Residuals                                           0.89  (P-Value =     0.6413)
  Seasonally Adjusted Series                          0.00  (P-Value =     1.0000)
  Seasonally Adjusted Series (EV adj)                 0.00  (P-Value =     1.0000)
  Irregular Series                                    0.00  (P-Value =     1.0000)
  Irregular Series (EV adj)                           0.00  (P-Value =     1.0000)


 WARNING: Series should not be a candidate for seasonal adjustment
          because the spectrum of the original series (Table A1 or B1)
          has no visually significant seasonal peaks.

          If this is a component series of an indirectly adjusted
          composite series, consider using type = trend or type = summary
          in the x11 spec.
        ces_hours 36980            PAGE  20, SERIES ces_hours_log_ad
 G 0  10*LOG(SPECTRUM) of the differenced Original Series
      (Table A1 or B1).  Spectrum estimated from 2009.Jan to 2016.Dec.
 ++++++++++I+++++++++++++++++++++++++++++++++++++++++++++++++++++++++++++I
       6.70I                                                  S          I      6.70
           I                                                  S         SI
           I                                                  S         SI
           I                                                  S*        SI
       4.98I                                                  S*        SI      4.98
           I                                          T       S*        SI
           I                                          T       S*        SI
           I                                          T       S*        SI
       3.25I                                          T*      S*        SI      3.25
           I                   *                      T*      S*        SI
           I                   *                 *    T*  *   S*        SI
           I             *     *                 **   T*  *   S*   *    SI
       1.52I             *     *                 **   T*  *   S*   *    SI      1.52
           I             *     *S            *   **   T*  *   S*   *    SI
           I             *     *S            **  **   T* **   S*   *    SI
           I            **    **S            **  **   T* **   S*   *    SI
      -0.20I            **    **S **         **  **   T* ***  S*   *    SI     -0.20
           I            **    **S***         **  **  *T***** *S*   **  *SI
           I            ***   **S***         **  **  *T***** *S*   **  *SI
           I            ***   **S***         ** ***  *T***** *S*   **  *SI
      -1.93I            ***  ***S***     *   ******* *T*******S*T  **  *SI     -1.93
           I            ***  ***S***     *  ********S*T*******S*T ***  *SI
           I            **** ***S***     *S ********S*T*******S*T ***  *SI
           I            ********S***     *S ********S*T*******S*T ***  *SI
      -3.65I            ********S****    *S*********S*T*******S*T ***  *SI     -3.65
           I      *     ********S****    *S*********S*T*******S*T*******SI
           I      *     ********S****    *S*********S*T*******S*T*******SI
           I      *     ********S****    *S*********S*T*******S*T*******SI
      -5.38I      *     ********S****   **S*********S*T*******S*T*******SI     -5.38
           I      *     ********S****   **S*********S*T*******S*T*******SI
           I      *    *********S****   **S*********S*T*******S*T*******SI
           I      *    *********S****   **S*********S*T*******S*T*******SI
      -7.11I      *    *********S*****  **S*********S*T*******S*T*******SI     -7.11
           I     **    *********S*****  **S*********S*T*******S*T*******SI
           I     **    *********S***** ***S*********S*T*******S*T*******SI
           I     **    *********S*********S*********S*T*******S*T*******SI
      -8.83I     **    *********S*********S*********S*T*******S*T*******SI     -8.83
           I     **    *********S*********S*********S*T*******S*T*******SI
           I     **    *********S*********S*********S*T*******S*T*******SI
           I     ***  S*********S*********S*********S*T*******S*T*******SI
     -10.56I     ***  S*********S*********S*********S*T*******S*T*******SI    -10.56
           I     ***  S*********S*********S*********S*T*******S*T*******SI
           I     ***  S*********S*********S*********S*T*******S*T*******SI
           I     ***  S*********S*********S*********S*T*******S*T*******SI
     -12.28I     *** *S*********S*********S*********S*T*******S*T*******SI    -12.28
           I     *****S*********S*********S*********S*T*******S*T*******SI
           I    ******S*********S*********S*********S*T*******S*T*******SI
           I*   ******S*********S*********S*********S*T*******S*T*******SI
     -14.01I*   ******S*********S*********S*********S*T*******S*T*******SI    -14.01
           I*   ******S*********S*********S*********S*T*******S*T*******SI
           I**  ******S*********S*********S*********S*T*******S*T*******SI
           I**  ******S*********S*********S*********S*T*******S*T*******SI
     -15.74I**********S*********S*********S*********S*T*******S*T*******SI    -15.74
 ++++++++++I+++++++++++++++++++++++++++++++++++++++++++++++++++++++++++++I
            S=SEASONAL FREQUENCIES, T=TRADING DAY FREQUENCIES
        ces_hours 36980            PAGE  21, SERIES ces_hours_log_ad
 G 1  10*LOG(SPECTRUM) of the differenced seasonally adjusted 
      data (Table E2).  Spectrum estimated from 2009.Jan to 2016.Dec.
 ++++++++++I+++++++++++++++++++++++++++++++++++++++++++++++++++++++++++++I
       0.99I                                                 *           I      0.99
           I                                                 *           I
           I                                                 *     *     I
           I                                                 *     *     I
      -0.28I             *                               *   *     *     I     -0.28
           I             *                               *   *     *     I
           I             *                               *   *     **    I
           I             *                               *   *     **    I
      -1.54I             *                               *   *     **    I     -1.54
           I             *                              **   *     **    I
           I             *                              **   *     ** *  I
           I             *                              **   *     ***** I
      -2.81I             *                   *          **   *     *****SI     -2.81
           I             *       *           * *        **   *     *****SI
           I      *      *       *           * *        **   *     *****SI
           I      *      *       *           * *      T **   *     *****SI
      -4.08I      *      *       **          ***      T **   *     *****SI     -4.08
           I      *      *      S**    *     ***      T **  **     *****SI
           I      *     **      S**   **     ***      T **  **     *****SI
           I      *     ***     S**   **     ****     T***  **     *****SI
      -5.34I      *     ***  *  S**   **     ****     T***  **     *****SI     -5.34
           I      *     *** **  S***  **    *****     T**** **     *****SI
           I      *     *** ****S***  **    *****    *T**** **     *****SI
           I      *     *** ****S*** ***    *****    *T**** **     *****SI
      -6.61I      *     ********S*******    *****    *T**** **    ******SI     -6.61
           I      *     ********S*******    *****    *T**** **    ******SI
           I      **    ********S*******    *****    *T*******    ******SI
           I      **    ********S*******    *****    *T*******S   ******SI
      -7.87I     ***    ********S*******    *****    *T*******S   ******SI     -7.87
           I     ***    ********S********   *****    *T*******S   ******SI
           I     ***    ********S********   *****    *T*******S   ******SI
           I     ***    ********S********   *****    *T*******S   ******SI
      -9.14I     ***    ********S********   *****    *T*******S   ******SI     -9.14
           I     ***    ********S********   *****    *T*******S   ******SI
           I     ***    ********S********  *******  S*T*******S   ******SI
           I     ***    ********S********  *******  S*T*******S   ******SI
     -10.41I     ***   *********S********  *******  S*T*******S   ******SI    -10.41
           I     ***   *********S********  *******  S*T*******S   ******SI
           I     ****  *********S********* *******  S*T*******S*  ******SI
           I     ****  *********S********* *******  S*T*******S* *******SI
     -11.67I     ****  *********S*********S*******  S*T*******S* *******SI    -11.67
           I    *****  *********S*********S*******  S*T*******S* *******SI
           I    *****  *********S*********S*********S*T*******S*T*******SI
           I    ***** S*********S*********S*********S*T*******S*T*******SI
     -12.94I    ******S*********S*********S*********S*T*******S*T*******SI    -12.94
           I    ******S*********S*********S*********S*T*******S*T*******SI
           I    ******S*********S*********S*********S*T*******S*T*******SI
           I    ******S*********S*********S*********S*T*******S*T*******SI
     -14.21I   *******S*********S*********S*********S*T*******S*T*******SI    -14.21
           I   *******S*********S*********S*********S*T*******S*T*******SI
           I   *******S*********S*********S*********S*T*******S*T*******SI
           I   *******S*********S*********S*********S*T*******S*T*******SI
     -15.47I**********S*********S*********S*********S*T*******S*T*******SI    -15.47
 ++++++++++I+++++++++++++++++++++++++++++++++++++++++++++++++++++++++++++I
            S=SEASONAL FREQUENCIES, T=TRADING DAY FREQUENCIES
        ces_hours 36980            PAGE  22, SERIES ces_hours_log_ad
 G 2  10*LOG(SPECTRUM) of the Modified Irregular (Table E3).  
      Spectrum estimated from 2009.Jan to 2016.Dec.
 ++++++++++I+++++++++++++++++++++++++++++++++++++++++++++++++++++++++++++I
      -2.86I             *                                               I     -2.86
           I             *                                               I
           I             *                                               I
           I             *                                               I
      -4.18I             *                                               I     -4.18
           I             *       *                                       I
           I             *       **                          *     *     I
           I             *       **                          *     *     I
      -5.50I             *       **                      *   *     *     I     -5.50
           I             *       **          *           *   *     *     I
           I             *   **  **   *      *           *   *     *     I
           I             *   **  **   **     *           *   *     *     I
      -6.83I             *   ** S**   **     *           *   *     *     I     -6.83
           I             *   ** S**   **     **         **   *     **    I
           I             **  ***S***  **     **         **   *     **    I
           I             **  ***S***  **     ***        **   *     **    I
      -8.15I             **  ***S*** ***     ***        **   *     ** *  I     -8.15
           I             **  ***S*******     ***        **   *     ****  I
           I            ***  ***S*******     ***      T **   *     ***** I
           I            *** ****S*******     ***      T **   *     ***** I
      -9.47I            *** ****S*******    *****     T **   *     ***** I     -9.47
           I            *** ****S*******    *****     T***  **     *****SI
           I            ********S*******    *****     T***  **     *****SI
           I            ********S********   *****     T**** **     *****SI
     -10.79I            ********S********   *****     T**** **     *****SI    -10.79
           I      *     ********S********   *****     T**** **     *****SI
           I      *     ********S********   *****    *T**** **     *****SI
           I      *     ********S********   *****    *T**** **     *****SI
     -12.11I      *     ********S********   *****    *T**** **    ******SI    -12.11
           I      *     ********S********   *****    *T*******    ******SI
           I      *     ********S********   *****    *T*******    ******SI
           I      **   *********S********  ******    *T*******S   ******SI
     -13.43I     ***   *********S********* *******   *T*******S   ******SI    -13.43
           I     ***   *********S********* *******   *T*******S   ******SI
           I     ***   *********S********* *******   *T*******S   ******SI
           I     ***   *********S*********S*******  S*T*******S   ******SI
     -14.75I     **** S*********S*********S*******  S*T*******S   ******SI    -14.75
           I     *****S*********S*********S*******  S*T*******S   ******SI
           I     *****S*********S*********S*******  S*T*******S   ******SI
           I     *****S*********S*********S*******  S*T*******S   ******SI
     -16.07I     *****S*********S*********S******** S*T*******S   ******SI    -16.07
           I     *****S*********S*********S*********S*T*******S   ******SI
           I     *****S*********S*********S*********S*T*******S*  ******SI
           I     *****S*********S*********S*********S*T*******S* *******SI
     -17.40I    ******S*********S*********S*********S*T*******S* *******SI    -17.40
           I    ******S*********S*********S*********S*T*******S* *******SI
           I    ******S*********S*********S*********S*T*******S* *******SI
           I    ******S*********S*********S*********S*T*******S*T*******SI
     -18.72I*   ******S*********S*********S*********S*T*******S*T*******SI    -18.72
           I*   ******S*********S*********S*********S*T*******S*T*******SI
           I**  ******S*********S*********S*********S*T*******S*T*******SI
           I** *******S*********S*********S*********S*T*******S*T*******SI
     -20.04I**********S*********S*********S*********S*T*******S*T*******SI    -20.04
 ++++++++++I+++++++++++++++++++++++++++++++++++++++++++++++++++++++++++++I
            S=SEASONAL FREQUENCIES, T=TRADING DAY FREQUENCIES
        ces_hours 36980            PAGE  23, SERIES ces_hours_log_ad

  Peak probabilities for Tukey spectrum estimator
  Spectrum estimated from 2009.Jan to 2016.Dec.

                                          S1       S2       S3       S4       S5       S6       TD
                                        ------   ------   ------   ------   ------   ------   ------
  Model Residuals                        0.504    0.273    0.652    0.073    0.923*   0.887    0.804  
  Original Series (Table A1 or B1)       0.121    0.759    0.640    0.068    0.983*   0.981*   0.860  
  Seasonally adjusted series (E2)        0.115    0.207    0.051    0.047    0.086    0.660    0.293  
  Modified Irregular (E3)                0.053    0.198    0.040    0.041    0.076    0.615    0.267  
  ----------
     ** - Peak Probability > 0.99,
      * - 0.90 < Peak Probability < 0.99


