  Reading input spec file from D:\Programming\Dynamic Paper-dlrhcs_replication\outputs\empirical\unemployment\raw_sa_pilot\x13_work\ces_hours_additive_level_12420_200701_201612.spc

1

               U. S. Department of Commerce, U. S. Census Bureau

              X-13ARIMA-SEATS monthly seasonal adjustment Method,
                          Release Version 1.1 Build 62


           This software application provides an enhanced version of
             Statistics Canada's X-11-ARIMA extension (Dagum, 1980)
                 of the X-11 variant of the Census Method II of
                      Shiskin, Young and Musgrave (1967).

            It also provides an ARIMA model-based method following
       Hillmer and Tiao (1982) and Burman (1980) that is very similar
       to the update of the method of SEATS (Gomez and Maravall, 1996)
                produced at the Bank of Spain by G. Caporello and
               A. Maravall for TSW (Caporello and Maravall, 2004).
          The present application includes additional enhancements.

         X-13ARIMA-SEATS includes an automatic ARIMA model selection procedure
          based largely on the procedure of Gomez and Maravall (1998)
            as implemented in TRAMO (1996) and subsequent revisions.

              Primary Programmers: Brian Monsell, Mark Otto and,
                 for the ARIMA model-based signal extraction,
                      Gianluca Caporello and Victor Gomez


     Series Title- ces_hours 12420
     Series Name- ces_hours_additi
     Jul 29, 2026  08.38.21 

        -Period covered-  1st month,2007 to 12th month,2016
        -Type of run - additive seasonal adjustment

        -Sigma limits for graduating extreme values are  1.5 and  2.5 .
        -3x3 moving average used in section 1 of each iteration, 
         3x5 moving average in section 2 of iterations B and C,
         moving average for final seasonal factors chosen by Global MSR.
        -Holiday adjustment factors applied directly to the final seasonally adjusted series
        -Spectral plots generated for selected series
        -Spectral plots generated for series starting in 2009.Jan

 FILE SAVE REQUESTS (* indicates file exists and will be overwritten)
  D:\Programming\Dynamic Paper-dlrhcs_replication\outputs\empirical\unemployment\raw_sa_pilot\x13_work\ces_hours_additive_level_12420_200701_201612.d10  final seasonal factors
  D:\Programming\Dynamic Paper-dlrhcs_replication\outputs\empirical\unemployment\raw_sa_pilot\x13_work\ces_hours_additive_level_12420_200701_201612.d11  final seasonally adjusted data
  D:\Programming\Dynamic Paper-dlrhcs_replication\outputs\empirical\unemployment\raw_sa_pilot\x13_work\ces_hours_additive_level_12420_200701_201612.out  program output file
  D:\Programming\Dynamic Paper-dlrhcs_replication\outputs\empirical\unemployment\raw_sa_pilot\x13_work\ces_hours_additive_level_12420_200701_201612.err  program error file
        ces_hours 12420            PAGE   1, SERIES ces_hours_additi

     Contents of spc file D:\Programming\Dynamic Paper-dlrhcs_replication\outputs\empirical\unemployment\raw_sa_pilot\x13_work\ces_hours_additive_level_12420_200701_201612.spc

 Line #
 ------
      1: series {
      2:   title = "ces_hours 12420"
      3:   start = 2007.1
      4:   period = 12
      5:   data = (
      6: 34.6
      7: 35.9
      8: 35.8
      9: 36.1
     10: 35.9
     11: 36.1
     12: 35.8
     13: 36.2
     14: 35.6
     15: 35.2
     16: 34.7
     17: 35.6
     18: 33.9
     19: 34.9
     20: 35.3
     21: 35.1
     22: 35.4
     23: 36.1
     24: 35.5
     25: 35.3
     26: 35.5
     27: 35.4
     28: 35.3
     29: 34.5
     30: 34.3
     31: 34.9
     32: 34.9
     33: 35.1
     34: 35.2
     35: 35.1
     36: 35
     37: 35.1
     38: 34.8
     39: 34.9
     40: 35.3
     41: 35.3
     42: 34.9
     43: 35.4
     44: 35.5
     45: 35.2
     46: 36
     47: 35.6
     48: 35.6
     49: 36
     50: 35.6
     51: 35.7
     52: 35.6
     53: 36
     54: 36.2
     55: 36.3
     56: 36.9
     57: 36.5
     58: 36.1
     59: 36.1
     60: 35.7
     61: 35.9
     62: 35.5
     63: 35.9
     64: 35.3
     65: 35.2
     66: 36
     67: 35.5
     68: 35.7
     69: 36.7
     70: 35.7
     71: 36
     72: 36.5
     73: 36.3
     74: 36.9
     75: 36.4
     76: 36.2
     77: 37.4
     78: 35.9
     79: 36.2
     80: 36.5
     81: 36.1
     82: 36
     83: 37.2
     84: 36.2
     85: 36.4
     86: 36.4
     87: 35.7
     88: 35.8
     89: 36.3
     90: 35.4
     91: 36.3
     92: 35.9
     93: 35.6
     94: 35.5
     95: 36.4
     96: 36
     97: 36.2
     98: 35.8
     99: 35.9
    100: 36.4
    101: 36.1
    102: 35.4
    103: 36.3
    104: 36.4
    105: 35.5
    106: 35
    107: 35.6
    108: 35.5
    109: 36.2
    110: 34.9
    111: 34.9
    112: 35.7
    113: 35.2
    114: 35.4
    115: 35.2
    116: 34.8
    117: 35.1
    118: 36.3
    119: 35.7
    120: 35.4
    121: 35.2
    122: 35.3
    123: 36.2
    124: 34.8
    125: 35.8
    126:   )
    127: }
    128: transform { function = none }
    129: regression { aictest = (td easter) }
    130: automdl {}
    131: x11 { mode = add save = (d10 d11) }
        ces_hours 12420            PAGE   2, SERIES ces_hours_additi

 A 1  Time series data (for the span analyzed)
  From  2007.Jan to 2016.Dec
  Observations        120
 -----------------------------------------------------------------------------
               Jan      Feb      Mar      Apr      May      Jun 
               Jul      Aug      Sep      Oct      Nov      Dec        TOTAL  
 -----------------------------------------------------------------------------
  2007          35.      36.      36.      36.      36.      36.
                36.      36.      36.      35.      35.      36.          428.
 
  2008          34.      35.      35.      35.      35.      36.
                36.      35.      36.      35.      35.      35.          422.
 
  2009          34.      35.      35.      35.      35.      35.
                35.      35.      35.      35.      35.      35.          420.
 
  2010          35.      35.      36.      35.      36.      36.
                36.      36.      36.      36.      36.      36.          427.
 
  2011          36.      36.      37.      37.      36.      36.
                36.      36.      36.      36.      35.      35.          432.
 
  2012          36.      36.      36.      37.      36.      36.
                37.      36.      37.      36.      36.      37.          435.
 
  2013          36.      36.      37.      36.      36.      37.
                36.      36.      36.      36.      36.      36.          435.
 
  2014          35.      36.      36.      36.      36.      36.
                36.      36.      36.      36.      36.      36.          432.
 
  2015          35.      36.      36.      36.      35.      36.
                36.      36.      35.      35.      36.      35.          427.
 
  2016          35.      35.      35.      35.      36.      36.
                35.      35.      35.      36.      35.      36.          425.
 
  AVGE          35.      36.      36.      36.      36.      36.
                36.      36.      36.      36.      36.      36.

  Table Total-        4282.   Mean-        36.   Std. Dev.-         1.
                              Min -        34.        Max -        37.
        ces_hours 12420            PAGE   3, SERIES ces_hours_additi
                        Automatic ARIMA Model Selection

                    Procedure based closely on TRAMO method 
                         of Gomez and Maravall (2000)
              "Automatic Modeling Methods for Univariate Series",
                            A Course in Time Series
                  (Edited by D. Pena, G. C. Tiao, R. S. Tsay),
                         New York : J. Wiley and Sons


     Maximum order for regular ARMA parameters :   2
     Maximum order for seasonal ARMA parameters :   1
     Maximum order for regular differencing :   2
     Maximum order for seasonal differencing :   1

   Results of Unit Root Test for identifying orders of differencing:
     Regular difference order :   0
     Seasonal difference order :   0

  Automatic model choice : (1 0 1)(1 0 1)


  Final Checks for Identified Model


  Checking for Unit Roots.
   Seasonal unit root found.
   ( 1, 0, 1) ( 0, 1, 1)
  Constant term removed from model
   Nonseasonal MA not within  0.001 of 1.0 - model passes test.

  Checking for insignificant ARMA coefficients.

  Final automatic model choice : (1 0 1)(0 1 1)
   End of automatic model selection procedure.

 Average absolute percentage error in within-sample forecasts:
  Last year:   0.90      Last-1 year:   1.36     Last-2 year:   0.91
  Last three years:    1.06

 Estimation converged in   99 ARMA iterations,  455 function evaluations.

 Regression Model
 ------------------------------------------------------------------------------
                             Parameter        Standard
 Variable                     Estimate           Error      t-value
 ------------------------------------------------------------------------------
 Leap Year                     -0.2779         0.22092        -1.26

 Trading Day
   Mon                          0.0856         0.07255         1.18
   Tue                         -0.1951         0.07323        -2.66
   Wed                         -0.0644         0.07286        -0.88
   Thu                          0.0850         0.07222         1.18
   Fri                         -0.1952         0.07289        -2.68
   Sat                         -0.0470         0.07325        -0.64
  *Sun (derived)                0.3311         0.07430         4.46
 ------------------------------------------------------------------------------
  *For full trading-day and stable seasonal effects, the derived
   parameter estimate is obtained indirectly as minus the sum
   of the directly estimated parameters that define the effect.


 Chi-squared Tests for Groups of Regressors
 ------------------------------------------------------------------------------
 Regression Effect                  df      Chi-Square      P-Value
 ------------------------------------------------------------------------------
 Trading Day                         6           74.53         0.00
 Combined Trading Day and Leap Year Regressors
                                     7           77.32         0.00
 ------------------------------------------------------------------------------


 F Tests for Trading Day Regressors 
 -----------------------------------------------------------------------
 Regression Effect                     df         F-statistic    P-Value
 -----------------------------------------------------------------------
 Trading Day                         6, 101           11.62         0.00


 ARIMA Model:  (1 0 1)(0 1 1)
   Seasonal differences:    1
                                              Standard
 Parameter                    Estimate          Errors
 -----------------------------------------------------
 Nonseasonal AR                                    
   Lag  1                       0.9190         0.04190

 Nonseasonal MA                                    
   Lag  1                       0.4360         0.09253

 Seasonal MA                                       
   Lag 12                       0.9800         0.06751

 Variance                       0.12459E+00
 SE of Var                      0.16955E-01
 -----------------------------------------------------

 Likelihood Statistics
 ------------------------------------------------------------------
 Number of observations (nobs)                                  120
 Effective number of observations (nefobs)                      108
 Number of parameters estimated (np)                             11
 Log likelihood (L)                                        -53.6685
 AIC                                                       129.3371 
 AICC (F-corrected-AIC)                                    132.0871 
 Hannan Quinn                                              141.2997 
 BIC                                                       158.8405 
 ------------------------------------------------------------------

 QS Statistic for regARIMA Model Residuals (full series):             0.00
                                                       (P-Value =     1.0000)

 QS Statistic for regARIMA Model Residuals (starting 2009.Jan):       0.00
                                                       (P-Value =     1.0000)
      10*LOG(SPECTRUM) of the regARIMA model residuals
      Spectrum estimated from 2009.Jan to 2016.Dec.
 ++++++++++I+++++++++++++++++++++++++++++++++++++++++++++++++++++++++++++I
      -4.22I                                             *               I     -4.22
           I                                             *               I
           I                                             *               I
           I                                             *               I
      -5.17I                                             *               I     -5.17
           I                                             *               I
           I                          *                  *               I
           I                          *                 **               I
      -6.12I                          **                **               I     -6.12
           I                          **                **               I
           I                          **                **               I
           I                          **                **               I
      -7.07I                          **                **  *            I     -7.07
           I                          **                **  *            I
           I     *                 *  **                **  *            I
           I     *                 *  **                **  *            I
      -8.03I     *                **  **                **  *            I     -8.03
           I    **                **  **                **  *            I
           I    **                ** ***                *****            I
           I    **   *        *   ** ***       *        *****            I
      -8.98I    **   *  *     *   ******       *        *****            I     -8.98
           I    **  **  *    **   ******       *        *****    *       I
           I    **  **  *    **   ******      **        *****    *       I
           I    **  **  *    **   ******      **        *****    *       I
      -9.93I*   **  **  *    **   ******      **        ******   *       I     -9.93
           I*   **  **  *    **   ******      **        ******   *       I
           I*   **  ** **    **   *******   * **        ******   *       I
           I*   **  **S**    **   *******   ****        ******   *       I
     -10.88I*   **  **S***   **  ********  *****        ******   *       I    -10.88
           I*   *** **S***   **  ********  *****        ******   *       I
           I*   ******S***   **  ********  *****        ******  T*       I
           I*   ******S***   *** ********  *****       *******  T*       I
     -11.83I*   ******S***   *** ********  *****       *******  T*       I    -11.83
           I**  ******S***   *** ********  *****       *******  T*       I
           I**  ******S***   *** ******** S*****       *******  T*       I
           I** *******S***   ***S*********S*****     * *******  T**      I
     -12.79I** *******S***   ***S*********S******    *T*******S T**      I    -12.79
           I** *******S***  ****S*********S******    *T*******S T**      I
           I** *******S***  ****S*********S******   S*T*******S*T**      I
           I** *******S***  ****S*********S******   S*T*******S*T**    * I
     -13.74I**********S***  ****S*********S******   S*T*******S*T**   **SI    -13.74
           I**********S**** ****S*********S******   S*T*******S*T**   **SI
           I**********S**** ****S*********S******   S*T*******S*T**   **SI
           I**********S**** ****S*********S******   S*T*******S*T**   **SI
     -14.69I**********S*********S*********S******   S*T*******S*T**  ***SI    -14.69
           I**********S*********S*********S******   S*T*******S*T*** ***SI
           I**********S*********S*********S******   S*T*******S*T*** ***SI
           I**********S*********S*********S******   S*T*******S*T*******SI
     -15.64I**********S*********S*********S******  *S*T*******S*T*******SI    -15.64
           I**********S*********S*********S******* *S*T*******S*T*******SI
           I**********S*********S*********S******* *S*T*******S*T*******SI
           I**********S*********S*********S******* *S*T*******S*T*******SI
     -16.59I**********S*********S*********S*********S*T*******S*T*******SI    -16.59
 ++++++++++I+++++++++++++++++++++++++++++++++++++++++++++++++++++++++++++I
            S=SEASONAL FREQUENCIES, T=TRADING DAY FREQUENCIES


 FORECASTING
  Origin  2016.Dec
  Number        12

  Forecasts and Standard Errors
   ------------------------------
                         Standard
       Date   Forecast      Error
   ------------------------------
   2017.Jan      35.47      0.363
   2017.Feb      35.81      0.398
   2017.Mar      35.57      0.432
   2017.Apr      36.04      0.452
   2017.May      35.54      0.475
   2017.Jun      35.87      0.486
   2017.Jul      36.14      0.500
   2017.Aug      35.69      0.510
   2017.Sep      35.39      0.518
   2017.Oct      35.89      0.528
   2017.Nov      35.51      0.532
   2017.Dec      35.86      0.537
   ------------------------------

  Confidence intervals with coverage probability ( 0.95000
   ---------------------------------------
       Date      Lower  Forecast     Upper
   ---------------------------------------
   2017.Jan      34.76     35.47     36.18
   2017.Feb      35.03     35.81     36.59
   2017.Mar      34.72     35.57     36.42
   2017.Apr      35.15     36.04     36.92
   2017.May      34.61     35.54     36.47
   2017.Jun      34.92     35.87     36.83
   2017.Jul      35.16     36.14     37.12
   2017.Aug      34.69     35.69     36.69
   2017.Sep      34.38     35.39     36.41
   2017.Oct      34.85     35.89     36.92
   2017.Nov      34.47     35.51     36.55
   2017.Dec      34.81     35.86     36.91
   ---------------------------------------
        ces_hours 12420            PAGE   4, SERIES ces_hours_additi

 A 6  RegARIMA trading day component
  From  2007.Jan to 2016.Dec
  Observations        120
 -----------------------------------------------------------------------------
               Jan      Feb      Mar      Apr      May      Jun 
               Jul      Aug      Sep      Oct      Nov      Dec         AVGE  
 -----------------------------------------------------------------------------
  2007          -0.       0.      -0.       0.      -0.      -0.
                 0.      -0.       0.      -0.      -0.       0.            0.
 
  2008          -0.      -0.       0.      -0.      -0.       0.
                -0.       0.      -0.      -0.       0.      -0.           -0.
 
  2009          -0.       0.       0.       0.       0.      -0.
                -0.       0.      -0.      -0.       0.      -0.            0.
 
  2010           0.       0.      -0.      -0.       0.      -0.
                -0.       0.       0.       0.      -0.      -0.           -0.
 
  2011           0.       0.      -0.      -0.       0.       0.
                 0.      -0.      -0.       0.      -0.      -0.            0.
 
  2012           0.      -0.      -0.       0.      -0.      -0.
                 0.      -0.       0.      -0.      -0.       0.            0.
 
  2013          -0.       0.       0.      -0.      -0.       0.
                -0.      -0.       0.      -0.      -0.       0.           -0.
 
  2014          -0.       0.       0.      -0.      -0.       0.
                -0.       0.      -0.      -0.       0.      -0.            0.
 
  2015          -0.       0.       0.       0.       0.      -0.
                -0.       0.      -0.      -0.       0.      -0.            0.
 
  2016           0.      -0.      -0.      -0.       0.       0.
                 0.      -0.      -0.       0.      -0.      -0.           -0.
 
  AVGE          -0.      -0.       0.      -0.       0.       0.
                -0.       0.       0.      -0.       0.      -0.

  Table Total-          -0.   Mean-        -0.   Std. Dev.-         0.
                              Min -        -0.        Max -         0.

 A 6.A  RegARIMA trading day component forecasts
  From  2017.Jan to 2017.Dec
  Observations         12
 -----------------------------------------------------------------------------
               Jan      Feb      Mar      Apr      May      Jun 
               Jul      Aug      Sep      Oct      Nov      Dec         AVGE  
 -----------------------------------------------------------------------------
  2017           0.       0.      -0.       0.      -0.      -0.
                 0.      -0.      -0.       0.       0.       0.            0.
 
        ces_hours 12420            PAGE   5, SERIES ces_hours_additi
  
 B 1  Original series (prior adjusted)
      (adjusted for regARIMA factors)
  From  2007.Jan to 2016.Dec
  Observations        120
 -----------------------------------------------------------------------------
               Jan      Feb      Mar      Apr      May      Jun 
               Jul      Aug      Sep      Oct      Nov      Dec        TOTAL  
 -----------------------------------------------------------------------------
  2007          35.      36.      36.      36.      36.      36.
                36.      36.      35.      35.      35.      35.          427.
 
  2008          34.      35.      35.      35.      36.      36.
                36.      35.      36.      36.      35.      35.          423.
 
  2009          34.      35.      35.      35.      35.      35.
                35.      35.      35.      35.      35.      35.          420.
 
  2010          35.      35.      36.      35.      36.      36.
                36.      36.      36.      36.      36.      36.          427.
 
  2011          36.      36.      37.      37.      36.      36.
                36.      36.      36.      36.      36.      35.          432.
 
  2012          36.      36.      36.      36.      36.      36.
                36.      36.      37.      37.      36.      37.          435.
 
  2013          36.      36.      36.      36.      36.      37.
                36.      37.      36.      36.      36.      36.          435.
 
  2014          36.      36.      36.      36.      36.      36.
                36.      36.      36.      36.      36.      36.          431.
 
  2015          36.      36.      36.      35.      35.      36.
                36.      36.      35.      35.      35.      35.          426.
 
  2016          35.      35.      35.      35.      36.      36.
                35.      35.      35.      36.      35.      36.          426.
 
  AVGE          35.      36.      36.      36.      36.      36.
                36.      36.      36.      36.      35.      36.

  Table Total-        4282.   Mean-        36.   Std. Dev.-         1.
                              Min -        34.        Max -        37.

 B 1.A  Forecasts of (prior adjusted) original series
  From  2017.Jan to 2017.Dec
  Observations         12
 -----------------------------------------------------------------------------
               Jan      Feb      Mar      Apr      May      Jun 
               Jul      Aug      Sep      Oct      Nov      Dec        TOTAL  
 -----------------------------------------------------------------------------
  2017          35.      36.      36.      36.      36.      36.
                36.      36.      36.      36.      35.      36.          428.
 
        ces_hours 12420            PAGE   6, SERIES ces_hours_additi

 C 17  Final weights for irregular component
  From  2007.Jan to 2016.Dec
  Observations        120
  Lower sigma limit    1.50
  Upper sigma limit    2.50
 -----------------------------------------------------------------------------
               Jan      Feb      Mar      Apr      May      Jun 
               Jul      Aug      Sep      Oct      Nov      Dec         S.D.  
 -----------------------------------------------------------------------------
  2007         100.     100.     100.     100.     100.     100.
                71.       0.     100.     100.     100.     100.           16.
 
  2008          94.     100.     100.     100.     100.     100.
               100.     100.     100.     100.     100.       0.           16.
 
  2009         100.     100.     100.     100.     100.     100.
               100.      78.     100.     100.     100.     100.           16.
 
  2010         100.     100.     100.      52.     100.     100.
               100.     100.     100.     100.     100.     100.           18.
 
  2011         100.     100.       0.      68.     100.     100.
                45.     100.     100.     100.     100.       0.           18.
 
  2012           0.     100.     100.     100.     100.     100.
               100.     100.     100.     100.     100.      41.           18.
 
  2013         100.     100.     100.     100.     100.      45.
               100.     100.     100.     100.     100.     100.           19.
 
  2014         100.     100.      37.     100.     100.     100.
               100.     100.     100.     100.     100.     100.           20.
 
  2015         100.     100.     100.     100.       0.     100.
               100.     100.     100.     100.     100.     100.           17.
 
  2016           5.     100.       0.     100.       0.     100.
               100.     100.     100.      39.       1.     100.           17.
 
        ces_hours 12420            PAGE   7, SERIES ces_hours_additi

 D 8  Final unmodified SI ratios
  From  2007.Jan to 2016.Dec
  Observations        120
 -----------------------------------------------------------------------------
               Jan      Feb      Mar      Apr      May      Jun 
               Jul      Aug      Sep      Oct      Nov      Dec         AVGE  
 -----------------------------------------------------------------------------
  2007          -1.      -0.       0.      -0.       0.       1.
                -0.       1.       0.       0.      -0.       0.            0.
 
  2008          -1.       0.      -0.       0.       0.       0.
                 0.      -0.       0.       0.      -0.      -1.           -0.
 
  2009          -1.      -0.      -0.       0.       0.       0.
                 0.      -0.       0.      -0.      -0.       0.           -0.
 
  2010          -1.      -0.       0.      -0.       0.       0.
                 0.       0.      -0.      -0.      -0.       0.           -0.
 
  2011          -0.       0.       1.       1.      -0.       0.
                -0.       0.      -0.      -0.      -0.      -0.            0.
 
  2012           0.      -0.       0.       0.      -0.       0.
                 0.       0.       0.       0.      -0.       1.            0.
 
  2013          -0.      -0.       0.      -0.      -0.       1.
                 0.       0.      -0.      -0.       0.       0.            0.
 
  2014          -0.       0.      -0.      -0.      -0.       0.
                 0.       0.      -0.       0.       0.       0.           -0.
 
  2015          -1.       0.       0.      -0.      -1.       0.
                 0.       0.      -0.      -0.       0.       0.           -0.
 
  2016           0.       0.      -0.       0.       1.       0.
                -0.      -0.      -0.       0.      -1.       0.            0.
 
  AVGE          -0.       0.       0.       0.       0.       0.
                 0.       0.      -0.      -0.      -0.       0.

  Table Total-           0.   Mean-         0.   Std. Dev.-         0.
                              Min -        -1.        Max -         1.
        ces_hours 12420            PAGE   8, SERIES ces_hours_additi

 D 8.B  Final unmodified SI ratios, with labels for outliers and extreme values
  From  2007.Jan to 2016.Dec
  Observations        120
 ---------------------------------------------------------------------
               Jan       Feb       Mar       Apr       May       Jun  
               Jul       Aug       Sep       Oct       Nov       Dec  
 ---------------------------------------------------------------------
  2007         -1.       -0.        0.       -0.        0.        1.  
               -0.*       1.*       0.        0.       -0.        0.  
 
  2008         -1.*       0.       -0.        0.        0.        0.  
                0.       -0.        0.        0.       -0.       -1.* 
 
  2009         -1.       -0.       -0.        0.        0.        0.  
                0.       -0.*       0.       -0.       -0.        0.  
 
  2010         -1.       -0.        0.       -0.*       0.        0.  
                0.        0.       -0.       -0.       -0.        0.  
 
  2011         -0.        0.        1.*       1.*      -0.        0.  
               -0.*       0.       -0.       -0.       -0.       -0.* 
 
  2012          0.*      -0.        0.        0.       -0.        0.  
                0.        0.        0.        0.       -0.        1.* 
 
  2013         -0.       -0.        0.       -0.       -0.        1.* 
                0.        0.       -0.       -0.        0.        0.  
 
  2014         -0.        0.       -0.*      -0.       -0.        0.  
                0.        0.       -0.        0.        0.        0.  
 
  2015         -1.        0.        0.       -0.       -1.*       0.  
                0.        0.       -0.       -0.        0.        0.  
 
  2016          0.*       0.       -0.*       0.        1.*       0.  
               -0.       -0.       -0.        0.*      -1.*       0.  
 

  Key to symbols:
    *  : extreme value as determined by X-11 extreme value procedure
 
        ces_hours 12420            PAGE   9, SERIES ces_hours_additi

 D 9  Final replacement values for SI ratios
  From  2007.Jan to 2016.Dec
  Observations        120
 ---------------------------------------------------------------
               Jan      Feb      Mar      Apr      May      Jun 
               Jul      Aug      Sep      Oct      Nov      Dec 
 ---------------------------------------------------------------
  2007     ******** ******** ******** ******** ******** ********
                 0.       0. ******** ******** ******** ********
 
  2008          -1. ******** ******** ******** ******** ********
           ******** ******** ******** ******** ********       0.
 
  2009     ******** ******** ******** ******** ******** ********
           ********      -0. ******** ******** ******** ********
 
  2010     ******** ******** ********      -0. ******** ********
           ******** ******** ******** ******** ******** ********
 
  2011     ******** ********       0.       0. ******** ********
                -0. ******** ******** ******** ********       0.
 
  2012          -0. ******** ******** ******** ******** ********
           ******** ******** ******** ******** ********       0.
 
  2013     ******** ******** ******** ******** ********       0.
           ******** ******** ******** ******** ******** ********
 
  2014     ******** ********      -0. ******** ******** ********
           ******** ******** ******** ******** ******** ********
 
  2015     ******** ******** ******** ********      -0. ********
           ******** ******** ******** ******** ******** ********
 
  2016          -0. ********       0. ********      -0. ********
           ******** ******** ********       0.      -0. ********
 

 D 9.A  Moving seasonality ratio
 ---------------------------------------------------------------
               Jan      Feb      Mar      Apr      May      Jun 
 ---------------------------------------------------------------
   I          0.118    0.179    0.221    0.235    0.076    0.128
   S          0.059    0.026    0.035    0.051    0.052    0.032
 RATIO        2.008    7.012    6.304    4.654    1.459    4.052



 ---------------------------------------------------------------
               Jul      Aug      Sep      Oct      Nov      Dec 
 ---------------------------------------------------------------
   I          0.145    0.241    0.162    0.188    0.085    0.097
   S          0.027    0.036    0.026    0.031    0.034    0.012
 RATIO        5.299    6.685    6.181    6.059    2.510    8.221



        ces_hours 12420            PAGE  10, SERIES ces_hours_additi

 D 10  Final seasonal factors
  From  2007.Jan to 2016.Dec
  Observations        120
  Seasonal filter    3 x 5 moving average
 -----------------------------------------------------------------------------
               Jan      Feb      Mar      Apr      May      Jun 
               Jul      Aug      Sep      Oct      Nov      Dec         AVGE  
 -----------------------------------------------------------------------------
  2007          -1.       0.      -0.       0.       0.       0.
                 0.      -0.       0.       0.      -0.       0.           -0.
 
  2008          -1.       0.      -0.       0.       0.       0.
                 0.      -0.       0.       0.      -0.       0.           -0.
 
  2009          -1.       0.      -0.       0.       0.       0.
                 0.      -0.       0.      -0.      -0.       0.           -0.
 
  2010          -1.      -0.       0.       0.       0.       0.
                 0.       0.      -0.      -0.      -0.       0.           -0.
 
  2011          -0.      -0.       0.       0.      -0.       0.
                 0.       0.      -0.      -0.      -0.       0.           -0.
 
  2012          -0.       0.       0.       0.      -0.       0.
                 0.       0.      -0.      -0.      -0.       0.            0.
 
  2013          -0.       0.       0.       0.      -0.       0.
                 0.       0.      -0.      -0.      -0.       0.            0.
 
  2014          -0.       0.       0.      -0.      -0.       0.
                 0.       0.      -0.      -0.      -0.       0.            0.
 
  2015          -0.       0.       0.      -0.      -0.       0.
                 0.       0.      -0.      -0.      -0.       0.           -0.
 
  2016          -0.       0.       0.      -0.      -0.       0.
                 0.       0.      -0.      -0.      -0.       0.           -0.
 
  AVGE          -1.       0.       0.       0.      -0.       0.
                 0.       0.      -0.      -0.      -0.       0.

  Table Total-          -0.   Mean-        -0.   Std. Dev.-         0.
                              Min -        -1.        Max -         0.

 D 10.A  Final seasonal component forecasts
  From  2017.Jan to 2017.Dec
  Observations         12
 -----------------------------------------------------------------------------
               Jan      Feb      Mar      Apr      May      Jun 
               Jul      Aug      Sep      Oct      Nov      Dec         AVGE  
 -----------------------------------------------------------------------------
  2017          -0.       0.       0.      -0.      -0.       0.
                 0.       0.      -0.      -0.      -0.       0.            0.
 
        ces_hours 12420            PAGE  11, SERIES ces_hours_additi
  
 D 11  Final seasonally adjusted data
       (also adjusted for trading day)
  From  2007.Jan to 2016.Dec
  Observations        120
 -----------------------------------------------------------------------------
               Jan      Feb      Mar      Apr      May      Jun 
               Jul      Aug      Sep      Oct      Nov      Dec        TOTAL  
 -----------------------------------------------------------------------------
  2007          36.      36.      36.      36.      36.      36.
                35.      36.      35.      35.      35.      35.          427.
 
  2008          35.      35.      35.      35.      35.      35.
                35.      35.      36.      36.      35.      35.          423.
 
  2009          35.      35.      35.      35.      35.      35.
                35.      35.      35.      35.      35.      35.          420.
 
  2010          35.      35.      36.      35.      36.      36.
                36.      36.      36.      36.      36.      36.          427.
 
  2011          36.      36.      37.      37.      36.      36.
                36.      36.      36.      36.      36.      35.          432.
 
  2012          36.      36.      36.      36.      36.      36.
                36.      36.      37.      37.      36.      37.          435.
 
  2013          36.      36.      36.      36.      36.      37.
                36.      36.      36.      36.      36.      36.          435.
 
  2014          36.      36.      35.      36.      36.      36.
                36.      36.      36.      36.      36.      36.          431.
 
  2015          36.      36.      36.      36.      35.      36.
                36.      36.      35.      35.      35.      35.          426.
 
  2016          36.      35.      35.      35.      36.      35.
                35.      35.      36.      36.      35.      36.          426.
 
  AVGE          36.      36.      36.      36.      36.      36.
                36.      36.      36.      36.      36.      36.

  Table Total-        4282.   Mean-        36.   Std. Dev.-         1.
                              Min -        35.        Max -        37.
        ces_hours 12420            PAGE  12, SERIES ces_hours_additi

 D 12  Final trend cycle
  From  2007.Jan to 2016.Dec
  Observations        120
  Trend filter    13-term Henderson moving average
  I/C ratio        2.48
 -----------------------------------------------------------------------------
               Jan      Feb      Mar      Apr      May      Jun 
               Jul      Aug      Sep      Oct      Nov      Dec        TOTAL  
 -----------------------------------------------------------------------------
  2007          36.      36.      36.      36.      36.      36.
                36.      35.      35.      35.      35.      35.          427.
 
  2008          35.      35.      35.      35.      35.      35.
                35.      35.      35.      35.      35.      35.          423.
 
  2009          35.      35.      35.      35.      35.      35.
                35.      35.      35.      35.      35.      35.          420.
 
  2010          35.      35.      35.      36.      36.      36.
                36.      36.      36.      36.      36.      36.          428.
 
  2011          36.      36.      36.      36.      36.      36.
                36.      36.      36.      36.      36.      36.          431.
 
  2012          36.      36.      36.      36.      36.      36.
                36.      36.      37.      37.      37.      36.          434.
 
  2013          36.      36.      36.      36.      36.      36.
                36.      36.      36.      36.      36.      36.          435.
 
  2014          36.      36.      36.      36.      36.      36.
                36.      36.      36.      36.      36.      36.          432.
 
  2015          36.      36.      36.      36.      36.      36.
                36.      35.      35.      35.      35.      35.          427.
 
  2016          35.      35.      35.      35.      35.      35.
                35.      35.      35.      36.      36.      36.          425.
 
  AVGE          36.      36.      36.      36.      36.      36.
                36.      36.      36.      36.      36.      36.

  Table Total-        4282.   Mean-        36.   Std. Dev.-         0.
                              Min -        35.        Max -        37.
        ces_hours 12420            PAGE  13, SERIES ces_hours_additi

 D 13  Final irregular component
  From  2007.Jan to 2016.Dec
  Observations        120
 -----------------------------------------------------------------------------
               Jan      Feb      Mar      Apr      May      Jun 
               Jul      Aug      Sep      Oct      Nov      Dec         S.D.  
 -----------------------------------------------------------------------------
  2007          -0.       0.       0.      -0.       0.       0.
                -0.       1.      -0.       0.      -0.       0.            0.
 
  2008          -0.       0.      -0.       0.       0.      -0.
                 0.      -0.       0.       0.      -0.      -1.            0.
 
  2009           0.      -0.      -0.       0.       0.      -0.
                 0.      -0.       0.      -0.      -0.       0.            0.
 
  2010           0.      -0.       0.      -0.       0.       0.
                 0.       0.      -0.      -0.       0.      -0.            0.
 
  2011           0.      -0.       1.       0.      -0.      -0.
                -0.       0.      -0.      -0.       0.      -1.            0.
 
  2012           0.      -0.      -0.       0.      -0.      -0.
                -0.      -0.       0.       0.      -0.       0.            0.
 
  2013           0.      -0.       0.      -0.       0.       0.
                -0.       0.      -0.      -0.       0.      -0.            0.
 
  2014           0.       0.      -0.       0.      -0.      -0.
                 0.      -0.      -0.       0.       0.      -0.            0.
 
  2015          -0.       0.       0.      -0.      -1.      -0.
                 0.       0.      -0.      -0.       0.      -0.            0.
 
  2016           0.      -0.      -0.       0.       1.       0.
                -0.      -0.       0.       0.      -0.       0.            0.
 
  S.D.           0.       0.       0.       0.       0.       0.
                 0.       0.       0.       0.       0.       0.

  Table Total-           1.   Mean-         0.   Std. Dev.-         0.
                              Min -        -1.        Max -         1.
        ces_hours 12420            PAGE  14, SERIES ces_hours_additi
  
 D 16  Combined adjustment factors
       (includes seasonal, trading day factors)
  From  2007.Jan to 2016.Dec
  Observations        120
 -----------------------------------------------------------------------------
               Jan      Feb      Mar      Apr      May      Jun 
               Jul      Aug      Sep      Oct      Nov      Dec         AVGE  
 -----------------------------------------------------------------------------
  2007          -1.       0.      -0.       0.       0.       0.
                 0.      -0.       0.      -0.      -0.       1.            0.
 
  2008          -1.      -0.       0.      -0.       0.       1.
                 0.       0.      -0.      -0.       0.      -0.           -0.
 
  2009          -1.       0.       0.       0.       0.       0.
                -0.       0.      -0.      -0.       0.      -0.            0.
 
  2010          -0.       0.      -0.       0.       0.       0.
                -0.       0.      -0.       0.      -0.       0.           -0.
 
  2011          -0.       0.      -0.      -0.       0.       0.
                 0.      -0.      -0.       0.      -0.       0.            0.
 
  2012          -0.      -0.      -0.       1.      -0.      -0.
                 0.       0.       0.      -0.      -0.       1.            0.
 
  2013          -1.       0.       0.      -0.      -0.       0.
                -0.       0.       0.      -0.      -0.       0.           -0.
 
  2014          -1.       0.       0.      -0.      -0.       1.
                -0.       0.      -0.      -0.       0.       0.            0.
 
  2015          -1.       0.       0.      -0.      -0.       0.
                -0.       1.      -0.      -0.       0.       0.            0.
 
  2016          -0.       0.      -0.      -0.       0.       0.
                 0.      -0.      -0.       0.      -0.       0.           -0.
 
  AVGE          -1.       0.       0.       0.       0.       0.
                 0.       0.      -0.      -0.      -0.       0.

  Table Total-          -1.   Mean-        -0.   Std. Dev.-         0.
                              Min -        -1.        Max -         1.

 D 16.A  Combined adjustment component forecasts
  From  2017.Jan to 2017.Dec
  Observations         12
 -----------------------------------------------------------------------------
               Jan      Feb      Mar      Apr      May      Jun 
               Jul      Aug      Sep      Oct      Nov      Dec         AVGE  
 -----------------------------------------------------------------------------
  2017          -0.       0.      -0.       0.      -0.       0.
                 0.      -0.      -0.       0.      -0.       0.            0.
 
        ces_hours 12420            PAGE  15, SERIES ces_hours_additi
  
 D 18  Combined calendar adjustment factors
       (includes trading day factors)
  From  2007.Jan to 2016.Dec
  Observations        120
 -----------------------------------------------------------------------------
               Jan      Feb      Mar      Apr      May      Jun 
               Jul      Aug      Sep      Oct      Nov      Dec         AVGE  
 -----------------------------------------------------------------------------
  2007          -0.       0.      -0.       0.      -0.      -0.
                 0.      -0.       0.      -0.      -0.       0.            0.
 
  2008          -0.      -0.       0.      -0.      -0.       0.
                -0.       0.      -0.      -0.       0.      -0.           -0.
 
  2009          -0.       0.       0.       0.       0.      -0.
                -0.       0.      -0.      -0.       0.      -0.            0.
 
  2010           0.       0.      -0.      -0.       0.      -0.
                -0.       0.       0.       0.      -0.      -0.           -0.
 
  2011           0.       0.      -0.      -0.       0.       0.
                 0.      -0.      -0.       0.      -0.      -0.            0.
 
  2012           0.      -0.      -0.       0.      -0.      -0.
                 0.      -0.       0.      -0.      -0.       0.            0.
 
  2013          -0.       0.       0.      -0.      -0.       0.
                -0.      -0.       0.      -0.      -0.       0.           -0.
 
  2014          -0.       0.       0.      -0.      -0.       0.
                -0.       0.      -0.      -0.       0.      -0.            0.
 
  2015          -0.       0.       0.       0.       0.      -0.
                -0.       0.      -0.      -0.       0.      -0.            0.
 
  2016           0.      -0.      -0.      -0.       0.       0.
                 0.      -0.      -0.       0.      -0.      -0.           -0.
 
  AVGE          -0.      -0.       0.      -0.       0.       0.
                -0.       0.       0.      -0.       0.      -0.

  Table Total-          -0.   Mean-        -0.   Std. Dev.-         0.
                              Min -        -0.        Max -         0.

 D 18.A  Combined calendar adjustment component forecasts
  From  2017.Jan to 2017.Dec
  Observations         12
 -----------------------------------------------------------------------------
               Jan      Feb      Mar      Apr      May      Jun 
               Jul      Aug      Sep      Oct      Nov      Dec         AVGE  
 -----------------------------------------------------------------------------
  2017           0.       0.      -0.       0.      -0.      -0.
                 0.      -0.      -0.       0.       0.       0.            0.
 
        ces_hours 12420            PAGE  16, SERIES ces_hours_additi

 E 4  Differences of annual totals
  From          2007 to 2016
  Observations         10
 -----------------------------------
  Year       Unmodified     Modified
                  (D11)         (E2)
 -----------------------------------
  2007               0.           0.
 
  2008              -1.          -1.
 
  2009               0.           0.
 
  2010              -0.          -0.
 
  2011               0.           0.
 
  2012               0.           0.
 
  2013              -0.          -0.
 
  2014               0.           0.
 
  2015               0.           0.
 
  2016              -0.          -0.
 
        ces_hours 12420            PAGE  17, SERIES ces_hours_additi

 E 5  Month-to-month differences in the original series
  From  2007.Feb to 2016.Dec
  Observations        119
 -----------------------------------------------------------------------------
               Jan      Feb      Mar      Apr      May      Jun 
               Jul      Aug      Sep      Oct      Nov      Dec         AVGE  
 -----------------------------------------------------------------------------
  2007                    1.      -0.       0.      -0.       0.
                -0.       0.      -1.      -0.      -0.       1.            0.
 
  2008          -2.       1.       0.      -0.       0.       1.
                -1.      -0.       0.      -0.      -0.      -1.           -0.
 
  2009          -0.       1.       0.       0.       0.      -0.
                -0.       0.      -0.       0.       0.       0.            0.
 
  2010          -0.       1.       0.      -0.       1.      -0.
                 0.       0.      -0.       0.      -0.       0.            0.
 
  2011           0.       0.       1.      -0.      -0.       0.
                -0.       0.      -0.       0.      -1.      -0.           -0.
 
  2012           1.      -0.       0.       1.      -1.       0.
                 1.      -0.       1.      -0.      -0.       1.            0.
 
  2013          -1.       0.       0.      -0.      -0.       1.
                -1.       0.       0.      -1.       0.       1.           -0.
 
  2014          -1.       1.      -0.      -0.      -0.       1.
                -0.       0.      -0.       0.       1.      -0.           -0.
 
  2015          -1.       1.       0.      -1.      -0.       1.
                -0.       1.      -1.       0.       1.      -0.           -0.
 
  2016           0.      -0.      -0.       0.       1.      -1.
                -0.      -0.       0.       1.      -1.       1.            0.
 
  AVGE          -0.       0.       0.      -0.       0.       0.
                -0.       0.      -0.      -0.      -0.       0.

  Table Total-           1.   Mean-         0.   Std. Dev.-         1.
                              Min -        -2.        Max -         1.
        ces_hours 12420            PAGE  18, SERIES ces_hours_additi

 E 6  Month-to-month differences in seasonally adjusted series (D11)
  From  2007.Feb to 2016.Dec
  Observations        119
 -----------------------------------------------------------------------------
               Jan      Feb      Mar      Apr      May      Jun 
               Jul      Aug      Sep      Oct      Nov      Dec         AVGE  
 -----------------------------------------------------------------------------
  2007                    0.       0.      -0.       0.       0.
                -1.       1.      -1.       0.      -0.      -0.           -0.
 
  2008          -0.       0.      -0.       0.       0.      -0.
                 0.      -0.       0.      -0.      -0.      -1.           -0.
 
  2009           1.      -0.      -0.       0.       0.      -0.
                 0.      -0.       0.       0.       0.       0.            0.
 
  2010           0.      -0.       0.      -1.       0.       0.
                 0.       0.      -0.       0.       0.       0.            0.
 
  2011           0.      -0.       1.      -0.      -1.      -0.
                -0.       0.      -0.      -0.       0.      -1.           -0.
 
  2012           1.      -0.       0.       0.      -0.       0.
                 0.       0.       0.      -0.      -0.       0.            0.
 
  2013          -0.      -0.       0.      -0.       0.       0.
                -0.       0.      -0.      -0.       0.      -0.           -0.
 
  2014           0.       0.      -1.       0.      -0.      -0.
                 0.      -0.       0.       0.      -0.      -0.            0.
 
  2015          -0.       0.      -0.      -1.      -0.       0.
                 0.       0.      -0.      -0.       0.      -0.           -0.
 
  2016           1.      -1.      -0.       1.       1.      -1.
                -0.      -0.       0.       0.      -1.       1.            0.
 
  AVGE           0.      -0.       0.      -0.       0.       0.
                -0.       0.      -0.       0.      -0.      -0.

  Table Total-           0.   Mean-         0.   Std. Dev.-         0.
                              Min -        -1.        Max -         1.
        ces_hours 12420            PAGE  19, SERIES ces_hours_additi

 E 7  Month-to-month differences in final trend cycle (D12)
  From  2007.Feb to 2016.Dec
  Observations        119
 -----------------------------------------------------------------------------
               Jan      Feb      Mar      Apr      May      Jun 
               Jul      Aug      Sep      Oct      Nov      Dec         AVGE  
 -----------------------------------------------------------------------------
  2007                    0.       0.      -0.      -0.      -0.
                -0.      -0.      -0.      -0.      -0.      -0.           -0.
 
  2008          -0.       0.       0.       0.       0.       0.
                 0.       0.       0.      -0.      -0.      -0.            0.
 
  2009          -0.      -0.      -0.      -0.       0.       0.
                 0.       0.       0.       0.       0.       0.            0.
 
  2010           0.       0.       0.       0.       0.       0.
                 0.       0.       0.       0.       0.       0.            0.
 
  2011           0.       0.       0.      -0.      -0.      -0.
                -0.      -0.      -0.      -0.      -0.       0.           -0.
 
  2012           0.       0.       0.       0.       0.       0.
                 0.       0.       0.       0.      -0.      -0.            0.
 
  2013          -0.      -0.      -0.       0.       0.       0.
                -0.      -0.      -0.      -0.      -0.      -0.           -0.
 
  2014          -0.      -0.      -0.      -0.      -0.       0.
                 0.       0.       0.       0.       0.      -0.            0.
 
  2015          -0.      -0.      -0.      -0.      -0.      -0.
                -0.      -0.      -0.      -0.      -0.      -0.           -0.
 
  2016           0.       0.       0.       0.       0.       0.
                 0.       0.       0.       0.       0.       0.            0.
 
  AVGE          -0.       0.       0.       0.       0.       0.
                -0.      -0.      -0.      -0.      -0.      -0.

  Table Total-          -0.   Mean-        -0.   Std. Dev.-         0.
                              Min -        -0.        Max -         0.
        ces_hours 12420            PAGE  20, SERIES ces_hours_additi

 E 8  Month-to-month differences in original series adjusted for calendar factors (A18)
  From  2007.Feb to 2016.Dec
  Observations        119
 -----------------------------------------------------------------------------
               Jan      Feb      Mar      Apr      May      Jun 
               Jul      Aug      Sep      Oct      Nov      Dec         AVGE  
 -----------------------------------------------------------------------------
  2007                    1.       0.      -0.       0.       0.
                -1.       1.      -1.       0.      -1.       0.            0.
 
  2008          -1.       1.      -0.       0.       0.       0.
                -0.      -0.       0.      -0.      -1.      -0.           -0.
 
  2009          -0.       0.      -0.       0.       0.       0.
                -0.      -0.       0.      -0.      -0.       1.            0.
 
  2010          -1.       1.       0.      -0.       0.       0.
                -0.       0.      -0.       0.       0.       0.            0.
 
  2011          -0.       0.       1.      -0.      -1.       0.
                -0.       0.      -0.      -0.       0.      -0.           -0.
 
  2012           0.      -0.       0.       0.      -0.       0.
                 0.       0.       0.      -0.      -0.       1.            0.
 
  2013          -1.       0.       0.      -0.      -0.       1.
                -1.       0.      -1.      -0.       0.       0.           -0.
 
  2014          -1.       1.      -1.       0.      -0.       0.
                 0.      -0.      -0.       0.       0.       0.            0.
 
  2015          -1.       1.      -0.      -1.      -1.       1.
                -0.       0.      -1.      -0.       0.       0.           -0.
 
  2016          -0.       0.      -0.       0.       1.      -0.
                -0.       0.       0.       0.      -1.       1.            0.
 
  AVGE          -0.       0.       0.       0.      -0.       0.
                -0.       0.      -0.       0.      -0.       0.

  Table Total-           1.   Mean-         0.   Std. Dev.-         0.
                              Min -        -1.        Max -         1.
        ces_hours 12420            PAGE  21, SERIES ces_hours_additi

 E 18  Final adjustment ratios
  From  2007.Jan to 2016.Dec
  Observations        120
 -----------------------------------------------------------------------------
               Jan      Feb      Mar      Apr      May      Jun 
               Jul      Aug      Sep      Oct      Nov      Dec         AVGE  
 -----------------------------------------------------------------------------
  2007       97.201  100.223   99.401  101.327  100.190  100.476
            101.189   99.337  100.935   99.692   98.885  101.494       100.029
 
  2008       97.281   98.878  100.965   99.498  100.145  102.279
            100.004  100.140   99.747   99.594  100.035   99.935        99.875
 
  2009       97.611  100.213  100.601  100.461  100.660  100.613
             99.922  101.033   99.267   99.518  100.465   99.967       100.028
 
  2010       98.656  100.138   99.544  100.216  101.193  100.024
             99.867  100.745   99.986  100.077   99.096  100.007        99.962
 
  2011       99.746  100.142   99.619   99.848  100.516  100.660
            100.502   99.797   99.545  100.778   98.813  100.089       100.005
 
  2012       99.506   99.247   99.742  101.521   99.195   99.851
            100.822  100.005  100.533   99.212   99.413  101.512       100.047
 
  2013       98.463  100.343  100.453   99.874   99.082  101.247
             99.728  100.102  100.884   99.242   99.147  101.158        99.977
 
  2014       98.434  100.409  101.272   99.249   99.112  101.682
             99.731  100.789   99.390   99.273  100.658  100.052       100.004
 
  2015       98.459  100.495  100.847   99.891   99.846  100.245
             99.729  101.495   98.932   99.359  101.041  100.066       100.034
 
  2016       99.114  100.016   99.780   99.085  100.266  100.621
            100.448   99.947   99.330  100.849   99.105  100.110        99.889
 
  AVGE       98.447  100.010  100.223  100.097  100.021  100.770
            100.194  100.339   99.855   99.759   99.666  100.439

  Table Total-       11998.   Mean-       100.   Std. Dev.-         1.
                              Min -        97.        Max -       102.

 E 18.A  Final adjustment ratio forecasts
  From  2017.Jan to 2017.Dec
  Observations         12
 -----------------------------------------------------------------------------
               Jan      Feb      Mar      Apr      May      Jun 
               Jul      Aug      Sep      Oct      Nov      Dec         AVGE  
 -----------------------------------------------------------------------------
  2017       99.468  100.604   99.822  100.563   99.189  100.232
            101.199   99.914   98.974  100.458   99.878  100.832       100.094
 
        ces_hours 12420            PAGE  22, SERIES ces_hours_additi

 F 4.  Additive Day of the Week Trading Day Component Factors


      Day of Week Component for regARIMA Trading Day Factors:

                                       months starting on:
                     Mon      Tue      Wed      Thu      Fri      Sat      Sun
 31-day months        -0.      -0.      -0.      -0.       0.       0.       0.
 30-day months        -0.      -0.       0.      -0.      -0.       0.       0.
 Leap year Feb.        0. ********      -0. ********      -0. ******** ********

  QS statistic for seasonality:
  Original Series                                     1.24  (P-Value =     0.5370)
  Original Series (EV adj)                            6.36  (P-Value =     0.0416)
  Residuals                                           0.00  (P-Value =     1.0000)
  Seasonally Adjusted Series                          0.00  (P-Value =     1.0000)
  Seasonally Adjusted Series (EV adj)                 0.00  (P-Value =     1.0000)
  Irregular Series                                    0.00  (P-Value =     1.0000)
  Irregular Series (EV adj)                           0.00  (P-Value =     1.0000)

  QS statistic for seasonality (starting 2009.Jan):
  Original Series                                     0.66  (P-Value =     0.7181)
  Original Series (EV adj)                            5.28  (P-Value =     0.0715)
  Residuals                                           0.00  (P-Value =     1.0000)
  Seasonally Adjusted Series                          0.00  (P-Value =     1.0000)
  Seasonally Adjusted Series (EV adj)                 0.00  (P-Value =     1.0000)
  Irregular Series                                    0.00  (P-Value =     1.0000)
  Irregular Series (EV adj)                           0.00  (P-Value =     1.0000)


 WARNING: Series should not be a candidate for seasonal adjustment
          because the spectrum of the prior adjusted series (Table B1)
          has no visually significant seasonal peaks.

          If this is a component series of an indirectly adjusted
          composite series, consider using type = trend or type = summary
          in the x11 spec.
        ces_hours 12420            PAGE  23, SERIES ces_hours_additi
 G 0  10*LOG(SPECTRUM) of the differenced Prior Adjusted Series
      (Table B1).  Spectrum estimated from 2009.Jan to 2016.Dec.
 ++++++++++I+++++++++++++++++++++++++++++++++++++++++++++++++++++++++++++I
       7.11I                                                            SI      7.11
           I                                                            SI
           I                                                            SI
           I                                                            SI
       5.11I                                                            SI      5.11
           I                                                            SI
           I                                                            SI
           I                                                            SI
       3.11I                                                            SI      3.11
           I                                                            SI
           I                                                            SI
           I                                                            SI
       1.11I                                                            SI      1.11
           I                                                            SI
           I                                                            SI
           I                                                            SI
      -0.89I                                                            SI     -0.89
           I                                             *              SI
           I                                             *              SI
           I                                             *              SI
      -2.89I                                            **  *           SI     -2.89
           I                                        S   **  *           SI
           I                                        S   **  *           SI
           I                                        S   **  *           SI
      -4.89I                                        S*  ** **           SI     -4.89
           I                           *            S*  ** **           SI
           I                           *            S*  *****    *      SI
           I                          **   *        S*  *****    *     *SI
      -6.88I                          *** S*        S*  *****    *     *SI     -6.88
           I                          ****S**       S*  *****    *     *SI
           I                          ****S** **    S*  *****    *     *SI
           I                         *****S*****    S*  *****    *     *SI
      -8.88I                         *****S*****    S*T*******   *     *SI     -8.88
           I                      *  *****S*****   *S*T*******   *     *SI
           I                      ********S*****   *S*T*******   *     *SI
           I                      ********S******  *S*T*******  T*     *SI
     -10.88I                  *   ********S******  *S*T*******  T**    *SI    -10.88
           I                 **  *********S******  *S*T*******  T**    *SI
           I     *   *   *   **  *********S******  *S*T*******  T**   **SI
           I     *   *   *   **  *********S*********S*T*******S T**   **SI
     -12.88I     *   *S **   *** *********S*********S*T*******S*T**   **SI    -12.88
           I     *   *S **   ***S*********S*********S*T*******S*T**   **SI
           I*    *   *S****  ***S*********S*********S*T*******S*T**   **SI
           I*    *  **S**** ****S*********S*********S*T*******S*T***  **SI
     -14.88I*   *** **S**** ****S*********S*********S*T*******S*T*** ***SI    -14.88
           I*   *** **S*********S*********S*********S*T*******S*T*******SI
           I*   ******S*********S*********S*********S*T*******S*T*******SI
           I*   ******S*********S*********S*********S*T*******S*T*******SI
     -16.88I**  ******S*********S*********S*********S*T*******S*T*******SI    -16.88
           I**  ******S*********S*********S*********S*T*******S*T*******SI
           I**  ******S*********S*********S*********S*T*******S*T*******SI
           I** *******S*********S*********S*********S*T*******S*T*******SI
     -18.88I**********S*********S*********S*********S*T*******S*T*******SI    -18.88
 ++++++++++I+++++++++++++++++++++++++++++++++++++++++++++++++++++++++++++I
            S=SEASONAL FREQUENCIES, T=TRADING DAY FREQUENCIES
        ces_hours 12420            PAGE  24, SERIES ces_hours_additi
 G 1  10*LOG(SPECTRUM) of the differenced seasonally adjusted 
      data (Table E2).  Spectrum estimated from 2009.Jan to 2016.Dec.
 ++++++++++I+++++++++++++++++++++++++++++++++++++++++++++++++++++++++++++I
      -1.70I                                              *              I     -1.70
           I                                              *              I
           I                                              *              I
           I                                              *              I
      -3.22I                                              *              I     -3.22
           I                                              *              I
           I                                             **              I
           I                                             **              I
      -4.74I                                             **              I     -4.74
           I                                             **              I
           I                                             **              I
           I                                             **              I
      -6.25I                                           * **          *   I     -6.25
           I                                           * **          *   I
           I                                           * **          *   I
           I                                           ****          *   I
      -7.77I                                     *     ****          *   I     -7.77
           I                                     *     *****        **   I
           I                                     *     *****        **   I
           I                                     *    T*****        **   I
      -9.29I                                     *    T*****        **   I     -9.29
           I                  *        *         *    T*****        ***  I
           I                  *        *         *    T*****        ***  I
           I                  *        **        *    T*****        ***  I
     -10.80I                  *        **        *    T*****     *  ***  I    -10.80
           I                  *       ***        *    T*****     * ****  I
           I                  *       ***        *    T*****     ******  I
           I                  *       ***        *    T*****    T******  I
     -12.32I                  *      ****       **    T******   T******* I    -12.32
           I                  *      ****       **    T******   T******* I
           I     *            *      ****       **    T******   T*******SI
           I    **            *      ****       **    T******   T*******SI
     -13.84I    **            *      ****   *   **    T******  *T*******SI    -13.84
           I    **  *         *      *****  *   **    T******* *T*******SI
           I    **  *    *   **      *****  *   **   *T*******S*T*******SI
           I    **  *    *   **     ****** **   ***  *T*******S*T*******SI
     -15.35I    **  *    *   **     ****** **   ***  *T*******S*T*******SI    -15.35
           I    **  *    *   **     ******S**   ***  *T*******S*T*******SI
           I    **  *    *   **     ******S***  ***  *T*******S*T*******SI
           I    **  *    *   **     ******S***  ***  *T*******S*T*******SI
     -16.87I*   **  **   *   **     ******S***  *** S*T*******S*T*******SI    -16.87
           I*   ******   *   ***    ******S*** **** S*T*******S*T*******SI
           I*   ******  **   ***    ******S*** *****S*T*******S*T*******SI
           I*   ******  **   ***    ******S*********S*T*******S*T*******SI
     -18.39I*   ******  ***  ***   *******S*********S*T*******S*T*******SI    -18.39
           I*  *******  ***  ***   *******S*********S*T*******S*T*******SI
           I** *******  ***  ***   *******S*********S*T*******S*T*******SI
           I** *******  *** ****   *******S*********S*T*******S*T*******SI
     -19.90I** *******S *** ****   *******S*********S*T*******S*T*******SI    -19.90
           I** *******S**** ****   *******S*********S*T*******S*T*******SI
           I**********S*********S ********S*********S*T*******S*T*******SI
           I**********S*********S ********S*********S*T*******S*T*******SI
     -21.42I**********S*********S*********S*********S*T*******S*T*******SI    -21.42
 ++++++++++I+++++++++++++++++++++++++++++++++++++++++++++++++++++++++++++I
            S=SEASONAL FREQUENCIES, T=TRADING DAY FREQUENCIES
        ces_hours 12420            PAGE  25, SERIES ces_hours_additi
 G 2  10*LOG(SPECTRUM) of the Modified Irregular (Table E3).  
      Spectrum estimated from 2009.Jan to 2016.Dec.
 ++++++++++I+++++++++++++++++++++++++++++++++++++++++++++++++++++++++++++I
      -6.91I                                              *              I     -6.91
           I                                              *              I
           I                                              *              I
           I                                              *              I
      -8.70I                                              *              I     -8.70
           I                                             **              I
           I                                             **              I
           I                                             **              I
     -10.49I                                             **              I    -10.49
           I                                           * **              I
           I                  *                        * **              I
           I                  *        *               * **              I
     -12.28I                  *        *         *     ****          *   I    -12.28
           I                  *        **        *     ****          *   I
           I                  *        **        *     ****          *   I
           I                  *      * **        *     ****          *   I
     -14.07I                  *      * **        *    T*****        **   I    -14.07
           I                  *      ****        *    T*****        **   I
           I                 **      ****        *    T*****        **   I
           I                 **      ****        *    T*****        ***  I
     -15.86I                 **     *****        *    T*****        ***  I    -15.86
           I                 **     *****        *    T*****        ***  I
           I                 **     *****       **    T*****     * ****  I
           I                 **     *****   *   **    T*****     ******  I
     -17.65I                 ***    *****   *   **    T*****    T******  I    -17.65
           I                 ***    ****** **   **    T******   T******* I
           I                 ***    ****** **   **    T******   T******* I
           I                 ***    ****** **   **    T******   T*******SI
     -19.44I                 ***    ******S**   **   *T******  *T*******SI    -19.44
           I   *         *   ***    ******S**   ***  *T******* *T*******SI
           I   *        **  ****   *******S***  ***  *T*******S*T*******SI
           I   *        **  ****   *******S***  ***  *T*******S*T*******SI
     -21.23I   *    *   **  ****S  *******S***  ***  *T*******S*T*******SI    -21.23
           I   *    *   **  ****S  *******S*** **** S*T*******S*T*******SI
           I   **  **   *** ****S  *******S*** **** S*T*******S*T*******SI
           I   **  **   ********S ********S*********S*T*******S*T*******SI
     -23.01I   **  **   ********S*********S*********S*T*******S*T*******SI    -23.01
           I   **  **  *********S*********S*********S*T*******S*T*******SI
           I   **  *** *********S*********S*********S*T*******S*T*******SI
           I   **  *** *********S*********S*********S*T*******S*T*******SI
     -24.80I   ** ****S*********S*********S*********S*T*******S*T*******SI    -24.80
           I   *******S*********S*********S*********S*T*******S*T*******SI
           I  ********S*********S*********S*********S*T*******S*T*******SI
           I  ********S*********S*********S*********S*T*******S*T*******SI
     -26.59I  ********S*********S*********S*********S*T*******S*T*******SI    -26.59
           I  ********S*********S*********S*********S*T*******S*T*******SI
           I  ********S*********S*********S*********S*T*******S*T*******SI
           I  ********S*********S*********S*********S*T*******S*T*******SI
     -28.38I  ********S*********S*********S*********S*T*******S*T*******SI    -28.38
           I  ********S*********S*********S*********S*T*******S*T*******SI
           I *********S*********S*********S*********S*T*******S*T*******SI
           I *********S*********S*********S*********S*T*******S*T*******SI
     -30.17I**********S*********S*********S*********S*T*******S*T*******SI    -30.17
 ++++++++++I+++++++++++++++++++++++++++++++++++++++++++++++++++++++++++++I
            S=SEASONAL FREQUENCIES, T=TRADING DAY FREQUENCIES
        ces_hours 12420            PAGE  26, SERIES ces_hours_additi

  Peak probabilities for Tukey spectrum estimator
  Spectrum estimated from 2009.Jan to 2016.Dec.

                                          S1       S2       S3       S4       S5       S6       TD
                                        ------   ------   ------   ------   ------   ------   ------
  Model Residuals                        0.853    0.101    0.370    0.637    0.164    0.467    0.818  
  Prior Adjusted Series (Table B1)       0.425    0.255    0.708    0.750    0.025    1.000**  0.106  
  Seasonally adjusted series (E2)        0.118    0.121    0.523    0.038    0.160    0.327    0.790  
  Modified Irregular (E3)                0.171    0.159    0.444    0.032    0.161    0.325    0.805  
  ----------
     ** - Peak Probability > 0.99,
      * - 0.90 < Peak Probability < 0.99


