  Reading input spec file from D:\Programming\Dynamic Paper-dlrhcs_replication\outputs\empirical\unemployment\raw_sa_pilot\x13_work\ces_hours_additive_level_16620_200701_201612.spc

1

               U. S. Department of Commerce, U. S. Census Bureau

              X-13ARIMA-SEATS monthly seasonal adjustment Method,
                          Release Version 1.1 Build 62


           This software application provides an enhanced version of
             Statistics Canada's X-11-ARIMA extension (Dagum, 1980)
                 of the X-11 variant of the Census Method II of
                      Shiskin, Young and Musgrave (1967).

            It also provides an ARIMA model-based method following
       Hillmer and Tiao (1982) and Burman (1980) that is very similar
       to the update of the method of SEATS (Gomez and Maravall, 1996)
                produced at the Bank of Spain by G. Caporello and
               A. Maravall for TSW (Caporello and Maravall, 2004).
          The present application includes additional enhancements.

         X-13ARIMA-SEATS includes an automatic ARIMA model selection procedure
          based largely on the procedure of Gomez and Maravall (1998)
            as implemented in TRAMO (1996) and subsequent revisions.

              Primary Programmers: Brian Monsell, Mark Otto and,
                 for the ARIMA model-based signal extraction,
                      Gianluca Caporello and Victor Gomez


     Series Title- ces_hours 16620
     Series Name- ces_hours_additi
     Jul 29, 2026  08.39.16 

        -Period covered-  1st month,2007 to 12th month,2016
        -Type of run - additive seasonal adjustment

        -Sigma limits for graduating extreme values are  1.5 and  2.5 .
        -3x3 moving average used in section 1 of each iteration, 
         3x5 moving average in section 2 of iterations B and C,
         moving average for final seasonal factors chosen by Global MSR.
        -Holiday adjustment factors applied directly to the final seasonally adjusted series
        -Spectral plots generated for selected series
        -Spectral plots generated for series starting in 2009.Jan

 FILE SAVE REQUESTS (* indicates file exists and will be overwritten)
  D:\Programming\Dynamic Paper-dlrhcs_replication\outputs\empirical\unemployment\raw_sa_pilot\x13_work\ces_hours_additive_level_16620_200701_201612.d10  final seasonal factors
  D:\Programming\Dynamic Paper-dlrhcs_replication\outputs\empirical\unemployment\raw_sa_pilot\x13_work\ces_hours_additive_level_16620_200701_201612.d11  final seasonally adjusted data
  D:\Programming\Dynamic Paper-dlrhcs_replication\outputs\empirical\unemployment\raw_sa_pilot\x13_work\ces_hours_additive_level_16620_200701_201612.out  program output file
  D:\Programming\Dynamic Paper-dlrhcs_replication\outputs\empirical\unemployment\raw_sa_pilot\x13_work\ces_hours_additive_level_16620_200701_201612.err  program error file
        ces_hours 16620            PAGE   1, SERIES ces_hours_additi

     Contents of spc file D:\Programming\Dynamic Paper-dlrhcs_replication\outputs\empirical\unemployment\raw_sa_pilot\x13_work\ces_hours_additive_level_16620_200701_201612.spc

 Line #
 ------
      1: series {
      2:   title = "ces_hours 16620"
      3:   start = 2007.1
      4:   period = 12
      5:   data = (
      6: 35.2
      7: 34.8
      8: 35.1
      9: 35.2
     10: 35.2
     11: 35.1
     12: 35.1
     13: 35.1
     14: 35
     15: 34.7
     16: 33.8
     17: 34.6
     18: 35.3
     19: 34.8
     20: 35.1
     21: 35.1
     22: 34.9
     23: 34.9
     24: 35
     25: 34.8
     26: 34.4
     27: 33.9
     28: 33.6
     29: 33.9
     30: 34.6
     31: 34.3
     32: 34.2
     33: 34.1
     34: 34.5
     35: 34.2
     36: 34.6
     37: 34.5
     38: 34.2
     39: 34.2
     40: 33.9
     41: 34.6
     42: 34.6
     43: 34.3
     44: 35
     45: 35.2
     46: 35.4
     47: 34.7
     48: 35
     49: 34.7
     50: 34.8
     51: 35
     52: 34.5
     53: 35
     54: 36.1
     55: 35.3
     56: 34.8
     57: 35.2
     58: 36
     59: 35.6
     60: 35.6
     61: 35.5
     62: 35.2
     63: 36.3
     64: 35.9
     65: 36
     66: 36.3
     67: 35.6
     68: 35.7
     69: 36.3
     70: 35.8
     71: 35.4
     72: 35.7
     73: 35.9
     74: 35.9
     75: 35.5
     76: 35.9
     77: 35.4
     78: 35
     79: 34.8
     80: 35.5
     81: 35.3
     82: 35.6
     83: 35.7
     84: 35.3
     85: 35.4
     86: 35.7
     87: 35.2
     88: 35.4
     89: 35.5
     90: 34.7
     91: 35.1
     92: 34.9
     93: 34.9
     94: 34.8
     95: 35.2
     96: 35.3
     97: 35.3
     98: 34.7
     99: 35.2
    100: 35.4
    101: 34.7
    102: 34.6
    103: 34.1
    104: 34.9
    105: 35
    106: 35.6
    107: 35.7
    108: 35.4
    109: 35.2
    110: 34.6
    111: 34.8
    112: 34.8
    113: 34.1
    114: 33.7
    115: 33.6
    116: 34.3
    117: 34.3
    118: 34.7
    119: 34.8
    120: 34.8
    121: 35.2
    122: 35.2
    123: 35.8
    124: 35.5
    125: 35.6
    126:   )
    127: }
    128: transform { function = none }
    129: regression { aictest = (td easter) }
    130: automdl {}
    131: x11 { mode = add save = (d10 d11) }
        ces_hours 16620            PAGE   2, SERIES ces_hours_additi

 A 1  Time series data (for the span analyzed)
  From  2007.Jan to 2016.Dec
  Observations        120
 -----------------------------------------------------------------------------
               Jan      Feb      Mar      Apr      May      Jun 
               Jul      Aug      Sep      Oct      Nov      Dec        TOTAL  
 -----------------------------------------------------------------------------
  2007          35.      35.      35.      35.      35.      35.
                35.      35.      35.      35.      34.      35.          419.
 
  2008          35.      35.      35.      35.      35.      35.
                35.      35.      34.      34.      34.      34.          416.
 
  2009          35.      34.      34.      34.      35.      34.
                35.      35.      34.      34.      34.      35.          412.
 
  2010          35.      34.      35.      35.      35.      35.
                35.      35.      35.      35.      35.      35.          418.
 
  2011          36.      35.      35.      35.      36.      36.
                36.      36.      35.      36.      36.      36.          428.
 
  2012          36.      36.      36.      36.      36.      35.
                36.      36.      36.      36.      36.      35.          429.
 
  2013          35.      35.      36.      35.      36.      36.
                35.      35.      36.      35.      35.      36.          424.
 
  2014          35.      35.      35.      35.      35.      35.
                35.      35.      35.      35.      35.      35.          420.
 
  2015          35.      34.      35.      35.      36.      36.
                35.      35.      35.      35.      35.      34.          419.
 
  2016          34.      34.      34.      34.      35.      35.
                35.      35.      35.      36.      36.      36.          418.
 
  AVGE          35.      35.      35.      35.      35.      35.
                35.      35.      35.      35.      35.      35.

  Table Total-        4202.   Mean-        35.   Std. Dev.-         1.
                              Min -        34.        Max -        36.
        ces_hours 16620            PAGE   3, SERIES ces_hours_additi
                        Automatic ARIMA Model Selection

                    Procedure based closely on TRAMO method 
                         of Gomez and Maravall (2000)
              "Automatic Modeling Methods for Univariate Series",
                            A Course in Time Series
                  (Edited by D. Pena, G. C. Tiao, R. S. Tsay),
                         New York : J. Wiley and Sons


     Maximum order for regular ARMA parameters :   2
     Maximum order for seasonal ARMA parameters :   1
     Maximum order for regular differencing :   2
     Maximum order for seasonal differencing :   1

   Results of Unit Root Test for identifying orders of differencing:
     Regular difference order :   0
     Seasonal difference order :   0

  Automatic model choice : (1 0 2)(1 0 0)


  Final Checks for Identified Model


  Checking for Unit Roots.
   No unit roots found.
   Nonseasonal MA not within  0.001 of 1.0 - model passes test.

  Checking for insignificant ARMA coefficients.

  Final automatic model choice : (1 0 2)(1 0 0)
   End of automatic model selection procedure.

 Average absolute percentage error in within-sample forecasts:
  Last year:   1.45      Last-1 year:   1.10     Last-2 year:   0.84
  Last three years:    1.13

 Estimation converged in    9 ARMA iterations,   69 function evaluations.

 Regression Model
 ------------------------------------------------------------------------------
                             Parameter        Standard
 Variable                     Estimate           Error      t-value
 ------------------------------------------------------------------------------
 Constant                      35.0591         0.21039       166.64

 Leap Year                     -0.0721         0.18268        -0.39

 1-Coefficient Trading Day
   Weekday                     -0.0255         0.00888        -2.88
 **Sat/Sun (derived)            0.0638         0.02219         2.88
 ------------------------------------------------------------------------------
 **For the one coefficient trading-day effect, the derived
   parameter estimate is obtained indirectly as minus -2.5 times
   the directly estimated parameter that defines the effect.


 Chi-squared Tests for Groups of Regressors
 ------------------------------------------------------------------------------
 Regression Effect                  df      Chi-Square      P-Value
 ------------------------------------------------------------------------------
 Combined Trading Day and Leap Year Regressors
                                     2            8.57         0.01


 F Tests for Trading Day Regressors 
 -----------------------------------------------------------------------
 Regression Effect                     df         F-statistic    P-Value
 -----------------------------------------------------------------------
 1-Coefficient Trading Day           1, 117            8.07         0.01


 ARIMA Model:  (1 0 2)(1 0 0)
                                              Standard
 Parameter                    Estimate          Errors
 -----------------------------------------------------
 Nonseasonal AR                                    
   Lag  1                       0.8725         0.07329

 Seasonal AR                                       
   Lag 12                       0.2595         0.09351

 Nonseasonal MA                                    
   Lag  1                       0.1893         0.12068
   Lag  2                       0.1495         0.11103

 Variance                       0.12695E+00
 SE of Var                      0.16389E-01
 -----------------------------------------------------

 Likelihood Statistics
 ------------------------------------------------------------------
 Number of observations (nobs)                                  120
 Effective number of observations (nefobs)                      120
 Number of parameters estimated (np)                              8
 Log likelihood (L)                                        -47.3400
 AIC                                                       110.6800 
 AICC (F-corrected-AIC)                                    111.9773 
 Hannan Quinn                                              119.7361 
 BIC                                                       132.9799 
 ------------------------------------------------------------------

 QS Statistic for regARIMA Model Residuals (full series):             0.00
                                                       (P-Value =     1.0000)

 QS Statistic for regARIMA Model Residuals (starting 2009.Jan):       0.00
                                                       (P-Value =     1.0000)
      10*LOG(SPECTRUM) of the regARIMA model residuals
      Spectrum estimated from 2009.Jan to 2016.Dec.
 ++++++++++I+++++++++++++++++++++++++++++++++++++++++++++++++++++++++++++I
      -3.07I                                                        *    I     -3.07
           I                                                        *    I
           I                                                        *    I
           I                                                        *    I
      -4.04I                                                        *    I     -4.04
           I                                                        *    I
           I                                                        *    I
           I                          *                             *    I
      -5.01I                          *           *                 *    I     -5.01
           I                          *           *                 *    I
           I                          *           *                 *    I
           I                          *           *         *       *    I
      -5.98I                          *           *         *       *    I     -5.98
           I                          *           *     *   *       *    I
           I      *                   *           *     *   *       *    I
           I      *                   *           *     *   *      **    I
      -6.95I      **                 **           *     *   *      **    I     -6.95
           I      **                 **           *     *   *      **    I
           I      **                 **           *     *   *      **    I
           I      **  S              **           *     *   *      **    I
      -7.92I      **  S          *   **    *      *     *   *      **    I     -7.92
           I      **  S    *     *   **    *     **     *   *      **    I
           I  *   **  S*   *     *   ***   *     **     *   **     **    I
           I  *   **  S*  **     *   ***   *     **     *   **     **    I
      -8.89I  *   **  S*  **     ** ****   *   ****     *   **     **    I     -8.89
           I  **  **  S*  **     ** ****   **  ****     *   **     **    I
           I  **  **  S*  **    S*******   **  *****    *   **     **    I
           I  **  **  S*  **    S*******   **  *****    *   **     **    I
      -9.85I  **  **  S*  **    S*******   **  *****    *   ** *   **    I     -9.85
           I  ** *****S*  **    S*******   ** ******    *   ** *T  **    I
           I  ** *****S*  **    S*******  S** ******    *   **S*T  **    I
           I  ** *****S*  **    S*******  S** ******    *  ***S*T  **    I
     -10.82I  ********S*  **    S*******  S*********   **  ***S*T  **    I    -10.82
           I *********S*  **    S*******  S*********   **  ***S*T  **    I
           I *********S** **    S*******  S*********   **  ***S*T  **    I
           I *********S*****    S******** S*********   **  ***S*T  **    I
     -11.79I *********S*****    S******** S*********   *** ***S*T ****   I    -11.79
           I *********S*****    S*********S*********   *** ***S*T*****   I
           I**********S*****    S*********S*********   *** ***S*T*****   I
           I**********S*****    S*********S*********   *** ***S*T*****   I
     -12.76I**********S*****    S*********S*********   *** ***S*T*****   I    -12.76
           I**********S******  *S*********S*********   *******S*T*****   I
           I**********S******  *S*********S*********   *******S*T*****   I
           I**********S******  *S*********S*********   *******S*T*****   I
     -13.73I**********S******  *S*********S*********   *******S*T*****   I    -13.73
           I**********S******  *S*********S*********   *******S*T*****   I
           I**********S******  *S*********S*********S  *******S*T*****   I
           I**********S******  *S*********S*********S  *******S*T*****   I
     -14.70I**********S******  *S*********S*********S  *******S*T****** SI    -14.70
           I**********S******  *S*********S*********S  *******S*T*******SI
           I**********S*********S*********S*********S T*******S*T*******SI
           I**********S*********S*********S*********S T*******S*T*******SI
     -15.67I**********S*********S*********S*********S*T*******S*T*******SI    -15.67
 ++++++++++I+++++++++++++++++++++++++++++++++++++++++++++++++++++++++++++I
            S=SEASONAL FREQUENCIES, T=TRADING DAY FREQUENCIES


 FORECASTING
  Origin  2016.Dec
  Number        12

  Forecasts and Standard Errors
   ------------------------------
                         Standard
       Date   Forecast      Error
   ------------------------------
   2017.Jan      35.27      0.358
   2017.Feb      35.17      0.442
   2017.Mar      35.20      0.465
   2017.Apr      35.32      0.488
   2017.May      35.18      0.504
   2017.Jun      35.21      0.516
   2017.Jul      35.29      0.526
   2017.Aug      35.24      0.533
   2017.Sep      35.32      0.539
   2017.Oct      35.39      0.543
   2017.Nov      35.27      0.547
   2017.Dec      35.41      0.550
   ------------------------------

  Confidence intervals with coverage probability ( 0.95000
   ---------------------------------------
       Date      Lower  Forecast     Upper
   ---------------------------------------
   2017.Jan      34.57     35.27     35.97
   2017.Feb      34.30     35.17     36.03
   2017.Mar      34.29     35.20     36.11
   2017.Apr      34.37     35.32     36.28
   2017.May      34.20     35.18     36.17
   2017.Jun      34.20     35.21     36.23
   2017.Jul      34.26     35.29     36.32
   2017.Aug      34.19     35.24     36.28
   2017.Sep      34.26     35.32     36.38
   2017.Oct      34.32     35.39     36.45
   2017.Nov      34.20     35.27     36.34
   2017.Dec      34.33     35.41     36.49
   ---------------------------------------
        ces_hours 16620            PAGE   4, SERIES ces_hours_additi

 A 6  RegARIMA trading day component
  From  2007.Jan to 2016.Dec
  Observations        120
 -----------------------------------------------------------------------------
               Jan      Feb      Mar      Apr      May      Jun 
               Jul      Aug      Sep      Oct      Nov      Dec         AVGE  
 -----------------------------------------------------------------------------
  2007          -0.       0.       0.       0.      -0.       0.
                 0.      -0.       0.      -0.      -0.       0.           -0.
 
  2008          -0.      -0.       0.      -0.       0.       0.
                -0.       0.      -0.      -0.       0.      -0.           -0.
 
  2009           0.       0.       0.      -0.       0.      -0.
                -0.       0.      -0.       0.       0.      -0.           -0.
 
  2010           0.       0.      -0.      -0.       0.      -0.
                 0.       0.      -0.       0.      -0.      -0.           -0.
 
  2011           0.       0.      -0.       0.       0.      -0.
                 0.      -0.      -0.       0.      -0.       0.            0.
 
  2012           0.      -0.       0.       0.      -0.       0.
                 0.      -0.       0.      -0.      -0.       0.           -0.
 
  2013          -0.       0.       0.      -0.      -0.       0.
                -0.       0.       0.      -0.       0.       0.           -0.
 
  2014          -0.       0.       0.      -0.       0.       0.
                -0.       0.      -0.      -0.       0.      -0.           -0.
 
  2015           0.       0.       0.      -0.       0.      -0.
                -0.       0.      -0.       0.       0.      -0.           -0.
 
  2016           0.      -0.      -0.       0.       0.      -0.
                 0.      -0.      -0.       0.      -0.       0.           -0.
 
  AVGE           0.      -0.       0.      -0.       0.       0.
                -0.       0.      -0.      -0.       0.      -0.

  Table Total-          -0.   Mean-        -0.   Std. Dev.-         0.
                              Min -        -0.        Max -         0.

 A 6.A  RegARIMA trading day component forecasts
  From  2017.Jan to 2017.Dec
  Observations         12
 -----------------------------------------------------------------------------
               Jan      Feb      Mar      Apr      May      Jun 
               Jul      Aug      Sep      Oct      Nov      Dec         AVGE  
 -----------------------------------------------------------------------------
  2017           0.       0.      -0.       0.      -0.      -0.
                 0.      -0.       0.       0.      -0.       0.            0.
 
        ces_hours 16620            PAGE   5, SERIES ces_hours_additi
  
 B 1  Original series (prior adjusted)
      (adjusted for regARIMA factors)
  From  2007.Jan to 2016.Dec
  Observations        120
 -----------------------------------------------------------------------------
               Jan      Feb      Mar      Apr      May      Jun 
               Jul      Aug      Sep      Oct      Nov      Dec        TOTAL  
 -----------------------------------------------------------------------------
  2007          35.      35.      35.      35.      35.      35.
                35.      35.      35.      35.      34.      34.          419.
 
  2008          35.      35.      35.      35.      35.      35.
                35.      35.      34.      34.      33.      34.          416.
 
  2009          35.      34.      34.      34.      34.      34.
                35.      34.      34.      34.      34.      35.          412.
 
  2010          34.      34.      35.      35.      35.      35.
                35.      35.      35.      35.      35.      35.          418.
 
  2011          36.      35.      35.      35.      36.      36.
                35.      36.      35.      36.      36.      36.          427.
 
  2012          36.      36.      36.      36.      36.      35.
                36.      36.      36.      36.      36.      35.          429.
 
  2013          35.      35.      35.      35.      36.      36.
                35.      35.      36.      35.      35.      35.          424.
 
  2014          35.      35.      35.      35.      35.      35.
                35.      35.      35.      35.      35.      35.          420.
 
  2015          35.      34.      35.      35.      35.      36.
                35.      35.      35.      35.      35.      34.          419.
 
  2016          34.      34.      34.      34.      35.      35.
                35.      35.      35.      36.      36.      36.          418.
 
  AVGE          35.      35.      35.      35.      35.      35.
                35.      35.      35.      35.      35.      35.

  Table Total-        4203.   Mean-        35.   Std. Dev.-         1.
                              Min -        33.        Max -        36.

 B 1.A  Forecasts of (prior adjusted) original series
  From  2017.Jan to 2017.Dec
  Observations         12
 -----------------------------------------------------------------------------
               Jan      Feb      Mar      Apr      May      Jun 
               Jul      Aug      Sep      Oct      Nov      Dec        TOTAL  
 -----------------------------------------------------------------------------
  2017          35.      35.      35.      35.      35.      35.
                35.      35.      35.      35.      35.      35.          423.
 
        ces_hours 16620            PAGE   6, SERIES ces_hours_additi

 C 17  Final weights for irregular component
  From  2007.Jan to 2016.Dec
  Observations        120
  Lower sigma limit    1.50
  Upper sigma limit    2.50
 -----------------------------------------------------------------------------
               Jan      Feb      Mar      Apr      May      Jun 
               Jul      Aug      Sep      Oct      Nov      Dec         S.D.  
 -----------------------------------------------------------------------------
  2007         100.     100.     100.     100.     100.     100.
               100.     100.     100.     100.      92.     100.           18.
 
  2008         100.     100.     100.     100.     100.     100.
               100.     100.     100.     100.     100.     100.           18.
 
  2009         100.     100.     100.     100.     100.     100.
               100.     100.     100.     100.     100.      49.           18.
 
  2010         100.     100.     100.     100.     100.     100.
               100.     100.     100.     100.     100.     100.           20.
 
  2011           0.     100.      67.      94.     100.     100.
               100.     100.       0.      98.     100.     100.           21.
 
  2012         100.     100.     100.     100.     100.      29.
               100.     100.     100.     100.      56.     100.           22.
 
  2013         100.     100.     100.     100.     100.     100.
               100.     100.      84.     100.     100.     100.           21.
 
  2014         100.      85.     100.     100.      64.     100.
                55.     100.     100.     100.     100.     100.           18.
 
  2015         100.       0.     100.     100.     100.      41.
               100.     100.     100.     100.     100.     100.           15.
 
  2016         100.     100.     100.     100.     100.     100.
               100.     100.     100.     100.     100.     100.           15.
 
        ces_hours 16620            PAGE   7, SERIES ces_hours_additi

 D 8  Final unmodified SI ratios
  From  2007.Jan to 2016.Dec
  Observations        120
 -----------------------------------------------------------------------------
               Jan      Feb      Mar      Apr      May      Jun 
               Jul      Aug      Sep      Oct      Nov      Dec         AVGE  
 -----------------------------------------------------------------------------
  2007           0.      -0.       0.       0.       0.       0.
                 0.       0.      -0.      -0.      -1.      -0.           -0.
 
  2008           0.      -0.       0.       0.       0.       0.
                 0.       0.      -0.      -0.      -1.      -0.            0.
 
  2009           0.       0.       0.       0.       0.       0.
                 0.       0.      -0.      -0.      -1.       0.            0.
 
  2010          -0.      -0.       0.       0.       0.      -0.
                 0.      -0.      -0.      -0.      -0.       0.            0.
 
  2011           1.       0.      -0.      -0.       1.       0.
                -0.      -0.      -1.       0.      -0.      -0.            0.
 
  2012           0.      -0.      -0.       0.       0.      -0.
                -0.       0.       0.      -0.       0.      -0.            0.
 
  2013          -0.      -1.       0.      -0.       0.       0.
                -0.       0.       0.      -0.       0.       0.            0.
 
  2014          -0.      -0.      -0.      -0.      -0.       0.
                 0.       0.      -0.       0.       0.      -0.            0.
 
  2015          -0.      -1.      -0.      -0.       0.       1.
                 0.       0.      -0.       0.       0.      -0.           -0.
 
  2016          -1.      -1.       0.      -0.       0.       0.
                -0.       0.       0.       0.       0.      -0.           -0.
 
  AVGE           0.      -0.      -0.       0.       0.       0.
                 0.       0.      -0.       0.      -0.      -0.

  Table Total-           1.   Mean-         0.   Std. Dev.-         0.
                              Min -        -1.        Max -         1.
        ces_hours 16620            PAGE   8, SERIES ces_hours_additi

 D 8.B  Final unmodified SI ratios, with labels for outliers and extreme values
  From  2007.Jan to 2016.Dec
  Observations        120
 ---------------------------------------------------------------------
               Jan       Feb       Mar       Apr       May       Jun  
               Jul       Aug       Sep       Oct       Nov       Dec  
 ---------------------------------------------------------------------
  2007          0.       -0.        0.        0.        0.        0.  
                0.        0.       -0.       -0.       -1.*      -0.  
 
  2008          0.       -0.        0.        0.        0.        0.  
                0.        0.       -0.       -0.       -1.       -0.  
 
  2009          0.        0.        0.        0.        0.        0.  
                0.        0.       -0.       -0.       -1.        0.* 
 
  2010         -0.       -0.        0.        0.        0.       -0.  
                0.       -0.       -0.       -0.       -0.        0.  
 
  2011          1.*       0.       -0.*      -0.*       1.        0.  
               -0.       -0.       -1.*       0.*      -0.       -0.  
 
  2012          0.       -0.       -0.        0.        0.       -0.* 
               -0.        0.        0.       -0.        0.*      -0.  
 
  2013         -0.       -1.        0.       -0.        0.        0.  
               -0.        0.        0.*      -0.        0.        0.  
 
  2014         -0.       -0.*      -0.       -0.       -0.*       0.  
                0.*       0.       -0.        0.        0.       -0.  
 
  2015         -0.       -1.*      -0.       -0.        0.        1.* 
                0.        0.       -0.        0.        0.       -0.  
 
  2016         -1.       -1.        0.       -0.        0.        0.  
               -0.        0.        0.        0.        0.       -0.  
 

  Key to symbols:
    *  : extreme value as determined by X-11 extreme value procedure
 
        ces_hours 16620            PAGE   9, SERIES ces_hours_additi

 D 9  Final replacement values for SI ratios
  From  2007.Jan to 2016.Dec
  Observations        120
 ---------------------------------------------------------------
               Jan      Feb      Mar      Apr      May      Jun 
               Jul      Aug      Sep      Oct      Nov      Dec 
 ---------------------------------------------------------------
  2007     ******** ******** ******** ******** ******** ********
           ******** ******** ******** ********      -1. ********
 
  2008     ******** ******** ******** ******** ******** ********
           ******** ******** ******** ******** ******** ********
 
  2009     ******** ******** ******** ******** ******** ********
           ******** ******** ******** ******** ********       0.
 
  2010     ******** ******** ******** ******** ******** ********
           ******** ******** ******** ******** ******** ********
 
  2011           0. ********      -0.      -0. ******** ********
           ******** ********      -0.       0. ******** ********
 
  2012     ******** ******** ******** ******** ********      -0.
           ******** ******** ******** ********       0. ********
 
  2013     ******** ******** ******** ******** ******** ********
           ******** ********       0. ******** ******** ********
 
  2014     ********      -0. ******** ********      -0. ********
                 0. ******** ******** ******** ******** ********
 
  2015     ********      -0. ******** ******** ********       0.
           ******** ******** ******** ******** ******** ********
 
  2016     ******** ******** ******** ******** ******** ********
           ******** ******** ******** ******** ******** ********
 

 D 9.A  Moving seasonality ratio
 ---------------------------------------------------------------
               Jan      Feb      Mar      Apr      May      Jun 
 ---------------------------------------------------------------
   I          0.199    0.268    0.194    0.284    0.262    0.147
   S          0.105    0.050    0.043    0.049    0.036    0.032
 RATIO        1.886    5.343    4.498    5.763    7.314    4.555



 ---------------------------------------------------------------
               Jul      Aug      Sep      Oct      Nov      Dec 
 ---------------------------------------------------------------
   I          0.209    0.173    0.163    0.200    0.159    0.167
   S          0.046    0.030    0.023    0.060    0.124    0.022
 RATIO        4.565    5.795    7.131    3.347    1.274    7.546



        ces_hours 16620            PAGE  10, SERIES ces_hours_additi

 D 10  Final seasonal factors
  From  2007.Jan to 2016.Dec
  Observations        120
  Seasonal filter    3 x 5 moving average
 -----------------------------------------------------------------------------
               Jan      Feb      Mar      Apr      May      Jun 
               Jul      Aug      Sep      Oct      Nov      Dec         AVGE  
 -----------------------------------------------------------------------------
  2007           0.      -0.       0.       0.       0.       0.
                 0.       0.      -0.      -0.      -1.      -0.            0.
 
  2008           0.      -0.       0.       0.       0.       0.
                 0.       0.      -0.      -0.      -1.      -0.            0.
 
  2009           0.      -0.       0.       0.       0.       0.
                 0.       0.      -0.      -0.      -1.      -0.            0.
 
  2010           0.      -0.       0.       0.       0.       0.
                 0.       0.      -0.      -0.      -0.      -0.            0.
 
  2011           0.      -0.      -0.       0.       0.       0.
                 0.       0.       0.       0.      -0.      -0.            0.
 
  2012          -0.      -0.      -0.       0.       0.       0.
                 0.       0.       0.       0.       0.      -0.            0.
 
  2013          -0.      -0.      -0.       0.       0.       0.
                 0.       0.       0.       0.       0.      -0.            0.
 
  2014          -0.      -0.      -0.      -0.       0.       0.
                 0.       0.       0.       0.       0.      -0.            0.
 
  2015          -0.      -0.      -0.      -0.       0.       0.
                 0.       0.       0.       0.       0.      -0.            0.
 
  2016          -0.      -0.      -0.      -0.       0.       0.
                 0.       0.       0.       0.       0.      -0.            0.
 
  AVGE          -0.      -0.      -0.       0.       0.       0.
                 0.       0.      -0.       0.      -0.      -0.

  Table Total-           1.   Mean-         0.   Std. Dev.-         0.
                              Min -        -1.        Max -         0.

 D 10.A  Final seasonal component forecasts
  From  2017.Jan to 2017.Dec
  Observations         12
 -----------------------------------------------------------------------------
               Jan      Feb      Mar      Apr      May      Jun 
               Jul      Aug      Sep      Oct      Nov      Dec         AVGE  
 -----------------------------------------------------------------------------
  2017          -0.      -0.      -0.      -0.       0.       0.
                 0.       0.       0.       0.       0.      -0.            0.
 
        ces_hours 16620            PAGE  11, SERIES ces_hours_additi
  
 D 11  Final seasonally adjusted data
       (also adjusted for trading day)
  From  2007.Jan to 2016.Dec
  Observations        120
 -----------------------------------------------------------------------------
               Jan      Feb      Mar      Apr      May      Jun 
               Jul      Aug      Sep      Oct      Nov      Dec        TOTAL  
 -----------------------------------------------------------------------------
  2007          35.      35.      35.      35.      35.      35.
                35.      35.      35.      35.      35.      35.          419.
 
  2008          35.      35.      35.      35.      35.      35.
                35.      35.      35.      34.      34.      34.          416.
 
  2009          34.      34.      34.      34.      34.      34.
                34.      34.      34.      34.      34.      35.          412.
 
  2010          34.      34.      35.      35.      35.      35.
                35.      35.      35.      35.      35.      35.          418.
 
  2011          36.      35.      35.      35.      36.      36.
                35.      36.      35.      36.      36.      36.          427.
 
  2012          36.      36.      36.      36.      36.      35.
                36.      36.      36.      35.      36.      35.          429.
 
  2013          35.      35.      36.      35.      35.      35.
                35.      35.      36.      35.      35.      36.          424.
 
  2014          35.      35.      35.      35.      35.      35.
                35.      35.      35.      35.      35.      35.          420.
 
  2015          35.      35.      35.      35.      35.      36.
                35.      35.      35.      35.      35.      34.          419.
 
  2016          34.      34.      35.      34.      35.      35.
                35.      35.      35.      35.      35.      36.          417.
 
  AVGE          35.      35.      35.      35.      35.      35.
                35.      35.      35.      35.      35.      35.

  Table Total-        4201.   Mean-        35.   Std. Dev.-         1.
                              Min -        34.        Max -        36.
        ces_hours 16620            PAGE  12, SERIES ces_hours_additi

 D 12  Final trend cycle
  From  2007.Jan to 2016.Dec
  Observations        120
  Trend filter    13-term Henderson moving average
  I/C ratio        3.15
 -----------------------------------------------------------------------------
               Jan      Feb      Mar      Apr      May      Jun 
               Jul      Aug      Sep      Oct      Nov      Dec        TOTAL  
 -----------------------------------------------------------------------------
  2007          35.      35.      35.      35.      35.      35.
                35.      35.      35.      35.      35.      35.          419.
 
  2008          35.      35.      35.      35.      35.      35.
                35.      35.      34.      34.      34.      34.          416.
 
  2009          34.      34.      34.      34.      34.      34.
                34.      34.      34.      34.      34.      34.          411.
 
  2010          35.      35.      35.      35.      35.      35.
                35.      35.      35.      35.      35.      35.          418.
 
  2011          35.      35.      35.      35.      35.      35.
                36.      36.      36.      36.      36.      36.          427.
 
  2012          36.      36.      36.      36.      36.      36.
                36.      36.      36.      36.      36.      35.          429.
 
  2013          35.      35.      35.      35.      35.      35.
                35.      35.      35.      35.      35.      35.          424.
 
  2014          35.      35.      35.      35.      35.      35.
                35.      35.      35.      35.      35.      35.          420.
 
  2015          35.      35.      35.      35.      35.      35.
                35.      35.      35.      35.      34.      34.          419.
 
  2016          34.      34.      34.      34.      34.      35.
                35.      35.      35.      35.      36.      36.          418.
 
  AVGE          35.      35.      35.      35.      35.      35.
                35.      35.      35.      35.      35.      35.

  Table Total-        4202.   Mean-        35.   Std. Dev.-         0.
                              Min -        34.        Max -        36.
        ces_hours 16620            PAGE  13, SERIES ces_hours_additi

 D 13  Final irregular component
  From  2007.Jan to 2016.Dec
  Observations        120
 -----------------------------------------------------------------------------
               Jan      Feb      Mar      Apr      May      Jun 
               Jul      Aug      Sep      Oct      Nov      Dec         S.D.  
 -----------------------------------------------------------------------------
  2007           0.      -0.       0.      -0.       0.       0.
                -0.       0.       0.       0.      -0.      -0.            0.
 
  2008           0.       0.      -0.       0.      -0.       0.
                 0.       0.       0.      -0.      -0.      -0.            0.
 
  2009           0.       0.      -0.      -0.      -0.       0.
                 0.       0.      -0.      -0.       0.       0.            0.
 
  2010          -0.      -0.       0.       0.       0.      -0.
                 0.      -0.       0.       0.      -0.       0.            0.
 
  2011           1.       0.      -0.      -0.       0.       0.
                -0.      -0.      -1.       0.       0.      -0.            0.
 
  2012           0.      -0.      -0.       0.      -0.      -0.
                -0.       0.       0.      -0.       0.      -0.            0.
 
  2013          -0.      -0.       0.      -0.       0.       0.
                -0.      -0.       0.      -0.      -0.       0.            0.
 
  2014          -0.       0.      -0.      -0.      -0.       0.
                 0.       0.      -0.       0.       0.      -0.            0.
 
  2015           0.      -1.      -0.      -0.       0.       0.
                 0.      -0.      -0.       0.       0.      -0.            0.
 
  2016          -0.      -0.       0.       0.       0.      -0.
                -0.       0.       0.       0.      -0.       0.            0.
 
  S.D.           0.       0.       0.       0.       0.       0.
                 0.       0.       0.       0.       0.       0.

  Table Total-          -0.   Mean-        -0.   Std. Dev.-         0.
                              Min -        -1.        Max -         1.
        ces_hours 16620            PAGE  14, SERIES ces_hours_additi
  
 D 16  Combined adjustment factors
       (includes seasonal, trading day factors)
  From  2007.Jan to 2016.Dec
  Observations        120
 -----------------------------------------------------------------------------
               Jan      Feb      Mar      Apr      May      Jun 
               Jul      Aug      Sep      Oct      Nov      Dec         AVGE  
 -----------------------------------------------------------------------------
  2007           0.      -0.       0.       0.       0.       0.
                 0.       0.       0.      -0.      -1.      -0.            0.
 
  2008           0.      -0.       0.       0.       0.       0.
                 0.       0.      -0.      -0.      -1.      -0.           -0.
 
  2009           0.      -0.       0.       0.       0.      -0.
                 0.       0.      -0.      -0.      -1.      -0.            0.
 
  2010           0.      -0.      -0.       0.       0.      -0.
                 0.       0.      -0.       0.      -0.      -0.            0.
 
  2011           0.      -0.      -0.       0.       0.      -0.
                 0.      -0.      -0.       0.      -0.      -0.            0.
 
  2012          -0.      -0.      -0.       0.       0.       0.
                 0.      -0.       0.       0.      -0.       0.            0.
 
  2013          -0.      -0.      -0.      -0.       0.       0.
                -0.       0.       0.       0.       0.      -0.            0.
 
  2014          -0.      -0.      -0.      -0.       0.       0.
                 0.       0.      -0.       0.       0.      -0.            0.
 
  2015          -0.      -0.      -0.      -0.       0.       0.
                 0.       0.      -0.       0.       0.      -0.            0.
 
  2016          -0.      -1.      -0.      -0.       0.       0.
                 0.       0.      -0.       0.       0.      -0.            0.
 
  AVGE          -0.      -0.      -0.       0.       0.       0.
                 0.       0.      -0.       0.      -0.      -0.

  Table Total-           1.   Mean-         0.   Std. Dev.-         0.
                              Min -        -1.        Max -         0.

 D 16.A  Combined adjustment component forecasts
  From  2017.Jan to 2017.Dec
  Observations         12
 -----------------------------------------------------------------------------
               Jan      Feb      Mar      Apr      May      Jun 
               Jul      Aug      Sep      Oct      Nov      Dec         AVGE  
 -----------------------------------------------------------------------------
  2017          -0.      -0.      -0.      -0.       0.       0.
                 0.       0.       0.       0.       0.       0.            0.
 
        ces_hours 16620            PAGE  15, SERIES ces_hours_additi
  
 D 18  Combined calendar adjustment factors
       (includes trading day factors)
  From  2007.Jan to 2016.Dec
  Observations        120
 -----------------------------------------------------------------------------
               Jan      Feb      Mar      Apr      May      Jun 
               Jul      Aug      Sep      Oct      Nov      Dec         AVGE  
 -----------------------------------------------------------------------------
  2007          -0.       0.       0.       0.      -0.       0.
                 0.      -0.       0.      -0.      -0.       0.           -0.
 
  2008          -0.      -0.       0.      -0.       0.       0.
                -0.       0.      -0.      -0.       0.      -0.           -0.
 
  2009           0.       0.       0.      -0.       0.      -0.
                -0.       0.      -0.       0.       0.      -0.           -0.
 
  2010           0.       0.      -0.      -0.       0.      -0.
                 0.       0.      -0.       0.      -0.      -0.           -0.
 
  2011           0.       0.      -0.       0.       0.      -0.
                 0.      -0.      -0.       0.      -0.       0.            0.
 
  2012           0.      -0.       0.       0.      -0.       0.
                 0.      -0.       0.      -0.      -0.       0.           -0.
 
  2013          -0.       0.       0.      -0.      -0.       0.
                -0.       0.       0.      -0.       0.       0.           -0.
 
  2014          -0.       0.       0.      -0.       0.       0.
                -0.       0.      -0.      -0.       0.      -0.           -0.
 
  2015           0.       0.       0.      -0.       0.      -0.
                -0.       0.      -0.       0.       0.      -0.           -0.
 
  2016           0.      -0.      -0.       0.       0.      -0.
                 0.      -0.      -0.       0.      -0.       0.           -0.
 
  AVGE           0.      -0.       0.      -0.       0.       0.
                -0.       0.      -0.      -0.       0.      -0.

  Table Total-          -0.   Mean-        -0.   Std. Dev.-         0.
                              Min -        -0.        Max -         0.

 D 18.A  Combined calendar adjustment component forecasts
  From  2017.Jan to 2017.Dec
  Observations         12
 -----------------------------------------------------------------------------
               Jan      Feb      Mar      Apr      May      Jun 
               Jul      Aug      Sep      Oct      Nov      Dec         AVGE  
 -----------------------------------------------------------------------------
  2017           0.       0.      -0.       0.      -0.      -0.
                 0.      -0.       0.       0.      -0.       0.            0.
 
        ces_hours 16620            PAGE  16, SERIES ces_hours_additi

 E 4  Differences of annual totals
  From          2007 to 2016
  Observations         10
 -----------------------------------
  Year       Unmodified     Modified
                  (D11)         (E2)
 -----------------------------------
  2007               0.           0.
 
  2008              -0.          -0.
 
  2009               0.           0.
 
  2010               0.           0.
 
  2011               0.           0.
 
  2012               0.           0.
 
  2013               0.           0.
 
  2014               0.           0.
 
  2015               0.           0.
 
  2016               0.           0.
 
        ces_hours 16620            PAGE  17, SERIES ces_hours_additi

 E 5  Month-to-month differences in the original series
  From  2007.Feb to 2016.Dec
  Observations        119
 -----------------------------------------------------------------------------
               Jan      Feb      Mar      Apr      May      Jun 
               Jul      Aug      Sep      Oct      Nov      Dec         AVGE  
 -----------------------------------------------------------------------------
  2007                   -0.       0.       0.       0.      -0.
                 0.       0.      -0.      -0.      -1.       1.           -0.
 
  2008           1.      -0.       0.       0.      -0.       0.
                 0.      -0.      -0.      -0.      -0.       0.           -0.
 
  2009           1.      -0.      -0.      -0.       0.      -0.
                 0.      -0.      -0.       0.      -0.       1.            0.
 
  2010           0.      -0.       1.       0.       0.      -1.
                 0.      -0.       0.       0.      -0.       1.            0.
 
  2011           1.      -1.      -0.       0.       1.      -0.
                 0.      -0.      -0.       1.      -0.       0.            0.
 
  2012           0.      -1.       0.       1.      -0.      -0.
                 0.       0.       0.      -0.       0.      -0.           -0.
 
  2013          -0.      -0.       1.      -0.       0.       0.
                -0.       0.       0.      -0.       0.       0.            0.
 
  2014          -1.       0.      -0.       0.      -0.       0.
                 0.       0.      -1.       1.       0.      -1.           -0.
 
  2015          -0.      -0.       1.       0.       1.       0.
                -0.      -0.      -1.       0.       0.      -1.           -0.
 
  2016          -0.      -0.       1.       0.       0.       0.
                 0.       0.       0.       1.      -0.       0.            0.
 
  AVGE           0.      -0.       0.       0.       0.      -0.
                 0.      -0.      -0.       0.      -0.       0.

  Table Total-           0.   Mean-         0.   Std. Dev.-         0.
                              Min -        -1.        Max -         1.
        ces_hours 16620            PAGE  18, SERIES ces_hours_additi

 E 6  Month-to-month differences in seasonally adjusted series (D11)
  From  2007.Feb to 2016.Dec
  Observations        119
 -----------------------------------------------------------------------------
               Jan      Feb      Mar      Apr      May      Jun 
               Jul      Aug      Sep      Oct      Nov      Dec         AVGE  
 -----------------------------------------------------------------------------
  2007                   -0.       0.       0.       0.      -0.
                -0.       0.      -0.       0.      -0.       0.           -0.
 
  2008           0.      -0.      -0.       0.      -0.       0.
                 0.      -0.      -0.      -0.       0.      -0.           -0.
 
  2009           0.       0.      -0.      -0.       0.       0.
                 0.      -0.      -0.       0.       0.       0.            0.
 
  2010          -1.       0.       1.       0.      -0.      -0.
                 0.      -0.       0.       0.      -0.       0.            0.
 
  2011           1.      -0.      -1.       0.       1.      -0.
                -0.       0.      -0.       1.      -0.      -0.            0.
 
  2012           0.      -0.      -0.       0.      -1.      -0.
                 0.       0.      -0.      -0.       0.      -1.           -0.
 
  2013          -0.      -0.       0.      -0.       0.      -0.
                -0.      -0.       0.      -1.       0.       0.            0.
 
  2014          -0.       0.      -0.       0.      -0.       0.
                 0.      -0.      -0.       0.      -0.      -0.           -0.
 
  2015           0.      -0.       1.       0.       0.       0.
                -0.      -0.      -0.      -0.      -0.      -0.           -0.
 
  2016          -0.       0.       0.      -0.       0.       0.
                -0.       1.       0.       0.      -0.       0.            0.
 
  AVGE           0.      -0.       0.       0.       0.       0.
                 0.      -0.      -0.       0.      -0.       0.

  Table Total-           1.   Mean-         0.   Std. Dev.-         0.
                              Min -        -1.        Max -         1.
        ces_hours 16620            PAGE  19, SERIES ces_hours_additi

 E 7  Month-to-month differences in final trend cycle (D12)
  From  2007.Feb to 2016.Dec
  Observations        119
 -----------------------------------------------------------------------------
               Jan      Feb      Mar      Apr      May      Jun 
               Jul      Aug      Sep      Oct      Nov      Dec         AVGE  
 -----------------------------------------------------------------------------
  2007                    0.       0.       0.       0.       0.
                -0.      -0.      -0.      -0.      -0.       0.           -0.
 
  2008           0.       0.       0.      -0.      -0.      -0.
                -0.      -0.      -0.      -0.      -0.      -0.           -0.
 
  2009          -0.      -0.      -0.       0.       0.       0.
                 0.       0.       0.      -0.       0.       0.            0.
 
  2010           0.       0.       0.       0.       0.      -0.
                -0.      -0.       0.       0.       0.       0.            0.
 
  2011           0.       0.       0.       0.       0.       0.
                 0.       0.       0.       0.       0.       0.            0.
 
  2012          -0.      -0.      -0.      -0.      -0.      -0.
                -0.      -0.      -0.      -0.      -0.      -0.           -0.
 
  2013          -0.      -0.       0.       0.       0.       0.
                -0.      -0.      -0.      -0.      -0.      -0.           -0.
 
  2014          -0.      -0.      -0.      -0.      -0.      -0.
                 0.       0.       0.      -0.      -0.      -0.           -0.
 
  2015           0.       0.       0.       0.       0.      -0.
                -0.      -0.      -0.      -0.      -0.      -0.           -0.
 
  2016          -0.       0.       0.       0.       0.       0.
                 0.       0.       0.       0.       0.       0.            0.
 
  AVGE           0.       0.       0.       0.       0.       0.
                 0.      -0.      -0.      -0.      -0.       0.

  Table Total-           1.   Mean-         0.   Std. Dev.-         0.
                              Min -        -0.        Max -         0.
        ces_hours 16620            PAGE  20, SERIES ces_hours_additi

 E 8  Month-to-month differences in original series adjusted for calendar factors (A18)
  From  2007.Feb to 2016.Dec
  Observations        119
 -----------------------------------------------------------------------------
               Jan      Feb      Mar      Apr      May      Jun 
               Jul      Aug      Sep      Oct      Nov      Dec         AVGE  
 -----------------------------------------------------------------------------
  2007                   -0.       0.       0.       0.      -0.
                 0.       0.      -0.      -0.      -1.       1.           -0.
 
  2008           1.      -0.       0.       0.      -0.      -0.
                 0.      -0.      -0.      -0.      -1.       1.           -0.
 
  2009           1.      -0.      -0.      -0.       0.      -0.
                 0.      -0.      -0.      -0.      -0.       1.            0.
 
  2010          -0.      -0.       1.       0.       0.      -1.
                 0.      -0.       0.       0.      -0.       1.            0.
 
  2011           1.      -1.      -0.       0.       1.      -0.
                -0.       0.      -0.       1.      -0.       0.            0.
 
  2012           0.      -1.       0.       1.      -0.      -1.
                 0.       0.      -0.      -0.       0.      -1.           -0.
 
  2013          -0.      -0.       1.      -0.       0.      -0.
                -0.       0.       0.      -0.       0.       0.            0.
 
  2014          -1.       0.      -0.       0.      -0.       0.
                 0.      -0.      -0.       1.      -0.      -0.           -0.
 
  2015          -0.      -1.       1.       0.       0.       0.
                -0.      -0.      -0.       0.      -0.      -1.           -0.
 
  2016          -1.       0.       1.      -0.       0.       0.
                -0.       1.      -0.       0.      -0.       0.            0.
 
  AVGE           0.      -0.       0.       0.       0.      -0.
                 0.      -0.      -0.       0.      -0.       0.

  Table Total-           0.   Mean-         0.   Std. Dev.-         0.
                              Min -        -1.        Max -         1.
        ces_hours 16620            PAGE  21, SERIES ces_hours_additi

 E 18  Final adjustment ratios
  From  2007.Jan to 2016.Dec
  Observations        120
 -----------------------------------------------------------------------------
               Jan      Feb      Mar      Apr      May      Jun 
               Jul      Aug      Sep      Oct      Nov      Dec         AVGE  
 -----------------------------------------------------------------------------
  2007      100.727   99.851  100.428  100.713  100.470  100.249
            100.840  100.036  100.182   99.149   97.657   99.742       100.004
 
  2008      100.644   99.575  100.655  100.431  100.824  100.233
            100.478  100.469   99.681   99.258   98.340   99.278        99.989
 
  2009      100.814   99.814  100.289  100.444  101.132   99.912
            100.328  100.384   99.716   99.674   98.537   99.412       100.038
 
  2010      100.884   99.715   99.854  100.320  101.136   99.892
            100.378  100.067   99.812  100.119   98.855   99.591       100.052
 
  2011      100.526   99.530   99.681  100.514  100.781   99.896
            100.488   99.843   99.892  100.313   99.470   99.955       100.074
 
  2012       99.905   99.084   99.737  100.303  100.478  100.291
            100.192   99.934  100.428  100.032   99.943  100.229       100.046
 
  2013       99.258   99.132   99.858   99.928  100.326  100.700
             99.990  100.385  100.183  100.203  100.536   99.921       100.035
 
  2014       98.915   98.976   99.819   99.724  100.500  100.626
            100.092  100.797   99.958  100.310  100.931   99.679       100.027
 
  2015       98.860   98.829   99.600   99.619  100.652  100.455
            100.179  100.926   99.942  100.697  100.705   99.663       100.011
 
  2016       98.930   98.493   99.339   99.748  100.419  100.537
            100.750  100.438   99.932  101.022  100.409   99.931        99.996
 
  AVGE       99.946   99.300   99.926  100.174  100.672  100.279
            100.371  100.328   99.973  100.078   99.538   99.740

  Table Total-       12003.   Mean-       100.   Std. Dev.-         1.
                              Min -        98.        Max -       101.

 E 18.A  Final adjustment ratio forecasts
  From  2017.Jan to 2017.Dec
  Observations         12
 -----------------------------------------------------------------------------
               Jan      Feb      Mar      Apr      May      Jun 
               Jul      Aug      Sep      Oct      Nov      Dec         AVGE  
 -----------------------------------------------------------------------------
  2017       98.684   98.807   99.338   99.982  100.159  100.546
            100.749  100.465  100.160  100.823  100.418  100.158       100.024
 
        ces_hours 16620            PAGE  22, SERIES ces_hours_additi

 F 4.  Additive Day of the Week Trading Day Component Factors


      Day of Week Component for regARIMA Trading Day Factors:

                                       months starting on:
                     Mon      Tue      Wed      Thu      Fri      Sat      Sun
 31-day months        -0.      -0.      -0.       0.       0.       0.       0.
 30-day months        -0.      -0.      -0.      -0.       0.       0.       0.
 Leap year Feb.       -0. ********      -0. ********      -0. ******** ********

  QS statistic for seasonality:
  Original Series                                    10.21  (P-Value =     0.0061)
  Original Series (EV adj)                           10.25  (P-Value =     0.0059)
  Residuals                                           0.00  (P-Value =     1.0000)
  Seasonally Adjusted Series                          0.00  (P-Value =     1.0000)
  Seasonally Adjusted Series (EV adj)                 0.00  (P-Value =     1.0000)
  Irregular Series                                    0.00  (P-Value =     1.0000)
  Irregular Series (EV adj)                           0.00  (P-Value =     1.0000)

  QS statistic for seasonality (starting 2009.Jan):
  Original Series                                     3.48  (P-Value =     0.1759)
  Original Series (EV adj)                            1.75  (P-Value =     0.4169)
  Residuals                                           0.00  (P-Value =     1.0000)
  Seasonally Adjusted Series                          0.00  (P-Value =     1.0000)
  Seasonally Adjusted Series (EV adj)                 0.00  (P-Value =     1.0000)
  Irregular Series                                    0.00  (P-Value =     1.0000)
  Irregular Series (EV adj)                           0.00  (P-Value =     1.0000)


 WARNING: Series should not be a candidate for seasonal adjustment
          because the spectrum of the prior adjusted series (Table B1)
          has no visually significant seasonal peaks.

          If this is a component series of an indirectly adjusted
          composite series, consider using type = trend or type = summary
          in the x11 spec.
        ces_hours 16620            PAGE  23, SERIES ces_hours_additi
 G 0  10*LOG(SPECTRUM) of the differenced Prior Adjusted Series
      (Table B1).  Spectrum estimated from 2009.Jan to 2016.Dec.
 ++++++++++I+++++++++++++++++++++++++++++++++++++++++++++++++++++++++++++I
      -2.37I                               *                             I     -2.37
           I                               *                             I
           I                               *                             I
           I                               *                             I
      -3.46I                               *       *                     I     -3.46
           I                               *       *        *            I
           I                               *      **        *            I
           I                               *      **        *       *    I
      -4.55I                               *      **        **      *    I     -4.55
           I                               *      **        **      *    I
           I                               *      **        **      *    I
           I                               *      **        **      *    I
      -5.63I                    S          *      **        **      *    I     -5.63
           I                    S*     *   *      **        **      *    I
           I                    S*     *   *      **    *   **      *    I
           I                    S*     *   *      **    *   **      *    I
      -6.72I                    S*     *  S*      **    *   **S*   **    I     -6.72
           I           *        S*    **  S*      **    *   **S*   **    I
           I           *        S*    **  S**    ***    *   **S*   **    I
           I           *        S*    **  S**   ****    *   **S*   **    I
      -7.81I           *        S*    *** S**   ****    *   **S*   **    I     -7.81
           I          S*        S** ***** S**   ****    *   **S*   **    I
           I          S*        S******** S**   ****    *   **S*   **    I
           I          S*        S******** S**   ****    *   **S*   **    I
      -8.90I          S*        S*********S**  *****   **   **S*   **    I     -8.90
           I          S*        S*********S**  *****   **   **S*T  **    I
           I          S*        S*********S**  *****   **   **S*T  **    I
           I          S*        S*********S**  *****   **  ***S*T  **    I
      -9.98I          S*  *     S*********S**  *****   **  ***S*T  **    I     -9.98
           I          S** *     S*********S**  *****S  **  ***S*T  **    I
           I          S** *     S*********S*** *****S  **  ***S*T  **    I
           I       *  S** *     S*********S*********S  **  ***S*T  **    I
     -11.07I       *  S** **    S*********S*********S  *** ***S*T  **   SI    -11.07
           I      ** *S*****    S*********S*********S  *** ***S*T  **   SI
           I      ** *S*****    S*********S*********S  *** ***S*T ****  SI
           I      ****S*****   *S*********S*********S  *** ***S*T*****  SI
     -12.16I      ****S*****   *S*********S*********S  *******S*T*****  SI    -12.16
           I      ****S*****   *S*********S*********S T*******S*T***** *SI
           I      ****S*****   *S*********S*********S*T*******S*T***** *SI
           I      ****S*****   *S*********S*********S*T*******S*T***** *SI
     -13.25I      ****S*****   *S*********S*********S*T*******S*T***** *SI    -13.25
           I      ****S*****   *S*********S*********S*T*******S*T*******SI
           I     *****S*****   *S*********S*********S*T*******S*T*******SI
           I     *****S*****   *S*********S*********S*T*******S*T*******SI
     -14.33I     *****S******  *S*********S*********S*T*******S*T*******SI    -14.33
           I     *****S******  *S*********S*********S*T*******S*T*******SI
           I   *******S******  *S*********S*********S*T*******S*T*******SI
           I  ********S****** **S*********S*********S*T*******S*T*******SI
     -15.42I  ********S****** **S*********S*********S*T*******S*T*******SI    -15.42
           I  ********S****** **S*********S*********S*T*******S*T*******SI
           I  ********S*********S*********S*********S*T*******S*T*******SI
           I *********S*********S*********S*********S*T*******S*T*******SI
     -16.51I**********S*********S*********S*********S*T*******S*T*******SI    -16.51
 ++++++++++I+++++++++++++++++++++++++++++++++++++++++++++++++++++++++++++I
            S=SEASONAL FREQUENCIES, T=TRADING DAY FREQUENCIES
        ces_hours 16620            PAGE  24, SERIES ces_hours_additi
 G 1  10*LOG(SPECTRUM) of the differenced seasonally adjusted 
      data (Table E2).  Spectrum estimated from 2009.Jan to 2016.Dec.
 ++++++++++I+++++++++++++++++++++++++++++++++++++++++++++++++++++++++++++I
      -5.09I                          *                                  I     -5.09
           I                          *                                  I
           I                          *                                  I
           I                          *       *                          I
      -6.39I                          *       * *           *       *    I     -6.39
           I                          *      *****          *       *    I
           I                          *      *****          *       *    I
           I                          *      *****          *       *    I
      -7.69I                          *     ******          *       *    I     -7.69
           I                          *     ******          *       *    I
           I                          *     ******          *       *    I
           I                          *     ******          *   T   *    I
      -8.99I                          *     ******          *   T*  **   I     -8.99
           I                          *     ******          *   T*  **   I
           I      *               *   *     ******      *   *   T*  **   I
           I      *               *   *     ******      *   *   T*  **   I
     -10.29I      *               **  **    ******      *   *   T*  **   I    -10.29
           I      *               **  **    ******      *   *   T*  **   I
           I      *               **  **   *******     **   *   T*  **   I
           I      *               **  **   *******     **   *   T*  **   I
     -11.59I      *               **  **   *******     **   **  T*  **   I    -11.59
           I      *        *      **  **   *******     **  ***  T* ***   I
           I      *        *      ** ***   *******     **  ***  T* ***   I
           I      *        *      ** ***   *******     **  ***  T*****   I
     -12.89I      *        **     ** ***   ********    **  *** *T*****   I    -12.89
           I      *        **     ** ***   ********    **  *** *T*****   I
           I      *        **     ******   ********    **  *** *T*****   I
           I      **    *  **     ******   ********    **  ***S*T*****   I
     -14.20I  *  ***    ** **     ******   ********    **  ***S*T*****   I    -14.20
           I  *  ***    *****     ******  S********    **  ***S*T*****   I
           I  ** ***    *****     ******  S********    **  ***S*T*****   I
           I  ** ***    *****     ******* S********    *** ***S*T*****   I
     -15.50I  ** ***    *****     ******* S********    *******S*T******  I    -15.50
           I *******    *****     ******* S********    *******S*T******  I
           I *******    *****     ********S********    *******S*T******  I
           I *******   ******     ********S********    *******S*T******  I
     -16.80I********   ******     ********S********    *******S*T******  I    -16.80
           I********   ******     ********S********    *******S*T******  I
           I********   ******    *********S********    *******S*T******  I
           I********   ******    *********S*********  T*******S*T******  I
     -18.10I********   *******   *********S*********  T*******S*T******  I    -18.10
           I*********  *******   *********S*********  T*******S*T******* I
           I*********  *******   *********S*********  T*******S*T******* I
           I********* S*******   *********S*********  T*******S*T******* I
     -19.40I********* S*******   *********S*********  T*******S*T*******SI    -19.40
           I********* S*******   *********S*********S T*******S*T*******SI
           I**********S*******   *********S*********S*T*******S*T*******SI
           I**********S*******   *********S*********S*T*******S*T*******SI
     -20.70I**********S*******   *********S*********S*T*******S*T*******SI    -20.70
           I**********S*******  S*********S*********S*T*******S*T*******SI
           I**********S******** S*********S*********S*T*******S*T*******SI
           I**********S******** S*********S*********S*T*******S*T*******SI
     -22.00I**********S*********S*********S*********S*T*******S*T*******SI    -22.00
 ++++++++++I+++++++++++++++++++++++++++++++++++++++++++++++++++++++++++++I
            S=SEASONAL FREQUENCIES, T=TRADING DAY FREQUENCIES
        ces_hours 16620            PAGE  25, SERIES ces_hours_additi
 G 2  10*LOG(SPECTRUM) of the Modified Irregular (Table E3).  
      Spectrum estimated from 2009.Jan to 2016.Dec.
 ++++++++++I+++++++++++++++++++++++++++++++++++++++++++++++++++++++++++++I
      -6.73I                          *                                  I     -6.73
           I                          *                                  I
           I                          *                                  I
           I                          *                                  I
      -8.38I                          *                                  I     -8.38
           I                          *                                  I
           I                          *                                  I
           I                          *                                  I
     -10.04I                          *                                  I    -10.04
           I                      *   *      **                          I
           I                      **  *      ****                        I
           I                      **  *     *****                        I
     -11.69I                      **  *     ******                       I    -11.69
           I                      **  **    ******          *            I
           I                      **  **    ******          *       *    I
           I                      ** ***    ******          *       *    I
     -13.34I                *     ** ***    ******          *       *    I    -13.34
           I                *     ** ***    ******          *       *    I
           I                *     ******    ******          *       *    I
           I                *     ******   *******          *   T   *    I
     -15.00I                *     ******   *******      *   *   T*  *    I    -15.00
           I                *     ******   *******      *   *   T*  **   I
           I                *     ******   *******      *   *   T*  **   I
           I               **     ******   *******     **   *   T*  **   I
     -16.65I               **     ******   *******     **   *   T*  **   I    -16.65
           I               **     ******   *******     **   *   T*  **   I
           I           *   **    ********  *******     **  **   T*  **   I
           I           *   **    ******** S********    **  ***  T* ***   I
     -18.30I           **  **    ******** S********    **  ***  T* ***   I    -18.30
           I           **  **    *********S********    **  ***  T*****   I
           I           **  **    *********S********    **  *** *T*****   I
           I           **  **    *********S********    **  *** *T*****   I
     -19.96I           **  **    *********S********    **  *** *T*****   I    -19.96
           I           **  **    *********S********    **  ***S*T*****   I
           I           **  ***   *********S********    *** ***S*T*****   I
           I           ** ****   *********S********    *******S*T*****   I
     -21.61I           *******  S*********S********    *******S*T******  I    -21.61
           I       *  S*******  S*********S********    *******S*T******  I
           I       *  S*******  S*********S*********   *******S*T******  I
           I       ** S*******  S*********S*********  T*******S*T******  I
     -23.26I       ** S******** S*********S*********  T*******S*T******  I    -23.26
           I       ** S*********S*********S*********  T*******S*T******  I
           I       ***S*********S*********S*********  T*******S*T******  I
           I       ***S*********S*********S*********  T*******S*T******* I
     -24.92I       ***S*********S*********S*********S*T*******S*T******* I    -24.92
           I      ****S*********S*********S*********S*T*******S*T*******SI
           I      ****S*********S*********S*********S*T*******S*T*******SI
           I      ****S*********S*********S*********S*T*******S*T*******SI
     -26.57I  *   ****S*********S*********S*********S*T*******S*T*******SI    -26.57
           I  **  ****S*********S*********S*********S*T*******S*T*******SI
           I  **  ****S*********S*********S*********S*T*******S*T*******SI
           I *** *****S*********S*********S*********S*T*******S*T*******SI
     -28.23I**********S*********S*********S*********S*T*******S*T*******SI    -28.23
 ++++++++++I+++++++++++++++++++++++++++++++++++++++++++++++++++++++++++++I
            S=SEASONAL FREQUENCIES, T=TRADING DAY FREQUENCIES
        ces_hours 16620            PAGE  26, SERIES ces_hours_additi

  Peak probabilities for Tukey spectrum estimator
  Spectrum estimated from 2009.Jan to 2016.Dec.

                                          S1       S2       S3       S4       S5       S6       TD
                                        ------   ------   ------   ------   ------   ------   ------
  Model Residuals                        0.390    0.559    0.263    0.288    0.260    0.466    0.902* 
  Prior Adjusted Series (Table B1)       0.652    0.930*   0.827    0.585    0.663    0.881    0.196  
  Seasonally adjusted series (E2)        0.574    0.038    0.073    0.038    0.248    0.146    0.684  
  Modified Irregular (E3)                0.923*   0.019    0.087    0.043    0.217    0.136    0.707  
  ----------
     ** - Peak Probability > 0.99,
      * - 0.90 < Peak Probability < 0.99


