  Reading input spec file from D:\Programming\Dynamic Paper-dlrhcs_replication\outputs\empirical\unemployment\raw_sa_pilot\x13_work\ces_hours_log_additive_42140_200701_201612.spc

1

               U. S. Department of Commerce, U. S. Census Bureau

              X-13ARIMA-SEATS monthly seasonal adjustment Method,
                          Release Version 1.1 Build 62


           This software application provides an enhanced version of
             Statistics Canada's X-11-ARIMA extension (Dagum, 1980)
                 of the X-11 variant of the Census Method II of
                      Shiskin, Young and Musgrave (1967).

            It also provides an ARIMA model-based method following
       Hillmer and Tiao (1982) and Burman (1980) that is very similar
       to the update of the method of SEATS (Gomez and Maravall, 1996)
                produced at the Bank of Spain by G. Caporello and
               A. Maravall for TSW (Caporello and Maravall, 2004).
          The present application includes additional enhancements.

         X-13ARIMA-SEATS includes an automatic ARIMA model selection procedure
          based largely on the procedure of Gomez and Maravall (1998)
            as implemented in TRAMO (1996) and subsequent revisions.

              Primary Programmers: Brian Monsell, Mark Otto and,
                 for the ARIMA model-based signal extraction,
                      Gianluca Caporello and Victor Gomez


     Series Title- ces_hours 42140
     Series Name- ces_hours_log_ad
     Jul 29, 2026  08.44.02 

        -Period covered-  1st month,2007 to 12th month,2016
        -Type of run - additive seasonal adjustment

        -Sigma limits for graduating extreme values are  1.5 and  2.5 .
        -3x3 moving average used in section 1 of each iteration, 
         3x5 moving average in section 2 of iterations B and C,
         moving average for final seasonal factors chosen by Global MSR.
        -Holiday adjustment factors applied directly to the final seasonally adjusted series
        -Spectral plots generated for selected series
        -Spectral plots generated for series starting in 2009.Jan

 FILE SAVE REQUESTS (* indicates file exists and will be overwritten)
  D:\Programming\Dynamic Paper-dlrhcs_replication\outputs\empirical\unemployment\raw_sa_pilot\x13_work\ces_hours_log_additive_42140_200701_201612.d10  final seasonal factors
  D:\Programming\Dynamic Paper-dlrhcs_replication\outputs\empirical\unemployment\raw_sa_pilot\x13_work\ces_hours_log_additive_42140_200701_201612.d11  final seasonally adjusted data
  D:\Programming\Dynamic Paper-dlrhcs_replication\outputs\empirical\unemployment\raw_sa_pilot\x13_work\ces_hours_log_additive_42140_200701_201612.out  program output file
  D:\Programming\Dynamic Paper-dlrhcs_replication\outputs\empirical\unemployment\raw_sa_pilot\x13_work\ces_hours_log_additive_42140_200701_201612.err  program error file
        ces_hours 42140            PAGE   1, SERIES ces_hours_log_ad

     Contents of spc file D:\Programming\Dynamic Paper-dlrhcs_replication\outputs\empirical\unemployment\raw_sa_pilot\x13_work\ces_hours_log_additive_42140_200701_201612.spc

 Line #
 ------
      1: series {
      2:   title = "ces_hours 42140"
      3:   start = 2007.1
      4:   period = 12
      5:   data = (
      6: 35.3
      7: 36
      8: 36.2
      9: 36.7
     10: 35.9
     11: 35.7
     12: 36.2
     13: 36.4
     14: 37.1
     15: 35.9
     16: 35.5
     17: 35.3
     18: 36.2
     19: 35.6
     20: 36.7
     21: 35.3
     22: 34.9
     23: 36.5
     24: 36.8
     25: 36.1
     26: 36.1
     27: 35.3
     28: 36.1
     29: 39.2
     30: 38.6
     31: 39.5
     32: 38.6
     33: 39.9
     34: 37.5
     35: 38.7
     36: 41.3
     37: 39
     38: 37.7
     39: 37.7
     40: 39.4
     41: 37.6
     42: 37.1
     43: 37.4
     44: 36.6
     45: 36.7
     46: 37.7
     47: 37.5
     48: 37.2
     49: 37.1
     50: 35.7
     51: 36.6
     52: 36.6
     53: 35.3
     54: 35.6
     55: 33.7
     56: 33.4
     57: 32.8
     58: 33.6
     59: 34.7
     60: 34.8
     61: 35.3
     62: 34.9
     63: 36
     64: 35.1
     65: 34.5
     66: 34.5
     67: 34.9
     68: 34.3
     69: 34.2
     70: 34
     71: 34.3
     72: 35.2
     73: 34.3
     74: 34.7
     75: 34.3
     76: 34.1
     77: 33.6
     78: 33.5
     79: 33.5
     80: 33.9
     81: 33.5
     82: 34.1
     83: 34.3
     84: 34.1
     85: 34
     86: 33.9
     87: 33.6
     88: 33.8
     89: 33
     90: 32.5
     91: 32.8
     92: 33.3
     93: 33.1
     94: 34.1
     95: 34
     96: 33.8
     97: 33.2
     98: 32.5
     99: 32.7
    100: 33.3
    101: 32.9
    102: 31.2
    103: 31.9
    104: 32.3
    105: 32.2
    106: 32.8
    107: 33
    108: 33.2
    109: 33.8
    110: 33.7
    111: 33.5
    112: 33.3
    113: 33.3
    114: 32.5
    115: 32.3
    116: 32.2
    117: 32.7
    118: 32.5
    119: 32
    120: 31.7
    121: 31.8
    122: 30.8
    123: 32.1
    124: 31.6
    125: 30.8
    126:   )
    127: }
    128: transform { function = log }
    129: regression { aictest = (td easter) }
    130: automdl {}
    131: x11 { mode = add save = (d10 d11) }
        ces_hours 42140            PAGE   2, SERIES ces_hours_log_ad

 A 1  Time series data (for the span analyzed)
  From  2007.Jan to 2016.Dec
  Observations        120
 -----------------------------------------------------------------------------
               Jan      Feb      Mar      Apr      May      Jun 
               Jul      Aug      Sep      Oct      Nov      Dec        TOTAL  
 -----------------------------------------------------------------------------
  2007          35.      36.      36.      37.      36.      36.
                36.      36.      37.      36.      36.      35.          432.
 
  2008          36.      36.      37.      35.      35.      37.
                37.      36.      36.      35.      36.      39.          435.
 
  2009          39.      40.      39.      40.      38.      39.
                41.      39.      38.      38.      39.      38.          466.
 
  2010          37.      37.      37.      37.      38.      38.
                37.      37.      36.      37.      37.      35.          442.
 
  2011          36.      34.      33.      33.      34.      35.
                35.      35.      35.      36.      35.      35.          414.
 
  2012          35.      35.      34.      34.      34.      34.
                35.      34.      35.      34.      34.      34.          412.
 
  2013          34.      34.      34.      34.      34.      34.
                34.      34.      34.      34.      34.      33.          405.
 
  2014          33.      33.      33.      33.      34.      34.
                34.      33.      33.      33.      33.      33.          398.
 
  2015          31.      32.      32.      32.      33.      33.
                33.      34.      34.      34.      33.      33.          394.
 
  2016          33.      32.      32.      33.      33.      32.
                32.      32.      31.      32.      32.      31.          383.
 
  AVGE          35.      35.      35.      35.      35.      35.
                35.      35.      35.      35.      35.      35.

  Table Total-        4181.   Mean-        35.   Std. Dev.-         2.
                              Min -        31.        Max -        41.
        ces_hours 42140            PAGE   3, SERIES ces_hours_log_ad
                        Automatic ARIMA Model Selection

                    Procedure based closely on TRAMO method 
                         of Gomez and Maravall (2000)
              "Automatic Modeling Methods for Univariate Series",
                            A Course in Time Series
                  (Edited by D. Pena, G. C. Tiao, R. S. Tsay),
                         New York : J. Wiley and Sons


     Maximum order for regular ARMA parameters :   2
     Maximum order for seasonal ARMA parameters :   1
     Maximum order for regular differencing :   2
     Maximum order for seasonal differencing :   1

   Results of Unit Root Test for identifying orders of differencing:
     Regular difference order :   1
     Seasonal difference order :   0

     Mean is not significant.

  Automatic model choice : (0 1 1)


  Final Checks for Identified Model


  Checking for Unit Roots.
   No unit roots found.

  Checking for nonseasonal overdifferencing.
   Nonseasonal MA not within  0.001 of 1.0 - model passes test.

  Checking for insignificant ARMA coefficients.

  Final automatic model choice : (0 1 1)
   End of automatic model selection procedure.

 Average absolute percentage error in within-sample forecasts:
  Last year:   4.45      Last-1 year:   1.92     Last-2 year:   1.33
  Last three years:    2.56

 Estimation converged in    7 ARMA iterations,   15 function evaluations.

 ARIMA Model:  (0 1 1)
   Nonseasonal differences: 1
                                              Standard
 Parameter                    Estimate          Errors
 -----------------------------------------------------
 Nonseasonal MA                                    
   Lag  1                       0.3153         0.08714

 Variance                       0.50859E-03
 SE of Var                      0.65934E-04
 -----------------------------------------------------

 Likelihood Statistics
 ------------------------------------------------------------------
 Number of observations (nobs)                                  120
 Effective number of observations (nefobs)                      119
 Number of parameters estimated (np)                              2
 Log likelihood                                            282.3345
 Transformation Adjustment                                -422.3272
 Adjusted Log likelihood (L)                              -139.9927
 AIC                                                       283.9854 
 AICC (F-corrected-AIC)                                    284.0889 
 Hannan Quinn                                              286.2424 
 BIC                                                       289.5437 
 ------------------------------------------------------------------

 QS Statistic for regARIMA Model Residuals (full series):             1.83
                                                       (P-Value =     0.4002)

 QS Statistic for regARIMA Model Residuals (starting 2009.Jan):       3.58
                                                       (P-Value =     0.1669)


  At least one visually significant residual seasonal peaks has been
  found in the spectral plot of the following series starting in 2009.Jan:

          regARIMA model residuals (1 Seasonal peak(s))

      10*LOG(SPECTRUM) of the regARIMA model residuals
      Spectrum estimated from 2009.Jan to 2016.Dec.
 ++++++++++I+++++++++++++++++++++++++++++++++++++++++++++++++++++++++++++I
     -27.21I          S                                                  I    -27.21
           I          S                                                  I
           I          S                                                  I
           I          S                                                  I
     -28.57I          S                                                  I    -28.57
           I          S                                          *       I
           I          S                   S                      *       I
           I          S                   S                      *       I
     -29.94I          S                   S                      *       I    -29.94
           I          S                   S*         *           *       I
           I          S          *        S*         *           *       I
           I          S          *        S*         *           *       I
     -31.31I          S          *    *   S*         *     *     *       I    -31.31
           I          S          **   *   S*        S*    **     *       I
           I         *S          **   *   S*     *  S*    **     *       I
           I        **S*         **   **  S*    *** S*    **     *       I
     -32.67I       ***S*         **   **  S*    *** S*    **    T*       I    -32.67
           I       ***S*         **   ** *S*   *****S*    **    T*       I
           I       ***S*        S**   ** *S*   *****S*T   **    T*       I
           I       ***S*        S**   ** *S**  *****S*T   **    T*       I
     -34.04I   *   ***S*        S**   ****S** ******S*T   **    T*       I    -34.04
           I   *   ***S*     *  S**  *****S** ******S*T   **    T*       I
           I   *   ***S*     ***S**  *****S*********S*T   **    T*       I
           I   *   ***S*     ***S*** *****S*********S*T   **    T*       I
     -35.40I   *   ***S*     ***S*** *****S*********S*T   ***   T*       I    -35.40
           I   *   ***S*    ****S*** *****S*********S*T   ***   T*       I
           I   *   ***S*    ****S*********S*********S*T   ***  *T**      I
           I   *   ***S*    ****S*********S*********S*T  ****  *T**   *  I
     -36.77I   *  ****S*    ****S*********S*********S*T  ****  *T**  **  I    -36.77
           I   *  ****S*    ****S*********S*********S*T* ***** *T**  **  I
           I   ** ****S*    ****S*********S*********S*T* *****S*T**  **  I
           I   ** ****S**   ****S*********S*********S*T* *****S*T**  **  I
     -38.13I   ** ****S**  *****S*********S*********S*T*******S*T**  **  I    -38.13
           I   ** ****S**  *****S*********S*********S*T*******S*T**  **  I
           I   *******S**  *****S*********S*********S*T*******S*T******  I
           I   *******S**  *****S*********S*********S*T*******S*T******  I
     -39.50I   *******S**  *****S*********S*********S*T*******S*T******* I    -39.50
           I  ********S*********S*********S*********S*T*******S*T******* I
           I  ********S*********S*********S*********S*T*******S*T******* I
           I  ********S*********S*********S*********S*T*******S*T*******SI
     -40.86I  ********S*********S*********S*********S*T*******S*T*******SI    -40.86
           I  ********S*********S*********S*********S*T*******S*T*******SI
           I  ********S*********S*********S*********S*T*******S*T*******SI
           I  ********S*********S*********S*********S*T*******S*T*******SI
     -42.23I  ********S*********S*********S*********S*T*******S*T*******SI    -42.23
           I  ********S*********S*********S*********S*T*******S*T*******SI
           I  ********S*********S*********S*********S*T*******S*T*******SI
           I  ********S*********S*********S*********S*T*******S*T*******SI
     -43.59I  ********S*********S*********S*********S*T*******S*T*******SI    -43.59
           I *********S*********S*********S*********S*T*******S*T*******SI
           I *********S*********S*********S*********S*T*******S*T*******SI
           I *********S*********S*********S*********S*T*******S*T*******SI
     -44.96I**********S*********S*********S*********S*T*******S*T*******SI    -44.96
 ++++++++++I+++++++++++++++++++++++++++++++++++++++++++++++++++++++++++++I
            S=SEASONAL FREQUENCIES, T=TRADING DAY FREQUENCIES


 FORECASTING
  Origin  2016.Dec
  Number        12

  Forecasts and Standard Errors of the Transformed Data
   ------------------------------
                         Standard
       Date   Forecast      Error
   ------------------------------
   2017.Jan       3.44      0.023
   2017.Feb       3.44      0.027
   2017.Mar       3.44      0.031
   2017.Apr       3.44      0.035
   2017.May       3.44      0.038
   2017.Jun       3.44      0.041
   2017.Jul       3.44      0.044
   2017.Aug       3.44      0.047
   2017.Sep       3.44      0.049
   2017.Oct       3.44      0.052
   2017.Nov       3.44      0.054
   2017.Dec       3.44      0.056
   ------------------------------

  Confidence intervals with coverage probability ( 0.95000
  On the Original Scale
   ---------------------------------------
       Date      Lower  Forecast     Upper
   ---------------------------------------
   2017.Jan      29.72     31.07     32.47
   2017.Feb      29.45     31.07     32.78
   2017.Mar      29.21     31.07     33.04
   2017.Apr      29.01     31.07     33.27
   2017.May      28.82     31.07     33.49
   2017.Jun      28.66     31.07     33.68
   2017.Jul      28.50     31.07     33.87
   2017.Aug      28.35     31.07     34.04
   2017.Sep      28.21     31.07     34.21
   2017.Oct      28.08     31.07     34.37
   2017.Nov      27.96     31.07     34.52
   2017.Dec      27.84     31.07     34.67
   ---------------------------------------
        ces_hours 42140            PAGE   4, SERIES ces_hours_log_ad

 B 1  Original series (prior adjusted)
  From  2007.Jan to 2016.Dec
  Observations        120
 -----------------------------------------------------------------------------
               Jan      Feb      Mar      Apr      May      Jun 
               Jul      Aug      Sep      Oct      Nov      Dec        TOTAL  
 -----------------------------------------------------------------------------
  2007          35.      36.      36.      37.      36.      36.
                36.      36.      37.      36.      36.      35.          432.
 
  2008          36.      36.      37.      35.      35.      37.
                37.      36.      36.      35.      36.      39.          435.
 
  2009          39.      40.      39.      40.      38.      39.
                41.      39.      38.      38.      39.      38.          465.
 
  2010          37.      37.      37.      37.      38.      38.
                37.      37.      36.      37.      37.      35.          442.
 
  2011          36.      34.      33.      33.      34.      35.
                35.      35.      35.      36.      35.      35.          414.
 
  2012          35.      35.      34.      34.      34.      34.
                35.      34.      35.      34.      34.      34.          412.
 
  2013          34.      34.      34.      34.      34.      34.
                34.      34.      34.      34.      34.      33.          405.
 
  2014          33.      33.      33.      33.      34.      34.
                34.      33.      33.      33.      33.      33.          398.
 
  2015          31.      32.      32.      32.      33.      33.
                33.      34.      34.      34.      33.      33.          394.
 
  2016          33.      32.      32.      33.      33.      32.
                32.      32.      31.      32.      32.      31.          383.
 
  AVGE          35.      35.      35.      35.      35.      35.
                35.      35.      35.      35.      35.      35.

  Table Total-        4181.   Mean-        35.   Std. Dev.-         2.
                              Min -        31.        Max -        41.

 B 1.A  Forecasts of (prior adjusted) original series
  From  2017.Jan to 2017.Dec
  Observations         12
 -----------------------------------------------------------------------------
               Jan      Feb      Mar      Apr      May      Jun 
               Jul      Aug      Sep      Oct      Nov      Dec        TOTAL  
 -----------------------------------------------------------------------------
  2017          31.      31.      31.      31.      31.      31.
                31.      31.      31.      31.      31.      31.          373.
 
        ces_hours 42140            PAGE   5, SERIES ces_hours_log_ad

 C 17  Final weights for irregular component
  From  2007.Jan to 2016.Dec
  Observations        120
  Lower sigma limit    1.50
  Upper sigma limit    2.50
 -----------------------------------------------------------------------------
               Jan      Feb      Mar      Apr      May      Jun 
               Jul      Aug      Sep      Oct      Nov      Dec         S.D.  
 -----------------------------------------------------------------------------
  2007         100.     100.     100.     100.     100.     100.
               100.     100.      38.     100.     100.     100.           54.
 
  2008         100.     100.       8.     100.     100.     100.
               100.     100.     100.      88.      52.       0.           54.
 
  2009         100.     100.     100.     100.      20.     100.
                 0.     100.     100.     100.      26.     100.           54.
 
  2010         100.     100.     100.     100.      99.     100.
               100.     100.     100.     100.     100.     100.           51.
 
  2011          55.     100.     100.      94.     100.     100.
               100.     100.     100.       5.     100.     100.           42.
 
  2012         100.     100.     100.     100.     100.     100.
               100.     100.     100.     100.     100.     100.           35.
 
  2013         100.     100.     100.     100.     100.     100.
               100.     100.     100.     100.     100.     100.           31.
 
  2014         100.     100.     100.     100.      38.     100.
               100.     100.       0.     100.      93.      81.           24.
 
  2015           0.     100.     100.     100.     100.     100.
               100.     100.     100.     100.     100.     100.           21.
 
  2016         100.     100.     100.      58.     100.     100.
               100.     100.       0.       0.     100.       0.           21.
 
        ces_hours 42140            PAGE   6, SERIES ces_hours_log_ad

 D 8  Final unmodified SI ratios
  From  2007.Jan to 2016.Dec
  Observations        120
 -----------------------------------------------------------------------------
               Jan      Feb      Mar      Apr      May      Jun 
               Jul      Aug      Sep      Oct      Nov      Dec         AVGE  
 -----------------------------------------------------------------------------
  2007          -0.       0.       0.       1.      -0.      -0.
                 0.       0.       1.      -0.      -1.      -1.            0.
 
  2008           1.       0.       1.      -0.      -1.       1.
                 1.       0.      -0.      -1.      -1.       2.            0.
 
  2009           0.       1.      -1.       1.      -2.      -0.
                 3.       1.      -1.      -0.       2.      -0.            0.
 
  2010          -0.       0.      -1.      -1.       0.       0.
                 0.       0.      -1.       0.       1.      -0.            0.
 
  2011           1.      -1.      -1.      -1.      -0.       1.
                 0.       1.       0.       1.       0.      -0.            0.
 
  2012          -0.       0.      -1.      -0.      -0.      -0.
                 1.       0.       1.       0.       0.      -0.           -0.
 
  2013          -0.      -1.      -0.      -1.       0.       0.
                 0.       0.       0.       0.       0.      -0.            0.
 
  2014          -1.      -1.      -0.      -0.       1.       1.
                 1.       0.      -0.      -0.       1.       0.           -0.
 
  2015          -1.      -1.      -0.      -0.       0.       0.
                 0.       1.       0.       0.       0.       0.           -0.
 
  2016          -0.      -1.      -0.       0.       0.       0.
                -0.       0.      -1.       1.       0.      -1.           -0.
 
  AVGE          -0.      -0.      -0.      -0.      -0.       0.
                 1.       0.      -0.       0.       0.      -0.

  Table Total-           6.   Mean-         0.   Std. Dev.-         1.
                              Min -        -2.        Max -         3.
        ces_hours 42140            PAGE   7, SERIES ces_hours_log_ad

 D 8.B  Final unmodified SI ratios, with labels for outliers and extreme values
  From  2007.Jan to 2016.Dec
  Observations        120
 ---------------------------------------------------------------------
               Jan       Feb       Mar       Apr       May       Jun  
               Jul       Aug       Sep       Oct       Nov       Dec  
 ---------------------------------------------------------------------
  2007         -0.        0.        0.        1.       -0.       -0.  
                0.        0.        1.*      -0.       -1.       -1.  
 
  2008          1.        0.        1.*      -0.       -1.        1.  
                1.        0.       -0.       -1.*      -1.*       2.* 
 
  2009          0.        1.       -1.        1.       -2.*      -0.  
                3.*       1.       -1.       -0.        2.*      -0.  
 
  2010         -0.        0.       -1.       -1.        0.*       0.  
                0.        0.       -1.        0.        1.       -0.  
 
  2011          1.*      -1.       -1.       -1.*      -0.        1.  
                0.        1.        0.        1.*       0.       -0.  
 
  2012         -0.        0.       -1.       -0.       -0.       -0.  
                1.        0.        1.        0.        0.       -0.  
 
  2013         -0.       -1.       -0.       -1.        0.        0.  
                0.        0.        0.        0.        0.       -0.  
 
  2014         -1.       -1.       -0.       -0.        1.*       1.  
                1.        0.       -0.*      -0.        1.*       0.* 
 
  2015         -1.*      -1.       -0.       -0.        0.        0.  
                0.        1.        0.        0.        0.        0.  
 
  2016         -0.       -1.       -0.        0.*       0.        0.  
               -0.        0.       -1.*       1.*       0.       -1.* 
 

  Key to symbols:
    *  : extreme value as determined by X-11 extreme value procedure
 
        ces_hours 42140            PAGE   8, SERIES ces_hours_log_ad

 D 9  Final replacement values for SI ratios
  From  2007.Jan to 2016.Dec
  Observations        120
 ---------------------------------------------------------------
               Jan      Feb      Mar      Apr      May      Jun 
               Jul      Aug      Sep      Oct      Nov      Dec 
 ---------------------------------------------------------------
  2007     ******** ******** ******** ******** ******** ********
           ******** ********       0. ******** ******** ********
 
  2008     ******** ********       0. ******** ******** ********
           ******** ******** ********      -1.      -0.      -0.
 
  2009     ******** ******** ******** ********      -1. ********
                 1. ******** ******** ********       1. ********
 
  2010     ******** ******** ******** ********       0. ********
           ******** ******** ******** ******** ******** ********
 
  2011           0. ******** ********      -1. ******** ********
           ******** ******** ********       0. ******** ********
 
  2012     ******** ******** ******** ******** ******** ********
           ******** ******** ******** ******** ******** ********
 
  2013     ******** ******** ******** ******** ******** ********
           ******** ******** ******** ******** ******** ********
 
  2014     ******** ******** ******** ********       0. ********
           ******** ********       0. ********       0.       0.
 
  2015          -1. ******** ******** ******** ******** ********
           ******** ******** ******** ******** ******** ********
 
  2016     ******** ******** ********       0. ******** ********
           ******** ********       0.       0. ********      -0.
 

 D 9.A  Moving seasonality ratio
 ---------------------------------------------------------------
               Jan      Feb      Mar      Apr      May      Jun 
 ---------------------------------------------------------------
   I          0.424    0.382    0.217    0.464    0.405    0.457
   S          0.103    0.122    0.057    0.123    0.078    0.061
 RATIO        4.120    3.138    3.781    3.770    5.177    7.452



 ---------------------------------------------------------------
               Jul      Aug      Sep      Oct      Nov      Dec 
 ---------------------------------------------------------------
   I          0.364    0.366    0.369    0.392    0.358    0.189
   S          0.065    0.042    0.082    0.098    0.068    0.043
 RATIO        5.582    8.714    4.472    3.997    5.243    4.405



        ces_hours 42140            PAGE   9, SERIES ces_hours_log_ad

 D 10  Final seasonal factors
  From  2007.Jan to 2016.Dec
  Observations        120
  Seasonal filter    3 x 5 moving average
 -----------------------------------------------------------------------------
               Jan      Feb      Mar      Apr      May      Jun 
               Jul      Aug      Sep      Oct      Nov      Dec         AVGE  
 -----------------------------------------------------------------------------
  2007           0.       0.      -0.       0.      -0.       0.
                 0.       0.      -0.      -0.       0.      -0.            0.
 
  2008           0.       0.      -0.       0.      -0.       0.
                 0.       0.      -0.      -0.       0.      -0.            0.
 
  2009           0.       0.      -0.      -0.      -0.       0.
                 1.       0.      -0.      -0.       0.      -0.            0.
 
  2010           0.       0.      -0.      -0.      -0.       0.
                 1.       0.      -0.      -0.       0.      -0.            0.
 
  2011          -0.      -0.      -0.      -0.      -0.       0.
                 1.       0.       0.       0.       0.      -0.            0.
 
  2012          -0.      -0.      -0.      -1.      -0.       0.
                 1.       0.       0.       0.       0.      -0.            0.
 
  2013          -0.      -0.      -0.      -1.       0.       0.
                 0.       0.       0.       0.       0.      -0.            0.
 
  2014          -1.      -0.      -0.      -0.       0.       0.
                 0.       0.       0.       0.       0.      -0.           -0.
 
  2015          -1.      -0.      -0.      -0.       0.       0.
                 0.       0.       0.       0.       0.       0.           -0.
 
  2016          -1.      -1.      -0.      -0.       0.       0.
                 0.       0.       0.       0.       0.       0.            0.
 
  AVGE          -0.      -0.      -0.      -0.      -0.       0.
                 0.       0.       0.      -0.       0.      -0.

  Table Total-           1.   Mean-         0.   Std. Dev.-         0.
                              Min -        -1.        Max -         1.

 D 10.A  Final seasonal component forecasts
  From  2017.Jan to 2017.Dec
  Observations         12
 -----------------------------------------------------------------------------
               Jan      Feb      Mar      Apr      May      Jun 
               Jul      Aug      Sep      Oct      Nov      Dec         AVGE  
 -----------------------------------------------------------------------------
  2017          -1.      -1.      -0.      -0.       0.       0.
                 0.       0.       0.       0.       0.       0.            0.
 
        ces_hours 42140            PAGE  10, SERIES ces_hours_log_ad

 D 11  Final seasonally adjusted data
  From  2007.Jan to 2016.Dec
  Observations        120
 -----------------------------------------------------------------------------
               Jan      Feb      Mar      Apr      May      Jun 
               Jul      Aug      Sep      Oct      Nov      Dec        TOTAL  
 -----------------------------------------------------------------------------
  2007          35.      36.      36.      36.      36.      36.
                36.      36.      37.      36.      35.      36.          432.
 
  2008          36.      35.      37.      35.      35.      36.
                36.      36.      36.      36.      36.      39.          435.
 
  2009          38.      39.      39.      40.      38.      38.
                41.      39.      38.      38.      39.      38.          465.
 
  2010          37.      37.      37.      37.      38.      37.
                37.      37.      36.      37.      36.      36.          441.
 
  2011          36.      34.      34.      33.      34.      34.
                34.      35.      35.      36.      35.      35.          414.
 
  2012          35.      35.      35.      35.      34.      34.
                35.      34.      35.      34.      34.      34.          412.
 
  2013          34.      34.      34.      34.      34.      34.
                34.      34.      34.      33.      33.      33.          405.
 
  2014          33.      33.      34.      33.      34.      34.
                33.      33.      32.      33.      33.      33.          398.
 
  2015          32.      32.      33.      32.      33.      33.
                33.      34.      33.      33.      33.      33.          394.
 
  2016          33.      33.      32.      33.      32.      32.
                32.      31.      31.      32.      31.      31.          383.
 
  AVGE          35.      35.      35.      35.      35.      35.
                35.      35.      35.      35.      35.      35.

  Table Total-        4180.   Mean-        35.   Std. Dev.-         2.
                              Min -        31.        Max -        41.
        ces_hours 42140            PAGE  11, SERIES ces_hours_log_ad

 D 12  Final trend cycle
  From  2007.Jan to 2016.Dec
  Observations        120
  Trend filter    13-term Henderson moving average
  I/C ratio        2.16
 -----------------------------------------------------------------------------
               Jan      Feb      Mar      Apr      May      Jun 
               Jul      Aug      Sep      Oct      Nov      Dec        TOTAL  
 -----------------------------------------------------------------------------
  2007          36.      36.      36.      36.      36.      36.
                36.      36.      36.      36.      36.      36.          432.
 
  2008          36.      35.      35.      36.      36.      36.
                36.      36.      36.      36.      37.      38.          432.
 
  2009          38.      39.      39.      39.      39.      39.
                39.      38.      38.      38.      38.      38.          463.
 
  2010          37.      37.      37.      37.      37.      37.
                37.      37.      36.      36.      36.      35.          441.
 
  2011          35.      34.      34.      34.      34.      34.
                34.      35.      35.      35.      35.      35.          413.
 
  2012          35.      35.      35.      35.      34.      34.
                34.      34.      34.      34.      34.      34.          412.
 
  2013          34.      34.      34.      34.      34.      34.
                34.      34.      34.      33.      33.      33.          405.
 
  2014          33.      33.      33.      34.      34.      33.
                33.      33.      33.      33.      33.      33.          398.
 
  2015          33.      33.      33.      33.      33.      33.
                33.      33.      33.      33.      33.      33.          395.
 
  2016          33.      33.      33.      32.      32.      32.
                32.      31.      31.      31.      31.      31.          384.
 
  AVGE          35.      35.      35.      35.      35.      35.
                35.      35.      35.      35.      35.      35.

  Table Total-        4176.   Mean-        35.   Std. Dev.-         2.
                              Min -        31.        Max -        39.
        ces_hours 42140            PAGE  12, SERIES ces_hours_log_ad

 D 13  Final irregular component
  From  2007.Jan to 2016.Dec
  Observations        120
 -----------------------------------------------------------------------------
               Jan      Feb      Mar      Apr      May      Jun 
               Jul      Aug      Sep      Oct      Nov      Dec         S.D.  
 -----------------------------------------------------------------------------
  2007          -1.      -0.       0.       0.       0.      -0.
                -0.       0.       1.       0.      -0.      -0.            1.
 
  2008           0.      -0.       1.      -0.      -0.       1.
                 0.      -0.       0.      -1.      -1.       2.            1.
 
  2009           0.       0.      -0.       1.      -1.      -0.
                 2.       0.      -0.      -0.       1.       0.            1.
 
  2010          -0.       0.      -0.      -0.       1.       0.
                -0.      -0.      -1.       0.       0.       0.            0.
 
  2011           1.      -1.      -0.      -0.      -0.       0.
                -0.       0.       0.       1.      -0.      -0.            0.
 
  2012          -0.       0.       0.       0.      -0.      -0.
                 0.      -0.       0.       0.      -0.      -0.            0.
 
  2013           0.      -0.       0.      -0.       0.       0.
                -0.      -0.       0.       0.       0.      -0.            0.
 
  2014          -0.      -0.       0.      -0.       0.       0.
                 0.      -0.      -1.      -0.       0.       0.            0.
 
  2015          -1.      -0.       0.      -0.      -0.      -0.
                -0.       0.       0.       0.      -0.       0.            0.
 
  2016           0.      -0.      -0.       0.       0.      -0.
                -0.       0.      -1.       1.      -0.      -1.            0.
 
  S.D.           0.       0.       0.       0.       1.       0.
                 1.       0.       1.       1.       1.       1.

  Table Total-           4.   Mean-         0.   Std. Dev.-         0.
                              Min -        -1.        Max -         2.
        ces_hours 42140            PAGE  13, SERIES ces_hours_log_ad

 D 16  Combined adjustment factors
  From  2007.Jan to 2016.Dec
  Observations        120
 -----------------------------------------------------------------------------
               Jan      Feb      Mar      Apr      May      Jun 
               Jul      Aug      Sep      Oct      Nov      Dec         AVGE  
 -----------------------------------------------------------------------------
  2007           0.       0.      -0.       0.      -0.       0.
                 0.       0.      -0.      -0.       0.      -0.            0.
 
  2008           0.       0.      -0.       0.      -0.       0.
                 0.       0.      -0.      -0.       0.      -0.            0.
 
  2009           0.       0.      -0.      -0.      -0.       0.
                 1.       0.      -0.      -0.       0.      -0.            0.
 
  2010           0.       0.      -0.      -0.      -0.       0.
                 1.       0.      -0.      -0.       0.      -0.            0.
 
  2011          -0.      -0.      -0.      -0.      -0.       0.
                 1.       0.       0.       0.       0.      -0.            0.
 
  2012          -0.      -0.      -0.      -1.      -0.       0.
                 1.       0.       0.       0.       0.      -0.            0.
 
  2013          -0.      -0.      -0.      -1.       0.       0.
                 0.       0.       0.       0.       0.      -0.            0.
 
  2014          -1.      -0.      -0.      -0.       0.       0.
                 0.       0.       0.       0.       0.      -0.           -0.
 
  2015          -1.      -0.      -0.      -0.       0.       0.
                 0.       0.       0.       0.       0.       0.           -0.
 
  2016          -1.      -1.      -0.      -0.       0.       0.
                 0.       0.       0.       0.       0.       0.            0.
 
  AVGE          -0.      -0.      -0.      -0.      -0.       0.
                 0.       0.       0.      -0.       0.      -0.

  Table Total-           1.   Mean-         0.   Std. Dev.-         0.
                              Min -        -1.        Max -         1.

 D 16.A  Combined adjustment component forecasts
  From  2017.Jan to 2017.Dec
  Observations         12
 -----------------------------------------------------------------------------
               Jan      Feb      Mar      Apr      May      Jun 
               Jul      Aug      Sep      Oct      Nov      Dec         AVGE  
 -----------------------------------------------------------------------------
  2017          -1.      -1.      -0.      -0.       0.       0.
                 0.       0.       0.       0.       0.       0.            0.
 
        ces_hours 42140            PAGE  14, SERIES ces_hours_log_ad

 E 4  Differences of annual totals
  From          2007 to 2016
  Observations         10
 -----------------------------------
  Year       Unmodified     Modified
                  (D11)         (E2)
 -----------------------------------
  2007               0.           0.
 
  2008               0.           0.
 
  2009               0.           0.
 
  2010               0.           0.
 
  2011               0.           0.
 
  2012               0.           0.
 
  2013               0.           0.
 
  2014              -0.          -0.
 
  2015              -0.          -0.
 
  2016               0.           0.
 
        ces_hours 42140            PAGE  15, SERIES ces_hours_log_ad

 E 5  Month-to-month differences in the original series
  From  2007.Feb to 2016.Dec
  Observations        119
 -----------------------------------------------------------------------------
               Jan      Feb      Mar      Apr      May      Jun 
               Jul      Aug      Sep      Oct      Nov      Dec         AVGE  
 -----------------------------------------------------------------------------
  2007                    1.       0.       1.      -1.      -0.
                 1.       0.       1.      -1.      -0.      -0.            0.
 
  2008           1.      -1.       1.      -1.      -0.       2.
                 0.      -1.       0.      -1.       1.       3.            0.
 
  2009          -1.       1.      -1.       1.      -2.       1.
                 3.      -2.      -1.       0.       2.      -2.           -0.
 
  2010          -0.       0.      -1.       0.       1.      -0.
                -0.      -0.      -1.       1.       0.      -1.           -0.
 
  2011           0.      -2.      -0.      -1.       1.       1.
                 0.       1.      -0.       1.      -1.      -1.           -0.
 
  2012           0.       0.      -1.      -0.      -0.       0.
                 1.      -1.       0.      -0.      -0.      -0.           -0.
 
  2013          -0.       0.       0.      -0.       1.       0.
                -0.      -0.      -0.      -0.       0.      -1.           -0.
 
  2014          -0.       0.       1.      -0.       1.      -0.
                -0.      -1.      -1.       0.       1.      -0.           -0.
 
  2015          -2.       1.       0.      -0.       1.       0.
                 0.       1.      -0.      -0.      -0.       0.            0.
 
  2016          -1.      -0.      -0.       1.      -0.      -0.
                -0.       0.      -1.       1.      -0.      -1.           -0.
 
  AVGE          -0.       0.      -0.      -0.      -0.       0.
                 0.      -0.      -0.       0.       0.      -0.

  Table Total-          -4.   Mean-        -0.   Std. Dev.-         1.
                              Min -        -2.        Max -         3.
        ces_hours 42140            PAGE  16, SERIES ces_hours_log_ad

 E 6  Month-to-month differences in seasonally adjusted series (D11)
  From  2007.Feb to 2016.Dec
  Observations        119
 -----------------------------------------------------------------------------
               Jan      Feb      Mar      Apr      May      Jun 
               Jul      Aug      Sep      Oct      Nov      Dec         AVGE  
 -----------------------------------------------------------------------------
  2007                    0.       1.       0.      -0.      -1.
                 0.       0.       1.      -1.      -1.       0.            0.
 
  2008           1.      -1.       2.      -2.       0.       1.
                -0.      -1.       1.      -1.       0.       3.            0.
 
  2009          -1.       1.      -0.       1.      -2.       1.
                 2.      -2.      -1.      -0.       1.      -1.           -0.
 
  2010          -1.       0.      -0.      -0.       1.      -1.
                -1.       0.      -1.       1.      -0.      -1.           -0.
 
  2011           0.      -2.       0.      -1.       1.       1.
                -0.       1.      -0.       1.      -1.       0.           -0.
 
  2012           0.       0.      -0.       0.      -1.      -0.
                 1.      -1.       1.      -0.      -0.       0.           -0.
 
  2013           0.      -0.       0.      -0.       0.      -0.
                -0.       0.      -0.      -0.       0.      -0.           -0.
 
  2014          -0.       0.       0.      -0.       1.      -0.
                -0.      -1.      -1.       0.       0.      -0.           -0.
 
  2015          -1.       1.       0.      -0.       0.       0.
                 0.       1.      -0.       0.      -0.       0.            0.
 
  2016          -0.      -0.      -0.       0.      -1.      -1.
                -0.      -0.      -1.       1.      -1.      -1.           -0.
 
  AVGE          -0.       0.       0.      -0.      -0.       0.
                 0.      -0.      -0.       0.      -0.       0.

  Table Total-          -4.   Mean-        -0.   Std. Dev.-         1.
                              Min -        -2.        Max -         3.
        ces_hours 42140            PAGE  17, SERIES ces_hours_log_ad

 E 7  Month-to-month differences in final trend cycle (D12)
  From  2007.Feb to 2016.Dec
  Observations        119
 -----------------------------------------------------------------------------
               Jan      Feb      Mar      Apr      May      Jun 
               Jul      Aug      Sep      Oct      Nov      Dec         AVGE  
 -----------------------------------------------------------------------------
  2007                    0.       0.       0.       0.       0.
                 0.       0.      -0.      -0.      -0.      -0.            0.
 
  2008          -0.      -0.      -0.       0.       0.       0.
                 0.       0.       0.       0.       0.       1.            0.
 
  2009           1.       1.       0.       0.      -0.      -0.
                -0.      -0.      -0.      -0.      -0.      -0.            0.
 
  2010          -0.      -0.      -0.      -0.      -0.      -0.
                -0.      -0.      -0.      -0.      -0.      -0.           -0.
 
  2011          -1.      -1.      -0.      -0.       0.       0.
                 0.       0.       0.       0.       0.       0.           -0.
 
  2012          -0.      -0.      -0.      -0.      -0.      -0.
                -0.      -0.      -0.      -0.      -0.      -0.           -0.
 
  2013           0.       0.       0.       0.      -0.      -0.
                -0.      -0.      -0.      -0.      -0.      -0.           -0.
 
  2014          -0.       0.       0.       0.       0.      -0.
                -0.      -0.      -0.      -0.      -0.      -0.           -0.
 
  2015          -0.      -0.      -0.       0.       0.       0.
                 0.       0.       0.       0.      -0.      -0.            0.
 
  2016          -0.      -0.      -0.      -0.      -0.      -0.
                -0.      -0.      -0.      -0.       0.       0.           -0.
 
  AVGE          -0.      -0.      -0.      -0.      -0.      -0.
                -0.      -0.      -0.      -0.      -0.      -0.

  Table Total-          -4.   Mean-        -0.   Std. Dev.-         0.
                              Min -        -1.        Max -         1.
        ces_hours 42140            PAGE  18, SERIES ces_hours_log_ad

 E 8  Month-to-month differences in original series adjusted for calendar factors (A18)
  From  2007.Feb to 2016.Dec
  Observations        119
 -----------------------------------------------------------------------------
               Jan      Feb      Mar      Apr      May      Jun 
               Jul      Aug      Sep      Oct      Nov      Dec         AVGE  
 -----------------------------------------------------------------------------
  2007                    1.       0.       0.      -1.      -0.
                 1.       0.       1.      -1.      -0.      -0.            0.
 
  2008           1.      -1.       1.      -1.      -0.       2.
                 0.      -1.       0.      -1.       1.       3.            0.
 
  2009          -1.       1.      -1.       1.      -2.       1.
                 3.      -2.      -1.       0.       2.      -2.           -0.
 
  2010          -0.       0.      -1.       0.       1.      -0.
                -0.      -0.      -1.       1.       0.      -1.           -0.
 
  2011           0.      -2.      -0.      -1.       1.       1.
                 0.       1.      -0.       1.      -1.      -1.           -0.
 
  2012           0.       0.      -1.      -0.      -0.       0.
                 1.      -1.       0.      -0.      -0.      -0.           -0.
 
  2013          -0.       0.       0.      -0.       1.       0.
                -0.      -0.      -0.      -0.       0.      -1.           -0.
 
  2014          -0.       0.       1.      -0.       1.      -0.
                -0.      -1.      -1.       0.       1.      -0.           -0.
 
  2015          -2.       1.       0.      -0.       1.       0.
                 0.       1.      -0.      -0.      -0.       0.            0.
 
  2016          -1.      -0.      -0.       1.      -0.      -0.
                -0.       0.      -1.       1.      -1.      -1.           -0.
 
  AVGE          -0.       0.      -0.      -0.      -0.       0.
                 0.      -0.      -0.       0.       0.      -0.

  Table Total-          -4.   Mean-        -0.   Std. Dev.-         1.
                              Min -        -2.        Max -         3.
        ces_hours 42140            PAGE  19, SERIES ces_hours_log_ad

 E 18  Final adjustment ratios
  From  2007.Jan to 2016.Dec
  Observations        120
 -----------------------------------------------------------------------------
               Jan      Feb      Mar      Apr      May      Jun 
               Jul      Aug      Sep      Oct      Nov      Dec         AVGE  
 -----------------------------------------------------------------------------
  2007      100.322  100.892   99.614  100.721   99.049  100.267
            101.341  100.743   99.224   98.720  100.039   99.349       100.024
 
  2008      100.334  100.711   99.484  100.396   99.141  100.386
            101.283  100.866   99.252   98.997  100.246   99.448       100.045
 
  2009      100.299  100.411   99.227   99.835   99.244  100.536
            101.255  100.901   99.410   99.425  100.506   99.466       100.043
 
  2010      100.157  100.095   98.910   99.306   99.298  100.627
            101.466  101.102   99.684   99.876  100.867   99.402       100.066
 
  2011       99.710   99.657   98.661   98.685   99.477  100.840
            101.628  101.141  100.030  100.254  101.146   99.395       100.052
 
  2012       99.196   99.149   98.792   98.489   99.761  100.918
            101.478  101.195  100.500  100.490  101.134   99.394       100.041
 
  2013       98.695   98.739   98.973   98.522  100.025  100.954
            101.403  101.053  100.875  100.425  100.927   99.512       100.009
 
  2014       98.436   98.537   99.142   98.850  100.194  100.846
            101.134  101.017  101.041  100.315  100.787   99.733       100.003
 
  2015       98.193   98.466   99.193   99.195  100.443  100.744
            100.854  100.880  100.873  100.228  100.766  100.019        99.988
 
  2016       98.327   98.444   99.200   99.378  100.524  100.667
            100.620  100.968  100.843  100.257  100.744  100.254       100.019
 
  AVGE       99.367   99.510   99.119   99.338   99.716  100.679
            101.246  100.987  100.173   99.899  100.716   99.597

  Table Total-       12003.   Mean-       100.   Std. Dev.-         1.
                              Min -        98.        Max -       102.

 E 18.A  Final adjustment ratio forecasts
  From  2017.Jan to 2017.Dec
  Observations         12
 -----------------------------------------------------------------------------
               Jan      Feb      Mar      Apr      May      Jun 
               Jul      Aug      Sep      Oct      Nov      Dec         AVGE  
 -----------------------------------------------------------------------------
  2017       98.296   98.401   99.123   99.459  100.533  100.563
            100.544  101.032  100.827  100.311  100.685  100.365       100.012
 

  QS statistic for seasonality:
  Original Series                                     0.26  (P-Value =     0.8759)
  Original Series (EV adj)                            0.26  (P-Value =     0.8759)
  Residuals                                           1.83  (P-Value =     0.4002)
  Seasonally Adjusted Series                          0.00  (P-Value =     1.0000)
  Seasonally Adjusted Series (EV adj)                 0.00  (P-Value =     1.0000)
  Irregular Series                                    0.00  (P-Value =     1.0000)
  Irregular Series (EV adj)                           0.00  (P-Value =     1.0000)

  QS statistic for seasonality (starting 2009.Jan):
  Original Series                                     1.39  (P-Value =     0.5003)
  Original Series (EV adj)                            1.39  (P-Value =     0.5003)
  Residuals                                           3.58  (P-Value =     0.1669)
  Seasonally Adjusted Series                          0.00  (P-Value =     1.0000)
  Seasonally Adjusted Series (EV adj)                 0.00  (P-Value =     1.0000)
  Irregular Series                                    0.00  (P-Value =     1.0000)
  Irregular Series (EV adj)                           0.00  (P-Value =     1.0000)
        ces_hours 42140            PAGE  20, SERIES ces_hours_log_ad


  Visually significant residual trading day peaks have been
  found in the spectral plots of the following series starting in 2009.Jan:

          differenced seasonally adjusted series (Table E2) (2 Trading Day peak(s))

          Modified irregular component (Table E3) (2 Seasonal and 
        ces_hours 42140            PAGE  21, SERIES ces_hours_log_ad
 G 0  10*LOG(SPECTRUM) of the differenced Original Series
      (Table A1 or B1).  Spectrum estimated from 2009.Jan to 2016.Dec.
 ++++++++++I+++++++++++++++++++++++++++++++++++++++++++++++++++++++++++++I
       4.95I                                                     *       I      4.95
           I                                                     *       I
           I                                                     *       I
           I                                                     *       I
       3.37I                                                     *       I      3.37
           I                                                     *       I
           I                               *                     *       I
           I                              S*                     *       I
       1.78I                              S*         *     *     *       I      1.78
           I          S                   S*         *     *     *       I
           I          S                   S*         *    **    T*       I
           I          S                   S*        S*    **    T*       I
       0.20I          S                   S*     ** S*    **    T*       I      0.20
           I          S                   S*   *****S*    **    T*       I
           I          S                *  S*   *****S*    **    T*       I
           I          S          *    **  S** ******S*T   **    T*       I
      -1.39I          S          **   **  S** ******S*T   **    T*       I     -1.39
           I          S          **   ** *S*********S*T   **    T**      I
           I          S          **   ****S*********S*T   **   *T**      I
           I          S          **   ****S*********S*T   ***  *T**  **  I
      -2.97I          S         S**   ****S*********S*T   ***  *T**  **  I     -2.97
           I          S         S**   ****S*********S*T   *** S*T**  **  I
           I         *S         S*** *****S*********S*T   *** S*T**  **  I
           I         *S         S*** *****S*********S*T   ****S*T**  **  I
      -4.56I        **S*       *S*** *****S*********S*T  *****S*T**  **  I     -4.56
           I        **S*       *S*********S*********S*T* *****S*T**  **  I
           I        **S*       *S*********S*********S*T* *****S*T******  I
           I       ***S*     ***S*********S*********S*T* *****S*T******  I
      -6.14I       ***S*     ***S*********S*********S*T*******S*T******  I     -6.14
           I       ***S*    ****S*********S*********S*T*******S*T******* I
           I       ***S*    ****S*********S*********S*T*******S*T******* I
           I       ***S*    ****S*********S*********S*T*******S*T******* I
      -7.73I   *   ***S*    ****S*********S*********S*T*******S*T*******SI     -7.73
           I   *   ***S*    ****S*********S*********S*T*******S*T*******SI
           I   *   ***S*    ****S*********S*********S*T*******S*T*******SI
           I   *   ***S*   *****S*********S*********S*T*******S*T*******SI
      -9.31I   *  ****S*   *****S*********S*********S*T*******S*T*******SI     -9.31
           I   *  ****S**  *****S*********S*********S*T*******S*T*******SI
           I   ** ****S**  *****S*********S*********S*T*******S*T*******SI
           I   ** ****S**  *****S*********S*********S*T*******S*T*******SI
     -10.90I  *** ****S**  *****S*********S*********S*T*******S*T*******SI    -10.90
           I  ********S** ******S*********S*********S*T*******S*T*******SI
           I  ********S*********S*********S*********S*T*******S*T*******SI
           I  ********S*********S*********S*********S*T*******S*T*******SI
     -12.48I  ********S*********S*********S*********S*T*******S*T*******SI    -12.48
           I  ********S*********S*********S*********S*T*******S*T*******SI
           I  ********S*********S*********S*********S*T*******S*T*******SI
           I  ********S*********S*********S*********S*T*******S*T*******SI
     -14.07I  ********S*********S*********S*********S*T*******S*T*******SI    -14.07
           I *********S*********S*********S*********S*T*******S*T*******SI
           I *********S*********S*********S*********S*T*******S*T*******SI
           I *********S*********S*********S*********S*T*******S*T*******SI
     -15.65I**********S*********S*********S*********S*T*******S*T*******SI    -15.65
 ++++++++++I+++++++++++++++++++++++++++++++++++++++++++++++++++++++++++++I
            S=SEASONAL FREQUENCIES, T=TRADING DAY FREQUENCIES
        ces_hours 42140            PAGE  22, SERIES ces_hours_log_ad
 G 1  10*LOG(SPECTRUM) of the differenced seasonally adjusted 
      data (Table E2).  Spectrum estimated from 2009.Jan to 2016.Dec.
 ++++++++++I+++++++++++++++++++++++++++++++++++++++++++++++++++++++++++++I
       3.03I                                                    T        I      3.03
           I                                                    T        I
           I                                                    T        I
           I                                              *     T        I
       1.55I                                              *     T        I      1.55
           I                                              *     T        I
           I                                              *     T        I
           I                                              *     T        I
       0.07I                                              *     T        I      0.07
           I                                              *     T*       I
           I                 *                        T   *     T*       I
           I                 *                        T   *     T*       I
      -1.40I                 *                        T   *     T*  *    I     -1.40
           I                 *                        T   *     T*  *    I
           I                 *                        T   *     T*  *    I
           I                 *                        T   *     T*  **   I
      -2.88I                 *              *         T   *     T* ***   I     -2.88
           I                 *              *         T   *     T*****   I
           I                 *              *    *    T   **    T*****   I
           I                 *         *    *   **    T   **    T*****   I
      -4.36I                 *         *   **   **    T   **    T*****   I     -4.36
           I       *         *         *   **   **    T   **    T******  I
           I       *         *         *   **   **    T*  **   *T******  I
           I       *         *         *   **   **   *T*  **   *T******  I
      -5.84I       *         **        *   **   **   *T* ***   *T******  I     -5.84
           I       **        **        **  ***  **   *T* ***   *T******  I
           I       **        **        **  ***  **   *T* ***   *T******* I
           I       **        **    *   **  *** ****  *T* ***   *T*******SI
      -7.32I       **       ***    *   **  *** ****  *T* ***   *T*******SI     -7.32
           I       **       ***   **   ** S********  *T* ***   *T*******SI
           I       **       ***   **  *** S******** S*T*****   *T*******SI
           I       **       ***   **  ****S******** S*T*****   *T*******SI
      -8.80I       **       ***   **  ****S*********S*T*****  S*T*******SI     -8.80
           I   *  ****      ***   **  ****S*********S*T****** S*T*******SI
           I   *  **** **   ***   **  ****S*********S*T****** S*T*******SI
           I   *  ****S**   ***   *** ****S*********S*T****** S*T*******SI
     -10.28I   *  ****S*** ****   *** ****S*********S*T*******S*T*******SI    -10.28
           I   *  ****S*** ****   ********S*********S*T*******S*T*******SI
           I   ** ****S*********  ********S*********S*T*******S*T*******SI
           I   ** ****S********* *********S*********S*T*******S*T*******SI
     -11.75I  ********S********* *********S*********S*T*******S*T*******SI    -11.75
           I  ********S********* *********S*********S*T*******S*T*******SI
           I  ********S********* *********S*********S*T*******S*T*******SI
           I  ********S*********S*********S*********S*T*******S*T*******SI
     -13.23I  ********S*********S*********S*********S*T*******S*T*******SI    -13.23
           I  ********S*********S*********S*********S*T*******S*T*******SI
           I  ********S*********S*********S*********S*T*******S*T*******SI
           I  ********S*********S*********S*********S*T*******S*T*******SI
     -14.71I  ********S*********S*********S*********S*T*******S*T*******SI    -14.71
           I *********S*********S*********S*********S*T*******S*T*******SI
           I *********S*********S*********S*********S*T*******S*T*******SI
           I *********S*********S*********S*********S*T*******S*T*******SI
     -16.19I**********S*********S*********S*********S*T*******S*T*******SI    -16.19
 ++++++++++I+++++++++++++++++++++++++++++++++++++++++++++++++++++++++++++I
            S=SEASONAL FREQUENCIES, T=TRADING DAY FREQUENCIES
        ces_hours 42140            PAGE  23, SERIES ces_hours_log_ad
 G 2  10*LOG(SPECTRUM) of the Modified Irregular (Table E3).  
      Spectrum estimated from 2009.Jan to 2016.Dec.
 ++++++++++I+++++++++++++++++++++++++++++++++++++++++++++++++++++++++++++I
      -2.04I                                              *              I     -2.04
           I                                              *              I
           I                                              *     T        I
           I                                              *     T        I
      -3.73I                                              *     T        I     -3.73
           I                                              *     T        I
           I                 *                            *     T        I
           I                 *                            *     T        I
      -5.41I           *     *         *                  *     T        I     -5.41
           I           *    **         *              T   *     T        I
           I           *    **         *              T   *     T        I
           I           *    **         *              T   *     T*       I
      -7.09I           *    **    *    *              T   *     T*       I     -7.09
           I           *    ***   *    *   *     *    T   *     T*       I
           I           *   ****   **   *   **    *    T   *     T*       I
           I           *   ****   **   *   **   **    T   *     T*  *    I
      -8.77I           *   ****   **   *   **   **    T   *     T*****   I     -8.77
           I           *   ****   **   *   **   **    T   *     T*****   I
           I           *   ****   **   *   **   **    T   *     T*****   I
           I           *   ****   **   *   **  ****   T   **   *T*****   I
     -10.46I          S*   ****   **  **   *** ****  *T*  **   *T*****   I    -10.46
           I          S*   ****   **  ***  ********  *T*  **   *T*****   I
           I          S*   ****   **  *** S********  *T* ***   *T******  I
           I          S*   ****   **  *** S********  *T* ***   *T******  I
     -12.14I          S*  *****   **  *** S********  *T* ***   *T******  I    -12.14
           I          S** *****   **  *** S*********S*T* ***   *T******  I
           I          S** ******  **  ****S*********S*T* ***   *T******  I
           I       *  S** ******  *** ****S*********S*T*****   *T******* I
     -13.82I       *  S** ****** **** ****S*********S*T*****   *T******* I    -13.82
           I       *  S********* *********S*********S*T*****  S*T******* I
           I       *  S********* *********S*********S*T*****  S*T*******SI
           I       ***S*********S*********S*********S*T****** S*T*******SI
     -15.50I      ****S*********S*********S*********S*T****** S*T*******SI    -15.50
           I      ****S*********S*********S*********S*T*******S*T*******SI
           I      ****S*********S*********S*********S*T*******S*T*******SI
           I      ****S*********S*********S*********S*T*******S*T*******SI
     -17.19I      ****S*********S*********S*********S*T*******S*T*******SI    -17.19
           I      ****S*********S*********S*********S*T*******S*T*******SI
           I      ****S*********S*********S*********S*T*******S*T*******SI
           I   * *****S*********S*********S*********S*T*******S*T*******SI
     -18.87I   *******S*********S*********S*********S*T*******S*T*******SI    -18.87
           I   *******S*********S*********S*********S*T*******S*T*******SI
           I   *******S*********S*********S*********S*T*******S*T*******SI
           I   *******S*********S*********S*********S*T*******S*T*******SI
     -20.55I  ********S*********S*********S*********S*T*******S*T*******SI    -20.55
           I  ********S*********S*********S*********S*T*******S*T*******SI
           I  ********S*********S*********S*********S*T*******S*T*******SI
           I  ********S*********S*********S*********S*T*******S*T*******SI
     -22.23I  ********S*********S*********S*********S*T*******S*T*******SI    -22.23
           I  ********S*********S*********S*********S*T*******S*T*******SI
           I *********S*********S*********S*********S*T*******S*T*******SI
           I *********S*********S*********S*********S*T*******S*T*******SI
     -23.92I**********S*********S*********S*********S*T*******S*T*******SI    -23.92
 ++++++++++I+++++++++++++++++++++++++++++++++++++++++++++++++++++++++++++I
            S=SEASONAL FREQUENCIES, T=TRADING DAY FREQUENCIES
        ces_hours 42140            PAGE  24, SERIES ces_hours_log_ad

  Peak probabilities for Tukey spectrum estimator
  Spectrum estimated from 2009.Jan to 2016.Dec.

                                          S1       S2       S3       S4       S5       S6       TD
                                        ------   ------   ------   ------   ------   ------   ------
  Model Residuals                        0.875    0.322    0.942*   0.614    0.227    0.549    0.994**
  Original Series (Table A1 or B1)       0.964*   0.567    0.885    0.711    0.162    0.374    0.315  
  Seasonally adjusted series (E2)        0.631    0.063    0.617    0.067    0.077    0.419    0.783  
  Modified Irregular (E3)                0.937*   0.046    0.570    0.099    0.110    0.391    0.740  
  ----------
     ** - Peak Probability > 0.99,
      * - 0.90 < Peak Probability < 0.99


