  Reading input spec file from D:\Programming\Dynamic Paper-dlrhcs_replication\outputs\empirical\unemployment\raw_sa_pilot\x13_work\ces_hours_log_additive_29540_200701_201612.spc

1

               U. S. Department of Commerce, U. S. Census Bureau

              X-13ARIMA-SEATS monthly seasonal adjustment Method,
                          Release Version 1.1 Build 62


           This software application provides an enhanced version of
             Statistics Canada's X-11-ARIMA extension (Dagum, 1980)
                 of the X-11 variant of the Census Method II of
                      Shiskin, Young and Musgrave (1967).

            It also provides an ARIMA model-based method following
       Hillmer and Tiao (1982) and Burman (1980) that is very similar
       to the update of the method of SEATS (Gomez and Maravall, 1996)
                produced at the Bank of Spain by G. Caporello and
               A. Maravall for TSW (Caporello and Maravall, 2004).
          The present application includes additional enhancements.

         X-13ARIMA-SEATS includes an automatic ARIMA model selection procedure
          based largely on the procedure of Gomez and Maravall (1998)
            as implemented in TRAMO (1996) and subsequent revisions.

              Primary Programmers: Brian Monsell, Mark Otto and,
                 for the ARIMA model-based signal extraction,
                      Gianluca Caporello and Victor Gomez


     Series Title- ces_hours 29540
     Series Name- ces_hours_log_ad
     Jul 29, 2026  08.41.38 

        -Period covered-  1st month,2007 to 12th month,2016
        -Type of run - additive seasonal adjustment

        -Sigma limits for graduating extreme values are  1.5 and  2.5 .
        -3x3 moving average used in section 1 of each iteration, 
         3x5 moving average in section 2 of iterations B and C,
         moving average for final seasonal factors chosen by Global MSR.
        -Holiday adjustment factors applied directly to the final seasonally adjusted series
        -Spectral plots generated for selected series
        -Spectral plots generated for series starting in 2009.Jan

 FILE SAVE REQUESTS (* indicates file exists and will be overwritten)
  D:\Programming\Dynamic Paper-dlrhcs_replication\outputs\empirical\unemployment\raw_sa_pilot\x13_work\ces_hours_log_additive_29540_200701_201612.d10  final seasonal factors
  D:\Programming\Dynamic Paper-dlrhcs_replication\outputs\empirical\unemployment\raw_sa_pilot\x13_work\ces_hours_log_additive_29540_200701_201612.d11  final seasonally adjusted data
  D:\Programming\Dynamic Paper-dlrhcs_replication\outputs\empirical\unemployment\raw_sa_pilot\x13_work\ces_hours_log_additive_29540_200701_201612.out  program output file
  D:\Programming\Dynamic Paper-dlrhcs_replication\outputs\empirical\unemployment\raw_sa_pilot\x13_work\ces_hours_log_additive_29540_200701_201612.err  program error file
        ces_hours 29540            PAGE   1, SERIES ces_hours_log_ad

     Contents of spc file D:\Programming\Dynamic Paper-dlrhcs_replication\outputs\empirical\unemployment\raw_sa_pilot\x13_work\ces_hours_log_additive_29540_200701_201612.spc

 Line #
 ------
      1: series {
      2:   title = "ces_hours 29540"
      3:   start = 2007.1
      4:   period = 12
      5:   data = (
      6: 35.3
      7: 34
      8: 34.4
      9: 34.6
     10: 34.6
     11: 34.9
     12: 34.9
     13: 34.6
     14: 34.2
     15: 34.2
     16: 34
     17: 34.7
     18: 34.6
     19: 33.9
     20: 34.3
     21: 33.4
     22: 33.7
     23: 34
     24: 34.1
     25: 33.9
     26: 34.4
     27: 34.3
     28: 35.1
     29: 34
     30: 33.7
     31: 33.6
     32: 33.6
     33: 33.4
     34: 33.6
     35: 33.6
     36: 33.5
     37: 33.6
     38: 33.1
     39: 32.9
     40: 33.4
     41: 33.6
     42: 33.5
     43: 31.3
     44: 33.6
     45: 33.2
     46: 33.3
     47: 32.8
     48: 33
     49: 33.1
     50: 33
     51: 32.9
     52: 32.6
     53: 32.7
     54: 32.7
     55: 32.8
     56: 32.7
     57: 33.2
     58: 33.4
     59: 33
     60: 32.5
     61: 32.6
     62: 32.2
     63: 33
     64: 33
     65: 32.8
     66: 33
     67: 32.5
     68: 32.7
     69: 32.8
     70: 32.2
     71: 32.3
     72: 32
     73: 32.5
     74: 32.9
     75: 32.5
     76: 32.9
     77: 33.5
     78: 33.6
     79: 33.6
     80: 33.6
     81: 33.6
     82: 33.9
     83: 33.4
     84: 33.2
     85: 33.8
     86: 33.9
     87: 33.3
     88: 33.6
     89: 32.9
     90: 32.8
     91: 31.6
     92: 33.1
     93: 33.6
     94: 33.7
     95: 33.4
     96: 34.1
     97: 33.9
     98: 34.5
     99: 34.8
    100: 35
    101: 34.1
    102: 33.8
    103: 33.5
    104: 33.7
    105: 34.4
    106: 34.3
    107: 34.8
    108: 34.8
    109: 35.3
    110: 34.6
    111: 35.1
    112: 35.1
    113: 35.2
    114: 34.5
    115: 34.1
    116: 34.6
    117: 34.4
    118: 34.7
    119: 34.7
    120: 34.6
    121: 34.8
    122: 34.5
    123: 35.2
    124: 34.5
    125: 34.4
    126:   )
    127: }
    128: transform { function = log }
    129: regression { aictest = (td easter) }
    130: automdl {}
    131: x11 { mode = add save = (d10 d11) }
        ces_hours 29540            PAGE   2, SERIES ces_hours_log_ad

 A 1  Time series data (for the span analyzed)
  From  2007.Jan to 2016.Dec
  Observations        120
 -----------------------------------------------------------------------------
               Jan      Feb      Mar      Apr      May      Jun 
               Jul      Aug      Sep      Oct      Nov      Dec        TOTAL  
 -----------------------------------------------------------------------------
  2007          35.      34.      34.      35.      35.      35.
                35.      35.      34.      34.      34.      35.          414.
 
  2008          35.      34.      34.      33.      34.      34.
                34.      34.      34.      34.      35.      34.          410.
 
  2009          34.      34.      34.      33.      34.      34.
                34.      34.      33.      33.      33.      34.          402.
 
  2010          34.      31.      34.      33.      33.      33.
                33.      33.      33.      33.      33.      33.          395.
 
  2011          33.      33.      33.      33.      33.      33.
                33.      33.      32.      33.      33.      33.          394.
 
  2012          33.      33.      33.      33.      32.      32.
                32.      33.      33.      33.      33.      34.          392.
 
  2013          34.      34.      34.      34.      34.      33.
                33.      34.      34.      33.      34.      33.          402.
 
  2014          33.      32.      33.      34.      34.      33.
                34.      34.      35.      35.      35.      34.          405.
 
  2015          34.      34.      34.      34.      34.      35.
                35.      35.      35.      35.      35.      35.          415.
 
  2016          35.      34.      35.      34.      35.      35.
                35.      35.      35.      35.      35.      34.          415.
 
  AVGE          34.      33.      34.      34.      34.      34.
                34.      34.      34.      34.      34.      34.

  Table Total-        4043.   Mean-        34.   Std. Dev.-         1.
                              Min -        31.        Max -        35.
        ces_hours 29540            PAGE   3, SERIES ces_hours_log_ad
                        Automatic ARIMA Model Selection

                    Procedure based closely on TRAMO method 
                         of Gomez and Maravall (2000)
              "Automatic Modeling Methods for Univariate Series",
                            A Course in Time Series
                  (Edited by D. Pena, G. C. Tiao, R. S. Tsay),
                         New York : J. Wiley and Sons


     Maximum order for regular ARMA parameters :   2
     Maximum order for seasonal ARMA parameters :   1
     Maximum order for regular differencing :   2
     Maximum order for seasonal differencing :   1

   Results of Unit Root Test for identifying orders of differencing:
     Regular difference order :   0
     Seasonal difference order :   0

  Automatic model choice : (1 0 1)
   Model changed to 
   ( 0, 1, 1) ( 0, 1, 1) without constant term


  Final Checks for Identified Model


  Checking for Unit Roots.
   No unit roots found.

  Checking for nonseasonal overdifferencing.
   Nonseasonal MA not within  0.001 of 1.0 - model passes test.

  Checking for insignificant ARMA coefficients.

  Final automatic model choice : (0 1 1)(0 1 1)
   End of automatic model selection procedure.

 Average absolute percentage error in within-sample forecasts:
  Last year:   1.12      Last-1 year:   1.72     Last-2 year:   3.24
  Last three years:    2.03

 Estimation converged in   30 ARMA iterations,   91 function evaluations.

 ARIMA Model:  (0 1 1)(0 1 1)
   Nonseasonal differences: 1
   Seasonal differences:    1
                                              Standard
 Parameter                    Estimate          Errors
 -----------------------------------------------------
 Nonseasonal MA                                    
   Lag  1                       0.4456         0.07587

 Seasonal MA                                       
   Lag 12                       0.9986         0.07243

 Variance                       0.17963E-03
 SE of Var                      0.24558E-04
 -----------------------------------------------------

 Likelihood Statistics
 ------------------------------------------------------------------
 Number of observations (nobs)                                  120
 Effective number of observations (nefobs)                      107
 Number of parameters estimated (np)                              3
 Log likelihood                                            295.7948
 Transformation Adjustment                                -375.9857
 Adjusted Log likelihood (L)                               -80.1909
 AIC                                                       166.3818 
 AICC (F-corrected-AIC)                                    166.6148 
 Hannan Quinn                                              169.6324 
 BIC                                                       174.4003 
 ------------------------------------------------------------------

 QS Statistic for regARIMA Model Residuals (full series):             0.00
                                                       (P-Value =     1.0000)

 QS Statistic for regARIMA Model Residuals (starting 2009.Jan):       0.00
                                                       (P-Value =     1.0000)
      10*LOG(SPECTRUM) of the regARIMA model residuals
      Spectrum estimated from 2009.Jan to 2016.Dec.
 ++++++++++I+++++++++++++++++++++++++++++++++++++++++++++++++++++++++++++I
     -31.57I                                                         *   I    -31.57
           I                                                         *   I
           I                                                         *   I
           I                                                         *   I
     -32.74I                                                         *   I    -32.74
           I                                                         *   I
           I                                                         *   I
           I                                                         *   I
     -33.92I                                                         *   I    -33.92
           I            *                                            *   I
           I        *   *                                            *   I
           I        *  **             *          *       *           *   I
     -35.09I        *  **    *       **          *       *           *   I    -35.09
           I        *  **    *       **         **       *           *   I
           I       **  **    *       **         **       *          **   I
           I       **  **    *       **         **       *          **   I
     -36.27I       **  **    *       **     *   **       *        * ***  I    -36.27
           I       **  **    *       ***    *   **      **        * ***  I
           I       **  **    **      ***    **  **      **        * ***  I
           I       **  **    **      ***    **  **      **        *****  I
     -37.44I*      **  **    **      ***    **  **      **        *****  I    -37.44
           I*      **  **    **      ***    **  **      **        *****  I
           I*     **** **    **      ***    **  **      **        *****  I
           I*     **** **    **      ***    **  **      **        *****  I
     -38.61I*    ***** **    **     ****    **  **      **        *****  I    -38.61
           I*    *****S**    **     *****   ** ***      **       ******  I
           I*    *****S**    **     *****   ******      **       ******  I
           I*    *****S**    **     *****   ******      **  *    ******  I
     -39.79I*    *****S**    **     *****   ******      **  *    ******  I    -39.79
           I**  ******S**    ***    *****  *******      **  *    ******  I
           I**  ******S**    ***    *****  ********     *** **   ******  I
           I**  ******S**    ***    *****  ********     *** **   ******* I
     -40.96I**  ******S**   ****    *****  ********     ******   ******* I    -40.96
           I**  ******S**   ****S   ****** ********     ******   ******* I
           I**  ******S**   ****S  *******S********     ******   ******* I
           I**  ******S***  ****S  *******S********     ******   *******SI
     -42.13I** *******S***  ****S* *******S********     ******   *******SI    -42.13
           I**********S***  ****S*********S********     ******  T*******SI
           I**********S***  ****S*********S********     ******S T*******SI
           I**********S***  ****S*********S********     ******S T*******SI
     -43.31I**********S***  ****S*********S********     ******S T*******SI    -43.31
           I**********S***  ****S*********S********     ******S*T*******SI
           I**********S***  ****S*********S*********    ******S*T*******SI
           I**********S*** *****S*********S*********    ******S*T*******SI
     -44.48I**********S*********S*********S*********   *******S*T*******SI    -44.48
           I**********S*********S*********S*********   *******S*T*******SI
           I**********S*********S*********S*********   *******S*T*******SI
           I**********S*********S*********S*********   *******S*T*******SI
     -45.66I**********S*********S*********S*********   *******S*T*******SI    -45.66
           I**********S*********S*********S*********   *******S*T*******SI
           I**********S*********S*********S*********S  *******S*T*******SI
           I**********S*********S*********S*********S  *******S*T*******SI
     -46.83I**********S*********S*********S*********S*T*******S*T*******SI    -46.83
 ++++++++++I+++++++++++++++++++++++++++++++++++++++++++++++++++++++++++++I
            S=SEASONAL FREQUENCIES, T=TRADING DAY FREQUENCIES


 FORECASTING
  Origin  2016.Dec
  Number        12

  Forecasts and Standard Errors of the Transformed Data
   ------------------------------
                         Standard
       Date   Forecast      Error
   ------------------------------
   2017.Jan       3.54      0.013
   2017.Feb       3.52      0.015
   2017.Mar       3.53      0.017
   2017.Apr       3.54      0.019
   2017.May       3.54      0.020
   2017.Jun       3.54      0.021
   2017.Jul       3.54      0.023
   2017.Aug       3.54      0.024
   2017.Sep       3.54      0.025
   2017.Oct       3.54      0.026
   2017.Nov       3.54      0.027
   2017.Dec       3.54      0.028
   ------------------------------

  Confidence intervals with coverage probability ( 0.95000
  On the Original Scale
   ---------------------------------------
       Date      Lower  Forecast     Upper
   ---------------------------------------
   2017.Jan      33.51     34.40     35.31
   2017.Feb      32.72     33.72     34.75
   2017.Mar      33.15     34.28     35.44
   2017.Apr      33.08     34.31     35.58
   2017.May      33.07     34.39     35.77
   2017.Jun      32.93     34.34     35.80
   2017.Jul      32.83     34.31     35.87
   2017.Aug      32.89     34.46     36.10
   2017.Sep      32.74     34.38     36.10
   2017.Oct      32.75     34.47     36.27
   2017.Nov      32.78     34.57     36.45
   2017.Dec      32.60     34.44     36.39
   ---------------------------------------
        ces_hours 29540            PAGE   4, SERIES ces_hours_log_ad

 B 1  Original series (prior adjusted)
  From  2007.Jan to 2016.Dec
  Observations        120
 -----------------------------------------------------------------------------
               Jan      Feb      Mar      Apr      May      Jun 
               Jul      Aug      Sep      Oct      Nov      Dec        TOTAL  
 -----------------------------------------------------------------------------
  2007          35.      34.      34.      35.      35.      35.
                35.      35.      34.      34.      34.      35.          414.
 
  2008          35.      34.      34.      33.      34.      34.
                34.      34.      34.      34.      35.      34.          410.
 
  2009          34.      34.      34.      33.      34.      34.
                34.      34.      33.      33.      33.      34.          402.
 
  2010          34.      31.      34.      33.      33.      33.
                33.      33.      33.      33.      33.      33.          395.
 
  2011          33.      33.      33.      33.      33.      33.
                33.      33.      32.      33.      33.      33.          394.
 
  2012          33.      33.      33.      33.      32.      32.
                32.      33.      33.      33.      33.      34.          392.
 
  2013          34.      34.      34.      34.      34.      33.
                33.      34.      34.      33.      34.      33.          402.
 
  2014          33.      32.      33.      34.      34.      33.
                34.      34.      35.      35.      35.      34.          405.
 
  2015          34.      34.      34.      34.      34.      35.
                35.      35.      35.      35.      35.      35.          415.
 
  2016          35.      34.      35.      34.      35.      35.
                35.      35.      35.      35.      35.      34.          415.
 
  AVGE          34.      33.      34.      34.      34.      34.
                34.      34.      34.      34.      34.      34.

  Table Total-        4043.   Mean-        34.   Std. Dev.-         1.
                              Min -        31.        Max -        35.

 B 1.A  Forecasts of (prior adjusted) original series
  From  2017.Jan to 2017.Dec
  Observations         12
 -----------------------------------------------------------------------------
               Jan      Feb      Mar      Apr      May      Jun 
               Jul      Aug      Sep      Oct      Nov      Dec        TOTAL  
 -----------------------------------------------------------------------------
  2017          34.      34.      34.      34.      34.      34.
                34.      34.      34.      34.      35.      34.          412.
 
        ces_hours 29540            PAGE   5, SERIES ces_hours_log_ad

 C 17  Final weights for irregular component
  From  2007.Jan to 2016.Dec
  Observations        120
  Lower sigma limit    1.50
  Upper sigma limit    2.50
 -----------------------------------------------------------------------------
               Jan      Feb      Mar      Apr      May      Jun 
               Jul      Aug      Sep      Oct      Nov      Dec         S.D.  
 -----------------------------------------------------------------------------
  2007         100.     100.     100.     100.     100.     100.
               100.     100.     100.     100.     100.     100.           21.
 
  2008         100.     100.     100.       0.     100.     100.
               100.     100.     100.     100.       0.     100.           21.
 
  2009           0.     100.     100.     100.     100.     100.
               100.     100.     100.     100.     100.     100.           21.
 
  2010         100.       0.       0.     100.     100.     100.
               100.     100.     100.     100.     100.     100.           22.
 
  2011         100.     100.     100.     100.     100.     100.
               100.     100.       0.     100.     100.     100.           21.
 
  2012         100.     100.     100.     100.      97.     100.
               100.     100.     100.     100.     100.     100.           21.
 
  2013         100.      81.     100.     100.     100.     100.
               100.     100.     100.     100.     100.     100.           21.
 
  2014         100.       0.     100.     100.     100.     100.
               100.      94.     100.      96.      33.     100.           21.
 
  2015         100.     100.      80.     100.     100.     100.
               100.      77.      56.     100.     100.     100.           19.
 
  2016         100.     100.     100.     100.     100.     100.
               100.     100.     100.      27.     100.     100.           19.
 
        ces_hours 29540            PAGE   6, SERIES ces_hours_log_ad

 D 8  Final unmodified SI ratios
  From  2007.Jan to 2016.Dec
  Observations        120
 -----------------------------------------------------------------------------
               Jan      Feb      Mar      Apr      May      Jun 
               Jul      Aug      Sep      Oct      Nov      Dec         AVGE  
 -----------------------------------------------------------------------------
  2007           1.      -1.      -0.      -0.      -0.       0.
                 0.       0.      -0.      -0.      -0.       0.            0.
 
  2008           0.      -0.       0.      -1.      -0.      -0.
                 0.      -0.       0.       0.       1.      -0.            0.
 
  2009          -0.      -0.      -0.      -0.       0.       0.
                 0.       0.      -0.      -0.       0.       0.           -0.
 
  2010           0.      -2.       0.       0.       0.      -0.
                -0.       0.       0.       0.      -0.       0.           -0.
 
  2011          -0.       0.      -0.       0.       0.       0.
                -0.      -0.      -1.       0.       0.      -0.           -0.
 
  2012           0.      -0.       0.       0.      -0.      -0.
                -0.       0.       0.      -0.      -0.       0.            0.
 
  2013           0.      -0.      -0.      -0.       0.      -0.
                -0.       0.       0.       0.       0.      -0.            0.
 
  2014          -0.      -2.      -0.       0.       0.      -0.
                 0.      -0.       0.       1.       1.      -0.           -0.
 
  2015          -0.      -1.      -1.       0.      -0.       0.
                 0.       1.      -0.       0.       0.       0.           -0.
 
  2016          -0.      -1.      -0.      -0.       0.       0.
                 0.       0.       0.       1.       0.      -0.           -0.
 
  AVGE           0.      -1.      -0.      -0.       0.      -0.
                -0.       0.       0.       0.       0.       0.

  Table Total-          -2.   Mean-        -0.   Std. Dev.-         0.
                              Min -        -2.        Max -         1.
        ces_hours 29540            PAGE   7, SERIES ces_hours_log_ad

 D 8.B  Final unmodified SI ratios, with labels for outliers and extreme values
  From  2007.Jan to 2016.Dec
  Observations        120
 ---------------------------------------------------------------------
               Jan       Feb       Mar       Apr       May       Jun  
               Jul       Aug       Sep       Oct       Nov       Dec  
 ---------------------------------------------------------------------
  2007          1.       -1.       -0.       -0.       -0.        0.  
                0.        0.       -0.       -0.       -0.        0.  
 
  2008          0.       -0.        0.       -1.*      -0.       -0.  
                0.       -0.        0.        0.        1.*      -0.  
 
  2009         -0.*      -0.       -0.       -0.        0.        0.  
                0.        0.       -0.       -0.        0.        0.  
 
  2010          0.       -2.*       0.*       0.        0.       -0.  
               -0.        0.        0.        0.       -0.        0.  
 
  2011         -0.        0.       -0.        0.        0.        0.  
               -0.       -0.       -1.*       0.        0.       -0.  
 
  2012          0.       -0.        0.        0.       -0.*      -0.  
               -0.        0.        0.       -0.*      -0.        0.  
 
  2013          0.       -0.*      -0.       -0.        0.       -0.  
               -0.        0.        0.        0.        0.       -0.  
 
  2014         -0.       -2.*      -0.        0.        0.       -0.  
                0.       -0.*       0.        1.*       1.*      -0.  
 
  2015         -0.       -1.       -1.*       0.       -0.        0.  
                0.        1.*      -0.*       0.        0.        0.  
 
  2016         -0.       -1.       -0.       -0.        0.        0.  
                0.        0.        0.        1.*       0.       -0.  
 

  Key to symbols:
    *  : extreme value as determined by X-11 extreme value procedure
 
        ces_hours 29540            PAGE   8, SERIES ces_hours_log_ad

 D 9  Final replacement values for SI ratios
  From  2007.Jan to 2016.Dec
  Observations        120
 ---------------------------------------------------------------
               Jan      Feb      Mar      Apr      May      Jun 
               Jul      Aug      Sep      Oct      Nov      Dec 
 ---------------------------------------------------------------
  2007     ******** ******** ******** ******** ******** ********
           ******** ******** ******** ******** ******** ********
 
  2008     ******** ******** ********      -0. ******** ********
           ******** ******** ******** ********       0. ********
 
  2009           0. ******** ******** ******** ******** ********
           ******** ******** ******** ******** ******** ********
 
  2010     ********      -0.      -0. ******** ******** ********
           ******** ******** ******** ******** ******** ********
 
  2011     ******** ******** ******** ******** ******** ********
           ******** ********       0. ******** ******** ********
 
  2012     ******** ******** ******** ********      -0. ********
           ******** ******** ********      -0. ******** ********
 
  2013     ********      -0. ******** ******** ******** ********
           ******** ******** ******** ******** ******** ********
 
  2014     ********      -1. ******** ******** ******** ********
           ********      -0. ********       1.       0. ********
 
  2015     ******** ********      -0. ******** ******** ********
           ********       0.      -0. ******** ******** ********
 
  2016     ******** ******** ******** ******** ******** ********
           ******** ******** ********       0. ******** ********
 

 D 9.A  Moving seasonality ratio
 ---------------------------------------------------------------
               Jan      Feb      Mar      Apr      May      Jun 
 ---------------------------------------------------------------
   I          0.138    0.187    0.217    0.205    0.280    0.224
   S          0.091    0.058    0.030    0.039    0.041    0.030
 RATIO        1.527    3.231    7.203    5.309    6.834    7.514



 ---------------------------------------------------------------
               Jul      Aug      Sep      Oct      Nov      Dec 
 ---------------------------------------------------------------
   I          0.170    0.305    0.236    0.287    0.236    0.287
   S          0.053    0.044    0.045    0.066    0.047    0.045
 RATIO        3.194    6.898    5.213    4.385    5.024    6.429



        ces_hours 29540            PAGE   9, SERIES ces_hours_log_ad

 D 10  Final seasonal factors
  From  2007.Jan to 2016.Dec
  Observations        120
  Seasonal filter    3 x 5 moving average
 -----------------------------------------------------------------------------
               Jan      Feb      Mar      Apr      May      Jun 
               Jul      Aug      Sep      Oct      Nov      Dec         AVGE  
 -----------------------------------------------------------------------------
  2007           0.      -0.      -0.      -0.      -0.       0.
                 0.       0.      -0.      -0.      -0.       0.            0.
 
  2008           0.      -0.      -0.      -0.      -0.       0.
                 0.       0.      -0.      -0.      -0.       0.           -0.
 
  2009           0.      -0.      -0.      -0.      -0.      -0.
                -0.       0.       0.      -0.      -0.       0.           -0.
 
  2010           0.      -0.      -0.       0.       0.      -0.
                -0.       0.       0.      -0.       0.       0.            0.
 
  2011           0.      -0.      -0.       0.       0.      -0.
                -0.       0.       0.      -0.       0.       0.            0.
 
  2012           0.      -0.      -0.       0.       0.      -0.
                -0.       0.       0.       0.       0.       0.            0.
 
  2013          -0.      -0.      -0.       0.       0.      -0.
                -0.       0.       0.       0.       0.       0.            0.
 
  2014          -0.      -0.      -0.       0.       0.      -0.
                -0.       0.       0.       0.       0.       0.            0.
 
  2015          -0.      -1.      -0.      -0.       0.      -0.
                 0.       0.       0.       0.       0.       0.            0.
 
  2016          -0.      -1.      -0.      -0.       0.       0.
                 0.       0.       0.       0.       0.       0.            0.
 
  AVGE           0.      -0.      -0.      -0.       0.      -0.
                -0.       0.       0.       0.       0.       0.

  Table Total-           1.   Mean-         0.   Std. Dev.-         0.
                              Min -        -1.        Max -         0.

 D 10.A  Final seasonal component forecasts
  From  2017.Jan to 2017.Dec
  Observations         12
 -----------------------------------------------------------------------------
               Jan      Feb      Mar      Apr      May      Jun 
               Jul      Aug      Sep      Oct      Nov      Dec         AVGE  
 -----------------------------------------------------------------------------
  2017          -0.      -1.      -0.      -0.      -0.       0.
                 0.       0.       0.       0.       0.       0.            0.
 
        ces_hours 29540            PAGE  10, SERIES ces_hours_log_ad

 D 11  Final seasonally adjusted data
  From  2007.Jan to 2016.Dec
  Observations        120
 -----------------------------------------------------------------------------
               Jan      Feb      Mar      Apr      May      Jun 
               Jul      Aug      Sep      Oct      Nov      Dec        TOTAL  
 -----------------------------------------------------------------------------
  2007          35.      34.      34.      35.      35.      35.
                35.      35.      34.      34.      34.      34.          414.
 
  2008          34.      34.      34.      33.      34.      34.
                34.      34.      34.      34.      35.      34.          410.
 
  2009          33.      34.      34.      33.      34.      34.
                34.      34.      33.      33.      33.      33.          402.
 
  2010          33.      32.      34.      33.      33.      33.
                33.      33.      33.      33.      33.      33.          395.
 
  2011          33.      33.      33.      33.      33.      33.
                33.      33.      32.      33.      33.      33.          394.
 
  2012          33.      33.      33.      33.      32.      32.
                32.      32.      33.      32.      33.      33.          392.
 
  2013          34.      34.      34.      34.      34.      34.
                33.      34.      34.      33.      33.      33.          402.
 
  2014          33.      32.      33.      34.      34.      33.
                34.      34.      34.      35.      35.      34.          404.
 
  2015          34.      34.      34.      34.      34.      35.
                35.      35.      34.      35.      35.      35.          414.
 
  2016          35.      35.      35.      34.      35.      35.
                35.      35.      34.      35.      34.      34.          415.
 
  AVGE          34.      33.      34.      34.      34.      34.
                34.      34.      34.      34.      34.      34.

  Table Total-        4042.   Mean-        34.   Std. Dev.-         1.
                              Min -        32.        Max -        35.
        ces_hours 29540            PAGE  11, SERIES ces_hours_log_ad

 D 12  Final trend cycle
  From  2007.Jan to 2016.Dec
  Observations        120
  Trend filter    13-term Henderson moving average
  I/C ratio        2.78
 -----------------------------------------------------------------------------
               Jan      Feb      Mar      Apr      May      Jun 
               Jul      Aug      Sep      Oct      Nov      Dec        TOTAL  
 -----------------------------------------------------------------------------
  2007          35.      35.      35.      35.      35.      35.
                35.      35.      34.      34.      34.      34.          414.
 
  2008          34.      34.      34.      34.      34.      34.
                34.      34.      34.      34.      34.      34.          409.
 
  2009          34.      34.      34.      34.      34.      34.
                33.      33.      33.      33.      33.      33.          402.
 
  2010          33.      33.      33.      33.      33.      33.
                33.      33.      33.      33.      33.      33.          396.
 
  2011          33.      33.      33.      33.      33.      33.
                33.      33.      33.      33.      33.      33.          395.
 
  2012          33.      33.      33.      33.      32.      32.
                32.      32.      32.      33.      33.      33.          392.
 
  2013          34.      34.      34.      34.      34.      34.
                34.      34.      33.      33.      33.      33.          402.
 
  2014          33.      33.      33.      33.      34.      34.
                34.      34.      34.      34.      34.      34.          405.
 
  2015          34.      34.      34.      34.      34.      35.
                35.      35.      35.      35.      35.      35.          415.
 
  2016          35.      35.      35.      35.      35.      35.
                35.      34.      34.      34.      34.      34.          415.
 
  AVGE          34.      34.      34.      34.      34.      34.
                34.      34.      34.      34.      34.      34.

  Table Total-        4045.   Mean-        34.   Std. Dev.-         1.
                              Min -        32.        Max -        35.
        ces_hours 29540            PAGE  12, SERIES ces_hours_log_ad

 D 13  Final irregular component
  From  2007.Jan to 2016.Dec
  Observations        120
 -----------------------------------------------------------------------------
               Jan      Feb      Mar      Apr      May      Jun 
               Jul      Aug      Sep      Oct      Nov      Dec         S.D.  
 -----------------------------------------------------------------------------
  2007           0.      -0.      -0.       0.      -0.       0.
                 0.       0.      -0.      -0.      -0.       0.            0.
 
  2008          -0.       0.       0.      -1.      -0.       0.
                 0.      -0.       0.       0.       1.      -0.            0.
 
  2009          -1.       0.      -0.      -0.       0.       0.
                 0.       0.      -0.      -0.       0.       0.            0.
 
  2010           0.      -2.       1.       0.       0.      -0.
                 0.       0.      -0.       0.      -0.      -0.            1.
 
  2011          -0.       0.      -0.       0.       0.       0.
                -0.      -0.      -1.       0.       0.      -0.            0.
 
  2012           0.      -0.       0.       0.      -0.       0.
                -0.       0.       0.      -0.      -0.       0.            0.
 
  2013           0.       0.      -0.      -0.       0.      -0.
                -0.       0.       0.      -0.       0.      -0.            0.
 
  2014          -0.      -1.       0.       0.       0.      -0.
                 0.      -0.       0.       0.       0.      -0.            0.
 
  2015          -0.      -0.      -0.       0.      -0.       0.
                 0.       0.      -0.      -0.      -0.       0.            0.
 
  2016          -0.      -0.       0.      -0.       0.       0.
                -0.       0.      -0.       0.      -0.      -0.            0.
 
  S.D.           0.       1.       0.       0.       0.       0.
                 0.       0.       0.       0.       0.       0.

  Table Total-          -3.   Mean-        -0.   Std. Dev.-         0.
                              Min -        -2.        Max -         1.
        ces_hours 29540            PAGE  13, SERIES ces_hours_log_ad

 D 16  Combined adjustment factors
  From  2007.Jan to 2016.Dec
  Observations        120
 -----------------------------------------------------------------------------
               Jan      Feb      Mar      Apr      May      Jun 
               Jul      Aug      Sep      Oct      Nov      Dec         AVGE  
 -----------------------------------------------------------------------------
  2007           0.      -0.      -0.      -0.      -0.       0.
                 0.       0.      -0.      -0.      -0.       0.            0.
 
  2008           0.      -0.      -0.      -0.      -0.       0.
                 0.       0.      -0.      -0.      -0.       0.           -0.
 
  2009           0.      -0.      -0.      -0.      -0.      -0.
                -0.       0.       0.      -0.      -0.       0.           -0.
 
  2010           0.      -0.      -0.       0.       0.      -0.
                -0.       0.       0.      -0.       0.       0.            0.
 
  2011           0.      -0.      -0.       0.       0.      -0.
                -0.       0.       0.      -0.       0.       0.            0.
 
  2012           0.      -0.      -0.       0.       0.      -0.
                -0.       0.       0.       0.       0.       0.            0.
 
  2013          -0.      -0.      -0.       0.       0.      -0.
                -0.       0.       0.       0.       0.       0.            0.
 
  2014          -0.      -0.      -0.       0.       0.      -0.
                -0.       0.       0.       0.       0.       0.            0.
 
  2015          -0.      -1.      -0.      -0.       0.      -0.
                 0.       0.       0.       0.       0.       0.            0.
 
  2016          -0.      -1.      -0.      -0.       0.       0.
                 0.       0.       0.       0.       0.       0.            0.
 
  AVGE           0.      -0.      -0.      -0.       0.      -0.
                -0.       0.       0.       0.       0.       0.

  Table Total-           1.   Mean-         0.   Std. Dev.-         0.
                              Min -        -1.        Max -         0.

 D 16.A  Combined adjustment component forecasts
  From  2017.Jan to 2017.Dec
  Observations         12
 -----------------------------------------------------------------------------
               Jan      Feb      Mar      Apr      May      Jun 
               Jul      Aug      Sep      Oct      Nov      Dec         AVGE  
 -----------------------------------------------------------------------------
  2017          -0.      -1.      -0.      -0.      -0.       0.
                 0.       0.       0.       0.       0.       0.            0.
 
        ces_hours 29540            PAGE  14, SERIES ces_hours_log_ad

 E 4  Differences of annual totals
  From          2007 to 2016
  Observations         10
 -----------------------------------
  Year       Unmodified     Modified
                  (D11)         (E2)
 -----------------------------------
  2007               0.           0.
 
  2008              -0.          -0.
 
  2009              -0.          -0.
 
  2010               0.           0.
 
  2011               0.           0.
 
  2012               0.           0.
 
  2013               0.           0.
 
  2014               0.           0.
 
  2015               0.           0.
 
  2016               0.           0.
 
        ces_hours 29540            PAGE  15, SERIES ces_hours_log_ad

 E 5  Month-to-month differences in the original series
  From  2007.Feb to 2016.Dec
  Observations        119
 -----------------------------------------------------------------------------
               Jan      Feb      Mar      Apr      May      Jun 
               Jul      Aug      Sep      Oct      Nov      Dec         AVGE  
 -----------------------------------------------------------------------------
  2007                   -1.       0.       0.       0.       0.
                 0.      -0.      -0.       0.      -0.       1.           -0.
 
  2008          -0.      -1.       0.      -1.       0.       0.
                 0.      -0.       1.      -0.       1.      -1.           -0.
 
  2009          -0.      -0.       0.      -0.       0.       0.
                -0.       0.      -0.      -0.       1.       0.           -0.
 
  2010          -0.      -2.       2.      -0.       0.      -0.
                 0.       0.      -0.      -0.      -0.       0.           -0.
 
  2011           0.       0.      -0.       1.       0.      -0.
                -0.       0.      -0.       1.       0.      -0.            0.
 
  2012           0.      -0.       0.       0.      -1.       0.
                -0.       1.       0.      -0.       0.       1.            0.
 
  2013           0.       0.       0.       0.       0.      -0.
                -0.       1.       0.      -1.       0.      -1.           -0.
 
  2014          -0.      -1.       2.       1.       0.      -0.
                 1.      -0.       1.       0.       0.      -1.            0.
 
  2015          -0.      -0.       0.       1.      -0.       1.
                 0.       1.      -1.       1.       0.       0.            0.
 
  2016          -1.      -0.       1.      -0.       0.       0.
                -0.       0.      -0.       1.      -1.      -0.           -0.
 
  AVGE          -0.      -1.       1.       0.       0.      -0.
                -0.       0.      -0.       0.       0.      -0.

  Table Total-          -1.   Mean-        -0.   Std. Dev.-         1.
                              Min -        -2.        Max -         2.
        ces_hours 29540            PAGE  16, SERIES ces_hours_log_ad

 E 6  Month-to-month differences in seasonally adjusted series (D11)
  From  2007.Feb to 2016.Dec
  Observations        119
 -----------------------------------------------------------------------------
               Jan      Feb      Mar      Apr      May      Jun 
               Jul      Aug      Sep      Oct      Nov      Dec         AVGE  
 -----------------------------------------------------------------------------
  2007                   -0.       0.       0.      -0.       0.
                -0.      -0.      -0.       0.      -0.       0.           -0.
 
  2008          -0.       0.       0.      -1.       0.       0.
                 0.      -0.       1.      -0.       1.      -1.           -0.
 
  2009          -0.       1.      -0.      -0.       0.       0.
                -0.       0.      -1.      -0.       0.       0.           -0.
 
  2010          -0.      -2.       2.      -0.       0.      -0.
                 0.      -0.      -0.       0.      -0.       0.           -0.
 
  2011          -0.       0.      -0.       0.       0.      -0.
                -0.      -0.      -1.       1.      -0.      -0.            0.
 
  2012           0.      -0.       0.      -0.      -1.       0.
                -0.       0.       0.      -0.       0.       1.            0.
 
  2013           0.       0.      -0.      -0.       0.      -0.
                -0.       0.      -0.      -1.       0.      -1.           -0.
 
  2014           0.      -1.       1.       0.       0.      -0.
                 1.      -0.       1.       0.       0.      -1.            0.
 
  2015          -0.       0.      -0.       1.      -0.       1.
                -0.       0.      -1.       0.       0.       0.            0.
 
  2016          -0.       0.       0.      -0.       0.      -0.
                -0.       0.      -0.       0.      -1.       0.           -0.
 
  AVGE          -0.      -0.       0.      -0.       0.       0.
                -0.      -0.      -0.       0.       0.      -0.

  Table Total-          -1.   Mean-        -0.   Std. Dev.-         0.
                              Min -        -2.        Max -         2.
        ces_hours 29540            PAGE  17, SERIES ces_hours_log_ad

 E 7  Month-to-month differences in final trend cycle (D12)
  From  2007.Feb to 2016.Dec
  Observations        119
 -----------------------------------------------------------------------------
               Jan      Feb      Mar      Apr      May      Jun 
               Jul      Aug      Sep      Oct      Nov      Dec         AVGE  
 -----------------------------------------------------------------------------
  2007                    0.       0.       0.       0.       0.
                -0.      -0.      -0.      -0.      -0.      -0.           -0.
 
  2008           0.      -0.      -0.      -0.      -0.      -0.
                 0.       0.       0.       0.      -0.      -0.           -0.
 
  2009          -0.      -0.      -0.      -0.      -0.      -0.
                -0.      -0.      -0.      -0.      -0.      -0.           -0.
 
  2010          -0.      -0.      -0.      -0.      -0.      -0.
                -0.      -0.      -0.      -0.      -0.      -0.           -0.
 
  2011           0.       0.       0.       0.       0.      -0.
                -0.      -0.      -0.       0.       0.       0.            0.
 
  2012          -0.      -0.      -0.      -0.      -0.      -0.
                -0.       0.       0.       0.       0.       0.            0.
 
  2013           0.       0.       0.      -0.      -0.      -0.
                -0.      -0.      -0.      -0.      -0.      -0.           -0.
 
  2014          -0.       0.       0.       0.       0.       0.
                 0.       0.       0.       0.      -0.      -0.            0.
 
  2015          -0.      -0.       0.       0.       0.       0.
                 0.       0.       0.       0.       0.      -0.            0.
 
  2016          -0.      -0.      -0.      -0.      -0.      -0.
                -0.      -0.      -0.      -0.      -0.       0.           -0.
 
  AVGE           0.       0.       0.       0.       0.       0.
                -0.      -0.      -0.      -0.      -0.       0.

  Table Total-          -0.   Mean-        -0.   Std. Dev.-         0.
                              Min -        -0.        Max -         0.
        ces_hours 29540            PAGE  18, SERIES ces_hours_log_ad

 E 8  Month-to-month differences in original series adjusted for calendar factors (A18)
  From  2007.Feb to 2016.Dec
  Observations        119
 -----------------------------------------------------------------------------
               Jan      Feb      Mar      Apr      May      Jun 
               Jul      Aug      Sep      Oct      Nov      Dec         AVGE  
 -----------------------------------------------------------------------------
  2007                   -1.       0.       0.       0.       0.
                 0.      -0.      -0.       0.      -0.       1.           -0.
 
  2008          -0.      -1.       0.      -1.       0.       0.
                 0.      -0.       1.      -0.       1.      -1.           -0.
 
  2009          -0.      -0.       0.      -0.       0.       0.
                -0.       0.      -0.      -0.       1.       0.           -0.
 
  2010          -0.      -2.       2.      -0.       0.      -1.
                 0.       0.      -0.      -0.      -0.       0.           -0.
 
  2011           0.       0.      -0.       1.       0.      -0.
                -0.       0.      -0.       1.       0.      -0.            0.
 
  2012           0.      -0.       0.       0.      -1.       0.
                -0.       1.       0.      -0.       0.       1.            0.
 
  2013           0.       0.       0.       0.       0.      -1.
                -0.       1.       0.      -1.       0.      -1.           -0.
 
  2014          -0.      -1.       2.       1.       0.      -0.
                 1.      -0.       1.       0.       0.      -1.            0.
 
  2015          -0.      -0.       0.       1.      -0.       1.
                 0.       1.      -1.       0.       0.       0.            0.
 
  2016          -1.      -0.       1.      -0.       0.       0.
                -0.       0.      -0.       1.      -1.      -0.           -0.
 
  AVGE          -0.      -1.       1.       0.       0.      -0.
                -0.       0.      -0.       0.       0.      -0.

  Table Total-          -1.   Mean-        -0.   Std. Dev.-         1.
                              Min -        -2.        Max -         2.
        ces_hours 29540            PAGE  19, SERIES ces_hours_log_ad

 E 18  Final adjustment ratios
  From  2007.Jan to 2016.Dec
  Observations        120
 -----------------------------------------------------------------------------
               Jan      Feb      Mar      Apr      May      Jun 
               Jul      Aug      Sep      Oct      Nov      Dec         AVGE  
 -----------------------------------------------------------------------------
  2007      101.280   98.943   99.777   99.660   99.724  100.067
            100.256  100.118   99.908   99.763   99.873  100.636       100.000
 
  2008      101.179   99.013   99.742   99.743   99.853  100.017
            100.143  100.067   99.957   99.818   99.883  100.554        99.997
 
  2009      100.987   99.166   99.776   99.922   99.983   99.924
             99.899  100.011  100.113   99.841   99.921  100.427        99.998
 
  2010      100.756   99.318   99.777  100.071  100.167   99.825
             99.574  100.037  100.306   99.825  100.075  100.325       100.005
 
  2011      100.504   99.410   99.780  100.232  100.267   99.633
             99.372  100.062  100.599   99.974  100.276  100.178       100.024
 
  2012      100.207   99.311   99.651  100.317  100.325   99.577
             99.321  100.164  100.734  100.196  100.526  100.140       100.039
 
  2013       99.892   99.052   99.582  100.274  100.179   99.622
             99.509  100.291  100.798  100.513  100.674  100.134       100.043
 
  2014       99.636   98.647   99.446  100.076  100.085   99.763
             99.745  100.533  100.728  100.706  100.804  100.182       100.029
 
  2015       99.442   98.350   99.364   99.894  100.021   99.870
            100.043  100.666  100.617  100.940  100.844  100.207       100.022
 
  2016       99.318   98.132   99.275   99.781  100.009  100.016
            100.222  100.775  100.477  101.065  100.863  100.276       100.017
 
  AVGE      100.320   98.934   99.617   99.997  100.061   99.832
             99.809  100.272  100.424  100.264  100.374  100.306

  Table Total-       12002.   Mean-       100.   Std. Dev.-         1.
                              Min -        98.        Max -       101.

 E 18.A  Final adjustment ratio forecasts
  From  2017.Jan to 2017.Dec
  Observations         12
 -----------------------------------------------------------------------------
               Jan      Feb      Mar      Apr      May      Jun 
               Jul      Aug      Sep      Oct      Nov      Dec         AVGE  
 -----------------------------------------------------------------------------
  2017       99.233   97.974   99.224   99.750   99.953  100.142
            100.319  100.848  100.369  101.123  100.785  100.357       100.006
 

  QS statistic for seasonality:
  Original Series                                     0.00  (P-Value =     1.0000)
  Original Series (EV adj)                            0.00  (P-Value =     1.0000)
  Residuals                                           0.00  (P-Value =     1.0000)
  Seasonally Adjusted Series                          0.00  (P-Value =     1.0000)
  Seasonally Adjusted Series (EV adj)                 0.00  (P-Value =     1.0000)
  Irregular Series                                    0.00  (P-Value =     1.0000)
  Irregular Series (EV adj)                           0.00  (P-Value =     1.0000)

  QS statistic for seasonality (starting 2009.Jan):
  Original Series                                     0.00  (P-Value =     1.0000)
  Original Series (EV adj)                            0.00  (P-Value =     1.0000)
  Residuals                                           0.00  (P-Value =     1.0000)
  Seasonally Adjusted Series                          0.00  (P-Value =     1.0000)
  Seasonally Adjusted Series (EV adj)                 0.00  (P-Value =     1.0000)
  Irregular Series                                    0.00  (P-Value =     1.0000)
  Irregular Series (EV adj)                           0.00  (P-Value =     1.0000)


 WARNING: Series should not be a candidate for seasonal adjustment
          because the spectrum of the original series (Table A1 or B1)
          has no visually significant seasonal peaks.

          If this is a component series of an indirectly adjusted
          composite series, consider using type = trend or type = summary
          in the x11 spec.
        ces_hours 29540            PAGE  20, SERIES ces_hours_log_ad
 G 0  10*LOG(SPECTRUM) of the differenced Original Series
      (Table A1 or B1).  Spectrum estimated from 2009.Jan to 2016.Dec.
 ++++++++++I+++++++++++++++++++++++++++++++++++++++++++++++++++++++++++++I
       0.35I                                                         *   I      0.35
           I                                                         *   I
           I                                                         *   I
           I                                                  S      **  I
      -0.97I                                                  S      **  I     -0.97
           I                                                  S      **  I
           I                                                  S      **  I
           I                              S                   S      **  I
      -2.28I                              S              *    S      **  I     -2.28
           I                              S*             *    S     ***  I
           I                              S*             *    S     ***  I
           I                              S*             *   *S*  * ***  I
      -3.60I                    S         S*     *      **   *S*  ****** I     -3.60
           I                    S     *   S*     *      **   *S* ******* I
           I                    S    **   S**   **      **   *S* ******* I
           I                    S    **   S**   **      **   *S*T******* I
      -4.91I                    S    **   S**   **      **   *S*T*******SI     -4.91
           I                    S*   **   S***  **      **   *S*T*******SI
           I           *        S*   **  *S***  **      **   *S*T*******SI
           I           *        S*   **  *S*** ***      **   *S*T*******SI
      -6.23I           *        S*   **  *S*******      **   *S*T*******SI     -6.23
           I           *      **S*   **  *S*******      **   *S*T*******SI
           I           *      **S*   **  *S********     **   *S*T*******SI
           I           *      **S*   **  *S********     **   *S*T*******SI
      -7.54I           *      **S*   *** *S********     **   *S*T*******SI     -7.54
           I           **     **S*   *****S********     **  **S*T*******SI
           I        *  **    ***S*   *****S********     *** **S*T*******SI
           I        *  **    ***S*   *****S********     *** **S*T*******SI
      -8.86I        * S**    ***S*   *****S********     *** **S*T*******SI     -8.86
           I        **S**    ***S*   *****S********     *** **S*T*******SI
           I       ***S**    ***S*  ******S********     ******S*T*******SI
           I       ***S**    ***S** ******S********     ******S*T*******SI
     -10.17I       ***S**    ***S** ******S*********    ******S*T*******SI    -10.17
           I       ***S**    ***S** ******S*********    ******S*T*******SI
           I       ***S**    ***S** ******S*********   *******S*T*******SI
           I       ***S**    ***S*********S*********   *******S*T*******SI
     -11.49I       ***S**    ***S*********S*********   *******S*T*******SI    -11.49
           I      ****S**    ***S*********S*********   *******S*T*******SI
           I      ****S**    ***S*********S*********S  *******S*T*******SI
           I      ****S**    ***S*********S*********S  *******S*T*******SI
     -12.80I      ****S**   ****S*********S*********S T*******S*T*******SI    -12.80
           I      ****S***  ****S*********S*********S*T*******S*T*******SI
           I      ****S***  ****S*********S*********S*T*******S*T*******SI
           I     *****S***  ****S*********S*********S*T*******S*T*******SI
     -14.12I     *****S***  ****S*********S*********S*T*******S*T*******SI    -14.12
           I     *****S***  ****S*********S*********S*T*******S*T*******SI
           I*    *****S***  ****S*********S*********S*T*******S*T*******SI
           I*    *****S***  ****S*********S*********S*T*******S*T*******SI
     -15.43I*    *****S*** *****S*********S*********S*T*******S*T*******SI    -15.43
           I**  ******S*********S*********S*********S*T*******S*T*******SI
           I**  ******S*********S*********S*********S*T*******S*T*******SI
           I**  ******S*********S*********S*********S*T*******S*T*******SI
     -16.75I**********S*********S*********S*********S*T*******S*T*******SI    -16.75
 ++++++++++I+++++++++++++++++++++++++++++++++++++++++++++++++++++++++++++I
            S=SEASONAL FREQUENCIES, T=TRADING DAY FREQUENCIES
        ces_hours 29540            PAGE  21, SERIES ces_hours_log_ad
 G 1  10*LOG(SPECTRUM) of the differenced seasonally adjusted 
      data (Table E2).  Spectrum estimated from 2009.Jan to 2016.Dec.
 ++++++++++I+++++++++++++++++++++++++++++++++++++++++++++++++++++++++++++I
      -3.38I                                                             I     -3.38
           I                                                     *       I
           I                 *                                   *       I
           I                 *                         *         *       I
      -4.50I                 *                         *         *       I     -4.50
           I                 *                         *         *       I
           I                 *                         *         *       I
           I                 *                         *         *       I
      -5.62I                 *                         *         *   *   I     -5.62
           I                 *                         *         *   *   I
           I                 *                         *         *   *   I
           I                 *                        T*         *   *   I
      -6.73I                 *                        T*         *   **  I     -6.73
           I                 *                        T**        *   **  I
           I                 *                        T**        *   **  I
           I                 *        *               T**        *   **  I
      -7.85I       *         *        *               T**        *   **  I     -7.85
           I       *         *        *               T**        **  **  I
           I       *         *        *               T**        **  **  I
           I       *         *        *         *     T**        **  **  I
      -8.97I       *         *        *         *     T**        **  **  I     -8.97
           I       *         *        *        **     T**        ** ***  I
           I       *         *        **    *  **     T**   *    ** ***  I
           I       *         *        **    *  **     T**   *   T** ***  I
     -10.09I       *         *        **    *  **     T**   *   T** ***  I    -10.09
           I       *         *        **    *  **     T**   *   T** **** I
           I       *         *        **    *  **     T**   *   T******* I
           I       *         *     *  **    *  **     T***  *   T******* I
     -11.20I       *         *     *  **    *  **    *T***  **  T******* I    -11.20
           I      **         *     *  **    *  **    *T*** ***  T*******SI
           I      **    *    *     *  **    *  **    *T*** ***  T*******SI
           I      **    *    *     * ***   **  **    *T*** ***  T*******SI
     -12.32I      **    *    *    ** ***   **  **    *T*** ***  T*******SI    -12.32
           I      **    *    *    ******   *** **    *T*******  T*******SI
           I      ***   *    *    ******   *** **    *T*******  T*******SI
           I      ***   *   **    ******   ******    *T*******S*T*******SI
     -13.44I      ***  **   ***   ******   ******    *T*******S*T*******SI    -13.44
           I      ***  **   ***   ******   ******    *T*******S*T*******SI
           I      ***  **   ***   ******   ******    *T*******S*T*******SI
           I      ***  **   ***   ******   ******    *T*******S*T*******SI
     -14.56I*     ***  **   ***   ******   ******   S*T*******S*T*******SI    -14.56
           I*     ***  **   ***   *******  *******  S*T*******S*T*******SI
           I**    ***  **   ***   *******  *******  S*T*******S*T*******SI
           I**   ****  **   ***   *******  *******  S*T*******S*T*******SI
     -15.68I**   ****  ***  ***   *******  *******  S*T*******S*T*******SI    -15.68
           I**   ***** ***  ***   ******* S*******  S*T*******S*T*******SI
           I***  *****S***  ***  ******** S*******  S*T*******S*T*******SI
           I***  *****S***  ***  ******** S*******  S*T*******S*T*******SI
     -16.79I**********S***  ***  *********S*******  S*T*******S*T*******SI    -16.79
           I**********S***  ***  *********S******* *S*T*******S*T*******SI
           I**********S*** ***** *********S*********S*T*******S*T*******SI
           I**********S*** ***** *********S*********S*T*******S*T*******SI
     -17.91I**********S*********S*********S*********S*T*******S*T*******SI    -17.91
 ++++++++++I+++++++++++++++++++++++++++++++++++++++++++++++++++++++++++++I
            S=SEASONAL FREQUENCIES, T=TRADING DAY FREQUENCIES
        ces_hours 29540            PAGE  22, SERIES ces_hours_log_ad
 G 2  10*LOG(SPECTRUM) of the Modified Irregular (Table E3).  
      Spectrum estimated from 2009.Jan to 2016.Dec.
 ++++++++++I+++++++++++++++++++++++++++++++++++++++++++++++++++++++++++++I
      -7.51I                 *                                           I     -7.51
           I                 *                                           I
           I                 *                                           I
           I                 *                         *                 I
      -9.65I                 *                         *                 I     -9.65
           I                 *        *                *         *       I
           I                 *     *  *                *         *       I
           I                 *     *  **               *         *       I
     -11.79I                 *     *  **              T*         *   *   I    -11.79
           I                 *     *  **       *      T*         *   *   I
           I                 *     *  **       *      T**        *   **  I
           I                **     *  **    *  *      T**        *   **  I
     -13.92I                **     ** **    *  **     T**        **  **  I    -13.92
           I                ***    ** **   **  **     T**        **  **  I
           I                ***    *****   **  **     T**        **  **  I
           I                ***   ******   **  **     T**   *   T** ***  I
     -16.06I                ***   ******   **  **    *T***  *   T** ***  I    -16.06
           I                ***   ******   **  **    *T*** **   T******  I
           I                ***   ******   ******    *T*** ***  T******* I
           I                ****  ******   ******    *T*******  T******* I
     -18.20I           *    ****  *******  ******    *T*******  T******* I    -18.20
           I           *    **** ********  ******   S*T*******S*T*******SI
           I           **   ****S******** S******   S*T*******S*T*******SI
           I           **   ****S******** S*******  S*T*******S*T*******SI
     -20.34I           **   ****S*********S*******  S*T*******S*T*******SI    -20.34
           I           **  *****S*********S*******  S*T*******S*T*******SI
           I           **  *****S*********S******* *S*T*******S*T*******SI
           I      *    **  *****S*********S*********S*T*******S*T*******SI
     -22.47I      *    **  *****S*********S*********S*T*******S*T*******SI    -22.47
           I      *    **  *****S*********S*********S*T*******S*T*******SI
           I      *    *********S*********S*********S*T*******S*T*******SI
           I      *    *********S*********S*********S*T*******S*T*******SI
     -24.61I      **  S*********S*********S*********S*T*******S*T*******SI    -24.61
           I      **  S*********S*********S*********S*T*******S*T*******SI
           I     ***  S*********S*********S*********S*T*******S*T*******SI
           I     ***  S*********S*********S*********S*T*******S*T*******SI
     -26.75I     ***  S*********S*********S*********S*T*******S*T*******SI    -26.75
           I     *****S*********S*********S*********S*T*******S*T*******SI
           I     *****S*********S*********S*********S*T*******S*T*******SI
           I     *****S*********S*********S*********S*T*******S*T*******SI
     -28.89I    ******S*********S*********S*********S*T*******S*T*******SI    -28.89
           I    ******S*********S*********S*********S*T*******S*T*******SI
           I    ******S*********S*********S*********S*T*******S*T*******SI
           I    ******S*********S*********S*********S*T*******S*T*******SI
     -31.03I    ******S*********S*********S*********S*T*******S*T*******SI    -31.03
           I   *******S*********S*********S*********S*T*******S*T*******SI
           I   *******S*********S*********S*********S*T*******S*T*******SI
           I   *******S*********S*********S*********S*T*******S*T*******SI
     -33.16I   *******S*********S*********S*********S*T*******S*T*******SI    -33.16
           I  ********S*********S*********S*********S*T*******S*T*******SI
           I  ********S*********S*********S*********S*T*******S*T*******SI
           I  ********S*********S*********S*********S*T*******S*T*******SI
     -35.30I**********S*********S*********S*********S*T*******S*T*******SI    -35.30
 ++++++++++I+++++++++++++++++++++++++++++++++++++++++++++++++++++++++++++I
            S=SEASONAL FREQUENCIES, T=TRADING DAY FREQUENCIES
        ces_hours 29540            PAGE  23, SERIES ces_hours_log_ad

  Peak probabilities for Tukey spectrum estimator
  Spectrum estimated from 2009.Jan to 2016.Dec.

                                          S1       S2       S3       S4       S5       S6       TD
                                        ------   ------   ------   ------   ------   ------   ------
  Model Residuals                        0.148    0.550    0.032    0.002    0.094    0.262    0.059  
  Original Series (Table A1 or B1)       0.631    0.930*   0.844    0.225    0.874    0.216    0.041  
  Seasonally adjusted series (E2)        0.310    0.095    0.073    0.350    0.062    0.223    0.953* 
  Modified Irregular (E3)                0.855    0.082    0.072    0.369    0.065    0.212    0.948* 
  ----------
     ** - Peak Probability > 0.99,
      * - 0.90 < Peak Probability < 0.99


