  Reading input spec file from D:\Programming\Dynamic Paper-dlrhcs_replication\outputs\empirical\unemployment\raw_sa_pilot\x13_work\ces_hours_log_additive_10420_200701_201612.spc

1

               U. S. Department of Commerce, U. S. Census Bureau

              X-13ARIMA-SEATS monthly seasonal adjustment Method,
                          Release Version 1.1 Build 62


           This software application provides an enhanced version of
             Statistics Canada's X-11-ARIMA extension (Dagum, 1980)
                 of the X-11 variant of the Census Method II of
                      Shiskin, Young and Musgrave (1967).

            It also provides an ARIMA model-based method following
       Hillmer and Tiao (1982) and Burman (1980) that is very similar
       to the update of the method of SEATS (Gomez and Maravall, 1996)
                produced at the Bank of Spain by G. Caporello and
               A. Maravall for TSW (Caporello and Maravall, 2004).
          The present application includes additional enhancements.

         X-13ARIMA-SEATS includes an automatic ARIMA model selection procedure
          based largely on the procedure of Gomez and Maravall (1998)
            as implemented in TRAMO (1996) and subsequent revisions.

              Primary Programmers: Brian Monsell, Mark Otto and,
                 for the ARIMA model-based signal extraction,
                      Gianluca Caporello and Victor Gomez


     Series Title- ces_hours 10420
     Series Name- ces_hours_log_ad
     Jul 29, 2026  08.38.02 

        -Period covered-  1st month,2007 to 12th month,2016
        -Type of run - additive seasonal adjustment

        -Sigma limits for graduating extreme values are  1.5 and  2.5 .
        -3x3 moving average used in section 1 of each iteration, 
         3x5 moving average in section 2 of iterations B and C,
         moving average for final seasonal factors chosen by Global MSR.
        -Holiday adjustment factors applied directly to the final seasonally adjusted series
        -Spectral plots generated for selected series
        -Spectral plots generated for series starting in 2009.Jan

 FILE SAVE REQUESTS (* indicates file exists and will be overwritten)
  D:\Programming\Dynamic Paper-dlrhcs_replication\outputs\empirical\unemployment\raw_sa_pilot\x13_work\ces_hours_log_additive_10420_200701_201612.d10  final seasonal factors
  D:\Programming\Dynamic Paper-dlrhcs_replication\outputs\empirical\unemployment\raw_sa_pilot\x13_work\ces_hours_log_additive_10420_200701_201612.d11  final seasonally adjusted data
  D:\Programming\Dynamic Paper-dlrhcs_replication\outputs\empirical\unemployment\raw_sa_pilot\x13_work\ces_hours_log_additive_10420_200701_201612.out  program output file
  D:\Programming\Dynamic Paper-dlrhcs_replication\outputs\empirical\unemployment\raw_sa_pilot\x13_work\ces_hours_log_additive_10420_200701_201612.err  program error file
        ces_hours 10420            PAGE   1, SERIES ces_hours_log_ad

     Contents of spc file D:\Programming\Dynamic Paper-dlrhcs_replication\outputs\empirical\unemployment\raw_sa_pilot\x13_work\ces_hours_log_additive_10420_200701_201612.spc

 Line #
 ------
      1: series {
      2:   title = "ces_hours 10420"
      3:   start = 2007.1
      4:   period = 12
      5:   data = (
      6: 35.1
      7: 33.9
      8: 35.2
      9: 35.6
     10: 36.1
     11: 35.5
     12: 36
     13: 35.8
     14: 36
     15: 35.5
     16: 35.2
     17: 34.7
     18: 34.2
     19: 34.7
     20: 34.5
     21: 35.2
     22: 35
     23: 34.6
     24: 34.1
     25: 35.4
     26: 35.6
     27: 35.5
     28: 35.2
     29: 34.5
     30: 34.4
     31: 35
     32: 34.9
     33: 34.5
     34: 34.8
     35: 34.8
     36: 34.9
     37: 35.3
     38: 35.4
     39: 35.7
     40: 36
     41: 35.4
     42: 35.6
     43: 35.2
     44: 35.1
     45: 35.1
     46: 35.2
     47: 35
     48: 35
     49: 35.2
     50: 34.8
     51: 35.3
     52: 35
     53: 34.2
     54: 35.2
     55: 34.5
     56: 34.3
     57: 34.8
     58: 35.5
     59: 35.4
     60: 35.6
     61: 35.2
     62: 35.6
     63: 35.9
     64: 35.2
     65: 34.8
     66: 35.1
     67: 34.8
     68: 35.2
     69: 36
     70: 35.9
     71: 35.4
     72: 35.7
     73: 35
     74: 35.8
     75: 35.5
     76: 35.5
     77: 35.1
     78: 34.5
     79: 34.6
     80: 35
     81: 35
     82: 34.9
     83: 35.5
     84: 34.6
     85: 35
     86: 35.1
     87: 34.8
     88: 34.8
     89: 35.3
     90: 34.1
     91: 34.9
     92: 35
     93: 34.8
     94: 34.7
     95: 35.3
     96: 35.1
     97: 35
     98: 35.3
     99: 35.2
    100: 35.5
    101: 35.2
    102: 34.4
    103: 34.9
    104: 34.9
    105: 34.3
    106: 34.7
    107: 34.5
    108: 34.4
    109: 34.9
    110: 34.3
    111: 34.8
    112: 35
    113: 34.9
    114: 34.5
    115: 34.4
    116: 34.3
    117: 34.4
    118: 34.8
    119: 34.9
    120: 34.8
    121: 34.7
    122: 35
    123: 35
    124: 34.3
    125: 34.4
    126:   )
    127: }
    128: transform { function = log }
    129: regression { aictest = (td easter) }
    130: automdl {}
    131: x11 { mode = add save = (d10 d11) }
        ces_hours 10420            PAGE   2, SERIES ces_hours_log_ad

 A 1  Time series data (for the span analyzed)
  From  2007.Jan to 2016.Dec
  Observations        120
 -----------------------------------------------------------------------------
               Jan      Feb      Mar      Apr      May      Jun 
               Jul      Aug      Sep      Oct      Nov      Dec        TOTAL  
 -----------------------------------------------------------------------------
  2007          35.      34.      35.      36.      36.      36.
                36.      36.      36.      36.      35.      35.          425.
 
  2008          34.      35.      35.      35.      35.      35.
                34.      35.      36.      36.      35.      35.          419.
 
  2009          34.      35.      35.      35.      35.      35.
                35.      35.      35.      36.      36.      35.          421.
 
  2010          36.      35.      35.      35.      35.      35.
                35.      35.      35.      35.      35.      34.          421.
 
  2011          35.      35.      34.      35.      36.      35.
                36.      35.      36.      36.      35.      35.          422.
 
  2012          35.      35.      35.      36.      36.      35.
                36.      35.      36.      36.      36.      35.          425.
 
  2013          35.      35.      35.      35.      35.      36.
                35.      35.      35.      35.      35.      35.          419.
 
  2014          34.      35.      35.      35.      35.      35.
                35.      35.      35.      35.      36.      35.          420.
 
  2015          34.      35.      35.      34.      35.      35.
                34.      35.      34.      35.      35.      35.          416.
 
  2016          35.      34.      34.      34.      35.      35.
                35.      35.      35.      35.      34.      34.          415.
 
  AVGE          35.      35.      35.      35.      35.      35.
                35.      35.      35.      35.      35.      35.

  Table Total-        4203.   Mean-        35.   Std. Dev.-         0.
                              Min -        34.        Max -        36.
        ces_hours 10420            PAGE   3, SERIES ces_hours_log_ad
                        Automatic ARIMA Model Selection

                    Procedure based closely on TRAMO method 
                         of Gomez and Maravall (2000)
              "Automatic Modeling Methods for Univariate Series",
                            A Course in Time Series
                  (Edited by D. Pena, G. C. Tiao, R. S. Tsay),
                         New York : J. Wiley and Sons


     Maximum order for regular ARMA parameters :   2
     Maximum order for seasonal ARMA parameters :   1
     Maximum order for regular differencing :   2
     Maximum order for seasonal differencing :   1

   Results of Unit Root Test for identifying orders of differencing:
     Regular difference order :   0
     Seasonal difference order :   0

  Automatic model choice : (1 0 1)(0 0 1)


  Final Checks for Identified Model


  Checking for Unit Roots.
   No unit roots found.
   Nonseasonal MA not within  0.001 of 1.0 - model passes test.

  Checking for insignificant ARMA coefficients.

  Final automatic model choice : (1 0 1)(0 0 1)
   End of automatic model selection procedure.

 Average absolute percentage error in within-sample forecasts:
  Last year:   0.91      Last-1 year:   1.15     Last-2 year:   0.70
  Last three years:    0.92

 Estimation converged in    8 ARMA iterations,   47 function evaluations.

 Regression Model
 ------------------------------------------------------------------------------
                             Parameter        Standard
 Variable                     Estimate           Error      t-value
 ------------------------------------------------------------------------------
 Constant                       3.5556         0.00319      1114.34
 ------------------------------------------------------------------------------


 ARIMA Model:  (1 0 1)(0 0 1)
                                              Standard
 Parameter                    Estimate          Errors
 -----------------------------------------------------
 Nonseasonal AR                                    
   Lag  1                       0.7202         0.11461

 Nonseasonal MA                                    
   Lag  1                       0.2886         0.15621

 Seasonal MA                                       
   Lag 12                      -0.2834         0.08180

 Variance                       0.12401E-03
 SE of Var                      0.16009E-04
 -----------------------------------------------------

 Likelihood Statistics
 ------------------------------------------------------------------
 Number of observations (nobs)                                  120
 Effective number of observations (nefobs)                      120
 Number of parameters estimated (np)                              5
 Log likelihood                                            368.7545
 Transformation Adjustment                                -426.7052
 Adjusted Log likelihood (L)                               -57.9507
 AIC                                                       125.9013 
 AICC (F-corrected-AIC)                                    126.4276 
 Hannan Quinn                                              131.5614 
 BIC                                                       139.8388 
 ------------------------------------------------------------------

 QS Statistic for regARIMA Model Residuals (full series):             0.00
                                                       (P-Value =     1.0000)

 QS Statistic for regARIMA Model Residuals (starting 2009.Jan):       0.03
                                                       (P-Value =     0.9862)


  At least one visually significant residual trading day peaks has been
  found in the spectral plot of the following series starting in 2009.Jan:

          regARIMA model residuals (1 Trading Day peak(s))




      10*LOG(SPECTRUM) of the regARIMA model residuals
      Spectrum estimated from 2009.Jan to 2016.Dec.
 ++++++++++I+++++++++++++++++++++++++++++++++++++++++++++++++++++++++++++I
     -30.60I                                          T                  I    -30.60
           I                                          T                  I
           I                                          T                  I
           I                                          T                  I
     -31.84I                                          T                  I    -31.84
           I                                          T                  I
           I                                          T                  I
           I                                          T                  I
     -33.09I                                          T                  I    -33.09
           I                                          T                  I
           I                                          T                  I
           I                                          T                  I
     -34.33I                                          T                  I    -34.33
           I                                          T                  I
           I                                          T                  I
           I                                          T                  I
     -35.58I                                          T                  I    -35.58
           I                                          T                  I
           I    *                                     T                  I
           I    *                                     T                  I
     -36.82I    *                                    *T                  I    -36.82
           I    *                                    *T                  I
           I*   **     *                             *T                  I
           I*   **     *                             *T*          *      I
     -38.06I*   **     *              *         *    *T*          **     I    -38.06
           I*   **     *              *         *    *T*          **     I
           I*   **     *              *         *    *T*          **     I
           I*   **     *         *    *         *    *T*          **     I
     -39.31I*   **     *        S*    *         *    *T*          **     I    -39.31
           I*   **    S*        S*    **    *   **   *T*          **     I
           I*   **    S**       S*    **   **   **   *T*          ***    I
           I*   **    S**       S*    **   **   **   *T*          ***    I
     -40.55I**  **    S**       S*    **   **   **   *T*    *     ****   I    -40.55
           I**  **    S**       S*    **   **   **   *T*   **     ****   I
           I** ***    S**       S*    **   **   **  S*T*   **     *****  I
           I** ***    S**       S*    **   **   **  S*T*   **     ******SI
     -41.79I** ***   *S**   *   S*   ***   **   **  S*T*   **     ******SI    -41.79
           I** ****  *S**   *   S*   ***   **  ***  S*T*   **     ******SI
           I** ****  *S**   *   S*   ***   **  ***  S*T**  **    *******SI
           I*******  *S**   **  S*   **** S*** ***  S*T**  **    *******SI
     -43.04I*******  *S***  ** *S**  **** S*** **** S*T**  **    *******SI    -43.04
           I******* **S*** *** *S**  **** S*** *****S*T** ***    *******SI
           I**********S*** *****S**  **** S*********S*T******    *******SI
           I**********S*** *****S**  *****S*********S*T******    *******SI
     -44.28I**********S*********S**  *****S*********S*T*******   *******SI    -44.28
           I**********S*********S** ******S*********S*T*******   *******SI
           I**********S*********S*********S*********S*T*******   *******SI
           I**********S*********S*********S*********S*T*******   *******SI
     -45.53I**********S*********S*********S*********S*T*******  T*******SI    -45.53
           I**********S*********S*********S*********S*T*******  T*******SI
           I**********S*********S*********S*********S*T*******  T*******SI
           I**********S*********S*********S*********S*T*******S T*******SI
     -46.77I**********S*********S*********S*********S*T*******S*T*******SI    -46.77
 ++++++++++I+++++++++++++++++++++++++++++++++++++++++++++++++++++++++++++I
            S=SEASONAL FREQUENCIES, T=TRADING DAY FREQUENCIES


 FORECASTING
  Origin  2016.Dec
  Number        12

  Forecasts and Standard Errors of the Transformed Data
   ------------------------------
                         Standard
       Date   Forecast      Error
   ------------------------------
   2017.Jan       3.54      0.011
   2017.Feb       3.54      0.012
   2017.Mar       3.55      0.013
   2017.Apr       3.55      0.013
   2017.May       3.55      0.013
   2017.Jun       3.55      0.013
   2017.Jul       3.55      0.013
   2017.Aug       3.55      0.013
   2017.Sep       3.56      0.013
   2017.Oct       3.56      0.013
   2017.Nov       3.55      0.013
   2017.Dec       3.55      0.013
   ------------------------------

  Confidence intervals with coverage probability ( 0.95000
  On the Original Scale
   ---------------------------------------
       Date      Lower  Forecast     Upper
   ---------------------------------------
   2017.Jan      33.82     34.57     35.34
   2017.Feb      33.79     34.61     35.45
   2017.Mar      33.79     34.65     35.52
   2017.Apr      33.89     34.77     35.67
   2017.May      33.99     34.88     35.79
   2017.Jun      34.07     34.96     35.88
   2017.Jul      34.06     34.96     35.88
   2017.Aug      34.00     34.90     35.82
   2017.Sep      34.14     35.05     35.97
   2017.Oct      34.11     35.01     35.94
   2017.Nov      33.91     34.81     35.73
   2017.Dec      33.94     34.84     35.76
   ---------------------------------------
        ces_hours 10420            PAGE   4, SERIES ces_hours_log_ad

 B 1  Original series (prior adjusted)
  From  2007.Jan to 2016.Dec
  Observations        120
 -----------------------------------------------------------------------------
               Jan      Feb      Mar      Apr      May      Jun 
               Jul      Aug      Sep      Oct      Nov      Dec        TOTAL  
 -----------------------------------------------------------------------------
  2007          35.      34.      35.      36.      36.      36.
                36.      36.      36.      36.      35.      35.          425.
 
  2008          34.      35.      35.      35.      35.      35.
                34.      35.      36.      36.      35.      35.          419.
 
  2009          34.      35.      35.      35.      35.      35.
                35.      35.      35.      36.      36.      35.          421.
 
  2010          36.      35.      35.      35.      35.      35.
                35.      35.      35.      35.      35.      34.          421.
 
  2011          35.      35.      34.      35.      36.      35.
                36.      35.      36.      36.      35.      35.          422.
 
  2012          35.      35.      35.      36.      36.      35.
                36.      35.      36.      36.      36.      35.          425.
 
  2013          35.      35.      35.      35.      35.      36.
                35.      35.      35.      35.      35.      35.          419.
 
  2014          34.      35.      35.      35.      35.      35.
                35.      35.      35.      35.      36.      35.          420.
 
  2015          34.      35.      35.      34.      35.      35.
                34.      35.      34.      35.      35.      35.          416.
 
  2016          35.      34.      34.      34.      35.      35.
                35.      35.      35.      35.      34.      34.          415.
 
  AVGE          35.      35.      35.      35.      35.      35.
                35.      35.      35.      35.      35.      35.

  Table Total-        4203.   Mean-        35.   Std. Dev.-         0.
                              Min -        34.        Max -        36.

 B 1.A  Forecasts of (prior adjusted) original series
  From  2017.Jan to 2017.Dec
  Observations         12
 -----------------------------------------------------------------------------
               Jan      Feb      Mar      Apr      May      Jun 
               Jul      Aug      Sep      Oct      Nov      Dec        TOTAL  
 -----------------------------------------------------------------------------
  2017          35.      35.      35.      35.      35.      35.
                35.      35.      35.      35.      35.      35.          418.
 
        ces_hours 10420            PAGE   5, SERIES ces_hours_log_ad

 C 17  Final weights for irregular component
  From  2007.Jan to 2016.Dec
  Observations        120
  Lower sigma limit    1.50
  Upper sigma limit    2.50
 -----------------------------------------------------------------------------
               Jan      Feb      Mar      Apr      May      Jun 
               Jul      Aug      Sep      Oct      Nov      Dec         S.D.  
 -----------------------------------------------------------------------------
  2007           2.       0.     100.     100.     100.     100.
               100.     100.     100.     100.     100.     100.           19.
 
  2008         100.     100.     100.       0.     100.     100.
                 0.     100.     100.     100.     100.     100.           19.
 
  2009         100.      31.     100.     100.     100.     100.
               100.     100.     100.     100.     100.     100.           19.
 
  2010          96.     100.     100.     100.     100.     100.
               100.     100.     100.     100.     100.     100.           19.
 
  2011           0.     100.      53.     100.     100.     100.
               100.     100.     100.     100.     100.     100.           21.
 
  2012         100.     100.     100.       0.      98.     100.
               100.      38.     100.     100.     100.     100.           21.
 
  2013         100.     100.     100.     100.     100.      40.
                91.     100.     100.     100.     100.       0.           21.
 
  2014         100.     100.     100.     100.      86.     100.
               100.     100.     100.     100.     100.     100.           20.
 
  2015         100.     100.     100.     100.     100.     100.
               100.      78.       0.     100.     100.     100.           19.
 
  2016         100.     100.     100.     100.     100.     100.
               100.     100.     100.     100.      29.     100.           19.
 
        ces_hours 10420            PAGE   6, SERIES ces_hours_log_ad

 D 8  Final unmodified SI ratios
  From  2007.Jan to 2016.Dec
  Observations        120
 -----------------------------------------------------------------------------
               Jan      Feb      Mar      Apr      May      Jun 
               Jul      Aug      Sep      Oct      Nov      Dec         AVGE  
 -----------------------------------------------------------------------------
  2007          -0.      -2.      -0.      -0.       0.      -0.
                 0.       0.       1.       0.       0.      -0.           -0.
 
  2008          -1.      -0.      -0.       0.       0.      -0.
                -1.       0.       1.       1.       0.      -0.           -0.
 
  2009          -0.       0.       0.      -0.      -0.      -0.
                 0.       0.       0.       0.       0.      -0.            0.
 
  2010          -0.      -0.      -0.      -0.       0.      -0.
                 0.       0.       0.       1.       0.      -0.           -0.
 
  2011           0.      -0.      -1.      -0.       0.       0.
                 0.      -0.       0.       1.      -0.      -0.            0.
 
  2012          -0.      -1.      -0.       1.       0.      -0.
                 0.      -0.       0.       0.       0.      -0.            0.
 
  2013          -1.      -0.       0.       0.      -0.       1.
                -0.       0.       0.       0.       0.       1.            0.
 
  2014          -1.       0.       0.      -0.      -0.       0.
                 0.      -0.       0.       0.       0.       0.            0.
 
  2015          -1.      -0.       0.      -0.       0.      -0.
                -0.       0.      -0.       0.       0.       0.           -0.
 
  2016          -0.      -0.      -0.      -0.       0.       0.
                 0.      -0.       0.       0.      -0.      -0.           -0.
 
  AVGE          -0.      -0.      -0.      -0.       0.       0.
                -0.       0.       0.       0.       0.      -0.

  Table Total-          -0.   Mean-        -0.   Std. Dev.-         0.
                              Min -        -2.        Max -         1.
        ces_hours 10420            PAGE   7, SERIES ces_hours_log_ad

 D 8.B  Final unmodified SI ratios, with labels for outliers and extreme values
  From  2007.Jan to 2016.Dec
  Observations        120
 ---------------------------------------------------------------------
               Jan       Feb       Mar       Apr       May       Jun  
               Jul       Aug       Sep       Oct       Nov       Dec  
 ---------------------------------------------------------------------
  2007         -0.*      -2.*      -0.       -0.        0.       -0.  
                0.        0.        1.        0.        0.       -0.  
 
  2008         -1.       -0.       -0.        0.*       0.       -0.  
               -1.*       0.        1.        1.        0.       -0.  
 
  2009         -0.        0.*       0.       -0.       -0.       -0.  
                0.        0.        0.        0.        0.       -0.  
 
  2010         -0.*      -0.       -0.       -0.        0.       -0.  
                0.        0.        0.        1.        0.       -0.  
 
  2011          0.*      -0.       -1.*      -0.        0.        0.  
                0.       -0.        0.        1.       -0.       -0.  
 
  2012         -0.       -1.       -0.        1.*       0.*      -0.  
                0.       -0.*       0.        0.        0.       -0.  
 
  2013         -1.       -0.        0.        0.       -0.        1.* 
               -0.*       0.        0.        0.        0.        1.* 
 
  2014         -1.        0.        0.       -0.       -0.*       0.  
                0.       -0.        0.        0.        0.        0.  
 
  2015         -1.       -0.        0.       -0.        0.       -0.  
               -0.        0.*      -0.*       0.        0.        0.  
 
  2016         -0.       -0.       -0.       -0.        0.        0.  
                0.       -0.        0.        0.       -0.*      -0.  
 

  Key to symbols:
    *  : extreme value as determined by X-11 extreme value procedure
 
        ces_hours 10420            PAGE   8, SERIES ces_hours_log_ad

 D 9  Final replacement values for SI ratios
  From  2007.Jan to 2016.Dec
  Observations        120
 ---------------------------------------------------------------
               Jan      Feb      Mar      Apr      May      Jun 
               Jul      Aug      Sep      Oct      Nov      Dec 
 ---------------------------------------------------------------
  2007          -1.      -0. ******** ******** ******** ********
           ******** ******** ******** ******** ******** ********
 
  2008     ******** ******** ********      -0. ******** ********
                 0. ******** ******** ******** ******** ********
 
  2009     ********      -0. ******** ******** ******** ********
           ******** ******** ******** ******** ******** ********
 
  2010          -0. ******** ******** ******** ******** ********
           ******** ******** ******** ******** ******** ********
 
  2011          -0. ********      -0. ******** ******** ********
           ******** ******** ******** ******** ******** ********
 
  2012     ******** ******** ********      -0.       0. ********
           ********      -0. ******** ******** ******** ********
 
  2013     ******** ******** ******** ******** ********       0.
                -0. ******** ******** ******** ********       0.
 
  2014     ******** ******** ******** ********      -0. ********
           ******** ******** ******** ******** ******** ********
 
  2015     ******** ******** ******** ******** ******** ********
           ********       0.       0. ******** ******** ********
 
  2016     ******** ******** ******** ******** ******** ********
           ******** ******** ******** ********       0. ********
 

 D 9.A  Moving seasonality ratio
 ---------------------------------------------------------------
               Jan      Feb      Mar      Apr      May      Jun 
 ---------------------------------------------------------------
   I          0.226    0.185    0.204    0.149    0.252    0.193
   S          0.037    0.039    0.044    0.020    0.043    0.047
 RATIO        6.032    4.750    4.646    7.321    5.850    4.056



 ---------------------------------------------------------------
               Jul      Aug      Sep      Oct      Nov      Dec 
 ---------------------------------------------------------------
   I          0.216    0.216    0.168    0.173    0.220    0.168
   S          0.034    0.043    0.031    0.042    0.031    0.051
 RATIO        6.399    4.985    5.358    4.123    7.106    3.326



        ces_hours 10420            PAGE   9, SERIES ces_hours_log_ad

 D 10  Final seasonal factors
  From  2007.Jan to 2016.Dec
  Observations        120
  Seasonal filter    3 x 5 moving average
 -----------------------------------------------------------------------------
               Jan      Feb      Mar      Apr      May      Jun 
               Jul      Aug      Sep      Oct      Nov      Dec         AVGE  
 -----------------------------------------------------------------------------
  2007          -1.      -0.      -0.      -0.       0.      -0.
                 0.       0.       0.       0.       0.      -0.           -0.
 
  2008          -0.      -0.      -0.      -0.       0.      -0.
                 0.       0.       0.       0.       0.      -0.           -0.
 
  2009          -0.      -0.      -0.      -0.       0.      -0.
                 0.       0.       0.       0.       0.      -0.           -0.
 
  2010          -0.      -0.      -0.      -0.       0.      -0.
                 0.       0.       0.       0.       0.      -0.           -0.
 
  2011          -0.      -0.      -0.      -0.       0.       0.
                 0.       0.       0.       0.       0.      -0.           -0.
 
  2012          -0.      -0.      -0.      -0.       0.       0.
                 0.       0.       0.       0.       0.      -0.            0.
 
  2013          -0.      -0.      -0.      -0.       0.       0.
                 0.       0.       0.       0.       0.      -0.            0.
 
  2014          -0.      -0.      -0.      -0.       0.       0.
                 0.       0.       0.       0.       0.      -0.           -0.
 
  2015          -0.      -0.      -0.      -0.       0.       0.
                -0.       0.       0.       0.       0.       0.           -0.
 
  2016          -0.      -0.      -0.      -0.      -0.       0.
                -0.       0.       0.       0.       0.       0.           -0.
 
  AVGE          -0.      -0.      -0.      -0.       0.       0.
                 0.       0.       0.       0.       0.      -0.

  Table Total-          -0.   Mean-        -0.   Std. Dev.-         0.
                              Min -        -1.        Max -         0.

 D 10.A  Final seasonal component forecasts
  From  2017.Jan to 2017.Dec
  Observations         12
 -----------------------------------------------------------------------------
               Jan      Feb      Mar      Apr      May      Jun 
               Jul      Aug      Sep      Oct      Nov      Dec         AVGE  
 -----------------------------------------------------------------------------
  2017          -0.      -0.      -0.      -0.       0.       0.
                 0.       0.       0.       0.       0.       0.           -0.
 
        ces_hours 10420            PAGE  10, SERIES ces_hours_log_ad

 D 11  Final seasonally adjusted data
  From  2007.Jan to 2016.Dec
  Observations        120
 -----------------------------------------------------------------------------
               Jan      Feb      Mar      Apr      May      Jun 
               Jul      Aug      Sep      Oct      Nov      Dec        TOTAL  
 -----------------------------------------------------------------------------
  2007          36.      34.      35.      36.      36.      36.
                36.      35.      36.      35.      35.      35.          425.
 
  2008          35.      35.      35.      35.      35.      35.
                34.      35.      35.      35.      35.      35.          419.
 
  2009          35.      35.      35.      35.      35.      35.
                35.      35.      35.      35.      36.      36.          421.
 
  2010          36.      36.      35.      35.      35.      35.
                35.      35.      34.      35.      35.      35.          421.
 
  2011          36.      35.      35.      35.      35.      35.
                35.      35.      35.      36.      35.      35.          422.
 
  2012          36.      35.      35.      36.      36.      35.
                36.      35.      36.      35.      35.      35.          425.
 
  2013          35.      35.      35.      35.      35.      35.
                35.      35.      35.      35.      35.      35.          419.
 
  2014          35.      35.      35.      35.      35.      35.
                35.      35.      35.      35.      35.      35.          420.
 
  2015          35.      35.      35.      34.      35.      34.
                34.      35.      34.      35.      35.      35.          416.
 
  2016          35.      35.      34.      35.      35.      35.
                35.      35.      35.      35.      34.      34.          416.
 
  AVGE          35.      35.      35.      35.      35.      35.
                35.      35.      35.      35.      35.      35.

  Table Total-        4203.   Mean-        35.   Std. Dev.-         0.
                              Min -        34.        Max -        36.
        ces_hours 10420            PAGE  11, SERIES ces_hours_log_ad

 D 12  Final trend cycle
  From  2007.Jan to 2016.Dec
  Observations        120
  Trend filter    13-term Henderson moving average
  I/C ratio        3.31
 -----------------------------------------------------------------------------
               Jan      Feb      Mar      Apr      May      Jun 
               Jul      Aug      Sep      Oct      Nov      Dec        TOTAL  
 -----------------------------------------------------------------------------
  2007          35.      35.      36.      36.      36.      36.
                36.      36.      35.      35.      35.      35.          425.
 
  2008          35.      35.      35.      35.      35.      35.
                35.      35.      35.      35.      35.      35.          419.
 
  2009          35.      35.      35.      35.      35.      35.
                35.      35.      35.      35.      36.      36.          421.
 
  2010          36.      36.      35.      35.      35.      35.
                35.      35.      35.      35.      35.      35.          421.
 
  2011          35.      35.      35.      35.      35.      35.
                35.      35.      35.      35.      35.      35.          422.
 
  2012          35.      35.      35.      35.      35.      35.
                35.      35.      35.      35.      35.      35.          424.
 
  2013          35.      35.      35.      35.      35.      35.
                35.      35.      35.      35.      35.      35.          418.
 
  2014          35.      35.      35.      35.      35.      35.
                35.      35.      35.      35.      35.      35.          420.
 
  2015          35.      35.      35.      35.      35.      35.
                35.      35.      35.      35.      35.      35.          417.
 
  2016          35.      35.      35.      35.      35.      35.
                35.      35.      35.      35.      35.      35.          416.
 
  AVGE          35.      35.      35.      35.      35.      35.
                35.      35.      35.      35.      35.      35.

  Table Total-        4203.   Mean-        35.   Std. Dev.-         0.
                              Min -        35.        Max -        36.
        ces_hours 10420            PAGE  12, SERIES ces_hours_log_ad

 D 13  Final irregular component
  From  2007.Jan to 2016.Dec
  Observations        120
 -----------------------------------------------------------------------------
               Jan      Feb      Mar      Apr      May      Jun 
               Jul      Aug      Sep      Oct      Nov      Dec         S.D.  
 -----------------------------------------------------------------------------
  2007           0.      -1.      -0.       0.       0.      -0.
                 0.      -0.       0.      -0.      -0.       0.            0.
 
  2008          -0.       0.      -0.       1.       0.      -0.
                -1.       0.       0.       0.      -0.      -0.            0.
 
  2009          -0.       0.       0.      -0.      -0.       0.
                -0.       0.      -0.      -0.       0.       0.            0.
 
  2010           0.      -0.      -0.       0.      -0.       0.
                -0.       0.      -0.       0.       0.      -0.            0.
 
  2011           1.       0.      -0.      -0.       0.       0.
                 0.      -0.       0.       0.      -0.      -0.            0.
 
  2012           0.      -0.      -0.       1.       0.      -0.
                 0.      -0.       0.      -0.       0.       0.            0.
 
  2013          -0.      -0.       0.       0.      -0.       0.
                -0.       0.       0.      -0.      -0.       1.            0.
 
  2014          -0.       0.       0.      -0.      -0.       0.
                 0.      -0.      -0.      -0.       0.       0.            0.
 
  2015          -0.       0.       0.      -0.       0.      -0.
                -0.       0.      -1.      -0.       0.       0.            0.
 
  2016           0.      -0.      -0.      -0.       0.       0.
                 0.      -0.       0.       0.      -0.      -0.            0.
 
  S.D.           0.       0.       0.       0.       0.       0.
                 0.       0.       0.       0.       0.       0.

  Table Total-          -0.   Mean-        -0.   Std. Dev.-         0.
                              Min -        -1.        Max -         1.
        ces_hours 10420            PAGE  13, SERIES ces_hours_log_ad

 D 16  Combined adjustment factors
  From  2007.Jan to 2016.Dec
  Observations        120
 -----------------------------------------------------------------------------
               Jan      Feb      Mar      Apr      May      Jun 
               Jul      Aug      Sep      Oct      Nov      Dec         AVGE  
 -----------------------------------------------------------------------------
  2007          -1.      -0.      -0.      -0.       0.      -0.
                 0.       0.       0.       0.       0.      -0.           -0.
 
  2008          -0.      -0.      -0.      -0.       0.      -0.
                 0.       0.       0.       0.       0.      -0.           -0.
 
  2009          -0.      -0.      -0.      -0.       0.      -0.
                 0.       0.       0.       0.       0.      -0.           -0.
 
  2010          -0.      -0.      -0.      -0.       0.      -0.
                 0.       0.       0.       0.       0.      -0.           -0.
 
  2011          -0.      -0.      -0.      -0.       0.       0.
                 0.       0.       0.       0.       0.      -0.           -0.
 
  2012          -0.      -0.      -0.      -0.       0.       0.
                 0.       0.       0.       0.       0.      -0.            0.
 
  2013          -0.      -0.      -0.      -0.       0.       0.
                 0.       0.       0.       0.       0.      -0.            0.
 
  2014          -0.      -0.      -0.      -0.       0.       0.
                 0.       0.       0.       0.       0.      -0.           -0.
 
  2015          -0.      -0.      -0.      -0.       0.       0.
                -0.       0.       0.       0.       0.       0.           -0.
 
  2016          -0.      -0.      -0.      -0.      -0.       0.
                -0.       0.       0.       0.       0.       0.           -0.
 
  AVGE          -0.      -0.      -0.      -0.       0.       0.
                 0.       0.       0.       0.       0.      -0.

  Table Total-          -0.   Mean-        -0.   Std. Dev.-         0.
                              Min -        -1.        Max -         0.

 D 16.A  Combined adjustment component forecasts
  From  2017.Jan to 2017.Dec
  Observations         12
 -----------------------------------------------------------------------------
               Jan      Feb      Mar      Apr      May      Jun 
               Jul      Aug      Sep      Oct      Nov      Dec         AVGE  
 -----------------------------------------------------------------------------
  2017          -0.      -0.      -0.      -0.       0.       0.
                 0.       0.       0.       0.       0.       0.           -0.
 
        ces_hours 10420            PAGE  14, SERIES ces_hours_log_ad

 E 4  Differences of annual totals
  From          2007 to 2016
  Observations         10
 -----------------------------------
  Year       Unmodified     Modified
                  (D11)         (E2)
 -----------------------------------
  2007              -0.          -0.
 
  2008              -0.          -0.
 
  2009              -0.          -0.
 
  2010              -0.          -0.
 
  2011              -0.          -0.
 
  2012               0.           0.
 
  2013               0.           0.
 
  2014              -0.          -0.
 
  2015              -0.          -0.
 
  2016              -0.          -0.
 
        ces_hours 10420            PAGE  15, SERIES ces_hours_log_ad

 E 5  Month-to-month differences in the original series
  From  2007.Feb to 2016.Dec
  Observations        119
 -----------------------------------------------------------------------------
               Jan      Feb      Mar      Apr      May      Jun 
               Jul      Aug      Sep      Oct      Nov      Dec         AVGE  
 -----------------------------------------------------------------------------
  2007                   -1.       1.       0.       1.      -1.
                 1.      -0.       0.      -0.      -0.      -0.           -0.
 
  2008          -0.       1.      -0.       1.      -0.      -0.
                -0.       1.       0.      -0.      -0.      -1.           -0.
 
  2009          -0.       1.      -0.      -0.       0.       0.
                 0.       0.       0.       0.       0.      -1.            0.
 
  2010           0.      -0.      -0.       0.       0.      -0.
                 0.       0.      -0.       1.      -0.      -1.           -0.
 
  2011           1.      -1.      -0.       1.       1.      -0.
                 0.      -0.       0.       0.      -1.      -0.            0.
 
  2012           0.      -0.       0.       1.      -0.      -0.
                 0.      -1.       1.      -0.       0.      -0.            0.
 
  2013          -1.       0.       0.       0.      -0.       1.
                -1.       0.       0.      -0.       0.       1.            0.
 
  2014          -1.       1.       0.      -0.      -0.       1.
                -0.      -0.       0.      -0.       0.      -0.           -0.
 
  2015          -1.       1.       0.      -1.       0.      -0.
                -0.       1.      -1.       1.       0.      -0.           -0.
 
  2016          -0.      -0.      -0.       0.       0.       0.
                -0.      -0.       0.       0.      -1.       0.           -0.
 
  AVGE          -0.      -0.       0.       0.       0.      -0.
                -0.       0.       0.       0.      -0.      -0.

  Table Total-          -1.   Mean-        -0.   Std. Dev.-         0.
                              Min -        -1.        Max -         1.
        ces_hours 10420            PAGE  16, SERIES ces_hours_log_ad

 E 6  Month-to-month differences in seasonally adjusted series (D11)
  From  2007.Feb to 2016.Dec
  Observations        119
 -----------------------------------------------------------------------------
               Jan      Feb      Mar      Apr      May      Jun 
               Jul      Aug      Sep      Oct      Nov      Dec         AVGE  
 -----------------------------------------------------------------------------
  2007                   -1.       1.       0.       0.      -0.
                 0.      -0.       0.      -1.      -0.       0.           -0.
 
  2008          -0.       0.      -0.       1.      -1.      -0.
                -1.       1.       0.      -0.      -0.      -0.           -0.
 
  2009          -0.       0.      -0.      -0.      -0.       0.
                -0.       0.      -0.       0.       1.       0.            0.
 
  2010           0.      -0.      -0.      -0.      -0.      -0.
                -0.       0.      -1.       0.      -0.      -0.           -0.
 
  2011           1.      -1.      -0.       0.       0.      -0.
                 0.      -0.       0.       0.      -1.       0.            0.
 
  2012           0.      -0.       0.       1.      -0.      -0.
                 0.      -1.       1.      -0.       0.      -0.            0.
 
  2013          -0.      -0.       0.       0.      -0.       1.
                -1.       0.      -0.      -0.       0.       1.            0.
 
  2014          -1.       1.      -0.      -0.      -0.       1.
                -0.      -0.       0.       0.       0.      -0.           -0.
 
  2015          -0.       0.      -0.      -0.       0.      -0.
                 0.       0.      -1.       1.       0.       0.           -0.
 
  2016           0.      -0.      -0.       0.       0.      -0.
                 0.      -0.       0.       0.      -1.       0.           -0.
 
  AVGE          -0.      -0.       0.       0.      -0.       0.
                -0.       0.      -0.       0.      -0.       0.

  Table Total-          -1.   Mean-        -0.   Std. Dev.-         0.
                              Min -        -1.        Max -         1.
        ces_hours 10420            PAGE  17, SERIES ces_hours_log_ad

 E 7  Month-to-month differences in final trend cycle (D12)
  From  2007.Feb to 2016.Dec
  Observations        119
 -----------------------------------------------------------------------------
               Jan      Feb      Mar      Apr      May      Jun 
               Jul      Aug      Sep      Oct      Nov      Dec         AVGE  
 -----------------------------------------------------------------------------
  2007                    0.       0.       0.       0.       0.
                -0.      -0.      -0.      -0.      -0.      -0.           -0.
 
  2008          -0.      -0.      -0.       0.       0.       0.
                 0.       0.       0.      -0.      -0.      -0.            0.
 
  2009          -0.      -0.      -0.      -0.      -0.      -0.
                 0.       0.       0.       0.       0.       0.            0.
 
  2010           0.      -0.      -0.      -0.      -0.      -0.
                -0.      -0.      -0.      -0.      -0.      -0.           -0.
 
  2011           0.       0.       0.       0.       0.       0.
                 0.       0.      -0.      -0.      -0.      -0.            0.
 
  2012           0.       0.       0.       0.       0.      -0.
                -0.      -0.      -0.      -0.      -0.      -0.           -0.
 
  2013          -0.      -0.      -0.      -0.      -0.      -0.
                -0.      -0.      -0.      -0.       0.       0.           -0.
 
  2014           0.       0.       0.       0.       0.      -0.
                 0.       0.       0.       0.       0.      -0.            0.
 
  2015          -0.      -0.      -0.      -0.      -0.      -0.
                -0.       0.       0.       0.       0.      -0.           -0.
 
  2016          -0.      -0.      -0.       0.       0.       0.
                 0.      -0.      -0.      -0.      -0.       0.           -0.
 
  AVGE          -0.       0.       0.       0.       0.       0.
                -0.      -0.      -0.      -0.      -0.      -0.

  Table Total-          -1.   Mean-        -0.   Std. Dev.-         0.
                              Min -        -0.        Max -         0.
        ces_hours 10420            PAGE  18, SERIES ces_hours_log_ad

 E 8  Month-to-month differences in original series adjusted for calendar factors (A18)
  From  2007.Feb to 2016.Dec
  Observations        119
 -----------------------------------------------------------------------------
               Jan      Feb      Mar      Apr      May      Jun 
               Jul      Aug      Sep      Oct      Nov      Dec         AVGE  
 -----------------------------------------------------------------------------
  2007                   -1.       1.       0.       0.      -1.
                 1.      -0.       0.      -0.      -0.      -0.           -0.
 
  2008          -0.       0.      -0.       1.      -0.      -0.
                -1.       1.       0.      -0.      -0.      -1.           -0.
 
  2009          -0.       1.      -0.      -0.       0.       0.
                 0.       0.       0.       0.       0.      -1.            0.
 
  2010           0.      -0.      -0.       0.       0.      -0.
                 0.       0.      -0.       1.      -0.      -1.           -0.
 
  2011           1.      -1.      -0.       1.       1.      -0.
                 0.      -0.       0.       0.      -1.      -0.            0.
 
  2012           0.      -0.       0.       1.      -0.      -0.
                 0.      -1.       1.      -0.       0.      -0.            0.
 
  2013          -1.       0.       0.       0.      -0.       1.
                -1.       0.       0.      -0.       0.       1.            0.
 
  2014          -1.       1.       0.      -0.      -0.       1.
                -0.      -0.       0.      -0.       0.      -0.           -0.
 
  2015          -1.       1.       0.      -1.       0.      -0.
                -0.       1.      -1.       1.       0.      -0.           -0.
 
  2016          -0.      -0.      -0.       0.       0.       0.
                -0.      -0.       0.       0.      -1.       0.           -0.
 
  AVGE          -0.      -0.       0.       0.       0.      -0.
                -0.       0.       0.       0.      -0.      -0.

  Table Total-          -1.   Mean-        -0.   Std. Dev.-         0.
                              Min -        -1.        Max -         1.
        ces_hours 10420            PAGE  19, SERIES ces_hours_log_ad

 E 18  Final adjustment ratios
  From  2007.Jan to 2016.Dec
  Observations        120
 -----------------------------------------------------------------------------
               Jan      Feb      Mar      Apr      May      Jun 
               Jul      Aug      Sep      Oct      Nov      Dec         AVGE  
 -----------------------------------------------------------------------------
  2007       98.572   99.272   99.321   99.444  100.307   99.436
            100.328  100.905  101.189  101.212  100.863   99.084        99.994
 
  2008       98.625   99.255   99.259   99.435  100.357   99.521
            100.375  100.834  101.118  101.268  100.790   99.018        99.988
 
  2009       98.802   99.197   99.253   99.420  100.429   99.670
            100.397  100.689  101.003  101.289  100.711   99.007        99.989
 
  2010       98.941   99.103   99.323   99.461  100.487   99.926
            100.379  100.502  100.914  101.219  100.635   99.050        99.995
 
  2011       98.974   99.034   99.417   99.532  100.459  100.177
            100.334  100.334  100.804  101.040  100.597   99.241        99.995
 
  2012       98.842   99.093   99.590   99.583  100.407  100.371
            100.247  100.208  100.785  100.829  100.541   99.527       100.002
 
  2013       98.715   99.208   99.694   99.562  100.337  100.425
            100.170  100.129  100.835  100.655  100.543   99.775       100.004
 
  2014       98.639   99.368   99.790   99.511  100.198  100.436
            100.031  100.148  100.833  100.523  100.507   99.992        99.998
 
  2015       98.731   99.516   99.782   99.436  100.044  100.406
             99.980  100.166  100.807  100.525  100.518  100.092       100.000
 
  2016       98.843   99.627   99.724   99.360   99.982  100.330
             99.971  100.196  100.749  100.587  100.478  100.130        99.998
 
  AVGE       98.768   99.267   99.515   99.474  100.301  100.070
            100.221  100.411  100.904  100.915  100.618   99.492

  Table Total-       12000.   Mean-       100.   Std. Dev.-         1.
                              Min -        99.        Max -       101.

 E 18.A  Final adjustment ratio forecasts
  From  2017.Jan to 2017.Dec
  Observations         12
 -----------------------------------------------------------------------------
               Jan      Feb      Mar      Apr      May      Jun 
               Jul      Aug      Sep      Oct      Nov      Dec         AVGE  
 -----------------------------------------------------------------------------
  2017       98.942   99.673   99.677   99.298  100.020  100.244
            100.004  100.194  100.743  100.634  100.451  100.124       100.000
 

  QS statistic for seasonality:
  Original Series                                     4.63  (P-Value =     0.0986)
  Original Series (EV adj)                            4.63  (P-Value =     0.0986)
  Residuals                                           0.00  (P-Value =     1.0000)
  Seasonally Adjusted Series                          0.04  (P-Value =     0.9818)
  Seasonally Adjusted Series (EV adj)                 0.00  (P-Value =     1.0000)
  Irregular Series                                    0.06  (P-Value =     0.9717)
  Irregular Series (EV adj)                           0.00  (P-Value =     1.0000)

  QS statistic for seasonality (starting 2009.Jan):
  Original Series                                     7.28  (P-Value =     0.0262)
  Original Series (EV adj)                            7.28  (P-Value =     0.0262)
  Residuals                                           0.03  (P-Value =     0.9862)
  Seasonally Adjusted Series                          0.82  (P-Value =     0.6644)
  Seasonally Adjusted Series (EV adj)                 0.00  (P-Value =     1.0000)
  Irregular Series                                    0.74  (P-Value =     0.6902)
  Irregular Series (EV adj)                           0.00  (P-Value =     1.0000)
        ces_hours 10420            PAGE  20, SERIES ces_hours_log_ad


  Visually significant residual trading day peaks have been
  found in the spectral plots of the following series starting in 2009.Jan:

          differenced original series (Table A1 or B1) (1 Trading Day peak(s))

          differenced seasonally adjusted series (Table E2) (1 Trading Day peak(s))

          Modified irregular component (Table E3) (1 Seasonal and 


 WARNING: Series should not be a candidate for seasonal adjustment
          because the spectrum of the original series (Table A1 or B1)
          has no visually significant seasonal peaks.

          If this is a component series of an indirectly adjusted
          composite series, consider using type = trend or type = summary
          in the x11 spec.
        ces_hours 10420            PAGE  21, SERIES ces_hours_log_ad
 G 0  10*LOG(SPECTRUM) of the differenced Original Series
      (Table A1 or B1).  Spectrum estimated from 2009.Jan to 2016.Dec.
 ++++++++++I+++++++++++++++++++++++++++++++++++++++++++++++++++++++++++++I
       4.56I                                                             I      4.56
           I                                          T                  I
           I                                          T                  I
           I                                          T                  I
       2.60I                                          T                  I      2.60
           I                                          T                  I
           I                                          T                  I
           I                                          T                  I
       0.64I                                          T                  I      0.64
           I                                          T                  I
           I                                          T                  I
           I                                          T                  I
      -1.31I                                          T                  I     -1.31
           I                                         *T                  I
           I                                         *T                  I
           I                                         *T                  I
      -3.27I                                         *T                  I     -3.27
           I                                         *T                  I
           I                                         *T*                 I
           I                                         *T*                 I
      -5.23I                                         *T*    *            I     -5.23
           I                    S          *        S*T*    *         **SI
           I                    S          *        S*T*    *     *  ***SI
           I                    S          **    *  S*T*    *    **  ***SI
      -7.19I                    S*         **    *  S*T*    **   ** ****SI     -7.19
           I          S         S*         **    ** S*T*    **   *******SI
           I          S*        S*         **    ***S*T*    **   *******SI
           I          S*        S*        S**   ****S*T*    **   *******SI
      -9.15I          S*        S*        S**   ****S*T*    **   *******SI     -9.15
           I          S*       *S*    **  S**   ****S*T**  ***  T*******SI
           I          S**      *S*    ****S***  ****S*T**  ***  T*******SI
           I          S**      *S*    ****S***  ****S*T**  ***S T*******SI
     -11.11I          S**     **S*    ****S*** *****S*T**  ***S*T*******SI    -11.11
           I          S**     **S**  *****S*********S*T**  ***S*T*******SI
           I          S***    **S**  *****S*********S*T*******S*T*******SI
           I          S***   ***S**  *****S*********S*T*******S*T*******SI
     -13.06I    **   *S***   ***S**  *****S*********S*T*******S*T*******SI    -13.06
           I    **   *S***  ****S*********S*********S*T*******S*T*******SI
           I    **   *S**** ****S*********S*********S*T*******S*T*******SI
           I    **   *S*********S*********S*********S*T*******S*T*******SI
     -15.02I    **   *S*********S*********S*********S*T*******S*T*******SI    -15.02
           I    **   *S*********S*********S*********S*T*******S*T*******SI
           I    **   *S*********S*********S*********S*T*******S*T*******SI
           I    **   *S*********S*********S*********S*T*******S*T*******SI
     -16.98I    *** **S*********S*********S*********S*T*******S*T*******SI    -16.98
           I    *** **S*********S*********S*********S*T*******S*T*******SI
           I   **** **S*********S*********S*********S*T*******S*T*******SI
           I   *******S*********S*********S*********S*T*******S*T*******SI
     -18.94I   *******S*********S*********S*********S*T*******S*T*******SI    -18.94
           I   *******S*********S*********S*********S*T*******S*T*******SI
           I   *******S*********S*********S*********S*T*******S*T*******SI
           I  ********S*********S*********S*********S*T*******S*T*******SI
     -20.90I**********S*********S*********S*********S*T*******S*T*******SI    -20.90
 ++++++++++I+++++++++++++++++++++++++++++++++++++++++++++++++++++++++++++I
            S=SEASONAL FREQUENCIES, T=TRADING DAY FREQUENCIES
        ces_hours 10420            PAGE  22, SERIES ces_hours_log_ad
 G 1  10*LOG(SPECTRUM) of the differenced seasonally adjusted 
      data (Table E2).  Spectrum estimated from 2009.Jan to 2016.Dec.
 ++++++++++I+++++++++++++++++++++++++++++++++++++++++++++++++++++++++++++I
       1.19I                                          T                  I      1.19
           I                                          T                  I
           I                                          T                  I
           I                                          T                  I
      -0.87I                                          T                  I     -0.87
           I                                          T                  I
           I                                          T                  I
           I                                          T              *   I
      -2.93I                                          T              *   I     -2.93
           I                                          T              *   I
           I                                          T              *   I
           I                                          T              *   I
      -4.99I                                          T              *   I     -4.99
           I                                          T              *   I
           I                                          T              *   I
           I                                          T             **   I
      -7.05I                                          T*         *  **   I     -7.05
           I                                          T*        T*  **   I
           I                           *              T*        T*  **   I
           I                           *              T*  **    T*  **   I
      -9.11I                           *              T*  **    T*  **   I     -9.11
           I            *         *    *        *    *T*  **    T*  **   I
           I            *         *   **     *  *    *T*  **    T*  ***  I
           I            *         *   ***   ** **    *T*****    T*  ***  I
     -11.17I            *         *   ***   ** **    *T*****    T*  ***  I    -11.17
           I            **        *   ***   *****    *T*****    T* ****  I
           I            **        *   ***   *****    *T*****    T******  I
           I            **        *   ***   *****    *T******   T******  I
     -13.23I            **        *   **** *******   *T******   T******* I    -13.23
           I     * *    **        *   **** *******   *T******  *T*******SI
           I     * **   **        *  *****S*******  S*T******  *T*******SI
           I    *****   **       **  *****S*******  S*T******  *T*******SI
     -15.29I    *****   ***      *** *****S*******  S*T******* *T*******SI    -15.29
           I    *****  *****     *** *****S******** S*T*******S*T*******SI
           I    *****  *****     *********S*********S*T*******S*T*******SI
           I    *****  *****     *********S*********S*T*******S*T*******SI
     -17.35I    ****** *****     *********S*********S*T*******S*T*******SI    -17.35
           I    ****** *****     *********S*********S*T*******S*T*******SI
           I    ******S******    *********S*********S*T*******S*T*******SI
           I    ******S******    *********S*********S*T*******S*T*******SI
     -19.41I    ******S******    *********S*********S*T*******S*T*******SI    -19.41
           I   *******S******    *********S*********S*T*******S*T*******SI
           I   *******S******    *********S*********S*T*******S*T*******SI
           I   *******S******   S*********S*********S*T*******S*T*******SI
     -21.47I   *******S******   S*********S*********S*T*******S*T*******SI    -21.47
           I   *******S*******  S*********S*********S*T*******S*T*******SI
           I   *******S*******  S*********S*********S*T*******S*T*******SI
           I   *******S*******  S*********S*********S*T*******S*T*******SI
     -23.53I  ********S*******  S*********S*********S*T*******S*T*******SI    -23.53
           I  ********S*********S*********S*********S*T*******S*T*******SI
           I  ********S*********S*********S*********S*T*******S*T*******SI
           I *********S*********S*********S*********S*T*******S*T*******SI
     -25.59I**********S*********S*********S*********S*T*******S*T*******SI    -25.59
 ++++++++++I+++++++++++++++++++++++++++++++++++++++++++++++++++++++++++++I
            S=SEASONAL FREQUENCIES, T=TRADING DAY FREQUENCIES
        ces_hours 10420            PAGE  23, SERIES ces_hours_log_ad
 G 2  10*LOG(SPECTRUM) of the Modified Irregular (Table E3).  
      Spectrum estimated from 2009.Jan to 2016.Dec.
 ++++++++++I+++++++++++++++++++++++++++++++++++++++++++++++++++++++++++++I
      -3.73I                                                             I     -3.73
           I                                          T                  I
           I                                          T                  I
           I                                          T                  I
      -5.39I                                          T                  I     -5.39
           I                                          T                  I
           I                                          T                  I
           I                                          T                  I
      -7.04I                                          T                  I     -7.04
           I                                          T                  I
           I                                          T                  I
           I                                          T              *   I
      -8.70I                                          T              *   I     -8.70
           I                           *              T              *   I
           I                           *              T              *   I
           I                           *              T              *   I
     -10.35I                           *              T              *   I    -10.35
           I                           *              T              *   I
           I                           *              T              *   I
           I                      *    *              T              *   I
     -12.01I                      *   **              T*             *   I    -12.01
           I                      *   ***             T*            **   I
           I                      *   ***             T*         *  **   I
           I                      *   ***             T*         *  **   I
     -13.66I             *        *   ***   *   *     T*        T*  **   I    -13.66
           I             *        *   ***   *   *     T*  **    T*  **   I
           I            **       **   ***   ** **    *T*  **    T*  **   I
           I            **       **   ***   ** **    *T*  **    T*  **   I
     -15.32I            **       **  ****   ** **    *T*  **    T*  **   I    -15.32
           I            **       **  ****  ******    *T*  **    T*  **   I
           I            **       *** ***** ******    *T*  **    T*  ***  I
           I            **       *** ***** ******    *T*****    T*  ***  I
     -16.97I            ** *     *********S******    *T*****    T*  ***  I    -16.97
           I            ****     *********S*******   *T*****    T* ****  I
           I            *****    *********S*******   *T*****    T******  I
           I            *****    *********S*******  S*T*****    T******  I
     -18.63I            *****    *********S*******  S*T*****    T******  I    -18.63
           I            *****    *********S*******  S*T******   T******  I
           I       *    *****    *********S*******  S*T******  *T******* I
           I       *    *****    *********S*******  S*T******  *T******* I
     -20.28I       *    *****    *********S*********S*T******  *T*******SI    -20.28
           I       *    *****   S*********S*********S*T******  *T*******SI
           I       *   ******   S*********S*********S*T******  *T*******SI
           I   *  ***  *******  S*********S*********S*T*******S*T*******SI
     -21.93I   *  ***  *******  S*********S*********S*T*******S*T*******SI    -21.93
           I   ** ***  *******  S*********S*********S*T*******S*T*******SI
           I  *******  *******  S*********S*********S*T*******S*T*******SI
           I  *******  *******  S*********S*********S*T*******S*T*******SI
     -23.59I  ********S*********S*********S*********S*T*******S*T*******SI    -23.59
           I  ********S*********S*********S*********S*T*******S*T*******SI
           I  ********S*********S*********S*********S*T*******S*T*******SI
           I *********S*********S*********S*********S*T*******S*T*******SI
     -25.24I**********S*********S*********S*********S*T*******S*T*******SI    -25.24
 ++++++++++I+++++++++++++++++++++++++++++++++++++++++++++++++++++++++++++I
            S=SEASONAL FREQUENCIES, T=TRADING DAY FREQUENCIES
        ces_hours 10420            PAGE  24, SERIES ces_hours_log_ad

  Peak probabilities for Tukey spectrum estimator
  Spectrum estimated from 2009.Jan to 2016.Dec.

                                          S1       S2       S3       S4       S5       S6       TD
                                        ------   ------   ------   ------   ------   ------   ------
  Model Residuals                        0.717    0.871    0.298    0.012    0.217    0.301    0.774  
  Original Series (Table A1 or B1)       0.666    0.976*   0.263    0.079    0.032    0.624    0.778  
  Seasonally adjusted series (E2)        0.079    0.015    0.106    0.008    0.009    0.086    0.899  
  Modified Irregular (E3)                0.082    0.031    0.108    0.005    0.007    0.081    0.902* 
  ----------
     ** - Peak Probability > 0.99,
      * - 0.90 < Peak Probability < 0.99


