  Reading input spec file from D:\Programming\Dynamic Paper-dlrhcs_replication\outputs\empirical\unemployment\raw_sa_pilot\x13_work\ces_hours_additive_level_32780_200701_201612.spc

1

               U. S. Department of Commerce, U. S. Census Bureau

              X-13ARIMA-SEATS monthly seasonal adjustment Method,
                          Release Version 1.1 Build 62


           This software application provides an enhanced version of
             Statistics Canada's X-11-ARIMA extension (Dagum, 1980)
                 of the X-11 variant of the Census Method II of
                      Shiskin, Young and Musgrave (1967).

            It also provides an ARIMA model-based method following
       Hillmer and Tiao (1982) and Burman (1980) that is very similar
       to the update of the method of SEATS (Gomez and Maravall, 1996)
                produced at the Bank of Spain by G. Caporello and
               A. Maravall for TSW (Caporello and Maravall, 2004).
          The present application includes additional enhancements.

         X-13ARIMA-SEATS includes an automatic ARIMA model selection procedure
          based largely on the procedure of Gomez and Maravall (1998)
            as implemented in TRAMO (1996) and subsequent revisions.

              Primary Programmers: Brian Monsell, Mark Otto and,
                 for the ARIMA model-based signal extraction,
                      Gianluca Caporello and Victor Gomez


     Series Title- ces_hours 32780
     Series Name- ces_hours_additi
     Jul 29, 2026  08.42.13 

        -Period covered-  1st month,2007 to 12th month,2016
        -Type of run - additive seasonal adjustment

        -Sigma limits for graduating extreme values are  1.5 and  2.5 .
        -3x3 moving average used in section 1 of each iteration, 
         3x5 moving average in section 2 of iterations B and C,
         moving average for final seasonal factors chosen by Global MSR.
        -Holiday adjustment factors applied directly to the final seasonally adjusted series
        -Spectral plots generated for selected series
        -Spectral plots generated for series starting in 2009.Jan

 FILE SAVE REQUESTS (* indicates file exists and will be overwritten)
  D:\Programming\Dynamic Paper-dlrhcs_replication\outputs\empirical\unemployment\raw_sa_pilot\x13_work\ces_hours_additive_level_32780_200701_201612.d10  final seasonal factors
  D:\Programming\Dynamic Paper-dlrhcs_replication\outputs\empirical\unemployment\raw_sa_pilot\x13_work\ces_hours_additive_level_32780_200701_201612.d11  final seasonally adjusted data
  D:\Programming\Dynamic Paper-dlrhcs_replication\outputs\empirical\unemployment\raw_sa_pilot\x13_work\ces_hours_additive_level_32780_200701_201612.out  program output file
  D:\Programming\Dynamic Paper-dlrhcs_replication\outputs\empirical\unemployment\raw_sa_pilot\x13_work\ces_hours_additive_level_32780_200701_201612.err  program error file
        ces_hours 32780            PAGE   1, SERIES ces_hours_additi

     Contents of spc file D:\Programming\Dynamic Paper-dlrhcs_replication\outputs\empirical\unemployment\raw_sa_pilot\x13_work\ces_hours_additive_level_32780_200701_201612.spc

 Line #
 ------
      1: series {
      2:   title = "ces_hours 32780"
      3:   start = 2007.1
      4:   period = 12
      5:   data = (
      6: 30.8
      7: 30.7
      8: 30.9
      9: 31.5
     10: 30.8
     11: 31.9
     12: 32.6
     13: 31.8
     14: 33.1
     15: 32.5
     16: 31.9
     17: 32.9
     18: 31.8
     19: 31.4
     20: 32.3
     21: 31.9
     22: 32.6
     23: 34.1
     24: 33.3
     25: 32.7
     26: 33.2
     27: 32.3
     28: 32.9
     29: 32.2
     30: 31.8
     31: 31.8
     32: 31.9
     33: 32.3
     34: 32.1
     35: 32
     36: 31.7
     37: 32.4
     38: 32.4
     39: 31.9
     40: 32.5
     41: 31.9
     42: 32
     43: 32
     44: 32
     45: 32.2
     46: 33.1
     47: 32.9
     48: 33.4
     49: 33.9
     50: 32.5
     51: 32.2
     52: 32.6
     53: 32.5
     54: 33.1
     55: 32.3
     56: 32.3
     57: 32.5
     58: 33.1
     59: 32.9
     60: 32.9
     61: 32.7
     62: 32.3
     63: 32.2
     64: 32.4
     65: 32.3
     66: 32.9
     67: 32.8
     68: 32.6
     69: 33.9
     70: 33
     71: 33.8
     72: 33.9
     73: 33.6
     74: 33.7
     75: 33
     76: 32.6
     77: 33.8
     78: 32.7
     79: 33.5
     80: 33.1
     81: 33.1
     82: 32.8
     83: 33.8
     84: 32.7
     85: 34
     86: 34.9
     87: 34.3
     88: 34.5
     89: 34.9
     90: 34.1
     91: 34.6
     92: 34.8
     93: 34.3
     94: 34.4
     95: 35.7
     96: 35
     97: 34.5
     98: 34.7
     99: 34.1
    100: 34.7
    101: 34.1
    102: 33.9
    103: 34.7
    104: 34.2
    105: 33.3
    106: 33.2
    107: 33.6
    108: 34.1
    109: 34.6
    110: 33.5
    111: 33.1
    112: 33.7
    113: 33.2
    114: 32.8
    115: 33.1
    116: 32.9
    117: 33.3
    118: 33.9
    119: 33.7
    120: 33.9
    121: 34.3
    122: 33.9
    123: 34.1
    124: 32.9
    125: 32.9
    126:   )
    127: }
    128: transform { function = none }
    129: regression { aictest = (td easter) }
    130: automdl {}
    131: x11 { mode = add save = (d10 d11) }
        ces_hours 32780            PAGE   2, SERIES ces_hours_additi

 A 1  Time series data (for the span analyzed)
  From  2007.Jan to 2016.Dec
  Observations        120
 -----------------------------------------------------------------------------
               Jan      Feb      Mar      Apr      May      Jun 
               Jul      Aug      Sep      Oct      Nov      Dec        TOTAL  
 -----------------------------------------------------------------------------
  2007          31.      31.      31.      32.      31.      32.
                33.      32.      33.      33.      32.      33.          381.
 
  2008          32.      31.      32.      32.      33.      34.
                33.      33.      33.      32.      33.      32.          391.
 
  2009          32.      32.      32.      32.      32.      32.
                32.      32.      32.      32.      33.      32.          385.
 
  2010          32.      32.      32.      32.      33.      33.
                33.      34.      33.      32.      33.      33.          391.
 
  2011          33.      32.      32.      33.      33.      33.
                33.      33.      32.      32.      32.      32.          391.
 
  2012          33.      33.      33.      34.      33.      34.
                34.      34.      34.      33.      33.      34.          400.
 
  2013          33.      34.      33.      33.      33.      34.
                33.      34.      35.      34.      35.      35.          404.
 
  2014          34.      35.      35.      34.      34.      36.
                35.      35.      35.      34.      35.      34.          415.
 
  2015          34.      35.      34.      33.      33.      34.
                34.      35.      34.      33.      34.      33.          405.
 
  2016          33.      33.      33.      33.      34.      34.
                34.      34.      34.      34.      33.      33.          402.
 
  AVGE          33.      33.      33.      33.      33.      33.
                33.      33.      33.      33.      33.      33.

  Table Total-        3965.   Mean-        33.   Std. Dev.-         1.
                              Min -        31.        Max -        36.
        ces_hours 32780            PAGE   3, SERIES ces_hours_additi
                        Automatic ARIMA Model Selection

                    Procedure based closely on TRAMO method 
                         of Gomez and Maravall (2000)
              "Automatic Modeling Methods for Univariate Series",
                            A Course in Time Series
                  (Edited by D. Pena, G. C. Tiao, R. S. Tsay),
                         New York : J. Wiley and Sons


     Maximum order for regular ARMA parameters :   2
     Maximum order for seasonal ARMA parameters :   1
     Maximum order for regular differencing :   2
     Maximum order for seasonal differencing :   1

   Results of Unit Root Test for identifying orders of differencing:
     Regular difference order :   1
     Seasonal difference order :   0

     Mean is significant.

  Automatic model choice : (0 1 0)(1 0 0)
   Model changed to 
   ( 0, 1, 1) ( 0, 1, 1) without constant term


  Final Checks for Identified Model


  Checking for Unit Roots.
   No unit roots found.

  Checking for nonseasonal overdifferencing.
   Nonseasonal MA not within  0.001 of 1.0 - model passes test.

  Checking for insignificant ARMA coefficients.

  Final automatic model choice : (0 1 1)(0 1 1)
   End of automatic model selection procedure.

 Average absolute percentage error in within-sample forecasts:
  Last year:   0.81      Last-1 year:   2.53     Last-2 year:   1.16
  Last three years:    1.50

 Estimation converged in    2 ARMA iterations,   35 function evaluations.

 Regression Model
 ------------------------------------------------------------------------------
                             Parameter        Standard
 Variable                     Estimate           Error      t-value
 ------------------------------------------------------------------------------
 Leap Year                     -0.1980         0.21414        -0.92

 Trading Day
   Mon                          0.1856         0.06865         2.70
   Tue                         -0.1663         0.06884        -2.42
   Wed                         -0.0938         0.06856        -1.37
   Thu                          0.0634         0.06851         0.92
   Fri                         -0.2898         0.06889        -4.21
   Sat                          0.0410         0.06964         0.59
  *Sun (derived)                0.2599         0.07085         3.67
 ------------------------------------------------------------------------------
  *For full trading-day and stable seasonal effects, the derived
   parameter estimate is obtained indirectly as minus the sum
   of the directly estimated parameters that define the effect.


 Chi-squared Tests for Groups of Regressors
 ------------------------------------------------------------------------------
 Regression Effect                  df      Chi-Square      P-Value
 ------------------------------------------------------------------------------
 Trading Day                         6          122.00         0.00
 Combined Trading Day and Leap Year Regressors
                                     7          123.97         0.00
 ------------------------------------------------------------------------------


 F Tests for Trading Day Regressors 
 -----------------------------------------------------------------------
 Regression Effect                     df         F-statistic    P-Value
 -----------------------------------------------------------------------
 Trading Day                         6, 100           19.00         0.00


 ARIMA Model:  (0 1 1)(0 1 1)
   Nonseasonal differences: 1
   Seasonal differences:    1
                                              Standard
 Parameter                    Estimate          Errors
 -----------------------------------------------------
 Nonseasonal MA                                    
   Lag  1                       0.2144         0.08848

 Seasonal MA                                       
   Lag 12                       0.8486         0.06445

 Variance                       0.17002E+00
 SE of Var                      0.23245E-01
 -----------------------------------------------------

 Likelihood Statistics
 ------------------------------------------------------------------
 Number of observations (nobs)                                  120
 Effective number of observations (nefobs)                      107
 Number of parameters estimated (np)                             10
 Log likelihood (L)                                        -64.4615
 AIC                                                       148.9229 
 AICC (F-corrected-AIC)                                    151.2146 
 Hannan Quinn                                              159.7582 
 BIC                                                       175.6512 
 ------------------------------------------------------------------

 QS Statistic for regARIMA Model Residuals (full series):             0.00
                                                       (P-Value =     1.0000)

 QS Statistic for regARIMA Model Residuals (starting 2009.Jan):       0.00
                                                       (P-Value =     1.0000)
      10*LOG(SPECTRUM) of the regARIMA model residuals
      Spectrum estimated from 2009.Jan to 2016.Dec.
 ++++++++++I+++++++++++++++++++++++++++++++++++++++++++++++++++++++++++++I
      -3.37I                           *                                 I     -3.37
           I                           *                                 I
           I                *          **                                I
           I                *          **                 *              I
      -4.30I                *          **                 *              I     -4.30
           I           *    *          **                 *              I
           I           *    *          **                 *              I
           I           *    **         **                 **             I
      -5.22I           *    **        ***                 **             I     -5.22
           I           *    **       ****          *      **          *  I
           I           *    **      *****          *      **          *  I
           I           *    **      *****          *      **          *  I
      -6.14I           *    **      *****          *S     **         **  I     -6.14
           I           *    **      *****          *S     **         **  I
           I           *    **      *****          *S     **         **  I
           I           *    **      *****          *S     **         **  I
      -7.07I      *    *    **      *****   *      *S     **         **  I     -7.07
           I      *    *    ***     ******  *      *S     **         **  I
           I     **    **  ****     ******  *      *S     **         **  I
           I     **    **  ****     ******  *      *S     **         *** I
      -7.99I     **    **  ****     ****** **      *S     **         *** I     -7.99
           I     **    **  ****     ****** **      *S     **         *** I
           I     **    **  ****    ******* **      *S     **        **** I
           I     **    **  *****   ******* **      *S     ***       **** I
      -8.91I     **   S**  *****   *******S**      *S     ***       ****SI     -8.91
           I     **   S**  *****   *******S**      *S     ***       ****SI
           I    ***   S**  *****   *******S**     **S     ***      *****SI
           I    ***   S**  *****   *******S**     **S     ***      *****SI
      -9.83I    ***   S**  *****S  *******S***    **S     ***     ******SI     -9.83
           I    ****  S**  *****S  *******S***    **S     ***     ******SI
           I    ****  S*********S ********S***    **S     ****    ******SI
           I    ****  S*********S ********S***    **S*    ****    ******SI
     -10.76I   *****  S*********S*********S***    **S*   *****    ******SI    -10.76
           I   *****  S*********S*********S***    **S*   *****    ******SI
           I   *****  S*********S*********S***    **S*   *****S  *******SI
           I   *****  S*********S*********S***    **S*   *****S  *******SI
     -11.68I   ***** *S*********S*********S***    **S*   *****S  *******SI    -11.68
           I   *******S*********S*********S***    **S*   *****S*T*******SI
           I  ********S*********S*********S***   ***S*   *****S*T*******SI
           I  ********S*********S*********S***   ***S*   *****S*T*******SI
     -12.60I  ********S*********S*********S****  ***S*   *****S*T*******SI    -12.60
           I  ********S*********S*********S****  ***S*   *****S*T*******SI
           I  ********S*********S*********S****  ***S*   *****S*T*******SI
           I  ********S*********S*********S****  ***S*   *****S*T*******SI
     -13.53I *********S*********S*********S**** ****S*   *****S*T*******SI    -13.53
           I *********S*********S*********S*********S*   *****S*T*******SI
           I**********S*********S*********S*********S*   *****S*T*******SI
           I**********S*********S*********S*********S*T  *****S*T*******SI
     -14.45I**********S*********S*********S*********S*T ******S*T*******SI    -14.45
           I**********S*********S*********S*********S*T ******S*T*******SI
           I**********S*********S*********S*********S*T ******S*T*******SI
           I**********S*********S*********S*********S*T ******S*T*******SI
     -15.37I**********S*********S*********S*********S*T*******S*T*******SI    -15.37
 ++++++++++I+++++++++++++++++++++++++++++++++++++++++++++++++++++++++++++I
            S=SEASONAL FREQUENCIES, T=TRADING DAY FREQUENCIES


 FORECASTING
  Origin  2016.Dec
  Number        12

  Forecasts and Standard Errors
   ------------------------------
                         Standard
       Date   Forecast      Error
   ------------------------------
   2017.Jan      33.16      0.423
   2017.Feb      33.09      0.531
   2017.Mar      32.58      0.624
   2017.Apr      33.41      0.701
   2017.May      33.05      0.775
   2017.Jun      33.35      0.836
   2017.Jul      34.12      0.898
   2017.Aug      33.48      0.955
   2017.Sep      33.37      1.007
   2017.Oct      33.50      1.060
   2017.Nov      33.18      1.108
   2017.Dec      33.24      1.154
   ------------------------------

  Confidence intervals with coverage probability ( 0.95000
   ---------------------------------------
       Date      Lower  Forecast     Upper
   ---------------------------------------
   2017.Jan      32.33     33.16     33.98
   2017.Feb      32.05     33.09     34.13
   2017.Mar      31.36     32.58     33.80
   2017.Apr      32.03     33.41     34.78
   2017.May      31.53     33.05     34.57
   2017.Jun      31.71     33.35     34.99
   2017.Jul      32.36     34.12     35.88
   2017.Aug      31.61     33.48     35.35
   2017.Sep      31.39     33.37     35.34
   2017.Oct      31.42     33.50     35.57
   2017.Nov      31.01     33.18     35.36
   2017.Dec      30.98     33.24     35.50
   ---------------------------------------
        ces_hours 32780            PAGE   4, SERIES ces_hours_additi

 A 6  RegARIMA trading day component
  From  2007.Jan to 2016.Dec
  Observations        120
 -----------------------------------------------------------------------------
               Jan      Feb      Mar      Apr      May      Jun 
               Jul      Aug      Sep      Oct      Nov      Dec         AVGE  
 -----------------------------------------------------------------------------
  2007          -0.       0.      -0.       0.      -0.      -0.
                 0.      -0.       0.      -0.      -0.       0.            0.
 
  2008          -0.      -0.       0.      -0.      -0.       0.
                -0.       0.       0.      -0.       0.      -0.           -0.
 
  2009          -0.       0.       0.      -0.       0.       0.
                -0.       0.      -0.      -0.       0.      -0.            0.
 
  2010           0.       0.      -0.      -0.       0.      -0.
                -0.       0.      -0.       0.       0.      -0.           -0.
 
  2011           0.       0.      -0.      -0.       0.      -0.
                 0.      -0.      -0.       0.      -0.      -0.            0.
 
  2012           0.      -0.      -0.       0.      -0.      -0.
                 0.      -0.       0.      -0.      -0.       0.            0.
 
  2013          -0.       0.       0.       0.      -0.       0.
                -0.      -0.       0.      -0.      -0.       0.           -0.
 
  2014          -0.       0.       0.      -0.      -0.       0.
                -0.       0.       0.      -0.       0.      -0.           -0.
 
  2015          -0.       0.       0.      -0.       0.       0.
                -0.       0.      -0.      -0.       0.      -0.            0.
 
  2016           0.       0.      -0.      -0.       0.      -0.
                 0.      -0.      -0.       0.      -0.      -0.           -0.
 
  AVGE          -0.      -0.       0.      -0.      -0.       0.
                -0.       0.       0.      -0.       0.       0.

  Table Total-          -0.   Mean-        -0.   Std. Dev.-         0.
                              Min -        -0.        Max -         0.

 A 6.A  RegARIMA trading day component forecasts
  From  2017.Jan to 2017.Dec
  Observations         12
 -----------------------------------------------------------------------------
               Jan      Feb      Mar      Apr      May      Jun 
               Jul      Aug      Sep      Oct      Nov      Dec         AVGE  
 -----------------------------------------------------------------------------
  2017           0.       0.      -0.       0.      -0.      -0.
                 0.      -0.      -0.       0.      -0.       0.            0.
 
        ces_hours 32780            PAGE   5, SERIES ces_hours_additi
  
 B 1  Original series (prior adjusted)
      (adjusted for regARIMA factors)
  From  2007.Jan to 2016.Dec
  Observations        120
 -----------------------------------------------------------------------------
               Jan      Feb      Mar      Apr      May      Jun 
               Jul      Aug      Sep      Oct      Nov      Dec        TOTAL  
 -----------------------------------------------------------------------------
  2007          31.      31.      31.      31.      31.      32.
                32.      32.      33.      33.      32.      32.          381.
 
  2008          32.      32.      32.      32.      33.      34.
                33.      33.      33.      33.      33.      32.          391.
 
  2009          32.      32.      32.      32.      32.      32.
                32.      32.      33.      32.      32.      32.          385.
 
  2010          32.      32.      32.      32.      33.      33.
                34.      34.      33.      32.      33.      33.          392.
 
  2011          33.      32.      32.      33.      33.      33.
                33.      33.      33.      32.      33.      32.          391.
 
  2012          33.      33.      33.      33.      33.      34.
                34.      34.      33.      33.      33.      33.          399.
 
  2013          33.      33.      33.      33.      33.      33.
                33.      34.      34.      34.      35.      35.          404.
 
  2014          34.      35.      34.      35.      35.      35.
                35.      34.      35.      34.      34.      34.          415.
 
  2015          34.      35.      34.      33.      33.      34.
                34.      34.      34.      33.      33.      33.          405.
 
  2016          33.      33.      33.      34.      34.      34.
                34.      34.      34.      34.      33.      33.          402.
 
  AVGE          33.      33.      33.      33.      33.      33.
                33.      33.      33.      33.      33.      33.

  Table Total-        3965.   Mean-        33.   Std. Dev.-         1.
                              Min -        31.        Max -        35.

 B 1.A  Forecasts of (prior adjusted) original series
  From  2017.Jan to 2017.Dec
  Observations         12
 -----------------------------------------------------------------------------
               Jan      Feb      Mar      Apr      May      Jun 
               Jul      Aug      Sep      Oct      Nov      Dec        TOTAL  
 -----------------------------------------------------------------------------
  2017          33.      33.      33.      33.      33.      34.
                34.      34.      34.      33.      33.      33.          399.
 
        ces_hours 32780            PAGE   6, SERIES ces_hours_additi

 C 17  Final weights for irregular component
  From  2007.Jan to 2016.Dec
  Observations        120
  Lower sigma limit    1.50
  Upper sigma limit    2.50
 -----------------------------------------------------------------------------
               Jan      Feb      Mar      Apr      May      Jun 
               Jul      Aug      Sep      Oct      Nov      Dec         S.D.  
 -----------------------------------------------------------------------------
  2007         100.     100.     100.     100.       0.     100.
               100.     100.     100.     100.     100.     100.           19.
 
  2008         100.     100.     100.     100.     100.      34.
               100.     100.     100.     100.     100.     100.           19.
 
  2009         100.     100.     100.      41.     100.     100.
               100.     100.      66.     100.     100.     100.           19.
 
  2010         100.     100.     100.     100.     100.     100.
                43.       0.       0.       0.     100.     100.           19.
 
  2011         100.     100.     100.     100.     100.     100.
               100.     100.     100.       0.     100.     100.           18.
 
  2012         100.     100.     100.     100.     100.      97.
               100.     100.     100.     100.      32.     100.           16.
 
  2013         100.      77.     100.     100.     100.     100.
                 0.     100.     100.     100.     100.     100.           18.
 
  2014         100.     100.     100.     100.     100.     100.
               100.       0.     100.     100.     100.     100.           18.
 
  2015         100.       0.     100.       0.      12.     100.
                 0.     100.     100.     100.     100.     100.           16.
 
  2016         100.     100.     100.     100.     100.     100.
               100.     100.     100.     100.     100.     100.           16.
 
        ces_hours 32780            PAGE   7, SERIES ces_hours_additi

 D 8  Final unmodified SI ratios
  From  2007.Jan to 2016.Dec
  Observations        120
 -----------------------------------------------------------------------------
               Jan      Feb      Mar      Apr      May      Jun 
               Jul      Aug      Sep      Oct      Nov      Dec         AVGE  
 -----------------------------------------------------------------------------
  2007          -0.      -1.      -0.      -0.      -1.       0.
                 0.       0.       1.       0.      -0.       0.           -0.
 
  2008          -0.      -1.      -1.      -0.       0.       1.
                 1.      -0.       0.       0.       0.      -0.            0.
 
  2009          -0.      -1.      -1.       0.       0.       0.
                 0.       0.       1.       0.      -0.      -0.            0.
 
  2010          -0.      -0.      -0.      -0.      -0.       0.
                 1.       1.      -0.      -1.      -0.      -0.           -0.
 
  2011          -0.      -1.      -0.       0.       0.       0.
                 0.       0.       0.      -1.       0.      -0.           -0.
 
  2012          -0.      -0.      -0.       0.      -0.       1.
                 0.       1.       0.      -0.      -0.       0.           -0.
 
  2013          -0.       0.      -0.      -0.      -0.       0.
                -1.       0.       0.       0.       0.      -0.           -0.
 
  2014          -0.      -0.      -0.      -0.      -0.       0.
                 0.      -0.       0.      -0.       0.      -0.           -0.
 
  2015          -0.       0.      -0.      -1.      -1.      -0.
                 1.       1.       0.      -0.      -0.       0.            0.
 
  2016          -1.      -0.      -0.       0.       0.       0.
                 0.       1.       1.       0.      -0.      -0.           -0.
 
  AVGE          -0.      -0.      -0.      -0.      -0.       0.
                 0.       0.       0.      -0.      -0.      -0.

  Table Total-          -3.   Mean-        -0.   Std. Dev.-         0.
                              Min -        -1.        Max -         1.
        ces_hours 32780            PAGE   8, SERIES ces_hours_additi

 D 8.B  Final unmodified SI ratios, with labels for outliers and extreme values
  From  2007.Jan to 2016.Dec
  Observations        120
 ---------------------------------------------------------------------
               Jan       Feb       Mar       Apr       May       Jun  
               Jul       Aug       Sep       Oct       Nov       Dec  
 ---------------------------------------------------------------------
  2007         -0.       -1.       -0.       -0.       -1.*       0.  
                0.        0.        1.        0.       -0.        0.  
 
  2008         -0.       -1.       -1.       -0.        0.        1.* 
                1.       -0.        0.        0.        0.       -0.  
 
  2009         -0.       -1.       -1.        0.*       0.        0.  
                0.        0.        1.*       0.       -0.       -0.  
 
  2010         -0.       -0.       -0.       -0.       -0.        0.  
                1.*       1.*      -0.*      -1.*      -0.       -0.  
 
  2011         -0.       -1.       -0.        0.        0.        0.  
                0.        0.        0.       -1.*       0.       -0.  
 
  2012         -0.       -0.       -0.        0.       -0.        1.* 
                0.        1.        0.       -0.       -0.*       0.  
 
  2013         -0.        0.*      -0.       -0.       -0.        0.  
               -1.*       0.        0.        0.        0.       -0.  
 
  2014         -0.       -0.       -0.       -0.       -0.        0.  
                0.       -0.*       0.       -0.        0.       -0.  
 
  2015         -0.        0.*      -0.       -1.*      -1.*      -0.* 
                1.*       1.        0.       -0.       -0.        0.  
 
  2016         -1.       -0.       -0.        0.        0.        0.  
                0.        1.        1.        0.       -0.       -0.  
 

  Key to symbols:
    *  : extreme value as determined by X-11 extreme value procedure
 
        ces_hours 32780            PAGE   9, SERIES ces_hours_additi

 D 9  Final replacement values for SI ratios
  From  2007.Jan to 2016.Dec
  Observations        120
 ---------------------------------------------------------------
               Jan      Feb      Mar      Apr      May      Jun 
               Jul      Aug      Sep      Oct      Nov      Dec 
 ---------------------------------------------------------------
  2007     ******** ******** ******** ********       0. ********
           ******** ******** ******** ******** ******** ********
 
  2008     ******** ******** ******** ******** ********       1.
           ******** ******** ******** ******** ******** ********
 
  2009     ******** ******** ********       0. ******** ********
           ******** ********       1. ******** ******** ********
 
  2010     ******** ******** ******** ******** ******** ********
                 1.       0.       0.      -0. ******** ********
 
  2011     ******** ******** ******** ******** ******** ********
           ******** ******** ********      -0. ******** ********
 
  2012     ******** ******** ******** ******** ********       1.
           ******** ******** ******** ********      -0. ********
 
  2013     ********       0. ******** ******** ******** ********
                 0. ******** ******** ******** ******** ********
 
  2014     ******** ******** ******** ******** ******** ********
           ********       0. ******** ******** ******** ********
 
  2015     ********      -0. ********      -0.      -0.      -0.
                 0. ******** ******** ******** ******** ********
 
  2016     ******** ******** ******** ******** ******** ********
           ******** ******** ******** ******** ******** ********
 

 D 9.A  Moving seasonality ratio
 ---------------------------------------------------------------
               Jan      Feb      Mar      Apr      May      Jun 
 ---------------------------------------------------------------
   I          0.097    0.153    0.214    0.164    0.150    0.318
   S          0.019    0.058    0.030    0.030    0.036    0.041
 RATIO        5.057    2.658    7.240    5.489    4.193    7.799



 ---------------------------------------------------------------
               Jul      Aug      Sep      Oct      Nov      Dec 
 ---------------------------------------------------------------
   I          0.201    0.131    0.171    0.123    0.222    0.180
   S          0.029    0.064    0.051    0.028    0.025    0.026
 RATIO        6.904    2.064    3.329    4.466    8.755    6.961



        ces_hours 32780            PAGE  10, SERIES ces_hours_additi

 D 10  Final seasonal factors
  From  2007.Jan to 2016.Dec
  Observations        120
  Seasonal filter    3 x 5 moving average
 -----------------------------------------------------------------------------
               Jan      Feb      Mar      Apr      May      Jun 
               Jul      Aug      Sep      Oct      Nov      Dec         AVGE  
 -----------------------------------------------------------------------------
  2007          -0.      -1.      -0.      -0.       0.       0.
                 0.       0.       1.       0.      -0.      -0.           -0.
 
  2008          -0.      -1.      -0.      -0.       0.       0.
                 0.       0.       1.       0.      -0.      -0.           -0.
 
  2009          -0.      -0.      -0.      -0.       0.       0.
                 0.       0.       0.       0.      -0.      -0.           -0.
 
  2010          -0.      -0.      -0.      -0.       0.       0.
                 0.       0.       0.      -0.      -0.      -0.           -0.
 
  2011          -0.      -0.      -0.      -0.      -0.       0.
                 0.       0.       0.      -0.      -0.      -0.           -0.
 
  2012          -0.      -0.      -0.      -0.      -0.       0.
                 0.       0.       0.      -0.      -0.      -0.            0.
 
  2013          -0.      -0.      -0.      -0.      -0.       0.
                 0.       0.       0.      -0.      -0.      -0.            0.
 
  2014          -0.      -0.      -0.      -0.      -0.       0.
                 0.       0.       0.      -0.      -0.      -0.            0.
 
  2015          -0.      -0.      -0.      -0.      -0.       0.
                 0.       1.       0.      -0.      -0.      -0.            0.
 
  2016          -0.      -0.      -0.      -0.      -0.       0.
                 0.       1.       0.      -0.      -0.      -0.            0.
 
  AVGE          -0.      -0.      -0.      -0.      -0.       0.
                 0.       0.       0.      -0.      -0.      -0.

  Table Total-          -0.   Mean-        -0.   Std. Dev.-         0.
                              Min -        -1.        Max -         1.

 D 10.A  Final seasonal component forecasts
  From  2017.Jan to 2017.Dec
  Observations         12
 -----------------------------------------------------------------------------
               Jan      Feb      Mar      Apr      May      Jun 
               Jul      Aug      Sep      Oct      Nov      Dec         AVGE  
 -----------------------------------------------------------------------------
  2017          -0.      -0.      -0.      -0.      -0.       0.
                 0.       1.       0.      -0.      -0.      -0.           -0.
 
        ces_hours 32780            PAGE  11, SERIES ces_hours_additi
  
 D 11  Final seasonally adjusted data
       (also adjusted for trading day)
  From  2007.Jan to 2016.Dec
  Observations        120
 -----------------------------------------------------------------------------
               Jan      Feb      Mar      Apr      May      Jun 
               Jul      Aug      Sep      Oct      Nov      Dec        TOTAL  
 -----------------------------------------------------------------------------
  2007          31.      31.      32.      31.      31.      32.
                32.      32.      32.      32.      32.      32.          381.
 
  2008          32.      32.      32.      32.      33.      33.
                33.      33.      33.      33.      33.      32.          391.
 
  2009          32.      32.      32.      32.      32.      32.
                32.      32.      32.      32.      32.      32.          385.
 
  2010          32.      32.      32.      33.      33.      33.
                33.      33.      32.      32.      33.      33.          392.
 
  2011          33.      33.      33.      33.      33.      33.
                33.      33.      32.      32.      33.      33.          391.
 
  2012          33.      33.      33.      34.      33.      34.
                33.      34.      33.      33.      33.      33.          399.
 
  2013          33.      34.      33.      33.      33.      33.
                32.      34.      34.      35.      35.      35.          404.
 
  2014          35.      35.      35.      35.      35.      35.
                35.      34.      34.      34.      34.      34.          415.
 
  2015          34.      35.      34.      33.      33.      33.
                34.      34.      33.      33.      33.      34.          405.
 
  2016          33.      33.      33.      34.      34.      34.
                34.      34.      34.      34.      33.      33.          402.
 
  AVGE          33.      33.      33.      33.      33.      33.
                33.      33.      33.      33.      33.      33.

  Table Total-        3965.   Mean-        33.   Std. Dev.-         1.
                              Min -        31.        Max -        35.
        ces_hours 32780            PAGE  12, SERIES ces_hours_additi

 D 12  Final trend cycle
  From  2007.Jan to 2016.Dec
  Observations        120
  Trend filter    13-term Henderson moving average
  I/C ratio        1.88
 -----------------------------------------------------------------------------
               Jan      Feb      Mar      Apr      May      Jun 
               Jul      Aug      Sep      Oct      Nov      Dec        TOTAL  
 -----------------------------------------------------------------------------
  2007          31.      31.      31.      31.      32.      32.
                32.      32.      32.      32.      32.      32.          382.
 
  2008          32.      32.      32.      33.      33.      33.
                33.      33.      33.      33.      33.      32.          391.
 
  2009          32.      32.      32.      32.      32.      32.
                32.      32.      32.      32.      32.      32.          384.
 
  2010          32.      32.      32.      33.      33.      33.
                33.      33.      33.      33.      33.      33.          392.
 
  2011          33.      33.      33.      33.      33.      33.
                33.      32.      32.      32.      33.      33.          392.
 
  2012          33.      33.      33.      33.      33.      33.
                33.      33.      33.      33.      33.      33.          399.
 
  2013          33.      33.      33.      33.      33.      33.
                34.      34.      34.      34.      35.      35.          405.
 
  2014          35.      35.      35.      35.      35.      35.
                35.      35.      35.      34.      34.      34.          416.
 
  2015          34.      34.      34.      34.      34.      34.
                33.      33.      33.      33.      33.      33.          404.
 
  2016          33.      33.      33.      34.      34.      34.
                34.      34.      34.      34.      33.      33.          402.
 
  AVGE          33.      33.      33.      33.      33.      33.
                33.      33.      33.      33.      33.      33.

  Table Total-        3968.   Mean-        33.   Std. Dev.-         1.
                              Min -        31.        Max -        35.
        ces_hours 32780            PAGE  13, SERIES ces_hours_additi

 D 13  Final irregular component
  From  2007.Jan to 2016.Dec
  Observations        120
 -----------------------------------------------------------------------------
               Jan      Feb      Mar      Apr      May      Jun 
               Jul      Aug      Sep      Oct      Nov      Dec         S.D.  
 -----------------------------------------------------------------------------
  2007           0.      -0.       0.      -0.      -1.       0.
                -0.      -0.       0.       0.      -0.       0.            0.
 
  2008          -0.       0.      -0.      -0.       0.       0.
                 0.      -0.      -0.      -0.       0.      -0.            0.
 
  2009          -0.      -0.      -0.       0.       0.      -0.
                -0.      -0.       0.       0.       0.      -0.            0.
 
  2010           0.      -0.       0.      -0.      -0.       0.
                 0.       1.      -1.      -1.      -0.       0.            0.
 
  2011           0.      -0.       0.       0.       0.      -0.
                -0.       0.      -0.      -1.       0.      -0.            0.
 
  2012          -0.       0.      -0.       0.      -0.       0.
                -0.       0.      -0.      -0.      -0.       0.            0.
 
  2013          -0.       0.       0.      -0.      -0.      -0.
                -1.      -0.       0.       0.       0.      -0.            0.
 
  2014           0.      -0.      -0.      -0.      -0.       0.
                 0.      -1.      -0.      -0.       0.      -0.            0.
 
  2015           0.       1.       0.      -0.      -0.      -0.
                 1.       0.       0.      -0.      -0.       0.            0.
 
  2016          -0.      -0.      -0.       0.       0.      -0.
                -0.       0.       0.       0.      -0.      -0.            0.
 
  S.D.           0.       0.       0.       0.       0.       0.
                 0.       0.       0.       0.       0.       0.

  Table Total-          -3.   Mean-        -0.   Std. Dev.-         0.
                              Min -        -1.        Max -         1.
        ces_hours 32780            PAGE  14, SERIES ces_hours_additi
  
 D 16  Combined adjustment factors
       (includes seasonal, trading day factors)
  From  2007.Jan to 2016.Dec
  Observations        120
 -----------------------------------------------------------------------------
               Jan      Feb      Mar      Apr      May      Jun 
               Jul      Aug      Sep      Oct      Nov      Dec         AVGE  
 -----------------------------------------------------------------------------
  2007          -0.      -1.      -1.       0.      -0.       0.
                 1.      -0.       1.       0.      -0.       0.            0.
 
  2008          -1.      -1.       0.      -0.      -0.       1.
                 0.       0.       1.      -0.       0.      -0.           -0.
 
  2009          -1.      -0.      -0.      -0.       0.       0.
                 0.       1.       0.      -0.       0.      -0.            0.
 
  2010          -0.      -0.      -0.      -0.       1.       0.
                 0.       0.       0.      -0.      -0.      -0.           -0.
 
  2011           0.      -0.      -1.      -0.       0.       0.
                 0.       0.       0.       0.      -0.      -0.            0.
 
  2012          -0.      -0.      -1.       0.      -0.       0.
                 1.       0.       0.      -0.      -0.       0.            0.
 
  2013          -0.      -0.      -0.      -0.      -0.       1.
                 0.       0.       1.      -0.      -0.       0.           -0.
 
  2014          -1.      -0.       0.      -0.      -0.       1.
                 0.       1.       0.      -0.       0.      -0.            0.
 
  2015          -1.      -0.      -0.      -0.      -0.       0.
                -0.       1.       0.      -0.       0.      -0.            0.
 
  2016          -0.      -0.      -1.      -0.       0.       0.
                 0.       0.       0.       0.      -0.      -0.           -0.
 
  AVGE          -0.      -0.      -0.      -0.      -0.       0.
                 0.       0.       0.      -0.      -0.      -0.

  Table Total-          -1.   Mean-        -0.   Std. Dev.-         0.
                              Min -        -1.        Max -         1.

 D 16.A  Combined adjustment component forecasts
  From  2017.Jan to 2017.Dec
  Observations         12
 -----------------------------------------------------------------------------
               Jan      Feb      Mar      Apr      May      Jun 
               Jul      Aug      Sep      Oct      Nov      Dec         AVGE  
 -----------------------------------------------------------------------------
  2017          -0.      -0.      -1.       0.      -0.      -0.
                 1.       0.       0.       0.      -0.      -0.            0.
 
        ces_hours 32780            PAGE  15, SERIES ces_hours_additi
  
 D 18  Combined calendar adjustment factors
       (includes trading day factors)
  From  2007.Jan to 2016.Dec
  Observations        120
 -----------------------------------------------------------------------------
               Jan      Feb      Mar      Apr      May      Jun 
               Jul      Aug      Sep      Oct      Nov      Dec         AVGE  
 -----------------------------------------------------------------------------
  2007          -0.       0.      -0.       0.      -0.      -0.
                 0.      -0.       0.      -0.      -0.       0.            0.
 
  2008          -0.      -0.       0.      -0.      -0.       0.
                -0.       0.       0.      -0.       0.      -0.           -0.
 
  2009          -0.       0.       0.      -0.       0.       0.
                -0.       0.      -0.      -0.       0.      -0.            0.
 
  2010           0.       0.      -0.      -0.       0.      -0.
                -0.       0.      -0.       0.       0.      -0.           -0.
 
  2011           0.       0.      -0.      -0.       0.      -0.
                 0.      -0.      -0.       0.      -0.      -0.            0.
 
  2012           0.      -0.      -0.       0.      -0.      -0.
                 0.      -0.       0.      -0.      -0.       0.            0.
 
  2013          -0.       0.       0.       0.      -0.       0.
                -0.      -0.       0.      -0.      -0.       0.           -0.
 
  2014          -0.       0.       0.      -0.      -0.       0.
                -0.       0.       0.      -0.       0.      -0.           -0.
 
  2015          -0.       0.       0.      -0.       0.       0.
                -0.       0.      -0.      -0.       0.      -0.            0.
 
  2016           0.       0.      -0.      -0.       0.      -0.
                 0.      -0.      -0.       0.      -0.      -0.           -0.
 
  AVGE          -0.      -0.       0.      -0.      -0.       0.
                -0.       0.       0.      -0.       0.       0.

  Table Total-          -0.   Mean-        -0.   Std. Dev.-         0.
                              Min -        -0.        Max -         0.

 D 18.A  Combined calendar adjustment component forecasts
  From  2017.Jan to 2017.Dec
  Observations         12
 -----------------------------------------------------------------------------
               Jan      Feb      Mar      Apr      May      Jun 
               Jul      Aug      Sep      Oct      Nov      Dec         AVGE  
 -----------------------------------------------------------------------------
  2017           0.       0.      -0.       0.      -0.      -0.
                 0.      -0.      -0.       0.      -0.       0.            0.
 
        ces_hours 32780            PAGE  16, SERIES ces_hours_additi

 E 4  Differences of annual totals
  From          2007 to 2016
  Observations         10
 -----------------------------------
  Year       Unmodified     Modified
                  (D11)         (E2)
 -----------------------------------
  2007               0.           0.
 
  2008              -0.          -0.
 
  2009               0.           0.
 
  2010              -0.          -0.
 
  2011               0.           0.
 
  2012               0.           0.
 
  2013              -0.          -0.
 
  2014               0.           0.
 
  2015               0.           0.
 
  2016              -0.          -0.
 
        ces_hours 32780            PAGE  17, SERIES ces_hours_additi

 E 5  Month-to-month differences in the original series
  From  2007.Feb to 2016.Dec
  Observations        119
 -----------------------------------------------------------------------------
               Jan      Feb      Mar      Apr      May      Jun 
               Jul      Aug      Sep      Oct      Nov      Dec         AVGE  
 -----------------------------------------------------------------------------
  2007                   -0.       0.       1.      -1.       1.
                 1.      -1.       1.      -1.      -1.       1.            0.
 
  2008          -1.      -0.       1.      -0.       1.       2.
                -1.      -1.       1.      -1.       1.      -1.           -0.
 
  2009          -0.       0.       0.       0.      -0.      -0.
                -0.       1.       0.      -0.       1.      -1.           -0.
 
  2010           0.       0.       0.       0.       1.      -0.
                 1.       1.      -1.      -0.       0.      -0.            0.
 
  2011           1.      -1.       0.       0.       1.      -0.
                 0.      -0.      -0.      -0.       0.      -0.           -0.
 
  2012           1.      -0.      -0.       1.      -1.       1.
                 0.      -0.       0.      -1.      -0.       1.            0.
 
  2013          -1.       1.      -0.       0.      -0.       1.
                -1.       1.       1.      -1.       0.       0.            0.
 
  2014          -1.       1.       0.      -0.       0.       1.
                -1.      -0.       0.      -1.       1.      -1.           -0.
 
  2015          -0.       1.      -0.      -1.      -0.       0.
                 1.       1.      -1.      -0.       1.      -0.           -0.
 
  2016          -0.       0.      -0.       0.       1.      -0.
                 0.       0.      -0.       0.      -1.       0.           -0.
 
  AVGE          -0.       0.       0.       0.       0.       1.
                -0.       0.      -0.      -0.       0.      -0.

  Table Total-           2.   Mean-         0.   Std. Dev.-         1.
                              Min -        -1.        Max -         2.
        ces_hours 32780            PAGE  18, SERIES ces_hours_additi

 E 6  Month-to-month differences in seasonally adjusted series (D11)
  From  2007.Feb to 2016.Dec
  Observations        119
 -----------------------------------------------------------------------------
               Jan      Feb      Mar      Apr      May      Jun 
               Jul      Aug      Sep      Oct      Nov      Dec         AVGE  
 -----------------------------------------------------------------------------
  2007                   -0.       0.      -0.      -0.       1.
                 0.       0.       0.       0.      -0.       0.            0.
 
  2008          -0.       0.      -0.       0.       0.       1.
                -0.      -0.       0.      -0.       0.      -0.           -0.
 
  2009          -0.      -0.      -0.       0.      -0.      -0.
                 0.       0.       0.      -0.       0.       0.           -0.
 
  2010           0.       0.       0.       0.       0.       0.
                 0.       0.      -1.       0.       0.       0.            0.
 
  2011          -0.      -0.       0.      -0.       0.      -0.
                -0.      -0.      -0.      -1.       1.      -0.           -0.
 
  2012           0.       0.      -0.       0.      -0.       0.
                -0.       0.      -0.      -0.      -0.       1.            0.
 
  2013          -0.       0.      -0.      -0.       0.      -0.
                -1.       1.       1.       0.       0.      -0.            0.
 
  2014           0.      -0.      -0.       0.       0.       0.
                -0.      -1.       0.       0.      -0.      -0.           -0.
 
  2015           0.       0.      -1.      -1.      -0.       0.
                 1.      -1.      -0.      -0.       0.       0.           -0.
 
  2016          -0.       0.       0.       0.       0.      -0.
                 0.       0.      -0.      -0.      -0.      -0.           -0.
 
  AVGE          -0.       0.      -0.      -0.      -0.       0.
                -0.       0.      -0.      -0.       0.       0.

  Table Total-           2.   Mean-         0.   Std. Dev.-         0.
                              Min -        -1.        Max -         1.
        ces_hours 32780            PAGE  19, SERIES ces_hours_additi

 E 7  Month-to-month differences in final trend cycle (D12)
  From  2007.Feb to 2016.Dec
  Observations        119
 -----------------------------------------------------------------------------
               Jan      Feb      Mar      Apr      May      Jun 
               Jul      Aug      Sep      Oct      Nov      Dec         AVGE  
 -----------------------------------------------------------------------------
  2007                    0.       0.       0.       0.       0.
                 0.       0.       0.       0.       0.       0.            0.
 
  2008          -0.       0.       0.       0.       0.       0.
                 0.      -0.      -0.      -0.      -0.      -0.            0.
 
  2009          -0.      -0.      -0.      -0.      -0.      -0.
                -0.       0.       0.       0.       0.       0.           -0.
 
  2010           0.       0.       0.       0.       0.       0.
                 0.       0.       0.      -0.      -0.      -0.            0.
 
  2011          -0.       0.      -0.      -0.      -0.      -0.
                -0.      -0.      -0.       0.       0.       0.           -0.
 
  2012           0.       0.       0.       0.       0.       0.
                -0.      -0.      -0.      -0.      -0.       0.            0.
 
  2013           0.       0.      -0.      -0.       0.       0.
                 0.       0.       0.       0.       0.       0.            0.
 
  2014           0.      -0.       0.       0.       0.       0.
                -0.      -0.      -0.      -0.      -0.      -0.           -0.
 
  2015          -0.      -0.      -0.      -0.      -0.      -0.
                -0.      -0.      -0.      -0.      -0.      -0.           -0.
 
  2016           0.       0.       0.       0.       0.       0.
                 0.      -0.      -0.      -0.      -0.      -0.            0.
 
  AVGE           0.       0.       0.       0.       0.       0.
                 0.       0.       0.       0.       0.       0.

  Table Total-           2.   Mean-         0.   Std. Dev.-         0.
                              Min -        -0.        Max -         0.
        ces_hours 32780            PAGE  20, SERIES ces_hours_additi

 E 8  Month-to-month differences in original series adjusted for calendar factors (A18)
  From  2007.Feb to 2016.Dec
  Observations        119
 -----------------------------------------------------------------------------
               Jan      Feb      Mar      Apr      May      Jun 
               Jul      Aug      Sep      Oct      Nov      Dec         AVGE  
 -----------------------------------------------------------------------------
  2007                   -0.       0.      -0.      -0.       1.
                 0.      -0.       1.      -0.      -0.       0.            0.
 
  2008          -0.      -0.      -0.       0.       1.       1.
                -0.      -1.       0.      -1.      -0.      -0.           -0.
 
  2009          -0.      -0.      -0.       1.      -0.      -0.
                 0.      -0.       1.      -1.      -0.       0.           -0.
 
  2010          -0.      -0.       0.       0.       0.       1.
                 0.       0.      -1.      -0.       0.       0.            0.
 
  2011          -0.      -0.       0.       0.       0.       0.
                -0.      -0.      -0.      -1.       1.      -0.           -0.
 
  2012           0.       0.      -0.       1.      -0.       1.
                -0.       0.      -1.      -0.      -0.       0.            0.
 
  2013          -0.       1.      -0.      -0.       0.       0.
                -1.       1.       0.       0.       0.      -0.            0.
 
  2014          -0.       0.      -0.       0.       0.       1.
                -0.      -1.       0.      -0.      -0.      -0.           -0.
 
  2015          -0.       1.      -1.      -1.      -0.       0.
                 1.      -0.      -0.      -0.      -0.       0.           -0.
 
  2016          -1.       0.       0.       0.       0.       0.
                 0.       0.      -0.      -1.      -0.      -0.           -0.
 
  AVGE          -0.       0.      -0.       0.       0.       0.
                 0.      -0.      -0.      -0.       0.       0.

  Table Total-           2.   Mean-         0.   Std. Dev.-         0.
                              Min -        -1.        Max -         1.
        ces_hours 32780            PAGE  21, SERIES ces_hours_additi

 E 18  Final adjustment ratios
  From  2007.Jan to 2016.Dec
  Observations        120
 -----------------------------------------------------------------------------
               Jan      Feb      Mar      Apr      May      Jun 
               Jul      Aug      Sep      Oct      Nov      Dec         AVGE  
 -----------------------------------------------------------------------------
  2007       98.595   98.385   97.914  100.708   99.664  100.555
            102.431   99.241  102.646  100.091   99.011  101.300       100.045
 
  2008       98.299   96.954  100.096   98.577   99.716  102.604
            100.883  100.324  101.592   99.246  100.617   99.524        99.869
 
  2009       98.391   98.605   99.478   99.470  100.273  101.401
            100.446  101.969  100.464   99.456  101.063   99.103       100.010
 
  2010       99.062   98.890   98.516   99.075  101.630  100.384
            100.637  101.429  100.895   99.922   99.789   98.733        99.914
 
  2011      100.572   99.243   98.255   99.104  100.780  101.044
            101.117  100.603  100.004  101.291   98.973   99.156       100.012
 
  2012       99.997   98.660   98.466  101.164   99.137  100.193
            101.771  100.085  101.461   99.547   99.163  101.225       100.072
 
  2013       98.530   99.711   99.100   99.801   98.594  101.748
            100.678  100.744  101.856   99.240   99.140  100.585        99.977
 
  2014       98.160   99.775  100.535   98.932   98.990  101.888
            100.255  101.493  100.793   98.960  100.726   99.535       100.004
 
  2015       98.425   99.701   99.889   99.529   99.541  100.645
             99.947  103.071  100.163   99.381  101.078   99.099       100.039
 
  2016       98.899   99.527   98.464   98.866  100.397  100.439
            100.991  101.462  100.384  101.396   98.892   99.076        99.899
 
  AVGE       98.893   98.945   99.071   99.523   99.872  101.090
            100.916  101.042  101.026   99.853   99.845   99.734

  Table Total-       11998.   Mean-       100.   Std. Dev.-         1.
                              Min -        97.        Max -       103.

 E 18.A  Final adjustment ratio forecasts
  From  2017.Jan to 2017.Dec
  Observations         12
 -----------------------------------------------------------------------------
               Jan      Feb      Mar      Apr      May      Jun 
               Jul      Aug      Sep      Oct      Nov      Dec         AVGE  
 -----------------------------------------------------------------------------
  2017       99.677   99.481   98.068  100.538   99.374   99.843
            102.433  101.206  100.379  100.768   99.499   99.659       100.077
 
        ces_hours 32780            PAGE  22, SERIES ces_hours_additi

 F 4.  Additive Day of the Week Trading Day Component Factors


      Day of Week Component for regARIMA Trading Day Factors:

                                       months starting on:
                     Mon      Tue      Wed      Thu      Fri      Sat      Sun
 31-day months        -0.      -0.      -0.      -0.       0.       0.       0.
 30-day months         0.      -0.      -0.      -0.      -0.       0.       0.
 Leap year Feb.        0. ********      -0. ********      -0. ******** ********

  QS statistic for seasonality:
  Original Series                                     6.53  (P-Value =     0.0383)
  Original Series (EV adj)                            8.76  (P-Value =     0.0126)
  Residuals                                           0.00  (P-Value =     1.0000)
  Seasonally Adjusted Series                          0.00  (P-Value =     1.0000)
  Seasonally Adjusted Series (EV adj)                 0.00  (P-Value =     1.0000)
  Irregular Series                                    0.00  (P-Value =     1.0000)
  Irregular Series (EV adj)                           0.00  (P-Value =     1.0000)

  QS statistic for seasonality (starting 2009.Jan):
  Original Series                                     7.11  (P-Value =     0.0286)
  Original Series (EV adj)                            3.95  (P-Value =     0.1387)
  Residuals                                           0.00  (P-Value =     1.0000)
  Seasonally Adjusted Series                          0.00  (P-Value =     1.0000)
  Seasonally Adjusted Series (EV adj)                 0.00  (P-Value =     1.0000)
  Irregular Series                                    0.00  (P-Value =     1.0000)
  Irregular Series (EV adj)                           0.00  (P-Value =     1.0000)
        ces_hours 32780            PAGE  23, SERIES ces_hours_additi
 G 0  10*LOG(SPECTRUM) of the differenced Prior Adjusted Series
      (Table B1).  Spectrum estimated from 2009.Jan to 2016.Dec.
 ++++++++++I+++++++++++++++++++++++++++++++++++++++++++++++++++++++++++++I
      -2.05I                                              *              I     -2.05
           I                                              *              I
           I                                              *   S          I
           I                                              *   S          I
      -3.04I                                              *   S          I     -3.04
           I                                              *   S          I
           I                                              *   S        *SI
           I                                              *   S        *SI
      -4.03I                            *                 *   S        *SI     -4.03
           I                           **                 *   S        *SI
           I                           **                 *   S        *SI
           I                           **                 *   S       **SI
      -5.03I                           **                 *  *S       **SI     -5.03
           I           *               **           S     *  *S       **SI
           I           *       *      ***           S     *  *S       **SI
           I          S*       *      ***           S     ** *S       **SI
      -6.02I          S*       *      ***           S     ** *S      ***SI     -6.02
           I          S*       *      ***           S     ** *S      ***SI
           I          S*       *     ****           S     ** *S      ***SI
           I          S*       *     ****           S     ** *S*    ****SI
      -7.01I          S*    * **S    ****           S     ** *S*    ****SI     -7.01
           I          S*    ****S    *****  *       S*    ** *S*   *****SI
           I          S*    ****S    *****  *       S*    ****S*   *****SI
           I          S*    ****S    *****  *      *S*    ****S*   *****SI
      -8.00I          S*    ****S    *****  *      *S*    ****S*   *****SI     -8.00
           I          S*    ****S    ***** **      *S*    ****S*   *****SI
           I          S*   *****S   ****** **      *S*   *****S*   *****SI
           I          S*   *****S   ****** **      *S*   *****S*  ******SI
      -8.99I          S**  *****S   ******S**      *S*   *****S*  ******SI     -8.99
           I          S**  *****S   ******S**      *S*   *****S*  ******SI
           I          S**  *****S   ******S**      *S*   *****S*  ******SI
           I         *S**  *****S   ******S***     *S*   *****S*  ******SI
      -9.98I         *S**  *****S*  ******S***    **S*   *****S*T ******SI     -9.98
           I     *   *S** ******S*  ******S***    **S*   *****S*T ******SI
           I     *   *S** ******S*  ******S***    **S*   *****S*T*******SI
           I     *   *S*********S* *******S***    **S*   *****S*T*******SI
     -10.97I     **  *S*********S* *******S***    **S*   *****S*T*******SI    -10.97
           I     **  *S*********S* *******S***    **S*   *****S*T*******SI
           I     **  *S*********S*********S***    **S*T  *****S*T*******SI
           I     **  *S*********S*********S***   ***S*T  *****S*T*******SI
     -11.96I     ** **S*********S*********S***   ***S*T  *****S*T*******SI    -11.96
           I    ******S*********S*********S***   ***S*T  *****S*T*******SI
           I    ******S*********S*********S***   ***S*T  *****S*T*******SI
           I    ******S*********S*********S****  ***S*T ******S*T*******SI
     -12.95I    ******S*********S*********S****  ***S*T ******S*T*******SI    -12.95
           I    ******S*********S*********S**** ****S*T ******S*T*******SI
           I    ******S*********S*********S**** ****S*T*******S*T*******SI
           I    ******S*********S*********S*********S*T*******S*T*******SI
     -13.94I    ******S*********S*********S*********S*T*******S*T*******SI    -13.94
           I   *******S*********S*********S*********S*T*******S*T*******SI
           I   *******S*********S*********S*********S*T*******S*T*******SI
           I*  *******S*********S*********S*********S*T*******S*T*******SI
     -14.93I**********S*********S*********S*********S*T*******S*T*******SI    -14.93
 ++++++++++I+++++++++++++++++++++++++++++++++++++++++++++++++++++++++++++I
            S=SEASONAL FREQUENCIES, T=TRADING DAY FREQUENCIES
        ces_hours 32780            PAGE  24, SERIES ces_hours_additi
 G 1  10*LOG(SPECTRUM) of the differenced seasonally adjusted 
      data (Table E2).  Spectrum estimated from 2009.Jan to 2016.Dec.
 ++++++++++I+++++++++++++++++++++++++++++++++++++++++++++++++++++++++++++I
      -5.71I                                               *             I     -5.71
           I                                               *             I
           I                                               *         *   I
           I                                               *         *   I
      -6.85I                                               *         *   I     -6.85
           I                                               *         *   I
           I                                               *         *   I
           I                                               *         *   I
      -7.98I                                               *         *   I     -7.98
           I                                               *      *  *   I
           I                                               *      *  *   I
           I               *                               *      *  **  I
      -9.11I               *                               *      *  **  I     -9.11
           I               *                              **      *  **  I
           I               *                              **      * ***  I
           I               *        *                     **      * ***  I
     -10.25I     *         **       *  **                 **      *****  I    -10.25
           I     **        **       *  **                 **      *****  I
           I     **        **       *  **                 **      *****  I
           I     **        **       ** **                 **      *****  I
     -11.38I     **        **       ** **        *        **      *****  I    -11.38
           I    ***       ***       ** **       **        **      *****  I
           I    ***       ***       *****       **        **      *****  I
           I    ***       ***       *****       **        **      *****  I
     -12.52I    ***       ***       *****       **        **      *****  I    -12.52
           I    ***      ****       *****       **        **      ****** I
           I   ****      ****       *****       **        **      ****** I
           I   ****      ****       *****       **       ***     ******* I
     -13.65I   *****     ****       *****       **       ***     ******* I    -13.65
           I   *****    ******     *******      **       ***     *******SI
           I  ******    ******     *******      **       ***     *******SI
           I  ******    ******     *******      **      *****    *******SI
     -14.78I  ******    ******     *******      **     ******    *******SI    -14.78
           I  ******    ******     *******      **     ******    *******SI
           I *******    ******     *******      **     ******    *******SI
           I********    ******     *******      **    T******    *******SI
     -15.92I********   ********    *******S     **    T******    *******SI    -15.92
           I********   ********    *******S*    ***   T******    *******SI
           I********   ********    *******S**  ****   T******    *******SI
           I*********  *********  ********S**  ****   T******    *******SI
     -17.05I*********  *********  ********S**  ****  *T******    *******SI    -17.05
           I*********  *********S ********S**  ****  *T******    *******SI
           I*********  *********S*********S**  ****  *T******    *******SI
           I********* S*********S*********S*** ****  *T******    *******SI
     -18.19I**********S*********S*********S*********S*T******   T*******SI    -18.19
           I**********S*********S*********S*********S*T******   T*******SI
           I**********S*********S*********S*********S*T******   T*******SI
           I**********S*********S*********S*********S*T*******  T*******SI
     -19.32I**********S*********S*********S*********S*T*******  T*******SI    -19.32
           I**********S*********S*********S*********S*T*******  T*******SI
           I**********S*********S*********S*********S*T*******  T*******SI
           I**********S*********S*********S*********S*T*******  T*******SI
     -20.45I**********S*********S*********S*********S*T*******S*T*******SI    -20.45
 ++++++++++I+++++++++++++++++++++++++++++++++++++++++++++++++++++++++++++I
            S=SEASONAL FREQUENCIES, T=TRADING DAY FREQUENCIES
        ces_hours 32780            PAGE  25, SERIES ces_hours_additi
 G 2  10*LOG(SPECTRUM) of the Modified Irregular (Table E3).  
      Spectrum estimated from 2009.Jan to 2016.Dec.
 ++++++++++I+++++++++++++++++++++++++++++++++++++++++++++++++++++++++++++I
     -10.55I                        *                                    I    -10.55
           I                        *                                    I
           I                        *                                    I
           I               *        *  *                                 I
     -11.82I               *        *  *                   *             I    -11.82
           I               **       *  *                   *             I
           I               **       *  *                   *         *   I
           I               **       *  *                   *         *   I
     -13.09I               **       *  **                  *         *   I    -13.09
           I               **       *****                  *         *   I
           I               **       *****                  *         *   I
           I               **      ******                  *      *  *   I
     -14.37I               **      ******                  *      *  *   I    -14.37
           I               **      ******                 **      *  **  I
           I               **      ******                 **      *  **  I
           I               **      ******                 **      *  **  I
     -15.64I               **      ******        *        **      *  **  I    -15.64
           I               **  *   ******        *        **      *****  I
           I               **  *   *******       *        **      *****  I
           I               *** *   *******      **        **      *****  I
     -16.91I               *****   *******      **        **      *****  I    -16.91
           I               *****   *******      **        **      *****  I
           I            * ******S  *******      **        **      *****  I
           I            * ******S  *******      **        **      *****  I
     -18.19I            * ******S ********S     **        **      *****  I    -18.19
           I            * ******S ********S     **        **      *****  I
           I            ********S ********S     **       ***      *****  I
           I            ********S*********S     **       ***      ****** I
     -19.46I            ********S*********S*    **       ***     ******* I    -19.46
           I            ********S*********S*    **     *****     ******* I
           I            ********S*********S*    ***    ******    ******* I
           I            ********S*********S*   ****    ******    ******* I
     -20.73I            ********S*********S*   ****    ******    *******SI    -20.73
           I           *********S*********S**  ****    ******    *******SI
           I           *********S*********S**  ****   T******    *******SI
           I           *********S*********S**  ****   T******    *******SI
     -22.01I           *********S*********S**  ****   T******    *******SI    -22.01
           I           *********S*********S********   T******    *******SI
           I           *********S*********S********   T******    *******SI
           I           *********S*********S********* *T******    *******SI
     -23.28I           *********S*********S********* *T******    *******SI    -23.28
           I**         *********S*********S*********S*T******   T*******SI
           I**         *********S*********S*********S*T******   T*******SI
           I**    *    *********S*********S*********S*T*******  T*******SI
     -24.56I***   *    *********S*********S*********S*T*******  T*******SI    -24.56
           I***   **   *********S*********S*********S*T*******  T*******SI
           I***   **  S*********S*********S*********S*T*******  T*******SI
           I***   **  S*********S*********S*********S*T******* *T*******SI
     -25.83I***   **  S*********S*********S*********S*T*******S*T*******SI    -25.83
           I**** ***  S*********S*********S*********S*T*******S*T*******SI
           I**** ***  S*********S*********S*********S*T*******S*T*******SI
           I**** **** S*********S*********S*********S*T*******S*T*******SI
     -27.10I**********S*********S*********S*********S*T*******S*T*******SI    -27.10
 ++++++++++I+++++++++++++++++++++++++++++++++++++++++++++++++++++++++++++I
            S=SEASONAL FREQUENCIES, T=TRADING DAY FREQUENCIES
        ces_hours 32780            PAGE  26, SERIES ces_hours_additi

  Peak probabilities for Tukey spectrum estimator
  Spectrum estimated from 2009.Jan to 2016.Dec.

                                          S1       S2       S3       S4       S5       S6       TD
                                        ------   ------   ------   ------   ------   ------   ------
  Model Residuals                        0.852    0.078    0.075    0.770    0.288    0.558    0.267  
  Prior Adjusted Series (Table B1)       0.650    0.908*   0.489    0.734    0.919*   0.676    0.075  
  Seasonally adjusted series (E2)        0.238    0.493    0.180    0.195    0.137    0.192    0.420  
  Modified Irregular (E3)                0.448    0.495    0.146    0.171    0.155    0.185    0.398  
  ----------
     ** - Peak Probability > 0.99,
      * - 0.90 < Peak Probability < 0.99


