  Reading input spec file from D:\Programming\Dynamic Paper-dlrhcs_replication\outputs\empirical\unemployment\raw_sa_pilot\x13_work\ces_hours_additive_level_27780_200701_201612.spc

1

               U. S. Department of Commerce, U. S. Census Bureau

              X-13ARIMA-SEATS monthly seasonal adjustment Method,
                          Release Version 1.1 Build 62


           This software application provides an enhanced version of
             Statistics Canada's X-11-ARIMA extension (Dagum, 1980)
                 of the X-11 variant of the Census Method II of
                      Shiskin, Young and Musgrave (1967).

            It also provides an ARIMA model-based method following
       Hillmer and Tiao (1982) and Burman (1980) that is very similar
       to the update of the method of SEATS (Gomez and Maravall, 1996)
                produced at the Bank of Spain by G. Caporello and
               A. Maravall for TSW (Caporello and Maravall, 2004).
          The present application includes additional enhancements.

         X-13ARIMA-SEATS includes an automatic ARIMA model selection procedure
          based largely on the procedure of Gomez and Maravall (1998)
            as implemented in TRAMO (1996) and subsequent revisions.

              Primary Programmers: Brian Monsell, Mark Otto and,
                 for the ARIMA model-based signal extraction,
                      Gianluca Caporello and Victor Gomez


     Series Title- ces_hours 27780
     Series Name- ces_hours_additi
     Jul 29, 2026  08.41.24 

        -Period covered-  1st month,2007 to 12th month,2016
        -Type of run - additive seasonal adjustment

        -Sigma limits for graduating extreme values are  1.5 and  2.5 .
        -3x3 moving average used in section 1 of each iteration, 
         3x5 moving average in section 2 of iterations B and C,
         moving average for final seasonal factors chosen by Global MSR.
        -Holiday adjustment factors applied directly to the final seasonally adjusted series
        -Spectral plots generated for selected series
        -Spectral plots generated for series starting in 2009.Jan

 FILE SAVE REQUESTS (* indicates file exists and will be overwritten)
  D:\Programming\Dynamic Paper-dlrhcs_replication\outputs\empirical\unemployment\raw_sa_pilot\x13_work\ces_hours_additive_level_27780_200701_201612.d10  final seasonal factors
  D:\Programming\Dynamic Paper-dlrhcs_replication\outputs\empirical\unemployment\raw_sa_pilot\x13_work\ces_hours_additive_level_27780_200701_201612.d11  final seasonally adjusted data
  D:\Programming\Dynamic Paper-dlrhcs_replication\outputs\empirical\unemployment\raw_sa_pilot\x13_work\ces_hours_additive_level_27780_200701_201612.out  program output file
  D:\Programming\Dynamic Paper-dlrhcs_replication\outputs\empirical\unemployment\raw_sa_pilot\x13_work\ces_hours_additive_level_27780_200701_201612.err  program error file
        ces_hours 27780            PAGE   1, SERIES ces_hours_additi

     Contents of spc file D:\Programming\Dynamic Paper-dlrhcs_replication\outputs\empirical\unemployment\raw_sa_pilot\x13_work\ces_hours_additive_level_27780_200701_201612.spc

 Line #
 ------
      1: series {
      2:   title = "ces_hours 27780"
      3:   start = 2007.1
      4:   period = 12
      5:   data = (
      6: 36.5
      7: 36.7
      8: 37.8
      9: 37.6
     10: 36.7
     11: 37
     12: 36.7
     13: 36
     14: 37
     15: 36.2
     16: 36.8
     17: 37.1
     18: 35.2
     19: 35.5
     20: 36
     21: 35.4
     22: 35.6
     23: 34.7
     24: 34.8
     25: 34.5
     26: 34.2
     27: 34.7
     28: 34.4
     29: 33.8
     30: 33
     31: 33.2
     32: 33.4
     33: 32
     34: 32.2
     35: 31.6
     36: 31.9
     37: 32.7
     38: 32.2
     39: 32.2
     40: 33.3
     41: 33.1
     42: 33.1
     43: 32.6
     44: 32.3
     45: 32.5
     46: 33.5
     47: 33
     48: 33.6
     49: 33.3
     50: 33
     51: 31.8
     52: 32.2
     53: 32.2
     54: 32
     55: 32.3
     56: 32.2
     57: 31.5
     58: 31.9
     59: 31.9
     60: 32.7
     61: 32.4
     62: 32.4
     63: 33.1
     64: 33.1
     65: 33.3
     66: 33.7
     67: 33.7
     68: 33.9
     69: 34.5
     70: 34.1
     71: 33.8
     72: 33.8
     73: 33
     74: 33.9
     75: 33.3
     76: 32.9
     77: 33.2
     78: 31.9
     79: 33.4
     80: 33.4
     81: 32.7
     82: 32.7
     83: 33.2
     84: 33.6
     85: 33.5
     86: 33.7
     87: 33
     88: 32.2
     89: 32.7
     90: 31.1
     91: 31.1
     92: 31.4
     93: 29.9
     94: 30.8
     95: 31.2
     96: 31.2
     97: 31
     98: 31.4
     99: 31.5
    100: 30.8
    101: 30.5
    102: 30.4
    103: 31.6
    104: 30.9
    105: 31
    106: 31.4
    107: 32.2
    108: 32.6
    109: 32.3
    110: 31.9
    111: 32
    112: 33.1
    113: 33.3
    114: 32.5
    115: 31.7
    116: 32.1
    117: 30.7
    118: 31.1
    119: 30.2
    120: 30.7
    121: 31.3
    122: 31.8
    123: 31.6
    124: 31.4
    125: 31.6
    126:   )
    127: }
    128: transform { function = none }
    129: regression { aictest = (td easter) }
    130: automdl {}
    131: x11 { mode = add save = (d10 d11) }
        ces_hours 27780            PAGE   2, SERIES ces_hours_additi

 A 1  Time series data (for the span analyzed)
  From  2007.Jan to 2016.Dec
  Observations        120
 -----------------------------------------------------------------------------
               Jan      Feb      Mar      Apr      May      Jun 
               Jul      Aug      Sep      Oct      Nov      Dec        TOTAL  
 -----------------------------------------------------------------------------
  2007          37.      37.      38.      38.      37.      37.
                37.      36.      37.      36.      37.      37.          442.
 
  2008          35.      36.      36.      35.      36.      35.
                35.      35.      34.      35.      34.      34.          419.
 
  2009          33.      33.      33.      32.      32.      32.
                32.      33.      32.      32.      33.      33.          391.
 
  2010          33.      33.      32.      33.      34.      33.
                34.      33.      33.      32.      32.      32.          393.
 
  2011          32.      32.      32.      32.      32.      32.
                33.      32.      32.      33.      33.      33.          389.
 
  2012          34.      34.      34.      35.      34.      34.
                34.      33.      34.      33.      33.      33.          404.
 
  2013          32.      33.      33.      33.      33.      33.
                34.      34.      34.      33.      32.      33.          396.
 
  2014          31.      31.      31.      30.      31.      31.
                31.      31.      31.      32.      31.      31.          372.
 
  2015          30.      32.      31.      31.      31.      32.
                33.      32.      32.      32.      33.      33.          383.
 
  2016          33.      32.      32.      31.      31.      30.
                31.      31.      32.      32.      31.      32.          377.
 
  AVGE          33.      33.      33.      33.      33.      33.
                33.      33.      33.      33.      33.      33.

  Table Total-        3965.   Mean-        33.   Std. Dev.-         2.
                              Min -        30.        Max -        38.
        ces_hours 27780            PAGE   3, SERIES ces_hours_additi
                        Automatic ARIMA Model Selection

                    Procedure based closely on TRAMO method 
                         of Gomez and Maravall (2000)
              "Automatic Modeling Methods for Univariate Series",
                            A Course in Time Series
                  (Edited by D. Pena, G. C. Tiao, R. S. Tsay),
                         New York : J. Wiley and Sons


     Maximum order for regular ARMA parameters :   2
     Maximum order for seasonal ARMA parameters :   1
     Maximum order for regular differencing :   2
     Maximum order for seasonal differencing :   1

   Results of Unit Root Test for identifying orders of differencing:
     Regular difference order :   1
     Seasonal difference order :   0

     Mean is not significant.

  Automatic model choice : (0 1 1)
   Model changed to 
   ( 0, 1, 1) ( 0, 1, 1)


  Final Checks for Identified Model


  Checking for Unit Roots.
   No unit roots found.

  Checking for nonseasonal overdifferencing.
   Nonseasonal MA not within  0.001 of 1.0 - model passes test.

  Checking for insignificant ARMA coefficients.

  Final automatic model choice : (0 1 1)(0 1 1)
   End of automatic model selection procedure.

 Average absolute percentage error in within-sample forecasts:
  Last year:   4.41      Last-1 year:   6.49     Last-2 year:   2.72
  Last three years:    4.54

 Estimation converged in   18 ARMA iterations,   78 function evaluations.

 Regression Model
 ------------------------------------------------------------------------------
                             Parameter        Standard
 Variable                     Estimate           Error      t-value
 ------------------------------------------------------------------------------
 Leap Year                     -0.3866         0.27970        -1.38

 1-Coefficient Trading Day
   Weekday                     -0.0434         0.01166        -3.72
 **Sat/Sun (derived)            0.1086         0.02915         3.72
 ------------------------------------------------------------------------------
 **For the one coefficient trading-day effect, the derived
   parameter estimate is obtained indirectly as minus -2.5 times
   the directly estimated parameter that defines the effect.


 Chi-squared Tests for Groups of Regressors
 ------------------------------------------------------------------------------
 Regression Effect                  df      Chi-Square      P-Value
 ------------------------------------------------------------------------------
 Combined Trading Day and Leap Year Regressors
                                     2           16.44         0.00


 F Tests for Trading Day Regressors 
 -----------------------------------------------------------------------
 Regression Effect                     df         F-statistic    P-Value
 -----------------------------------------------------------------------
 1-Coefficient Trading Day           1, 105           13.61         0.00


 ARIMA Model:  (0 1 1)(0 1 1)
   Nonseasonal differences: 1
   Seasonal differences:    1
                                              Standard
 Parameter                    Estimate          Errors
 -----------------------------------------------------
 Nonseasonal MA                                    
   Lag  1                       0.1416         0.08446

 Seasonal MA                                       
   Lag 12                       0.9995         0.07754

 Variance                       0.28686E+00
 SE of Var                      0.39219E-01
 -----------------------------------------------------

 Likelihood Statistics
 ------------------------------------------------------------------
 Number of observations (nobs)                                  120
 Effective number of observations (nefobs)                      107
 Number of parameters estimated (np)                              5
 Log likelihood (L)                                        -98.7661
 AIC                                                       207.5322 
 AICC (F-corrected-AIC)                                    208.1263 
 Hannan Quinn                                              212.9499 
 BIC                                                       220.8964 
 ------------------------------------------------------------------

 QS Statistic for regARIMA Model Residuals (full series):             0.00
                                                       (P-Value =     1.0000)

 QS Statistic for regARIMA Model Residuals (starting 2009.Jan):       0.00
                                                       (P-Value =     1.0000)


  At least one visually significant residual trading day peaks has been
  found in the spectral plot of the following series starting in 2009.Jan:

          regARIMA model residuals (1 Trading Day peak(s))




      10*LOG(SPECTRUM) of the regARIMA model residuals
      Spectrum estimated from 2009.Jan to 2016.Dec.
 ++++++++++I+++++++++++++++++++++++++++++++++++++++++++++++++++++++++++++I
      -0.13I                                              *              I     -0.13
           I                          *                   *              I
           I                          *                   *              I
           I                          *                   *              I
      -1.22I                          *                   *              I     -1.22
           I                          *                   *              I
           I                          *                   *              I
           I                          *               T   *              I
      -2.30I                         **               T   *              I     -2.30
           I                         **               T   *              I
           I                         **               T   *              I
           I                         **               T   *              I
      -3.39I                         **               T   *              I     -3.39
           I        *     *          **         *     T   *              I
           I     * **    **          ***        *     T   *       *      I
           I     * **    **          ***        **    T   *  *    *      I
      -4.47I     ****    **          ***        **    T   *  *    *      I     -4.47
           I    *****    **          ***        **    T   *  *    *      I
           I    *****    **          *****      **    T  **  *    *   *  I
           I    *****    **          *****      **    T  **  *    *   *  I
      -5.56I    *****    **          *****      **    T  **  *    *   *  I     -5.56
           I    *****    **  *      ******      **    T  **  *    **  *  I
           I    ******   **  *      ******      **    T  **  *    **  *  I
           I    ******   **  *      ******      **    T  *** *    **  *  I
      -6.64I    ******   *** *    * ******      **   *T  *****    **  *  I     -6.64
           I    ******   ******   ********S     **   *T  *****    **  *  I
           I    ******   ******   ********S     **   *T  *****    **  *  I
           I    ******   ******   ********S     **   *T  *****    **  ** I
      -7.73I   *******  *******   ********S     **   *T  *****    **  ** I     -7.73
           I   *******  *******  *********S     **   *T  *****    **  ** I
           I   *******  *******  *********S     **   *T  *****    **  ** I
           I   *******  *******  *********S    ***   *T* *****    ** *** I
      -8.81I   *******S *******  *********S    ***   *T* *****    ** *** I     -8.81
           I   *******S ******** *********S*   ***   *T* *****    ** *** I
           I   *******S*********S*********S*   ***   *T* *****    ** ***SI
           I   *******S*********S*********S*   ***   *T*******    ******SI
      -9.90I   *******S*********S*********S** ****   *T*******S   ******SI     -9.90
           I   *******S*********S*********S********  *T*******S   ******SI
           I   *******S*********S*********S********  *T*******S   ******SI
           I   *******S*********S*********S******** S*T*******S   ******SI
     -10.99I  ********S*********S*********S******** S*T*******S   ******SI    -10.99
           I  ********S*********S*********S******** S*T*******S   ******SI
           I  ********S*********S*********S******** S*T*******S   ******SI
           I  ********S*********S*********S******** S*T*******S   ******SI
     -12.07I  ********S*********S*********S******** S*T*******S   ******SI    -12.07
           I  ********S*********S*********S*********S*T*******S  *******SI
           I  ********S*********S*********S*********S*T*******S  *******SI
           I *********S*********S*********S*********S*T*******S  *******SI
     -13.16I *********S*********S*********S*********S*T*******S  *******SI    -13.16
           I**********S*********S*********S*********S*T*******S* *******SI
           I**********S*********S*********S*********S*T*******S* *******SI
           I**********S*********S*********S*********S*T*******S* *******SI
     -14.24I**********S*********S*********S*********S*T*******S*T*******SI    -14.24
 ++++++++++I+++++++++++++++++++++++++++++++++++++++++++++++++++++++++++++I
            S=SEASONAL FREQUENCIES, T=TRADING DAY FREQUENCIES


 FORECASTING
  Origin  2016.Dec
  Number        12

  Forecasts and Standard Errors
   ------------------------------
                         Standard
       Date   Forecast      Error
   ------------------------------
   2017.Jan      30.85      0.536
   2017.Feb      31.21      0.711
   2017.Mar      31.09      0.844
   2017.Apr      30.92      0.961
   2017.May      30.75      1.065
   2017.Jun      30.69      1.160
   2017.Jul      31.26      1.248
   2017.Aug      30.75      1.330
   2017.Sep      31.12      1.406
   2017.Oct      30.87      1.480
   2017.Nov      30.81      1.550
   2017.Dec      31.18      1.617
   ------------------------------

  Confidence intervals with coverage probability ( 0.95000
   ---------------------------------------
       Date      Lower  Forecast     Upper
   ---------------------------------------
   2017.Jan      29.80     30.85     31.90
   2017.Feb      29.81     31.21     32.60
   2017.Mar      29.43     31.09     32.74
   2017.Apr      29.04     30.92     32.81
   2017.May      28.66     30.75     32.84
   2017.Jun      28.41     30.69     32.96
   2017.Jul      28.81     31.26     33.70
   2017.Aug      28.14     30.75     33.35
   2017.Sep      28.37     31.12     33.88
   2017.Oct      27.97     30.87     33.77
   2017.Nov      27.77     30.81     33.85
   2017.Dec      28.01     31.18     34.35
   ---------------------------------------
        ces_hours 27780            PAGE   4, SERIES ces_hours_additi

 A 6  RegARIMA trading day component
  From  2007.Jan to 2016.Dec
  Observations        120
 -----------------------------------------------------------------------------
               Jan      Feb      Mar      Apr      May      Jun 
               Jul      Aug      Sep      Oct      Nov      Dec         AVGE  
 -----------------------------------------------------------------------------
  2007          -0.       0.       0.       0.      -0.       0.
                 0.      -0.       0.      -0.      -0.       0.            0.
 
  2008          -0.      -0.       0.      -0.       0.       0.
                -0.       0.      -0.      -0.       0.      -0.           -0.
 
  2009           0.       0.       0.      -0.       0.      -0.
                -0.       0.      -0.       0.       0.      -0.            0.
 
  2010           0.       0.      -0.      -0.       0.      -0.
                 0.       0.      -0.       0.      -0.      -0.            0.
 
  2011           0.       0.      -0.       0.       0.      -0.
                 0.      -0.      -0.       0.      -0.       0.            0.
 
  2012           0.      -0.       0.       0.      -0.       0.
                 0.      -0.       0.      -0.      -0.       0.           -0.
 
  2013          -0.       0.       0.      -0.      -0.       0.
                -0.       0.       0.      -0.       0.       0.            0.
 
  2014          -0.       0.       0.      -0.       0.       0.
                -0.       0.      -0.      -0.       0.      -0.            0.
 
  2015           0.       0.       0.      -0.       0.      -0.
                -0.       0.      -0.       0.       0.      -0.            0.
 
  2016           0.      -0.      -0.       0.       0.      -0.
                 0.      -0.      -0.       0.      -0.       0.           -0.
 
  AVGE           0.      -0.       0.      -0.       0.       0.
                -0.       0.      -0.      -0.       0.      -0.

  Table Total-          -0.   Mean-        -0.   Std. Dev.-         0.
                              Min -        -0.        Max -         0.

 A 6.A  RegARIMA trading day component forecasts
  From  2017.Jan to 2017.Dec
  Observations         12
 -----------------------------------------------------------------------------
               Jan      Feb      Mar      Apr      May      Jun 
               Jul      Aug      Sep      Oct      Nov      Dec         AVGE  
 -----------------------------------------------------------------------------
  2017           0.       0.      -0.       0.      -0.      -0.
                 0.      -0.       0.       0.      -0.       0.            0.
 
        ces_hours 27780            PAGE   5, SERIES ces_hours_additi
  
 B 1  Original series (prior adjusted)
      (adjusted for regARIMA factors)
  From  2007.Jan to 2016.Dec
  Observations        120
 -----------------------------------------------------------------------------
               Jan      Feb      Mar      Apr      May      Jun 
               Jul      Aug      Sep      Oct      Nov      Dec        TOTAL  
 -----------------------------------------------------------------------------
  2007          37.      37.      38.      38.      37.      37.
                37.      36.      37.      36.      37.      37.          442.
 
  2008          35.      36.      36.      35.      36.      35.
                35.      34.      34.      35.      34.      34.          419.
 
  2009          33.      33.      33.      32.      32.      32.
                32.      33.      32.      32.      33.      33.          391.
 
  2010          33.      33.      32.      33.      33.      33.
                34.      33.      33.      32.      32.      32.          393.
 
  2011          32.      32.      32.      31.      32.      32.
                33.      33.      32.      33.      33.      33.          389.
 
  2012          34.      34.      34.      34.      34.      34.
                34.      33.      34.      33.      33.      33.          404.
 
  2013          32.      33.      33.      33.      33.      33.
                34.      33.      34.      33.      32.      33.          396.
 
  2014          31.      31.      31.      30.      31.      31.
                31.      31.      31.      32.      31.      31.          372.
 
  2015          30.      32.      31.      31.      31.      32.
                33.      32.      32.      32.      33.      33.          383.
 
  2016          32.      32.      32.      31.      31.      30.
                31.      31.      32.      31.      31.      32.          377.
 
  AVGE          33.      33.      33.      33.      33.      33.
                33.      33.      33.      33.      33.      33.

  Table Total-        3965.   Mean-        33.   Std. Dev.-         2.
                              Min -        30.        Max -        38.

 B 1.A  Forecasts of (prior adjusted) original series
  From  2017.Jan to 2017.Dec
  Observations         12
 -----------------------------------------------------------------------------
               Jan      Feb      Mar      Apr      May      Jun 
               Jul      Aug      Sep      Oct      Nov      Dec        TOTAL  
 -----------------------------------------------------------------------------
  2017          31.      31.      31.      31.      31.      31.
                31.      31.      31.      31.      31.      31.          371.
 
        ces_hours 27780            PAGE   6, SERIES ces_hours_additi

 C 17  Final weights for irregular component
  From  2007.Jan to 2016.Dec
  Observations        120
  Lower sigma limit    1.50
  Upper sigma limit    2.50
 -----------------------------------------------------------------------------
               Jan      Feb      Mar      Apr      May      Jun 
               Jul      Aug      Sep      Oct      Nov      Dec         S.D.  
 -----------------------------------------------------------------------------
  2007         100.      32.     100.      28.     100.     100.
               100.      17.     100.     100.     100.     100.           24.
 
  2008         100.     100.     100.     100.     100.     100.
               100.     100.     100.       0.     100.     100.           24.
 
  2009         100.     100.     100.     100.     100.     100.
               100.     100.     100.     100.     100.     100.           24.
 
  2010          31.     100.       0.     100.     100.     100.
               100.     100.     100.       0.     100.     100.           22.
 
  2011         100.     100.     100.     100.     100.     100.
               100.     100.     100.     100.     100.     100.           25.
 
  2012         100.     100.     100.       0.      95.     100.
               100.     100.     100.     100.     100.     100.           26.
 
  2013           3.     100.     100.     100.     100.     100.
               100.     100.     100.     100.     100.     100.           29.
 
  2014         100.     100.     100.     100.     100.     100.
               100.     100.     100.      60.     100.     100.           31.
 
  2015         100.      71.     100.     100.     100.     100.
               100.     100.       0.      12.     100.      97.           30.
 
  2016         100.     100.     100.     100.     100.      52.
                13.     100.     100.     100.     100.     100.           30.
 
        ces_hours 27780            PAGE   7, SERIES ces_hours_additi

 D 8  Final unmodified SI ratios
  From  2007.Jan to 2016.Dec
  Observations        120
 -----------------------------------------------------------------------------
               Jan      Feb      Mar      Apr      May      Jun 
               Jul      Aug      Sep      Oct      Nov      Dec         AVGE  
 -----------------------------------------------------------------------------
  2007          -1.      -1.       1.       0.      -0.      -0.
                -0.      -1.       0.      -0.       1.       1.           -0.
 
  2008          -1.      -0.       0.      -0.       0.      -1.
                 0.      -0.       0.       1.       0.       0.            0.
 
  2009          -0.       0.       1.      -0.      -0.      -0.
                -0.       0.      -0.      -0.       1.       1.            0.
 
  2010           0.      -0.      -1.      -0.       0.      -0.
                 0.       0.       0.      -1.      -0.       0.           -0.
 
  2011          -0.       0.       0.      -1.      -0.      -0.
                 0.       0.      -0.       0.       0.      -0.           -0.
 
  2012           0.       0.      -0.       0.       0.      -0.
                 0.      -0.       0.       0.      -0.      -0.            0.
 
  2013          -1.       0.       0.      -0.      -0.      -0.
                 1.       0.       1.       0.      -0.       1.            0.
 
  2014          -0.      -0.       0.      -1.      -0.       0.
                 0.      -0.       1.       1.      -0.      -0.           -0.
 
  2015          -0.       0.      -0.      -1.      -1.       0.
                 1.      -0.      -0.      -1.       0.       1.           -0.
 
  2016          -0.      -0.       0.      -1.      -0.      -1.
                -1.       0.       1.       0.       0.       0.           -0.
 
  AVGE          -0.      -0.       0.      -0.      -0.      -0.
                 0.      -0.       0.       0.       0.       0.

  Table Total-          -2.   Mean-        -0.   Std. Dev.-         0.
                              Min -        -1.        Max -         1.
        ces_hours 27780            PAGE   8, SERIES ces_hours_additi

 D 8.B  Final unmodified SI ratios, with labels for outliers and extreme values
  From  2007.Jan to 2016.Dec
  Observations        120
 ---------------------------------------------------------------------
               Jan       Feb       Mar       Apr       May       Jun  
               Jul       Aug       Sep       Oct       Nov       Dec  
 ---------------------------------------------------------------------
  2007         -1.       -1.*       1.        0.*      -0.       -0.  
               -0.       -1.*       0.       -0.        1.        1.  
 
  2008         -1.       -0.        0.       -0.        0.       -1.  
                0.       -0.        0.        1.*       0.        0.  
 
  2009         -0.        0.        1.       -0.       -0.       -0.  
               -0.        0.       -0.       -0.        1.        1.  
 
  2010          0.*      -0.       -1.*      -0.        0.       -0.  
                0.        0.        0.       -1.*      -0.        0.  
 
  2011         -0.        0.        0.       -1.       -0.       -0.  
                0.        0.       -0.        0.        0.       -0.  
 
  2012          0.        0.       -0.        0.*       0.*      -0.  
                0.       -0.        0.        0.       -0.       -0.  
 
  2013         -1.*       0.        0.       -0.       -0.       -0.  
                1.        0.        1.        0.       -0.        1.  
 
  2014         -0.       -0.        0.       -1.       -0.        0.  
                0.       -0.        1.        1.*      -0.       -0.  
 
  2015         -0.        0.*      -0.       -1.       -1.        0.  
                1.       -0.       -0.*      -1.*       0.        1.* 
 
  2016         -0.       -0.        0.       -1.       -0.       -1.* 
               -1.*       0.        1.        0.        0.        0.  
 

  Key to symbols:
    *  : extreme value as determined by X-11 extreme value procedure
 
        ces_hours 27780            PAGE   9, SERIES ces_hours_additi

 D 9  Final replacement values for SI ratios
  From  2007.Jan to 2016.Dec
  Observations        120
 ---------------------------------------------------------------
               Jan      Feb      Mar      Apr      May      Jun 
               Jul      Aug      Sep      Oct      Nov      Dec 
 ---------------------------------------------------------------
  2007     ********      -0. ********      -0. ******** ********
           ********      -0. ******** ******** ******** ********
 
  2008     ******** ******** ******** ******** ******** ********
           ******** ******** ********      -0. ******** ********
 
  2009     ******** ******** ******** ******** ******** ********
           ******** ******** ******** ******** ******** ********
 
  2010          -0. ********       0. ******** ******** ********
           ******** ******** ********      -0. ******** ********
 
  2011     ******** ******** ******** ******** ******** ********
           ******** ******** ******** ******** ******** ********
 
  2012     ******** ******** ********      -0.       0. ********
           ******** ******** ******** ******** ******** ********
 
  2013          -0. ******** ******** ******** ******** ********
           ******** ******** ******** ******** ******** ********
 
  2014     ******** ******** ******** ******** ******** ********
           ******** ******** ********       1. ******** ********
 
  2015     ********       0. ******** ******** ******** ********
           ******** ********       0.       0. ********       1.
 
  2016     ******** ******** ******** ******** ********      -1.
                -0. ******** ******** ******** ******** ********
 

 D 9.A  Moving seasonality ratio
 ---------------------------------------------------------------
               Jan      Feb      Mar      Apr      May      Jun 
 ---------------------------------------------------------------
   I          0.183    0.349    0.370    0.246    0.468    0.253
   S          0.036    0.042    0.055    0.070    0.056    0.040
 RATIO        5.148    8.376    6.748    3.502    8.325    6.300



 ---------------------------------------------------------------
               Jul      Aug      Sep      Oct      Nov      Dec 
 ---------------------------------------------------------------
   I          0.232    0.309    0.216    0.219    0.260    0.407
   S          0.047    0.028    0.073    0.062    0.069    0.071
 RATIO        4.891   11.204    2.945    3.522    3.773    5.697



        ces_hours 27780            PAGE  10, SERIES ces_hours_additi

 D 10  Final seasonal factors
  From  2007.Jan to 2016.Dec
  Observations        120
  Seasonal filter    3 x 5 moving average
 -----------------------------------------------------------------------------
               Jan      Feb      Mar      Apr      May      Jun 
               Jul      Aug      Sep      Oct      Nov      Dec         AVGE  
 -----------------------------------------------------------------------------
  2007          -0.      -0.       0.      -0.      -0.      -0.
                -0.       0.       0.      -0.       0.       1.           -0.
 
  2008          -0.      -0.       0.      -0.      -0.      -0.
                 0.       0.       0.      -0.       0.       0.           -0.
 
  2009          -0.      -0.       0.      -0.      -0.      -0.
                 0.       0.       0.      -0.       0.       0.           -0.
 
  2010          -0.      -0.       0.      -0.      -0.      -0.
                 0.       0.       0.      -0.       0.       0.           -0.
 
  2011          -0.      -0.       0.      -1.      -0.      -0.
                 0.       0.       0.       0.       0.       0.            0.
 
  2012          -0.       0.       0.      -1.      -0.      -0.
                 0.       0.       0.       0.      -0.       0.            0.
 
  2013          -0.       0.       0.      -1.      -0.      -0.
                 0.       0.       0.       0.      -0.       0.            0.
 
  2014          -0.       0.      -0.      -1.      -0.      -0.
                 0.       0.       1.       0.       0.       0.            0.
 
  2015          -0.      -0.      -0.      -1.      -0.      -0.
                 0.       0.       1.       0.       0.       0.            0.
 
  2016          -0.      -0.      -0.      -1.      -0.      -0.
                 0.       0.       1.       0.       0.       0.            0.
 
  AVGE          -0.      -0.       0.      -1.      -0.      -0.
                 0.       0.       0.       0.       0.       0.

  Table Total-           0.   Mean-         0.   Std. Dev.-         0.
                              Min -        -1.        Max -         1.

 D 10.A  Final seasonal component forecasts
  From  2017.Jan to 2017.Dec
  Observations         12
 -----------------------------------------------------------------------------
               Jan      Feb      Mar      Apr      May      Jun 
               Jul      Aug      Sep      Oct      Nov      Dec         AVGE  
 -----------------------------------------------------------------------------
  2017          -0.      -0.      -0.      -1.      -0.      -0.
                 0.       0.       1.       0.       0.       0.            0.
 
        ces_hours 27780            PAGE  11, SERIES ces_hours_additi
  
 D 11  Final seasonally adjusted data
       (also adjusted for trading day)
  From  2007.Jan to 2016.Dec
  Observations        120
 -----------------------------------------------------------------------------
               Jan      Feb      Mar      Apr      May      Jun 
               Jul      Aug      Sep      Oct      Nov      Dec        TOTAL  
 -----------------------------------------------------------------------------
  2007          37.      37.      37.      38.      37.      37.
                37.      36.      37.      36.      36.      36.          442.
 
  2008          36.      36.      35.      36.      36.      35.
                35.      34.      34.      35.      34.      33.          419.
 
  2009          33.      33.      33.      32.      32.      32.
                32.      32.      32.      32.      33.      33.          391.
 
  2010          33.      33.      32.      33.      33.      33.
                33.      33.      33.      32.      32.      32.          393.
 
  2011          32.      32.      32.      32.      32.      32.
                32.      32.      32.      33.      33.      33.          389.
 
  2012          34.      34.      34.      35.      34.      34.
                33.      33.      33.      33.      33.      33.          404.
 
  2013          32.      33.      33.      33.      33.      33.
                33.      33.      33.      33.      32.      32.          396.
 
  2014          32.      31.      31.      31.      31.      31.
                31.      31.      31.      31.      31.      30.          372.
 
  2015          31.      32.      31.      32.      32.      32.
                32.      32.      31.      32.      33.      33.          383.
 
  2016          33.      32.      32.      31.      31.      30.
                30.      31.      31.      31.      31.      31.          377.
 
  AVGE          33.      33.      33.      33.      33.      33.
                33.      33.      33.      33.      33.      33.

  Table Total-        3965.   Mean-        33.   Std. Dev.-         2.
                              Min -        30.        Max -        38.
        ces_hours 27780            PAGE  12, SERIES ces_hours_additi

 D 12  Final trend cycle
  From  2007.Jan to 2016.Dec
  Observations        120
  Trend filter    13-term Henderson moving average
  I/C ratio        1.62
 -----------------------------------------------------------------------------
               Jan      Feb      Mar      Apr      May      Jun 
               Jul      Aug      Sep      Oct      Nov      Dec        TOTAL  
 -----------------------------------------------------------------------------
  2007          37.      37.      37.      37.      37.      37.
                37.      37.      37.      37.      36.      36.          442.
 
  2008          36.      36.      36.      36.      35.      35.
                35.      35.      34.      34.      34.      34.          419.
 
  2009          33.      33.      33.      33.      32.      32.
                32.      32.      32.      33.      33.      33.          391.
 
  2010          33.      33.      33.      33.      33.      33.
                33.      33.      33.      33.      32.      32.          395.
 
  2011          32.      32.      32.      32.      32.      32.
                32.      32.      33.      33.      33.      33.          389.
 
  2012          34.      34.      34.      34.      34.      34.
                34.      33.      33.      33.      33.      33.          403.
 
  2013          33.      33.      33.      33.      33.      33.
                33.      33.      33.      33.      32.      32.          396.
 
  2014          32.      31.      31.      31.      31.      31.
                31.      31.      31.      31.      31.      31.          372.
 
  2015          31.      31.      31.      32.      32.      32.
                32.      32.      32.      33.      33.      33.          384.
 
  2016          33.      32.      32.      32.      31.      31.
                31.      31.      31.      31.      31.      31.          378.
 
  AVGE          33.      33.      33.      33.      33.      33.
                33.      33.      33.      33.      33.      33.

  Table Total-        3967.   Mean-        33.   Std. Dev.-         2.
                              Min -        31.        Max -        37.
        ces_hours 27780            PAGE  13, SERIES ces_hours_additi

 D 13  Final irregular component
  From  2007.Jan to 2016.Dec
  Observations        120
 -----------------------------------------------------------------------------
               Jan      Feb      Mar      Apr      May      Jun 
               Jul      Aug      Sep      Oct      Nov      Dec         S.D.  
 -----------------------------------------------------------------------------
  2007          -0.      -1.       0.       1.      -0.       0.
                -0.      -1.       0.      -0.       0.       0.            0.
 
  2008          -0.       0.      -0.       0.       0.      -0.
                 0.      -0.       0.       1.       0.      -0.            0.
 
  2009          -0.       0.       0.      -0.      -0.      -0.
                -0.       0.      -0.      -0.       0.       0.            0.
 
  2010           0.      -0.      -1.      -0.       0.       0.
                 0.       0.       0.      -1.      -0.      -0.            0.
 
  2011           0.       0.       0.      -0.      -0.       0.
                 0.       0.      -0.       0.       0.      -0.            0.
 
  2012           0.       0.      -0.       1.       0.       0.
                -0.      -0.       0.       0.      -0.      -0.            0.
 
  2013          -1.       0.       0.       0.      -0.      -0.
                 0.       0.       0.       0.      -0.       0.            0.
 
  2014          -0.      -0.       0.      -0.       0.       0.
                -0.      -0.       0.       1.      -0.      -0.            0.
 
  2015          -0.       1.      -0.       0.      -0.       0.
                 0.      -0.      -1.      -1.       0.       0.            0.
 
  2016           0.      -0.       0.      -0.       0.      -1.
                -1.       0.       0.      -0.       0.      -0.            0.
 
  S.D.           0.       0.       0.       0.       0.       0.
                 0.       0.       0.       1.       0.       0.

  Table Total-          -3.   Mean-        -0.   Std. Dev.-         0.
                              Min -        -1.        Max -         1.
        ces_hours 27780            PAGE  14, SERIES ces_hours_additi
  
 D 16  Combined adjustment factors
       (includes seasonal, trading day factors)
  From  2007.Jan to 2016.Dec
  Observations        120
 -----------------------------------------------------------------------------
               Jan      Feb      Mar      Apr      May      Jun 
               Jul      Aug      Sep      Oct      Nov      Dec         AVGE  
 -----------------------------------------------------------------------------
  2007          -1.      -0.       0.      -0.      -0.      -0.
                 0.      -0.       0.      -0.       0.       1.            0.
 
  2008          -1.      -0.       1.      -0.      -0.      -0.
                -0.       0.      -0.      -0.       1.       0.           -0.
 
  2009          -0.       0.       0.      -0.       0.      -0.
                -0.       0.      -0.      -0.       0.       0.           -0.
 
  2010          -0.       0.       0.      -1.       0.      -0.
                 0.       0.       0.       0.       0.       0.            0.
 
  2011          -0.       0.       0.      -0.      -0.      -0.
                 0.      -0.       0.       0.      -0.       0.            0.
 
  2012          -0.      -0.       0.      -1.      -0.      -0.
                 0.      -0.       1.       0.      -0.       0.           -0.
 
  2013          -0.       0.       0.      -1.      -0.       0.
                 0.       0.       1.       0.       0.       0.            0.
 
  2014          -0.       0.       0.      -1.      -0.      -0.
                 0.       0.       0.       0.       0.       0.            0.
 
  2015          -0.       0.      -0.      -1.      -0.      -0.
                 0.       0.       0.       0.       0.       0.            0.
 
  2016          -0.      -0.      -0.      -1.      -0.      -0.
                 0.      -0.       0.       0.       0.       0.           -0.
 
  AVGE          -0.      -0.       0.      -1.      -0.      -0.
                 0.       0.       0.       0.       0.       0.

  Table Total-           0.   Mean-         0.   Std. Dev.-         0.
                              Min -        -1.        Max -         1.

 D 16.A  Combined adjustment component forecasts
  From  2017.Jan to 2017.Dec
  Observations         12
 -----------------------------------------------------------------------------
               Jan      Feb      Mar      Apr      May      Jun 
               Jul      Aug      Sep      Oct      Nov      Dec         AVGE  
 -----------------------------------------------------------------------------
  2017          -0.       0.      -0.      -1.      -1.      -0.
                 0.      -0.       1.       0.       0.       1.            0.
 
        ces_hours 27780            PAGE  15, SERIES ces_hours_additi
  
 D 18  Combined calendar adjustment factors
       (includes trading day factors)
  From  2007.Jan to 2016.Dec
  Observations        120
 -----------------------------------------------------------------------------
               Jan      Feb      Mar      Apr      May      Jun 
               Jul      Aug      Sep      Oct      Nov      Dec         AVGE  
 -----------------------------------------------------------------------------
  2007          -0.       0.       0.       0.      -0.       0.
                 0.      -0.       0.      -0.      -0.       0.            0.
 
  2008          -0.      -0.       0.      -0.       0.       0.
                -0.       0.      -0.      -0.       0.      -0.           -0.
 
  2009           0.       0.       0.      -0.       0.      -0.
                -0.       0.      -0.       0.       0.      -0.            0.
 
  2010           0.       0.      -0.      -0.       0.      -0.
                 0.       0.      -0.       0.      -0.      -0.            0.
 
  2011           0.       0.      -0.       0.       0.      -0.
                 0.      -0.      -0.       0.      -0.       0.            0.
 
  2012           0.      -0.       0.       0.      -0.       0.
                 0.      -0.       0.      -0.      -0.       0.           -0.
 
  2013          -0.       0.       0.      -0.      -0.       0.
                -0.       0.       0.      -0.       0.       0.            0.
 
  2014          -0.       0.       0.      -0.       0.       0.
                -0.       0.      -0.      -0.       0.      -0.            0.
 
  2015           0.       0.       0.      -0.       0.      -0.
                -0.       0.      -0.       0.       0.      -0.            0.
 
  2016           0.      -0.      -0.       0.       0.      -0.
                 0.      -0.      -0.       0.      -0.       0.           -0.
 
  AVGE           0.      -0.       0.      -0.       0.       0.
                -0.       0.      -0.      -0.       0.      -0.

  Table Total-          -0.   Mean-        -0.   Std. Dev.-         0.
                              Min -        -0.        Max -         0.

 D 18.A  Combined calendar adjustment component forecasts
  From  2017.Jan to 2017.Dec
  Observations         12
 -----------------------------------------------------------------------------
               Jan      Feb      Mar      Apr      May      Jun 
               Jul      Aug      Sep      Oct      Nov      Dec         AVGE  
 -----------------------------------------------------------------------------
  2017           0.       0.      -0.       0.      -0.      -0.
                 0.      -0.       0.       0.      -0.       0.            0.
 
        ces_hours 27780            PAGE  16, SERIES ces_hours_additi

 E 4  Differences of annual totals
  From          2007 to 2016
  Observations         10
 -----------------------------------
  Year       Unmodified     Modified
                  (D11)         (E2)
 -----------------------------------
  2007               0.           0.
 
  2008              -0.          -0.
 
  2009              -0.          -0.
 
  2010               0.           0.
 
  2011               0.           0.
 
  2012              -0.          -0.
 
  2013               0.           0.
 
  2014               0.           0.
 
  2015               0.           0.
 
  2016              -0.          -0.
 
        ces_hours 27780            PAGE  17, SERIES ces_hours_additi

 E 5  Month-to-month differences in the original series
  From  2007.Feb to 2016.Dec
  Observations        119
 -----------------------------------------------------------------------------
               Jan      Feb      Mar      Apr      May      Jun 
               Jul      Aug      Sep      Oct      Nov      Dec         AVGE  
 -----------------------------------------------------------------------------
  2007                    0.       1.      -0.      -1.       0.
                -0.      -1.       1.      -1.       1.       0.            0.
 
  2008          -2.       0.       1.      -1.       0.      -1.
                 0.      -0.      -0.       1.      -0.      -1.           -0.
 
  2009          -1.       0.       0.      -1.       0.      -1.
                 0.       1.      -0.       0.       1.      -0.           -0.
 
  2010           0.      -0.      -0.       0.       1.      -0.
                 1.      -0.      -0.      -1.       0.       0.           -0.
 
  2011          -0.       0.      -0.      -1.       0.       0.
                 1.      -0.       0.       1.       0.       0.            0.
 
  2012           0.       0.       0.       1.      -0.      -0.
                 0.      -1.       1.      -1.      -0.       0.           -0.
 
  2013          -1.       2.       0.      -1.       0.       1.
                 0.      -0.       0.      -1.      -1.       1.           -0.
 
  2014          -2.       0.       0.      -1.       1.       0.
                 0.      -0.       0.       0.      -1.      -0.           -0.
 
  2015          -0.       1.      -1.       0.       0.       1.
                 0.      -0.      -0.       0.       1.       0.            0.
 
  2016          -1.      -1.       0.      -1.       0.      -1.
                 1.       1.       1.      -0.      -0.       0.           -0.
 
  AVGE          -1.       0.       0.      -1.       0.      -0.
                 0.      -0.       0.      -0.       0.       0.

  Table Total-          -5.   Mean-        -0.   Std. Dev.-         1.
                              Min -        -2.        Max -         2.
        ces_hours 27780            PAGE  18, SERIES ces_hours_additi

 E 6  Month-to-month differences in seasonally adjusted series (D11)
  From  2007.Feb to 2016.Dec
  Observations        119
 -----------------------------------------------------------------------------
               Jan      Feb      Mar      Apr      May      Jun 
               Jul      Aug      Sep      Oct      Nov      Dec         AVGE  
 -----------------------------------------------------------------------------
  2007                   -0.       1.       0.      -1.       0.
                -1.      -1.       1.      -0.      -0.      -0.           -0.
 
  2008          -1.       0.      -0.       0.      -0.      -1.
                -0.      -1.      -0.       1.      -1.      -0.           -0.
 
  2009          -0.      -0.      -0.      -1.      -0.      -0.
                -0.       1.      -0.       0.       1.      -0.           -0.
 
  2010           0.      -1.      -0.       1.       0.      -0.
                 0.      -0.      -0.      -1.       0.      -0.           -0.
 
  2011           0.       0.      -0.      -0.      -0.       0.
                 0.       0.      -0.       1.       0.      -0.            0.
 
  2012           1.       0.      -0.       1.      -1.      -1.
                -0.      -0.       0.      -0.      -0.      -0.           -0.
 
  2013          -1.       1.      -0.       0.      -0.       0.
                 0.       0.      -0.      -0.      -1.       0.           -0.
 
  2014          -1.      -1.       0.      -1.       0.       0.
                -0.      -0.       0.       0.      -1.      -0.           -0.
 
  2015           0.       1.      -1.       1.      -0.       1.
                 0.      -0.      -1.       0.       1.       0.            0.
 
  2016          -0.      -1.       0.      -1.       0.      -1.
                -0.       1.      -0.      -0.       0.      -0.           -0.
 
  AVGE          -0.      -0.      -0.       0.      -0.      -0.
                -0.      -0.      -0.      -0.      -0.      -0.

  Table Total-          -6.   Mean-        -0.   Std. Dev.-         0.
                              Min -        -1.        Max -         1.
        ces_hours 27780            PAGE  19, SERIES ces_hours_additi

 E 7  Month-to-month differences in final trend cycle (D12)
  From  2007.Feb to 2016.Dec
  Observations        119
 -----------------------------------------------------------------------------
               Jan      Feb      Mar      Apr      May      Jun 
               Jul      Aug      Sep      Oct      Nov      Dec         AVGE  
 -----------------------------------------------------------------------------
  2007                    0.      -0.      -0.      -0.      -0.
                -0.      -0.      -0.      -0.      -0.      -0.           -0.
 
  2008          -0.      -0.      -0.      -0.      -0.      -0.
                -0.      -0.      -0.      -0.      -0.      -0.           -0.
 
  2009          -0.      -0.      -0.      -0.      -0.      -0.
                -0.       0.       0.       0.       0.       0.           -0.
 
  2010           0.       0.       0.       0.       0.       0.
                -0.      -0.      -0.      -0.      -0.      -0.           -0.
 
  2011          -0.      -0.      -0.       0.       0.       0.
                 0.       0.       0.       0.       0.       0.            0.
 
  2012           0.       0.       0.       0.      -0.      -0.
                -0.      -0.      -0.      -0.      -0.       0.           -0.
 
  2013           0.       0.       0.       0.       0.       0.
                -0.      -0.      -0.      -0.      -0.      -0.           -0.
 
  2014          -0.      -0.      -0.      -0.      -0.       0.
                 0.      -0.      -0.      -0.      -0.       0.           -0.
 
  2015           0.       0.       0.       0.       0.       0.
                 0.       0.       0.       0.       0.       0.            0.
 
  2016          -0.      -0.      -0.      -0.      -0.      -0.
                -0.       0.       0.       0.       0.       0.           -0.
 
  AVGE          -0.      -0.      -0.      -0.      -0.      -0.
                -0.      -0.      -0.      -0.      -0.      -0.

  Table Total-          -6.   Mean-        -0.   Std. Dev.-         0.
                              Min -        -0.        Max -         0.
        ces_hours 27780            PAGE  20, SERIES ces_hours_additi

 E 8  Month-to-month differences in original series adjusted for calendar factors (A18)
  From  2007.Feb to 2016.Dec
  Observations        119
 -----------------------------------------------------------------------------
               Jan      Feb      Mar      Apr      May      Jun 
               Jul      Aug      Sep      Oct      Nov      Dec         AVGE  
 -----------------------------------------------------------------------------
  2007                   -0.       1.      -0.      -1.       0.
                -0.      -1.       1.      -0.       1.       0.            0.
 
  2008          -2.       1.      -0.      -0.       0.      -1.
                 0.      -1.      -0.       1.      -1.      -0.           -0.
 
  2009          -1.       0.       0.      -1.      -0.      -0.
                 0.       0.      -0.      -0.       1.      -0.           -0.
 
  2010          -0.      -0.      -0.       0.       1.      -0.
                 0.      -0.      -0.      -1.       1.       0.           -0.
 
  2011          -1.       0.       0.      -1.       0.       0.
                 1.       0.      -0.       0.       0.       0.            0.
 
  2012           0.       0.      -0.       1.      -0.      -0.
                 0.      -1.       1.      -0.      -0.       0.           -0.
 
  2013          -1.       1.      -0.      -0.       0.       0.
                 1.      -0.       0.      -1.      -1.       1.           -0.
 
  2014          -1.      -0.       0.      -1.       1.       0.
                 0.      -1.       1.       0.      -1.       0.           -0.
 
  2015          -0.       1.      -1.       0.       0.       1.
                 0.      -1.      -0.      -0.       1.       0.            0.
 
  2016          -1.      -0.       0.      -2.       0.      -1.
                 0.       1.       0.      -0.       0.       0.           -0.
 
  AVGE          -1.       0.       0.      -1.       0.      -0.
                 0.      -0.       0.      -0.       0.       0.

  Table Total-          -5.   Mean-        -0.   Std. Dev.-         1.
                              Min -        -2.        Max -         1.
        ces_hours 27780            PAGE  21, SERIES ces_hours_additi

 E 18  Final adjustment ratios
  From  2007.Jan to 2016.Dec
  Observations        120
 -----------------------------------------------------------------------------
               Jan      Feb      Mar      Apr      May      Jun 
               Jul      Aug      Sep      Oct      Nov      Dec         AVGE  
 -----------------------------------------------------------------------------
  2007       98.394   99.937  101.071   99.532   99.386   99.270
            100.006   99.676  100.801   99.221  100.996  101.854       100.012
 
  2008       98.404   98.749  101.509   98.970   99.801   99.288
             99.686  100.589   99.948   99.254  101.816  100.921        99.911
 
  2009       98.929  100.036  100.971   98.651  100.390   98.837
             99.884  100.661   99.988   99.821  101.099  100.578        99.987
 
  2010       99.578  100.219  100.364   98.453  100.358   98.991
            100.572  100.303  100.128  100.536  100.292  100.334       100.011
 
  2011       99.698  100.252  100.104   98.583   99.910   99.154
            101.344   99.854  100.458  100.886   99.847  100.534       100.052
 
  2012       99.242   99.063  100.324   98.540   99.241   99.901
            101.050   99.804  101.650  100.253   99.642  101.046        99.979
 
  2013       98.665  100.302  100.552   97.814   99.051  100.465
            100.668  100.137  101.548  100.492  100.105  100.717       100.043
 
  2014       98.529  100.327  100.462   97.520   99.166   99.911
            100.662  100.655  101.370  100.560  100.884  100.667       100.060
 
  2015       98.933  100.123   99.959   97.428   99.502   99.297
            100.504  100.664  101.495  101.054  100.629  100.814       100.034
 
  2016       99.424   98.732   99.468   97.844   98.853   99.137
            101.441   99.732  101.441  101.473  100.484  101.551        99.965
 
  AVGE       98.980   99.774  100.478   98.333   99.566   99.425
            100.582  100.208  100.883  100.355  100.579  100.901

  Table Total-       12001.   Mean-       100.   Std. Dev.-         1.
                              Min -        97.        Max -       102.

 E 18.A  Final adjustment ratio forecasts
  From  2017.Jan to 2017.Dec
  Observations         12
 -----------------------------------------------------------------------------
               Jan      Feb      Mar      Apr      May      Jun 
               Jul      Aug      Sep      Oct      Nov      Dec         AVGE  
 -----------------------------------------------------------------------------
  2017       98.932  100.069   99.401   98.294   98.316   99.102
            101.340   99.695  101.946  100.928  100.708  102.156       100.074
 
        ces_hours 27780            PAGE  22, SERIES ces_hours_additi

 F 4.  Additive Day of the Week Trading Day Component Factors


      Day of Week Component for regARIMA Trading Day Factors:

                                       months starting on:
                     Mon      Tue      Wed      Thu      Fri      Sat      Sun
 31-day months        -0.      -0.      -0.       0.       0.       0.       0.
 30-day months        -0.      -0.      -0.      -0.       0.       0.       0.
 Leap year Feb.       -0. ********      -0. ********      -0. ******** ********

  QS statistic for seasonality:
  Original Series                                     5.18  (P-Value =     0.0751)
  Original Series (EV adj)                           11.13  (P-Value =     0.0038)
  Residuals                                           0.00  (P-Value =     1.0000)
  Seasonally Adjusted Series                          0.00  (P-Value =     1.0000)
  Seasonally Adjusted Series (EV adj)                 0.00  (P-Value =     1.0000)
  Irregular Series                                    0.00  (P-Value =     1.0000)
  Irregular Series (EV adj)                           0.00  (P-Value =     1.0000)

  QS statistic for seasonality (starting 2009.Jan):
  Original Series                                     7.63  (P-Value =     0.0220)
  Original Series (EV adj)                           12.82  (P-Value =     0.0016)
  Residuals                                           0.00  (P-Value =     1.0000)
  Seasonally Adjusted Series                          0.00  (P-Value =     1.0000)
  Seasonally Adjusted Series (EV adj)                 0.00  (P-Value =     1.0000)
  Irregular Series                                    0.00  (P-Value =     1.0000)
  Irregular Series (EV adj)                           0.00  (P-Value =     1.0000)


 WARNING: Series should not be a candidate for seasonal adjustment
          because the spectrum of the prior adjusted series (Table B1)
          has no visually significant seasonal peaks.

          If this is a component series of an indirectly adjusted
          composite series, consider using type = trend or type = summary
          in the x11 spec.
        ces_hours 27780            PAGE  23, SERIES ces_hours_additi
 G 0  10*LOG(SPECTRUM) of the differenced Prior Adjusted Series
      (Table B1).  Spectrum estimated from 2009.Jan to 2016.Dec.
 ++++++++++I+++++++++++++++++++++++++++++++++++++++++++++++++++++++++++++I
       3.60I                                                  S          I      3.60
           I                                                  S          I
           I                                                  S          I
           I                                                  S          I
       2.16I                                                  S          I      2.16
           I                                                  S          I
           I                                                  S          I
           I                                                  S          I
       0.71I                          *              *        S          I      0.71
           I                          *              *        S          I
           I                          *              *    *   S          I
           I                          *              *    *   S          I
      -0.73I                          *              *    *   S          I     -0.73
           I                          *              *    *   S          I
           I                          *              *    *   S          I
           I                          *             S*    *   S          I
      -2.18I                          *             S*    *  *S          I     -2.18
           I                          *             S*    *  *S          I
           I                          *             S*   **  *S          I
           I                         **             S*   **  *S    *    SI
      -3.62I                         ***  S     **  S*   **  *S    *   *SI     -3.62
           I              *          ***  S     **  S*   **  *S    *   *SI
           I              *          ***  S     **  S*T  **  *S    *   *SI
           I        *     *          ***  S     **  S*T  **  *S*   *   *SI
      -5.07I        **    *          *** *S     ** *S*T  **  *S*  **   *SI     -5.07
           I     *  **    *          *** *S     ****S*T  *** *S*  *** **SI
           I     *****   ***         *** *S     ****S*T  *** *S*  *** **SI
           I     *****   ***        ******S     ****S*T  *****S*  ******SI
      -6.51I    ******   ***      ********S*    ****S*T  *****S*  ******SI     -6.51
           I    ******   ****     ********S*   *****S*T  *****S*  ******SI
           I    ******S  *****    ********S*   *****S*T ******S*  ******SI
           I    ******S  *****    ********S*   *****S*T*******S*  ******SI
      -7.96I    ******S *******  *********S*   *****S*T*******S*  ******SI     -7.96
           I    ******S********  *********S*   *****S*T*******S*T*******SI
           I    ******S********  *********S*   *****S*T*******S*T*******SI
           I    ******S********  *********S*   *****S*T*******S*T*******SI
      -9.40I    ******S*********S*********S** ******S*T*******S*T*******SI     -9.40
           I   *******S*********S*********S** ******S*T*******S*T*******SI
           I   *******S*********S*********S** ******S*T*******S*T*******SI
           I   *******S*********S*********S*********S*T*******S*T*******SI
     -10.85I   *******S*********S*********S*********S*T*******S*T*******SI    -10.85
           I   *******S*********S*********S*********S*T*******S*T*******SI
           I   *******S*********S*********S*********S*T*******S*T*******SI
           I   *******S*********S*********S*********S*T*******S*T*******SI
     -12.29I   *******S*********S*********S*********S*T*******S*T*******SI    -12.29
           I  ********S*********S*********S*********S*T*******S*T*******SI
           I  ********S*********S*********S*********S*T*******S*T*******SI
           I  ********S*********S*********S*********S*T*******S*T*******SI
     -13.74I  ********S*********S*********S*********S*T*******S*T*******SI    -13.74
           I  ********S*********S*********S*********S*T*******S*T*******SI
           I  ********S*********S*********S*********S*T*******S*T*******SI
           I *********S*********S*********S*********S*T*******S*T*******SI
     -15.18I**********S*********S*********S*********S*T*******S*T*******SI    -15.18
 ++++++++++I+++++++++++++++++++++++++++++++++++++++++++++++++++++++++++++I
            S=SEASONAL FREQUENCIES, T=TRADING DAY FREQUENCIES
        ces_hours 27780            PAGE  24, SERIES ces_hours_additi
 G 1  10*LOG(SPECTRUM) of the differenced seasonally adjusted 
      data (Table E2).  Spectrum estimated from 2009.Jan to 2016.Dec.
 ++++++++++I+++++++++++++++++++++++++++++++++++++++++++++++++++++++++++++I
       1.50I                                              *              I      1.50
           I                                              *              I
           I                                              *              I
           I                                              *              I
       0.15I                                              *              I      0.15
           I                                              *              I
           I                                              *              I
           I                                              *              I
      -1.19I                                              *              I     -1.19
           I                          *                   *        *     I
           I                          *                   *        *     I
           I                         **                   *       **     I
      -2.54I                         **                   *       **     I     -2.54
           I                         **                   *       **     I
           I                         **                   *       **     I
           I                         **                   *       **     I
      -3.88I                         **                   *       **     I     -3.88
           I                         **                   *       **     I
           I                         **          *        *       **     I
           I                         **      *   *        *       **     I
      -5.23I    *  *                 **      *   *        *       **     I     -5.23
           I    ****     *           **      *   *       **       **     I
           I    ****     *           ***     *   *       **      ****    I
           I    ****     *           ***     *   *       **      ****    I
      -6.58I    ****     **          ***     *   *    T  ***   *T****    I     -6.58
           I    ****     **         ****     *   *    T* ***   *T****    I
           I    ****     **         ****     *   *    T* ***   *T****    I
           I    ****     **         ****     *   *    T* ***   *T****    I
      -7.92I    *****    **         ****     *   **   T* ***   *T*****   I     -7.92
           I    *****    **         ****     *   **   T* ***   *T*****   I
           I    *****    **         ****    **   **   T*****  S*T*****   I
           I   ******    **         ****    **   **   T*****  S*T*******SI
      -9.27I   ******    **         ****    **   **   T*****  S*T*******SI     -9.27
           I   ******   ***         ****    *** ***   T*****  S*T*******SI
           I   ******   ***         ****    *** ***   T*****  S*T*******SI
           I   ******   ****        *****   *** ***   T*******S*T*******SI
     -10.61I   ******   ****        *****   *** ***  *T*******S*T*******SI    -10.61
           I   *******  ****       ******   *** ***  *T*******S*T*******SI
           I   *******  ****       ******   *** ***  *T*******S*T*******SI
           I   *******  ****       ******   ******** *T*******S*T*******SI
     -11.96I   ******* *****       ******   ******** *T*******S*T*******SI    -11.96
           I   ******* ******      ******   ********S*T*******S*T*******SI
           I   *******S******      ******   ********S*T*******S*T*******SI
           I  ********S******      ******  *********S*T*******S*T*******SI
     -13.30I  ********S*******    ******** *********S*T*******S*T*******SI    -13.30
           I  ********S*******    ******** *********S*T*******S*T*******SI
           I  ********S********   ********S*********S*T*******S*T*******SI
           I  ********S********   ********S*********S*T*******S*T*******SI
     -14.65I  ********S********  *********S*********S*T*******S*T*******SI    -14.65
           I  ********S*********S*********S*********S*T*******S*T*******SI
           I *********S*********S*********S*********S*T*******S*T*******SI
           I *********S*********S*********S*********S*T*******S*T*******SI
     -16.00I**********S*********S*********S*********S*T*******S*T*******SI    -16.00
 ++++++++++I+++++++++++++++++++++++++++++++++++++++++++++++++++++++++++++I
            S=SEASONAL FREQUENCIES, T=TRADING DAY FREQUENCIES
        ces_hours 27780            PAGE  25, SERIES ces_hours_additi
 G 2  10*LOG(SPECTRUM) of the Modified Irregular (Table E3).  
      Spectrum estimated from 2009.Jan to 2016.Dec.
 ++++++++++I+++++++++++++++++++++++++++++++++++++++++++++++++++++++++++++I
      -3.08I                         *                                   I     -3.08
           I                         *                                   I
           I                         **                                  I
           I                         **                   *              I
      -4.37I                         **                   *              I     -4.37
           I                         **                   *              I
           I                         **                   *              I
           I                         **                   *              I
      -5.67I                         **                   *              I     -5.67
           I                         **                   *              I
           I                         **                   *              I
           I                         **                   *              I
      -6.97I                         **                   *              I     -6.97
           I                         **                   *              I
           I                         ***                  *        *     I
           I                         ***                  *        *     I
      -8.27I                         ***                  *       **     I     -8.27
           I                         ***     *            *       **     I
           I                        ****     *   *        *       **     I
           I             *          ****     *   *        *       **     I
      -9.56I             *          ****     *   *        *       **     I     -9.56
           I             *          ****     *   *        *       **     I
           I             *          ****     *   *        *       **     I
           I             **         ****     *   *       **       **     I
     -10.86I             **         ****     *   *       **       **     I    -10.86
           I             **         ****     *   *       **       **     I
           I             **         ****     *   *    T  **       ***    I
           I             **         *****    *   *    T  ***     ****    I
     -12.16I             **        ******    *   *    T* ***     ****    I    -12.16
           I             **        ******   **   *    T* ***    T****    I
           I             ****      ******   **   **   T* ***   *T****    I
           I             *****     ******   **   **   T* ***   *T****    I
     -13.45I             *****     ******   **   **   T* ***   *T****    I    -13.45
           I             *****    *******   ***  **   T*****   *T****    I
           I             *****    *******   *** ***   T*****   *T*****   I
           I             *****    *******   *** ***   T*****  S*T*****   I
     -14.75I   *        ******    *******   *** ***   T*****  S*T******  I    -14.75
           I   *    **  ******   ********   *** ***   T*****  S*T*******SI
           I   *    **  *******  *********  *** ***  *T*****  S*T*******SI
           I   *    **  *******  *********  *** ***  *T****** S*T*******SI
     -16.05I   *    **  *******  *********  *******  *T*******S*T*******SI    -16.05
           I   *    **  ********S********* ********  *T*******S*T*******SI
           I  **    **  ********S********* ********* *T*******S*T*******SI
           I  ***   **  ********S********* *********S*T*******S*T*******SI
     -17.34I  ***   **S*********S*********S*********S*T*******S*T*******SI    -17.34
           I  ***   **S*********S*********S*********S*T*******S*T*******SI
           I  ***   **S*********S*********S*********S*T*******S*T*******SI
           I  ***  ***S*********S*********S*********S*T*******S*T*******SI
     -18.64I  ***  ***S*********S*********S*********S*T*******S*T*******SI    -18.64
           I ****  ***S*********S*********S*********S*T*******S*T*******SI
           I ****  ***S*********S*********S*********S*T*******S*T*******SI
           I****** ***S*********S*********S*********S*T*******S*T*******SI
     -19.94I**********S*********S*********S*********S*T*******S*T*******SI    -19.94
 ++++++++++I+++++++++++++++++++++++++++++++++++++++++++++++++++++++++++++I
            S=SEASONAL FREQUENCIES, T=TRADING DAY FREQUENCIES
        ces_hours 27780            PAGE  26, SERIES ces_hours_additi

  Peak probabilities for Tukey spectrum estimator
  Spectrum estimated from 2009.Jan to 2016.Dec.

                                          S1       S2       S3       S4       S5       S6       TD
                                        ------   ------   ------   ------   ------   ------   ------
  Model Residuals                        0.031    0.296    0.336    0.080    0.043    0.401    0.375  
  Prior Adjusted Series (Table B1)       0.086    0.484    0.835    0.884    0.969*   0.717    0.276  
  Seasonally adjusted series (E2)        0.001    0.195    0.144    0.078    0.178    0.467    0.219  
  Modified Irregular (E3)                0.080    0.158    0.152    0.063    0.162    0.454    0.219  
  ----------
     ** - Peak Probability > 0.99,
      * - 0.90 < Peak Probability < 0.99


