  Reading input spec file from D:\Programming\Dynamic Paper-dlrhcs_replication\outputs\empirical\unemployment\raw_sa_pilot\x13_work\ces_hours_log_additive_26620_200701_201612.spc

1

               U. S. Department of Commerce, U. S. Census Bureau

              X-13ARIMA-SEATS monthly seasonal adjustment Method,
                          Release Version 1.1 Build 62


           This software application provides an enhanced version of
             Statistics Canada's X-11-ARIMA extension (Dagum, 1980)
                 of the X-11 variant of the Census Method II of
                      Shiskin, Young and Musgrave (1967).

            It also provides an ARIMA model-based method following
       Hillmer and Tiao (1982) and Burman (1980) that is very similar
       to the update of the method of SEATS (Gomez and Maravall, 1996)
                produced at the Bank of Spain by G. Caporello and
               A. Maravall for TSW (Caporello and Maravall, 2004).
          The present application includes additional enhancements.

         X-13ARIMA-SEATS includes an automatic ARIMA model selection procedure
          based largely on the procedure of Gomez and Maravall (1998)
            as implemented in TRAMO (1996) and subsequent revisions.

              Primary Programmers: Brian Monsell, Mark Otto and,
                 for the ARIMA model-based signal extraction,
                      Gianluca Caporello and Victor Gomez


     Series Title- ces_hours 26620
     Series Name- ces_hours_log_ad
     Jul 29, 2026  08.41.15 

        -Period covered-  1st month,2007 to 12th month,2016
        -Type of run - additive seasonal adjustment

        -Sigma limits for graduating extreme values are  1.5 and  2.5 .
        -3x3 moving average used in section 1 of each iteration, 
         3x5 moving average in section 2 of iterations B and C,
         moving average for final seasonal factors chosen by Global MSR.
        -Holiday adjustment factors applied directly to the final seasonally adjusted series
        -Spectral plots generated for selected series
        -Spectral plots generated for series starting in 2009.Jan

 FILE SAVE REQUESTS (* indicates file exists and will be overwritten)
  D:\Programming\Dynamic Paper-dlrhcs_replication\outputs\empirical\unemployment\raw_sa_pilot\x13_work\ces_hours_log_additive_26620_200701_201612.d10  final seasonal factors
  D:\Programming\Dynamic Paper-dlrhcs_replication\outputs\empirical\unemployment\raw_sa_pilot\x13_work\ces_hours_log_additive_26620_200701_201612.d11  final seasonally adjusted data
  D:\Programming\Dynamic Paper-dlrhcs_replication\outputs\empirical\unemployment\raw_sa_pilot\x13_work\ces_hours_log_additive_26620_200701_201612.out  program output file
  D:\Programming\Dynamic Paper-dlrhcs_replication\outputs\empirical\unemployment\raw_sa_pilot\x13_work\ces_hours_log_additive_26620_200701_201612.err  program error file
        ces_hours 26620            PAGE   1, SERIES ces_hours_log_ad

     Contents of spc file D:\Programming\Dynamic Paper-dlrhcs_replication\outputs\empirical\unemployment\raw_sa_pilot\x13_work\ces_hours_log_additive_26620_200701_201612.spc

 Line #
 ------
      1: series {
      2:   title = "ces_hours 26620"
      3:   start = 2007.1
      4:   period = 12
      5:   data = (
      6: 37.4
      7: 37.6
      8: 37.6
      9: 37.4
     10: 37.6
     11: 37.7
     12: 37.6
     13: 37.7
     14: 37.7
     15: 37.7
     16: 37.7
     17: 37.8
     18: 37.5
     19: 37.6
     20: 37.1
     21: 37.2
     22: 37.1
     23: 37.8
     24: 36.8
     25: 37.7
     26: 37.1
     27: 36.8
     28: 36
     29: 35.8
     30: 35.7
     31: 35.6
     32: 35.7
     33: 35.6
     34: 35.7
     35: 35.8
     36: 35.7
     37: 35.8
     38: 35.7
     39: 35.8
     40: 35.9
     41: 35.9
     42: 35.8
     43: 35.9
     44: 36
     45: 36
     46: 36.2
     47: 36
     48: 35.9
     49: 36
     50: 36.1
     51: 36.2
     52: 36.3
     53: 36.4
     54: 36.3
     55: 36.4
     56: 36.5
     57: 36.1
     58: 36.2
     59: 36.3
     60: 36.4
     61: 36.4
     62: 36.1
     63: 35.9
     64: 35.6
     65: 35.9
     66: 34.7
     67: 35.6
     68: 35.9
     69: 36
     70: 35.9
     71: 36.1
     72: 36
     73: 36.6
     74: 36.8
     75: 36.4
     76: 36.6
     77: 36.5
     78: 35.4
     79: 36
     80: 36
     81: 35.9
     82: 36.1
     83: 36.4
     84: 36
     85: 36.2
     86: 36.7
     87: 36.2
     88: 36.4
     89: 36.4
     90: 35.2
     91: 35.2
     92: 36
     93: 35.5
     94: 35.7
     95: 35.9
     96: 35.6
     97: 35.2
     98: 35.2
     99: 34.9
    100: 35.4
    101: 35.2
    102: 34.4
    103: 35.3
    104: 35.2
    105: 35.2
    106: 35.3
    107: 35.7
    108: 35.2
    109: 36.3
    110: 35.4
    111: 35.9
    112: 36.3
    113: 35.2
    114: 35.2
    115: 35.5
    116: 35.3
    117: 35.3
    118: 35.5
    119: 35.3
    120: 35.5
    121: 35.8
    122: 35.6
    123: 35.8
    124: 35.7
    125: 35.5
    126:   )
    127: }
    128: transform { function = log }
    129: regression { aictest = (td easter) }
    130: automdl {}
    131: x11 { mode = add save = (d10 d11) }
        ces_hours 26620            PAGE   2, SERIES ces_hours_log_ad

 A 1  Time series data (for the span analyzed)
  From  2007.Jan to 2016.Dec
  Observations        120
 -----------------------------------------------------------------------------
               Jan      Feb      Mar      Apr      May      Jun 
               Jul      Aug      Sep      Oct      Nov      Dec        TOTAL  
 -----------------------------------------------------------------------------
  2007          37.      38.      38.      37.      38.      38.
                38.      38.      38.      38.      38.      38.          452.
 
  2008          38.      38.      37.      37.      37.      38.
                37.      38.      37.      37.      36.      36.          445.
 
  2009          36.      36.      36.      36.      36.      36.
                36.      36.      36.      36.      36.      36.          429.
 
  2010          36.      36.      36.      36.      36.      36.
                36.      36.      36.      36.      36.      36.          433.
 
  2011          36.      36.      37.      36.      36.      36.
                36.      36.      36.      36.      36.      36.          434.
 
  2012          35.      36.      36.      36.      36.      36.
                36.      37.      37.      36.      37.      37.          433.
 
  2013          35.      36.      36.      36.      36.      36.
                36.      36.      37.      36.      36.      36.          434.
 
  2014          35.      35.      36.      36.      36.      36.
                36.      35.      35.      35.      35.      35.          425.
 
  2015          34.      35.      35.      35.      35.      36.
                35.      36.      35.      36.      36.      35.          425.
 
  2016          35.      36.      35.      35.      36.      35.
                36.      36.      36.      36.      36.      36.          426.
 
  AVGE          36.      36.      36.      36.      36.      36.
                36.      36.      36.      36.      36.      36.

  Table Total-        4335.   Mean-        36.   Std. Dev.-         1.
                              Min -        34.        Max -        38.
        ces_hours 26620            PAGE   3, SERIES ces_hours_log_ad
                        Automatic ARIMA Model Selection

                    Procedure based closely on TRAMO method 
                         of Gomez and Maravall (2000)
              "Automatic Modeling Methods for Univariate Series",
                            A Course in Time Series
                  (Edited by D. Pena, G. C. Tiao, R. S. Tsay),
                         New York : J. Wiley and Sons


     Maximum order for regular ARMA parameters :   2
     Maximum order for seasonal ARMA parameters :   1
     Maximum order for regular differencing :   2
     Maximum order for seasonal differencing :   1

   Results of Unit Root Test for identifying orders of differencing:
     Regular difference order :   0
     Seasonal difference order :   0

  Automatic model choice : (2 0 0)(1 0 0)
   Model changed to 
   ( 0, 1, 1) ( 0, 1, 1) without constant term


  Final Checks for Identified Model


  Checking for Unit Roots.
   No unit roots found.

  Checking for nonseasonal overdifferencing.
   Nonseasonal MA not within  0.001 of 1.0 - model passes test.

  Checking for insignificant ARMA coefficients.

  Final automatic model choice : (0 1 1)(0 1 1)
   End of automatic model selection procedure.

 Average absolute percentage error in within-sample forecasts:
  Last year:   0.60      Last-1 year:   1.58     Last-2 year:   2.25
  Last three years:    1.48

 Estimation converged in    1 ARMA iterations,    4 function evaluations.

 ARIMA Model:  (0 1 1)(0 1 1)
   Nonseasonal differences: 1
   Seasonal differences:    1
                                              Standard
 Parameter                    Estimate          Errors
 -----------------------------------------------------
 Nonseasonal MA                                    
   Lag  1                       0.4265         0.08120

 Seasonal MA                                       
   Lag 12                       0.8654         0.06626

 Variance                       0.86034E-04
 SE of Var                      0.11762E-04
 -----------------------------------------------------

 Likelihood Statistics
 ------------------------------------------------------------------
 Number of observations (nobs)                                  120
 Effective number of observations (nefobs)                      107
 Number of parameters estimated (np)                              3
 Log likelihood                                            340.9351
 Transformation Adjustment                                -383.2552
 Adjusted Log likelihood (L)                               -42.3201
 AIC                                                        90.6402 
 AICC (F-corrected-AIC)                                     90.8732 
 Hannan Quinn                                               93.8908 
 BIC                                                        98.6587 
 ------------------------------------------------------------------

 QS Statistic for regARIMA Model Residuals (full series):             0.00
                                                       (P-Value =     1.0000)

 QS Statistic for regARIMA Model Residuals (starting 2009.Jan):       0.53
                                                       (P-Value =     0.7663)


  At least one visually significant residual trading day peaks has been
  found in the spectral plot of the following series starting in 2009.Jan:

          regARIMA model residuals (1 Trading Day peak(s))




      10*LOG(SPECTRUM) of the regARIMA model residuals
      Spectrum estimated from 2009.Jan to 2016.Dec.
 ++++++++++I+++++++++++++++++++++++++++++++++++++++++++++++++++++++++++++I
     -33.31I                                          T                  I    -33.31
           I                                          T                  I
           I                                          T                  I
           I                                          T                  I
     -34.59I                                          T                  I    -34.59
           I                                          T                  I
           I                                          T                  I
           I                                          T                  I
     -35.87I                                          T                  I    -35.87
           I                                          T                  I
           I                                          T                  I
           I                                          T                  I
     -37.16I                                         *T                  I    -37.16
           I                                         *T*                 I
           I        *                                *T*                 I
           I        *         *                   *  *T*                 I
     -38.44I       **         *                   *  *T*             *   I    -38.44
           I       **         *            *      *  *T*       *     *   I
           I       **         *            *      *  *T**      *     *   I
           I       **         *            *      *  *T**      *     *   I
     -39.72I       **         *            *      * S*T**      *  *  *   I    -39.72
           I       **         *            *      **S*T**      *  *  *   I
           I    *  **        **            *      **S*T**      *  ****   I
           I    *  **    *   **            *     ***S*T**      *T ****   I
     -41.00I   **  **    *   ***           *     ***S*T**      *T*****   I    -41.00
           I   **  **    *   ***          S*     ***S*T**      *T*****   I
           I   **  **    *   ***          S*     ***S*T**      *T******  I
           I   ** ***    *   ***          S*     ***S*T***     *T******  I
     -42.28I   ******    **  ***          S*     ***S*T***     *T******  I    -42.28
           I   ******    **  ***          S*     ***S*T***    S*T******  I
           I   ******    **  ***      *   S*     ***S*T***    S*T******  I
           I   *******   **  ***S     *   S*     ***S*T***    S*T******  I
     -43.56I   *******   **  ***S     *   S*     ***S*T***    S*T******  I    -43.56
           I   *******  *** ****S     *   S*     ***S*T***    S*T******  I
           I   *******  ********S     *   S*     ***S*T***    S*T******  I
           I   *******  ********S     *   S*    ****S*T***    S*T******  I
     -44.84I   *******  ********S     **  S**   ****S*T***    S*T******  I    -44.84
           I   *******  ********S     **  S**   ****S*T***    S*T******  I
           I   *******  ********S     **  S**   ****S*T***    S*T******  I
           I  ********S ********S*    **  S**   ****S*T***    S*T******* I
     -46.12I  ********S*********S*    ** *S**   ****S*T***    S*T******* I    -46.12
           I  ********S*********S*    ** *S**   ****S*T****   S*T******* I
           I  ********S*********S*   *** *S**   ****S*T****   S*T******* I
           I  ********S*********S*   *****S**  *****S*T****   S*T*******SI
     -47.41I  ********S*********S*   *****S*** *****S*T****  *S*T*******SI    -47.41
           I  ********S*********S*   *****S*********S*T****  *S*T*******SI
           I  ********S*********S*   *****S*********S*T****  *S*T*******SI
           I  ********S*********S*   *****S*********S*T****  *S*T*******SI
     -48.69I *********S*********S**  *****S*********S*T****  *S*T*******SI    -48.69
           I *********S*********S**  *****S*********S*T***** *S*T*******SI
           I *********S*********S**  *****S*********S*T*******S*T*******SI
           I**********S*********S** ******S*********S*T*******S*T*******SI
     -49.97I**********S*********S*********S*********S*T*******S*T*******SI    -49.97
 ++++++++++I+++++++++++++++++++++++++++++++++++++++++++++++++++++++++++++I
            S=SEASONAL FREQUENCIES, T=TRADING DAY FREQUENCIES


 FORECASTING
  Origin  2016.Dec
  Number        12

  Forecasts and Standard Errors of the Transformed Data
   ------------------------------
                         Standard
       Date   Forecast      Error
   ------------------------------
   2017.Jan       3.55      0.009
   2017.Feb       3.56      0.011
   2017.Mar       3.57      0.012
   2017.Apr       3.56      0.013
   2017.May       3.57      0.014
   2017.Jun       3.57      0.015
   2017.Jul       3.56      0.016
   2017.Aug       3.57      0.017
   2017.Sep       3.57      0.018
   2017.Oct       3.57      0.018
   2017.Nov       3.57      0.019
   2017.Dec       3.56      0.020
   ------------------------------

  Confidence intervals with coverage probability ( 0.95000
  On the Original Scale
   ---------------------------------------
       Date      Lower  Forecast     Upper
   ---------------------------------------
   2017.Jan      34.34     34.97     35.61
   2017.Feb      34.58     35.31     36.06
   2017.Mar      34.56     35.38     36.22
   2017.Apr      34.38     35.27     36.19
   2017.May      34.42     35.39     36.38
   2017.Jun      34.51     35.54     36.61
   2017.Jul      34.24     35.34     36.46
   2017.Aug      34.48     35.64     36.84
   2017.Sep      34.29     35.50     36.75
   2017.Oct      34.18     35.44     36.75
   2017.Nov      34.20     35.51     36.88
   2017.Dec      33.98     35.33     36.74
   ---------------------------------------
        ces_hours 26620            PAGE   4, SERIES ces_hours_log_ad

 B 1  Original series (prior adjusted)
  From  2007.Jan to 2016.Dec
  Observations        120
 -----------------------------------------------------------------------------
               Jan      Feb      Mar      Apr      May      Jun 
               Jul      Aug      Sep      Oct      Nov      Dec        TOTAL  
 -----------------------------------------------------------------------------
  2007          37.      38.      38.      37.      38.      38.
                38.      38.      38.      38.      38.      38.          451.
 
  2008          38.      38.      37.      37.      37.      38.
                37.      38.      37.      37.      36.      36.          445.
 
  2009          36.      36.      36.      36.      36.      36.
                36.      36.      36.      36.      36.      36.          429.
 
  2010          36.      36.      36.      36.      36.      36.
                36.      36.      36.      36.      36.      36.          433.
 
  2011          36.      36.      37.      36.      36.      36.
                36.      36.      36.      36.      36.      36.          434.
 
  2012          35.      36.      36.      36.      36.      36.
                36.      37.      37.      36.      37.      37.          433.
 
  2013          35.      36.      36.      36.      36.      36.
                36.      36.      37.      36.      36.      36.          434.
 
  2014          35.      35.      36.      36.      36.      36.
                36.      35.      35.      35.      35.      35.          425.
 
  2015          34.      35.      35.      35.      35.      36.
                35.      36.      35.      36.      36.      35.          425.
 
  2016          35.      36.      35.      35.      36.      35.
                36.      36.      36.      36.      36.      36.          426.
 
  AVGE          36.      36.      36.      36.      36.      36.
                36.      36.      36.      36.      36.      36.

  Table Total-        4335.   Mean-        36.   Std. Dev.-         1.
                              Min -        34.        Max -        38.

 B 1.A  Forecasts of (prior adjusted) original series
  From  2017.Jan to 2017.Dec
  Observations         12
 -----------------------------------------------------------------------------
               Jan      Feb      Mar      Apr      May      Jun 
               Jul      Aug      Sep      Oct      Nov      Dec        TOTAL  
 -----------------------------------------------------------------------------
  2017          35.      35.      35.      35.      35.      36.
                35.      36.      35.      35.      36.      35.          425.
 
        ces_hours 26620            PAGE   5, SERIES ces_hours_log_ad

 C 17  Final weights for irregular component
  From  2007.Jan to 2016.Dec
  Observations        120
  Lower sigma limit    1.50
  Upper sigma limit    2.50
 -----------------------------------------------------------------------------
               Jan      Feb      Mar      Apr      May      Jun 
               Jul      Aug      Sep      Oct      Nov      Dec         S.D.  
 -----------------------------------------------------------------------------
  2007         100.     100.     100.     100.     100.     100.
               100.     100.     100.     100.     100.     100.           11.
 
  2008         100.     100.       0.     100.      52.       0.
                 0.       0.     100.     100.       0.      22.           11.
 
  2009         100.     100.     100.     100.     100.     100.
               100.     100.     100.     100.     100.     100.           11.
 
  2010         100.     100.     100.     100.      80.     100.
               100.     100.     100.     100.     100.     100.           13.
 
  2011          41.     100.     100.     100.     100.     100.
                36.     100.     100.     100.      64.     100.           12.
 
  2012           0.     100.     100.      74.     100.     100.
               100.     100.      28.     100.     100.     100.           14.
 
  2013         100.     100.     100.     100.     100.     100.
               100.     100.       7.     100.     100.     100.           15.
 
  2014         100.       0.     100.     100.     100.     100.
                63.     100.     100.     100.     100.     100.           16.
 
  2015         100.     100.     100.     100.     100.     100.
                93.       0.       0.     100.      28.       0.           14.
 
  2016         100.     100.     100.     100.     100.       0.
               100.     100.     100.     100.     100.     100.           14.
 
        ces_hours 26620            PAGE   6, SERIES ces_hours_log_ad

 D 8  Final unmodified SI ratios
  From  2007.Jan to 2016.Dec
  Observations        120
 -----------------------------------------------------------------------------
               Jan      Feb      Mar      Apr      May      Jun 
               Jul      Aug      Sep      Oct      Nov      Dec         AVGE  
 -----------------------------------------------------------------------------
  2007          -0.      -0.      -0.      -0.       0.       0.
                 0.       0.       0.       0.       0.       0.            0.
 
  2008          -0.      -0.      -0.      -0.      -0.       1.
                -0.       1.       0.       0.      -0.      -0.           -0.
 
  2009          -0.      -0.      -0.      -0.       0.       0.
                 0.       0.      -0.       0.       0.       0.           -0.
 
  2010          -0.      -0.      -0.      -0.       0.       0.
                -0.       0.       0.       0.       0.       0.            0.
 
  2011          -0.      -0.       0.      -0.      -0.       0.
                 0.       0.       0.       0.      -0.       0.            0.
 
  2012          -1.      -0.       0.       0.      -0.       0.
                -0.       0.       0.       0.       0.       0.            0.
 
  2013          -1.      -0.      -0.      -0.       0.       0.
                -0.       0.       1.       0.       0.       0.            0.
 
  2014          -1.      -1.       0.      -0.      -0.       0.
                 0.      -0.       0.      -0.       0.       0.           -0.
 
  2015          -1.       0.      -0.      -0.      -0.       0.
                -0.       1.      -0.       0.       1.      -1.           -0.
 
  2016          -0.      -0.      -0.      -0.      -0.      -0.
                -0.       0.       0.       0.       0.       0.           -0.
 
  AVGE          -0.      -0.      -0.      -0.      -0.       0.
                -0.       0.       0.       0.       0.       0.

  Table Total-          -1.   Mean-        -0.   Std. Dev.-         0.
                              Min -        -1.        Max -         1.
        ces_hours 26620            PAGE   7, SERIES ces_hours_log_ad

 D 8.B  Final unmodified SI ratios, with labels for outliers and extreme values
  From  2007.Jan to 2016.Dec
  Observations        120
 ---------------------------------------------------------------------
               Jan       Feb       Mar       Apr       May       Jun  
               Jul       Aug       Sep       Oct       Nov       Dec  
 ---------------------------------------------------------------------
  2007         -0.       -0.       -0.       -0.        0.        0.  
                0.        0.        0.        0.        0.        0.  
 
  2008         -0.       -0.       -0.*      -0.       -0.*       1.* 
               -0.*       1.*       0.        0.       -0.*      -0.* 
 
  2009         -0.       -0.       -0.       -0.        0.        0.  
                0.        0.       -0.        0.        0.        0.  
 
  2010         -0.       -0.       -0.       -0.        0.*       0.  
               -0.        0.        0.        0.        0.        0.  
 
  2011         -0.*      -0.        0.       -0.       -0.        0.  
                0.*       0.        0.        0.       -0.*       0.  
 
  2012         -1.*      -0.        0.        0.*      -0.        0.  
               -0.        0.        0.*       0.        0.        0.  
 
  2013         -1.       -0.       -0.       -0.        0.        0.  
               -0.        0.        1.*       0.        0.        0.  
 
  2014         -1.       -1.*       0.       -0.       -0.        0.  
                0.*      -0.        0.       -0.        0.        0.  
 
  2015         -1.        0.       -0.       -0.       -0.        0.  
               -0.*       1.*      -0.*       0.        1.*      -1.* 
 
  2016         -0.       -0.       -0.       -0.       -0.       -0.* 
               -0.        0.        0.        0.        0.        0.  
 

  Key to symbols:
    *  : extreme value as determined by X-11 extreme value procedure
 
        ces_hours 26620            PAGE   8, SERIES ces_hours_log_ad

 D 9  Final replacement values for SI ratios
  From  2007.Jan to 2016.Dec
  Observations        120
 ---------------------------------------------------------------
               Jan      Feb      Mar      Apr      May      Jun 
               Jul      Aug      Sep      Oct      Nov      Dec 
 ---------------------------------------------------------------
  2007     ******** ******** ******** ******** ******** ********
           ******** ******** ******** ******** ******** ********
 
  2008     ******** ********      -0. ********      -0.       0.
                 0.       0. ******** ********      -0.      -0.
 
  2009     ******** ******** ******** ******** ******** ********
           ******** ******** ******** ******** ******** ********
 
  2010     ******** ******** ******** ********       0. ********
           ******** ******** ******** ******** ******** ********
 
  2011          -0. ******** ******** ******** ******** ********
                 0. ******** ******** ********      -0. ********
 
  2012          -1. ******** ********       0. ******** ********
           ******** ********       0. ******** ******** ********
 
  2013     ******** ******** ******** ******** ******** ********
           ******** ********       0. ******** ******** ********
 
  2014     ********      -0. ******** ******** ******** ********
                 0. ******** ******** ******** ******** ********
 
  2015     ******** ******** ******** ******** ******** ********
                -0.       0.       0. ********       0.       0.
 
  2016     ******** ******** ******** ******** ********       0.
           ******** ******** ******** ******** ******** ********
 

 D 9.A  Moving seasonality ratio
 ---------------------------------------------------------------
               Jan      Feb      Mar      Apr      May      Jun 
 ---------------------------------------------------------------
   I          0.126    0.101    0.095    0.128    0.098    0.081
   S          0.059    0.012    0.018    0.019    0.010    0.026
 RATIO        2.159    8.140    5.138    6.715    9.450    3.145



 ---------------------------------------------------------------
               Jul      Aug      Sep      Oct      Nov      Dec 
 ---------------------------------------------------------------
   I          0.133    0.136    0.101    0.099    0.109    0.083
   S          0.020    0.022    0.011    0.014    0.040    0.026
 RATIO        6.620    6.145    8.970    7.023    2.681    3.245



        ces_hours 26620            PAGE   9, SERIES ces_hours_log_ad

 D 10  Final seasonal factors
  From  2007.Jan to 2016.Dec
  Observations        120
  Seasonal filter    3 x 5 moving average
 -----------------------------------------------------------------------------
               Jan      Feb      Mar      Apr      May      Jun 
               Jul      Aug      Sep      Oct      Nov      Dec         AVGE  
 -----------------------------------------------------------------------------
  2007          -0.      -0.      -0.      -0.      -0.       0.
                 0.       0.       0.       0.       0.      -0.           -0.
 
  2008          -0.      -0.      -0.      -0.      -0.       0.
                 0.       0.       0.       0.       0.       0.            0.
 
  2009          -0.      -0.      -0.      -0.      -0.       0.
                 0.       0.       0.       0.       0.       0.            0.
 
  2010          -0.      -0.       0.      -0.      -0.       0.
                -0.       0.       0.       0.       0.       0.            0.
 
  2011          -0.      -0.       0.      -0.      -0.       0.
                -0.       0.       0.       0.       0.       0.            0.
 
  2012          -1.      -0.       0.      -0.      -0.       0.
                -0.       0.       0.       0.       0.       0.            0.
 
  2013          -1.      -0.       0.      -0.      -0.       0.
                -0.       0.       0.       0.       0.       0.            0.
 
  2014          -1.      -0.      -0.      -0.      -0.       0.
                -0.       0.       0.       0.       0.       0.            0.
 
  2015          -1.      -0.      -0.      -0.      -0.       0.
                -0.       0.       0.       0.       0.       0.           -0.
 
  2016          -1.      -0.      -0.      -0.      -0.       0.
                -0.       0.       0.       0.       0.       0.           -0.
 
  AVGE          -0.      -0.      -0.      -0.      -0.       0.
                -0.       0.       0.       0.       0.       0.

  Table Total-           0.   Mean-         0.   Std. Dev.-         0.
                              Min -        -1.        Max -         0.

 D 10.A  Final seasonal component forecasts
  From  2017.Jan to 2017.Dec
  Observations         12
 -----------------------------------------------------------------------------
               Jan      Feb      Mar      Apr      May      Jun 
               Jul      Aug      Sep      Oct      Nov      Dec         AVGE  
 -----------------------------------------------------------------------------
  2017          -1.      -0.      -0.      -0.      -0.       0.
                -0.       0.       0.       0.       0.       0.           -0.
 
        ces_hours 26620            PAGE  10, SERIES ces_hours_log_ad

 D 11  Final seasonally adjusted data
  From  2007.Jan to 2016.Dec
  Observations        120
 -----------------------------------------------------------------------------
               Jan      Feb      Mar      Apr      May      Jun 
               Jul      Aug      Sep      Oct      Nov      Dec        TOTAL  
 -----------------------------------------------------------------------------
  2007          38.      38.      38.      38.      38.      38.
                38.      38.      38.      38.      38.      38.          452.
 
  2008          38.      38.      37.      37.      37.      38.
                37.      38.      37.      37.      36.      36.          444.
 
  2009          36.      36.      36.      36.      36.      36.
                36.      36.      36.      36.      36.      36.          429.
 
  2010          36.      36.      36.      36.      36.      36.
                36.      36.      36.      36.      36.      36.          433.
 
  2011          37.      37.      36.      36.      36.      36.
                36.      36.      36.      36.      35.      36.          434.
 
  2012          35.      36.      36.      36.      36.      36.
                36.      36.      37.      36.      36.      36.          433.
 
  2013          36.      36.      36.      36.      36.      36.
                36.      36.      37.      36.      36.      36.          434.
 
  2014          36.      35.      36.      36.      36.      36.
                36.      35.      35.      35.      35.      35.          425.
 
  2015          35.      35.      35.      35.      35.      35.
                35.      36.      35.      36.      36.      35.          425.
 
  2016          36.      36.      35.      35.      36.      35.
                36.      36.      35.      36.      35.      35.          426.
 
  AVGE          36.      36.      36.      36.      36.      36.
                36.      36.      36.      36.      36.      36.

  Table Total-        4335.   Mean-        36.   Std. Dev.-         1.
                              Min -        35.        Max -        38.
        ces_hours 26620            PAGE  11, SERIES ces_hours_log_ad

 D 12  Final trend cycle
  From  2007.Jan to 2016.Dec
  Observations        120
  Trend filter    13-term Henderson moving average
  I/C ratio        1.51
 -----------------------------------------------------------------------------
               Jan      Feb      Mar      Apr      May      Jun 
               Jul      Aug      Sep      Oct      Nov      Dec        TOTAL  
 -----------------------------------------------------------------------------
  2007          38.      38.      38.      38.      38.      38.
                38.      38.      38.      38.      38.      38.          452.
 
  2008          38.      38.      38.      37.      37.      37.
                37.      37.      37.      37.      36.      36.          445.
 
  2009          36.      36.      36.      36.      36.      36.
                36.      36.      36.      36.      36.      36.          429.
 
  2010          36.      36.      36.      36.      36.      36.
                36.      36.      36.      36.      36.      36.          433.
 
  2011          36.      36.      36.      36.      36.      36.
                36.      36.      36.      36.      36.      36.          434.
 
  2012          36.      36.      36.      36.      36.      36.
                36.      36.      36.      36.      36.      36.          433.
 
  2013          36.      36.      36.      36.      36.      36.
                36.      36.      36.      36.      36.      36.          433.
 
  2014          36.      36.      36.      36.      36.      36.
                35.      35.      35.      35.      35.      35.          426.
 
  2015          35.      35.      35.      35.      35.      35.
                35.      36.      36.      36.      36.      36.          426.
 
  2016          36.      36.      36.      35.      36.      36.
                36.      36.      36.      36.      35.      35.          426.
 
  AVGE          36.      36.      36.      36.      36.      36.
                36.      36.      36.      36.      36.      36.

  Table Total-        4336.   Mean-        36.   Std. Dev.-         1.
                              Min -        35.        Max -        38.
        ces_hours 26620            PAGE  12, SERIES ces_hours_log_ad

 D 13  Final irregular component
  From  2007.Jan to 2016.Dec
  Observations        120
 -----------------------------------------------------------------------------
               Jan      Feb      Mar      Apr      May      Jun 
               Jul      Aug      Sep      Oct      Nov      Dec         S.D.  
 -----------------------------------------------------------------------------
  2007          -0.       0.       0.      -0.       0.       0.
                -0.      -0.      -0.      -0.      -0.       0.            0.
 
  2008           0.       0.      -0.      -0.      -0.       0.
                -0.       1.       0.       0.      -0.      -0.            0.
 
  2009           0.      -0.      -0.       0.       0.       0.
                 0.      -0.      -0.      -0.       0.      -0.            0.
 
  2010           0.      -0.      -0.       0.       0.      -0.
                -0.      -0.      -0.       0.       0.      -0.            0.
 
  2011           0.       0.       0.      -0.      -0.      -0.
                 0.       0.      -0.      -0.      -0.       0.            0.
 
  2012          -0.      -0.       0.       0.      -0.      -0.
                -0.       0.       0.      -0.       0.       0.            0.
 
  2013          -0.      -0.      -0.      -0.       0.       0.
                -0.      -0.       0.       0.       0.       0.            0.
 
  2014          -0.      -1.       0.      -0.       0.       0.
                 0.      -0.      -0.      -0.       0.      -0.            0.
 
  2015          -0.       0.      -0.       0.      -0.       0.
                -0.       1.      -0.       0.       0.      -1.            0.
 
  2016           0.      -0.      -0.      -0.       0.      -0.
                 0.       0.      -0.       0.      -0.      -0.            0.
 
  S.D.           0.       0.       0.       0.       0.       0.
                 0.       0.       0.       0.       0.       0.

  Table Total-          -1.   Mean-        -0.   Std. Dev.-         0.
                              Min -        -1.        Max -         1.
        ces_hours 26620            PAGE  13, SERIES ces_hours_log_ad

 D 16  Combined adjustment factors
  From  2007.Jan to 2016.Dec
  Observations        120
 -----------------------------------------------------------------------------
               Jan      Feb      Mar      Apr      May      Jun 
               Jul      Aug      Sep      Oct      Nov      Dec         AVGE  
 -----------------------------------------------------------------------------
  2007          -0.      -0.      -0.      -0.      -0.       0.
                 0.       0.       0.       0.       0.      -0.           -0.
 
  2008          -0.      -0.      -0.      -0.      -0.       0.
                 0.       0.       0.       0.       0.       0.            0.
 
  2009          -0.      -0.      -0.      -0.      -0.       0.
                 0.       0.       0.       0.       0.       0.            0.
 
  2010          -0.      -0.       0.      -0.      -0.       0.
                -0.       0.       0.       0.       0.       0.            0.
 
  2011          -0.      -0.       0.      -0.      -0.       0.
                -0.       0.       0.       0.       0.       0.            0.
 
  2012          -1.      -0.       0.      -0.      -0.       0.
                -0.       0.       0.       0.       0.       0.            0.
 
  2013          -1.      -0.       0.      -0.      -0.       0.
                -0.       0.       0.       0.       0.       0.            0.
 
  2014          -1.      -0.      -0.      -0.      -0.       0.
                -0.       0.       0.       0.       0.       0.            0.
 
  2015          -1.      -0.      -0.      -0.      -0.       0.
                -0.       0.       0.       0.       0.       0.           -0.
 
  2016          -1.      -0.      -0.      -0.      -0.       0.
                -0.       0.       0.       0.       0.       0.           -0.
 
  AVGE          -0.      -0.      -0.      -0.      -0.       0.
                -0.       0.       0.       0.       0.       0.

  Table Total-           0.   Mean-         0.   Std. Dev.-         0.
                              Min -        -1.        Max -         0.

 D 16.A  Combined adjustment component forecasts
  From  2017.Jan to 2017.Dec
  Observations         12
 -----------------------------------------------------------------------------
               Jan      Feb      Mar      Apr      May      Jun 
               Jul      Aug      Sep      Oct      Nov      Dec         AVGE  
 -----------------------------------------------------------------------------
  2017          -1.      -0.      -0.      -0.      -0.       0.
                -0.       0.       0.       0.       0.       0.           -0.
 
        ces_hours 26620            PAGE  14, SERIES ces_hours_log_ad

 E 4  Differences of annual totals
  From          2007 to 2016
  Observations         10
 -----------------------------------
  Year       Unmodified     Modified
                  (D11)         (E2)
 -----------------------------------
  2007              -0.          -0.
 
  2008               0.           0.
 
  2009               0.           0.
 
  2010               0.           0.
 
  2011               0.           0.
 
  2012               0.           0.
 
  2013               0.           0.
 
  2014               0.           0.
 
  2015              -0.          -0.
 
  2016              -0.          -0.
 
        ces_hours 26620            PAGE  15, SERIES ces_hours_log_ad

 E 5  Month-to-month differences in the original series
  From  2007.Feb to 2016.Dec
  Observations        119
 -----------------------------------------------------------------------------
               Jan      Feb      Mar      Apr      May      Jun 
               Jul      Aug      Sep      Oct      Nov      Dec         AVGE  
 -----------------------------------------------------------------------------
  2007                    0.       0.      -0.       0.       0.
                -0.       0.       0.       0.       0.       0.            0.
 
  2008          -0.       0.      -0.       0.      -0.       1.
                -1.       1.      -1.      -0.      -1.      -0.           -0.
 
  2009          -0.      -0.       0.      -0.       0.       0.
                -0.       0.      -0.       0.       0.       0.            0.
 
  2010          -0.       0.       0.       0.       0.      -0.
                -0.       0.       0.       0.       0.       0.            0.
 
  2011          -0.       0.       0.      -0.       0.       0.
                 0.       0.      -0.      -0.      -0.       0.           -0.
 
  2012          -1.       1.       0.       0.      -0.       0.
                -0.       1.       0.      -0.       0.      -0.            0.
 
  2013          -1.       1.       0.      -0.       0.       0.
                -0.       0.       1.      -0.       0.       0.           -0.
 
  2014          -1.       0.       1.      -0.       0.       0.
                -0.      -0.       0.      -0.       1.      -0.           -0.
 
  2015          -1.       1.      -0.       0.       0.       0.
                -0.       1.      -1.       1.       0.      -1.            0.
 
  2016           0.       0.      -0.       0.       0.      -0.
                 0.       0.      -0.       0.      -0.      -0.            0.
 
  AVGE          -1.       0.       0.      -0.       0.       0.
                -0.       0.      -0.      -0.       0.      -0.

  Table Total-          -2.   Mean-        -0.   Std. Dev.-         0.
                              Min -        -1.        Max -         1.
        ces_hours 26620            PAGE  16, SERIES ces_hours_log_ad

 E 6  Month-to-month differences in seasonally adjusted series (D11)
  From  2007.Feb to 2016.Dec
  Observations        119
 -----------------------------------------------------------------------------
               Jan      Feb      Mar      Apr      May      Jun 
               Jul      Aug      Sep      Oct      Nov      Dec         AVGE  
 -----------------------------------------------------------------------------
  2007                    0.      -0.      -0.       0.      -0.
                -0.       0.       0.       0.       0.       0.            0.
 
  2008          -0.      -0.      -1.       0.      -0.       1.
                -1.       1.      -1.      -0.      -1.      -0.           -0.
 
  2009           0.      -0.       0.       0.      -0.       0.
                -0.      -0.      -0.       0.       0.      -0.            0.
 
  2010           0.      -0.      -0.       0.       0.      -0.
                -0.      -0.       0.       0.       0.       0.            0.
 
  2011           0.      -0.      -0.      -0.      -0.      -0.
                 0.      -0.      -0.      -0.      -0.       0.           -0.
 
  2012          -1.       0.       0.       0.      -0.       0.
                 0.       0.       0.      -0.       0.      -0.            0.
 
  2013          -0.       0.      -0.       0.       0.       0.
                -0.      -0.       0.      -0.       0.       0.           -0.
 
  2014          -0.      -1.       1.      -0.       0.      -0.
                 0.      -1.       0.      -0.       0.      -0.           -0.
 
  2015           0.       0.      -0.       0.      -0.       0.
                -0.       1.      -1.       1.       0.      -1.            0.
 
  2016           1.      -0.      -0.       0.       0.      -0.
                 1.       0.      -0.       0.      -0.      -0.            0.
 
  AVGE           0.      -0.      -0.       0.      -0.       0.
                -0.       0.      -0.      -0.      -0.      -0.

  Table Total-          -2.   Mean-        -0.   Std. Dev.-         0.
                              Min -        -1.        Max -         1.
        ces_hours 26620            PAGE  17, SERIES ces_hours_log_ad

 E 7  Month-to-month differences in final trend cycle (D12)
  From  2007.Feb to 2016.Dec
  Observations        119
 -----------------------------------------------------------------------------
               Jan      Feb      Mar      Apr      May      Jun 
               Jul      Aug      Sep      Oct      Nov      Dec         AVGE  
 -----------------------------------------------------------------------------
  2007                   -0.      -0.      -0.      -0.      -0.
                -0.       0.       0.       0.       0.       0.            0.
 
  2008          -0.      -0.      -0.      -0.      -0.      -0.
                -0.      -0.      -0.      -0.      -0.      -0.           -0.
 
  2009          -0.      -0.      -0.      -0.      -0.      -0.
                -0.      -0.       0.       0.       0.       0.           -0.
 
  2010           0.       0.       0.      -0.      -0.      -0.
                -0.       0.       0.       0.       0.       0.            0.
 
  2011           0.       0.      -0.      -0.      -0.      -0.
                -0.      -0.      -0.      -0.      -0.      -0.           -0.
 
  2012           0.       0.       0.       0.       0.       0.
                 0.       0.       0.       0.      -0.      -0.            0.
 
  2013          -0.      -0.      -0.       0.       0.       0.
                 0.       0.       0.      -0.      -0.      -0.           -0.
 
  2014          -0.      -0.      -0.      -0.      -0.      -0.
                -0.      -0.      -0.      -0.      -0.       0.           -0.
 
  2015           0.       0.       0.       0.       0.       0.
                 0.       0.       0.       0.       0.      -0.            0.
 
  2016          -0.      -0.      -0.      -0.       0.       0.
                 0.       0.      -0.      -0.      -0.      -0.           -0.
 
  AVGE          -0.      -0.      -0.      -0.      -0.      -0.
                -0.      -0.      -0.      -0.      -0.      -0.

  Table Total-          -2.   Mean-        -0.   Std. Dev.-         0.
                              Min -        -0.        Max -         0.
        ces_hours 26620            PAGE  18, SERIES ces_hours_log_ad

 E 8  Month-to-month differences in original series adjusted for calendar factors (A18)
  From  2007.Feb to 2016.Dec
  Observations        119
 -----------------------------------------------------------------------------
               Jan      Feb      Mar      Apr      May      Jun 
               Jul      Aug      Sep      Oct      Nov      Dec         AVGE  
 -----------------------------------------------------------------------------
  2007                    0.       0.      -0.       0.       0.
                -0.       0.       0.       0.       0.       0.            0.
 
  2008          -0.       0.      -0.       0.      -0.       1.
                -1.       1.      -1.      -0.      -1.      -0.           -0.
 
  2009          -0.      -0.       0.      -0.       0.       0.
                -0.       0.      -0.       0.       0.       0.            0.
 
  2010          -0.       0.       0.       0.       0.      -0.
                -0.       0.       0.       0.       0.       0.            0.
 
  2011          -0.       0.       0.      -0.       0.       0.
                 0.       0.      -0.      -0.      -0.       0.           -0.
 
  2012          -1.       1.       0.       0.      -0.       0.
                -0.       1.       0.      -0.       0.      -0.            0.
 
  2013          -1.       1.       0.      -0.       0.       0.
                -0.       0.       0.      -0.       0.       0.           -0.
 
  2014          -1.       0.       1.      -0.       0.       0.
                -0.      -0.       0.      -0.       0.      -0.           -0.
 
  2015          -1.       1.      -0.       0.       0.       0.
                -0.       1.      -1.       1.       0.      -1.            0.
 
  2016           0.       0.      -0.       0.       0.      -0.
                 0.       0.      -0.       0.      -0.      -0.            0.
 
  AVGE          -1.       0.       0.      -0.       0.       0.
                -0.       0.      -0.      -0.       0.      -0.

  Table Total-          -2.   Mean-        -0.   Std. Dev.-         0.
                              Min -        -1.        Max -         1.
        ces_hours 26620            PAGE  19, SERIES ces_hours_log_ad

 E 18  Final adjustment ratios
  From  2007.Jan to 2016.Dec
  Observations        120
 -----------------------------------------------------------------------------
               Jan      Feb      Mar      Apr      May      Jun 
               Jul      Aug      Sep      Oct      Nov      Dec         AVGE  
 -----------------------------------------------------------------------------
  2007       99.410   99.735   99.901   99.575   99.984  100.307
            100.097  100.357  100.315  100.258  100.058   99.991        99.999
 
  2008       99.411   99.745   99.923   99.572   99.988  100.281
            100.088  100.376  100.317  100.251  100.045  100.033       100.003
 
  2009       99.336   99.725   99.966   99.600   99.971  100.245
            100.036  100.451  100.351  100.243  100.083  100.109       100.010
 
  2010       99.178   99.713  100.010   99.645   99.962  100.241
             99.964  100.501  100.366  100.207  100.172  100.252       100.018
 
  2011       98.926   99.700  100.050   99.666   99.968  100.287
             99.901  100.481  100.401  100.153  100.351  100.397       100.023
 
  2012       98.550   99.734  100.064   99.621   99.951  100.409
             99.838  100.453  100.414  100.121  100.514  100.510       100.015
 
  2013       98.330   99.778  100.018   99.570   99.920  100.513
             99.787  100.436  100.431  100.157  100.685  100.523       100.012
 
  2014       98.194   99.806   99.924   99.517   99.900  100.609
             99.741  100.443  100.427  100.248  100.811  100.498       100.010
 
  2015       98.157   99.810   99.833   99.474   99.911  100.637
             99.743  100.417  100.371  100.315  100.849  100.409        99.994
 
  2016       98.280   99.839   99.777   99.447   99.899  100.623
             99.737  100.462  100.335  100.393  100.848  100.334        99.998
 
  AVGE       98.777   99.759   99.946   99.569   99.945  100.415
             99.893  100.438  100.373  100.235  100.442  100.306

  Table Total-       12001.   Mean-       100.   Std. Dev.-         1.
                              Min -        98.        Max -       101.

 E 18.A  Final adjustment ratio forecasts
  From  2017.Jan to 2017.Dec
  Observations         12
 -----------------------------------------------------------------------------
               Jan      Feb      Mar      Apr      May      Jun 
               Jul      Aug      Sep      Oct      Nov      Dec         AVGE  
 -----------------------------------------------------------------------------
  2017       98.339   99.859   99.746   99.459   99.882  100.580
             99.708  100.519  100.320  100.455  100.842  100.287       100.000
 

  QS statistic for seasonality:
  Original Series                                    16.66  (P-Value =     0.0002)
  Original Series (EV adj)                           16.66  (P-Value =     0.0002)
  Residuals                                           0.00  (P-Value =     1.0000)
  Seasonally Adjusted Series                          0.00  (P-Value =     1.0000)
  Seasonally Adjusted Series (EV adj)                 1.03  (P-Value =     0.5988)
  Irregular Series                                    0.00  (P-Value =     1.0000)
  Irregular Series (EV adj)                           0.00  (P-Value =     1.0000)

  QS statistic for seasonality (starting 2009.Jan):
  Original Series                                    19.26  (P-Value =     0.0001)
  Original Series (EV adj)                           19.26  (P-Value =     0.0001)
  Residuals                                           0.53  (P-Value =     0.7663)
  Seasonally Adjusted Series                          0.00  (P-Value =     1.0000)
  Seasonally Adjusted Series (EV adj)                 0.88  (P-Value =     0.6434)
  Irregular Series                                    0.00  (P-Value =     1.0000)
  Irregular Series (EV adj)                           0.00  (P-Value =     1.0000)
        ces_hours 26620            PAGE  20, SERIES ces_hours_log_ad


  Visually significant residual trading day peaks have been
  found in the spectral plots of the following series starting in 2009.Jan:

          differenced seasonally adjusted series (Table E2) (1 Trading Day peak(s))

          Modified irregular component (Table E3) (2 Seasonal and 


 WARNING: Series should not be a candidate for seasonal adjustment
          because the spectrum of the original series (Table A1 or B1)
          has no visually significant seasonal peaks.

          If this is a component series of an indirectly adjusted
          composite series, consider using type = trend or type = summary
          in the x11 spec.
        ces_hours 26620            PAGE  21, SERIES ces_hours_log_ad
 G 0  10*LOG(SPECTRUM) of the differenced Original Series
      (Table A1 or B1).  Spectrum estimated from 2009.Jan to 2016.Dec.
 ++++++++++I+++++++++++++++++++++++++++++++++++++++++++++++++++++++++++++I
       2.42I                                         *                   I      2.42
           I                                         *                   I
           I                                        S*                   I
           I                                        S*                   I
       0.42I                                        S*                   I      0.42
           I                                        S*                   I
           I                                        S*                   I
           I                                        S*                   I
      -1.58I                                        S*                   I     -1.58
           I                                        S*T                  I
           I                                        S*T                  I
           I                                        S*T                  I
      -3.57I                                        S*T*                 I     -3.57
           I                                        S*T*                 I
           I                                       *S*T*                 I
           I                                       *S*T*                 I
      -5.57I                                       *S*T*                 I     -5.57
           I                              S*       *S*T*       *T   *    I
           I                              S*       *S*T*       *T   **   I
           I                              S*       *S*T*       *T  *****SI
      -7.57I                              S*      **S*T*       *T  *****SI     -7.57
           I                    S         S*      **S*T**      *T*******SI
           I          S        *S         S*      **S*T**      *T*******SI
           I          S        *S         S*     ***S*T**      *T*******SI
      -9.57I          S        *S         S*     ***S*T**     S*T*******SI     -9.57
           I         *S        *S         S*     ***S*T**     S*T*******SI
           I         *S        *S         S*     ***S*T**     S*T*******SI
           I         *S        *S         S*     ***S*T**     S*T*******SI
     -11.57I        **S        *S         S*    ****S*T**     S*T*******SI    -11.57
           I        **S*      **S        *S*    ****S*T***    S*T*******SI
           I        **S*    * **S        *S*    ****S*T***    S*T*******SI
           I       ***S*    ****S*     ***S*    ****S*T***   *S*T*******SI
     -13.57I       ***S*    ****S*     ***S**   ****S*T***   *S*T*******SI    -13.57
           I       ***S*   *****S*    ****S**   ****S*T***   *S*T*******SI
           I       ***S*   *****S*    ****S**  *****S*T****  *S*T*******SI
           I      ****S*   *****S*    ****S**  *****S*T**** **S*T*******SI
     -15.56I    * ****S**  *****S*    ****S**  *****S*T*******S*T*******SI    -15.56
           I    ******S** ******S*   *****S*** *****S*T*******S*T*******SI
           I   *******S** ******S**  *****S*********S*T*******S*T*******SI
           I   *******S*********S**  *****S*********S*T*******S*T*******SI
     -17.56I   *******S*********S*********S*********S*T*******S*T*******SI    -17.56
           I   *******S*********S*********S*********S*T*******S*T*******SI
           I   *******S*********S*********S*********S*T*******S*T*******SI
           I   *******S*********S*********S*********S*T*******S*T*******SI
     -19.56I   *******S*********S*********S*********S*T*******S*T*******SI    -19.56
           I  ********S*********S*********S*********S*T*******S*T*******SI
           I  ********S*********S*********S*********S*T*******S*T*******SI
           I  ********S*********S*********S*********S*T*******S*T*******SI
     -21.56I  ********S*********S*********S*********S*T*******S*T*******SI    -21.56
           I  ********S*********S*********S*********S*T*******S*T*******SI
           I  ********S*********S*********S*********S*T*******S*T*******SI
           I *********S*********S*********S*********S*T*******S*T*******SI
     -23.56I**********S*********S*********S*********S*T*******S*T*******SI    -23.56
 ++++++++++I+++++++++++++++++++++++++++++++++++++++++++++++++++++++++++++I
            S=SEASONAL FREQUENCIES, T=TRADING DAY FREQUENCIES
        ces_hours 26620            PAGE  22, SERIES ces_hours_log_ad
 G 1  10*LOG(SPECTRUM) of the differenced seasonally adjusted 
      data (Table E2).  Spectrum estimated from 2009.Jan to 2016.Dec.
 ++++++++++I+++++++++++++++++++++++++++++++++++++++++++++++++++++++++++++I
      -6.69I                                          T                  I     -6.69
           I                                          T                  I
           I                                          T                  I
           I                                          T                  I
      -8.27I                                          T                  I     -8.27
           I                                          T                  I
           I                                          T                  I
           I                                          T         T        I
      -9.85I                                          T         T        I     -9.85
           I                                          T         T        I
           I       *                                  T         T        I
           I       *                   *             *T        *T*       I
     -11.43I       *                   *             *T        *T*       I    -11.43
           I       *          *        *             *T        *T*       I
           I       *          *        *         *   *T        *T*   *   I
           I       *     *    *        *         *   *T        *T*   **  I
     -13.01I       *     **  **        *         *   *T        *T*   **  I    -13.01
           I       *     **  **        *         *   *T        *T**  **  I
           I       *     **  **        *         *   *T       S*T**  **  I
           I   *   *     **  **       **         *   *T    *  S*T** ***  I
     -14.59I   *   *     **  **       **        **   *T    *  S*T******  I    -14.59
           I   **  **    **  **       **        ***  *T    *  S*T******  I
           I   **  **    **  **       **        *** S*T*  **  S*T******  I
           I   ** ***    **  **       **    *   *** S*T*  ****S*T******* I
     -16.17I   ** ***    **  **       **    *   *** S*T*  ****S*T******* I    -16.17
           I   ** ***    **  **       **   **   ****S*T*  ****S*T******* I
           I   ** ***   **** **       **   **   ****S*T*  ****S*T*******SI
           I   ** ***   *******       ***  **   ****S*T*  ****S*T*******SI
     -17.75I   ******   *******       ***  **  *****S*T*  ****S*T*******SI    -17.75
           I   ******   *******       ***  *** *****S*T* *****S*T*******SI
           I   *******  *******      ****  *** *****S*T* *****S*T*******SI
           I   *******  *******    * **** S*********S*T*******S*T*******SI
     -19.33I   ******* *********   ****** S*********S*T*******S*T*******SI    -19.33
           I   *******S*********   *******S*********S*T*******S*T*******SI
           I   *******S*********  ********S*********S*T*******S*T*******SI
           I   *******S*********  ********S*********S*T*******S*T*******SI
     -20.91I   *******S*********  ********S*********S*T*******S*T*******SI    -20.91
           I   *******S*********  ********S*********S*T*******S*T*******SI
           I   *******S*********  ********S*********S*T*******S*T*******SI
           I   *******S*********S*********S*********S*T*******S*T*******SI
     -22.49I  ********S*********S*********S*********S*T*******S*T*******SI    -22.49
           I  ********S*********S*********S*********S*T*******S*T*******SI
           I  ********S*********S*********S*********S*T*******S*T*******SI
           I  ********S*********S*********S*********S*T*******S*T*******SI
     -24.08I  ********S*********S*********S*********S*T*******S*T*******SI    -24.08
           I  ********S*********S*********S*********S*T*******S*T*******SI
           I  ********S*********S*********S*********S*T*******S*T*******SI
           I  ********S*********S*********S*********S*T*******S*T*******SI
     -25.66I  ********S*********S*********S*********S*T*******S*T*******SI    -25.66
           I  ********S*********S*********S*********S*T*******S*T*******SI
           I *********S*********S*********S*********S*T*******S*T*******SI
           I *********S*********S*********S*********S*T*******S*T*******SI
     -27.24I**********S*********S*********S*********S*T*******S*T*******SI    -27.24
 ++++++++++I+++++++++++++++++++++++++++++++++++++++++++++++++++++++++++++I
            S=SEASONAL FREQUENCIES, T=TRADING DAY FREQUENCIES
        ces_hours 26620            PAGE  23, SERIES ces_hours_log_ad
 G 2  10*LOG(SPECTRUM) of the Modified Irregular (Table E3).  
      Spectrum estimated from 2009.Jan to 2016.Dec.
 ++++++++++I+++++++++++++++++++++++++++++++++++++++++++++++++++++++++++++I
     -11.68I                  *                                          I    -11.68
           I                  *                       T                  I
           I                  *                       T                  I
           I                  *        *              T                  I
     -13.18I                  *        *              T                  I    -13.18
           I                  *        *              T                  I
           I              *   *        *              T                  I
           I              *   *        *              T                  I
     -14.69I              *   *        *              T         T        I    -14.69
           I              *   *        *              T         T        I
           I              *   *        *              T         T        I
           I              *  **       **             *T         T        I
     -16.20I              *  **       **             *T         T        I    -16.20
           I              *  **       **         *   *T         T        I
           I              *  **       **         *   *T         T*       I
           I             **  **       **         *   *T        *T*       I
     -17.71I             *** **       **         *   *T        *T*   *   I    -17.71
           I             *** **       **         *   *T        *T*   *   I
           I             *** **       **         *   *T        *T*   *   I
           I             *** **       **    *   **   *T        *T*   *   I
     -19.21I             ******       **    *   **   *T        *T*   **  I    -19.21
           I             ******       **   **   **   *T        *T*   **  I
           I             ******    *  **   **   ***  *T    *  S*T** ***  I
           I             ******    ******  **   *** S*T*   *  S*T** ***  I
     -20.72I             *******   ******  **   *** S*T*   *  S*T******  I    -20.72
           I            ********   ******  **   *** S*T*   ** S*T******  I
           I            ********   ******  **   *** S*T*  ****S*T******  I
           I            ********   ******  ***  ****S*T*  ****S*T******* I
     -22.23I           *********   ******  *** *****S*T*  ****S*T******* I    -22.23
           I        *  *********  ******* S*** *****S*T*  ****S*T******* I
           I        **S*********  ********S*** *****S*T*  ****S*T*******SI
           I       ***S*********  ********S*********S*T* *****S*T*******SI
     -23.74I       ***S*********  ********S*********S*T*******S*T*******SI    -23.74
           I       ***S*********  ********S*********S*T*******S*T*******SI
           I       ***S*********S*********S*********S*T*******S*T*******SI
           I       ***S*********S*********S*********S*T*******S*T*******SI
     -25.24I      ****S*********S*********S*********S*T*******S*T*******SI    -25.24
           I      ****S*********S*********S*********S*T*******S*T*******SI
           I      ****S*********S*********S*********S*T*******S*T*******SI
           I      ****S*********S*********S*********S*T*******S*T*******SI
     -26.75I      ****S*********S*********S*********S*T*******S*T*******SI    -26.75
           I     *****S*********S*********S*********S*T*******S*T*******SI
           I    ******S*********S*********S*********S*T*******S*T*******SI
           I   *******S*********S*********S*********S*T*******S*T*******SI
     -28.26I   *******S*********S*********S*********S*T*******S*T*******SI    -28.26
           I   *******S*********S*********S*********S*T*******S*T*******SI
           I  ********S*********S*********S*********S*T*******S*T*******SI
           I  ********S*********S*********S*********S*T*******S*T*******SI
     -29.77I  ********S*********S*********S*********S*T*******S*T*******SI    -29.77
           I  ********S*********S*********S*********S*T*******S*T*******SI
           I  ********S*********S*********S*********S*T*******S*T*******SI
           I *********S*********S*********S*********S*T*******S*T*******SI
     -31.27I**********S*********S*********S*********S*T*******S*T*******SI    -31.27
 ++++++++++I+++++++++++++++++++++++++++++++++++++++++++++++++++++++++++++I
            S=SEASONAL FREQUENCIES, T=TRADING DAY FREQUENCIES
        ces_hours 26620            PAGE  24, SERIES ces_hours_log_ad

  Peak probabilities for Tukey spectrum estimator
  Spectrum estimated from 2009.Jan to 2016.Dec.

                                          S1       S2       S3       S4       S5       S6       TD
                                        ------   ------   ------   ------   ------   ------   ------
  Model Residuals                        0.033    0.496    0.845    0.491    0.368    0.120    0.034  
  Original Series (Table A1 or B1)       0.818    0.885    0.992**  0.571    0.248    0.576    0.196  
  Seasonally adjusted series (E2)        0.030    0.042    0.361    0.022    0.304    0.225    0.498  
  Modified Irregular (E3)                0.048    0.032    0.306    0.020    0.307    0.213    0.511  
  ----------
     ** - Peak Probability > 0.99,
      * - 0.90 < Peak Probability < 0.99


