  Reading input spec file from D:\Programming\Dynamic Paper-dlrhcs_replication\outputs\empirical\unemployment\raw_sa_pilot\x13_work\ces_hours_log_additive_16984_200701_201612.spc

1

               U. S. Department of Commerce, U. S. Census Bureau

              X-13ARIMA-SEATS monthly seasonal adjustment Method,
                          Release Version 1.1 Build 62


           This software application provides an enhanced version of
             Statistics Canada's X-11-ARIMA extension (Dagum, 1980)
                 of the X-11 variant of the Census Method II of
                      Shiskin, Young and Musgrave (1967).

            It also provides an ARIMA model-based method following
       Hillmer and Tiao (1982) and Burman (1980) that is very similar
       to the update of the method of SEATS (Gomez and Maravall, 1996)
                produced at the Bank of Spain by G. Caporello and
               A. Maravall for TSW (Caporello and Maravall, 2004).
          The present application includes additional enhancements.

         X-13ARIMA-SEATS includes an automatic ARIMA model selection procedure
          based largely on the procedure of Gomez and Maravall (1998)
            as implemented in TRAMO (1996) and subsequent revisions.

              Primary Programmers: Brian Monsell, Mark Otto and,
                 for the ARIMA model-based signal extraction,
                      Gianluca Caporello and Victor Gomez


     Series Title- ces_hours 16984
     Series Name- ces_hours_log_ad
     Jul 29, 2026  08.39.34 

        -Period covered-  1st month,2007 to 12th month,2016
        -Type of run - additive seasonal adjustment

        -Sigma limits for graduating extreme values are  1.5 and  2.5 .
        -3x3 moving average used in section 1 of each iteration, 
         3x5 moving average in section 2 of iterations B and C,
         moving average for final seasonal factors chosen by Global MSR.
        -Holiday adjustment factors applied directly to the final seasonally adjusted series
        -Spectral plots generated for selected series
        -Spectral plots generated for series starting in 2009.Jan

 FILE SAVE REQUESTS (* indicates file exists and will be overwritten)
  D:\Programming\Dynamic Paper-dlrhcs_replication\outputs\empirical\unemployment\raw_sa_pilot\x13_work\ces_hours_log_additive_16984_200701_201612.d10  final seasonal factors
  D:\Programming\Dynamic Paper-dlrhcs_replication\outputs\empirical\unemployment\raw_sa_pilot\x13_work\ces_hours_log_additive_16984_200701_201612.d11  final seasonally adjusted data
  D:\Programming\Dynamic Paper-dlrhcs_replication\outputs\empirical\unemployment\raw_sa_pilot\x13_work\ces_hours_log_additive_16984_200701_201612.out  program output file
  D:\Programming\Dynamic Paper-dlrhcs_replication\outputs\empirical\unemployment\raw_sa_pilot\x13_work\ces_hours_log_additive_16984_200701_201612.err  program error file
        ces_hours 16984            PAGE   1, SERIES ces_hours_log_ad

     Contents of spc file D:\Programming\Dynamic Paper-dlrhcs_replication\outputs\empirical\unemployment\raw_sa_pilot\x13_work\ces_hours_log_additive_16984_200701_201612.spc

 Line #
 ------
      1: series {
      2:   title = "ces_hours 16984"
      3:   start = 2007.1
      4:   period = 12
      5:   data = (
      6: 35.1
      7: 34.9
      8: 35.1
      9: 35.2
     10: 35.1
     11: 35.2
     12: 35.5
     13: 35
     14: 36.1
     15: 34.9
     16: 34.9
     17: 35.5
     18: 34.7
     19: 34.4
     20: 35
     21: 34.5
     22: 34.7
     23: 35.2
     24: 34.7
     25: 34.8
     26: 34.8
     27: 34.6
     28: 34.9
     29: 34.4
     30: 33.9
     31: 34.3
     32: 34.1
     33: 33.8
     34: 33.7
     35: 34.7
     36: 34.7
     37: 34.9
     38: 34.8
     39: 34.7
     40: 34.6
     41: 34.6
     42: 34.5
     43: 34.2
     44: 34.3
     45: 34.4
     46: 34.4
     47: 34.5
     48: 34.5
     49: 34.2
     50: 34.4
     51: 34.3
     52: 34.2
     53: 34.4
     54: 34.8
     55: 34.2
     56: 34.4
     57: 34.4
     58: 34.9
     59: 34.4
     60: 34.5
     61: 34.5
     62: 34.6
     63: 35.2
     64: 34.5
     65: 34.6
     66: 34.9
     67: 34.5
     68: 34.6
     69: 35.1
     70: 34.7
     71: 34.9
     72: 35.2
     73: 34.8
     74: 35.4
     75: 34.8
     76: 34.7
     77: 35.3
     78: 34.1
     79: 34.4
     80: 34.5
     81: 34.5
     82: 34.5
     83: 35.2
     84: 34.7
     85: 34.9
     86: 35.4
     87: 34.9
     88: 35
     89: 35.4
     90: 34.3
     91: 35.2
     92: 35.1
     93: 34.8
     94: 34.7
     95: 35.3
     96: 34.7
     97: 34.9
     98: 35
     99: 35
    100: 35.8
    101: 35
    102: 34.6
    103: 35.1
    104: 34.5
    105: 34.1
    106: 34.3
    107: 34.3
    108: 34.3
    109: 35
    110: 34.1
    111: 34.1
    112: 34.6
    113: 34.3
    114: 33.9
    115: 33.8
    116: 34.1
    117: 34.1
    118: 34.5
    119: 34.3
    120: 34.4
    121: 34.3
    122: 34.6
    123: 35.1
    124: 34.5
    125: 34.4
    126:   )
    127: }
    128: transform { function = log }
    129: regression { aictest = (td easter) }
    130: automdl {}
    131: x11 { mode = add save = (d10 d11) }
        ces_hours 16984            PAGE   2, SERIES ces_hours_log_ad

 A 1  Time series data (for the span analyzed)
  From  2007.Jan to 2016.Dec
  Observations        120
 -----------------------------------------------------------------------------
               Jan      Feb      Mar      Apr      May      Jun 
               Jul      Aug      Sep      Oct      Nov      Dec        TOTAL  
 -----------------------------------------------------------------------------
  2007          35.      35.      35.      35.      35.      35.
                36.      35.      36.      35.      35.      36.          423.
 
  2008          35.      34.      35.      35.      35.      35.
                35.      35.      35.      35.      35.      34.          417.
 
  2009          34.      34.      34.      34.      34.      35.
                35.      35.      35.      35.      35.      35.          413.
 
  2010          35.      34.      34.      34.      34.      35.
                35.      34.      34.      34.      34.      34.          412.
 
  2011          35.      34.      34.      34.      35.      34.
                35.      35.      35.      35.      35.      35.          415.
 
  2012          35.      35.      35.      35.      35.      35.
                35.      35.      35.      35.      35.      35.          419.
 
  2013          34.      34.      35.      35.      35.      35.
                35.      35.      35.      35.      35.      35.          417.
 
  2014          34.      35.      35.      35.      35.      35.
                35.      35.      35.      35.      36.      35.          420.
 
  2015          35.      35.      35.      34.      34.      34.
                34.      35.      34.      34.      35.      34.          413.
 
  2016          34.      34.      34.      34.      35.      34.
                34.      34.      35.      35.      35.      34.          412.
 
  AVGE          34.      35.      35.      34.      35.      35.
                35.      35.      35.      35.      35.      35.

  Table Total-        4161.   Mean-        35.   Std. Dev.-         0.
                              Min -        34.        Max -        36.
        ces_hours 16984            PAGE   3, SERIES ces_hours_log_ad
                        Automatic ARIMA Model Selection

                    Procedure based closely on TRAMO method 
                         of Gomez and Maravall (2000)
              "Automatic Modeling Methods for Univariate Series",
                            A Course in Time Series
                  (Edited by D. Pena, G. C. Tiao, R. S. Tsay),
                         New York : J. Wiley and Sons


     Maximum order for regular ARMA parameters :   2
     Maximum order for seasonal ARMA parameters :   1
     Maximum order for regular differencing :   2
     Maximum order for seasonal differencing :   1

   Results of Unit Root Test for identifying orders of differencing:
     Regular difference order :   0
     Seasonal difference order :   0

  Automatic model choice : (2 0 1)(0 0 1)


  Final Checks for Identified Model


  Checking for Unit Roots.
   No unit roots found.
   Nonseasonal MA not within  0.001 of 1.0 - model passes test.

  Checking for insignificant ARMA coefficients.

  Final automatic model choice : (3 0 1)(0 0 1)
   End of automatic model selection procedure.

 Average absolute percentage error in within-sample forecasts:
  Last year:   0.80      Last-1 year:   1.47     Last-2 year:   0.70
  Last three years:    0.99

 Estimation converged in   16 ARMA iterations,  115 function evaluations.

 Regression Model
 ------------------------------------------------------------------------------
                             Parameter        Standard
 Variable                     Estimate           Error      t-value
 ------------------------------------------------------------------------------
 Constant                       3.5464         0.00358       990.51
 ------------------------------------------------------------------------------


 ARIMA Model:  (3 0 1)(0 0 1)
                                              Standard
 Parameter                    Estimate          Errors
 -----------------------------------------------------
 Nonseasonal AR                                    
   Lag  1                       0.0171         0.20220
   Lag  2                       0.2099         0.10870
   Lag  3                       0.4300         0.08825

 Nonseasonal MA                                    
   Lag  1                      -0.2746         0.22266

 Seasonal MA                                       
   Lag 12                      -0.2070         0.08970

 Variance                       0.85796E-04
 SE of Var                      0.11076E-04
 -----------------------------------------------------

 Likelihood Statistics
 ------------------------------------------------------------------
 Number of observations (nobs)                                  120
 Effective number of observations (nefobs)                      120
 Number of parameters estimated (np)                              7
 Log likelihood                                            390.8109
 Transformation Adjustment                                -425.5077
 Adjusted Log likelihood (L)                               -34.6967
 AIC                                                        83.3934 
 AICC (F-corrected-AIC)                                     84.3934 
 Hannan Quinn                                               91.3175 
 BIC                                                       102.9059 
 ------------------------------------------------------------------

 QS Statistic for regARIMA Model Residuals (full series):             0.00
                                                       (P-Value =     1.0000)

 QS Statistic for regARIMA Model Residuals (starting 2009.Jan):       0.00
                                                       (P-Value =     1.0000)


  At least one visually significant residual trading day peaks has been
  found in the spectral plot of the following series starting in 2009.Jan:

          regARIMA model residuals (2 Trading Day peak(s))




      10*LOG(SPECTRUM) of the regARIMA model residuals
      Spectrum estimated from 2009.Jan to 2016.Dec.
 ++++++++++I+++++++++++++++++++++++++++++++++++++++++++++++++++++++++++++I
     -34.26I                                          T                  I    -34.26
           I                                          T                  I
           I                                          T                  I
           I                                          T                  I
     -35.38I                           *              T                  I    -35.38
           I                           *              T         T        I
           I                           *              T         T        I
           I                           *              T         T        I
     -36.51I              *            *              T         T        I    -36.51
           I              *            *              T         T        I
           I              *            *              T         T        I
           I              *           **              T         T        I
     -37.64I              *           **              T         T        I    -37.64
           I          S   *           **              T         T        I
           I          S   *           **              T         T        I
           I         *S   *           **              T         T     *  I
     -38.77I         *S  **           **              T         T     *  I    -38.77
           I         *S  **           **              T         T    **  I
           I         *S  **           **              T         T    **  I
           I    *    *S* **           **              T         T    **  I
     -39.90I    *    *S*****       *  **              T         T*   *** I    -39.90
           I   **    *S*****       * ***             *T         T*   *** I
           I   **    *S*****      *******   *   **   *T         T*   ***SI
           I   **    *S*****      *******   *   **   *T         T*   ***SI
     -41.02I   ***  **S*****      *******   *   **   *T         T*   ***SI    -41.02
           I   ***  **S*****      *******   *   **   *T         T*   ***SI
           I   ***  **S*****      *******   *   **   *T*        T*   ***SI
           I   ***  **S*****      *******   *   **   *T*        T*  ****SI
     -42.15I  ****  **S*****      *******  **   **   *T*        T*  ****SI    -42.15
           I  ********S*****      *******  **   **   *T*        T*  ****SI
           I  ********S*****     ********  **   **   *T*        T*  ****SI
           I  ********S*****     ********  **   **   *T*        T*  ****SI
     -43.28I *********S*****     ********  ***  **   *T*       *T*  ****SI    -43.28
           I *********S*****     ********  ***  **   *T* *     *T*******SI
           I**********S*****     ********* ***  **   *T* *     *T*******SI
           I**********S******    *********S*** ***   *T****    *T*******SI
     -44.41I**********S******    *********S*** ***  S*T****    *T*******SI    -44.41
           I**********S******    *********S*** **** S*T****    *T*******SI
           I**********S******    *********S******** S*T****    *T*******SI
           I**********S******   S*********S******** S*T****    *T*******SI
     -45.53I**********S******   S*********S******** S*T****    *T*******SI    -45.53
           I**********S******   S*********S******** S*T****    *T*******SI
           I**********S******   S*********S*********S*T****    *T*******SI
           I**********S******   S*********S*********S*T****    *T*******SI
     -46.66I**********S*******  S*********S*********S*T****    *T*******SI    -46.66
           I**********S******* *S*********S*********S*T*****   *T*******SI
           I**********S******* *S*********S*********S*T*****  S*T*******SI
           I**********S*********S*********S*********S*T*****  S*T*******SI
     -47.79I**********S*********S*********S*********S*T*****  S*T*******SI    -47.79
           I**********S*********S*********S*********S*T*****  S*T*******SI
           I**********S*********S*********S*********S*T*****  S*T*******SI
           I**********S*********S*********S*********S*T*****  S*T*******SI
     -48.92I**********S*********S*********S*********S*T*******S*T*******SI    -48.92
 ++++++++++I+++++++++++++++++++++++++++++++++++++++++++++++++++++++++++++I
            S=SEASONAL FREQUENCIES, T=TRADING DAY FREQUENCIES


 FORECASTING
  Origin  2016.Dec
  Number        12

  Forecasts and Standard Errors of the Transformed Data
   ------------------------------
                         Standard
       Date   Forecast      Error
   ------------------------------
   2017.Jan       3.55      0.009
   2017.Feb       3.54      0.010
   2017.Mar       3.54      0.010
   2017.Apr       3.54      0.011
   2017.May       3.54      0.011
   2017.Jun       3.54      0.011
   2017.Jul       3.55      0.012
   2017.Aug       3.54      0.012
   2017.Sep       3.55      0.012
   2017.Oct       3.55      0.012
   2017.Nov       3.55      0.012
   2017.Dec       3.55      0.012
   ------------------------------

  Confidence intervals with coverage probability ( 0.95000
  On the Original Scale
   ---------------------------------------
       Date      Lower  Forecast     Upper
   ---------------------------------------
   2017.Jan      34.02     34.65     35.28
   2017.Feb      33.75     34.40     35.06
   2017.Mar      33.85     34.52     35.19
   2017.Apr      33.89     34.63     35.38
   2017.May      33.87     34.61     35.38
   2017.Jun      33.85     34.61     35.38
   2017.Jul      33.87     34.65     35.44
   2017.Aug      33.79     34.57     35.37
   2017.Sep      33.90     34.69     35.50
   2017.Oct      34.00     34.80     35.61
   2017.Nov      33.85     34.65     35.47
   2017.Dec      33.84     34.64     35.46
   ---------------------------------------
        ces_hours 16984            PAGE   4, SERIES ces_hours_log_ad

 B 1  Original series (prior adjusted)
  From  2007.Jan to 2016.Dec
  Observations        120
 -----------------------------------------------------------------------------
               Jan      Feb      Mar      Apr      May      Jun 
               Jul      Aug      Sep      Oct      Nov      Dec        TOTAL  
 -----------------------------------------------------------------------------
  2007          35.      35.      35.      35.      35.      35.
                36.      35.      36.      35.      35.      36.          422.
 
  2008          35.      34.      35.      35.      35.      35.
                35.      35.      35.      35.      35.      34.          417.
 
  2009          34.      34.      34.      34.      34.      35.
                35.      35.      35.      35.      35.      35.          413.
 
  2010          35.      34.      34.      34.      34.      35.
                35.      34.      34.      34.      34.      34.          412.
 
  2011          35.      34.      34.      34.      35.      34.
                35.      35.      35.      35.      35.      35.          415.
 
  2012          35.      35.      35.      35.      35.      35.
                35.      35.      35.      35.      35.      35.          419.
 
  2013          34.      34.      35.      35.      35.      35.
                35.      35.      35.      35.      35.      35.          417.
 
  2014          34.      35.      35.      35.      35.      35.
                35.      35.      35.      35.      36.      35.          420.
 
  2015          35.      35.      35.      34.      34.      34.
                34.      35.      34.      34.      35.      34.          413.
 
  2016          34.      34.      34.      34.      35.      34.
                34.      34.      35.      35.      35.      34.          412.
 
  AVGE          34.      35.      35.      34.      35.      35.
                35.      35.      35.      35.      35.      35.

  Table Total-        4161.   Mean-        35.   Std. Dev.-         0.
                              Min -        34.        Max -        36.

 B 1.A  Forecasts of (prior adjusted) original series
  From  2017.Jan to 2017.Dec
  Observations         12
 -----------------------------------------------------------------------------
               Jan      Feb      Mar      Apr      May      Jun 
               Jul      Aug      Sep      Oct      Nov      Dec        TOTAL  
 -----------------------------------------------------------------------------
  2017          35.      34.      35.      35.      35.      35.
                35.      35.      35.      35.      35.      35.          415.
 
        ces_hours 16984            PAGE   5, SERIES ces_hours_log_ad

 C 17  Final weights for irregular component
  From  2007.Jan to 2016.Dec
  Observations        120
  Lower sigma limit    1.50
  Upper sigma limit    2.50
 -----------------------------------------------------------------------------
               Jan      Feb      Mar      Apr      May      Jun 
               Jul      Aug      Sep      Oct      Nov      Dec         S.D.  
 -----------------------------------------------------------------------------
  2007         100.     100.     100.     100.     100.     100.
               100.     100.       0.     100.     100.       0.           17.
 
  2008         100.     100.     100.     100.     100.     100.
               100.     100.     100.     100.       0.     100.           17.
 
  2009          86.      17.     100.     100.       0.     100.
               100.     100.     100.     100.     100.     100.           17.
 
  2010         100.     100.     100.     100.     100.     100.
               100.     100.     100.     100.     100.     100.           19.
 
  2011          12.     100.     100.     100.       0.     100.
               100.     100.     100.       0.     100.     100.           18.
 
  2012          85.     100.     100.      61.     100.     100.
               100.     100.     100.     100.     100.       0.           18.
 
  2013         100.     100.     100.     100.     100.     100.
               100.     100.     100.     100.     100.     100.           20.
 
  2014           0.     100.     100.     100.     100.     100.
               100.     100.     100.     100.       0.     100.           19.
 
  2015         100.       3.     100.     100.     100.     100.
               100.       0.      59.     100.      89.     100.           17.
 
  2016         100.      91.     100.     100.     100.     100.
               100.     100.     100.       0.     100.     100.           17.
 
        ces_hours 16984            PAGE   6, SERIES ces_hours_log_ad

 D 8  Final unmodified SI ratios
  From  2007.Jan to 2016.Dec
  Observations        120
 -----------------------------------------------------------------------------
               Jan      Feb      Mar      Apr      May      Jun 
               Jul      Aug      Sep      Oct      Nov      Dec         AVGE  
 -----------------------------------------------------------------------------
  2007          -0.      -0.      -0.      -0.      -0.       0.
                 0.       0.       1.      -0.      -0.       1.            0.
 
  2008          -0.      -1.       0.      -0.      -0.       0.
                 0.       0.       0.       0.       0.       0.            0.
 
  2009          -0.       0.      -0.      -0.      -1.       0.
                 0.       0.       0.       0.      -0.       0.           -0.
 
  2010          -0.      -0.      -0.      -0.      -0.       0.
                 0.      -0.       0.       0.      -0.       0.           -0.
 
  2011           0.      -0.      -0.      -0.       0.       0.
                 0.       0.       0.       1.      -0.      -0.            0.
 
  2012           0.      -0.      -0.       0.      -0.      -0.
                 0.      -0.       1.      -0.       0.       1.            0.
 
  2013          -0.      -0.      -0.      -0.      -0.       0.
                -0.      -0.       0.      -0.      -0.       0.           -0.
 
  2014          -1.       0.      -0.      -0.      -0.       0.
                -0.       0.       0.       0.       1.       0.            0.
 
  2015          -0.       0.      -0.      -0.      -0.       0.
                 0.       1.      -0.      -0.       0.       0.            0.
 
  2016          -0.      -0.      -0.      -0.       0.      -0.
                 0.      -0.       0.       1.       0.      -0.            0.
 
  AVGE          -0.      -0.      -0.      -0.      -0.       0.
                 0.       0.       0.       0.       0.       0.

  Table Total-           5.   Mean-         0.   Std. Dev.-         0.
                              Min -        -1.        Max -         1.
        ces_hours 16984            PAGE   7, SERIES ces_hours_log_ad

 D 8.B  Final unmodified SI ratios, with labels for outliers and extreme values
  From  2007.Jan to 2016.Dec
  Observations        120
 ---------------------------------------------------------------------
               Jan       Feb       Mar       Apr       May       Jun  
               Jul       Aug       Sep       Oct       Nov       Dec  
 ---------------------------------------------------------------------
  2007         -0.       -0.       -0.       -0.       -0.        0.  
                0.        0.        1.*      -0.       -0.        1.* 
 
  2008         -0.       -1.        0.       -0.       -0.        0.  
                0.        0.        0.        0.        0.*       0.  
 
  2009         -0.*       0.*      -0.       -0.       -1.*       0.  
                0.        0.        0.        0.       -0.        0.  
 
  2010         -0.       -0.       -0.       -0.       -0.        0.  
                0.       -0.        0.        0.       -0.        0.  
 
  2011          0.*      -0.       -0.       -0.        0.*       0.  
                0.        0.        0.        1.*      -0.       -0.  
 
  2012          0.*      -0.       -0.        0.*      -0.       -0.  
                0.       -0.        1.       -0.        0.        1.* 
 
  2013         -0.       -0.       -0.       -0.       -0.        0.  
               -0.       -0.        0.       -0.       -0.        0.  
 
  2014         -1.*       0.       -0.       -0.       -0.        0.  
               -0.        0.        0.        0.        1.*       0.  
 
  2015         -0.        0.*      -0.       -0.       -0.        0.  
                0.        1.*      -0.*      -0.        0.*       0.  
 
  2016         -0.       -0.*      -0.       -0.        0.       -0.  
                0.       -0.        0.        1.*       0.       -0.  
 

  Key to symbols:
    *  : extreme value as determined by X-11 extreme value procedure
 
        ces_hours 16984            PAGE   8, SERIES ces_hours_log_ad

 D 9  Final replacement values for SI ratios
  From  2007.Jan to 2016.Dec
  Observations        120
 ---------------------------------------------------------------
               Jan      Feb      Mar      Apr      May      Jun 
               Jul      Aug      Sep      Oct      Nov      Dec 
 ---------------------------------------------------------------
  2007     ******** ******** ******** ******** ******** ********
           ******** ********       0. ******** ********       0.
 
  2008     ******** ******** ******** ******** ******** ********
           ******** ******** ******** ********       0. ********
 
  2009          -0.      -0. ******** ********      -0. ********
           ******** ******** ******** ******** ******** ********
 
  2010     ******** ******** ******** ******** ******** ********
           ******** ******** ******** ******** ******** ********
 
  2011          -0. ******** ******** ********      -0. ********
           ******** ******** ********       0. ******** ********
 
  2012           0. ******** ********       0. ******** ********
           ******** ******** ******** ******** ********       0.
 
  2013     ******** ******** ******** ******** ******** ********
           ******** ******** ******** ******** ******** ********
 
  2014          -0. ******** ******** ******** ******** ********
           ******** ******** ******** ********       0. ********
 
  2015     ********       0. ******** ******** ******** ********
           ********       0.       0. ********       0. ********
 
  2016     ********      -0. ******** ******** ******** ********
           ******** ******** ********       0. ******** ********
 

 D 9.A  Moving seasonality ratio
 ---------------------------------------------------------------
               Jan      Feb      Mar      Apr      May      Jun 
 ---------------------------------------------------------------
   I          0.171    0.150    0.117    0.192    0.102    0.205
   S          0.031    0.042    0.015    0.037    0.018    0.037
 RATIO        5.430    3.571    7.703    5.129    5.660    5.625



 ---------------------------------------------------------------
               Jul      Aug      Sep      Oct      Nov      Dec 
 ---------------------------------------------------------------
   I          0.168    0.151    0.140    0.103    0.116    0.109
   S          0.039    0.026    0.027    0.012    0.031    0.017
 RATIO        4.329    5.794    5.115    8.856    3.725    6.353



        ces_hours 16984            PAGE   9, SERIES ces_hours_log_ad

 D 10  Final seasonal factors
  From  2007.Jan to 2016.Dec
  Observations        120
  Seasonal filter    3 x 5 moving average
 -----------------------------------------------------------------------------
               Jan      Feb      Mar      Apr      May      Jun 
               Jul      Aug      Sep      Oct      Nov      Dec         AVGE  
 -----------------------------------------------------------------------------
  2007          -0.      -0.      -0.      -0.      -0.       0.
                 0.       0.       0.       0.      -0.       0.           -0.
 
  2008          -0.      -0.      -0.      -0.      -0.       0.
                 0.       0.       0.       0.      -0.       0.           -0.
 
  2009          -0.      -0.      -0.      -0.      -0.       0.
                 0.       0.       0.       0.      -0.       0.           -0.
 
  2010          -0.      -0.      -0.      -0.      -0.       0.
                 0.       0.       0.       0.      -0.       0.           -0.
 
  2011          -0.      -0.      -0.      -0.      -0.       0.
                 0.       0.       0.       0.      -0.       0.           -0.
 
  2012          -0.      -0.      -0.      -0.      -0.       0.
                 0.       0.       0.       0.       0.       0.            0.
 
  2013          -0.      -0.      -0.      -0.      -0.       0.
                 0.      -0.       0.       0.       0.       0.            0.
 
  2014          -0.      -0.      -0.      -0.      -0.       0.
                -0.      -0.       0.       0.       0.       0.            0.
 
  2015          -0.      -0.      -0.      -0.      -0.       0.
                -0.      -0.       0.       0.       0.       0.           -0.
 
  2016          -0.      -0.      -0.      -0.      -0.       0.
                -0.      -0.       0.       0.       0.       0.           -0.
 
  AVGE          -0.      -0.      -0.      -0.      -0.       0.
                 0.       0.       0.       0.       0.       0.

  Table Total-          -0.   Mean-        -0.   Std. Dev.-         0.
                              Min -        -0.        Max -         0.

 D 10.A  Final seasonal component forecasts
  From  2017.Jan to 2017.Dec
  Observations         12
 -----------------------------------------------------------------------------
               Jan      Feb      Mar      Apr      May      Jun 
               Jul      Aug      Sep      Oct      Nov      Dec         AVGE  
 -----------------------------------------------------------------------------
  2017          -0.      -0.      -0.      -0.      -0.       0.
                 0.      -0.       0.       0.       0.       0.           -0.
 
        ces_hours 16984            PAGE  10, SERIES ces_hours_log_ad

 D 11  Final seasonally adjusted data
  From  2007.Jan to 2016.Dec
  Observations        120
 -----------------------------------------------------------------------------
               Jan      Feb      Mar      Apr      May      Jun 
               Jul      Aug      Sep      Oct      Nov      Dec        TOTAL  
 -----------------------------------------------------------------------------
  2007          35.      35.      35.      35.      35.      35.
                35.      35.      36.      35.      35.      35.          423.
 
  2008          35.      35.      35.      35.      35.      35.
                34.      35.      35.      35.      35.      34.          417.
 
  2009          34.      35.      34.      34.      34.      34.
                34.      35.      35.      35.      35.      35.          413.
 
  2010          35.      35.      34.      35.      34.      34.
                34.      34.      34.      34.      34.      34.          412.
 
  2011          35.      34.      35.      35.      35.      34.
                34.      34.      34.      35.      35.      35.          415.
 
  2012          35.      35.      35.      35.      35.      35.
                35.      35.      35.      35.      35.      35.          419.
 
  2013          34.      35.      35.      35.      35.      35.
                35.      35.      35.      35.      35.      35.          417.
 
  2014          34.      35.      35.      35.      35.      35.
                35.      35.      35.      35.      36.      35.          420.
 
  2015          35.      35.      35.      34.      34.      34.
                34.      35.      34.      34.      34.      34.          413.
 
  2016          34.      34.      34.      34.      35.      34.
                34.      34.      34.      35.      34.      34.          412.
 
  AVGE          35.      35.      35.      35.      35.      35.
                35.      35.      35.      35.      35.      35.

  Table Total-        4161.   Mean-        35.   Std. Dev.-         0.
                              Min -        34.        Max -        36.
        ces_hours 16984            PAGE  11, SERIES ces_hours_log_ad

 D 12  Final trend cycle
  From  2007.Jan to 2016.Dec
  Observations        120
  Trend filter    13-term Henderson moving average
  I/C ratio        3.34
 -----------------------------------------------------------------------------
               Jan      Feb      Mar      Apr      May      Jun 
               Jul      Aug      Sep      Oct      Nov      Dec        TOTAL  
 -----------------------------------------------------------------------------
  2007          35.      35.      35.      35.      35.      35.
                35.      35.      35.      35.      35.      35.          421.
 
  2008          35.      35.      35.      35.      35.      35.
                35.      35.      35.      35.      34.      34.          416.
 
  2009          34.      34.      34.      34.      34.      34.
                35.      35.      35.      35.      35.      35.          413.
 
  2010          35.      35.      35.      34.      34.      34.
                34.      34.      34.      34.      34.      34.          412.
 
  2011          34.      34.      34.      34.      34.      34.
                34.      34.      34.      34.      35.      35.          413.
 
  2012          35.      35.      35.      35.      35.      35.
                35.      35.      35.      35.      35.      35.          418.
 
  2013          35.      34.      35.      35.      35.      35.
                35.      35.      35.      35.      35.      35.          418.
 
  2014          35.      35.      35.      35.      35.      35.
                35.      35.      35.      35.      35.      35.          420.
 
  2015          35.      35.      35.      34.      34.      34.
                34.      34.      34.      34.      34.      34.          412.
 
  2016          34.      34.      34.      34.      34.      34.
                34.      34.      34.      34.      34.      34.          412.
 
  AVGE          35.      35.      35.      35.      35.      35.
                35.      35.      35.      35.      35.      35.

  Table Total-        4155.   Mean-        35.   Std. Dev.-         0.
                              Min -        34.        Max -        35.
        ces_hours 16984            PAGE  12, SERIES ces_hours_log_ad

 D 13  Final irregular component
  From  2007.Jan to 2016.Dec
  Observations        120
 -----------------------------------------------------------------------------
               Jan      Feb      Mar      Apr      May      Jun 
               Jul      Aug      Sep      Oct      Nov      Dec         S.D.  
 -----------------------------------------------------------------------------
  2007           0.      -0.      -0.       0.      -0.      -0.
                 0.      -0.       1.      -0.       0.       1.            0.
 
  2008          -0.      -0.       0.      -0.      -0.       0.
                -0.       0.       0.       0.       1.       0.            0.
 
  2009          -0.       0.       0.      -0.      -1.       0.
                -0.       0.      -0.      -0.       0.      -0.            0.
 
  2010           0.      -0.      -0.       0.       0.      -0.
                 0.      -0.      -0.       0.      -0.      -0.            0.
 
  2011           0.      -0.       0.       0.       1.      -0.
                 0.       0.      -0.       1.      -0.      -0.            0.
 
  2012           0.      -0.      -0.       0.      -0.      -0.
                 0.      -0.       0.      -0.      -0.       1.            0.
 
  2013          -0.       0.       0.      -0.      -0.       0.
                -0.       0.       0.      -0.      -0.       0.            0.
 
  2014          -1.       0.       0.      -0.      -0.       0.
                -0.       0.      -0.       0.       1.      -0.            0.
 
  2015          -0.       1.       0.      -0.       0.      -0.
                 0.       1.      -0.      -0.       0.       0.            0.
 
  2016          -0.      -0.      -0.       0.       0.      -0.
                 0.      -0.       0.       1.      -0.      -0.            0.
 
  S.D.           0.       0.       0.       0.       0.       0.
                 0.       0.       0.       0.       0.       0.

  Table Total-           6.   Mean-         0.   Std. Dev.-         0.
                              Min -        -1.        Max -         1.
        ces_hours 16984            PAGE  13, SERIES ces_hours_log_ad

 D 16  Combined adjustment factors
  From  2007.Jan to 2016.Dec
  Observations        120
 -----------------------------------------------------------------------------
               Jan      Feb      Mar      Apr      May      Jun 
               Jul      Aug      Sep      Oct      Nov      Dec         AVGE  
 -----------------------------------------------------------------------------
  2007          -0.      -0.      -0.      -0.      -0.       0.
                 0.       0.       0.       0.      -0.       0.           -0.
 
  2008          -0.      -0.      -0.      -0.      -0.       0.
                 0.       0.       0.       0.      -0.       0.           -0.
 
  2009          -0.      -0.      -0.      -0.      -0.       0.
                 0.       0.       0.       0.      -0.       0.           -0.
 
  2010          -0.      -0.      -0.      -0.      -0.       0.
                 0.       0.       0.       0.      -0.       0.           -0.
 
  2011          -0.      -0.      -0.      -0.      -0.       0.
                 0.       0.       0.       0.      -0.       0.           -0.
 
  2012          -0.      -0.      -0.      -0.      -0.       0.
                 0.       0.       0.       0.       0.       0.            0.
 
  2013          -0.      -0.      -0.      -0.      -0.       0.
                 0.      -0.       0.       0.       0.       0.            0.
 
  2014          -0.      -0.      -0.      -0.      -0.       0.
                -0.      -0.       0.       0.       0.       0.            0.
 
  2015          -0.      -0.      -0.      -0.      -0.       0.
                -0.      -0.       0.       0.       0.       0.           -0.
 
  2016          -0.      -0.      -0.      -0.      -0.       0.
                -0.      -0.       0.       0.       0.       0.           -0.
 
  AVGE          -0.      -0.      -0.      -0.      -0.       0.
                 0.       0.       0.       0.       0.       0.

  Table Total-          -0.   Mean-        -0.   Std. Dev.-         0.
                              Min -        -0.        Max -         0.

 D 16.A  Combined adjustment component forecasts
  From  2017.Jan to 2017.Dec
  Observations         12
 -----------------------------------------------------------------------------
               Jan      Feb      Mar      Apr      May      Jun 
               Jul      Aug      Sep      Oct      Nov      Dec         AVGE  
 -----------------------------------------------------------------------------
  2017          -0.      -0.      -0.      -0.      -0.       0.
                 0.      -0.       0.       0.       0.       0.           -0.
 
        ces_hours 16984            PAGE  14, SERIES ces_hours_log_ad

 E 4  Differences of annual totals
  From          2007 to 2016
  Observations         10
 -----------------------------------
  Year       Unmodified     Modified
                  (D11)         (E2)
 -----------------------------------
  2007              -0.          -0.
 
  2008              -0.          -0.
 
  2009              -0.          -0.
 
  2010              -0.          -0.
 
  2011              -0.          -0.
 
  2012               0.           0.
 
  2013               0.           0.
 
  2014               0.           0.
 
  2015              -0.          -0.
 
  2016              -0.          -0.
 
        ces_hours 16984            PAGE  15, SERIES ces_hours_log_ad

 E 5  Month-to-month differences in the original series
  From  2007.Feb to 2016.Dec
  Observations        119
 -----------------------------------------------------------------------------
               Jan      Feb      Mar      Apr      May      Jun 
               Jul      Aug      Sep      Oct      Nov      Dec         AVGE  
 -----------------------------------------------------------------------------
  2007                   -0.       0.       0.      -0.       0.
                 0.      -0.       1.      -1.       0.       1.            0.
 
  2008          -1.      -0.       1.      -0.       0.       1.
                -0.       0.       0.      -0.       0.      -0.           -0.
 
  2009          -0.       0.      -0.      -0.      -0.       1.
                 0.       0.      -0.      -0.      -0.       0.            0.
 
  2010          -0.      -0.       0.       0.       0.       0.
                 0.      -0.       0.      -0.      -0.       0.           -0.
 
  2011           0.      -1.       0.       0.       1.      -0.
                 0.       0.       0.       1.      -1.       0.            0.
 
  2012           0.      -0.       0.       1.      -0.       0.
                 0.      -0.       1.      -1.      -0.       1.            0.
 
  2013          -1.       0.       0.       0.       0.       1.
                -0.       0.       1.      -0.       0.       0.            0.
 
  2014          -1.       1.      -0.      -0.      -0.       1.
                -1.       0.       0.       0.       1.      -1.           -0.
 
  2015          -0.       1.      -1.      -0.       0.       0.
                 0.       1.      -1.       0.       1.      -0.           -0.
 
  2016          -0.      -0.       0.       0.       0.      -0.
                 0.      -0.       0.       1.      -1.      -0.            0.
 
  AVGE          -0.       0.       0.      -0.       0.       0.
                -0.       0.       0.      -0.       0.       0.

  Table Total-          -1.   Mean-        -0.   Std. Dev.-         0.
                              Min -        -1.        Max -         1.
        ces_hours 16984            PAGE  16, SERIES ces_hours_log_ad

 E 6  Month-to-month differences in seasonally adjusted series (D11)
  From  2007.Feb to 2016.Dec
  Observations        119
 -----------------------------------------------------------------------------
               Jan      Feb      Mar      Apr      May      Jun 
               Jul      Aug      Sep      Oct      Nov      Dec         AVGE  
 -----------------------------------------------------------------------------
  2007                   -0.      -0.       0.      -0.      -0.
                 0.      -0.       1.      -1.       0.       1.            0.
 
  2008          -1.      -0.       0.      -0.       0.       0.
                -0.       0.      -0.      -0.       0.      -1.           -0.
 
  2009          -0.       1.      -0.      -0.      -0.       1.
                 0.       0.      -0.       0.      -0.      -0.            0.
 
  2010           0.      -0.      -0.       0.      -0.      -0.
                 0.      -0.       0.       0.      -0.       0.           -0.
 
  2011           1.      -0.       0.       0.       1.      -1.
                 0.       0.      -0.       1.      -1.      -0.            0.
 
  2012           1.      -0.       0.       1.      -0.      -0.
                 0.      -0.       0.      -0.      -0.       0.            0.
 
  2013          -1.       0.       0.       0.       0.       0.
                -0.       0.       0.      -0.       0.       0.            0.
 
  2014          -1.       1.      -0.      -0.      -0.       0.
                -0.       0.      -0.       0.       1.      -1.           -0.
 
  2015          -0.       0.      -1.      -0.       0.      -0.
                 0.       1.      -1.       0.       0.      -0.           -0.
 
  2016          -0.      -0.       0.       0.       0.      -0.
                 0.      -0.       0.       1.      -1.      -0.            0.
 
  AVGE          -0.       0.      -0.      -0.      -0.      -0.
                 0.       0.       0.       0.       0.      -0.

  Table Total-          -1.   Mean-        -0.   Std. Dev.-         0.
                              Min -        -1.        Max -         1.
        ces_hours 16984            PAGE  17, SERIES ces_hours_log_ad

 E 7  Month-to-month differences in final trend cycle (D12)
  From  2007.Feb to 2016.Dec
  Observations        119
 -----------------------------------------------------------------------------
               Jan      Feb      Mar      Apr      May      Jun 
               Jul      Aug      Sep      Oct      Nov      Dec         AVGE  
 -----------------------------------------------------------------------------
  2007                   -0.      -0.      -0.      -0.      -0.
                -0.      -0.      -0.      -0.      -0.      -0.           -0.
 
  2008          -0.      -0.      -0.      -0.      -0.      -0.
                -0.      -0.      -0.      -0.      -0.      -0.           -0.
 
  2009          -0.      -0.      -0.       0.       0.       0.
                 0.       0.       0.       0.      -0.      -0.            0.
 
  2010          -0.      -0.      -0.      -0.      -0.      -0.
                -0.      -0.      -0.       0.       0.       0.           -0.
 
  2011           0.       0.       0.      -0.      -0.      -0.
                -0.       0.       0.       0.       0.       0.            0.
 
  2012           0.       0.       0.       0.       0.       0.
                 0.      -0.      -0.      -0.      -0.      -0.           -0.
 
  2013          -0.      -0.       0.       0.       0.       0.
                 0.       0.       0.       0.       0.       0.            0.
 
  2014           0.      -0.      -0.      -0.      -0.      -0.
                -0.      -0.       0.       0.      -0.      -0.           -0.
 
  2015          -0.      -0.      -0.      -0.      -0.      -0.
                -0.      -0.      -0.      -0.      -0.      -0.           -0.
 
  2016          -0.       0.       0.       0.       0.       0.
                 0.      -0.      -0.       0.       0.       0.            0.
 
  AVGE          -0.      -0.      -0.      -0.      -0.      -0.
                -0.      -0.      -0.      -0.      -0.      -0.

  Table Total-          -1.   Mean-        -0.   Std. Dev.-         0.
                              Min -        -0.        Max -         0.
        ces_hours 16984            PAGE  18, SERIES ces_hours_log_ad

 E 8  Month-to-month differences in original series adjusted for calendar factors (A18)
  From  2007.Feb to 2016.Dec
  Observations        119
 -----------------------------------------------------------------------------
               Jan      Feb      Mar      Apr      May      Jun 
               Jul      Aug      Sep      Oct      Nov      Dec         AVGE  
 -----------------------------------------------------------------------------
  2007                   -0.       0.       0.      -0.       0.
                 0.      -1.       1.      -1.       0.       1.            0.
 
  2008          -1.      -0.       1.      -0.       0.       1.
                -0.       0.       0.      -0.       0.      -1.           -0.
 
  2009          -0.       0.      -0.      -0.      -0.       1.
                 0.       0.      -0.      -0.      -0.       0.            0.
 
  2010          -0.      -0.       0.       0.       0.       0.
                 0.      -0.       0.      -0.      -0.       0.           -0.
 
  2011           0.      -1.       0.       0.       1.      -1.
                 0.       0.       0.       1.      -1.       0.            0.
 
  2012           0.      -0.       0.       0.      -0.       0.
                 0.      -0.       1.      -1.      -0.       1.            0.
 
  2013          -1.       0.       0.       0.       0.       1.
                -0.       0.       0.      -0.       0.       0.            0.
 
  2014          -1.       1.      -0.      -0.      -0.       1.
                -1.       0.       0.       0.       1.      -1.           -0.
 
  2015          -0.       0.      -1.      -0.       0.       0.
                 0.       1.      -1.       0.       1.      -0.           -0.
 
  2016          -0.      -0.       0.       0.       0.      -0.
                 0.      -0.       0.       0.      -1.      -0.            0.
 
  AVGE          -0.       0.       0.      -0.       0.       0.
                -0.       0.       0.      -0.       0.       0.

  Table Total-          -1.   Mean-        -0.   Std. Dev.-         0.
                              Min -        -1.        Max -         1.
        ces_hours 16984            PAGE  19, SERIES ces_hours_log_ad

 E 18  Final adjustment ratios
  From  2007.Jan to 2016.Dec
  Observations        120
 -----------------------------------------------------------------------------
               Jan      Feb      Mar      Apr      May      Jun 
               Jul      Aug      Sep      Oct      Nov      Dec         AVGE  
 -----------------------------------------------------------------------------
  2007       99.361   98.916   99.779   99.324   99.765  100.770
            100.661  100.428  100.647  100.159   99.952  100.174        99.995
 
  2008       99.417   98.931   99.765   99.376   99.777  100.710
            100.653  100.391  100.644  100.154   99.920  100.146        99.990
 
  2009       99.541   98.989   99.740   99.460   99.761  100.631
            100.590  100.321  100.659  100.149   99.894  100.123        99.988
 
  2010       99.623   99.122   99.718   99.582   99.726  100.554
            100.491  100.248  100.729  100.106   99.869  100.152        99.993
 
  2011       99.667   99.291   99.705   99.693   99.655  100.530
            100.333  100.115  100.792  100.075   99.904  100.234       100.000
 
  2012       99.618   99.503   99.722   99.724   99.589  100.492
            100.181  100.027  100.779  100.028  100.039  100.332       100.003
 
  2013       99.556   99.618   99.761   99.676   99.591  100.455
            100.054   99.941  100.755  100.030  100.216  100.387       100.003
 
  2014       99.488   99.699   99.808   99.581   99.667  100.413
             99.958   99.928  100.666  100.057  100.350  100.402       100.002
 
  2015       99.494   99.706   99.821   99.516   99.781  100.350
             99.920   99.906  100.545  100.145  100.452  100.353        99.999
 
  2016       99.553   99.680   99.826   99.492   99.897  100.233
             99.939   99.911  100.390  100.213  100.516  100.288        99.995
 
  AVGE       99.532   99.346   99.765   99.543   99.721  100.514
            100.278  100.122  100.661  100.112  100.111  100.259

  Table Total-       12000.   Mean-       100.   Std. Dev.-         0.
                              Min -        99.        Max -       101.

 E 18.A  Final adjustment ratio forecasts
  From  2017.Jan to 2017.Dec
  Observations         12
 -----------------------------------------------------------------------------
               Jan      Feb      Mar      Apr      May      Jun 
               Jul      Aug      Sep      Oct      Nov      Dec         AVGE  
 -----------------------------------------------------------------------------
  2017       99.644   99.658   99.817   99.500   99.981  100.113
            100.001   99.901  100.323  100.245  100.563  100.234        99.998
 

  QS statistic for seasonality:
  Original Series                                     4.81  (P-Value =     0.0903)
  Original Series (EV adj)                            4.81  (P-Value =     0.0903)
  Residuals                                           0.00  (P-Value =     1.0000)
  Seasonally Adjusted Series                          0.27  (P-Value =     0.8748)
  Seasonally Adjusted Series (EV adj)                 0.00  (P-Value =     1.0000)
  Irregular Series                                    0.05  (P-Value =     0.9750)
  Irregular Series (EV adj)                           0.00  (P-Value =     1.0000)

  QS statistic for seasonality (starting 2009.Jan):
  Original Series                                     4.99  (P-Value =     0.0823)
  Original Series (EV adj)                            4.99  (P-Value =     0.0823)
  Residuals                                           0.00  (P-Value =     1.0000)
  Seasonally Adjusted Series                          1.06  (P-Value =     0.5884)
  Seasonally Adjusted Series (EV adj)                 0.19  (P-Value =     0.9106)
  Irregular Series                                    0.21  (P-Value =     0.9005)
  Irregular Series (EV adj)                           0.01  (P-Value =     0.9939)
        ces_hours 16984            PAGE  20, SERIES ces_hours_log_ad


  Visually significant residual trading day peaks have been
  found in the spectral plots of the following series starting in 2009.Jan:

          differenced original series (Table A1 or B1) (2 Trading Day peak(s))

          differenced seasonally adjusted series (Table E2) (1 Trading Day peak(s))

          Modified irregular component (Table E3) (1 Seasonal and 


 WARNING: Series should not be a candidate for seasonal adjustment
          because the spectrum of the original series (Table A1 or B1)
          has no visually significant seasonal peaks.

          If this is a component series of an indirectly adjusted
          composite series, consider using type = trend or type = summary
          in the x11 spec.
        ces_hours 16984            PAGE  21, SERIES ces_hours_log_ad
 G 0  10*LOG(SPECTRUM) of the differenced Original Series
      (Table A1 or B1).  Spectrum estimated from 2009.Jan to 2016.Dec.
 ++++++++++I+++++++++++++++++++++++++++++++++++++++++++++++++++++++++++++I
       4.13I                                          T                  I      4.13
           I                                          T                  I
           I                                          T                  I
           I                                          T                  I
       2.12I                                          T                  I      2.12
           I                                          T                  I
           I                                          T                  I
           I                                          T                  I
       0.11I                                          T         T        I      0.11
           I                                          T         T        I
           I                                         *T         T        I
           I                                         *T         T        I
      -1.89I                                         *T         T        I     -1.89
           I                                         *T         T        I
           I                                         *T         T        I
           I                                         *T*        T        I
      -3.90I                                         *T*        T        I     -3.90
           I                                         *T*        T        I
           I                                         *T*        T        I
           I                                        S*T*        T        I
      -5.90I                           *            S*T*        T     *  I     -5.90
           I                           *   *     *  S*T*        T     ** I
           I                          **   *    **  S*T*        T*    **SI
           I                          **   *    **  S*T**       T*    **SI
      -7.91I                          **   **   **  S*T**       T*   ***SI     -7.91
           I                          **   **   ****S*T***      T*   ***SI
           I                          **   **   ****S*T****    *T*   ***SI
           I                          **   **   ****S*T****    *T*   ***SI
      -9.92I          S           *   **   **   ****S*T****    *T*   ***SI     -9.92
           I          S           **  ***  **  *****S*T*****   *T*  ****SI
           I          S   *       ** **** S**  *****S*T*****   *T*  ****SI
           I          S   *       ******* S*** *****S*T*****   *T*  ****SI
     -11.92I          S   *      ******** S*** *****S*T*****  S*T** ****SI    -11.92
           I         *S   *      *********S*********S*T****** S*T*******SI
           I         *S   *      *********S*********S*T****** S*T*******SI
           I         *S* **      *********S*********S*T*******S*T*******SI
     -13.93I         *S* ***     *********S*********S*T*******S*T*******SI    -13.93
           I         *S* ***    S*********S*********S*T*******S*T*******SI
           I         *S*****    S*********S*********S*T*******S*T*******SI
           I         *S*****    S*********S*********S*T*******S*T*******SI
     -15.94I    *    *S*****    S*********S*********S*T*******S*T*******SI    -15.94
           I    **  **S*****   *S*********S*********S*T*******S*T*******SI
           I    **  **S*****   *S*********S*********S*T*******S*T*******SI
           I    **  **S******  *S*********S*********S*T*******S*T*******SI
     -17.94I   *******S****** **S*********S*********S*T*******S*T*******SI    -17.94
           I   *******S*********S*********S*********S*T*******S*T*******SI
           I   *******S*********S*********S*********S*T*******S*T*******SI
           I   *******S*********S*********S*********S*T*******S*T*******SI
     -19.95I   *******S*********S*********S*********S*T*******S*T*******SI    -19.95
           I  ********S*********S*********S*********S*T*******S*T*******SI
           I  ********S*********S*********S*********S*T*******S*T*******SI
           I  ********S*********S*********S*********S*T*******S*T*******SI
     -21.95I**********S*********S*********S*********S*T*******S*T*******SI    -21.95
 ++++++++++I+++++++++++++++++++++++++++++++++++++++++++++++++++++++++++++I
            S=SEASONAL FREQUENCIES, T=TRADING DAY FREQUENCIES
        ces_hours 16984            PAGE  22, SERIES ces_hours_log_ad
 G 1  10*LOG(SPECTRUM) of the differenced seasonally adjusted 
      data (Table E2).  Spectrum estimated from 2009.Jan to 2016.Dec.
 ++++++++++I+++++++++++++++++++++++++++++++++++++++++++++++++++++++++++++I
      -0.92I                                          T                  I     -0.92
           I                                          T                  I
           I                                          T                  I
           I                                          T                  I
      -2.74I                                          T                  I     -2.74
           I                                          T                  I
           I                                          T                  I
           I                                          T                  I
      -4.56I                                          T               *  I     -4.56
           I                                          T               *  I
           I                                          T               *  I
           I                                     *    T               *  I
      -6.38I                                     *    T               *  I     -6.38
           I                                     *    T               *  I
           I                                     *    T               *  I
           I                                     *    T               *  I
      -8.20I                                     *    T               *  I     -8.20
           I                                     *    T               *  I
           I                                     *    T               *  I
           I                                     *   *T*              *  I
     -10.02I                                     *   *T*              *  I    -10.02
           I                                     *   *T**            **  I
           I             *                       *   *T***  *        **  I
           I             *            *          *   *T***  *        **  I
     -11.84I             *        *   * *   *    *   *T***  *    *   **  I    -11.84
           I             *        *  ****   *    *   *T******    *   **  I
           I             *        *  ****   *    *   *T******    *   *** I
           I             *        *  ****   *   **   *T*******   **  *** I
     -13.66I             *        *  *****  *   ***  *T*******   **  *** I    -13.66
           I        *    *        *  *****  **  ***  *T*******   **  *** I
           I        *    *        ******** ***  *** S*T*******   **  *** I
           I    *  **    *        ******** ***  *** S*T*******   **  ***SI
     -15.48I    *  **    *        ********S***  *** S*T*******   ** ****SI    -15.48
           I    *  **    *        ********S***  *** S*T*******  T*******SI
           I    *  **    *   *   *********S***  ****S*T*******  T*******SI
           I    *  **    *   *   *********S***  ****S*T*******S T*******SI
     -17.30I    *  **    *  **   *********S*********S*T*******S*T*******SI    -17.30
           I    *  **    *  **   *********S*********S*T*******S*T*******SI
           I   **  **    ** **   *********S*********S*T*******S*T*******SI
           I   *** **    ** **   *********S*********S*T*******S*T*******SI
     -19.12I   *** **    ** **   *********S*********S*T*******S*T*******SI    -19.12
           I   ******   *** **   *********S*********S*T*******S*T*******SI
           I   ******   ******   *********S*********S*T*******S*T*******SI
           I   ******   *******  *********S*********S*T*******S*T*******SI
     -20.94I   ******   ******* S*********S*********S*T*******S*T*******SI    -20.94
           I  *******   ******* S*********S*********S*T*******S*T*******SI
           I*********   ******* S*********S*********S*T*******S*T*******SI
           I**********  ********S*********S*********S*T*******S*T*******SI
     -22.76I**********  ********S*********S*********S*T*******S*T*******SI    -22.76
           I**********  ********S*********S*********S*T*******S*T*******SI
           I**********  ********S*********S*********S*T*******S*T*******SI
           I********** *********S*********S*********S*T*******S*T*******SI
     -24.58I**********S*********S*********S*********S*T*******S*T*******SI    -24.58
 ++++++++++I+++++++++++++++++++++++++++++++++++++++++++++++++++++++++++++I
            S=SEASONAL FREQUENCIES, T=TRADING DAY FREQUENCIES
        ces_hours 16984            PAGE  23, SERIES ces_hours_log_ad
 G 2  10*LOG(SPECTRUM) of the Modified Irregular (Table E3).  
      Spectrum estimated from 2009.Jan to 2016.Dec.
 ++++++++++I+++++++++++++++++++++++++++++++++++++++++++++++++++++++++++++I
      -5.05I                                          T                  I     -5.05
           I                                          T                  I
           I                                          T                  I
           I                                          T                  I
      -6.79I                                          T                  I     -6.79
           I                                          T                  I
           I                                          T                  I
           I                                          T                  I
      -8.53I                                          T                  I     -8.53
           I                                          T               *  I
           I                                          T               *  I
           I                                          T               *  I
     -10.27I                                          T               *  I    -10.27
           I                                          T               *  I
           I                                     *    T               *  I
           I                                     *    T               *  I
     -12.01I                                     *    T               *  I    -12.01
           I                                     *    T               *  I
           I                                     *    T               *  I
           I                          **         *    T               *  I
     -13.75I                         ***         *    T               *  I    -13.75
           I                      *  ***         *   *T*              *  I
           I                      *  ****        *   *T*              *  I
           I                      *******        *   *T*              *  I
     -15.50I                      *******   *    *   *T*              *  I    -15.50
           I                      *******   *    *   *T* *            *  I
           I                      *******   *    *   *T***            *  I
           I                      *******   *   **   *T**** *         *  I
     -17.24I        *       *     ********  *   **   *T******        **  I    -17.24
           I        *       *     ******** **   ***  *T******        **  I
           I        *   *   *    ********* ***  ***  *T******    *   **  I
           I        *   **  **   ********* ***  ***  *T******    **  **  I
     -18.98I        *   **  **   *********S***  *** S*T*******   **  *** I    -18.98
           I        *   **  **   *********S***  *** S*T*******   **  *** I
           I        *   **  **   *********S***  *** S*T*******   **  *** I
           I       **   **  **   *********S***  ****S*T*******   **  *** I
     -20.72I       **   ** ***   *********S*********S*T*******   **  *** I    -20.72
           I       **   ******   *********S*********S*T*******   **  *** I
           I       **   ******   *********S*********S*T*******   **  ***SI
           I       ***  ******   *********S*********S*T*******S T*******SI
     -22.46I       *** *******  S*********S*********S*T*******S T*******SI    -22.46
           I       *** ******** S*********S*********S*T*******S T*******SI
           I       *** ******** S*********S*********S*T*******S*T*******SI
           I       ***S*********S*********S*********S*T*******S*T*******SI
     -24.21I       ***S*********S*********S*********S*T*******S*T*******SI    -24.21
           I      ****S*********S*********S*********S*T*******S*T*******SI
           I      ****S*********S*********S*********S*T*******S*T*******SI
           I   *  ****S*********S*********S*********S*T*******S*T*******SI
     -25.95I   *  ****S*********S*********S*********S*T*******S*T*******SI    -25.95
           I  ********S*********S*********S*********S*T*******S*T*******SI
           I  ********S*********S*********S*********S*T*******S*T*******SI
           I *********S*********S*********S*********S*T*******S*T*******SI
     -27.69I**********S*********S*********S*********S*T*******S*T*******SI    -27.69
 ++++++++++I+++++++++++++++++++++++++++++++++++++++++++++++++++++++++++++I
            S=SEASONAL FREQUENCIES, T=TRADING DAY FREQUENCIES
        ces_hours 16984            PAGE  24, SERIES ces_hours_log_ad

  Peak probabilities for Tukey spectrum estimator
  Spectrum estimated from 2009.Jan to 2016.Dec.

                                          S1       S2       S3       S4       S5       S6       TD
                                        ------   ------   ------   ------   ------   ------   ------
  Model Residuals                        0.756    0.293    0.085    0.685    0.057    0.109    0.488  
  Original Series (Table A1 or B1)       0.713    0.432    0.300    0.052    0.023    0.454    0.757  
  Seasonally adjusted series (E2)        0.069    0.422    0.110    0.008    0.085    0.198    0.747  
  Modified Irregular (E3)                0.251    0.413    0.068    0.005    0.067    0.198    0.750  
  ----------
     ** - Peak Probability > 0.99,
      * - 0.90 < Peak Probability < 0.99


