  Reading input spec file from D:\Programming\Dynamic Paper-dlrhcs_replication\outputs\empirical\unemployment\raw_sa_pilot\x13_work\ces_hours_log_additive_23060_200701_201612.spc

1

               U. S. Department of Commerce, U. S. Census Bureau

              X-13ARIMA-SEATS monthly seasonal adjustment Method,
                          Release Version 1.1 Build 62


           This software application provides an enhanced version of
             Statistics Canada's X-11-ARIMA extension (Dagum, 1980)
                 of the X-11 variant of the Census Method II of
                      Shiskin, Young and Musgrave (1967).

            It also provides an ARIMA model-based method following
       Hillmer and Tiao (1982) and Burman (1980) that is very similar
       to the update of the method of SEATS (Gomez and Maravall, 1996)
                produced at the Bank of Spain by G. Caporello and
               A. Maravall for TSW (Caporello and Maravall, 2004).
          The present application includes additional enhancements.

         X-13ARIMA-SEATS includes an automatic ARIMA model selection procedure
          based largely on the procedure of Gomez and Maravall (1998)
            as implemented in TRAMO (1996) and subsequent revisions.

              Primary Programmers: Brian Monsell, Mark Otto and,
                 for the ARIMA model-based signal extraction,
                      Gianluca Caporello and Victor Gomez


     Series Title- ces_hours 23060
     Series Name- ces_hours_log_ad
     Jul 29, 2026  08.40.39 

        -Period covered-  1st month,2007 to 12th month,2016
        -Type of run - additive seasonal adjustment

        -Sigma limits for graduating extreme values are  1.5 and  2.5 .
        -3x3 moving average used in section 1 of each iteration, 
         3x5 moving average in section 2 of iterations B and C,
         moving average for final seasonal factors chosen by Global MSR.
        -Holiday adjustment factors applied directly to the final seasonally adjusted series
        -Spectral plots generated for selected series
        -Spectral plots generated for series starting in 2009.Jan

 FILE SAVE REQUESTS (* indicates file exists and will be overwritten)
  D:\Programming\Dynamic Paper-dlrhcs_replication\outputs\empirical\unemployment\raw_sa_pilot\x13_work\ces_hours_log_additive_23060_200701_201612.d10  final seasonal factors
  D:\Programming\Dynamic Paper-dlrhcs_replication\outputs\empirical\unemployment\raw_sa_pilot\x13_work\ces_hours_log_additive_23060_200701_201612.d11  final seasonally adjusted data
  D:\Programming\Dynamic Paper-dlrhcs_replication\outputs\empirical\unemployment\raw_sa_pilot\x13_work\ces_hours_log_additive_23060_200701_201612.out  program output file
  D:\Programming\Dynamic Paper-dlrhcs_replication\outputs\empirical\unemployment\raw_sa_pilot\x13_work\ces_hours_log_additive_23060_200701_201612.err  program error file
        ces_hours 23060            PAGE   1, SERIES ces_hours_log_ad

     Contents of spc file D:\Programming\Dynamic Paper-dlrhcs_replication\outputs\empirical\unemployment\raw_sa_pilot\x13_work\ces_hours_log_additive_23060_200701_201612.spc

 Line #
 ------
      1: series {
      2:   title = "ces_hours 23060"
      3:   start = 2007.1
      4:   period = 12
      5:   data = (
      6: 33.8
      7: 32.9
      8: 34.1
      9: 34.1
     10: 33.7
     11: 33.7
     12: 33.8
     13: 33.5
     14: 33.8
     15: 33.2
     16: 34
     17: 34.5
     18: 33.8
     19: 34.8
     20: 34.5
     21: 34
     22: 34.1
     23: 34.3
     24: 33.4
     25: 34
     26: 33.5
     27: 33.4
     28: 33.7
     29: 33.4
     30: 33.2
     31: 33.2
     32: 33.1
     33: 33
     34: 33
     35: 33.2
     36: 33.8
     37: 34
     38: 33.2
     39: 32.8
     40: 35.2
     41: 35.1
     42: 34.7
     43: 34.6
     44: 35.4
     45: 34.2
     46: 35
     47: 34.8
     48: 34.8
     49: 35.3
     50: 34.2
     51: 34.8
     52: 34.7
     53: 35
     54: 33.7
     55: 33.9
     56: 34.4
     57: 33.9
     58: 33.6
     59: 34.6
     60: 33.2
     61: 34.1
     62: 34.4
     63: 34.2
     64: 33.9
     65: 34.1
     66: 33.9
     67: 34.5
     68: 33.9
     69: 36
     70: 35.1
     71: 34
     72: 34.2
     73: 34.6
     74: 34.5
     75: 34.2
     76: 34.5
     77: 34.3
     78: 33.7
     79: 33.9
     80: 34.3
     81: 34.1
     82: 34.6
     83: 34.6
     84: 34.8
     85: 35.4
     86: 35.4
     87: 35.2
     88: 35.7
     89: 35.6
     90: 35.2
     91: 35.7
     92: 35.3
     93: 35.4
     94: 35.7
     95: 35.8
     96: 34.8
     97: 35.2
     98: 35.2
     99: 35.2
    100: 35.2
    101: 35.1
    102: 35.1
    103: 35.3
    104: 35.8
    105: 34.9
    106: 35.9
    107: 35.8
    108: 35.2
    109: 35.3
    110: 35
    111: 35.6
    112: 35.2
    113: 35.8
    114: 35.4
    115: 35.2
    116: 35.1
    117: 35.1
    118: 35.2
    119: 35.2
    120: 34.8
    121: 34.9
    122: 35.4
    123: 35.8
    124: 36
    125: 35.8
    126:   )
    127: }
    128: transform { function = log }
    129: regression { aictest = (td easter) }
    130: automdl {}
    131: x11 { mode = add save = (d10 d11) }
        ces_hours 23060            PAGE   2, SERIES ces_hours_log_ad

 A 1  Time series data (for the span analyzed)
  From  2007.Jan to 2016.Dec
  Observations        120
 -----------------------------------------------------------------------------
               Jan      Feb      Mar      Apr      May      Jun 
               Jul      Aug      Sep      Oct      Nov      Dec        TOTAL  
 -----------------------------------------------------------------------------
  2007          34.      33.      34.      34.      34.      34.
                34.      34.      34.      33.      34.      35.          405.
 
  2008          34.      35.      35.      34.      34.      34.
                33.      34.      34.      33.      34.      33.          407.
 
  2009          33.      33.      33.      33.      33.      33.
                34.      34.      33.      33.      35.      35.          403.
 
  2010          35.      35.      35.      34.      35.      35.
                35.      35.      34.      35.      35.      35.          418.
 
  2011          34.      34.      34.      34.      34.      35.
                33.      34.      34.      34.      34.      34.          408.
 
  2012          34.      35.      34.      36.      35.      34.
                34.      35.      35.      34.      35.      34.          414.
 
  2013          34.      34.      34.      34.      35.      35.
                35.      35.      35.      35.      36.      36.          417.
 
  2014          35.      36.      35.      35.      36.      36.
                35.      35.      35.      35.      35.      35.          424.
 
  2015          35.      35.      36.      35.      36.      36.
                35.      35.      35.      36.      35.      36.          425.
 
  2016          35.      35.      35.      35.      35.      35.
                35.      35.      35.      36.      36.      36.          424.
 
  AVGE          34.      34.      35.      34.      35.      35.
                34.      35.      34.      34.      35.      35.

  Table Total-        4144.   Mean-        35.   Std. Dev.-         1.
                              Min -        33.        Max -        36.
        ces_hours 23060            PAGE   3, SERIES ces_hours_log_ad
                        Automatic ARIMA Model Selection

                    Procedure based closely on TRAMO method 
                         of Gomez and Maravall (2000)
              "Automatic Modeling Methods for Univariate Series",
                            A Course in Time Series
                  (Edited by D. Pena, G. C. Tiao, R. S. Tsay),
                         New York : J. Wiley and Sons


     Maximum order for regular ARMA parameters :   2
     Maximum order for seasonal ARMA parameters :   1
     Maximum order for regular differencing :   2
     Maximum order for seasonal differencing :   1

   Results of Unit Root Test for identifying orders of differencing:
     Regular difference order :   1
     Seasonal difference order :   0

     Mean is not significant.

  Automatic model choice : (0 1 1)
     Deleted Easter regressor(s) due to insignificant t-value.


  Final Checks for Identified Model


  Checking for Unit Roots.
   No unit roots found.

  Checking for nonseasonal overdifferencing.
   Nonseasonal MA not within  0.001 of 1.0 - model passes test.

  Checking for insignificant ARMA coefficients.

  Final automatic model choice : (0 1 1)
   End of automatic model selection procedure.

 Average absolute percentage error in within-sample forecasts:
  Last year:   1.03      Last-1 year:   0.91     Last-2 year:   0.81
  Last three years:    0.92

 Estimation converged in    3 ARMA iterations,    7 function evaluations.

 ARIMA Model:  (0 1 1)
   Nonseasonal differences: 1
                                              Standard
 Parameter                    Estimate          Errors
 -----------------------------------------------------
 Nonseasonal MA                                    
   Lag  1                       0.5873         0.07500

 Variance                       0.21234E-03
 SE of Var                      0.27528E-04
 -----------------------------------------------------

 Likelihood Statistics
 ------------------------------------------------------------------
 Number of observations (nobs)                                  120
 Effective number of observations (nefobs)                      119
 Number of parameters estimated (np)                              2
 Log likelihood                                            334.1459
 Transformation Adjustment                                -421.4742
 Adjusted Log likelihood (L)                               -87.3283
 AIC                                                       178.6566 
 AICC (F-corrected-AIC)                                    178.7600 
 Hannan Quinn                                              180.9136 
 BIC                                                       184.2148 
 ------------------------------------------------------------------

 QS Statistic for regARIMA Model Residuals (full series):             0.00
                                                       (P-Value =     1.0000)

 QS Statistic for regARIMA Model Residuals (starting 2009.Jan):       0.00
                                                       (P-Value =     1.0000)
      10*LOG(SPECTRUM) of the regARIMA model residuals
      Spectrum estimated from 2009.Jan to 2016.Dec.
 ++++++++++I+++++++++++++++++++++++++++++++++++++++++++++++++++++++++++++I
     -31.30I      *                                                      I    -31.30
           I      *                                                      I
           I      *                                                      I
           I      *                      *   *                           I
     -32.40I      *                      *   *                           I    -32.40
           I      *                      *   *            *              I
           I      *                      *   *            *              I
           I     **                      *   *            *              I
     -33.50I     **                      *   *            *              I    -33.50
           I     **                      *   *    **S     *              I
           I    ***                      *   *    **S     *              I
           I    ***                      *   *    **S     *              I
     -34.60I    ***               *      *   *   ***S     *           *  I    -34.60
           I    ***               *      *  **   ***S     *           *  I
           I    ***              **      *  **   ***S     *           *  I
           I    ***             S**      *  **   ***S     *          **  I
     -35.70I    ***            *S**      *S ***  ***S     *          **  I    -35.70
           I    ****           *S***     *S ***  ***S     *       *  **  I
           I    ****           *S***     *S ***  ***S     *       *  **  I
           I    ****           *S***     *S ***  ***S     *       *  **  I
     -36.80I    ****           *S***     *S ***  ***S     **      *  **  I    -36.80
           I    ****          **S***    **S**** ****S*    **      *  **  I
           I   *****          **S***    **S**** ****S*    **      *  **  I
           I   *****          **S***    **S**** ****S*    **      *  **  I
     -37.90I   *****          **S***    **S*********S*    **     *** **  I    -37.90
           I   *****    **    **S***    **S*********S*    **     ******  I
           I   *****    **    **S***    **S*********S*   ***     ******  I
           I   *****    **   ***S***    **S*********S*   ***     ******* I
     -39.00I   *****    **   ***S***    **S*********S*   ***     ******* I    -39.00
           I   *****    **   ***S***    **S*********S*   ***     ******* I
           I   *****    **   ***S****   **S*********S*   ****    ******* I
           I   *****    ***  ***S****   **S*********S*   ****    ******* I
     -40.10I   *****    *** ****S****   **S*********S*   ****    *******SI    -40.10
           I   *****    ********S****   **S*********S*   *****  T*******SI
           I   ******   ********S****   **S*********S*   *****S T*******SI
           I   ******  *********S****   **S*********S*   *****S*T*******SI
     -41.20I   ******  *********S****   **S*********S*T  *****S*T*******SI    -41.20
           I   ******  *********S****  ***S*********S*T  *****S*T*******SI
           I   ******  *********S****  ***S*********S*T  *****S*T*******SI
           I  *******  *********S****  ***S*********S*T  *****S*T*******SI
     -42.30I  *******  *********S***** ***S*********S*T  *****S*T*******SI    -42.30
           I  *******  *********S***** ***S*********S*T ******S*T*******SI
           I  ********S*********S*********S*********S*T ******S*T*******SI
           I  ********S*********S*********S*********S*T ******S*T*******SI
     -43.40I  ********S*********S*********S*********S*T*******S*T*******SI    -43.40
           I  ********S*********S*********S*********S*T*******S*T*******SI
           I  ********S*********S*********S*********S*T*******S*T*******SI
           I  ********S*********S*********S*********S*T*******S*T*******SI
     -44.50I  ********S*********S*********S*********S*T*******S*T*******SI    -44.50
           I *********S*********S*********S*********S*T*******S*T*******SI
           I *********S*********S*********S*********S*T*******S*T*******SI
           I *********S*********S*********S*********S*T*******S*T*******SI
     -45.60I**********S*********S*********S*********S*T*******S*T*******SI    -45.60
 ++++++++++I+++++++++++++++++++++++++++++++++++++++++++++++++++++++++++++I
            S=SEASONAL FREQUENCIES, T=TRADING DAY FREQUENCIES


 FORECASTING
  Origin  2016.Dec
  Number        12

  Forecasts and Standard Errors of the Transformed Data
   ------------------------------
                         Standard
       Date   Forecast      Error
   ------------------------------
   2017.Jan       3.58      0.015
   2017.Feb       3.58      0.016
   2017.Mar       3.58      0.017
   2017.Apr       3.58      0.018
   2017.May       3.58      0.019
   2017.Jun       3.58      0.020
   2017.Jul       3.58      0.021
   2017.Aug       3.58      0.022
   2017.Sep       3.58      0.022
   2017.Oct       3.58      0.023
   2017.Nov       3.58      0.024
   2017.Dec       3.58      0.025
   ------------------------------

  Confidence intervals with coverage probability ( 0.95000
  On the Original Scale
   ---------------------------------------
       Date      Lower  Forecast     Upper
   ---------------------------------------
   2017.Jan      34.71     35.72     36.75
   2017.Feb      34.63     35.72     36.84
   2017.Mar      34.55     35.72     36.92
   2017.Apr      34.48     35.72     36.99
   2017.May      34.42     35.72     37.06
   2017.Jun      34.35     35.72     37.13
   2017.Jul      34.29     35.72     37.20
   2017.Aug      34.24     35.72     37.26
   2017.Sep      34.18     35.72     37.32
   2017.Oct      34.13     35.72     37.38
   2017.Nov      34.08     35.72     37.43
   2017.Dec      34.03     35.72     37.49
   ---------------------------------------
        ces_hours 23060            PAGE   4, SERIES ces_hours_log_ad

 B 1  Original series (prior adjusted)
  From  2007.Jan to 2016.Dec
  Observations        120
 -----------------------------------------------------------------------------
               Jan      Feb      Mar      Apr      May      Jun 
               Jul      Aug      Sep      Oct      Nov      Dec        TOTAL  
 -----------------------------------------------------------------------------
  2007          34.      33.      34.      34.      34.      34.
                34.      34.      34.      33.      34.      35.          405.
 
  2008          34.      35.      35.      34.      34.      34.
                33.      34.      34.      33.      34.      33.          407.
 
  2009          33.      33.      33.      33.      33.      33.
                34.      34.      33.      33.      35.      35.          403.
 
  2010          35.      35.      35.      34.      35.      35.
                35.      35.      34.      35.      35.      35.          418.
 
  2011          34.      34.      34.      34.      34.      35.
                33.      34.      34.      34.      34.      34.          408.
 
  2012          34.      35.      34.      36.      35.      34.
                34.      35.      35.      34.      35.      34.          414.
 
  2013          34.      34.      34.      34.      35.      35.
                35.      35.      35.      35.      36.      36.          417.
 
  2014          35.      36.      35.      35.      36.      36.
                35.      35.      35.      35.      35.      35.          424.
 
  2015          35.      35.      36.      35.      36.      36.
                35.      35.      35.      36.      35.      36.          425.
 
  2016          35.      35.      35.      35.      35.      35.
                35.      35.      35.      36.      36.      36.          424.
 
  AVGE          34.      34.      35.      34.      35.      35.
                34.      35.      34.      34.      35.      35.

  Table Total-        4144.   Mean-        35.   Std. Dev.-         1.
                              Min -        33.        Max -        36.

 B 1.A  Forecasts of (prior adjusted) original series
  From  2017.Jan to 2017.Dec
  Observations         12
 -----------------------------------------------------------------------------
               Jan      Feb      Mar      Apr      May      Jun 
               Jul      Aug      Sep      Oct      Nov      Dec        TOTAL  
 -----------------------------------------------------------------------------
  2017          36.      36.      36.      36.      36.      36.
                36.      36.      36.      36.      36.      36.          429.
 
        ces_hours 23060            PAGE   5, SERIES ces_hours_log_ad

 C 17  Final weights for irregular component
  From  2007.Jan to 2016.Dec
  Observations        120
  Lower sigma limit    1.50
  Upper sigma limit    2.50
 -----------------------------------------------------------------------------
               Jan      Feb      Mar      Apr      May      Jun 
               Jul      Aug      Sep      Oct      Nov      Dec         S.D.  
 -----------------------------------------------------------------------------
  2007         100.       0.     100.     100.     100.     100.
               100.     100.     100.     100.     100.     100.           31.
 
  2008         100.      25.     100.     100.     100.     100.
               100.     100.     100.     100.     100.     100.           31.
 
  2009         100.     100.     100.     100.     100.     100.
                77.     100.     100.       0.       6.     100.           31.
 
  2010         100.     100.     100.      61.     100.     100.
               100.     100.     100.     100.     100.     100.           30.
 
  2011         100.     100.     100.     100.     100.       0.
               100.     100.      23.     100.     100.     100.           28.
 
  2012         100.     100.       0.       0.     100.       0.
               100.     100.     100.     100.     100.     100.           25.
 
  2013         100.     100.     100.     100.     100.     100.
               100.     100.     100.     100.     100.     100.           25.
 
  2014         100.     100.     100.     100.     100.      78.
               100.     100.     100.     100.     100.     100.           19.
 
  2015         100.     100.       0.       0.     100.     100.
               100.     100.       0.     100.      63.       4.           16.
 
  2016         100.     100.     100.     100.     100.     100.
               100.      46.     100.     100.     100.     100.           16.
 
        ces_hours 23060            PAGE   6, SERIES ces_hours_log_ad

 D 8  Final unmodified SI ratios
  From  2007.Jan to 2016.Dec
  Observations        120
 -----------------------------------------------------------------------------
               Jan      Feb      Mar      Apr      May      Jun 
               Jul      Aug      Sep      Oct      Nov      Dec         AVGE  
 -----------------------------------------------------------------------------
  2007          -0.      -1.       0.       0.      -0.      -0.
                 0.      -0.       0.      -1.       0.       1.           -0.
 
  2008          -0.       1.       0.      -0.      -0.       0.
                -1.       0.      -0.      -0.       0.       0.            0.
 
  2009           0.       0.       0.      -0.      -0.      -0.
                 0.       0.      -1.      -1.       1.       1.           -0.
 
  2010          -0.      -0.       1.      -1.       0.      -0.
                -0.       0.      -1.       0.       0.       1.            0.
 
  2011          -1.      -0.       0.       0.      -0.       1.
                -1.       0.       1.       0.      -0.      -0.            0.
 
  2012          -0.       0.      -1.       1.       0.      -1.
                -0.       0.       0.      -0.       0.       0.           -0.
 
  2013          -0.      -0.       0.      -0.       0.      -0.
                -0.       0.       0.      -0.       0.       0.           -0.
 
  2014          -0.       0.      -0.      -0.       0.       0.
                -0.      -0.       0.       0.       0.      -0.           -0.
 
  2015          -0.      -0.       0.      -1.       0.       0.
                -0.      -0.      -0.       0.      -0.       0.           -0.
 
  2016           0.      -0.      -0.      -0.       0.       0.
                -0.      -0.      -0.       0.       0.       0.           -0.
 
  AVGE          -0.      -0.       0.      -0.       0.       0.
                -0.       0.      -0.      -0.       0.       0.

  Table Total-          -0.   Mean-        -0.   Std. Dev.-         0.
                              Min -        -1.        Max -         1.
        ces_hours 23060            PAGE   7, SERIES ces_hours_log_ad

 D 8.B  Final unmodified SI ratios, with labels for outliers and extreme values
  From  2007.Jan to 2016.Dec
  Observations        120
 ---------------------------------------------------------------------
               Jan       Feb       Mar       Apr       May       Jun  
               Jul       Aug       Sep       Oct       Nov       Dec  
 ---------------------------------------------------------------------
  2007         -0.       -1.*       0.        0.       -0.       -0.  
                0.       -0.        0.       -1.        0.        1.  
 
  2008         -0.        1.*       0.       -0.       -0.        0.  
               -1.        0.       -0.       -0.        0.        0.  
 
  2009          0.        0.        0.       -0.       -0.       -0.  
                0.*       0.       -1.       -1.*       1.*       1.  
 
  2010         -0.       -0.        1.       -1.*       0.       -0.  
               -0.        0.       -1.        0.        0.        1.  
 
  2011         -1.       -0.        0.        0.       -0.        1.* 
               -1.        0.        1.*       0.       -0.       -0.  
 
  2012         -0.        0.       -1.*       1.*       0.       -1.* 
               -0.        0.        0.       -0.        0.        0.  
 
  2013         -0.       -0.        0.       -0.        0.       -0.  
               -0.        0.        0.       -0.        0.        0.  
 
  2014         -0.        0.       -0.       -0.        0.        0.* 
               -0.       -0.        0.        0.        0.       -0.  
 
  2015         -0.       -0.        0.*      -1.*       0.        0.  
               -0.       -0.       -0.*       0.       -0.*       0.* 
 
  2016          0.       -0.       -0.       -0.        0.        0.  
               -0.       -0.*      -0.        0.        0.        0.  
 

  Key to symbols:
    *  : extreme value as determined by X-11 extreme value procedure
 
        ces_hours 23060            PAGE   8, SERIES ces_hours_log_ad

 D 9  Final replacement values for SI ratios
  From  2007.Jan to 2016.Dec
  Observations        120
 ---------------------------------------------------------------
               Jan      Feb      Mar      Apr      May      Jun 
               Jul      Aug      Sep      Oct      Nov      Dec 
 ---------------------------------------------------------------
  2007     ********      -0. ******** ******** ******** ********
           ******** ******** ******** ******** ******** ********
 
  2008     ********       0. ******** ******** ******** ********
           ******** ******** ******** ******** ******** ********
 
  2009     ******** ******** ******** ******** ******** ********
                 0. ******** ********      -0.       0. ********
 
  2010     ******** ******** ********      -0. ******** ********
           ******** ******** ******** ******** ******** ********
 
  2011     ******** ******** ******** ******** ********       0.
           ******** ********       0. ******** ******** ********
 
  2012     ******** ********       0.      -0. ********       0.
           ******** ******** ******** ******** ******** ********
 
  2013     ******** ******** ******** ******** ******** ********
           ******** ******** ******** ******** ******** ********
 
  2014     ******** ******** ******** ******** ********       0.
           ******** ******** ******** ******** ******** ********
 
  2015     ******** ********      -0.      -0. ******** ********
           ******** ********      -0. ********      -0.       0.
 
  2016     ******** ******** ******** ******** ******** ********
           ********      -0. ******** ******** ******** ********
 

 D 9.A  Moving seasonality ratio
 ---------------------------------------------------------------
               Jan      Feb      Mar      Apr      May      Jun 
 ---------------------------------------------------------------
   I          0.188    0.198    0.178    0.190    0.224    0.211
   S          0.045    0.030    0.048    0.024    0.049    0.030
 RATIO        4.145    6.493    3.729    7.793    4.583    7.137



 ---------------------------------------------------------------
               Jul      Aug      Sep      Oct      Nov      Dec 
 ---------------------------------------------------------------
   I          0.328    0.167    0.211    0.190    0.193    0.203
   S          0.045    0.054    0.049    0.048    0.024    0.053
 RATIO        7.275    3.111    4.270    3.997    7.960    3.826



        ces_hours 23060            PAGE   9, SERIES ces_hours_log_ad

 D 10  Final seasonal factors
  From  2007.Jan to 2016.Dec
  Observations        120
  Seasonal filter    3 x 5 moving average
 -----------------------------------------------------------------------------
               Jan      Feb      Mar      Apr      May      Jun 
               Jul      Aug      Sep      Oct      Nov      Dec         AVGE  
 -----------------------------------------------------------------------------
  2007          -0.      -0.       0.      -0.      -0.      -0.
                -0.       0.      -0.      -0.       0.       0.            0.
 
  2008          -0.      -0.       0.      -0.      -0.      -0.
                -0.       0.      -0.      -0.       0.       0.            0.
 
  2009          -0.      -0.       0.      -0.      -0.      -0.
                -0.       0.      -0.      -0.       0.       0.            0.
 
  2010          -0.      -0.       0.      -0.      -0.      -0.
                -0.       0.      -0.      -0.       0.       0.            0.
 
  2011          -0.      -0.       0.      -0.       0.       0.
                -0.       0.      -0.       0.       0.       0.            0.
 
  2012          -0.      -0.       0.      -0.       0.       0.
                -0.       0.      -0.       0.       0.       0.           -0.
 
  2013          -0.      -0.       0.      -0.       0.       0.
                -0.       0.       0.       0.       0.       0.           -0.
 
  2014          -0.      -0.       0.      -0.       0.       0.
                -0.       0.       0.       0.       0.       0.           -0.
 
  2015          -0.      -0.      -0.      -0.       0.       0.
                -0.      -0.       0.       0.       0.       0.           -0.
 
  2016          -0.       0.      -0.      -0.       0.       0.
                -0.      -0.      -0.       0.       0.       0.           -0.
 
  AVGE          -0.      -0.       0.      -0.       0.       0.
                -0.       0.      -0.      -0.       0.       0.

  Table Total-          -0.   Mean-        -0.   Std. Dev.-         0.
                              Min -        -0.        Max -         0.

 D 10.A  Final seasonal component forecasts
  From  2017.Jan to 2017.Dec
  Observations         12
 -----------------------------------------------------------------------------
               Jan      Feb      Mar      Apr      May      Jun 
               Jul      Aug      Sep      Oct      Nov      Dec         AVGE  
 -----------------------------------------------------------------------------
  2017          -0.       0.      -0.      -0.       0.       0.
                -0.      -0.      -0.       0.       0.       0.            0.
 
        ces_hours 23060            PAGE  10, SERIES ces_hours_log_ad

 D 11  Final seasonally adjusted data
  From  2007.Jan to 2016.Dec
  Observations        120
 -----------------------------------------------------------------------------
               Jan      Feb      Mar      Apr      May      Jun 
               Jul      Aug      Sep      Oct      Nov      Dec        TOTAL  
 -----------------------------------------------------------------------------
  2007          34.      33.      34.      34.      34.      34.
                34.      33.      34.      33.      34.      34.          405.
 
  2008          34.      35.      34.      34.      34.      34.
                34.      34.      34.      34.      34.      33.          407.
 
  2009          33.      33.      33.      33.      33.      33.
                34.      34.      33.      33.      35.      35.          403.
 
  2010          35.      35.      35.      34.      35.      35.
                35.      35.      34.      35.      35.      35.          417.
 
  2011          34.      34.      34.      34.      34.      35.
                33.      34.      35.      34.      34.      34.          408.
 
  2012          34.      35.      34.      36.      35.      34.
                34.      34.      35.      34.      34.      34.          414.
 
  2013          34.      34.      34.      34.      34.      34.
                35.      35.      35.      35.      36.      36.          417.
 
  2014          35.      36.      35.      35.      35.      36.
                35.      35.      35.      35.      35.      35.          424.
 
  2015          35.      35.      36.      35.      36.      36.
                36.      35.      35.      36.      35.      36.          425.
 
  2016          35.      35.      35.      35.      35.      35.
                35.      35.      35.      36.      36.      36.          424.
 
  AVGE          34.      34.      34.      35.      35.      35.
                35.      35.      35.      34.      35.      35.

  Table Total-        4144.   Mean-        35.   Std. Dev.-         1.
                              Min -        33.        Max -        36.
        ces_hours 23060            PAGE  11, SERIES ces_hours_log_ad

 D 12  Final trend cycle
  From  2007.Jan to 2016.Dec
  Observations        120
  Trend filter    13-term Henderson moving average
  I/C ratio        2.52
 -----------------------------------------------------------------------------
               Jan      Feb      Mar      Apr      May      Jun 
               Jul      Aug      Sep      Oct      Nov      Dec        TOTAL  
 -----------------------------------------------------------------------------
  2007          34.      34.      34.      34.      34.      34.
                34.      34.      34.      34.      34.      34.          406.
 
  2008          34.      34.      34.      34.      34.      34.
                34.      34.      34.      34.      33.      33.          407.
 
  2009          33.      33.      33.      33.      33.      33.
                33.      34.      34.      34.      34.      35.          403.
 
  2010          35.      35.      35.      35.      35.      35.
                35.      35.      35.      35.      35.      34.          417.
 
  2011          34.      34.      34.      34.      34.      34.
                34.      34.      34.      34.      34.      34.          407.
 
  2012          34.      34.      35.      35.      35.      35.
                35.      35.      34.      34.      34.      34.          414.
 
  2013          34.      34.      34.      34.      34.      35.
                35.      35.      35.      35.      35.      36.          417.
 
  2014          36.      36.      36.      35.      35.      35.
                35.      35.      35.      35.      35.      35.          424.
 
  2015          35.      35.      35.      36.      36.      36.
                36.      35.      35.      35.      35.      35.          425.
 
  2016          35.      35.      35.      35.      35.      35.
                35.      35.      35.      36.      36.      36.          424.
 
  AVGE          34.      34.      34.      35.      35.      35.
                35.      35.      35.      35.      35.      35.

  Table Total-        4144.   Mean-        35.   Std. Dev.-         1.
                              Min -        33.        Max -        36.
        ces_hours 23060            PAGE  12, SERIES ces_hours_log_ad

 D 13  Final irregular component
  From  2007.Jan to 2016.Dec
  Observations        120
 -----------------------------------------------------------------------------
               Jan      Feb      Mar      Apr      May      Jun 
               Jul      Aug      Sep      Oct      Nov      Dec         S.D.  
 -----------------------------------------------------------------------------
  2007           0.      -1.      -0.       0.      -0.      -0.
                 0.      -0.       0.      -0.      -0.       0.            0.
 
  2008          -0.       1.       0.      -0.       0.       0.
                -0.       0.       0.       0.       0.      -0.            0.
 
  2009           0.       0.      -0.       0.      -0.      -0.
                 1.       0.      -0.      -1.       1.       0.            0.
 
  2010           0.      -0.       0.      -1.       0.      -0.
                 0.       0.      -0.       0.       0.       0.            0.
 
  2011          -0.      -0.       0.       0.      -0.       1.
                -0.       0.       1.       0.      -0.      -0.            0.
 
  2012          -0.       0.      -1.       1.       0.      -1.
                -0.      -0.       0.      -0.       0.       0.            1.
 
  2013          -0.      -0.       0.      -0.      -0.      -0.
                 0.       0.       0.      -0.       0.       0.            0.
 
  2014          -0.       0.      -0.      -0.       0.       0.
                -0.      -0.       0.       0.      -0.      -0.            0.
 
  2015           0.      -0.       0.      -1.       0.       0.
                -0.      -0.      -0.       0.      -0.       0.            0.
 
  2016           0.      -0.      -0.       0.      -0.       0.
                -0.      -0.      -0.       0.       0.      -0.            0.
 
  S.D.           0.       0.       0.       1.       0.       0.
                 0.       0.       0.       0.       0.       0.

  Table Total-          -0.   Mean-        -0.   Std. Dev.-         0.
                              Min -        -1.        Max -         1.
        ces_hours 23060            PAGE  13, SERIES ces_hours_log_ad

 D 16  Combined adjustment factors
  From  2007.Jan to 2016.Dec
  Observations        120
 -----------------------------------------------------------------------------
               Jan      Feb      Mar      Apr      May      Jun 
               Jul      Aug      Sep      Oct      Nov      Dec         AVGE  
 -----------------------------------------------------------------------------
  2007          -0.      -0.       0.      -0.      -0.      -0.
                -0.       0.      -0.      -0.       0.       0.            0.
 
  2008          -0.      -0.       0.      -0.      -0.      -0.
                -0.       0.      -0.      -0.       0.       0.            0.
 
  2009          -0.      -0.       0.      -0.      -0.      -0.
                -0.       0.      -0.      -0.       0.       0.            0.
 
  2010          -0.      -0.       0.      -0.      -0.      -0.
                -0.       0.      -0.      -0.       0.       0.            0.
 
  2011          -0.      -0.       0.      -0.       0.       0.
                -0.       0.      -0.       0.       0.       0.            0.
 
  2012          -0.      -0.       0.      -0.       0.       0.
                -0.       0.      -0.       0.       0.       0.           -0.
 
  2013          -0.      -0.       0.      -0.       0.       0.
                -0.       0.       0.       0.       0.       0.           -0.
 
  2014          -0.      -0.       0.      -0.       0.       0.
                -0.       0.       0.       0.       0.       0.           -0.
 
  2015          -0.      -0.      -0.      -0.       0.       0.
                -0.      -0.       0.       0.       0.       0.           -0.
 
  2016          -0.       0.      -0.      -0.       0.       0.
                -0.      -0.      -0.       0.       0.       0.           -0.
 
  AVGE          -0.      -0.       0.      -0.       0.       0.
                -0.       0.      -0.      -0.       0.       0.

  Table Total-          -0.   Mean-        -0.   Std. Dev.-         0.
                              Min -        -0.        Max -         0.

 D 16.A  Combined adjustment component forecasts
  From  2017.Jan to 2017.Dec
  Observations         12
 -----------------------------------------------------------------------------
               Jan      Feb      Mar      Apr      May      Jun 
               Jul      Aug      Sep      Oct      Nov      Dec         AVGE  
 -----------------------------------------------------------------------------
  2017          -0.       0.      -0.      -0.       0.       0.
                -0.      -0.      -0.       0.       0.       0.            0.
 
        ces_hours 23060            PAGE  14, SERIES ces_hours_log_ad

 E 4  Differences of annual totals
  From          2007 to 2016
  Observations         10
 -----------------------------------
  Year       Unmodified     Modified
                  (D11)         (E2)
 -----------------------------------
  2007               0.           0.
 
  2008               0.           0.
 
  2009               0.           0.
 
  2010               0.           0.
 
  2011               0.           0.
 
  2012              -0.          -0.
 
  2013              -0.          -0.
 
  2014              -0.          -0.
 
  2015              -0.          -0.
 
  2016              -0.          -0.
 
        ces_hours 23060            PAGE  15, SERIES ces_hours_log_ad

 E 5  Month-to-month differences in the original series
  From  2007.Feb to 2016.Dec
  Observations        119
 -----------------------------------------------------------------------------
               Jan      Feb      Mar      Apr      May      Jun 
               Jul      Aug      Sep      Oct      Nov      Dec         AVGE  
 -----------------------------------------------------------------------------
  2007                   -1.       1.       0.      -0.       0.
                 0.      -0.       0.      -1.       1.       1.            0.
 
  2008          -1.       1.      -0.      -0.       0.       0.
                -1.       1.      -0.      -0.       0.      -0.           -0.
 
  2009          -0.       0.      -0.      -0.       0.       0.
                 1.       0.      -1.      -0.       2.      -0.            0.
 
  2010          -0.      -0.       1.      -1.       1.      -0.
                 0.       1.      -1.       1.      -0.       0.           -0.
 
  2011          -1.       0.       1.      -0.      -0.       1.
                -1.       1.       0.      -0.      -0.       0.           -0.
 
  2012          -0.       1.      -1.       2.      -1.      -1.
                 0.       0.      -0.      -0.       0.      -0.            0.
 
  2013          -1.       0.       0.      -0.       1.       0.
                 0.       1.       0.      -0.       1.      -0.            0.
 
  2014          -0.       1.      -0.       0.       0.       0.
                -1.       0.       0.       0.       0.      -0.           -0.
 
  2015           0.       0.       1.      -1.       1.      -0.
                -1.       0.      -0.       1.      -0.       1.            0.
 
  2016          -0.      -0.      -0.       0.       0.       0.
                -0.       0.       1.       0.       0.      -0.            0.
 
  AVGE          -0.       0.       0.      -0.       0.       0.
                -0.       0.      -0.      -0.       0.       0.

  Table Total-           2.   Mean-         0.   Std. Dev.-         1.
                              Min -        -1.        Max -         2.
        ces_hours 23060            PAGE  16, SERIES ces_hours_log_ad

 E 6  Month-to-month differences in seasonally adjusted series (D11)
  From  2007.Feb to 2016.Dec
  Observations        119
 -----------------------------------------------------------------------------
               Jan      Feb      Mar      Apr      May      Jun 
               Jul      Aug      Sep      Oct      Nov      Dec         AVGE  
 -----------------------------------------------------------------------------
  2007                   -1.       1.       0.      -0.      -0.
                 0.      -1.       1.      -1.       0.       0.            0.
 
  2008          -0.       1.      -1.      -0.       0.       0.
                -1.       0.      -0.      -0.      -0.      -1.           -0.
 
  2009           0.      -0.      -0.       0.      -0.       0.
                 1.      -0.      -0.      -1.       2.      -0.            0.
 
  2010           0.      -0.       0.      -1.       1.      -0.
                 0.       0.      -1.       0.      -0.       0.           -0.
 
  2011          -1.      -0.       0.      -0.      -1.       1.
                -1.       0.       1.      -0.      -0.       0.           -0.
 
  2012           0.       0.      -1.       2.      -1.      -1.
                 1.      -0.       0.      -0.       0.      -0.            0.
 
  2013          -0.      -0.       0.       0.       0.       0.
                 1.       0.       0.      -0.       0.      -0.            0.
 
  2014          -0.       0.      -0.       0.       0.       0.
                -1.       0.      -0.      -0.      -0.      -0.           -0.
 
  2015           0.       0.       1.      -1.       1.      -0.
                -0.      -0.      -0.       1.      -0.       1.            0.
 
  2016          -0.      -0.      -0.      -0.      -0.       0.
                 0.      -0.       0.       0.       0.      -0.           -0.
 
  AVGE          -0.      -0.      -0.       0.      -0.       0.
                -0.      -0.       0.      -0.       0.      -0.

  Table Total-           2.   Mean-         0.   Std. Dev.-         1.
                              Min -        -1.        Max -         2.
        ces_hours 23060            PAGE  17, SERIES ces_hours_log_ad

 E 7  Month-to-month differences in final trend cycle (D12)
  From  2007.Feb to 2016.Dec
  Observations        119
 -----------------------------------------------------------------------------
               Jan      Feb      Mar      Apr      May      Jun 
               Jul      Aug      Sep      Oct      Nov      Dec         AVGE  
 -----------------------------------------------------------------------------
  2007                    0.       0.      -0.      -0.      -0.
                -0.      -0.      -0.       0.       0.       0.            0.
 
  2008           0.       0.       0.       0.      -0.      -0.
                -0.      -0.      -0.      -0.      -0.      -0.           -0.
 
  2009          -0.      -0.      -0.       0.       0.       0.
                 0.       0.       0.       0.       0.       0.            0.
 
  2010           0.       0.       0.       0.       0.      -0.
                -0.      -0.      -0.      -0.      -0.      -0.           -0.
 
  2011          -0.      -0.      -0.      -0.      -0.      -0.
                 0.       0.       0.       0.       0.       0.           -0.
 
  2012           0.       0.       0.       0.       0.      -0.
                -0.      -0.      -0.      -0.      -0.      -0.            0.
 
  2013          -0.      -0.       0.       0.       0.       0.
                 0.       0.       0.       0.       0.       0.            0.
 
  2014           0.       0.      -0.      -0.      -0.      -0.
                -0.      -0.      -0.      -0.      -0.       0.           -0.
 
  2015           0.       0.       0.       0.       0.       0.
                -0.      -0.      -0.      -0.      -0.      -0.            0.
 
  2016          -0.      -0.      -0.      -0.      -0.       0.
                 0.       0.       0.       0.       0.       0.            0.
 
  AVGE           0.       0.       0.       0.       0.       0.
                 0.       0.       0.       0.       0.       0.

  Table Total-           2.   Mean-         0.   Std. Dev.-         0.
                              Min -        -0.        Max -         0.
        ces_hours 23060            PAGE  18, SERIES ces_hours_log_ad

 E 8  Month-to-month differences in original series adjusted for calendar factors (A18)
  From  2007.Feb to 2016.Dec
  Observations        119
 -----------------------------------------------------------------------------
               Jan      Feb      Mar      Apr      May      Jun 
               Jul      Aug      Sep      Oct      Nov      Dec         AVGE  
 -----------------------------------------------------------------------------
  2007                   -1.       1.       0.      -0.       0.
                 0.      -0.       0.      -1.       1.       1.            0.
 
  2008          -1.       1.      -0.      -0.       0.       0.
                -1.       1.      -1.      -0.       0.      -0.           -0.
 
  2009          -0.       0.      -0.      -0.       0.       0.
                 1.       0.      -1.      -0.       2.      -0.            0.
 
  2010          -0.      -0.       1.      -1.       1.      -0.
                 0.       1.      -1.       1.      -0.       0.           -0.
 
  2011          -1.       0.       1.      -0.      -0.       1.
                -1.       1.       0.      -0.      -0.       0.           -0.
 
  2012          -0.       1.      -1.       2.      -1.      -1.
                 0.       0.      -0.      -0.       0.      -0.            0.
 
  2013          -1.       0.       0.      -0.       1.       0.
                 0.       1.       0.      -0.       1.      -0.            0.
 
  2014          -0.       1.      -0.       0.       0.       0.
                -1.       0.       0.       0.       0.      -0.           -0.
 
  2015           0.       0.       0.      -1.       1.      -0.
                -1.       0.      -0.       1.      -0.       1.            0.
 
  2016          -0.      -0.      -0.       0.       0.       0.
                -0.       0.       0.       0.       0.      -0.            0.
 
  AVGE          -0.       0.       0.      -0.       0.       0.
                -0.       0.      -0.      -0.       0.       0.

  Table Total-           2.   Mean-         0.   Std. Dev.-         1.
                              Min -        -1.        Max -         2.
        ces_hours 23060            PAGE  19, SERIES ces_hours_log_ad

 E 18  Final adjustment ratios
  From  2007.Jan to 2016.Dec
  Observations        120
 -----------------------------------------------------------------------------
               Jan      Feb      Mar      Apr      May      Jun 
               Jul      Aug      Sep      Oct      Nov      Dec         AVGE  
 -----------------------------------------------------------------------------
  2007       99.802   99.989  100.699   99.702   99.666   99.904
             99.648  100.409   99.068   99.320  100.572  101.299       100.006
 
  2008       99.721   99.921  100.769   99.663   99.673   99.918
             99.565  100.492   99.103   99.487  100.520  101.272       100.009
 
  2009       99.557   99.882  100.879   99.548   99.770   99.964
             99.406  100.648   99.150   99.739  100.461  101.060       100.005
 
  2010       99.379   99.819  100.816   99.538   99.902   99.978
             99.352  100.743   99.327   99.928  100.417  100.864       100.005
 
  2011       99.168   99.786  100.758   99.485  100.144  100.060
             99.201  100.796   99.540  100.048  100.411  100.659       100.005
 
  2012       99.029   99.764  100.579   99.611  100.332  100.186
             99.144  100.612   99.844  100.089  100.327  100.415        99.994
 
  2013       99.049   99.844  100.328   99.683  100.551  100.346
             99.013  100.298  100.061  100.121  100.343  100.217        99.988
 
  2014       99.273   99.921  100.088   99.794  100.572  100.366
             99.045  100.027  100.112  100.145  100.362  100.156        99.988
 
  2015       99.538   99.999   99.919   99.827  100.548  100.362
             99.087   99.805  100.039  100.223  100.402  100.191        99.995
 
  2016       99.732  100.017   99.858   99.869  100.452  100.329
             99.111   99.665   99.982  100.331  100.360  100.226        99.994
 
  AVGE       99.425   99.894  100.469   99.672  100.161  100.141
             99.257  100.349   99.623   99.943  100.418  100.636

  Table Total-       12000.   Mean-       100.   Std. Dev.-         1.
                              Min -        99.        Max -       101.

 E 18.A  Final adjustment ratio forecasts
  From  2017.Jan to 2017.Dec
  Observations         12
 -----------------------------------------------------------------------------
               Jan      Feb      Mar      Apr      May      Jun 
               Jul      Aug      Sep      Oct      Nov      Dec         AVGE  
 -----------------------------------------------------------------------------
  2017       99.847  100.039   99.839   99.892  100.416  100.311
             99.116   99.577   99.956  100.418  100.364  100.259       100.003
 

  QS statistic for seasonality:
  Original Series                                     0.10  (P-Value =     0.9532)
  Original Series (EV adj)                            0.10  (P-Value =     0.9532)
  Residuals                                           0.00  (P-Value =     1.0000)
  Seasonally Adjusted Series                          0.00  (P-Value =     1.0000)
  Seasonally Adjusted Series (EV adj)                 0.00  (P-Value =     1.0000)
  Irregular Series                                    0.00  (P-Value =     1.0000)
  Irregular Series (EV adj)                           0.00  (P-Value =     1.0000)

  QS statistic for seasonality (starting 2009.Jan):
  Original Series                                     0.03  (P-Value =     0.9829)
  Original Series (EV adj)                            0.03  (P-Value =     0.9829)
  Residuals                                           0.00  (P-Value =     1.0000)
  Seasonally Adjusted Series                          0.00  (P-Value =     1.0000)
  Seasonally Adjusted Series (EV adj)                 0.00  (P-Value =     1.0000)
  Irregular Series                                    0.00  (P-Value =     1.0000)
  Irregular Series (EV adj)                           0.00  (P-Value =     1.0000)
        ces_hours 23060            PAGE  20, SERIES ces_hours_log_ad


  Visually significant residual trading day peaks have been
  found in the spectral plots of the following series starting in 2009.Jan:

          differenced seasonally adjusted series (Table E2) (1 Trading Day peak(s))

          Modified irregular component (Table E3) (1 Seasonal and 


 WARNING: Series should not be a candidate for seasonal adjustment
          because the spectrum of the original series (Table A1 or B1)
          has no visually significant seasonal peaks.

          If this is a component series of an indirectly adjusted
          composite series, consider using type = trend or type = summary
          in the x11 spec.
        ces_hours 23060            PAGE  21, SERIES ces_hours_log_ad
 G 0  10*LOG(SPECTRUM) of the differenced Original Series
      (Table A1 or B1).  Spectrum estimated from 2009.Jan to 2016.Dec.
 ++++++++++I+++++++++++++++++++++++++++++++++++++++++++++++++++++++++++++I
       1.64I                                 *                           I      1.64
           I                                 *                           I
           I                             *   *            *              I
           I                             *   *      S     *              I
       0.04I                             *   *   *  S     *              I      0.04
           I                             *   *   *  S     *          *   I
           I                             *   *   * *S     *          **  I
           I                             *   *   ***S     *          **  I
      -1.56I                             *   *   ***S     *          **  I     -1.56
           I                             *   *   ***S     *      *   **  I
           I                             *   *   ***S     **     **  **  I
           I                             *   *   ***S     **     ** ***  I
      -3.16I                             *   *   ***S     **     ** **** I     -3.16
           I                             *  **  ****S    ***     ******* I
           I                     *       *  *** ****S    ***     ******* I
           I                     *       *  *** ****S*   ****    *******SI
      -4.76I                     *       *  *** ****S*   ****   T*******SI     -4.76
           I                     **      *S *** ****S*   ****   T*******SI
           I                     **      *S *** ****S*   ****   T*******SI
           I                    S***     *S ********S*   *****  T*******SI
      -6.35I                    S***    **S ********S*   *****  T*******SI     -6.35
           I                    S***    **S*********S*   *****S*T*******SI
           I                    S****   **S*********S*   *****S*T*******SI
           I                    S****   **S*********S*   *****S*T*******SI
      -7.95I                  **S****   **S*********S*   *****S*T*******SI     -7.95
           I      *           **S****   **S*********S*  ******S*T*******SI
           I      *           **S****   **S*********S*T ******S*T*******SI
           I     **           **S****   **S*********S*T ******S*T*******SI
      -9.55I     **      *    **S****   **S*********S*T ******S*T*******SI     -9.55
           I     **      *   ***S****   **S*********S*T ******S*T*******SI
           I     **      *   ***S*****  **S*********S*T*******S*T*******SI
           I    ***      *   ***S***** ***S*********S*T*******S*T*******SI
     -11.15I    ****    **   ***S***** ***S*********S*T*******S*T*******SI    -11.15
           I    ****    **   ***S***** ***S*********S*T*******S*T*******SI
           I    ****    **   ***S*********S*********S*T*******S*T*******SI
           I    ****    **   ***S*********S*********S*T*******S*T*******SI
     -12.74I    ****    **   ***S*********S*********S*T*******S*T*******SI    -12.74
           I    ****    **  ****S*********S*********S*T*******S*T*******SI
           I    ****    *** ****S*********S*********S*T*******S*T*******SI
           I   *****    *** ****S*********S*********S*T*******S*T*******SI
     -14.34I   *****    *** ****S*********S*********S*T*******S*T*******SI    -14.34
           I   *****    ********S*********S*********S*T*******S*T*******SI
           I   *****    ********S*********S*********S*T*******S*T*******SI
           I   ******   ********S*********S*********S*T*******S*T*******SI
     -15.94I   ******   ********S*********S*********S*T*******S*T*******SI    -15.94
           I   ******  *********S*********S*********S*T*******S*T*******SI
           I   ******  *********S*********S*********S*T*******S*T*******SI
           I  *******  *********S*********S*********S*T*******S*T*******SI
     -17.54I  *******  *********S*********S*********S*T*******S*T*******SI    -17.54
           I  ******** *********S*********S*********S*T*******S*T*******SI
           I  ********S*********S*********S*********S*T*******S*T*******SI
           I *********S*********S*********S*********S*T*******S*T*******SI
     -19.14I**********S*********S*********S*********S*T*******S*T*******SI    -19.14
 ++++++++++I+++++++++++++++++++++++++++++++++++++++++++++++++++++++++++++I
            S=SEASONAL FREQUENCIES, T=TRADING DAY FREQUENCIES
        ces_hours 23060            PAGE  22, SERIES ces_hours_log_ad
 G 1  10*LOG(SPECTRUM) of the differenced seasonally adjusted 
      data (Table E2).  Spectrum estimated from 2009.Jan to 2016.Dec.
 ++++++++++I+++++++++++++++++++++++++++++++++++++++++++++++++++++++++++++I
      -3.92I                                                         *   I     -3.92
           I                                                      *  *   I
           I                                                      *  *   I
           I                                                      *  *   I
      -5.24I                                                      *  *   I     -5.24
           I                                     *                *  *   I
           I                                     *                * **   I
           I      *                          *   *                * **   I
      -6.57I      *                          *   *               *****   I     -6.57
           I      *                    *     *   *               *****   I
           I      *               *    *     *   **              *****   I
           I      *               *    *     *   **   T          *****   I
      -7.89I      *               *    *     *   **   T    *     *****   I     -7.89
           I      *               *    *     *   **   T    *     *****   I
           I      *               *   **    **   **   T    *     *****   I
           I      *               *   **    **   **   T    *     *****   I
      -9.22I      *               *   **    **   **   T    *     *****   I     -9.22
           I     **               **  **    ***  **   T    *     *****   I
           I     **               **  **    ***  **   T    *     *****   I
           I     **               **  **    ***  **   T   **    T*****   I
     -10.54I     **          *    **  ***   ***  **   T*  **    T******  I    -10.54
           I    ***          *    **  ***   *** ***   T*  **    T******  I
           I    ***          **   **  ***  **** ***   T*  ***   T******  I
           I    ***          **   **  ***  **** ***   T*  ***   T******  I
     -11.87I    ***          **   ** ****  ********  *T*  ***  *T******  I    -11.87
           I    ****         **   ** *****S********  *T*  ***  *T******  I
           I    ****    *    **  *********S********* *T*  ***  *T******  I
           I   *****    *    **  *********S********* *T*  ****S*T******  I
     -13.19I   *****    *    **  *********S********* *T*  ****S*T******  I    -13.19
           I   *****    *    **  *********S*********S*T*  ****S*T******  I
           I   *****   **    **  *********S*********S*T* *****S*T******  I
           I   *****   **    **  *********S*********S*T* *****S*T******  I
     -14.52I   *****   **    *** *********S*********S*T*******S*T******  I    -14.52
           I   *****   **   ****S*********S*********S*T*******S*T******* I
           I   *****   ***  ****S*********S*********S*T*******S*T******* I
           I   *****   ***  ****S*********S*********S*T*******S*T******* I
     -15.85I   *****   ***  ****S*********S*********S*T*******S*T******* I    -15.85
           I   *****   ***  ****S*********S*********S*T*******S*T*******SI
           I   ******  ***  ****S*********S*********S*T*******S*T*******SI
           I   ****** S***  ****S*********S*********S*T*******S*T*******SI
     -17.17I  ******* S*********S*********S*********S*T*******S*T*******SI    -17.17
           I  ******* S*********S*********S*********S*T*******S*T*******SI
           I  ********S*********S*********S*********S*T*******S*T*******SI
           I  ********S*********S*********S*********S*T*******S*T*******SI
     -18.50I  ********S*********S*********S*********S*T*******S*T*******SI    -18.50
           I  ********S*********S*********S*********S*T*******S*T*******SI
           I  ********S*********S*********S*********S*T*******S*T*******SI
           I  ********S*********S*********S*********S*T*******S*T*******SI
     -19.82I  ********S*********S*********S*********S*T*******S*T*******SI    -19.82
           I *********S*********S*********S*********S*T*******S*T*******SI
           I *********S*********S*********S*********S*T*******S*T*******SI
           I *********S*********S*********S*********S*T*******S*T*******SI
     -21.15I**********S*********S*********S*********S*T*******S*T*******SI    -21.15
 ++++++++++I+++++++++++++++++++++++++++++++++++++++++++++++++++++++++++++I
            S=SEASONAL FREQUENCIES, T=TRADING DAY FREQUENCIES
        ces_hours 23060            PAGE  23, SERIES ces_hours_log_ad
 G 2  10*LOG(SPECTRUM) of the Modified Irregular (Table E3).  
      Spectrum estimated from 2009.Jan to 2016.Dec.
 ++++++++++I+++++++++++++++++++++++++++++++++++++++++++++++++++++++++++++I
      -7.26I                      *                                      I     -7.26
           I                      *                                      I
           I                      *                                      I
           I                      *                                      I
      -8.60I                      *                                      I     -8.60
           I                      *                                      I
           I                      *                                      I
           I                      *   **     *   *                       I
      -9.93I                      *   **     *   *                       I     -9.93
           I                      *   **     *   *                       I
           I                      *   **     *   *                *  *   I
           I                 *    *   **     *   *                *  *   I
     -11.26I                 *    **  **     *   *                *  *   I    -11.26
           I                 *    **  **     *   *                * **   I
           I                 *    **  ***    *   **              ** **   I
           I                 *    **  ***    *   **              ** **   I
     -12.59I                 *    ** ****   **   **              ** **   I    -12.59
           I                 **   ** ****   **   **   T          *****   I
           I                 **   ** ****   **   **   T          *****   I
           I           *     **   *******   **   **   T    *     *****   I
     -13.92I           *     **  *********  ***  **   T    *     *****   I    -13.92
           I           *     **  *********  ***  **   T    *     *****   I
           I           *     **  *********  ***  **   T    *     *****   I
           I           *     **  *********  ***  **   T    *     *****   I
     -15.25I           *     **  *********S**** ***   T    *     *****   I    -15.25
           I           **    **  *********S**** ***   T   **     *****   I
           I           **    **  *********S**** ***   T*  **     *****   I
           I          S**    **  *********S**** ***  *T*  **    T*****   I
     -16.58I          S**    **  *********S********  *T*  ***   T******  I    -16.58
           I          S**   **** *********S********* *T*  ***   T******  I
           I          S**   ****S*********S********* *T*  ***   T******  I
           I          S**   ****S*********S********* *T*  ***   T******  I
     -17.91I     *    S**   ****S*********S*********S*T*  ***   T******  I    -17.91
           I     *    S***  ****S*********S*********S*T*  ***  *T******  I
           I     *    S***  ****S*********S*********S*T* ***** *T******  I
           I     *    S***  ****S*********S*********S*T* ***** *T******  I
     -19.24I     *    S***  ****S*********S*********S*T*******S*T******  I    -19.24
           I     *    S*********S*********S*********S*T*******S*T******  I
           I     *   *S*********S*********S*********S*T*******S*T******  I
           I     *   *S*********S*********S*********S*T*******S*T******* I
     -20.58I    ***  *S*********S*********S*********S*T*******S*T******* I    -20.58
           I    ***  *S*********S*********S*********S*T*******S*T******* I
           I    ***  *S*********S*********S*********S*T*******S*T******* I
           I    ***  *S*********S*********S*********S*T*******S*T*******SI
     -21.91I    ***  *S*********S*********S*********S*T*******S*T*******SI    -21.91
           I    ******S*********S*********S*********S*T*******S*T*******SI
           I    ******S*********S*********S*********S*T*******S*T*******SI
           I    ******S*********S*********S*********S*T*******S*T*******SI
     -23.24I    ******S*********S*********S*********S*T*******S*T*******SI    -23.24
           I   *******S*********S*********S*********S*T*******S*T*******SI
           I*  *******S*********S*********S*********S*T*******S*T*******SI
           I** *******S*********S*********S*********S*T*******S*T*******SI
     -24.57I**********S*********S*********S*********S*T*******S*T*******SI    -24.57
 ++++++++++I+++++++++++++++++++++++++++++++++++++++++++++++++++++++++++++I
            S=SEASONAL FREQUENCIES, T=TRADING DAY FREQUENCIES
        ces_hours 23060            PAGE  24, SERIES ces_hours_log_ad

  Peak probabilities for Tukey spectrum estimator
  Spectrum estimated from 2009.Jan to 2016.Dec.

                                          S1       S2       S3       S4       S5       S6       TD
                                        ------   ------   ------   ------   ------   ------   ------
  Model Residuals                        0.764    0.159    0.653    0.627    0.145    0.414    0.250  
  Original Series (Table A1 or B1)       0.378    0.414    0.194    0.731    0.034    0.383    0.024  
  Seasonally adjusted series (E2)        0.706    0.025    0.147    0.266    0.020    0.128    0.934* 
  Modified Irregular (E3)                0.858    0.023    0.149    0.251    0.016    0.127    0.926* 
  ----------
     ** - Peak Probability > 0.99,
      * - 0.90 < Peak Probability < 0.99


