  Reading input spec file from D:\Programming\Dynamic Paper-dlrhcs_replication\outputs\empirical\unemployment\raw_sa_pilot\x13_work\ces_hours_log_additive_22220_200701_201612.spc

1

               U. S. Department of Commerce, U. S. Census Bureau

              X-13ARIMA-SEATS monthly seasonal adjustment Method,
                          Release Version 1.1 Build 62


           This software application provides an enhanced version of
             Statistics Canada's X-11-ARIMA extension (Dagum, 1980)
                 of the X-11 variant of the Census Method II of
                      Shiskin, Young and Musgrave (1967).

            It also provides an ARIMA model-based method following
       Hillmer and Tiao (1982) and Burman (1980) that is very similar
       to the update of the method of SEATS (Gomez and Maravall, 1996)
                produced at the Bank of Spain by G. Caporello and
               A. Maravall for TSW (Caporello and Maravall, 2004).
          The present application includes additional enhancements.

         X-13ARIMA-SEATS includes an automatic ARIMA model selection procedure
          based largely on the procedure of Gomez and Maravall (1998)
            as implemented in TRAMO (1996) and subsequent revisions.

              Primary Programmers: Brian Monsell, Mark Otto and,
                 for the ARIMA model-based signal extraction,
                      Gianluca Caporello and Victor Gomez


     Series Title- ces_hours 22220
     Series Name- ces_hours_log_ad
     Jul 29, 2026  08.40.28 

        -Period covered-  1st month,2007 to 12th month,2016
        -Type of run - additive seasonal adjustment

        -Sigma limits for graduating extreme values are  1.5 and  2.5 .
        -3x3 moving average used in section 1 of each iteration, 
         3x5 moving average in section 2 of iterations B and C,
         moving average for final seasonal factors chosen by Global MSR.
        -Holiday adjustment factors applied directly to the final seasonally adjusted series
        -Spectral plots generated for selected series
        -Spectral plots generated for series starting in 2009.Jan

 FILE SAVE REQUESTS (* indicates file exists and will be overwritten)
  D:\Programming\Dynamic Paper-dlrhcs_replication\outputs\empirical\unemployment\raw_sa_pilot\x13_work\ces_hours_log_additive_22220_200701_201612.d10  final seasonal factors
  D:\Programming\Dynamic Paper-dlrhcs_replication\outputs\empirical\unemployment\raw_sa_pilot\x13_work\ces_hours_log_additive_22220_200701_201612.d11  final seasonally adjusted data
  D:\Programming\Dynamic Paper-dlrhcs_replication\outputs\empirical\unemployment\raw_sa_pilot\x13_work\ces_hours_log_additive_22220_200701_201612.out  program output file
  D:\Programming\Dynamic Paper-dlrhcs_replication\outputs\empirical\unemployment\raw_sa_pilot\x13_work\ces_hours_log_additive_22220_200701_201612.err  program error file
        ces_hours 22220            PAGE   1, SERIES ces_hours_log_ad

     Contents of spc file D:\Programming\Dynamic Paper-dlrhcs_replication\outputs\empirical\unemployment\raw_sa_pilot\x13_work\ces_hours_log_additive_22220_200701_201612.spc

 Line #
 ------
      1: series {
      2:   title = "ces_hours 22220"
      3:   start = 2007.1
      4:   period = 12
      5:   data = (
      6: 35.7
      7: 33.7
      8: 33.7
      9: 34.6
     10: 36.6
     11: 38.6
     12: 37.8
     13: 37.1
     14: 37.1
     15: 36.1
     16: 36
     17: 35.9
     18: 35.8
     19: 35.8
     20: 37
     21: 35.3
     22: 35
     23: 36.9
     24: 35.1
     25: 36.2
     26: 35.4
     27: 35.1
     28: 34.9
     29: 34
     30: 33.3
     31: 34.3
     32: 33.2
     33: 33
     34: 33.5
     35: 34.1
     36: 34.2
     37: 35.3
     38: 35.6
     39: 34.4
     40: 34.5
     41: 34.5
     42: 34
     43: 34.2
     44: 35.1
     45: 35.1
     46: 35.6
     47: 35.8
     48: 35.8
     49: 36.4
     50: 35.3
     51: 35.1
     52: 34.2
     53: 34.2
     54: 33.9
     55: 32.2
     56: 34.1
     57: 34.3
     58: 34.9
     59: 34.8
     60: 34.9
     61: 34.7
     62: 35.3
     63: 36
     64: 35.1
     65: 35.8
     66: 35.4
     67: 34.9
     68: 35.3
     69: 35.3
     70: 35.1
     71: 34.8
     72: 34.5
     73: 34.6
     74: 35.4
     75: 34.5
     76: 34.9
     77: 35
     78: 34.4
     79: 34.8
     80: 34.4
     81: 34.3
     82: 33.8
     83: 35.2
     84: 34.7
     85: 34.7
     86: 34.5
     87: 34.4
     88: 34.4
     89: 33.6
     90: 33.3
     91: 33.7
     92: 34.4
     93: 34.5
     94: 34
     95: 34.8
     96: 35.2
     97: 35.4
     98: 35
     99: 34.9
    100: 34.9
    101: 34.1
    102: 34.5
    103: 34.6
    104: 34.8
    105: 34.6
    106: 34.4
    107: 34.8
    108: 34.6
    109: 35.5
    110: 35.2
    111: 34.4
    112: 35
    113: 34.4
    114: 34.3
    115: 34.4
    116: 33.4
    117: 34
    118: 34.1
    119: 34.8
    120: 34.2
    121: 34.3
    122: 34.1
    123: 34.6
    124: 34.8
    125: 34.5
    126:   )
    127: }
    128: transform { function = log }
    129: regression { aictest = (td easter) }
    130: automdl {}
    131: x11 { mode = add save = (d10 d11) }
        ces_hours 22220            PAGE   2, SERIES ces_hours_log_ad

 A 1  Time series data (for the span analyzed)
  From  2007.Jan to 2016.Dec
  Observations        120
 -----------------------------------------------------------------------------
               Jan      Feb      Mar      Apr      May      Jun 
               Jul      Aug      Sep      Oct      Nov      Dec        TOTAL  
 -----------------------------------------------------------------------------
  2007          36.      34.      34.      35.      37.      39.
                38.      37.      37.      36.      36.      36.          433.
 
  2008          36.      36.      37.      35.      35.      37.
                35.      36.      35.      35.      35.      34.          426.
 
  2009          33.      34.      33.      33.      34.      34.
                34.      35.      36.      34.      35.      35.          410.
 
  2010          34.      34.      35.      35.      36.      36.
                36.      36.      35.      35.      34.      34.          421.
 
  2011          34.      32.      34.      34.      35.      35.
                35.      35.      35.      36.      35.      36.          416.
 
  2012          35.      35.      35.      35.      35.      35.
                35.      35.      35.      35.      35.      35.          420.
 
  2013          34.      35.      34.      34.      34.      35.
                35.      35.      35.      34.      34.      34.          413.
 
  2014          33.      34.      34.      35.      34.      35.
                35.      35.      35.      35.      35.      34.          414.
 
  2015          35.      35.      35.      35.      34.      35.
                35.      36.      35.      34.      35.      34.          417.
 
  2016          34.      34.      33.      34.      34.      35.
                34.      34.      34.      35.      35.      35.          412.
 
  AVGE          34.      34.      35.      35.      35.      35.
                35.      35.      35.      35.      35.      35.

  Table Total-        4182.   Mean-        35.   Std. Dev.-         1.
                              Min -        32.        Max -        39.
        ces_hours 22220            PAGE   3, SERIES ces_hours_log_ad
                        Automatic ARIMA Model Selection

                    Procedure based closely on TRAMO method 
                         of Gomez and Maravall (2000)
              "Automatic Modeling Methods for Univariate Series",
                            A Course in Time Series
                  (Edited by D. Pena, G. C. Tiao, R. S. Tsay),
                         New York : J. Wiley and Sons


     Maximum order for regular ARMA parameters :   2
     Maximum order for seasonal ARMA parameters :   1
     Maximum order for regular differencing :   2
     Maximum order for seasonal differencing :   1

   Results of Unit Root Test for identifying orders of differencing:
     Regular difference order :   0
     Seasonal difference order :   0

  Automatic model choice : (1 0 1)


  Final Checks for Identified Model


  Checking for Unit Roots.
   No unit roots found.
   Nonseasonal MA not within  0.001 of 1.0 - model passes test.

  Checking for insignificant ARMA coefficients.
   Due to insignificant ARMA coefficients, model changed to
   ( 1, 0, 0) ( 0, 0, 0)

  Checking for insignificant ARMA coefficients.

  Final automatic model choice : (1 0 0)
   End of automatic model selection procedure.

 Average absolute percentage error in within-sample forecasts:
  Last year:   1.37      Last-1 year:   0.77     Last-2 year:   1.02
  Last three years:    1.06

 Estimation converged in    3 ARMA iterations,   17 function evaluations.

 Regression Model
 ------------------------------------------------------------------------------
                             Parameter        Standard
 Variable                     Estimate           Error      t-value
 ------------------------------------------------------------------------------
 Constant                       3.5509         0.00569       624.25
 ------------------------------------------------------------------------------


 ARIMA Model:  (1 0 0)
                                              Standard
 Parameter                    Estimate          Errors
 -----------------------------------------------------
 Nonseasonal AR                                    
   Lag  1                       0.7002         0.06455

 Variance                       0.36261E-03
 SE of Var                      0.46813E-04
 -----------------------------------------------------

 Likelihood Statistics
 ------------------------------------------------------------------
 Number of observations (nobs)                                  120
 Effective number of observations (nefobs)                      120
 Number of parameters estimated (np)                              3
 Log likelihood                                            304.7208
 Transformation Adjustment                                -426.0687
 Adjusted Log likelihood (L)                              -121.3479
 AIC                                                       248.6958 
 AICC (F-corrected-AIC)                                    248.9027 
 Hannan Quinn                                              252.0919 
 BIC                                                       257.0583 
 ------------------------------------------------------------------

 QS Statistic for regARIMA Model Residuals (full series):             2.64
                                                       (P-Value =     0.2674)

 QS Statistic for regARIMA Model Residuals (starting 2009.Jan):       3.17
                                                       (P-Value =     0.2048)
      10*LOG(SPECTRUM) of the regARIMA model residuals
      Spectrum estimated from 2009.Jan to 2016.Dec.
 ++++++++++I+++++++++++++++++++++++++++++++++++++++++++++++++++++++++++++I
     -28.36I                                                     *       I    -28.36
           I                                                     *       I
           I                                                     *       I
           I                                                     *       I
     -29.54I                                                     *       I    -29.54
           I                                                     *       I
           I                                                     *       I
           I                                                     *       I
     -30.72I                                                     *       I    -30.72
           I                                                     *       I
           I                                                     *       I
           I                                                 *   *       I
     -31.91I                                                 *   *       I    -31.91
           I                                                 *   *       I
           I                                                 *  T*       I
           I                                      *          *  T*       I
     -33.09I          S                           *          *  T*       I    -33.09
           I          S                           *   T      *  T*       I
           I          S                           **  T      *  T*       I
           I          S*                          **  T      *  T*       I
     -34.27I          S*           *             *** *T      *  T*       I    -34.27
           I          S**          *             ***S*T*     *  T*       I
           I         *S**          *             ***S*T*     *S T*       I
           I         *S**          *    *        ***S*T*    **S T*       I
     -35.45I         *S**          *   **        ***S*T*    **S T*       I    -35.45
           I         *S**          *   **        ***S*T*    **S*T*       I
           I     *   *S**          *   **        ***S*T*    **S*T*       I
           I     **  *S**          *   **        ***S*T*    **S*T*       I
     -36.64I     **  *S***         *   **  *     ***S*T*    **S*T*    *  I    -36.64
           I     ** **S***    *    *   **  *     ***S*T*    **S*T*    *  I
           I     *****S***    *    *   **  *     ***S*T*    **S*T**  **  I
           I     *****S***    *    *   **  *    ****S*T*    **S*T**  **  I
     -37.82I    ******S***    *    *   **  **   ****S*T*    **S*T**  **  I    -37.82
           I    ******S***    *   **   **  **   ****S*T*    **S*T**  **  I
           I    ******S***    *   **   ***S**   ****S*T*    **S*T**  **  I
           I    ******S***    *   **   ***S**   ****S*T**   **S*T**  **  I
     -39.00I    ******S***    *   **   ***S**   ****S*T**   **S*T**  **  I    -39.00
           I    ******S***    *   **   ***S**   ****S*T**  ***S*T**  **  I
           I    ******S***    *   **   ***S**   ****S*T**  ***S*T**  *** I
           I   *******S***    *   ***  ***S**   ****S*T**  ***S*T** **** I
     -40.18I   *******S***   **   *** ****S*** *****S*T**  ***S*T******* I    -40.18
           I   *******S****  **   *** ****S*** *****S*T**  ***S*T******* I
           I   *******S****  ***  *** ****S*** *****S*T*** ***S*T******* I
           I   *******S****  ***  *** ****S*********S*T*******S*T*******SI
     -41.36I   *******S****  ***  *** ****S*********S*T*******S*T*******SI    -41.36
           I  ********S****  ***  ********S*********S*T*******S*T*******SI
           I  ********S****  ***  ********S*********S*T*******S*T*******SI
           I  ********S****  ***  ********S*********S*T*******S*T*******SI
     -42.55I  ********S****  *** *********S*********S*T*******S*T*******SI    -42.55
           I  ********S********* *********S*********S*T*******S*T*******SI
           I  ********S*********S*********S*********S*T*******S*T*******SI
           I *********S*********S*********S*********S*T*******S*T*******SI
     -43.73I**********S*********S*********S*********S*T*******S*T*******SI    -43.73
 ++++++++++I+++++++++++++++++++++++++++++++++++++++++++++++++++++++++++++I
            S=SEASONAL FREQUENCIES, T=TRADING DAY FREQUENCIES


 FORECASTING
  Origin  2016.Dec
  Number        12

  Forecasts and Standard Errors of the Transformed Data
   ------------------------------
                         Standard
       Date   Forecast      Error
   ------------------------------
   2017.Jan       3.54      0.019
   2017.Feb       3.55      0.023
   2017.Mar       3.55      0.025
   2017.Apr       3.55      0.026
   2017.May       3.55      0.027
   2017.Jun       3.55      0.027
   2017.Jul       3.55      0.027
   2017.Aug       3.55      0.027
   2017.Sep       3.55      0.027
   2017.Oct       3.55      0.027
   2017.Nov       3.55      0.027
   2017.Dec       3.55      0.027
   ------------------------------

  Confidence intervals with coverage probability ( 0.95000
  On the Original Scale
   ---------------------------------------
       Date      Lower  Forecast     Upper
   ---------------------------------------
   2017.Jan      33.33     34.60     35.92
   2017.Feb      33.12     34.67     36.30
   2017.Mar      33.04     34.72     36.49
   2017.Apr      33.02     34.76     36.60
   2017.May      33.01     34.79     36.65
   2017.Jun      33.01     34.80     36.69
   2017.Jul      33.01     34.81     36.71
   2017.Aug      33.02     34.82     36.73
   2017.Sep      33.02     34.83     36.74
   2017.Oct      33.02     34.83     36.74
   2017.Nov      33.02     34.84     36.75
   2017.Dec      33.03     34.84     36.75
   ---------------------------------------
        ces_hours 22220            PAGE   4, SERIES ces_hours_log_ad

 B 1  Original series (prior adjusted)
  From  2007.Jan to 2016.Dec
  Observations        120
 -----------------------------------------------------------------------------
               Jan      Feb      Mar      Apr      May      Jun 
               Jul      Aug      Sep      Oct      Nov      Dec        TOTAL  
 -----------------------------------------------------------------------------
  2007          36.      34.      34.      35.      37.      39.
                38.      37.      37.      36.      36.      36.          433.
 
  2008          36.      36.      37.      35.      35.      37.
                35.      36.      35.      35.      35.      34.          426.
 
  2009          33.      34.      33.      33.      34.      34.
                34.      35.      36.      34.      35.      35.          410.
 
  2010          34.      34.      35.      35.      36.      36.
                36.      36.      35.      35.      34.      34.          421.
 
  2011          34.      32.      34.      34.      35.      35.
                35.      35.      35.      36.      35.      36.          416.
 
  2012          35.      35.      35.      35.      35.      35.
                35.      35.      35.      35.      35.      35.          420.
 
  2013          34.      35.      34.      34.      34.      35.
                35.      35.      35.      34.      34.      34.          413.
 
  2014          33.      34.      34.      35.      34.      35.
                35.      35.      35.      35.      35.      34.          414.
 
  2015          35.      35.      35.      35.      34.      35.
                35.      36.      35.      34.      35.      34.          417.
 
  2016          34.      34.      33.      34.      34.      35.
                34.      34.      34.      35.      35.      35.          412.
 
  AVGE          34.      34.      35.      35.      35.      35.
                35.      35.      35.      35.      35.      35.

  Table Total-        4182.   Mean-        35.   Std. Dev.-         1.
                              Min -        32.        Max -        39.

 B 1.A  Forecasts of (prior adjusted) original series
  From  2017.Jan to 2017.Dec
  Observations         12
 -----------------------------------------------------------------------------
               Jan      Feb      Mar      Apr      May      Jun 
               Jul      Aug      Sep      Oct      Nov      Dec        TOTAL  
 -----------------------------------------------------------------------------
  2017          35.      35.      35.      35.      35.      35.
                35.      35.      35.      35.      35.      35.          417.
 
        ces_hours 22220            PAGE   5, SERIES ces_hours_log_ad

 C 17  Final weights for irregular component
  From  2007.Jan to 2016.Dec
  Observations        120
  Lower sigma limit    1.50
  Upper sigma limit    2.50
 -----------------------------------------------------------------------------
               Jan      Feb      Mar      Apr      May      Jun 
               Jul      Aug      Sep      Oct      Nov      Dec         S.D.  
 -----------------------------------------------------------------------------
  2007           0.     100.       0.     100.     100.       0.
                87.     100.     100.     100.     100.     100.           44.
 
  2008         100.     100.      62.     100.      20.     100.
               100.     100.     100.     100.     100.     100.           44.
 
  2009         100.       0.     100.     100.     100.     100.
               100.     100.     100.     100.     100.     100.           44.
 
  2010         100.     100.     100.     100.     100.     100.
               100.     100.     100.     100.     100.     100.           36.
 
  2011         100.       0.     100.     100.     100.     100.
               100.       0.     100.      58.     100.     100.           32.
 
  2012         100.     100.     100.     100.     100.     100.
               100.      87.     100.     100.     100.     100.           28.
 
  2013         100.      79.     100.     100.      74.      45.
               100.     100.     100.     100.     100.     100.           28.
 
  2014         100.     100.     100.     100.     100.     100.
               100.     100.     100.     100.     100.      80.           24.
 
  2015         100.     100.     100.     100.     100.     100.
               100.      41.     100.      36.     100.     100.           22.
 
  2016         100.     100.       0.     100.     100.      10.
               100.     100.     100.     100.     100.     100.           22.
 
        ces_hours 22220            PAGE   6, SERIES ces_hours_log_ad

 D 8  Final unmodified SI ratios
  From  2007.Jan to 2016.Dec
  Observations        120
 -----------------------------------------------------------------------------
               Jan      Feb      Mar      Apr      May      Jun 
               Jul      Aug      Sep      Oct      Nov      Dec         AVGE  
 -----------------------------------------------------------------------------
  2007           1.      -1.      -1.      -1.       0.       2.
                 1.       1.       1.      -0.      -0.      -0.            0.
 
  2008          -1.      -1.       1.      -1.      -1.       1.
                -0.       1.       0.       0.       0.      -0.           -0.
 
  2009          -1.       0.      -0.      -0.      -0.       0.
                 0.       1.       1.      -0.      -0.      -0.            0.
 
  2010          -1.      -1.      -0.      -0.       0.       0.
                 0.       1.       0.       0.      -0.      -0.           -0.
 
  2011          -0.      -2.      -0.      -0.       0.       0.
                 0.      -0.       0.       1.      -0.       0.           -0.
 
  2012          -0.      -1.      -0.       0.       0.       0.
                -0.       0.       1.      -0.       0.       0.           -0.
 
  2013          -0.       0.      -0.      -0.      -1.       1.
                 0.       0.       0.       0.       0.      -0.            0.
 
  2014          -1.      -0.       0.       0.      -1.       0.
                 0.       1.       0.       0.       0.      -1.           -0.
 
  2015          -0.      -0.       0.      -0.      -0.       0.
                -0.       1.       0.      -0.       0.      -0.            0.
 
  2016          -0.      -0.      -1.      -0.      -0.       1.
                 0.       0.      -0.       0.       0.      -0.           -0.
 
  AVGE          -0.      -1.      -0.      -0.      -0.       1.
                 0.       1.       0.       0.       0.      -0.

  Table Total-          -0.   Mean-        -0.   Std. Dev.-         1.
                              Min -        -2.        Max -         2.
        ces_hours 22220            PAGE   7, SERIES ces_hours_log_ad

 D 8.B  Final unmodified SI ratios, with labels for outliers and extreme values
  From  2007.Jan to 2016.Dec
  Observations        120
 ---------------------------------------------------------------------
               Jan       Feb       Mar       Apr       May       Jun  
               Jul       Aug       Sep       Oct       Nov       Dec  
 ---------------------------------------------------------------------
  2007          1.*      -1.       -1.*      -1.        0.        2.* 
                1.*       1.        1.       -0.       -0.       -0.  
 
  2008         -1.       -1.        1.*      -1.       -1.*       1.  
               -0.        1.        0.        0.        0.       -0.  
 
  2009         -1.        0.*      -0.       -0.       -0.        0.  
                0.        1.        1.       -0.       -0.       -0.  
 
  2010         -1.       -1.       -0.       -0.        0.        0.  
                0.        1.        0.        0.       -0.       -0.  
 
  2011         -0.       -2.*      -0.       -0.        0.        0.  
                0.       -0.*       0.        1.*      -0.        0.  
 
  2012         -0.       -1.       -0.        0.        0.        0.  
               -0.        0.*       1.       -0.        0.        0.  
 
  2013         -0.        0.*      -0.       -0.       -1.*       1.* 
                0.        0.        0.        0.        0.       -0.  
 
  2014         -1.       -0.        0.        0.       -1.        0.  
                0.        1.        0.        0.        0.       -1.* 
 
  2015         -0.       -0.        0.       -0.       -0.        0.  
               -0.        1.*       0.       -0.*       0.       -0.  
 
  2016         -0.       -0.       -1.*      -0.       -0.        1.* 
                0.        0.       -0.        0.        0.       -0.  
 

  Key to symbols:
    *  : extreme value as determined by X-11 extreme value procedure
 
        ces_hours 22220            PAGE   8, SERIES ces_hours_log_ad

 D 9  Final replacement values for SI ratios
  From  2007.Jan to 2016.Dec
  Observations        120
 ---------------------------------------------------------------
               Jan      Feb      Mar      Apr      May      Jun 
               Jul      Aug      Sep      Oct      Nov      Dec 
 ---------------------------------------------------------------
  2007          -1. ********      -0. ******** ********       1.
                 1. ******** ******** ******** ******** ********
 
  2008     ******** ********       0. ********      -0. ********
           ******** ******** ******** ******** ******** ********
 
  2009     ********      -1. ******** ******** ******** ********
           ******** ******** ******** ******** ******** ********
 
  2010     ******** ******** ******** ******** ******** ********
           ******** ******** ******** ******** ******** ********
 
  2011     ********      -1. ******** ******** ******** ********
           ********       1. ********       0. ******** ********
 
  2012     ******** ******** ******** ******** ******** ********
           ********       0. ******** ******** ******** ********
 
  2013     ********      -0. ******** ********      -1.       0.
           ******** ******** ******** ******** ******** ********
 
  2014     ******** ******** ******** ******** ******** ********
           ******** ******** ******** ******** ********      -1.
 
  2015     ******** ******** ******** ******** ******** ********
           ********       0. ********      -0. ******** ********
 
  2016     ******** ********      -0. ******** ********       0.
           ******** ******** ******** ******** ******** ********
 

 D 9.A  Moving seasonality ratio
 ---------------------------------------------------------------
               Jan      Feb      Mar      Apr      May      Jun 
 ---------------------------------------------------------------
   I          0.227    0.208    0.309    0.200    0.316    0.254
   S          0.049    0.080    0.036    0.089    0.066    0.079
 RATIO        4.617    2.591    8.556    2.251    4.775    3.226



 ---------------------------------------------------------------
               Jul      Aug      Sep      Oct      Nov      Dec 
 ---------------------------------------------------------------
   I          0.401    0.333    0.395    0.313    0.262    0.220
   S          0.041    0.081    0.068    0.050    0.058    0.046
 RATIO        9.687    4.084    5.849    6.204    4.483    4.775



        ces_hours 22220            PAGE   9, SERIES ces_hours_log_ad

 D 10  Final seasonal factors
  From  2007.Jan to 2016.Dec
  Observations        120
  Seasonal filter    3 x 5 moving average
 -----------------------------------------------------------------------------
               Jan      Feb      Mar      Apr      May      Jun 
               Jul      Aug      Sep      Oct      Nov      Dec         AVGE  
 -----------------------------------------------------------------------------
  2007          -1.      -1.      -0.      -1.       0.       1.
                 0.       1.       1.       0.      -0.      -0.           -0.
 
  2008          -1.      -1.      -0.      -1.       0.       1.
                 0.       1.       1.       0.      -0.      -0.           -0.
 
  2009          -1.      -1.      -0.      -1.       0.       1.
                 0.       1.       1.       0.      -0.      -0.           -0.
 
  2010          -1.      -1.      -0.      -0.       0.       0.
                 0.       1.       1.       0.      -0.      -0.           -0.
 
  2011          -1.      -1.      -0.      -0.      -0.       0.
                 0.       1.       0.       0.      -0.      -0.           -0.
 
  2012          -1.      -0.      -0.      -0.      -0.       0.
                 0.       1.       0.       0.      -0.      -0.           -0.
 
  2013          -0.      -0.      -0.      -0.      -0.       0.
                 0.       0.       0.       0.       0.      -0.           -0.
 
  2014          -0.      -0.      -0.      -0.      -0.       0.
                 0.       0.       0.       0.       0.      -0.           -0.
 
  2015          -0.      -0.      -0.      -0.      -0.       0.
                 0.       0.       0.       0.       0.      -0.           -0.
 
  2016          -0.      -0.      -0.      -0.      -0.       0.
                 0.       0.       0.       0.       0.      -0.           -0.
 
  AVGE          -1.      -1.      -0.      -0.      -0.       0.
                 0.       1.       0.       0.       0.      -0.

  Table Total-          -1.   Mean-        -0.   Std. Dev.-         0.
                              Min -        -1.        Max -         1.

 D 10.A  Final seasonal component forecasts
  From  2017.Jan to 2017.Dec
  Observations         12
 -----------------------------------------------------------------------------
               Jan      Feb      Mar      Apr      May      Jun 
               Jul      Aug      Sep      Oct      Nov      Dec         AVGE  
 -----------------------------------------------------------------------------
  2017          -0.      -0.      -0.      -0.      -0.       0.
                 0.       0.       0.       0.       0.      -0.            0.
 
        ces_hours 22220            PAGE  10, SERIES ces_hours_log_ad

 D 11  Final seasonally adjusted data
  From  2007.Jan to 2016.Dec
  Observations        120
 -----------------------------------------------------------------------------
               Jan      Feb      Mar      Apr      May      Jun 
               Jul      Aug      Sep      Oct      Nov      Dec        TOTAL  
 -----------------------------------------------------------------------------
  2007          36.      35.      34.      35.      37.      38.
                37.      36.      36.      36.      36.      36.          433.
 
  2008          37.      37.      37.      36.      35.      36.
                35.      35.      35.      35.      35.      34.          427.
 
  2009          34.      35.      33.      34.      33.      34.
                34.      34.      35.      34.      35.      35.          410.
 
  2010          35.      35.      35.      35.      36.      35.
                36.      36.      35.      35.      34.      34.          421.
 
  2011          34.      33.      34.      35.      35.      35.
                35.      34.      35.      36.      35.      36.          416.
 
  2012          36.      35.      35.      35.      35.      35.
                34.      34.      35.      34.      35.      35.          420.
 
  2013          35.      35.      34.      34.      34.      35.
                35.      34.      34.      34.      34.      34.          413.
 
  2014          34.      34.      34.      35.      34.      35.
                35.      35.      35.      35.      35.      34.          414.
 
  2015          35.      35.      35.      35.      35.      35.
                34.      35.      35.      34.      35.      35.          417.
 
  2016          35.      35.      33.      34.      34.      35.
                34.      34.      34.      34.      35.      35.          412.
 
  AVGE          35.      35.      35.      35.      35.      35.
                35.      35.      35.      35.      35.      35.

  Table Total-        4182.   Mean-        35.   Std. Dev.-         1.
                              Min -        33.        Max -        38.
        ces_hours 22220            PAGE  11, SERIES ces_hours_log_ad

 D 12  Final trend cycle
  From  2007.Jan to 2016.Dec
  Observations        120
  Trend filter    13-term Henderson moving average
  I/C ratio        2.28
 -----------------------------------------------------------------------------
               Jan      Feb      Mar      Apr      May      Jun 
               Jul      Aug      Sep      Oct      Nov      Dec        TOTAL  
 -----------------------------------------------------------------------------
  2007          34.      35.      35.      36.      36.      37.
                37.      37.      36.      36.      36.      36.          431.
 
  2008          36.      36.      36.      36.      36.      36.
                35.      35.      35.      35.      35.      34.          427.
 
  2009          34.      34.      34.      33.      34.      34.
                34.      34.      34.      35.      35.      35.          409.
 
  2010          35.      35.      35.      35.      35.      36.
                35.      35.      35.      35.      35.      34.          421.
 
  2011          34.      34.      34.      34.      35.      35.
                35.      35.      35.      35.      36.      36.          418.
 
  2012          36.      36.      35.      35.      35.      35.
                35.      34.      35.      35.      35.      35.          420.
 
  2013          35.      35.      35.      35.      34.      34.
                34.      34.      34.      34.      34.      34.          413.
 
  2014          34.      34.      34.      34.      35.      35.
                35.      35.      35.      35.      35.      35.          415.
 
  2015          35.      35.      35.      35.      35.      35.
                35.      35.      35.      35.      35.      35.          417.
 
  2016          35.      34.      34.      34.      34.      34.
                34.      34.      34.      34.      35.      35.          412.
 
  AVGE          35.      35.      35.      35.      35.      35.
                35.      35.      35.      35.      35.      35.

  Table Total-        4182.   Mean-        35.   Std. Dev.-         1.
                              Min -        33.        Max -        37.
        ces_hours 22220            PAGE  12, SERIES ces_hours_log_ad

 D 13  Final irregular component
  From  2007.Jan to 2016.Dec
  Observations        120
 -----------------------------------------------------------------------------
               Jan      Feb      Mar      Apr      May      Jun 
               Jul      Aug      Sep      Oct      Nov      Dec         S.D.  
 -----------------------------------------------------------------------------
  2007           2.      -0.      -1.      -0.       0.       1.
                 1.      -0.      -0.      -0.      -0.      -0.            1.
 
  2008           0.       0.       1.      -0.      -1.       1.
                -1.       0.      -0.       0.       0.      -0.            0.
 
  2009          -0.       1.      -0.       0.      -0.      -0.
                -0.       0.       1.      -0.       0.       0.            0.
 
  2010          -0.      -0.       0.       0.       0.      -0.
                 0.       0.      -0.       0.      -0.      -0.            0.
 
  2011           0.      -2.      -0.       0.       0.      -0.
                -0.      -1.      -0.       1.      -0.       0.            1.
 
  2012           0.      -0.      -0.       0.       0.      -0.
                -0.      -0.       0.      -0.       0.       0.            0.
 
  2013          -0.       0.      -0.      -0.      -0.       1.
                 0.      -0.      -0.       0.       0.      -0.            0.
 
  2014          -0.      -0.       0.       0.      -0.      -0.
                 0.       0.      -0.       0.      -0.      -0.            0.
 
  2015           0.       0.       0.      -0.      -0.      -0.
                -0.       0.       0.      -0.       0.      -0.            0.
 
  2016           0.       0.      -1.      -0.       0.       1.
                 0.      -0.      -0.       0.       0.       0.            0.
 
  S.D.           1.       1.       1.       0.       0.       1.
                 0.       0.       0.       0.       0.       0.

  Table Total-           0.   Mean-         0.   Std. Dev.-         0.
                              Min -        -2.        Max -         2.
        ces_hours 22220            PAGE  13, SERIES ces_hours_log_ad

 D 16  Combined adjustment factors
  From  2007.Jan to 2016.Dec
  Observations        120
 -----------------------------------------------------------------------------
               Jan      Feb      Mar      Apr      May      Jun 
               Jul      Aug      Sep      Oct      Nov      Dec         AVGE  
 -----------------------------------------------------------------------------
  2007          -1.      -1.      -0.      -1.       0.       1.
                 0.       1.       1.       0.      -0.      -0.           -0.
 
  2008          -1.      -1.      -0.      -1.       0.       1.
                 0.       1.       1.       0.      -0.      -0.           -0.
 
  2009          -1.      -1.      -0.      -1.       0.       1.
                 0.       1.       1.       0.      -0.      -0.           -0.
 
  2010          -1.      -1.      -0.      -0.       0.       0.
                 0.       1.       1.       0.      -0.      -0.           -0.
 
  2011          -1.      -1.      -0.      -0.      -0.       0.
                 0.       1.       0.       0.      -0.      -0.           -0.
 
  2012          -1.      -0.      -0.      -0.      -0.       0.
                 0.       1.       0.       0.      -0.      -0.           -0.
 
  2013          -0.      -0.      -0.      -0.      -0.       0.
                 0.       0.       0.       0.       0.      -0.           -0.
 
  2014          -0.      -0.      -0.      -0.      -0.       0.
                 0.       0.       0.       0.       0.      -0.           -0.
 
  2015          -0.      -0.      -0.      -0.      -0.       0.
                 0.       0.       0.       0.       0.      -0.           -0.
 
  2016          -0.      -0.      -0.      -0.      -0.       0.
                 0.       0.       0.       0.       0.      -0.           -0.
 
  AVGE          -1.      -1.      -0.      -0.      -0.       0.
                 0.       1.       0.       0.       0.      -0.

  Table Total-          -1.   Mean-        -0.   Std. Dev.-         0.
                              Min -        -1.        Max -         1.

 D 16.A  Combined adjustment component forecasts
  From  2017.Jan to 2017.Dec
  Observations         12
 -----------------------------------------------------------------------------
               Jan      Feb      Mar      Apr      May      Jun 
               Jul      Aug      Sep      Oct      Nov      Dec         AVGE  
 -----------------------------------------------------------------------------
  2017          -0.      -0.      -0.      -0.      -0.       0.
                 0.       0.       0.       0.       0.      -0.            0.
 
        ces_hours 22220            PAGE  14, SERIES ces_hours_log_ad

 E 4  Differences of annual totals
  From          2007 to 2016
  Observations         10
 -----------------------------------
  Year       Unmodified     Modified
                  (D11)         (E2)
 -----------------------------------
  2007              -0.          -0.
 
  2008              -0.          -0.
 
  2009              -0.          -0.
 
  2010              -0.          -0.
 
  2011              -0.          -0.
 
  2012              -0.          -0.
 
  2013              -0.          -0.
 
  2014              -0.          -0.
 
  2015              -0.          -0.
 
  2016              -0.          -0.
 
        ces_hours 22220            PAGE  15, SERIES ces_hours_log_ad

 E 5  Month-to-month differences in the original series
  From  2007.Feb to 2016.Dec
  Observations        119
 -----------------------------------------------------------------------------
               Jan      Feb      Mar      Apr      May      Jun 
               Jul      Aug      Sep      Oct      Nov      Dec         AVGE  
 -----------------------------------------------------------------------------
  2007                   -2.       0.       1.       2.       2.
                -1.      -1.       0.      -1.      -0.      -0.            0.
 
  2008          -0.       0.       1.      -2.      -0.       2.
                -2.       1.      -1.      -0.      -0.      -1.           -0.
 
  2009          -1.       1.      -1.      -0.       1.       1.
                 0.       1.       0.      -1.       0.       0.            0.
 
  2010          -0.       0.       1.       0.       1.       0.
                 0.       1.      -1.      -0.      -1.       0.           -0.
 
  2011          -0.      -2.       2.       0.       1.      -0.
                 0.      -0.       1.       1.      -1.       1.            0.
 
  2012          -0.      -0.       0.       0.      -0.      -0.
                -0.       0.       1.      -1.       0.       0.           -0.
 
  2013          -1.       0.      -0.      -0.      -0.       1.
                -0.       0.      -0.      -0.       0.      -1.           -0.
 
  2014          -0.       0.       1.       0.      -0.       1.
                 0.       0.      -0.      -0.       0.      -1.            0.
 
  2015           0.       0.       0.      -0.      -0.       0.
                -0.       1.      -0.      -1.       1.      -1.            0.
 
  2016          -0.       0.      -1.       1.       0.       1.
                -1.       0.      -0.       1.       0.      -0.            0.
 
  AVGE          -0.      -0.       0.      -0.       0.       1.
                -0.       0.      -0.      -0.      -0.      -0.

  Table Total-          -1.   Mean-        -0.   Std. Dev.-         1.
                              Min -        -2.        Max -         2.
        ces_hours 22220            PAGE  16, SERIES ces_hours_log_ad

 E 6  Month-to-month differences in seasonally adjusted series (D11)
  From  2007.Feb to 2016.Dec
  Observations        119
 -----------------------------------------------------------------------------
               Jan      Feb      Mar      Apr      May      Jun 
               Jul      Aug      Sep      Oct      Nov      Dec         AVGE  
 -----------------------------------------------------------------------------
  2007                   -2.      -1.       2.       1.       1.
                -0.      -1.       0.      -0.       0.       0.           -0.
 
  2008           0.       0.       1.      -1.      -1.       1.
                -1.       1.      -1.       0.       0.      -1.           -0.
 
  2009          -0.       1.      -2.       0.      -0.       0.
                 0.       0.       1.      -1.       0.       0.            0.
 
  2010          -0.       0.       0.       0.       0.      -0.
                 0.       0.      -1.       0.      -1.       0.           -0.
 
  2011           0.      -2.       1.       0.       0.      -0.
                 0.      -1.       1.       1.      -1.       1.            0.
 
  2012          -0.      -1.       0.      -0.      -0.      -1.
                -0.      -0.       1.      -1.       1.       0.           -0.
 
  2013          -0.       0.      -1.      -0.      -0.       1.
                -0.      -0.      -0.       0.       0.      -1.           -0.
 
  2014          -0.       0.       0.       0.      -0.       0.
                 0.      -0.      -0.       0.      -0.      -0.            0.
 
  2015           1.      -0.       0.      -0.      -0.      -0.
                -0.       1.      -0.      -1.       0.      -0.            0.
 
  2016          -0.      -0.      -1.       1.       0.       0.
                -1.      -0.      -0.       1.       0.       0.            0.
 
  AVGE          -0.      -0.      -0.       0.      -0.       0.
                -0.      -0.       0.      -0.       0.      -0.

  Table Total-          -2.   Mean-        -0.   Std. Dev.-         1.
                              Min -        -2.        Max -         2.
        ces_hours 22220            PAGE  17, SERIES ces_hours_log_ad

 E 7  Month-to-month differences in final trend cycle (D12)
  From  2007.Feb to 2016.Dec
  Observations        119
 -----------------------------------------------------------------------------
               Jan      Feb      Mar      Apr      May      Jun 
               Jul      Aug      Sep      Oct      Nov      Dec         AVGE  
 -----------------------------------------------------------------------------
  2007                    0.       0.       0.       0.       0.
                 0.      -0.      -0.      -0.      -0.       0.            0.
 
  2008           0.       0.      -0.      -0.      -0.      -0.
                -0.      -0.      -0.      -0.      -0.      -0.           -0.
 
  2009          -0.      -0.      -0.      -0.       0.       0.
                 0.       0.       0.       0.       0.       0.            0.
 
  2010           0.       0.       0.       0.       0.       0.
                -0.      -0.      -0.      -0.      -0.      -0.           -0.
 
  2011          -0.       0.       0.       0.       0.       0.
                 0.       0.       0.       0.       0.       0.            0.
 
  2012           0.      -0.      -0.      -0.      -0.      -0.
                -0.      -0.       0.       0.       0.       0.           -0.
 
  2013          -0.      -0.      -0.      -0.      -0.      -0.
                -0.      -0.      -0.      -0.      -0.      -0.           -0.
 
  2014           0.       0.       0.       0.       0.       0.
                 0.       0.      -0.      -0.      -0.      -0.            0.
 
  2015           0.       0.       0.      -0.      -0.      -0.
                 0.       0.       0.       0.      -0.      -0.           -0.
 
  2016          -0.      -0.      -0.      -0.      -0.      -0.
                -0.       0.       0.       0.       0.       0.            0.
 
  AVGE          -0.       0.       0.       0.       0.       0.
                 0.      -0.      -0.      -0.      -0.      -0.

  Table Total-           0.   Mean-         0.   Std. Dev.-         0.
                              Min -        -0.        Max -         0.
        ces_hours 22220            PAGE  18, SERIES ces_hours_log_ad

 E 8  Month-to-month differences in original series adjusted for calendar factors (A18)
  From  2007.Feb to 2016.Dec
  Observations        119
 -----------------------------------------------------------------------------
               Jan      Feb      Mar      Apr      May      Jun 
               Jul      Aug      Sep      Oct      Nov      Dec         AVGE  
 -----------------------------------------------------------------------------
  2007                   -2.       0.       1.       2.       2.
                -1.      -1.       0.      -1.      -0.      -0.            0.
 
  2008          -0.       0.       1.      -2.      -0.       2.
                -2.       1.      -1.      -0.      -0.      -1.           -0.
 
  2009          -1.       1.      -1.      -0.       1.       1.
                 0.       1.       0.      -1.       0.       0.            0.
 
  2010          -0.       0.       1.       0.       1.       0.
                 0.       1.      -1.      -0.      -1.       0.           -0.
 
  2011          -0.      -2.       2.       0.       1.      -0.
                 0.      -0.       1.       1.      -1.       1.            0.
 
  2012          -0.      -0.       0.       0.      -0.      -0.
                -0.       0.       1.      -1.       0.       0.           -0.
 
  2013          -1.       0.      -0.      -0.      -0.       1.
                -0.       0.      -0.      -0.       0.      -1.           -0.
 
  2014          -0.       0.       1.       0.      -0.       1.
                 0.       0.      -0.      -0.       0.      -1.            0.
 
  2015           0.       0.       0.      -0.      -0.       0.
                -0.       1.      -0.      -1.       1.      -1.            0.
 
  2016          -0.       0.      -1.       1.       0.       1.
                -1.       0.      -0.       1.       0.      -0.            0.
 
  AVGE          -0.      -0.       0.      -0.       0.       1.
                -0.       0.      -0.      -0.      -0.      -0.

  Table Total-          -1.   Mean-        -0.   Std. Dev.-         1.
                              Min -        -2.        Max -         2.
        ces_hours 22220            PAGE  19, SERIES ces_hours_log_ad

 E 18  Final adjustment ratios
  From  2007.Jan to 2016.Dec
  Observations        120
 -----------------------------------------------------------------------------
               Jan      Feb      Mar      Apr      May      Jun 
               Jul      Aug      Sep      Oct      Nov      Dec         AVGE  
 -----------------------------------------------------------------------------
  2007       97.989   97.676   99.693   97.837  100.208  102.006
            100.944  102.583  101.911  100.073   99.695   99.033        99.971
 
  2008       98.024   97.827   99.693   98.065  100.284  101.924
            100.972  102.600  101.828  100.172   99.567   99.087       100.004
 
  2009       97.993   97.827   99.642   98.367  100.307  101.717
            100.714  102.527  101.660  100.277   99.523   99.326        99.990
 
  2010       98.206   98.028   99.545   98.921  100.214  101.210
            100.519  102.149  101.556  100.319   99.552   99.539        99.980
 
  2011       98.343   98.164   99.559   99.379   99.986  100.861
            100.439  101.913  101.334  100.357   99.724   99.630        99.974
 
  2012       98.594   98.604   99.620   99.669   99.731  100.609
            100.488  101.541  101.127  100.349   99.936   99.572        99.987
 
  2013       98.739   98.906   99.803   99.784   99.445  100.511
            100.413  101.221  100.935  100.310  100.275   99.439        99.982
 
  2014       98.887   99.232   99.876   99.748   99.240  100.479
            100.346  101.011  100.786  100.281  100.541   99.362        99.982
 
  2015       98.999   99.443   99.964   99.711   99.181  100.412
            100.348  100.939  100.597  100.303  100.654   99.319        99.989
 
  2016       99.102   99.555   99.976   99.652   99.254  100.339
            100.296  100.937  100.479  100.343  100.641   99.394        99.997
 
  AVGE       98.488   98.526   99.737   99.113   99.785  101.007
            100.548  101.742  101.221  100.278  100.011   99.370

  Table Total-       11998.   Mean-       100.   Std. Dev.-         1.
                              Min -        98.        Max -       103.

 E 18.A  Final adjustment ratio forecasts
  From  2017.Jan to 2017.Dec
  Observations         12
 -----------------------------------------------------------------------------
               Jan      Feb      Mar      Apr      May      Jun 
               Jul      Aug      Sep      Oct      Nov      Dec         AVGE  
 -----------------------------------------------------------------------------
  2017       99.196   99.568   99.988   99.642   99.379  100.269
            100.207  100.888  100.464  100.322  100.633   99.504       100.005
 

  QS statistic for seasonality:
  Original Series                                     3.47  (P-Value =     0.1768)
  Original Series (EV adj)                            3.47  (P-Value =     0.1768)
  Residuals                                           2.64  (P-Value =     0.2674)
  Seasonally Adjusted Series                          0.00  (P-Value =     1.0000)
  Seasonally Adjusted Series (EV adj)                 0.00  (P-Value =     1.0000)
  Irregular Series                                    0.00  (P-Value =     1.0000)
  Irregular Series (EV adj)                           0.00  (P-Value =     1.0000)

  QS statistic for seasonality (starting 2009.Jan):
  Original Series                                     3.35  (P-Value =     0.1873)
  Original Series (EV adj)                            3.35  (P-Value =     0.1873)
  Residuals                                           3.17  (P-Value =     0.2048)
  Seasonally Adjusted Series                          0.00  (P-Value =     1.0000)
  Seasonally Adjusted Series (EV adj)                 0.00  (P-Value =     1.0000)
  Irregular Series                                    0.00  (P-Value =     1.0000)
  Irregular Series (EV adj)                           0.00  (P-Value =     1.0000)


 WARNING: Series should not be a candidate for seasonal adjustment
          because the spectrum of the original series (Table A1 or B1)
          has no visually significant seasonal peaks.

          If this is a component series of an indirectly adjusted
          composite series, consider using type = trend or type = summary
          in the x11 spec.
        ces_hours 22220            PAGE  20, SERIES ces_hours_log_ad
 G 0  10*LOG(SPECTRUM) of the differenced Original Series
      (Table A1 or B1).  Spectrum estimated from 2009.Jan to 2016.Dec.
 ++++++++++I+++++++++++++++++++++++++++++++++++++++++++++++++++++++++++++I
       3.11I                                                             I      3.11
           I                                                     *       I
           I                                                     *       I
           I                                                     *       I
       1.58I                                                     *       I      1.58
           I                                                     *       I
           I                                                     *       I
           I                                                     *       I
       0.05I                                                    T*       I      0.05
           I                                                 *  T*       I
           I                                                 *  T*       I
           I                                      *          *  T*       I
      -1.48I                                      *   T      *  T*       I     -1.48
           I                                     **   T      *  T*       I
           I                                     *** *T      *S T*       I
           I                       *   *         ***S*T      *S T*       I
      -3.00I                       *   *         ***S*T*     *S*T*       I     -3.00
           I         *S            *   **        ***S*T*    **S*T*       I
           I         *S       *    *   **        ***S*T*    **S*T*       I
           I         *S *     *    *   **        ***S*T*    **S*T*       I
      -4.53I         *S *     *    *   **  **    ***S*T*    **S*T*       I     -4.53
           I         *S**     *    *   **  **   ****S*T*    **S*T*       I
           I         *S**     *   **   **  **   ****S*T*    **S*T*       I
           I         *S***    *   **   **  **   ****S*T*    **S*T**   *  I
      -6.06I         *S***    *   **   **  **   ****S*T*    **S*T**  **  I     -6.06
           I        **S***    *   **   **  **   ****S*T**   **S*T**  **  I
           I        **S***    *   **   ***S**   ****S*T**  ***S*T**  **  I
           I        **S***    *   **   ***S***  ****S*T**  ***S*T**  **  I
      -7.58I        **S***    *   **   ***S*** *****S*T**  ***S*T**  **  I     -7.58
           I        **S***    **  *** ****S*** *****S*T*** ***S*T**  **  I
           I        **S***    **  *** ****S*********S*T*******S*T******* I
           I       ***S***   ***  *** ****S*********S*T*******S*T******* I
      -9.11I      ****S***   ***  *** ****S*********S*T*******S*T******* I     -9.11
           I     *****S***   ***  *** ****S*********S*T*******S*T*******SI
           I     *****S****  ***  ********S*********S*T*******S*T*******SI
           I     *****S****  *** *********S*********S*T*******S*T*******SI
     -10.64I     *****S****  ***S*********S*********S*T*******S*T*******SI    -10.64
           I    ******S****  ***S*********S*********S*T*******S*T*******SI
           I    ******S****  ***S*********S*********S*T*******S*T*******SI
           I    ******S**** ****S*********S*********S*T*******S*T*******SI
     -12.17I    ******S*********S*********S*********S*T*******S*T*******SI    -12.17
           I    ******S*********S*********S*********S*T*******S*T*******SI
           I    ******S*********S*********S*********S*T*******S*T*******SI
           I   *******S*********S*********S*********S*T*******S*T*******SI
     -13.69I   *******S*********S*********S*********S*T*******S*T*******SI    -13.69
           I   *******S*********S*********S*********S*T*******S*T*******SI
           I   *******S*********S*********S*********S*T*******S*T*******SI
           I   *******S*********S*********S*********S*T*******S*T*******SI
     -15.22I  ********S*********S*********S*********S*T*******S*T*******SI    -15.22
           I  ********S*********S*********S*********S*T*******S*T*******SI
           I  ********S*********S*********S*********S*T*******S*T*******SI
           I *********S*********S*********S*********S*T*******S*T*******SI
     -16.75I**********S*********S*********S*********S*T*******S*T*******SI    -16.75
 ++++++++++I+++++++++++++++++++++++++++++++++++++++++++++++++++++++++++++I
            S=SEASONAL FREQUENCIES, T=TRADING DAY FREQUENCIES
        ces_hours 22220            PAGE  21, SERIES ces_hours_log_ad
 G 1  10*LOG(SPECTRUM) of the differenced seasonally adjusted 
      data (Table E2).  Spectrum estimated from 2009.Jan to 2016.Dec.
 ++++++++++I+++++++++++++++++++++++++++++++++++++++++++++++++++++++++++++I
      -0.97I                                                    T        I     -0.97
           I                                                    T        I
           I                                           *        T        I
           I                                           *        T*       I
      -2.43I                                           *        T*       I     -2.43
           I                                           *        T*       I
           I                                           *        T*       I
           I                                           *        T*       I
      -3.88I                                           *        T*       I     -3.88
           I                            *        *     *        T*       I
           I                            *        *     *        T*       I
           I                            *        *     *        T*       I
      -5.34I                            *        *     *        T*       I     -5.34
           I                           **        *     *        T*       I
           I       *                   **        *     *   *    T*       I
           I       *     *             **        *     *   **   T*       I
      -6.80I       *     *             **       **     *   **   T**      I     -6.80
           I       *     *             **       **     *   **   T****    I
           I       *     *             **    *  **     *   **  *T****    I
           I       *     *             **    *  **    T*   **  *T****    I
      -8.26I       *     *         **  **    *  **    T**  **  *T****    I     -8.26
           I       *    **         **  **    ** **    T**  **  *T****    I
           I      **    **         **  **    ** **    T** **** *T****    I
           I      **    **         **  **    *****    T** ****S*T****    I
      -9.71I      **    **         ** ***    ******   T** ****S*T*****   I     -9.71
           I     ***    **         *******   ******   T*******S*T*****   I
           I     ***    **   *     *******  *******   T*******S*T*****   I
           I     ***    **   *     *******  *******   T*******S*T*****   I
     -11.17I    *****   **   *     *******  *******   T*******S*T*****   I    -11.17
           I    *****   **   *    ********  *******   T*******S*T*****   I
           I    *****   **   *    ********  *******   T*******S*T*****   I
           I    *****   **   **   ********  *******  *T*******S*T*****   I
     -12.63I    *****   **   **   ********  *******  *T*******S*T******  I    -12.63
           I    *****   **   **   ********S********* *T*******S*T******  I
           I    *****   **   **   ********S********* *T*******S*T******  I
           I    *****   *** ***   ********S*********S*T*******S*T******  I
     -14.09I    *****   *** ***   ********S*********S*T*******S*T******* I    -14.09
           I    *****   *** ***  *********S*********S*T*******S*T******* I
           I   ******  **** **** *********S*********S*T*******S*T*******SI
           I   ******  ********* *********S*********S*T*******S*T*******SI
     -15.54I   ******* ********* *********S*********S*T*******S*T*******SI    -15.54
           I   ******* *********S*********S*********S*T*******S*T*******SI
           I   ******* *********S*********S*********S*T*******S*T*******SI
           I   *******S*********S*********S*********S*T*******S*T*******SI
     -17.00I   *******S*********S*********S*********S*T*******S*T*******SI    -17.00
           I   *******S*********S*********S*********S*T*******S*T*******SI
           I  ********S*********S*********S*********S*T*******S*T*******SI
           I  ********S*********S*********S*********S*T*******S*T*******SI
     -18.46I  ********S*********S*********S*********S*T*******S*T*******SI    -18.46
           I  ********S*********S*********S*********S*T*******S*T*******SI
           I  ********S*********S*********S*********S*T*******S*T*******SI
           I *********S*********S*********S*********S*T*******S*T*******SI
     -19.92I**********S*********S*********S*********S*T*******S*T*******SI    -19.92
 ++++++++++I+++++++++++++++++++++++++++++++++++++++++++++++++++++++++++++I
            S=SEASONAL FREQUENCIES, T=TRADING DAY FREQUENCIES
        ces_hours 22220            PAGE  22, SERIES ces_hours_log_ad
 G 2  10*LOG(SPECTRUM) of the Modified Irregular (Table E3).  
      Spectrum estimated from 2009.Jan to 2016.Dec.
 ++++++++++I+++++++++++++++++++++++++++++++++++++++++++++++++++++++++++++I
      -6.19I                                           *                 I     -6.19
           I                            *              *                 I
           I                            *              *                 I
           I                           **              *        T        I
      -7.65I                           **              *        T*       I     -7.65
           I                           **              *        T*       I
           I                       *   **        *     *        T*       I
           I                       *   **        *     *        T*       I
      -9.11I                       *   **        *     *        T*       I     -9.11
           I                       *   **        *     *        T*       I
           I                       **  **        *     *        T*       I
           I                       **  **        *     *        T*       I
     -10.57I                       **  **        *     *        T*       I    -10.57
           I                       **  **        *     *        T*       I
           I                       ** ***       **     *        T*       I
           I                       ** ***       **     *   *    T*       I
     -12.03I                       ******    *  **     *   *    T*       I    -12.03
           I                       *******   ** **     *   **   T**      I
           I            *         ********   ** **     *   **  *T**      I
           I            *         ********   *****    T*   **  *T***     I
     -13.48I            *         ********   *****    T*   **  *T****    I    -13.48
           I            *     *   ********   ******   T*   **  *T****    I
           I            *    **   ********   ******   T**  **  *T****    I
           I            **   **   ********  *******   T** ****S*T****    I
     -14.94I            **   **   ********  *******   T** ****S*T****    I    -14.94
           I            **   **   ********  *******   T** ****S*T****    I
           I            **   **   ********S *******   T** ****S*T*****   I
           I            **   *** *********S********   T*******S*T*****   I
     -16.40I            **   *** *********S********   T*******S*T*****   I    -16.40
           I           ***   *** *********S********   T*******S*T*****   I
           I           ***  ****S*********S********   T*******S*T*****   I
           I           ***  ****S*********S********   T*******S*T*****   I
     -17.86I           **** ****S*********S********* *T*******S*T*****   I    -17.86
           I           **** ****S*********S********* *T*******S*T*****   I
           I           *********S*********S********* *T*******S*T******  I
           I           *********S*********S*********S*T*******S*T******  I
     -19.31I           *********S*********S*********S*T*******S*T******  I    -19.31
           I          S*********S*********S*********S*T*******S*T******  I
           I          S*********S*********S*********S*T*******S*T******  I
           I       *  S*********S*********S*********S*T*******S*T******* I
     -20.77I       ***S*********S*********S*********S*T*******S*T******* I    -20.77
           I       ***S*********S*********S*********S*T*******S*T*******SI
           I      ****S*********S*********S*********S*T*******S*T*******SI
           I      ****S*********S*********S*********S*T*******S*T*******SI
     -22.23I      ****S*********S*********S*********S*T*******S*T*******SI    -22.23
           I     *****S*********S*********S*********S*T*******S*T*******SI
           I     *****S*********S*********S*********S*T*******S*T*******SI
           I    ******S*********S*********S*********S*T*******S*T*******SI
     -23.69I    ******S*********S*********S*********S*T*******S*T*******SI    -23.69
           I   *******S*********S*********S*********S*T*******S*T*******SI
           I  ********S*********S*********S*********S*T*******S*T*******SI
           I  ********S*********S*********S*********S*T*******S*T*******SI
     -25.14I**********S*********S*********S*********S*T*******S*T*******SI    -25.14
 ++++++++++I+++++++++++++++++++++++++++++++++++++++++++++++++++++++++++++I
            S=SEASONAL FREQUENCIES, T=TRADING DAY FREQUENCIES
        ces_hours 22220            PAGE  23, SERIES ces_hours_log_ad

  Peak probabilities for Tukey spectrum estimator
  Spectrum estimated from 2009.Jan to 2016.Dec.

                                          S1       S2       S3       S4       S5       S6       TD
                                        ------   ------   ------   ------   ------   ------   ------
  Model Residuals                        0.822    0.162    0.295    0.883    0.624    0.103    0.952* 
  Original Series (Table A1 or B1)       0.644    0.023    0.723    0.561    0.328    0.376    0.633  
  Seasonally adjusted series (E2)        0.006    0.005    0.249    0.010    0.077    0.565    0.719  
  Modified Irregular (E3)                0.147    0.019    0.170    0.006    0.094    0.627    0.763  
  ----------
     ** - Peak Probability > 0.99,
      * - 0.90 < Peak Probability < 0.99


