  Reading input spec file from D:\Programming\Dynamic Paper-dlrhcs_replication\outputs\empirical\unemployment\raw_sa_pilot\x13_work\ces_hours_log_additive_25980_200701_201612.spc

1

               U. S. Department of Commerce, U. S. Census Bureau

              X-13ARIMA-SEATS monthly seasonal adjustment Method,
                          Release Version 1.1 Build 62


           This software application provides an enhanced version of
             Statistics Canada's X-11-ARIMA extension (Dagum, 1980)
                 of the X-11 variant of the Census Method II of
                      Shiskin, Young and Musgrave (1967).

            It also provides an ARIMA model-based method following
       Hillmer and Tiao (1982) and Burman (1980) that is very similar
       to the update of the method of SEATS (Gomez and Maravall, 1996)
                produced at the Bank of Spain by G. Caporello and
               A. Maravall for TSW (Caporello and Maravall, 2004).
          The present application includes additional enhancements.

         X-13ARIMA-SEATS includes an automatic ARIMA model selection procedure
          based largely on the procedure of Gomez and Maravall (1998)
            as implemented in TRAMO (1996) and subsequent revisions.

              Primary Programmers: Brian Monsell, Mark Otto and,
                 for the ARIMA model-based signal extraction,
                      Gianluca Caporello and Victor Gomez


     Series Title- ces_hours 25980
     Series Name- ces_hours_log_ad
     Jul 29, 2026  08.41.10 

        -Period covered-  1st month,2007 to 12th month,2016
        -Type of run - additive seasonal adjustment

        -Sigma limits for graduating extreme values are  1.5 and  2.5 .
        -3x3 moving average used in section 1 of each iteration, 
         3x5 moving average in section 2 of iterations B and C,
         moving average for final seasonal factors chosen by Global MSR.
        -Holiday adjustment factors applied directly to the final seasonally adjusted series
        -Spectral plots generated for selected series
        -Spectral plots generated for series starting in 2009.Jan

 FILE SAVE REQUESTS (* indicates file exists and will be overwritten)
  D:\Programming\Dynamic Paper-dlrhcs_replication\outputs\empirical\unemployment\raw_sa_pilot\x13_work\ces_hours_log_additive_25980_200701_201612.d10  final seasonal factors
  D:\Programming\Dynamic Paper-dlrhcs_replication\outputs\empirical\unemployment\raw_sa_pilot\x13_work\ces_hours_log_additive_25980_200701_201612.d11  final seasonally adjusted data
  D:\Programming\Dynamic Paper-dlrhcs_replication\outputs\empirical\unemployment\raw_sa_pilot\x13_work\ces_hours_log_additive_25980_200701_201612.out  program output file
  D:\Programming\Dynamic Paper-dlrhcs_replication\outputs\empirical\unemployment\raw_sa_pilot\x13_work\ces_hours_log_additive_25980_200701_201612.err  program error file
        ces_hours 25980            PAGE   1, SERIES ces_hours_log_ad

     Contents of spc file D:\Programming\Dynamic Paper-dlrhcs_replication\outputs\empirical\unemployment\raw_sa_pilot\x13_work\ces_hours_log_additive_25980_200701_201612.spc

 Line #
 ------
      1: series {
      2:   title = "ces_hours 25980"
      3:   start = 2007.1
      4:   period = 12
      5:   data = (
      6: 36.5
      7: 34.7
      8: 34.6
      9: 37
     10: 34.6
     11: 35.1
     12: 37.9
     13: 36.8
     14: 39.2
     15: 39.5
     16: 40.5
     17: 36.7
     18: 33.6
     19: 32
     20: 37.5
     21: 38
     22: 38
     23: 39.3
     24: 33
     25: 35.6
     26: 33.9
     27: 36.7
     28: 37.1
     29: 38.5
     30: 32.4
     31: 39.1
     32: 37.8
     33: 34.6
     34: 38.8
     35: 37.5
     36: 39.7
     37: 39.2
     38: 36.3
     39: 37.7
     40: 39.2
     41: 35.3
     42: 37
     43: 36.7
     44: 35
     45: 35.7
     46: 36
     47: 34.1
     48: 34
     49: 35.6
     50: 32.3
     51: 32.3
     52: 32.8
     53: 32.6
     54: 30.9
     55: 32.3
     56: 34.2
     57: 33.4
     58: 34.6
     59: 33.9
     60: 33.9
     61: 33.7
     62: 33.2
     63: 34
     64: 34.7
     65: 36.2
     66: 35
     67: 34.8
     68: 35
     69: 37.5
     70: 39.9
     71: 39.8
     72: 43
     73: 41.9
     74: 41.7
     75: 40.3
     76: 40.8
     77: 40.3
     78: 41.8
     79: 40.9
     80: 41.6
     81: 39.1
     82: 45.3
     83: 45
     84: 45.7
     85: 45.7
     86: 45.6
     87: 43.3
     88: 44.2
     89: 45.2
     90: 43.3
     91: 40.5
     92: 39.9
     93: 39
     94: 39.7
     95: 38.5
     96: 37.8
     97: 38.5
     98: 38.1
     99: 38.7
    100: 36.5
    101: 35.2
    102: 35.7
    103: 36.2
    104: 35.5
    105: 35.2
    106: 37
    107: 33.6
    108: 33.5
    109: 33.6
    110: 33.4
    111: 33.6
    112: 33.9
    113: 34.8
    114: 34.3
    115: 34
    116: 33.3
    117: 32.7
    118: 33
    119: 32.9
    120: 33.5
    121: 32.5
    122: 33.1
    123: 31.5
    124: 32.7
    125: 32.7
    126:   )
    127: }
    128: transform { function = log }
    129: regression { aictest = (td easter) }
    130: automdl {}
    131: x11 { mode = add save = (d10 d11) }
        ces_hours 25980            PAGE   2, SERIES ces_hours_log_ad

 A 1  Time series data (for the span analyzed)
  From  2007.Jan to 2016.Dec
  Observations        120
 -----------------------------------------------------------------------------
               Jan      Feb      Mar      Apr      May      Jun 
               Jul      Aug      Sep      Oct      Nov      Dec        TOTAL  
 -----------------------------------------------------------------------------
  2007          37.      35.      35.      37.      35.      35.
                38.      37.      39.      40.      41.      37.          443.
 
  2008          34.      32.      38.      38.      38.      39.
                33.      36.      34.      37.      37.      39.          433.
 
  2009          32.      39.      38.      35.      39.      38.
                40.      39.      36.      38.      39.      35.          448.
 
  2010          37.      37.      35.      36.      36.      34.
                34.      36.      32.      32.      33.      33.          414.
 
  2011          31.      32.      34.      33.      35.      34.
                34.      34.      33.      34.      35.      36.          405.
 
  2012          35.      35.      35.      38.      40.      40.
                43.      42.      42.      40.      41.      40.          470.
 
  2013          42.      41.      42.      39.      45.      45.
                46.      46.      46.      43.      44.      45.          523.
 
  2014          43.      41.      40.      39.      40.      39.
                38.      39.      38.      39.      37.      35.          466.
 
  2015          36.      36.      36.      35.      37.      34.
                34.      34.      33.      34.      34.      35.          416.
 
  2016          34.      34.      33.      33.      33.      33.
                34.      33.      33.      32.      33.      33.          396.
 
  AVGE          36.      36.      36.      36.      38.      37.
                37.      37.      37.      37.      37.      37.

  Table Total-        4414.   Mean-        37.   Std. Dev.-         4.
                              Min -        31.        Max -        46.
        ces_hours 25980            PAGE   3, SERIES ces_hours_log_ad
                        Automatic ARIMA Model Selection

                    Procedure based closely on TRAMO method 
                         of Gomez and Maravall (2000)
              "Automatic Modeling Methods for Univariate Series",
                            A Course in Time Series
                  (Edited by D. Pena, G. C. Tiao, R. S. Tsay),
                         New York : J. Wiley and Sons


     Maximum order for regular ARMA parameters :   2
     Maximum order for seasonal ARMA parameters :   1
     Maximum order for regular differencing :   2
     Maximum order for seasonal differencing :   1

   Results of Unit Root Test for identifying orders of differencing:
     Regular difference order :   1
     Seasonal difference order :   0

     Mean is not significant.

  Automatic model choice : (0 1 1)


  Final Checks for Identified Model


  Checking for Unit Roots.
   No unit roots found.

  Checking for nonseasonal overdifferencing.
   Nonseasonal MA not within  0.001 of 1.0 - model passes test.

  Checking for insignificant ARMA coefficients.

  Final automatic model choice : (0 1 1)
   End of automatic model selection procedure.

 Average absolute percentage error in within-sample forecasts:
  Last year:   4.08      Last-1 year:   4.74     Last-2 year:  15.65
  Last three years:    8.16

 Estimation converged in    5 ARMA iterations,   11 function evaluations.

 ARIMA Model:  (0 1 1)
   Nonseasonal differences: 1
                                              Standard
 Parameter                    Estimate          Errors
 -----------------------------------------------------
 Nonseasonal MA                                    
   Lag  1                       0.4327         0.08263

 Variance                       0.24534E-02
 SE of Var                      0.31807E-03
 -----------------------------------------------------

 Likelihood Statistics
 ------------------------------------------------------------------
 Number of observations (nobs)                                  120
 Effective number of observations (nefobs)                      119
 Number of parameters estimated (np)                              2
 Log likelihood                                            188.6533
 Transformation Adjustment                                -428.4770
 Adjusted Log likelihood (L)                              -239.8237
 AIC                                                       483.6474 
 AICC (F-corrected-AIC)                                    483.7509 
 Hannan Quinn                                              485.9045 
 BIC                                                       489.2057 
 ------------------------------------------------------------------

 QS Statistic for regARIMA Model Residuals (full series):             0.02
                                                       (P-Value =     0.9921)

 QS Statistic for regARIMA Model Residuals (starting 2009.Jan):       1.25
                                                       (P-Value =     0.5352)
      10*LOG(SPECTRUM) of the regARIMA model residuals
      Spectrum estimated from 2009.Jan to 2016.Dec.
 ++++++++++I+++++++++++++++++++++++++++++++++++++++++++++++++++++++++++++I
     -19.72I  *                                                          I    -19.72
           I  *                                                          I
           I  *                                                          I
           I  *                                                          I
     -20.72I  *                                                          I    -20.72
           I  *                                                          I
           I  *                                                          I
           I  *                                                          I
     -21.71I  *                                                          I    -21.71
           I  *                                      *                   I
           I  *                                      *                   I
           I  *                                      *                   I
     -22.71I  *                                      *                   I    -22.71
           I  *                                      *                   I
           I  *                                     S*                   I
           I  *      *                              S*                   I
     -23.70I  *      *                              S*                   I    -23.70
           I  *      *                   *     *    S*  *                I
           I  *      *                   *     *    S*  *                I
           I  *      *                   *     *    S*  *                I
     -24.69I  *      *                   *     *    S*  *                I    -24.69
           I  *      *                   *     *    S*  *                I
           I  *      *                   *     **   S*  **               I
           I  *     **                   *     **   S*T **               I
     -25.69I  *     **                   *     **   S*T **               I    -25.69
           I  *     **                   *     **   S*T **               I
           I  *     **S                  *     **   S*T **               I
           I  **    **S                  *     **   S*T***               I
     -26.68I  **    **S                  *     **   S*T***   *           I    -26.68
           I  **    **S     *            *     **   S*T***   *    *      I
           I  **    **S     *            *     **   S*T***   *S   *      I
           I  **    **S     * **        **S    **   S*T***   *S   *      I
     -27.68I ***    **S    ** **        **S    **  *S*T***   *S   *      I    -27.68
           I ***    **S    *****        **S   ***  *S*T***   *S   *     SI
           I ***    **S    *****        **S   ***  *S*T***   *S   **    SI
           I ***    **S    *****    *   **S   **** *S*T****  *S  ***   *SI
     -28.67I ***    **S    *****    *   **S   **** *S*T**** **S* ***   *SI    -28.67
           I ***   ***S    *****    *   **S   **** *S*T**** **S* ***   *SI
           I ***   ***S    *****   **   **S   **** *S*T**** **S* ***  **SI
           I ***   ***S    *****   **   **S   ******S*T**** **S*T***  **SI
     -29.66I****   ***S    *****   **   **S   ******S*T*******S*T**** **SI    -29.66
           I****   ***S    *****S  **   **S   ******S*T*******S*T*******SI
           I****   ***S*   *****S  **   **S   ******S*T*******S*T*******SI
           I****   ***S*   *****S  **   **S* *******S*T*******S*T*******SI
     -30.66I****   ***S*   *****S  ***  **S* *******S*T*******S*T*******SI    -30.66
           I****   ***S*  ******S  *** ***S* *******S*T*******S*T*******SI
           I****   ***S*  ******S  *** ***S*********S*T*******S*T*******SI
           I*****  ***S*  ******S **** ***S*********S*T*******S*T*******SI
     -31.65I***** ****S*  ******S***** ***S*********S*T*******S*T*******SI    -31.65
           I***** ****S*  ******S*********S*********S*T*******S*T*******SI
           I***** ****S*  ******S*********S*********S*T*******S*T*******SI
           I***** ****S** ******S*********S*********S*T*******S*T*******SI
     -32.65I**********S*********S*********S*********S*T*******S*T*******SI    -32.65
 ++++++++++I+++++++++++++++++++++++++++++++++++++++++++++++++++++++++++++I
            S=SEASONAL FREQUENCIES, T=TRADING DAY FREQUENCIES


 FORECASTING
  Origin  2016.Dec
  Number        12

  Forecasts and Standard Errors of the Transformed Data
   ------------------------------
                         Standard
       Date   Forecast      Error
   ------------------------------
   2017.Jan       3.48      0.050
   2017.Feb       3.48      0.057
   2017.Mar       3.48      0.064
   2017.Apr       3.48      0.069
   2017.May       3.48      0.075
   2017.Jun       3.48      0.080
   2017.Jul       3.48      0.085
   2017.Aug       3.48      0.089
   2017.Sep       3.48      0.094
   2017.Oct       3.48      0.098
   2017.Nov       3.48      0.102
   2017.Dec       3.48      0.106
   ------------------------------

  Confidence intervals with coverage probability ( 0.95000
  On the Original Scale
   ---------------------------------------
       Date      Lower  Forecast     Upper
   ---------------------------------------
   2017.Jan      29.58     32.59     35.92
   2017.Feb      29.15     32.59     36.44
   2017.Mar      28.78     32.59     36.91
   2017.Apr      28.45     32.59     37.35
   2017.May      28.14     32.59     37.75
   2017.Jun      27.86     32.59     38.13
   2017.Jul      27.60     32.59     38.49
   2017.Aug      27.36     32.59     38.83
   2017.Sep      27.13     32.59     39.16
   2017.Oct      26.91     32.59     39.48
   2017.Nov      26.70     32.59     39.79
   2017.Dec      26.50     32.59     40.08
   ---------------------------------------
        ces_hours 25980            PAGE   4, SERIES ces_hours_log_ad

 B 1  Original series (prior adjusted)
  From  2007.Jan to 2016.Dec
  Observations        120
 -----------------------------------------------------------------------------
               Jan      Feb      Mar      Apr      May      Jun 
               Jul      Aug      Sep      Oct      Nov      Dec        TOTAL  
 -----------------------------------------------------------------------------
  2007          37.      35.      35.      37.      35.      35.
                38.      37.      39.      40.      40.      37.          443.
 
  2008          34.      32.      38.      38.      38.      39.
                33.      36.      34.      37.      37.      39.          433.
 
  2009          32.      39.      38.      35.      39.      38.
                40.      39.      36.      38.      39.      35.          448.
 
  2010          37.      37.      35.      36.      36.      34.
                34.      36.      32.      32.      33.      33.          414.
 
  2011          31.      32.      34.      33.      35.      34.
                34.      34.      33.      34.      35.      36.          405.
 
  2012          35.      35.      35.      38.      40.      40.
                43.      42.      42.      40.      41.      40.          470.
 
  2013          42.      41.      42.      39.      45.      45.
                46.      46.      46.      43.      44.      45.          523.
 
  2014          43.      40.      40.      39.      40.      39.
                38.      39.      38.      39.      37.      35.          466.
 
  2015          36.      36.      36.      35.      37.      34.
                34.      34.      33.      34.      34.      35.          416.
 
  2016          34.      34.      33.      33.      33.      33.
                34.      33.      33.      31.      33.      33.          396.
 
  AVGE          36.      36.      36.      36.      38.      37.
                37.      37.      37.      37.      37.      37.

  Table Total-        4414.   Mean-        37.   Std. Dev.-         4.
                              Min -        31.        Max -        46.

 B 1.A  Forecasts of (prior adjusted) original series
  From  2017.Jan to 2017.Dec
  Observations         12
 -----------------------------------------------------------------------------
               Jan      Feb      Mar      Apr      May      Jun 
               Jul      Aug      Sep      Oct      Nov      Dec        TOTAL  
 -----------------------------------------------------------------------------
  2017          33.      33.      33.      33.      33.      33.
                33.      33.      33.      33.      33.      33.          391.
 
        ces_hours 25980            PAGE   5, SERIES ces_hours_log_ad

 C 17  Final weights for irregular component
  From  2007.Jan to 2016.Dec
  Observations        120
  Lower sigma limit    1.50
  Upper sigma limit    2.50
 -----------------------------------------------------------------------------
               Jan      Feb      Mar      Apr      May      Jun 
               Jul      Aug      Sep      Oct      Nov      Dec         S.D.  
 -----------------------------------------------------------------------------
  2007         100.     100.     100.     100.     100.     100.
               100.     100.      77.     100.     100.     100.          109.
 
  2008          78.       0.     100.     100.     100.       0.
                 0.     100.     100.     100.     100.     100.          109.
 
  2009           0.       0.     100.       0.     100.     100.
               100.     100.     100.     100.     100.      36.          109.
 
  2010         100.     100.     100.     100.     100.     100.
               100.     100.     100.     100.     100.     100.          103.
 
  2011         100.     100.     100.     100.     100.     100.
               100.     100.     100.     100.     100.     100.           88.
 
  2012         100.     100.      10.     100.     100.     100.
                 0.     100.     100.     100.     100.      67.           61.
 
  2013         100.     100.     100.       0.     100.     100.
               100.     100.     100.     100.     100.      25.           59.
 
  2014         100.     100.     100.     100.     100.     100.
               100.     100.     100.       0.     100.       7.           56.
 
  2015         100.     100.     100.     100.       0.      80.
               100.     100.     100.     100.     100.     100.           49.
 
  2016         100.     100.     100.     100.     100.     100.
               100.     100.     100.     100.     100.     100.           49.
 
        ces_hours 25980            PAGE   6, SERIES ces_hours_log_ad

 D 8  Final unmodified SI ratios
  From  2007.Jan to 2016.Dec
  Observations        120
 -----------------------------------------------------------------------------
               Jan      Feb      Mar      Apr      May      Jun 
               Jul      Aug      Sep      Oct      Nov      Dec         AVGE  
 -----------------------------------------------------------------------------
  2007          -0.      -1.      -1.       2.      -1.      -1.
                 1.      -1.       1.       1.       2.      -1.            0.
 
  2008          -4.      -5.       1.       1.       1.       3.
                -3.      -0.      -2.       1.       1.       1.           -0.
 
  2009          -5.       2.       0.      -3.       1.      -1.
                 1.       1.      -2.      -0.       1.      -2.           -1.
 
  2010          -0.      -0.      -1.       0.       1.      -0.
                 0.       2.      -1.      -1.       0.      -0.            0.
 
  2011          -2.      -1.       1.      -0.       1.       1.
                 1.       0.      -1.      -0.      -0.       1.            0.
 
  2012          -1.      -2.      -2.      -0.       1.       0.
                 3.       1.       1.      -1.      -0.      -1.           -0.
 
  2013           0.      -1.      -1.      -4.       1.       0.
                 1.       1.       1.      -1.       0.       2.           -0.
 
  2014           1.      -1.      -1.      -1.       1.       0.
                -0.       1.       1.       2.      -0.      -1.            0.
 
  2015          -0.       0.      -0.      -0.       2.      -1.
                -0.      -0.      -0.      -0.      -0.       1.            0.
 
  2016           0.       0.      -0.      -1.      -0.      -0.
                 0.      -0.       0.      -1.       0.       0.           -0.
 
  AVGE          -1.      -1.      -0.      -1.       1.       0.
                 0.       0.      -0.      -0.       0.      -0.

  Table Total-         -11.   Mean-        -0.   Std. Dev.-         1.
                              Min -        -5.        Max -         3.
        ces_hours 25980            PAGE   7, SERIES ces_hours_log_ad

 D 8.B  Final unmodified SI ratios, with labels for outliers and extreme values
  From  2007.Jan to 2016.Dec
  Observations        120
 ---------------------------------------------------------------------
               Jan       Feb       Mar       Apr       May       Jun  
               Jul       Aug       Sep       Oct       Nov       Dec  
 ---------------------------------------------------------------------
  2007         -0.       -1.       -1.        2.       -1.       -1.  
                1.       -1.        1.*       1.        2.       -1.  
 
  2008         -4.*      -5.*       1.        1.        1.        3.* 
               -3.*      -0.       -2.        1.        1.        1.  
 
  2009         -5.*       2.*       0.       -3.*       1.       -1.  
                1.        1.       -2.       -0.        1.       -2.* 
 
  2010         -0.       -0.       -1.        0.        1.       -0.  
                0.        2.       -1.       -1.        0.       -0.  
 
  2011         -2.       -1.        1.       -0.        1.        1.  
                1.        0.       -1.       -0.       -0.        1.  
 
  2012         -1.       -2.       -2.*      -0.        1.        0.  
                3.*       1.        1.       -1.       -0.       -1.* 
 
  2013          0.       -1.       -1.       -4.*       1.        0.  
                1.        1.        1.       -1.        0.        2.* 
 
  2014          1.       -1.       -1.       -1.        1.        0.  
               -0.        1.        1.        2.*      -0.       -1.* 
 
  2015         -0.        0.       -0.       -0.        2.*      -1.* 
               -0.       -0.       -0.       -0.       -0.        1.  
 
  2016          0.        0.       -0.       -1.       -0.       -0.  
                0.       -0.        0.       -1.        0.        0.  
 

  Key to symbols:
    *  : extreme value as determined by X-11 extreme value procedure
 
        ces_hours 25980            PAGE   8, SERIES ces_hours_log_ad

 D 9  Final replacement values for SI ratios
  From  2007.Jan to 2016.Dec
  Observations        120
 ---------------------------------------------------------------
               Jan      Feb      Mar      Apr      May      Jun 
               Jul      Aug      Sep      Oct      Nov      Dec 
 ---------------------------------------------------------------
  2007     ******** ******** ******** ******** ******** ********
           ******** ********       1. ******** ******** ********
 
  2008          -3.      -1. ******** ******** ********      -0.
                 1. ******** ******** ******** ******** ********
 
  2009          -2.      -1. ********       0. ******** ********
           ******** ******** ******** ******** ********      -1.
 
  2010     ******** ******** ******** ******** ******** ********
           ******** ******** ******** ******** ******** ********
 
  2011     ******** ******** ******** ******** ******** ********
           ******** ******** ******** ******** ******** ********
 
  2012     ******** ********      -1. ******** ******** ********
                 1. ******** ******** ******** ********      -1.
 
  2013     ******** ******** ********      -1. ******** ********
           ******** ******** ******** ******** ********       1.
 
  2014     ******** ******** ******** ******** ******** ********
           ******** ******** ********      -1. ********       0.
 
  2015     ******** ******** ******** ********       1.      -1.
           ******** ******** ******** ******** ******** ********
 
  2016     ******** ******** ******** ******** ******** ********
           ******** ******** ******** ******** ******** ********
 

 D 9.A  Moving seasonality ratio
 ---------------------------------------------------------------
               Jan      Feb      Mar      Apr      May      Jun 
 ---------------------------------------------------------------
   I          1.215    0.568    0.851    0.286    0.533    0.322
   S          0.215    0.118    0.109    0.179    0.134    0.110
 RATIO        5.646    4.798    7.818    1.597    3.986    2.931



 ---------------------------------------------------------------
               Jul      Aug      Sep      Oct      Nov      Dec 
 ---------------------------------------------------------------
   I          0.638    0.792    0.819    0.534    0.559    1.147
   S          0.116    0.162    0.197    0.137    0.176    0.129
 RATIO        5.491    4.877    4.162    3.895    3.182    8.861



        ces_hours 25980            PAGE   9, SERIES ces_hours_log_ad

 D 10  Final seasonal factors
  From  2007.Jan to 2016.Dec
  Observations        120
  Seasonal filter    3 x 5 moving average
 -----------------------------------------------------------------------------
               Jan      Feb      Mar      Apr      May      Jun 
               Jul      Aug      Sep      Oct      Nov      Dec         AVGE  
 -----------------------------------------------------------------------------
  2007          -1.      -1.      -0.       1.       1.      -1.
                 1.       0.      -1.       0.       1.      -0.           -0.
 
  2008          -1.      -1.      -0.       1.       1.      -0.
                 1.       0.      -1.       0.       1.       0.           -0.
 
  2009          -1.      -1.      -0.       1.       1.      -0.
                 1.       1.      -1.       0.       1.       0.           -0.
 
  2010          -1.      -1.      -0.       0.       1.      -0.
                 1.       1.      -1.      -0.       0.       0.           -0.
 
  2011          -1.      -1.      -0.      -0.       1.       0.
                 1.       1.      -0.      -1.       0.       0.           -0.
 
  2012          -1.      -1.      -0.      -0.       1.       0.
                 0.       1.       0.      -1.       0.       0.           -0.
 
  2013          -0.      -1.      -1.      -0.       1.       0.
                 0.       1.       0.      -1.      -0.       0.           -0.
 
  2014          -0.      -1.      -0.      -0.       1.       0.
                 0.       0.       0.      -1.      -0.       0.           -0.
 
  2015           0.      -0.      -0.      -0.       1.      -0.
                 0.       0.       0.      -1.      -0.       0.           -0.
 
  2016           0.      -0.      -0.      -0.       0.      -0.
                -0.       0.       0.      -1.       0.       0.           -0.
 
  AVGE          -1.      -1.      -0.       0.       1.      -0.
                 1.       1.      -0.      -0.       0.       0.

  Table Total-          -1.   Mean-        -0.   Std. Dev.-         1.
                              Min -        -1.        Max -         1.

 D 10.A  Final seasonal component forecasts
  From  2017.Jan to 2017.Dec
  Observations         12
 -----------------------------------------------------------------------------
               Jan      Feb      Mar      Apr      May      Jun 
               Jul      Aug      Sep      Oct      Nov      Dec         AVGE  
 -----------------------------------------------------------------------------
  2017           0.       0.      -0.      -0.       0.      -0.
                -0.      -0.       0.      -0.       0.       0.           -0.
 
        ces_hours 25980            PAGE  10, SERIES ces_hours_log_ad

 D 11  Final seasonally adjusted data
  From  2007.Jan to 2016.Dec
  Observations        120
 -----------------------------------------------------------------------------
               Jan      Feb      Mar      Apr      May      Jun 
               Jul      Aug      Sep      Oct      Nov      Dec        TOTAL  
 -----------------------------------------------------------------------------
  2007          38.      36.      35.      36.      34.      36.
                37.      37.      40.      39.      39.      37.          443.
 
  2008          35.      33.      38.      37.      37.      40.
                32.      35.      35.      36.      36.      38.          433.
 
  2009          34.      40.      38.      34.      38.      38.
                39.      39.      37.      38.      38.      35.          448.
 
  2010          38.      38.      35.      35.      35.      34.
                33.      35.      33.      33.      32.      32.          414.
 
  2011          32.      33.      35.      33.      33.      34.
                33.      33.      34.      35.      35.      36.          405.
 
  2012          36.      36.      35.      38.      39.      40.
                43.      41.      42.      41.      41.      40.          470.
 
  2013          42.      42.      42.      39.      44.      45.
                45.      45.      45.      44.      44.      45.          524.
 
  2014          43.      41.      40.      39.      39.      38.
                38.      38.      38.      39.      37.      35.          466.
 
  2015          36.      37.      36.      36.      36.      34.
                33.      33.      33.      34.      34.      34.          416.
 
  2016          34.      34.      34.      33.      33.      33.
                34.      32.      33.      32.      33.      32.          396.
 
  AVGE          37.      37.      37.      36.      37.      37.
                37.      37.      37.      37.      37.      37.

  Table Total-        4416.   Mean-        37.   Std. Dev.-         3.
                              Min -        32.        Max -        45.
        ces_hours 25980            PAGE  11, SERIES ces_hours_log_ad

 D 12  Final trend cycle
  From  2007.Jan to 2016.Dec
  Observations        120
  Trend filter    13-term Henderson moving average
  I/C ratio        1.65
 -----------------------------------------------------------------------------
               Jan      Feb      Mar      Apr      May      Jun 
               Jul      Aug      Sep      Oct      Nov      Dec        TOTAL  
 -----------------------------------------------------------------------------
  2007          36.      36.      36.      35.      35.      36.
                37.      38.      38.      38.      38.      38.          441.
 
  2008          37.      37.      37.      37.      37.      36.
                36.      36.      36.      36.      37.      37.          438.
 
  2009          37.      38.      38.      38.      38.      38.
                38.      38.      38.      38.      38.      38.          455.
 
  2010          37.      37.      36.      35.      35.      34.
                34.      34.      33.      33.      33.      33.          413.
 
  2011          33.      33.      33.      34.      34.      33.
                33.      33.      34.      34.      35.      35.          405.
 
  2012          36.      36.      37.      38.      39.      40.
                40.      41.      41.      41.      41.      41.          471.
 
  2013          41.      42.      43.      43.      44.      45.
                45.      45.      45.      45.      44.      44.          526.
 
  2014          43.      42.      41.      40.      39.      38.
                38.      38.      37.      37.      37.      36.          465.
 
  2015          36.      36.      36.      35.      35.      34.
                34.      34.      34.      34.      34.      34.          415.
 
  2016          34.      34.      34.      33.      33.      33.
                33.      33.      33.      33.      32.      32.          396.
 
  AVGE          37.      37.      37.      37.      37.      37.
                37.      37.      37.      37.      37.      37.

  Table Total-        4425.   Mean-        37.   Std. Dev.-         3.
                              Min -        32.        Max -        45.
        ces_hours 25980            PAGE  12, SERIES ces_hours_log_ad

 D 13  Final irregular component
  From  2007.Jan to 2016.Dec
  Observations        120
 -----------------------------------------------------------------------------
               Jan      Feb      Mar      Apr      May      Jun 
               Jul      Aug      Sep      Oct      Nov      Dec         S.D.  
 -----------------------------------------------------------------------------
  2007           2.      -0.      -1.       1.      -1.      -0.
                 0.      -1.       2.       1.       1.      -1.            1.
 
  2008          -2.      -4.       1.       0.       1.       3.
                -4.      -0.      -1.       0.      -1.       1.            2.
 
  2009          -4.       2.       0.      -4.      -0.      -0.
                 1.       0.      -1.      -0.       1.      -2.            2.
 
  2010           1.       1.      -1.      -0.       0.      -0.
                -1.       1.      -0.      -0.      -0.      -0.            1.
 
  2011          -1.       0.       1.      -0.      -0.       0.
                -0.      -1.      -0.       0.      -0.       1.            1.
 
  2012          -0.      -1.      -1.      -0.       0.       0.
                 2.       0.       1.      -0.      -0.      -1.            1.
 
  2013           1.      -0.      -0.      -4.       0.       0.
                 0.      -0.       0.      -1.       0.       1.            1.
 
  2014           1.      -1.      -0.      -0.       0.       0.
                -0.       0.       0.       2.      -0.      -2.            1.
 
  2015          -1.       1.       0.       0.       2.      -1.
                -0.      -0.      -0.       1.      -0.       0.            1.
 
  2016           0.       0.      -0.      -0.      -0.       0.
                 1.      -0.       0.      -0.       0.      -0.            0.
 
  S.D.           2.       1.       1.       2.       1.       1.
                 1.       1.       1.       1.       0.       1.

  Table Total-          -9.   Mean-        -0.   Std. Dev.-         1.
                              Min -        -4.        Max -         3.
        ces_hours 25980            PAGE  13, SERIES ces_hours_log_ad

 D 16  Combined adjustment factors
  From  2007.Jan to 2016.Dec
  Observations        120
 -----------------------------------------------------------------------------
               Jan      Feb      Mar      Apr      May      Jun 
               Jul      Aug      Sep      Oct      Nov      Dec         AVGE  
 -----------------------------------------------------------------------------
  2007          -1.      -1.      -0.       1.       1.      -1.
                 1.       0.      -1.       0.       1.      -0.           -0.
 
  2008          -1.      -1.      -0.       1.       1.      -0.
                 1.       0.      -1.       0.       1.       0.           -0.
 
  2009          -1.      -1.      -0.       1.       1.      -0.
                 1.       1.      -1.       0.       1.       0.           -0.
 
  2010          -1.      -1.      -0.       0.       1.      -0.
                 1.       1.      -1.      -0.       0.       0.           -0.
 
  2011          -1.      -1.      -0.      -0.       1.       0.
                 1.       1.      -0.      -1.       0.       0.           -0.
 
  2012          -1.      -1.      -0.      -0.       1.       0.
                 0.       1.       0.      -1.       0.       0.           -0.
 
  2013          -0.      -1.      -1.      -0.       1.       0.
                 0.       1.       0.      -1.      -0.       0.           -0.
 
  2014          -0.      -1.      -0.      -0.       1.       0.
                 0.       0.       0.      -1.      -0.       0.           -0.
 
  2015           0.      -0.      -0.      -0.       1.      -0.
                 0.       0.       0.      -1.      -0.       0.           -0.
 
  2016           0.      -0.      -0.      -0.       0.      -0.
                -0.       0.       0.      -1.       0.       0.           -0.
 
  AVGE          -1.      -1.      -0.       0.       1.      -0.
                 1.       1.      -0.      -0.       0.       0.

  Table Total-          -1.   Mean-        -0.   Std. Dev.-         1.
                              Min -        -1.        Max -         1.

 D 16.A  Combined adjustment component forecasts
  From  2017.Jan to 2017.Dec
  Observations         12
 -----------------------------------------------------------------------------
               Jan      Feb      Mar      Apr      May      Jun 
               Jul      Aug      Sep      Oct      Nov      Dec         AVGE  
 -----------------------------------------------------------------------------
  2017           0.       0.      -0.      -0.       0.      -0.
                -0.      -0.       0.      -0.       0.       0.           -0.
 
        ces_hours 25980            PAGE  14, SERIES ces_hours_log_ad

 E 4  Differences of annual totals
  From          2007 to 2016
  Observations         10
 -----------------------------------
  Year       Unmodified     Modified
                  (D11)         (E2)
 -----------------------------------
  2007              -0.          -0.
 
  2008              -0.          -0.
 
  2009              -0.          -0.
 
  2010              -0.          -0.
 
  2011              -0.          -0.
 
  2012              -0.          -0.
 
  2013              -0.          -0.
 
  2014              -0.          -0.
 
  2015              -0.          -0.
 
  2016              -0.          -0.
 
        ces_hours 25980            PAGE  15, SERIES ces_hours_log_ad

 E 5  Month-to-month differences in the original series
  From  2007.Feb to 2016.Dec
  Observations        119
 -----------------------------------------------------------------------------
               Jan      Feb      Mar      Apr      May      Jun 
               Jul      Aug      Sep      Oct      Nov      Dec         AVGE  
 -----------------------------------------------------------------------------
  2007                   -2.      -0.       2.      -2.       1.
                 3.      -1.       2.       0.       1.      -4.            0.
 
  2008          -3.      -2.       6.       1.       0.       1.
                -6.       3.      -2.       3.       0.       1.            0.
 
  2009          -6.       7.      -1.      -3.       4.      -1.
                 2.      -0.      -3.       1.       2.      -4.           -0.
 
  2010           2.      -0.      -2.       1.       0.      -2.
                -0.       2.      -3.       0.       1.      -0.           -0.
 
  2011          -2.       1.       2.      -1.       1.      -1.
                 0.      -0.      -0.       1.       1.       2.            0.
 
  2012          -1.      -0.       0.       3.       2.      -0.
                 3.      -1.      -0.      -1.       1.      -0.            0.
 
  2013           2.      -1.       1.      -2.       6.      -0.
                 1.       0.      -0.      -2.       1.       1.            0.
 
  2014          -2.      -3.      -1.      -1.       1.      -1.
                -1.       1.      -0.       1.      -2.      -1.           -1.
 
  2015           1.       1.      -1.      -0.       2.      -3.
                -0.       0.      -0.       0.       0.       1.           -0.
 
  2016          -0.      -0.      -1.      -1.       0.      -0.
                 1.      -1.       1.      -2.       1.       0.           -0.
 
  AVGE          -1.       0.       0.      -0.       1.      -1.
                 0.       0.      -1.       0.       0.      -0.

  Table Total-          -4.   Mean-        -0.   Std. Dev.-         2.
                              Min -        -6.        Max -         7.
        ces_hours 25980            PAGE  16, SERIES ces_hours_log_ad

 E 6  Month-to-month differences in seasonally adjusted series (D11)
  From  2007.Feb to 2016.Dec
  Observations        119
 -----------------------------------------------------------------------------
               Jan      Feb      Mar      Apr      May      Jun 
               Jul      Aug      Sep      Oct      Nov      Dec         AVGE  
 -----------------------------------------------------------------------------
  2007                   -2.      -1.       1.      -2.       2.
                 1.      -0.       4.      -1.       0.      -2.           -0.
 
  2008          -2.      -2.       5.      -1.       0.       2.
                -8.       3.      -0.       2.      -0.       3.            0.
 
  2009          -5.       6.      -2.      -4.       4.      -0.
                 1.      -0.      -1.       0.       1.      -3.           -0.
 
  2010           3.      -1.      -2.       0.      -0.      -1.
                -1.       2.      -2.      -0.      -0.       0.           -0.
 
  2011          -1.       1.       1.      -1.       0.       0.
                -0.      -1.       1.       1.       0.       2.            0.
 
  2012          -0.       0.      -0.       2.       1.       1.
                 3.      -2.       1.      -1.      -0.      -1.            0.
 
  2013           2.      -0.       0.      -3.       5.       1.
                 1.      -0.       0.      -1.       0.       1.            0.
 
  2014          -2.      -2.      -1.      -1.      -0.      -0.
                -1.       1.      -0.       2.      -3.      -2.           -1.
 
  2015           1.       1.      -1.      -0.       1.      -3.
                -0.      -0.      -0.       1.      -0.       1.           -0.
 
  2016          -0.      -0.      -1.      -1.      -0.       0.
                 0.      -1.       0.      -1.       1.      -0.           -0.
 
  AVGE          -0.       0.      -0.      -1.       1.       0.
                -0.       0.       0.       0.      -0.      -0.

  Table Total-          -6.   Mean-        -0.   Std. Dev.-         2.
                              Min -        -8.        Max -         6.
        ces_hours 25980            PAGE  17, SERIES ces_hours_log_ad

 E 7  Month-to-month differences in final trend cycle (D12)
  From  2007.Feb to 2016.Dec
  Observations        119
 -----------------------------------------------------------------------------
               Jan      Feb      Mar      Apr      May      Jun 
               Jul      Aug      Sep      Oct      Nov      Dec         AVGE  
 -----------------------------------------------------------------------------
  2007                   -0.      -0.      -0.       0.       0.
                 1.       1.       1.       0.      -0.      -1.            0.
 
  2008          -0.      -0.      -0.       0.      -0.      -0.
                -0.      -0.       0.       0.       1.       1.           -0.
 
  2009           0.       0.       0.       0.       0.       0.
                 0.      -0.      -0.      -0.      -0.      -0.            0.
 
  2010          -0.      -0.      -1.      -1.      -1.      -1.
                -0.      -0.      -0.      -0.      -0.      -0.           -0.
 
  2011           0.       0.       0.       0.      -0.      -0.
                -0.       0.       0.       0.       1.       1.            0.
 
  2012           1.       1.       1.       1.       1.       1.
                 1.       0.       0.       0.       0.       0.            0.
 
  2013           0.       0.       1.       1.       1.       1.
                 0.       0.      -0.      -0.      -0.      -1.            0.
 
  2014          -1.      -1.      -1.      -1.      -1.      -0.
                -0.      -0.      -0.      -0.      -0.      -0.           -1.
 
  2015          -0.      -0.      -0.      -0.      -1.      -1.
                -0.      -0.       0.       0.       0.       0.           -0.
 
  2016          -0.      -0.      -0.      -0.      -0.      -0.
                -0.      -0.      -0.      -0.      -0.      -0.           -0.
 
  AVGE          -0.      -0.      -0.      -0.      -0.      -0.
                 0.       0.       0.      -0.      -0.      -0.

  Table Total-          -4.   Mean-        -0.   Std. Dev.-         0.
                              Min -        -1.        Max -         1.
        ces_hours 25980            PAGE  18, SERIES ces_hours_log_ad

 E 8  Month-to-month differences in original series adjusted for calendar factors (A18)
  From  2007.Feb to 2016.Dec
  Observations        119
 -----------------------------------------------------------------------------
               Jan      Feb      Mar      Apr      May      Jun 
               Jul      Aug      Sep      Oct      Nov      Dec         AVGE  
 -----------------------------------------------------------------------------
  2007                   -2.      -0.       2.      -2.       0.
                 3.      -1.       2.       0.       1.      -4.            0.
 
  2008          -3.      -2.       6.       0.       0.       1.
                -6.       3.      -2.       3.       0.       1.            0.
 
  2009          -6.       7.      -1.      -3.       4.      -1.
                 2.      -1.      -3.       1.       2.      -4.           -0.
 
  2010           2.      -0.      -2.       1.       0.      -2.
                -0.       2.      -3.       0.       0.      -0.           -0.
 
  2011          -2.       1.       2.      -1.       1.      -1.
                 0.      -0.      -0.       1.       1.       2.            0.
 
  2012          -1.      -0.       0.       3.       2.      -0.
                 3.      -1.      -0.      -1.       1.      -1.            0.
 
  2013           2.      -1.       1.      -3.       6.      -0.
                 1.       0.      -0.      -2.       1.       1.            0.
 
  2014          -2.      -3.      -1.      -1.       1.      -1.
                -1.       1.      -0.       1.      -2.      -1.           -1.
 
  2015           1.       1.      -1.      -0.       2.      -3.
                -0.       0.      -0.       0.       0.       1.           -0.
 
  2016          -1.      -0.      -1.      -1.       0.      -0.
                 1.      -1.       1.      -2.       1.       0.           -0.
 
  AVGE          -1.       0.       0.      -0.       1.      -1.
                 0.       0.      -1.       0.       0.      -0.

  Table Total-          -4.   Mean-        -0.   Std. Dev.-         2.
                              Min -        -6.        Max -         7.
        ces_hours 25980            PAGE  19, SERIES ces_hours_log_ad

 E 18  Final adjustment ratios
  From  2007.Jan to 2016.Dec
  Observations        120
 -----------------------------------------------------------------------------
               Jan      Feb      Mar      Apr      May      Jun 
               Jul      Aug      Sep      Oct      Nov      Dec         AVGE  
 -----------------------------------------------------------------------------
  2007       96.301   96.927   99.271  102.589  101.603   98.440
            102.668  100.763   97.391  100.842  103.248   99.891        99.994
 
  2008       96.045   96.872   99.366  102.200  101.636   98.821
            102.829  101.033   97.094  100.676  103.131  100.032        99.978
 
  2009       95.819   97.547   99.458  101.685  102.158   99.215
            102.051  101.538   97.432  100.105  102.078  100.259        99.945
 
  2010       96.653   97.412   99.374  100.752  102.836   99.743
            102.225  102.229   97.769   99.236  101.521  100.333       100.007
 
  2011       96.990   97.066   98.933   99.856  103.368  100.294
            101.778  102.960   98.882   98.448  100.459  100.355        99.949
 
  2012       98.315   97.376   98.704   99.350  102.847  100.460
            101.055  102.145  100.030   98.366  100.001  100.467        99.926
 
  2013       99.261   97.984   98.785   99.076  102.256  100.366
            100.670  101.530  100.633   98.343   99.785  100.604        99.941
 
  2014       99.781   98.479   98.888   99.025  102.087  100.159
            100.567  101.047  100.846   98.174   99.839  101.010        99.992
 
  2015      100.414   99.046   98.906   98.953  101.585   99.805
            100.288  100.642  100.856   98.039   99.989  101.042        99.964
 
  2016      100.616   99.794   99.308   99.084  101.240   99.505
             99.970  100.059  100.465   98.288  100.147  101.303        99.981
 
  AVGE       98.019   97.850   99.099  100.257  102.162   99.681
            101.410  101.395   99.140   99.052  101.020  100.530

  Table Total-       11996.   Mean-       100.   Std. Dev.-         2.
                              Min -        96.        Max -       103.

 E 18.A  Final adjustment ratio forecasts
  From  2017.Jan to 2017.Dec
  Observations         12
 -----------------------------------------------------------------------------
               Jan      Feb      Mar      Apr      May      Jun 
               Jul      Aug      Sep      Oct      Nov      Dec         AVGE  
 -----------------------------------------------------------------------------
  2017      100.625  100.268   99.583   99.201  100.985   99.314
             99.809   99.772  100.282   98.597  100.244  101.339       100.002
 

  QS statistic for seasonality:
  Original Series                                     0.00  (P-Value =     1.0000)
  Original Series (EV adj)                            0.00  (P-Value =     1.0000)
  Residuals                                           0.02  (P-Value =     0.9921)
  Seasonally Adjusted Series                          0.00  (P-Value =     1.0000)
  Seasonally Adjusted Series (EV adj)                 0.00  (P-Value =     1.0000)
  Irregular Series                                    0.00  (P-Value =     1.0000)
  Irregular Series (EV adj)                           0.00  (P-Value =     1.0000)

  QS statistic for seasonality (starting 2009.Jan):
  Original Series                                     2.49  (P-Value =     0.2883)
  Original Series (EV adj)                            2.49  (P-Value =     0.2883)
  Residuals                                           1.25  (P-Value =     0.5352)
  Seasonally Adjusted Series                          0.00  (P-Value =     1.0000)
  Seasonally Adjusted Series (EV adj)                 0.00  (P-Value =     1.0000)
  Irregular Series                                    0.00  (P-Value =     1.0000)
  Irregular Series (EV adj)                           0.00  (P-Value =     1.0000)


 WARNING: Series should not be a candidate for seasonal adjustment
          because the spectrum of the original series (Table A1 or B1)
          has no visually significant seasonal peaks.

          If this is a component series of an indirectly adjusted
          composite series, consider using type = trend or type = summary
          in the x11 spec.
        ces_hours 25980            PAGE  20, SERIES ces_hours_log_ad
 G 0  10*LOG(SPECTRUM) of the differenced Original Series
      (Table A1 or B1).  Spectrum estimated from 2009.Jan to 2016.Dec.
 ++++++++++I+++++++++++++++++++++++++++++++++++++++++++++++++++++++++++++I
      10.61I                                        S                    I     10.61
           I                                        S                    I
           I                                        S*                   I
           I                                        S*                   I
       9.40I                                        S*                   I      9.40
           I                                        S*                   I
           I                                        S*                   I
           I                                        S*                   I
       8.18I                                        S*                   I      8.18
           I                                    *   S*  *                I
           I                                    *   S*  *                I
           I                                   **   S*T *     S        * I
       6.96I                             *     **  *S*T *     S        *SI      6.96
           I                             *     **  *S*T **    S       **SI
           I         *                   *     **  *S*T***    S       **SI
           I         *                  **     **  *S*T***    S       **SI
       5.75I         *                  **     **  *S*T***    S       **SI      5.75
           I         *                  **     **  *S*T***   *S   **  **SI
           I  *      *                  **     *** *S*T***   *S*  ** ***SI
           I  *      *                  **     *****S*T***   *S*  ** ***SI
       4.53I  **     *                  **     *****S*T***   *S*  ******SI      4.53
           I  **     *             **   **     *****S*T***   *S*  ******SI
           I  **     *         *   **   **S    *****S*T***   *S*  ******SI
           I  **     *         *   **   **S    *****S*T****  *S* *******SI
       3.31I  **     *         *   **   **S   ******S*T****  *S*T*******SI      3.31
           I  **     *         *   **  ***S   ******S*T****  *S*T*******SI
           I  **     *         *   **  ***S   ******S*T**** **S*T*******SI
           I  **     *        **   **  ***S   ******S*T**** **S*T*******SI
       2.10I  **    **        **S  *** ***S   ******S*T**** **S*T*******SI      2.10
           I  **    **     ** **S  *** ***S   ******S*T*******S*T*******SI
           I  **    **     ** **S ********S*  ******S*T*******S*T*******SI
           I  **    **     ** **S ********S*  ******S*T*******S*T*******SI
       0.88I  **    **S    *****S ********S* *******S*T*******S*T*******SI      0.88
           I  **    **S    *****S*********S* *******S*T*******S*T*******SI
           I  **    **S    *****S*********S*********S*T*******S*T*******SI
           I ***    **S    *****S*********S*********S*T*******S*T*******SI
      -0.34I ****   **S    *****S*********S*********S*T*******S*T*******SI     -0.34
           I ****   **S    *****S*********S*********S*T*******S*T*******SI
           I ****  ***S    *****S*********S*********S*T*******S*T*******SI
           I ****  ***S    *****S*********S*********S*T*******S*T*******SI
      -1.55I*****  ***S    *****S*********S*********S*T*******S*T*******SI     -1.55
           I*****  ***S    *****S*********S*********S*T*******S*T*******SI
           I**********S   ******S*********S*********S*T*******S*T*******SI
           I**********S   ******S*********S*********S*T*******S*T*******SI
      -2.77I**********S   ******S*********S*********S*T*******S*T*******SI     -2.77
           I**********S   ******S*********S*********S*T*******S*T*******SI
           I**********S   ******S*********S*********S*T*******S*T*******SI
           I**********S*  ******S*********S*********S*T*******S*T*******SI
      -3.99I**********S*  ******S*********S*********S*T*******S*T*******SI     -3.99
           I**********S*  ******S*********S*********S*T*******S*T*******SI
           I**********S*  ******S*********S*********S*T*******S*T*******SI
           I**********S* *******S*********S*********S*T*******S*T*******SI
      -5.20I**********S*********S*********S*********S*T*******S*T*******SI     -5.20
 ++++++++++I+++++++++++++++++++++++++++++++++++++++++++++++++++++++++++++I
            S=SEASONAL FREQUENCIES, T=TRADING DAY FREQUENCIES
        ces_hours 25980            PAGE  21, SERIES ces_hours_log_ad
 G 1  10*LOG(SPECTRUM) of the differenced seasonally adjusted 
      data (Table E2).  Spectrum estimated from 2009.Jan to 2016.Dec.
 ++++++++++I+++++++++++++++++++++++++++++++++++++++++++++++++++++++++++++I
       6.35I  *                                                          I      6.35
           I  *                                 **                       I
           I  *                                 **                       I
           I  *                                 **                       I
       5.12I  *                                 **                       I      5.12
           I  *                                 **                       I
           I  *                                 **                       I
           I  *                                 **      *                I
       3.89I  *                                 **      *                I      3.89
           I  *                                 **      *                I
           I  *                                 **      *        *       I
           I  *            *                    ***     *        *       I
       2.66I  *            *                    ***     *        **      I      2.66
           I  *            *                   ****     *        **      I
           I  **           *                   ****     *        **  *   I
           I  **    *      *                   ****     *        **  *   I
       1.43I  **    *      *                   ****    **        **  *   I      1.43
           I  **    *      *                   ****    **        **  *   I
           I  **    *      *                   ****    **        **  *   I
           I  **    *      *                   ****    ***       **  *   I
       0.20I  **    *      *                   *****   ***       **  *   I      0.20
           I  **    *      *                   *****   ***       **  *   I
           I  **    *      **                  *****   ***       **  *   I
           I ***    *      ***      *         ******  T***       **  *   I
      -1.03I ***    *      ***      *         ******  T***       **  *   I     -1.03
           I ***    *      ***      *         ******S T***       **  *   I
           I ***    *     ****      **        ******S*T***       ** **   I
           I ***    *     ****      **        ******S*T***       ******  I
      -2.26I ***    **    ****      **        ******S*T***      T******  I     -2.26
           I****    **    *****     **       *******S*T***      T******  I
           I****    **    *****     **     *********S*T***      T******  I
           I****    **    *****     ***    *********S*T****     T******  I
      -3.48I****   ***    *****    ****   S*********S*T****     T******  I     -3.48
           I*****  ***    *****    ****   S*********S*T****  *S*T******  I
           I*****  ***    *****    ****   S*********S*T****  *S*T******  I
           I*****  ***    *****    ****   S*********S*T****  *S*T******  I
      -4.71I*****  ***    *****    ***** *S*********S*T*******S*T******  I     -4.71
           I*****  ***    *****    ***** *S*********S*T*******S*T******  I
           I*****  ***    *****    *******S*********S*T*******S*T******  I
           I*****  ***    *****    *******S*********S*T*******S*T******  I
      -5.94I**********    *****    *******S*********S*T*******S*T******  I     -5.94
           I**********    ******   *******S*********S*T*******S*T******  I
           I**********    ******   *******S*********S*T*******S*T******* I
           I**********    ******  ********S*********S*T*******S*T******* I
      -7.17I**********   *******  ********S*********S*T*******S*T******* I     -7.17
           I**********S  *******  ********S*********S*T*******S*T******* I
           I**********S  *******  ********S*********S*T*******S*T*******SI
           I**********S  *******  ********S*********S*T*******S*T*******SI
      -8.40I**********S  *******S ********S*********S*T*******S*T*******SI     -8.40
           I**********S  *******S*********S*********S*T*******S*T*******SI
           I**********S  *******S*********S*********S*T*******S*T*******SI
           I**********S  *******S*********S*********S*T*******S*T*******SI
      -9.63I**********S*********S*********S*********S*T*******S*T*******SI     -9.63
 ++++++++++I+++++++++++++++++++++++++++++++++++++++++++++++++++++++++++++I
            S=SEASONAL FREQUENCIES, T=TRADING DAY FREQUENCIES
        ces_hours 25980            PAGE  22, SERIES ces_hours_log_ad
 G 2  10*LOG(SPECTRUM) of the Modified Irregular (Table E3).  
      Spectrum estimated from 2009.Jan to 2016.Dec.
 ++++++++++I+++++++++++++++++++++++++++++++++++++++++++++++++++++++++++++I
       1.88I                                     *                       I      1.88
           I                                    **                       I
           I               *                    **                       I
           I               *                    **                       I
       0.04I               *                    **                       I      0.04
           I               *                    **                       I
           I               *                    **      *                I
           I               *                    **      *                I
      -1.81I               *                   ****     *                I     -1.81
           I               *        *          ****     *                I
           I               * *      *          ****     *        *       I
           I               ****     **         ****     *        *       I
      -3.66I               ****     **         ****     *        **      I     -3.66
           I              *****     **         ****    **        **  *   I
           I              *****    ***         *****   **        **  *   I
           I    *         *****    ****       ******   ***       **  *   I
      -5.50I    *         *****    ****       ******   ***       **  *   I     -5.50
           I    *         *****    ****       ******S T***       **  *   I
           I    *         *****    ****   S* *******S*T***       **  *   I
           I    *         *****    *****  S*********S*T***       **  *   I
      -7.35I    *         ******   ***** *S*********S*T***       ** **   I     -7.35
           I    *         ******  ********S*********S*T***       ******  I
           I    *         ******  ********S*********S*T***      T******  I
           I    *         ******  ********S*********S*T****     T******  I
      -9.20I    *    *    ******  ********S*********S*T****  *S T******  I     -9.20
           I    *    *    ******S ********S*********S*T****  *S*T******  I
           I    *    *    ******S*********S*********S*T*******S*T******  I
           I    *    *   *******S*********S*********S*T*******S*T******  I
     -11.04I    *    *   *******S*********S*********S*T*******S*T******  I    -11.04
           I    *   **S  *******S*********S*********S*T*******S*T******  I
           I    *   **S  *******S*********S*********S*T*******S*T******  I
           I   ***  **S  *******S*********S*********S*T*******S*T******* I
     -12.89I   ***  **S  *******S*********S*********S*T*******S*T******* I    -12.89
           I   ***  **S*********S*********S*********S*T*******S*T******* I
           I   ***  **S*********S*********S*********S*T*******S*T*******SI
           I   *** ***S*********S*********S*********S*T*******S*T*******SI
     -14.74I   *******S*********S*********S*********S*T*******S*T*******SI    -14.74
           I   *******S*********S*********S*********S*T*******S*T*******SI
           I   *******S*********S*********S*********S*T*******S*T*******SI
           I   *******S*********S*********S*********S*T*******S*T*******SI
     -16.58I   *******S*********S*********S*********S*T*******S*T*******SI    -16.58
           I   *******S*********S*********S*********S*T*******S*T*******SI
           I   *******S*********S*********S*********S*T*******S*T*******SI
           I   *******S*********S*********S*********S*T*******S*T*******SI
     -18.43I  ********S*********S*********S*********S*T*******S*T*******SI    -18.43
           I  ********S*********S*********S*********S*T*******S*T*******SI
           I  ********S*********S*********S*********S*T*******S*T*******SI
           I  ********S*********S*********S*********S*T*******S*T*******SI
     -20.28I  ********S*********S*********S*********S*T*******S*T*******SI    -20.28
           I  ********S*********S*********S*********S*T*******S*T*******SI
           I  ********S*********S*********S*********S*T*******S*T*******SI
           I *********S*********S*********S*********S*T*******S*T*******SI
     -22.13I**********S*********S*********S*********S*T*******S*T*******SI    -22.13
 ++++++++++I+++++++++++++++++++++++++++++++++++++++++++++++++++++++++++++I
            S=SEASONAL FREQUENCIES, T=TRADING DAY FREQUENCIES
        ces_hours 25980            PAGE  23, SERIES ces_hours_log_ad

  Peak probabilities for Tukey spectrum estimator
  Spectrum estimated from 2009.Jan to 2016.Dec.

                                          S1       S2       S3       S4       S5       S6       TD
                                        ------   ------   ------   ------   ------   ------   ------
  Model Residuals                        0.688    0.766    0.485    0.568    0.893    0.586    0.765  
  Original Series (Table A1 or B1)       0.157    0.391    0.161    0.916*   0.987*   0.632    0.470  
  Seasonally adjusted series (E2)        0.004    0.037    0.346    0.222    0.299    0.054    0.294  
  Modified Irregular (E3)                0.052    0.039    0.314    0.214    0.322    0.056    0.293  
  ----------
     ** - Peak Probability > 0.99,
      * - 0.90 < Peak Probability < 0.99


