  Reading input spec file from D:\Programming\Dynamic Paper-dlrhcs_replication\outputs\empirical\unemployment\raw_sa_pilot\x13_work\ces_hours_log_additive_21140_200701_201612.spc

1

               U. S. Department of Commerce, U. S. Census Bureau

              X-13ARIMA-SEATS monthly seasonal adjustment Method,
                          Release Version 1.1 Build 62


           This software application provides an enhanced version of
             Statistics Canada's X-11-ARIMA extension (Dagum, 1980)
                 of the X-11 variant of the Census Method II of
                      Shiskin, Young and Musgrave (1967).

            It also provides an ARIMA model-based method following
       Hillmer and Tiao (1982) and Burman (1980) that is very similar
       to the update of the method of SEATS (Gomez and Maravall, 1996)
                produced at the Bank of Spain by G. Caporello and
               A. Maravall for TSW (Caporello and Maravall, 2004).
          The present application includes additional enhancements.

         X-13ARIMA-SEATS includes an automatic ARIMA model selection procedure
          based largely on the procedure of Gomez and Maravall (1998)
            as implemented in TRAMO (1996) and subsequent revisions.

              Primary Programmers: Brian Monsell, Mark Otto and,
                 for the ARIMA model-based signal extraction,
                      Gianluca Caporello and Victor Gomez


     Series Title- ces_hours 21140
     Series Name- ces_hours_log_ad
     Jul 29, 2026  08.40.14 

        -Period covered-  1st month,2007 to 12th month,2016
        -Type of run - additive seasonal adjustment

        -Sigma limits for graduating extreme values are  1.5 and  2.5 .
        -3x3 moving average used in section 1 of each iteration, 
         3x5 moving average in section 2 of iterations B and C,
         moving average for final seasonal factors chosen by Global MSR.
        -Holiday adjustment factors applied directly to the final seasonally adjusted series
        -Spectral plots generated for selected series
        -Spectral plots generated for series starting in 2009.Jan

 FILE SAVE REQUESTS (* indicates file exists and will be overwritten)
  D:\Programming\Dynamic Paper-dlrhcs_replication\outputs\empirical\unemployment\raw_sa_pilot\x13_work\ces_hours_log_additive_21140_200701_201612.d10  final seasonal factors
  D:\Programming\Dynamic Paper-dlrhcs_replication\outputs\empirical\unemployment\raw_sa_pilot\x13_work\ces_hours_log_additive_21140_200701_201612.d11  final seasonally adjusted data
  D:\Programming\Dynamic Paper-dlrhcs_replication\outputs\empirical\unemployment\raw_sa_pilot\x13_work\ces_hours_log_additive_21140_200701_201612.out  program output file
  D:\Programming\Dynamic Paper-dlrhcs_replication\outputs\empirical\unemployment\raw_sa_pilot\x13_work\ces_hours_log_additive_21140_200701_201612.err  program error file
        ces_hours 21140            PAGE   1, SERIES ces_hours_log_ad

     Contents of spc file D:\Programming\Dynamic Paper-dlrhcs_replication\outputs\empirical\unemployment\raw_sa_pilot\x13_work\ces_hours_log_additive_21140_200701_201612.spc

 Line #
 ------
      1: series {
      2:   title = "ces_hours 21140"
      3:   start = 2007.1
      4:   period = 12
      5:   data = (
      6: 36.7
      7: 35.6
      8: 37.4
      9: 37.2
     10: 37.7
     11: 38.1
     12: 36.8
     13: 37.8
     14: 37.6
     15: 37
     16: 36.9
     17: 36.4
     18: 36.6
     19: 36.1
     20: 37.1
     21: 36.9
     22: 36.7
     23: 36.2
     24: 34.2
     25: 35.9
     26: 34.9
     27: 35.8
     28: 35.6
     29: 34.6
     30: 33.9
     31: 33.9
     32: 34.6
     33: 34.9
     34: 35.6
     35: 35.8
     36: 35.7
     37: 36.3
     38: 35.2
     39: 35.6
     40: 35.7
     41: 36.3
     42: 37.4
     43: 37.6
     44: 38.1
     45: 38.4
     46: 37.9
     47: 38.8
     48: 38.7
     49: 36.5
     50: 35.8
     51: 35.5
     52: 36
     53: 35.1
     54: 35.2
     55: 35.2
     56: 35.7
     57: 35.4
     58: 35.8
     59: 35.6
     60: 35.7
     61: 36.5
     62: 36.3
     63: 36.7
     64: 36.6
     65: 36.6
     66: 37
     67: 37.2
     68: 37.8
     69: 37.8
     70: 37.8
     71: 38.8
     72: 37.8
     73: 37.4
     74: 37.2
     75: 37.1
     76: 37
     77: 36.3
     78: 36.6
     79: 36.8
     80: 37.8
     81: 38.1
     82: 37.2
     83: 37.4
     84: 35.9
     85: 36.1
     86: 35.8
     87: 36.9
     88: 37.1
     89: 38.1
     90: 36.3
     91: 36.9
     92: 37.3
     93: 36.9
     94: 38.5
     95: 37.7
     96: 35.7
     97: 36.9
     98: 36.3
     99: 36.3
    100: 37.1
    101: 37.5
    102: 37.2
    103: 36.9
    104: 37.6
    105: 36.9
    106: 35.2
    107: 35.8
    108: 35.9
    109: 36.2
    110: 35.5
    111: 35.9
    112: 36.3
    113: 36.6
    114: 36.7
    115: 35.5
    116: 35.6
    117: 35.8
    118: 35.8
    119: 36.1
    120: 36.7
    121: 37
    122: 37.1
    123: 37.2
    124: 36.6
    125: 35.3
    126:   )
    127: }
    128: transform { function = log }
    129: regression { aictest = (td easter) }
    130: automdl {}
    131: x11 { mode = add save = (d10 d11) }
        ces_hours 21140            PAGE   2, SERIES ces_hours_log_ad

 A 1  Time series data (for the span analyzed)
  From  2007.Jan to 2016.Dec
  Observations        120
 -----------------------------------------------------------------------------
               Jan      Feb      Mar      Apr      May      Jun 
               Jul      Aug      Sep      Oct      Nov      Dec        TOTAL  
 -----------------------------------------------------------------------------
  2007          37.      36.      37.      37.      38.      38.
                37.      38.      38.      37.      37.      36.          445.
 
  2008          37.      36.      37.      37.      37.      36.
                34.      36.      35.      36.      36.      35.          431.
 
  2009          34.      34.      35.      35.      36.      36.
                36.      36.      35.      36.      36.      36.          424.
 
  2010          37.      38.      38.      38.      38.      39.
                39.      37.      36.      36.      36.      35.          446.
 
  2011          35.      35.      36.      35.      36.      36.
                36.      37.      36.      37.      37.      37.          431.
 
  2012          37.      37.      38.      38.      38.      39.
                38.      37.      37.      37.      37.      36.          449.
 
  2013          37.      37.      38.      38.      37.      37.
                36.      36.      36.      37.      37.      38.          444.
 
  2014          36.      37.      37.      37.      39.      38.
                36.      37.      36.      36.      37.      38.          443.
 
  2015          37.      37.      38.      37.      35.      36.
                36.      36.      36.      36.      36.      37.          436.
 
  2016          37.      36.      36.      36.      36.      36.
                37.      37.      37.      37.      37.      35.          435.
 
  AVGE          36.      36.      37.      37.      37.      37.
                36.      37.      36.      36.      36.      36.

  Table Total-        4384.   Mean-        37.   Std. Dev.-         1.
                              Min -        34.        Max -        39.
        ces_hours 21140            PAGE   3, SERIES ces_hours_log_ad
                        Automatic ARIMA Model Selection

                    Procedure based closely on TRAMO method 
                         of Gomez and Maravall (2000)
              "Automatic Modeling Methods for Univariate Series",
                            A Course in Time Series
                  (Edited by D. Pena, G. C. Tiao, R. S. Tsay),
                         New York : J. Wiley and Sons


     Maximum order for regular ARMA parameters :   2
     Maximum order for seasonal ARMA parameters :   1
     Maximum order for regular differencing :   2
     Maximum order for seasonal differencing :   1

   Results of Unit Root Test for identifying orders of differencing:
     Regular difference order :   0
     Seasonal difference order :   0

  Automatic model choice : (1 0 1)


  Final Checks for Identified Model


  Checking for Unit Roots.
   No unit roots found.
   Nonseasonal MA not within  0.001 of 1.0 - model passes test.

  Checking for insignificant ARMA coefficients.

  Final automatic model choice : (1 0 1)
   End of automatic model selection procedure.

 Average absolute percentage error in within-sample forecasts:
  Last year:   1.67      Last-1 year:   1.54     Last-2 year:   1.76
  Last three years:    1.66

 Estimation converged in    7 ARMA iterations,   36 function evaluations.

 Regression Model
 ------------------------------------------------------------------------------
                             Parameter        Standard
 Variable                     Estimate           Error      t-value
 ------------------------------------------------------------------------------
 Constant                       3.5971         0.00688       522.69
 ------------------------------------------------------------------------------


 ARIMA Model:  (1 0 1)
                                              Standard
 Parameter                    Estimate          Errors
 -----------------------------------------------------
 Nonseasonal AR                                    
   Lag  1                       0.7860         0.07641

 Nonseasonal MA                                    
   Lag  1                       0.1261         0.12402

 Variance                       0.36091E-03
 SE of Var                      0.46593E-04
 -----------------------------------------------------

 Likelihood Statistics
 ------------------------------------------------------------------
 Number of observations (nobs)                                  120
 Effective number of observations (nefobs)                      120
 Number of parameters estimated (np)                              4
 Log likelihood                                            304.9555
 Transformation Adjustment                                -431.7458
 Adjusted Log likelihood (L)                              -126.7903
 AIC                                                       261.5806 
 AICC (F-corrected-AIC)                                    261.9284 
 Hannan Quinn                                              266.1086 
 BIC                                                       272.7305 
 ------------------------------------------------------------------

 QS Statistic for regARIMA Model Residuals (full series):             1.59
                                                       (P-Value =     0.4522)

 QS Statistic for regARIMA Model Residuals (starting 2009.Jan):       0.00
                                                       (P-Value =     1.0000)


  At least one visually significant residual trading day peaks has been
  found in the spectral plot of the following series starting in 2009.Jan:

          regARIMA model residuals (1 Trading Day peak(s))




      10*LOG(SPECTRUM) of the regARIMA model residuals
      Spectrum estimated from 2009.Jan to 2016.Dec.
 ++++++++++I+++++++++++++++++++++++++++++++++++++++++++++++++++++++++++++I
     -29.22I     *                                                       I    -29.22
           I     *                                                       I
           I     *                                                       I
           I     *                                                       I
     -30.12I     *                                                       I    -30.12
           I     *     *                                                 I
           I     *     *             *                                   I
           I     *     *             *           *                       I
     -31.02I     *     *             *           *                       I    -31.02
           I     *     *             *           *        *              I
           I     *     *             *           *        *   S          I
           I     *     *      *      *           *        *   S          I
     -31.92I     *     **     *      *           *        *   S          I    -31.92
           I     *     **     *      *           *        *   S          I
           I     *     ***    *      *           *        *   S          I
           I     *     ***    *      *           *        *   S          I
     -32.81I     *     ***    *      *           *        *   S          I    -32.81
           I     *     ***    *      *           *    T  **   S          I
           I     *     ***    *      *           *    T  **   S          I
           I     *     ***    *      *           *    T  **   S          I
     -33.71I     *     ***    *      *     *     *    T  **   S          I    -33.71
           I     *    S***    **     **    *     **   T  **   S          I
           I     **   S****   **     **    *     **   T  **   S          I
           I     **   S****   **     **    *     **   T  **   S          I
     -34.61I    ***   S****   **     **    *     **   T  **  *S          I    -34.61
           I    ***   S****   **     **    *     **   T  **  *S         SI
           I    ***   S****   **     **    *     **   T  **  *S         SI
           I    ***   S****  ***     **    *    ***   T  **  *S        *SI
     -35.50I    ***   S****  ***     **    *    ***   T* **  *S        *SI    -35.50
           I    ***   S****  ***     **    *    ***   T* **  *S    *   *SI
           I    ***   S****  ***     **    **   ***   T* **  *S    *   *SI
           I    ***   S****  ***     **    **   ***  *T* **  *S    *   *SI
     -36.40I    ***   S****  ***    ***   S**   ***  *T* **  *S    *   *SI    -36.40
           I    ***   S***** ***S   ***   S**   ***  *T***** *S    *  **SI
           I    ***   S***** ***S   ***   S**   ***  *T***** *S    *  **SI
           I    ***   S***** ***S   ***   S**   ***  *T***** *S    *  **SI
     -37.30I   ****   S*********S   ***   S**   ***  *T***** *S*   *  **SI    -37.30
           I   ****   S*********S   ***   S*** ****  *T***** *S*  *** **SI
           I   ****   S*********S*  ***   S*** ***** *T*******S*  *** **SI
           I   ****   S*********S*  ***   S********* *T*******S*  ******SI
     -38.20I   ****  *S*********S*  ***   S*********S*T*******S*  ******SI    -38.20
           I  *****  *S*********S******   S*********S*T*******S*  ******SI
           I  ****** *S*********S******   S*********S*T*******S*  ******SI
           I  ****** *S*********S******   S*********S*T*******S*  ******SI
     -39.09I ******* *S*********S******   S*********S*T*******S*  ******SI    -39.09
           I******** *S*********S*******  S*********S*T*******S*  ******SI
           I******** *S*********S*******  S*********S*T*******S*  ******SI
           I**********S*********S*******  S*********S*T*******S*  ******SI
     -39.99I**********S*********S******* *S*********S*T*******S*  ******SI    -39.99
           I**********S*********S******* *S*********S*T*******S*  ******SI
           I**********S*********S******* *S*********S*T*******S*  ******SI
           I**********S*********S******* *S*********S*T*******S*T*******SI
     -40.89I**********S*********S*********S*********S*T*******S*T*******SI    -40.89
 ++++++++++I+++++++++++++++++++++++++++++++++++++++++++++++++++++++++++++I
            S=SEASONAL FREQUENCIES, T=TRADING DAY FREQUENCIES


 FORECASTING
  Origin  2016.Dec
  Number        12

  Forecasts and Standard Errors of the Transformed Data
   ------------------------------
                         Standard
       Date   Forecast      Error
   ------------------------------
   2017.Jan       3.58      0.019
   2017.Feb       3.58      0.023
   2017.Mar       3.58      0.025
   2017.Apr       3.59      0.026
   2017.May       3.59      0.027
   2017.Jun       3.59      0.028
   2017.Jul       3.59      0.028
   2017.Aug       3.59      0.028
   2017.Sep       3.59      0.028
   2017.Oct       3.59      0.028
   2017.Nov       3.60      0.028
   2017.Dec       3.60      0.029
   ------------------------------

  Confidence intervals with coverage probability ( 0.95000
  On the Original Scale
   ---------------------------------------
       Date      Lower  Forecast     Upper
   ---------------------------------------
   2017.Jan      34.41     35.72     37.08
   2017.Feb      34.31     35.88     37.53
   2017.Mar      34.29     36.01     37.83
   2017.Apr      34.30     36.11     38.03
   2017.May      34.32     36.20     38.17
   2017.Jun      34.35     36.26     38.28
   2017.Jul      34.37     36.31     38.35
   2017.Aug      34.40     36.35     38.41
   2017.Sep      34.42     36.38     38.45
   2017.Oct      34.43     36.40     38.49
   2017.Nov      34.45     36.42     38.51
   2017.Dec      34.46     36.44     38.53
   ---------------------------------------
        ces_hours 21140            PAGE   4, SERIES ces_hours_log_ad

 B 1  Original series (prior adjusted)
  From  2007.Jan to 2016.Dec
  Observations        120
 -----------------------------------------------------------------------------
               Jan      Feb      Mar      Apr      May      Jun 
               Jul      Aug      Sep      Oct      Nov      Dec        TOTAL  
 -----------------------------------------------------------------------------
  2007          37.      36.      37.      37.      38.      38.
                37.      38.      38.      37.      37.      36.          445.
 
  2008          37.      36.      37.      37.      37.      36.
                34.      36.      35.      36.      36.      35.          431.
 
  2009          34.      34.      35.      35.      36.      36.
                36.      36.      35.      36.      36.      36.          424.
 
  2010          37.      38.      38.      38.      38.      39.
                39.      37.      36.      36.      36.      35.          446.
 
  2011          35.      35.      36.      35.      36.      36.
                36.      37.      36.      37.      37.      37.          431.
 
  2012          37.      37.      38.      38.      38.      39.
                38.      37.      37.      37.      37.      36.          449.
 
  2013          37.      37.      38.      38.      37.      37.
                36.      36.      36.      37.      37.      38.          444.
 
  2014          36.      37.      37.      37.      39.      38.
                36.      37.      36.      36.      37.      38.          443.
 
  2015          37.      37.      38.      37.      35.      36.
                36.      36.      36.      36.      36.      37.          436.
 
  2016          37.      36.      36.      36.      36.      36.
                37.      37.      37.      37.      37.      35.          435.
 
  AVGE          36.      36.      37.      37.      37.      37.
                36.      37.      36.      36.      36.      36.

  Table Total-        4384.   Mean-        37.   Std. Dev.-         1.
                              Min -        34.        Max -        39.

 B 1.A  Forecasts of (prior adjusted) original series
  From  2017.Jan to 2017.Dec
  Observations         12
 -----------------------------------------------------------------------------
               Jan      Feb      Mar      Apr      May      Jun 
               Jul      Aug      Sep      Oct      Nov      Dec        TOTAL  
 -----------------------------------------------------------------------------
  2017          36.      36.      36.      36.      36.      36.
                36.      36.      36.      36.      36.      36.          434.
 
        ces_hours 21140            PAGE   5, SERIES ces_hours_log_ad

 C 17  Final weights for irregular component
  From  2007.Jan to 2016.Dec
  Observations        120
  Lower sigma limit    1.50
  Upper sigma limit    2.50
 -----------------------------------------------------------------------------
               Jan      Feb      Mar      Apr      May      Jun 
               Jul      Aug      Sep      Oct      Nov      Dec         S.D.  
 -----------------------------------------------------------------------------
  2007         100.      43.     100.     100.     100.     100.
               100.     100.       0.     100.     100.     100.           33.
 
  2008         100.     100.     100.     100.     100.     100.
                 0.     100.     100.       0.      95.     100.           33.
 
  2009          85.     100.     100.     100.     100.     100.
               100.     100.     100.     100.      37.     100.           33.
 
  2010         100.     100.     100.     100.      91.     100.
                 0.       6.     100.     100.     100.     100.           29.
 
  2011         100.     100.     100.     100.     100.      27.
               100.     100.     100.     100.     100.     100.           31.
 
  2012         100.     100.     100.     100.     100.     100.
               100.     100.     100.     100.     100.     100.           34.
 
  2013         100.     100.     100.       0.     100.     100.
               100.     100.     100.     100.     100.       0.           32.
 
  2014         100.     100.     100.     100.       0.     100.
                 0.     100.     100.     100.     100.     100.           35.
 
  2015         100.     100.     100.     100.       0.      96.
               100.     100.     100.     100.     100.     100.           34.
 
  2016           0.     100.     100.     100.     100.     100.
               100.     100.      95.      71.     100.       0.           34.
 
        ces_hours 21140            PAGE   6, SERIES ces_hours_log_ad

 D 8  Final unmodified SI ratios
  From  2007.Jan to 2016.Dec
  Observations        120
 -----------------------------------------------------------------------------
               Jan      Feb      Mar      Apr      May      Jun 
               Jul      Aug      Sep      Oct      Nov      Dec         AVGE  
 -----------------------------------------------------------------------------
  2007          -0.      -1.       0.       0.       1.       1.
                -0.       1.       0.      -0.      -0.      -1.            0.
 
  2008          -0.      -1.       0.       1.       1.       0.
                -1.       0.      -1.       0.       0.      -0.            0.
 
  2009          -1.      -1.       0.       0.       1.       1.
                 0.       1.      -1.      -1.      -1.      -1.           -0.
 
  2010           0.      -0.       0.       0.       0.       1.
                 1.      -0.      -1.      -1.       0.      -1.            0.
 
  2011          -0.      -0.       0.       0.       0.       0.
                -0.       0.      -0.      -0.      -0.      -1.           -0.
 
  2012          -0.      -0.       0.       0.       0.       1.
                 0.      -0.      -0.      -0.      -0.      -1.           -0.
 
  2013          -0.      -0.       1.       1.       0.       1.
                -1.      -0.      -1.       0.       0.       1.            0.
 
  2014          -1.       0.       0.      -0.       1.       1.
                -1.      -0.      -1.      -1.       0.       0.            0.
 
  2015           0.      -0.       1.       0.      -1.      -0.
                -0.       0.      -0.      -0.       0.       1.           -0.
 
  2016           1.      -0.      -0.      -0.      -0.      -0.
                 0.       0.       0.       1.       0.      -1.            0.
 
  AVGE          -0.      -0.       0.       0.       0.       0.
                -0.       0.      -0.      -0.      -0.      -0.

  Table Total-           2.   Mean-         0.   Std. Dev.-         1.
                              Min -        -1.        Max -         1.
        ces_hours 21140            PAGE   7, SERIES ces_hours_log_ad

 D 8.B  Final unmodified SI ratios, with labels for outliers and extreme values
  From  2007.Jan to 2016.Dec
  Observations        120
 ---------------------------------------------------------------------
               Jan       Feb       Mar       Apr       May       Jun  
               Jul       Aug       Sep       Oct       Nov       Dec  
 ---------------------------------------------------------------------
  2007         -0.       -1.*       0.        0.        1.        1.  
               -0.        1.        0.*      -0.       -0.       -1.  
 
  2008         -0.       -1.        0.        1.        1.        0.  
               -1.*       0.       -1.        0.*       0.*      -0.  
 
  2009         -1.*      -1.        0.        0.        1.        1.  
                0.        1.       -1.       -1.       -1.*      -1.  
 
  2010          0.       -0.        0.        0.        0.*       1.  
                1.*      -0.*      -1.       -1.        0.       -1.  
 
  2011         -0.       -0.        0.        0.        0.        0.* 
               -0.        0.       -0.       -0.       -0.       -1.  
 
  2012         -0.       -0.        0.        0.        0.        1.  
                0.       -0.       -0.       -0.       -0.       -1.  
 
  2013         -0.       -0.        1.        1.*       0.        1.  
               -1.       -0.       -1.        0.        0.        1.* 
 
  2014         -1.        0.        0.       -0.        1.*       1.  
               -1.*      -0.       -1.       -1.        0.        0.  
 
  2015          0.       -0.        1.        0.       -1.*      -0.* 
               -0.        0.       -0.       -0.        0.        1.  
 
  2016          1.*      -0.       -0.       -0.       -0.       -0.  
                0.        0.        0.*       1.*       0.       -1.* 
 

  Key to symbols:
    *  : extreme value as determined by X-11 extreme value procedure
 
        ces_hours 21140            PAGE   8, SERIES ces_hours_log_ad

 D 9  Final replacement values for SI ratios
  From  2007.Jan to 2016.Dec
  Observations        120
 ---------------------------------------------------------------
               Jan      Feb      Mar      Apr      May      Jun 
               Jul      Aug      Sep      Oct      Nov      Dec 
 ---------------------------------------------------------------
  2007     ********      -1. ******** ******** ******** ********
           ******** ********      -1. ******** ******** ********
 
  2008     ******** ******** ******** ******** ******** ********
                -0. ******** ********      -0.       0. ********
 
  2009          -1. ******** ******** ******** ******** ********
           ******** ******** ******** ********      -0. ********
 
  2010     ******** ******** ******** ********       0. ********
                 0.       0. ******** ******** ******** ********
 
  2011     ******** ******** ******** ******** ********       1.
           ******** ******** ******** ******** ******** ********
 
  2012     ******** ******** ******** ******** ******** ********
           ******** ******** ******** ******** ******** ********
 
  2013     ******** ******** ********       0. ******** ********
           ******** ******** ******** ******** ********       0.
 
  2014     ******** ******** ******** ********       0. ********
                -0. ******** ******** ******** ******** ********
 
  2015     ******** ******** ******** ********      -0.      -0.
           ******** ******** ******** ******** ******** ********
 
  2016          -0. ******** ******** ******** ******** ********
           ******** ********       0.       0. ********       0.
 

 D 9.A  Moving seasonality ratio
 ---------------------------------------------------------------
               Jan      Feb      Mar      Apr      May      Jun 
 ---------------------------------------------------------------
   I          0.295    0.171    0.286    0.216    0.260    0.463
   S          0.037    0.067    0.026    0.036    0.075    0.100
 RATIO        7.891    2.551   10.956    5.914    3.463    4.622



 ---------------------------------------------------------------
               Jul      Aug      Sep      Oct      Nov      Dec 
 ---------------------------------------------------------------
   I          0.293    0.242    0.277    0.392    0.402    0.276
   S          0.026    0.073    0.045    0.061    0.050    0.127
 RATIO       11.237    3.323    6.170    6.407    7.966    2.177



        ces_hours 21140            PAGE   9, SERIES ces_hours_log_ad

 D 10  Final seasonal factors
  From  2007.Jan to 2016.Dec
  Observations        120
  Seasonal filter    3 x 5 moving average
 -----------------------------------------------------------------------------
               Jan      Feb      Mar      Apr      May      Jun 
               Jul      Aug      Sep      Oct      Nov      Dec         AVGE  
 -----------------------------------------------------------------------------
  2007          -0.      -1.       0.       0.       1.       1.
                -0.       1.      -1.      -0.      -0.      -1.           -0.
 
  2008          -0.      -1.       0.       0.       1.       1.
                -0.       0.      -1.      -0.      -0.      -1.           -0.
 
  2009          -0.      -0.       0.       0.       0.       1.
                -0.       0.      -1.      -0.      -0.      -1.           -0.
 
  2010          -0.      -0.       0.       0.       0.       1.
                -0.       0.      -1.      -0.      -0.      -1.           -0.
 
  2011          -0.      -0.       0.       0.       0.       1.
                -0.       0.      -1.      -0.      -0.      -0.            0.
 
  2012          -0.      -0.       0.       0.       0.       1.
                -0.      -0.      -1.      -0.      -0.      -0.            0.
 
  2013          -0.      -0.       1.       0.       0.       1.
                -0.      -0.      -0.      -0.       0.      -0.            0.
 
  2014          -0.      -0.       0.       0.       0.       0.
                -0.      -0.      -0.      -0.       0.       0.            0.
 
  2015          -0.      -0.       0.       0.      -0.       0.
                -0.      -0.      -0.      -0.       0.       0.            0.
 
  2016          -0.      -0.       0.      -0.      -0.      -0.
                -0.       0.      -0.       0.       0.       0.            0.
 
  AVGE          -0.      -0.       0.       0.       0.       1.
                -0.       0.      -0.      -0.       0.      -0.

  Table Total-           1.   Mean-         0.   Std. Dev.-         0.
                              Min -        -1.        Max -         1.

 D 10.A  Final seasonal component forecasts
  From  2017.Jan to 2017.Dec
  Observations         12
 -----------------------------------------------------------------------------
               Jan      Feb      Mar      Apr      May      Jun 
               Jul      Aug      Sep      Oct      Nov      Dec         AVGE  
 -----------------------------------------------------------------------------
  2017          -0.      -0.       0.      -0.      -0.      -0.
                -0.       0.      -0.       0.       0.       0.            0.
 
        ces_hours 21140            PAGE  10, SERIES ces_hours_log_ad

 D 11  Final seasonally adjusted data
  From  2007.Jan to 2016.Dec
  Observations        120
 -----------------------------------------------------------------------------
               Jan      Feb      Mar      Apr      May      Jun 
               Jul      Aug      Sep      Oct      Nov      Dec        TOTAL  
 -----------------------------------------------------------------------------
  2007          37.      36.      37.      37.      37.      37.
                37.      37.      38.      37.      37.      37.          445.
 
  2008          37.      37.      37.      37.      36.      35.
                34.      35.      35.      36.      36.      35.          431.
 
  2009          34.      34.      34.      35.      35.      35.
                36.      36.      36.      36.      36.      37.          424.
 
  2010          38.      38.      38.      38.      37.      38.
                39.      36.      36.      36.      36.      36.          446.
 
  2011          35.      35.      35.      35.      35.      35.
                36.      36.      37.      37.      37.      37.          431.
 
  2012          37.      37.      37.      38.      38.      38.
                38.      37.      38.      37.      37.      37.          449.
 
  2013          37.      37.      37.      38.      37.      37.
                36.      36.      36.      37.      37.      38.          444.
 
  2014          37.      37.      37.      37.      38.      37.
                36.      37.      37.      36.      37.      37.          443.
 
  2015          37.      37.      37.      37.      35.      36.
                36.      36.      36.      36.      36.      36.          436.
 
  2016          37.      36.      35.      36.      36.      36.
                37.      37.      37.      37.      36.      35.          435.
 
  AVGE          37.      36.      37.      37.      37.      36.
                36.      36.      37.      37.      36.      36.

  Table Total-        4383.   Mean-        37.   Std. Dev.-         1.
                              Min -        34.        Max -        39.
        ces_hours 21140            PAGE  11, SERIES ces_hours_log_ad

 D 12  Final trend cycle
  From  2007.Jan to 2016.Dec
  Observations        120
  Trend filter    13-term Henderson moving average
  I/C ratio        1.56
 -----------------------------------------------------------------------------
               Jan      Feb      Mar      Apr      May      Jun 
               Jul      Aug      Sep      Oct      Nov      Dec        TOTAL  
 -----------------------------------------------------------------------------
  2007          37.      37.      37.      37.      37.      37.
                37.      37.      37.      37.      37.      37.          445.
 
  2008          37.      37.      37.      36.      36.      36.
                36.      36.      35.      35.      35.      35.          430.
 
  2009          35.      34.      34.      35.      35.      35.
                35.      36.      36.      36.      37.      37.          425.
 
  2010          37.      38.      38.      38.      38.      38.
                37.      37.      37.      36.      36.      36.          445.
 
  2011          35.      35.      35.      35.      35.      36.
                36.      36.      37.      37.      37.      37.          432.
 
  2012          37.      37.      37.      38.      38.      38.
                38.      38.      38.      37.      37.      37.          449.
 
  2013          37.      37.      37.      37.      37.      37.
                36.      36.      37.      37.      37.      37.          441.
 
  2014          37.      37.      37.      37.      37.      37.
                37.      37.      37.      37.      37.      37.          443.
 
  2015          37.      37.      37.      37.      36.      36.
                36.      36.      36.      36.      36.      36.          437.
 
  2016          36.      36.      36.      36.      36.      36.
                37.      37.      37.      37.      37.      36.          436.
 
  AVGE          37.      37.      37.      37.      37.      37.
                37.      37.      37.      37.      37.      36.

  Table Total-        4382.   Mean-        37.   Std. Dev.-         1.
                              Min -        34.        Max -        38.
        ces_hours 21140            PAGE  12, SERIES ces_hours_log_ad

 D 13  Final irregular component
  From  2007.Jan to 2016.Dec
  Observations        120
 -----------------------------------------------------------------------------
               Jan      Feb      Mar      Apr      May      Jun 
               Jul      Aug      Sep      Oct      Nov      Dec         S.D.  
 -----------------------------------------------------------------------------
  2007           0.      -1.       0.      -0.       0.       0.
                -0.       0.       1.       0.      -0.      -0.            0.
 
  2008          -0.      -0.       0.       0.       0.      -0.
                -1.      -0.       0.       1.       0.       0.            0.
 
  2009          -0.      -0.      -0.      -0.       0.      -0.
                 0.       0.      -0.      -0.      -1.      -0.            0.
 
  2010           0.       0.      -0.       0.      -0.       0.
                 1.      -1.      -0.      -0.       0.      -0.            1.
 
  2011           0.       0.       0.      -0.       0.      -1.
                -0.       0.       0.       0.      -0.      -0.            0.
 
  2012           0.       0.      -0.      -0.      -0.       0.
                 0.      -0.       0.       0.      -0.      -0.            0.
 
  2013          -0.      -0.       0.       1.       0.       0.
                -0.      -0.      -0.       0.       0.       1.            1.
 
  2014          -0.       0.      -0.      -0.       1.       0.
                -1.       0.      -0.      -0.       0.       0.            1.
 
  2015           0.      -0.       0.       0.      -1.      -1.
                 0.       0.      -0.      -0.       0.       0.            0.
 
  2016           1.      -0.      -0.       0.      -0.      -0.
                 0.       0.       0.       0.      -0.      -1.            1.
 
  S.D.           0.       0.       0.       0.       1.       0.
                 1.       0.       0.       0.       0.       1.

  Table Total-           1.   Mean-         0.   Std. Dev.-         0.
                              Min -        -1.        Max -         1.
        ces_hours 21140            PAGE  13, SERIES ces_hours_log_ad

 D 16  Combined adjustment factors
  From  2007.Jan to 2016.Dec
  Observations        120
 -----------------------------------------------------------------------------
               Jan      Feb      Mar      Apr      May      Jun 
               Jul      Aug      Sep      Oct      Nov      Dec         AVGE  
 -----------------------------------------------------------------------------
  2007          -0.      -1.       0.       0.       1.       1.
                -0.       1.      -1.      -0.      -0.      -1.           -0.
 
  2008          -0.      -1.       0.       0.       1.       1.
                -0.       0.      -1.      -0.      -0.      -1.           -0.
 
  2009          -0.      -0.       0.       0.       0.       1.
                -0.       0.      -1.      -0.      -0.      -1.           -0.
 
  2010          -0.      -0.       0.       0.       0.       1.
                -0.       0.      -1.      -0.      -0.      -1.           -0.
 
  2011          -0.      -0.       0.       0.       0.       1.
                -0.       0.      -1.      -0.      -0.      -0.            0.
 
  2012          -0.      -0.       0.       0.       0.       1.
                -0.      -0.      -1.      -0.      -0.      -0.            0.
 
  2013          -0.      -0.       1.       0.       0.       1.
                -0.      -0.      -0.      -0.       0.      -0.            0.
 
  2014          -0.      -0.       0.       0.       0.       0.
                -0.      -0.      -0.      -0.       0.       0.            0.
 
  2015          -0.      -0.       0.       0.      -0.       0.
                -0.      -0.      -0.      -0.       0.       0.            0.
 
  2016          -0.      -0.       0.      -0.      -0.      -0.
                -0.       0.      -0.       0.       0.       0.            0.
 
  AVGE          -0.      -0.       0.       0.       0.       1.
                -0.       0.      -0.      -0.       0.      -0.

  Table Total-           1.   Mean-         0.   Std. Dev.-         0.
                              Min -        -1.        Max -         1.

 D 16.A  Combined adjustment component forecasts
  From  2017.Jan to 2017.Dec
  Observations         12
 -----------------------------------------------------------------------------
               Jan      Feb      Mar      Apr      May      Jun 
               Jul      Aug      Sep      Oct      Nov      Dec         AVGE  
 -----------------------------------------------------------------------------
  2017          -0.      -0.       0.      -0.      -0.      -0.
                -0.       0.      -0.       0.       0.       0.            0.
 
        ces_hours 21140            PAGE  14, SERIES ces_hours_log_ad

 E 4  Differences of annual totals
  From          2007 to 2016
  Observations         10
 -----------------------------------
  Year       Unmodified     Modified
                  (D11)         (E2)
 -----------------------------------
  2007              -0.          -0.
 
  2008              -0.          -0.
 
  2009              -0.          -0.
 
  2010              -0.          -0.
 
  2011               0.           0.
 
  2012               0.           0.
 
  2013               0.           0.
 
  2014               0.           0.
 
  2015               0.           0.
 
  2016               0.           0.
 
        ces_hours 21140            PAGE  15, SERIES ces_hours_log_ad

 E 5  Month-to-month differences in the original series
  From  2007.Feb to 2016.Dec
  Observations        119
 -----------------------------------------------------------------------------
               Jan      Feb      Mar      Apr      May      Jun 
               Jul      Aug      Sep      Oct      Nov      Dec         AVGE  
 -----------------------------------------------------------------------------
  2007                   -1.       2.      -0.       1.       0.
                -1.       1.      -0.      -1.      -0.      -0.           -0.
 
  2008           0.      -0.       1.      -0.      -0.      -0.
                -2.       2.      -1.       1.      -0.      -1.           -0.
 
  2009          -1.       0.       1.       0.       1.       0.
                -0.       1.      -1.       0.       0.       1.            0.
 
  2010           1.       0.       1.       0.      -0.       1.
                -0.      -2.      -1.      -0.       1.      -1.           -0.
 
  2011           0.       0.       1.      -0.       0.      -0.
                 0.       1.      -0.       0.      -0.       0.            0.
 
  2012           0.       0.       1.       0.       0.       1.
                -1.      -0.      -0.      -0.      -0.      -1.           -0.
 
  2013           0.       0.       1.       0.      -1.       0.
                -1.       0.      -0.       1.       0.       1.            0.
 
  2014          -2.       1.       0.      -0.       2.      -1.
                -2.       1.      -1.       0.       1.       0.           -0.
 
  2015          -0.      -0.       1.      -1.      -2.       1.
                 0.       0.      -1.       0.       0.       0.           -0.
 
  2016           0.      -1.       0.       0.       0.       0.
                 1.       0.       0.       0.      -1.      -1.           -0.
 
  AVGE          -0.      -0.       1.      -0.      -0.       0.
                -1.       0.      -0.       0.       0.      -0.

  Table Total-          -1.   Mean-        -0.   Std. Dev.-         1.
                              Min -        -2.        Max -         2.
        ces_hours 21140            PAGE  16, SERIES ces_hours_log_ad

 E 6  Month-to-month differences in seasonally adjusted series (D11)
  From  2007.Feb to 2016.Dec
  Observations        119
 -----------------------------------------------------------------------------
               Jan      Feb      Mar      Apr      May      Jun 
               Jul      Aug      Sep      Oct      Nov      Dec         AVGE  
 -----------------------------------------------------------------------------
  2007                   -1.       1.      -0.       0.       0.
                -0.       0.       1.      -1.      -0.       0.           -0.
 
  2008          -0.      -0.       0.      -0.      -0.      -1.
                -1.       1.       0.       1.      -1.      -1.           -0.
 
  2009          -1.       0.      -0.       0.       1.      -0.
                 1.       0.      -0.       0.      -0.       1.            0.
 
  2010           1.       0.      -0.       0.      -1.       1.
                 1.      -3.       0.      -0.       0.      -0.           -0.
 
  2011          -0.      -0.      -0.      -0.       0.      -1.
                 1.       1.       0.       0.      -0.       0.            0.
 
  2012           0.       0.      -0.       0.      -0.       1.
                -0.      -1.       0.      -0.      -0.      -0.           -0.
 
  2013           0.       0.       0.       1.      -1.      -0.
                -1.       0.       0.       1.      -0.       1.            0.
 
  2014          -2.       0.      -0.      -0.       2.      -1.
                -1.       1.      -0.      -0.       1.       0.           -0.
 
  2015           0.      -0.       0.      -0.      -2.       0.
                 0.       0.      -0.       0.       0.       0.           -0.
 
  2016           1.      -1.      -0.       0.       0.       0.
                 1.       0.       0.      -0.      -1.      -1.           -0.
 
  AVGE          -0.      -0.       0.       0.      -0.      -0.
                -0.       0.       0.      -0.      -0.       0.

  Table Total-          -2.   Mean-        -0.   Std. Dev.-         1.
                              Min -        -3.        Max -         2.
        ces_hours 21140            PAGE  17, SERIES ces_hours_log_ad

 E 7  Month-to-month differences in final trend cycle (D12)
  From  2007.Feb to 2016.Dec
  Observations        119
 -----------------------------------------------------------------------------
               Jan      Feb      Mar      Apr      May      Jun 
               Jul      Aug      Sep      Oct      Nov      Dec         AVGE  
 -----------------------------------------------------------------------------
  2007                    0.       0.       0.       0.       0.
                 0.       0.      -0.      -0.      -0.      -0.            0.
 
  2008          -0.      -0.      -0.      -0.      -0.      -0.
                -0.      -0.      -0.      -0.      -0.      -0.           -0.
 
  2009          -0.      -0.      -0.       0.       0.       0.
                 0.       0.       0.       0.       0.       0.            0.
 
  2010           0.       0.       0.       0.      -0.      -0.
                -0.      -0.      -0.      -0.      -0.      -0.           -0.
 
  2011          -0.      -0.      -0.      -0.       0.       0.
                 0.       0.       0.       0.       0.       0.            0.
 
  2012           0.       0.       0.       0.       0.       0.
                 0.      -0.      -0.      -0.      -0.      -0.           -0.
 
  2013          -0.       0.       0.      -0.      -0.      -0.
                -0.      -0.       0.       0.       0.       0.           -0.
 
  2014           0.      -0.       0.       0.       0.       0.
                -0.      -0.      -0.       0.       0.       0.            0.
 
  2015           0.      -0.      -0.      -0.      -0.      -0.
                -0.      -0.       0.       0.       0.      -0.           -0.
 
  2016          -0.      -0.      -0.       0.       0.       0.
                 0.       0.       0.      -0.      -0.      -0.            0.
 
  AVGE          -0.      -0.      -0.      -0.       0.       0.
                 0.       0.      -0.      -0.      -0.      -0.

  Table Total-          -1.   Mean-        -0.   Std. Dev.-         0.
                              Min -        -0.        Max -         0.
        ces_hours 21140            PAGE  18, SERIES ces_hours_log_ad

 E 8  Month-to-month differences in original series adjusted for calendar factors (A18)
  From  2007.Feb to 2016.Dec
  Observations        119
 -----------------------------------------------------------------------------
               Jan      Feb      Mar      Apr      May      Jun 
               Jul      Aug      Sep      Oct      Nov      Dec         AVGE  
 -----------------------------------------------------------------------------
  2007                   -1.       2.      -0.       0.       0.
                -1.       1.      -0.      -1.      -0.      -0.           -0.
 
  2008           0.      -0.       1.      -0.      -0.      -0.
                -2.       2.      -1.       1.      -0.      -1.           -0.
 
  2009          -1.       0.       1.       0.       1.       0.
                -0.       1.      -1.       0.       0.       1.            0.
 
  2010           1.       0.       1.       0.      -0.       1.
                -0.      -2.      -1.      -0.       1.      -1.           -0.
 
  2011           0.       0.       1.      -0.       0.      -0.
                 0.       1.      -0.       0.      -0.       0.            0.
 
  2012           0.       0.       1.       0.       0.       1.
                -1.      -0.      -0.      -0.      -0.      -1.           -0.
 
  2013           0.       0.       1.       0.      -1.       0.
                -2.       0.      -0.       1.       0.       1.            0.
 
  2014          -2.       1.       0.      -0.       2.      -1.
                -2.       1.      -1.       0.       1.       0.           -0.
 
  2015          -0.      -0.       1.      -1.      -2.       1.
                 0.       0.      -1.       0.       0.       0.           -0.
 
  2016           0.      -1.       0.       0.       0.       0.
                 1.       0.       0.       0.      -1.      -1.           -0.
 
  AVGE          -0.      -0.       1.      -0.      -0.       0.
                -1.       0.      -0.       0.       0.      -0.

  Table Total-          -1.   Mean-        -0.   Std. Dev.-         1.
                              Min -        -2.        Max -         2.
        ces_hours 21140            PAGE  19, SERIES ces_hours_log_ad

 E 18  Final adjustment ratios
  From  2007.Jan to 2016.Dec
  Observations        120
 -----------------------------------------------------------------------------
               Jan      Feb      Mar      Apr      May      Jun 
               Jul      Aug      Sep      Oct      Nov      Dec         AVGE  
 -----------------------------------------------------------------------------
  2007       99.166   98.275  100.923  100.982  101.560  101.988
             99.766  101.356   98.404   98.932   99.959   98.598        99.992
 
  2008       99.199   98.447  100.925  100.964  101.516  102.133
             99.745  101.348   98.317   98.888   99.879   98.495        99.988
 
  2009       99.158   98.653  100.973  101.009  101.387  102.219
             99.841  101.099   98.419   98.861   99.810   98.520        99.996
 
  2010       99.208   99.094  100.973  100.867  101.182  102.096
             99.833  100.732   98.492   98.984   99.707   98.510        99.973
 
  2011       99.171   99.420  101.175  100.873  101.019  102.383
             99.715  100.275   98.513   99.089   99.791   98.820       100.020
 
  2012       99.266   99.676  101.331  100.677  100.777  101.940
             99.515   99.959   98.554   99.311   99.932   99.334       100.023
 
  2013       99.373   99.768  101.353  100.509  100.482  101.536
             99.399   99.787   98.658   99.514  100.193   99.942       100.043
 
  2014       99.414   99.715  101.232  100.342  100.235  100.856
             99.385   99.813   98.893   99.787  100.420  100.509       100.050
 
  2015       99.461   99.654  100.867  100.145   99.952  100.379
             99.527   99.959   99.165   99.906  100.581  100.920       100.043
 
  2016       99.479   99.553  100.620  100.000   99.758   99.892
             99.650  100.149   99.465  100.031  100.628  101.193       100.035
 
  AVGE       99.290   99.226  101.037  100.637  100.787  101.542
             99.638  100.448   98.688   99.330  100.090   99.484

  Table Total-       12002.   Mean-       100.   Std. Dev.-         1.
                              Min -        98.        Max -       102.

 E 18.A  Final adjustment ratio forecasts
  From  2017.Jan to 2017.Dec
  Observations         12
 -----------------------------------------------------------------------------
               Jan      Feb      Mar      Apr      May      Jun 
               Jul      Aug      Sep      Oct      Nov      Dec         AVGE  
 -----------------------------------------------------------------------------
  2017       99.503   99.472  100.405   99.916   99.613   99.621
             99.781  100.294   99.651  100.085  100.609  101.188       100.012
 

  QS statistic for seasonality:
  Original Series                                     2.61  (P-Value =     0.2709)
  Original Series (EV adj)                            2.61  (P-Value =     0.2709)
  Residuals                                           1.59  (P-Value =     0.4522)
  Seasonally Adjusted Series                          0.00  (P-Value =     1.0000)
  Seasonally Adjusted Series (EV adj)                 0.00  (P-Value =     1.0000)
  Irregular Series                                    0.00  (P-Value =     1.0000)
  Irregular Series (EV adj)                           0.00  (P-Value =     1.0000)

  QS statistic for seasonality (starting 2009.Jan):
  Original Series                                     0.00  (P-Value =     1.0000)
  Original Series (EV adj)                            0.00  (P-Value =     1.0000)
  Residuals                                           0.00  (P-Value =     1.0000)
  Seasonally Adjusted Series                          0.00  (P-Value =     1.0000)
  Seasonally Adjusted Series (EV adj)                 0.00  (P-Value =     1.0000)
  Irregular Series                                    0.00  (P-Value =     1.0000)
  Irregular Series (EV adj)                           0.00  (P-Value =     1.0000)
        ces_hours 21140            PAGE  20, SERIES ces_hours_log_ad


  Visually significant residual trading day peaks have been
  found in the spectral plot of the following series starting in 2009.Jan:

          differenced original series (Table A1 or B1) (1 Trading Day peak(s))



 WARNING: Series should not be a candidate for seasonal adjustment
          because the spectrum of the original series (Table A1 or B1)
          has no visually significant seasonal peaks.

          If this is a component series of an indirectly adjusted
          composite series, consider using type = trend or type = summary
          in the x11 spec.
        ces_hours 21140            PAGE  21, SERIES ces_hours_log_ad
 G 0  10*LOG(SPECTRUM) of the differenced Original Series
      (Table A1 or B1).  Spectrum estimated from 2009.Jan to 2016.Dec.
 ++++++++++I+++++++++++++++++++++++++++++++++++++++++++++++++++++++++++++I
       2.24I                                                  S          I      2.24
           I                                              *   S          I
           I                                              *   S          I
           I                                              *   S          I
       1.24I                                     *        *   S          I      1.24
           I                                     *        *   S          I
           I                                     *        *   S          I
           I                         *           *        *   S          I
       0.25I           *             *           *    T   *   S          I      0.25
           I           *             *           *    T   *   S          I
           I           *             *           *    T   *   S          I
           I           *             *           *    T   *   S          I
      -0.75I           *             *           *    T   *   S          I     -0.75
           I           *             *           *    T  **   S         SI
           I          S**     *      *           *    T  **   S         SI
           I          S**     *      *           **   T  **   S         SI
      -1.74I          S**     *      *           **   T  **   S    *    SI     -1.74
           I     *    S***    *      *          ***   T  **  *S    *    SI
           I     *    S***    *      **    *    ***   T  **  *S    *   *SI
           I     *    S***    *      **    *    ***   T* **  *S    *   *SI
      -2.74I     *    S***    *      **    *    ***   T* **  *S    *   *SI     -2.74
           I     *    S***    **     **    *    ***   T* **  *S    *   *SI
           I     *    S***    **     **    *    ***  *T* *** *S    *   *SI
           I     *    S***    **     **    *    ***  *T* *** *S*  **   *SI
      -3.73I     *    S***    **     **    *    ***  *T* *** *S*  **   *SI     -3.73
           I    **    S***    **     **   S*   ****  *T* *** *S*  **   *SI
           I    **    S****  ***    ***   S*   ****  *T***** *S*  **   *SI
           I    **    S****  ***    ***   S**  ****  *T***** *S*  *** **SI
      -4.73I    **    S****  ***    ***   S** ****** *T*******S*  *** **SI     -4.73
           I    **    S****  ***S   ***   S** ****** *T*******S*  *** **SI
           I    **    S****  ***S   ***   S*********S*T*******S*  *** **SI
           I    **    S****  ***S*  ***   S*********S*T*******S*  *** **SI
      -5.72I    **    S****  ***S******   S*********S*T*******S*  ******SI     -5.72
           I    **    S****  ***S******   S*********S*T*******S*  ******SI
           I    **    S****  ***S******   S*********S*T*******S*  ******SI
           I    **   *S***** ***S******   S*********S*T*******S*  ******SI
      -6.72I    ***  *S*********S******   S*********S*T*******S*  ******SI     -6.72
           I    ***  *S*********S******   S*********S*T*******S*  ******SI
           I    ***  *S*********S*******  S*********S*T*******S*T*******SI
           I    ***  *S*********S******* *S*********S*T*******S*T*******SI
      -7.71I    ***  *S*********S******* *S*********S*T*******S*T*******SI     -7.71
           I    ***  *S*********S******* *S*********S*T*******S*T*******SI
           I   ****  *S*********S******* *S*********S*T*******S*T*******SI
           I   ****  *S*********S******* *S*********S*T*******S*T*******SI
      -8.70I   ****  *S*********S*********S*********S*T*******S*T*******SI     -8.70
           I   ****  *S*********S*********S*********S*T*******S*T*******SI
           I   *******S*********S*********S*********S*T*******S*T*******SI
           I   *******S*********S*********S*********S*T*******S*T*******SI
      -9.70I   *******S*********S*********S*********S*T*******S*T*******SI     -9.70
           I   *******S*********S*********S*********S*T*******S*T*******SI
           I  ********S*********S*********S*********S*T*******S*T*******SI
           I  ********S*********S*********S*********S*T*******S*T*******SI
     -10.69I**********S*********S*********S*********S*T*******S*T*******SI    -10.69
 ++++++++++I+++++++++++++++++++++++++++++++++++++++++++++++++++++++++++++I
            S=SEASONAL FREQUENCIES, T=TRADING DAY FREQUENCIES
        ces_hours 21140            PAGE  22, SERIES ces_hours_log_ad
 G 1  10*LOG(SPECTRUM) of the differenced seasonally adjusted 
      data (Table E2).  Spectrum estimated from 2009.Jan to 2016.Dec.
 ++++++++++I+++++++++++++++++++++++++++++++++++++++++++++++++++++++++++++I
      -0.82I                                                       *     I     -0.82
           I                                                       *     I
           I                                             *         *     I
           I                                             *         *     I
      -1.98I                                             *         *     I     -1.98
           I     *                      *                *         *     I
           I     *                      *                *         *     I
           I     *                      *                *         *     I
      -3.14I     *       *              *                *         *     I     -3.14
           I     *       *              *                *         *     I
           I    **       *              *                *         *     I
           I    **       *              *                *         *     I
      -4.31I    **       **             *                *         *     I     -4.31
           I    **       **             *                *         *     I
           I    **       **         *   *               **         *     I
           I    **       **         *   *               **         *     I
      -5.47I    **       **         *   *               **        **     I     -5.47
           I    **       **         *   *             T **        ***    I
           I    **       **         *   *             T **        ***    I
           I    **      ***   *     *   *             T **        ***    I
      -6.63I    **      ***   *     **  *             T***        ***    I     -6.63
           I    **      ***   *     **  *             T***        ***    I
           I    ***     ****  *     ** **             T***        ***    I
           I    ***     ****  *     ** **             T***        ***    I
      -7.79I    ***     ****  *     ** **             T****       ***    I     -7.79
           I    ***     ****  *     ** **             T****       ***    I
           I    ***     ****  *     ** **             T****       ***    I
           I   ****     ****  *     ** **    *        T****       ***    I
      -8.95I   ****     **** ***    ** **    *        T****       ***    I     -8.95
           I   ****     ********    ** **    ***      T****       ***    I
           I   ****     ********    *****    ***      T****      ****    I
           I   ****     ********    ******   ****     T****      ****    I
     -10.11I   ****     ********    ******   ****     T****      ****    I    -10.11
           I   ****    *********    ******   ****    *T****      *****   I
           I   ****    *********    ******  *****    *T****     T*****   I
           I   *****   *********    ******  *****    *T****    *T*****   I
     -11.28I   *****   *********    ******  *****    *T****   S*T*****   I    -11.28
           I  ******   *********    ******  *****    *T*****  S*T*****   I
           I  ******   *********    ******  *****    *T*****  S*T*****   I
           I  ******   *********    ******  *****    *T*****  S*T*****   I
     -12.44I  ******   *********   *******  *****    *T***** *S*T*****   I    -12.44
           I  ******   *********   *******  *****    *T*******S*T*****   I
           I  ******  S*********   *******S*******   *T*******S*T******  I
           I ******** S*********   *******S*******   *T*******S*T******  I
     -13.60I ******** S*********   *******S*******  S*T*******S*T******  I    -13.60
           I**********S*********S  *******S*******  S*T*******S*T******  I
           I**********S*********S  *******S*******  S*T*******S*T******  I
           I**********S*********S  *******S*******  S*T*******S*T******* I
     -14.76I**********S*********S  *******S*******  S*T*******S*T*******SI    -14.76
           I**********S*********S  *******S*******  S*T*******S*T*******SI
           I**********S*********S  *******S******** S*T*******S*T*******SI
           I**********S*********S ********S*********S*T*******S*T*******SI
     -15.92I**********S*********S*********S*********S*T*******S*T*******SI    -15.92
 ++++++++++I+++++++++++++++++++++++++++++++++++++++++++++++++++++++++++++I
            S=SEASONAL FREQUENCIES, T=TRADING DAY FREQUENCIES
        ces_hours 21140            PAGE  23, SERIES ces_hours_log_ad
 G 2  10*LOG(SPECTRUM) of the Modified Irregular (Table E3).  
      Spectrum estimated from 2009.Jan to 2016.Dec.
 ++++++++++I+++++++++++++++++++++++++++++++++++++++++++++++++++++++++++++I
      -5.36I                            *                                I     -5.36
           I                            *                                I
           I                        *   *                *               I
           I                  *     *   *                *               I
      -6.65I                  *     *   *                *               I     -6.65
           I             **   *     *   *                *               I
           I             **   *     *   *                *               I
           I             **   *     *   *                *               I
      -7.94I             **   *     *   *                *         *     I     -7.94
           I            ***   *     **  *                *         *     I
           I            ***   *     ** **                *         *     I
           I            ***   *     ** **                *         *     I
      -9.23I            ***   *     ** **                *         *     I     -9.23
           I            ***   *     ** **                *         *     I
           I            ***   *     ** **                *         *     I
           I            ***   *     ** **                *         *     I
     -10.52I            ***   *     ** **                *         *     I    -10.52
           I            ***   *     ** **              ***        **     I
           I            ***   *     *****              ***        **     I
           I            ****  *     *****              ***        **     I
     -11.81I            ****  *     ******             ***        **     I    -11.81
           I            ****  *     ******            T****       ***    I
           I            **** **     ******            T****       ***    I
           I            **** **     ******            T****       ***    I
     -13.10I            **** **     ******   *        T****       ***    I    -13.10
           I            **** **     ******   **       T****       ***    I
           I           ***** **     ******   **       T****       ***    I
           I           *********    ******   ***      T****       ***    I
     -14.39I           *********    ******   ****     T****       ***    I    -14.39
           I           *********    ******  *****     T****    *  ***    I
           I*          *********    ******  *****     T****    *  ****   I
           I*          *********   *******S *****     T****   S* *****   I
     -15.68I*          *********   *******S *****     T****   S* *****   I    -15.68
           I*          *********   *******S******     T****   S*T*****   I
           I*          *********   *******S******     T****   S*T*****   I
           I**         *********   *******S*******    T****   S*T*****   I
     -16.97I**         *********   *******S*******   *T****   S*T*****   I    -16.97
           I**         *********   *******S*******   *T*****  S*T*****   I
           I**         *********   *******S*******   *T***** *S*T******  I
           I**         *********   *******S*******   *T***** *S*T******  I
     -18.26I**         *********   *******S*******   *T***** *S*T******  I    -18.26
           I**         *********   *******S*******   *T***** *S*T******  I
           I**    *   S*********S  *******S*******   *T*******S*T******  I
           I**    *   S*********S  *******S********  *T*******S*T******  I
     -19.55I**    *   S*********S ********S******** S*T*******S*T******* I    -19.55
           I***   **  S*********S ********S******** S*T*******S*T******* I
           I***   **  S*********S ********S******** S*T*******S*T*******SI
           I***   **  S*********S*********S*********S*T*******S*T*******SI
     -20.84I***  ***  S*********S*********S*********S*T*******S*T*******SI    -20.84
           I***  ***  S*********S*********S*********S*T*******S*T*******SI
           I***  *****S*********S*********S*********S*T*******S*T*******SI
           I**** *****S*********S*********S*********S*T*******S*T*******SI
     -22.13I**********S*********S*********S*********S*T*******S*T*******SI    -22.13
 ++++++++++I+++++++++++++++++++++++++++++++++++++++++++++++++++++++++++++I
            S=SEASONAL FREQUENCIES, T=TRADING DAY FREQUENCIES
        ces_hours 21140            PAGE  24, SERIES ces_hours_log_ad

  Peak probabilities for Tukey spectrum estimator
  Spectrum estimated from 2009.Jan to 2016.Dec.

                                          S1       S2       S3       S4       S5       S6       TD
                                        ------   ------   ------   ------   ------   ------   ------
  Model Residuals                        0.997**  0.515    0.729    0.322    0.957*   0.293    0.738  
  Original Series (Table A1 or B1)       0.885    0.214    0.443    0.233    0.994**  0.646    0.442  
  Seasonally adjusted series (E2)        0.072    0.068    0.029    0.062    0.334    0.143    0.336  
  Modified Irregular (E3)                0.090    0.024    0.015    0.044    0.477    0.166    0.342  
  ----------
     ** - Peak Probability > 0.99,
      * - 0.90 < Peak Probability < 0.99


