  Reading input spec file from D:\Programming\Dynamic Paper-dlrhcs_replication\outputs\empirical\unemployment\raw_sa_pilot\x13_work\ces_hours_additive_level_27140_200701_201612.spc

1

               U. S. Department of Commerce, U. S. Census Bureau

              X-13ARIMA-SEATS monthly seasonal adjustment Method,
                          Release Version 1.1 Build 62


           This software application provides an enhanced version of
             Statistics Canada's X-11-ARIMA extension (Dagum, 1980)
                 of the X-11 variant of the Census Method II of
                      Shiskin, Young and Musgrave (1967).

            It also provides an ARIMA model-based method following
       Hillmer and Tiao (1982) and Burman (1980) that is very similar
       to the update of the method of SEATS (Gomez and Maravall, 1996)
                produced at the Bank of Spain by G. Caporello and
               A. Maravall for TSW (Caporello and Maravall, 2004).
          The present application includes additional enhancements.

         X-13ARIMA-SEATS includes an automatic ARIMA model selection procedure
          based largely on the procedure of Gomez and Maravall (1998)
            as implemented in TRAMO (1996) and subsequent revisions.

              Primary Programmers: Brian Monsell, Mark Otto and,
                 for the ARIMA model-based signal extraction,
                      Gianluca Caporello and Victor Gomez


     Series Title- ces_hours 27140
     Series Name- ces_hours_additi
     Jul 29, 2026  08.41.20 

        -Period covered-  1st month,2007 to 12th month,2016
        -Type of run - additive seasonal adjustment

        -Sigma limits for graduating extreme values are  1.5 and  2.5 .
        -3x3 moving average used in section 1 of each iteration, 
         3x5 moving average in section 2 of iterations B and C,
         moving average for final seasonal factors chosen by Global MSR.
        -Holiday adjustment factors applied directly to the final seasonally adjusted series
        -Spectral plots generated for selected series
        -Spectral plots generated for series starting in 2009.Jan

 FILE SAVE REQUESTS (* indicates file exists and will be overwritten)
  D:\Programming\Dynamic Paper-dlrhcs_replication\outputs\empirical\unemployment\raw_sa_pilot\x13_work\ces_hours_additive_level_27140_200701_201612.d10  final seasonal factors
  D:\Programming\Dynamic Paper-dlrhcs_replication\outputs\empirical\unemployment\raw_sa_pilot\x13_work\ces_hours_additive_level_27140_200701_201612.d11  final seasonally adjusted data
  D:\Programming\Dynamic Paper-dlrhcs_replication\outputs\empirical\unemployment\raw_sa_pilot\x13_work\ces_hours_additive_level_27140_200701_201612.out  program output file
  D:\Programming\Dynamic Paper-dlrhcs_replication\outputs\empirical\unemployment\raw_sa_pilot\x13_work\ces_hours_additive_level_27140_200701_201612.err  program error file
        ces_hours 27140            PAGE   1, SERIES ces_hours_additi

     Contents of spc file D:\Programming\Dynamic Paper-dlrhcs_replication\outputs\empirical\unemployment\raw_sa_pilot\x13_work\ces_hours_additive_level_27140_200701_201612.spc

 Line #
 ------
      1: series {
      2:   title = "ces_hours 27140"
      3:   start = 2007.1
      4:   period = 12
      5:   data = (
      6: 35.3
      7: 34.8
      8: 34.9
      9: 35.4
     10: 35
     11: 35.8
     12: 36.3
     13: 35.1
     14: 36
     15: 35.6
     16: 35.3
     17: 35.8
     18: 35.7
     19: 35.5
     20: 36.3
     21: 35.4
     22: 34.9
     23: 35.2
     24: 34.4
     25: 34.7
     26: 34.7
     27: 34.6
     28: 35.3
     29: 34.4
     30: 34.5
     31: 34.5
     32: 34.2
     33: 33.9
     34: 33.8
     35: 34.4
     36: 33.7
     37: 34.8
     38: 33.8
     39: 34.2
     40: 35
     41: 33.6
     42: 33.5
     43: 33.4
     44: 33.7
     45: 34.3
     46: 34.7
     47: 34.3
     48: 34.3
     49: 35
     50: 34.6
     51: 34.4
     52: 34.6
     53: 34.3
     54: 35.4
     55: 35
     56: 35.1
     57: 35.5
     58: 36
     59: 35.5
     60: 35.3
     61: 35.4
     62: 35.2
     63: 36.2
     64: 35.2
     65: 35.1
     66: 35.5
     67: 35.3
     68: 34.7
     69: 35.3
     70: 34.7
     71: 34.7
     72: 34.9
     73: 35.3
     74: 35.8
     75: 34.8
     76: 34.6
     77: 35.1
     78: 34.5
     79: 34.9
     80: 34.8
     81: 34.6
     82: 34.5
     83: 35.8
     84: 34.3
     85: 35.3
     86: 36.2
     87: 35.3
     88: 35.6
     89: 36.3
     90: 35.3
     91: 35.4
     92: 36.1
     93: 35.8
     94: 35.6
     95: 36.5
     96: 35.1
     97: 35.8
     98: 35.4
     99: 34.9
    100: 35.2
    101: 34.5
    102: 34.1
    103: 34.8
    104: 34.7
    105: 34
    106: 34.3
    107: 34.7
    108: 34.8
    109: 35.3
    110: 34.7
    111: 35.2
    112: 35.6
    113: 34.5
    114: 34.6
    115: 34.9
    116: 34.6
    117: 34.8
    118: 35.3
    119: 35
    120: 35.2
    121: 34.7
    122: 34.7
    123: 35.2
    124: 35
    125: 35.5
    126:   )
    127: }
    128: transform { function = none }
    129: regression { aictest = (td easter) }
    130: automdl {}
    131: x11 { mode = add save = (d10 d11) }
        ces_hours 27140            PAGE   2, SERIES ces_hours_additi

 A 1  Time series data (for the span analyzed)
  From  2007.Jan to 2016.Dec
  Observations        120
 -----------------------------------------------------------------------------
               Jan      Feb      Mar      Apr      May      Jun 
               Jul      Aug      Sep      Oct      Nov      Dec        TOTAL  
 -----------------------------------------------------------------------------
  2007          35.      35.      35.      35.      35.      36.
                36.      35.      36.      36.      35.      36.          425.
 
  2008          36.      36.      36.      35.      35.      35.
                34.      35.      35.      35.      35.      34.          421.
 
  2009          35.      35.      34.      34.      34.      34.
                34.      35.      34.      34.      35.      34.          410.
 
  2010          34.      33.      34.      34.      35.      34.
                34.      35.      35.      34.      35.      34.          411.
 
  2011          35.      35.      35.      36.      36.      36.
                35.      35.      35.      36.      35.      35.          425.
 
  2012          36.      35.      35.      35.      35.      35.
                35.      35.      36.      35.      35.      35.          421.
 
  2013          35.      35.      35.      35.      35.      36.
                34.      35.      36.      35.      36.      36.          422.
 
  2014          35.      35.      36.      36.      36.      37.
                35.      36.      35.      35.      35.      35.          426.
 
  2015          34.      35.      35.      34.      34.      35.
                35.      35.      35.      35.      36.      35.          417.
 
  2016          35.      35.      35.      35.      35.      35.
                35.      35.      35.      35.      35.      36.          419.
 
  AVGE          35.      35.      35.      35.      35.      35.
                35.      35.      35.      35.      35.      35.

  Table Total-        4197.   Mean-        35.   Std. Dev.-         1.
                              Min -        33.        Max -        36.
        ces_hours 27140            PAGE   3, SERIES ces_hours_additi
                        Automatic ARIMA Model Selection

                    Procedure based closely on TRAMO method 
                         of Gomez and Maravall (2000)
              "Automatic Modeling Methods for Univariate Series",
                            A Course in Time Series
                  (Edited by D. Pena, G. C. Tiao, R. S. Tsay),
                         New York : J. Wiley and Sons


     Maximum order for regular ARMA parameters :   2
     Maximum order for seasonal ARMA parameters :   1
     Maximum order for regular differencing :   2
     Maximum order for seasonal differencing :   1

   Results of Unit Root Test for identifying orders of differencing:
     Regular difference order :   0
     Seasonal difference order :   0

  Automatic model choice : (1 0 0)
   Model changed to 
   ( 0, 1, 1) ( 0, 1, 1) without constant term


  Final Checks for Identified Model


  Checking for Unit Roots.
   No unit roots found.

  Checking for nonseasonal overdifferencing.
   Nonseasonal MA not within  0.001 of 1.0 - model passes test.

  Checking for insignificant ARMA coefficients.

  Final automatic model choice : (0 1 1)(0 1 1)
   End of automatic model selection procedure.

 Average absolute percentage error in within-sample forecasts:
  Last year:   0.75      Last-1 year:   0.93     Last-2 year:   2.02
  Last three years:    1.23

 Estimation converged in   66 ARMA iterations,  247 function evaluations.

 Regression Model
 ------------------------------------------------------------------------------
                             Parameter        Standard
 Variable                     Estimate           Error      t-value
 ------------------------------------------------------------------------------
 Leap Year                      0.2168         0.18815         1.15

 Trading Day
   Mon                          0.0986         0.05983         1.65
   Tue                         -0.1274         0.06002        -2.12
   Wed                         -0.1652         0.05954        -2.77
   Thu                          0.0948         0.05944         1.59
   Fri                         -0.2654         0.05964        -4.45
   Sat                          0.0255         0.06042         0.42
  *Sun (derived)                0.3391         0.06160         5.50
 ------------------------------------------------------------------------------
  *For full trading-day and stable seasonal effects, the derived
   parameter estimate is obtained indirectly as minus the sum
   of the directly estimated parameters that define the effect.


 Chi-squared Tests for Groups of Regressors
 ------------------------------------------------------------------------------
 Regression Effect                  df      Chi-Square      P-Value
 ------------------------------------------------------------------------------
 Trading Day                         6          170.19         0.00
 Combined Trading Day and Leap Year Regressors
                                     7          170.32         0.00
 ------------------------------------------------------------------------------


 F Tests for Trading Day Regressors 
 -----------------------------------------------------------------------
 Regression Effect                     df         F-statistic    P-Value
 -----------------------------------------------------------------------
 Trading Day                         6, 100           26.51         0.00


 ARIMA Model:  (0 1 1)(0 1 1)
   Nonseasonal differences: 1
   Seasonal differences:    1
                                              Standard
 Parameter                    Estimate          Errors
 -----------------------------------------------------
 Nonseasonal MA                                    
   Lag  1                       0.1655         0.08499

 Seasonal MA                                       
   Lag 12                       0.9968         0.07016

 Variance                       0.11840E+00
 SE of Var                      0.16188E-01
 -----------------------------------------------------

 Likelihood Statistics
 ------------------------------------------------------------------
 Number of observations (nobs)                                  120
 Effective number of observations (nefobs)                      107
 Number of parameters estimated (np)                             10
 Log likelihood (L)                                        -51.2822
 AIC                                                       122.5643 
 AICC (F-corrected-AIC)                                    124.8560 
 Hannan Quinn                                              133.3996 
 BIC                                                       149.2926 
 ------------------------------------------------------------------

 QS Statistic for regARIMA Model Residuals (full series):             0.00
                                                       (P-Value =     1.0000)

 QS Statistic for regARIMA Model Residuals (starting 2009.Jan):       0.00
                                                       (P-Value =     1.0000)


  At least one visually significant residual trading day peaks has been
  found in the spectral plot of the following series starting in 2009.Jan:

          regARIMA model residuals (1 Trading Day peak(s))




      10*LOG(SPECTRUM) of the regARIMA model residuals
      Spectrum estimated from 2009.Jan to 2016.Dec.
 ++++++++++I+++++++++++++++++++++++++++++++++++++++++++++++++++++++++++++I
      -4.20I                            *                                I     -4.20
           I                            *                                I
           I             *              *                                I
           I             *              *                                I
      -5.43I             *           *  *         *                      I     -5.43
           I             *           *  *         *                      I
           I             *           *  *         *                      I
           I             *           *  *         *                      I
      -6.66I             *           *  *         **                     I     -6.66
           I             *           * **         **                     I
           I             *           ****         **                     I
           I   *         *  *        ****         **        *            I
      -7.90I   *         * **        ****         **        *            I     -7.90
           I   *         * **       ******        **        *            I
           I   *         * **       ******        **        *   T        I
           I   *         * **       ******   *    **        *   T        I
      -9.13I   *         * **       ******   *    **        *   T        I     -9.13
           I   **        ****       ******   *    **        *   T        I
           I   **        ****       ******   *   ***        *   T        I
           I   **  *     ****       ******   *   ***        *   T    *  SI
     -10.36I   **  *     ****       ******  **   ***        *   T    *  SI    -10.36
           I   **  *     ****       ******  ***  ***        *   T    ***SI
           I   **  *    *****    *********  ***  ***        *  *T    ***SI
           I   **  *    *****    *********  ***  ***S       ** *T    ***SI
     -11.60I   ** **    *****    *********S ***  ***S      *** *T   ****SI    -11.60
           I   ** **    *****    *********S *** ****S      *** *T   ****SI
           I   ** **    *****    *********S*********S      *** *T*  ****SI
           I   ** **    *****    *********S*********S      *** *T*  ****SI
     -12.83I   *****    *****    *********S*********S      ***S*T*  ****SI    -12.83
           I   *****    *****    *********S*********S*     ***S*T*  ****SI
           I   *****    *****    *********S*********S*T    ***S*T*  ****SI
           I   *****    *****    *********S*********S*T*   ***S*T*  ****SI
     -14.06I   *****    ******   *********S*********S*T*   ***S*T*  ****SI    -14.06
           I   *****    ******   *********S*********S*T*   ***S*T* *****SI
           I   *****    ******  S*********S*********S*T*   ***S*T* *****SI
           I   *****    ******  S*********S*********S*T*   ***S*T*******SI
     -15.29I   *****    ******  S*********S*********S*T*  ****S*T*******SI    -15.29
           I  *******   ******  S*********S*********S*T** ****S*T*******SI
           I  *******   ******  S*********S*********S*T** ****S*T*******SI
           I  *******   ******  S*********S*********S*T** ****S*T*******SI
     -16.53I  *******   ******  S*********S*********S*T*******S*T*******SI    -16.53
           I  *******   ******  S*********S*********S*T*******S*T*******SI
           I  *******  *********S*********S*********S*T*******S*T*******SI
           I  *******  *********S*********S*********S*T*******S*T*******SI
     -17.76I  *******  *********S*********S*********S*T*******S*T*******SI    -17.76
           I  *******  *********S*********S*********S*T*******S*T*******SI
           I  *******  *********S*********S*********S*T*******S*T*******SI
           I  *******  *********S*********S*********S*T*******S*T*******SI
     -18.99I  ******** *********S*********S*********S*T*******S*T*******SI    -18.99
           I ********* *********S*********S*********S*T*******S*T*******SI
           I *********S*********S*********S*********S*T*******S*T*******SI
           I *********S*********S*********S*********S*T*******S*T*******SI
     -20.23I**********S*********S*********S*********S*T*******S*T*******SI    -20.23
 ++++++++++I+++++++++++++++++++++++++++++++++++++++++++++++++++++++++++++I
            S=SEASONAL FREQUENCIES, T=TRADING DAY FREQUENCIES


 FORECASTING
  Origin  2016.Dec
  Number        12

  Forecasts and Standard Errors
   ------------------------------
                         Standard
       Date   Forecast      Error
   ------------------------------
   2017.Jan      35.80      0.353
   2017.Feb      35.44      0.454
   2017.Mar      35.12      0.539
   2017.Apr      35.94      0.609
   2017.May      35.29      0.676
   2017.Jun      35.62      0.731
   2017.Jul      35.98      0.787
   2017.Aug      35.55      0.837
   2017.Sep      35.49      0.884
   2017.Oct      36.03      0.932
   2017.Nov      35.66      0.974
   2017.Dec      35.65      1.015
   ------------------------------

  Confidence intervals with coverage probability ( 0.95000
   ---------------------------------------
       Date      Lower  Forecast     Upper
   ---------------------------------------
   2017.Jan      35.11     35.80     36.49
   2017.Feb      34.56     35.44     36.33
   2017.Mar      34.07     35.12     36.18
   2017.Apr      34.75     35.94     37.14
   2017.May      33.96     35.29     36.61
   2017.Jun      34.19     35.62     37.05
   2017.Jul      34.44     35.98     37.52
   2017.Aug      33.91     35.55     37.19
   2017.Sep      33.75     35.49     37.22
   2017.Oct      34.20     36.03     37.86
   2017.Nov      33.75     35.66     37.56
   2017.Dec      33.66     35.65     37.64
   ---------------------------------------
        ces_hours 27140            PAGE   4, SERIES ces_hours_additi

 A 6  RegARIMA trading day component
  From  2007.Jan to 2016.Dec
  Observations        120
 -----------------------------------------------------------------------------
               Jan      Feb      Mar      Apr      May      Jun 
               Jul      Aug      Sep      Oct      Nov      Dec         AVGE  
 -----------------------------------------------------------------------------
  2007          -0.      -0.      -0.       0.      -0.      -0.
                 0.      -0.       0.      -0.      -0.       0.            0.
 
  2008          -0.      -0.       0.      -0.      -0.       0.
                -0.       0.      -0.      -0.       0.      -0.           -0.
 
  2009          -0.      -0.       0.      -0.       0.      -0.
                -0.       0.      -0.      -0.       0.      -0.            0.
 
  2010           0.      -0.      -0.      -0.       0.      -0.
                -0.       0.      -0.       0.      -0.      -0.           -0.
 
  2011           0.      -0.      -0.      -0.       0.      -0.
                 0.      -0.      -0.       0.      -0.      -0.           -0.
 
  2012           0.      -0.      -0.       0.      -0.      -0.
                 0.      -0.       0.      -0.      -0.       0.            0.
 
  2013          -0.      -0.       0.      -0.      -0.       0.
                -0.      -0.       0.      -0.      -0.       0.           -0.
 
  2014          -0.      -0.       0.      -0.      -0.       0.
                -0.       0.      -0.      -0.       0.      -0.           -0.
 
  2015          -0.      -0.       0.      -0.       0.      -0.
                -0.       0.      -0.      -0.       0.      -0.            0.
 
  2016           0.       0.      -0.      -0.       0.      -0.
                 0.      -0.      -0.       0.      -0.      -0.           -0.
 
  AVGE          -0.      -0.       0.      -0.       0.       0.
                -0.       0.       0.      -0.       0.      -0.

  Table Total-          -0.   Mean-        -0.   Std. Dev.-         0.
                              Min -        -0.        Max -         0.

 A 6.A  RegARIMA trading day component forecasts
  From  2017.Jan to 2017.Dec
  Observations         12
 -----------------------------------------------------------------------------
               Jan      Feb      Mar      Apr      May      Jun 
               Jul      Aug      Sep      Oct      Nov      Dec         AVGE  
 -----------------------------------------------------------------------------
  2017           0.      -0.      -0.       0.      -0.      -0.
                 0.      -0.      -0.       0.      -0.       0.            0.
 
        ces_hours 27140            PAGE   5, SERIES ces_hours_additi
  
 B 1  Original series (prior adjusted)
      (adjusted for regARIMA factors)
  From  2007.Jan to 2016.Dec
  Observations        120
 -----------------------------------------------------------------------------
               Jan      Feb      Mar      Apr      May      Jun 
               Jul      Aug      Sep      Oct      Nov      Dec        TOTAL  
 -----------------------------------------------------------------------------
  2007          35.      35.      35.      35.      35.      36.
                36.      35.      36.      36.      35.      35.          425.
 
  2008          36.      36.      36.      36.      35.      35.
                35.      35.      35.      35.      35.      35.          421.
 
  2009          35.      35.      34.      34.      34.      34.
                34.      34.      34.      34.      35.      34.          410.
 
  2010          33.      33.      34.      34.      34.      35.
                34.      35.      35.      34.      35.      35.          411.
 
  2011          35.      35.      35.      36.      36.      36.
                35.      36.      35.      36.      35.      35.          425.
 
  2012          35.      35.      35.      35.      35.      35.
                35.      36.      35.      35.      35.      35.          420.
 
  2013          35.      35.      35.      35.      35.      35.
                34.      35.      36.      35.      36.      36.          422.
 
  2014          36.      35.      36.      36.      36.      36.
                35.      36.      35.      35.      35.      35.          426.
 
  2015          34.      35.      34.      34.      34.      35.
                35.      35.      35.      35.      35.      35.          417.
 
  2016          35.      35.      35.      35.      35.      35.
                35.      35.      35.      35.      35.      36.          420.
 
  AVGE          35.      35.      35.      35.      35.      35.
                35.      35.      35.      35.      35.      35.

  Table Total-        4198.   Mean-        35.   Std. Dev.-         1.
                              Min -        33.        Max -        36.

 B 1.A  Forecasts of (prior adjusted) original series
  From  2017.Jan to 2017.Dec
  Observations         12
 -----------------------------------------------------------------------------
               Jan      Feb      Mar      Apr      May      Jun 
               Jul      Aug      Sep      Oct      Nov      Dec        TOTAL  
 -----------------------------------------------------------------------------
  2017          35.      35.      35.      36.      35.      36.
                36.      36.      36.      36.      36.      36.          427.
 
        ces_hours 27140            PAGE   6, SERIES ces_hours_additi

 C 17  Final weights for irregular component
  From  2007.Jan to 2016.Dec
  Observations        120
  Lower sigma limit    1.50
  Upper sigma limit    2.50
 -----------------------------------------------------------------------------
               Jan      Feb      Mar      Apr      May      Jun 
               Jul      Aug      Sep      Oct      Nov      Dec         S.D.  
 -----------------------------------------------------------------------------
  2007           0.     100.     100.      56.     100.     100.
                94.     100.     100.     100.     100.     100.           19.
 
  2008         100.     100.      66.     100.     100.       0.
               100.     100.     100.     100.     100.     100.           19.
 
  2009         100.      95.     100.     100.     100.     100.
               100.     100.     100.     100.       0.     100.           19.
 
  2010           0.      14.     100.      98.     100.     100.
               100.     100.     100.       0.     100.     100.           18.
 
  2011         100.     100.     100.     100.     100.     100.
               100.     100.     100.     100.     100.     100.           18.
 
  2012         100.     100.     100.     100.     100.     100.
               100.       0.      99.     100.     100.     100.           17.
 
  2013         100.     100.     100.     100.     100.      87.
                64.     100.     100.     100.     100.     100.           17.
 
  2014         100.       0.     100.     100.     100.     100.
               100.     100.     100.     100.     100.     100.           17.
 
  2015         100.      11.     100.      59.     100.     100.
                 0.     100.     100.      88.     100.     100.           16.
 
  2016         100.     100.     100.     100.     100.     100.
                88.     100.     100.       0.     100.      94.           16.
 
        ces_hours 27140            PAGE   7, SERIES ces_hours_additi

 D 8  Final unmodified SI ratios
  From  2007.Jan to 2016.Dec
  Observations        120
 -----------------------------------------------------------------------------
               Jan      Feb      Mar      Apr      May      Jun 
               Jul      Aug      Sep      Oct      Nov      Dec         AVGE  
 -----------------------------------------------------------------------------
  2007           1.      -0.      -0.      -0.      -0.       0.
                 0.      -0.      -0.       0.      -0.      -0.            0.
 
  2008           0.      -0.       0.       0.      -0.      -0.
                -0.      -0.       0.       0.       0.      -0.           -0.
 
  2009           0.       0.      -0.      -0.      -0.       0.
                -0.       0.      -0.       0.       1.      -0.            0.
 
  2010          -1.      -1.      -0.       0.      -0.       0.
                -0.       0.       0.      -0.      -0.      -0.           -0.
 
  2011          -0.      -0.      -0.       0.       0.       0.
                -0.       0.      -0.       0.       0.      -0.            0.
 
  2012          -0.       0.      -0.      -0.      -0.       0.
                -0.       1.       0.       0.      -0.      -0.            0.
 
  2013          -0.       0.      -0.      -0.      -0.       0.
                -1.       0.       0.      -0.       0.       0.            0.
 
  2014          -0.      -1.      -0.       0.      -0.       0.
                -0.       0.       0.       0.      -0.       0.           -0.
 
  2015          -0.       0.      -0.      -0.      -0.       0.
                 1.       0.       0.       0.       0.      -0.            0.
 
  2016          -0.      -0.      -0.       0.      -0.       0.
                 0.      -0.      -0.      -0.       0.       0.           -0.
 
  AVGE          -0.      -0.      -0.      -0.      -0.       0.
                -0.       0.       0.       0.       0.      -0.

  Table Total-          -0.   Mean-        -0.   Std. Dev.-         0.
                              Min -        -1.        Max -         1.
        ces_hours 27140            PAGE   8, SERIES ces_hours_additi

 D 8.B  Final unmodified SI ratios, with labels for outliers and extreme values
  From  2007.Jan to 2016.Dec
  Observations        120
 ---------------------------------------------------------------------
               Jan       Feb       Mar       Apr       May       Jun  
               Jul       Aug       Sep       Oct       Nov       Dec  
 ---------------------------------------------------------------------
  2007          1.*      -0.       -0.       -0.*      -0.        0.  
                0.*      -0.       -0.        0.       -0.       -0.  
 
  2008          0.       -0.        0.*       0.       -0.       -0.* 
               -0.       -0.        0.        0.        0.       -0.  
 
  2009          0.        0.*      -0.       -0.       -0.        0.  
               -0.        0.       -0.        0.        1.*      -0.  
 
  2010         -1.*      -1.*      -0.        0.*      -0.        0.  
               -0.        0.        0.       -0.*      -0.       -0.  
 
  2011         -0.       -0.       -0.        0.        0.        0.  
               -0.        0.       -0.        0.        0.       -0.  
 
  2012         -0.        0.       -0.       -0.       -0.        0.  
               -0.        1.*       0.*       0.       -0.       -0.  
 
  2013         -0.        0.       -0.       -0.       -0.        0.* 
               -1.*       0.        0.       -0.        0.        0.  
 
  2014         -0.       -1.*      -0.        0.       -0.        0.  
               -0.        0.        0.        0.       -0.        0.  
 
  2015         -0.        0.*      -0.       -0.*      -0.        0.  
                1.*       0.        0.        0.*       0.       -0.  
 
  2016         -0.       -0.       -0.        0.       -0.        0.  
                0.*      -0.       -0.       -0.*       0.        0.* 
 

  Key to symbols:
    *  : extreme value as determined by X-11 extreme value procedure
 
        ces_hours 27140            PAGE   9, SERIES ces_hours_additi

 D 9  Final replacement values for SI ratios
  From  2007.Jan to 2016.Dec
  Observations        120
 ---------------------------------------------------------------
               Jan      Feb      Mar      Apr      May      Jun 
               Jul      Aug      Sep      Oct      Nov      Dec 
 ---------------------------------------------------------------
  2007           0. ******** ********      -0. ******** ********
                 0. ******** ******** ******** ******** ********
 
  2008     ******** ********       0. ******** ********       0.
           ******** ******** ******** ******** ******** ********
 
  2009     ********       0. ******** ******** ******** ********
           ******** ******** ******** ********       0. ********
 
  2010          -0.      -0. ********       0. ******** ********
           ******** ******** ********       0. ******** ********
 
  2011     ******** ******** ******** ******** ******** ********
           ******** ******** ******** ******** ******** ********
 
  2012     ******** ******** ******** ******** ******** ********
           ********       0.       0. ******** ******** ********
 
  2013     ******** ******** ******** ******** ********       0.
                -1. ******** ******** ******** ******** ********
 
  2014     ********      -0. ******** ******** ******** ********
           ******** ******** ******** ******** ******** ********
 
  2015     ********       0. ********      -0. ******** ********
                -0. ******** ********       0. ******** ********
 
  2016     ******** ******** ******** ******** ******** ********
                 0. ******** ********       0. ********       0.
 

 D 9.A  Moving seasonality ratio
 ---------------------------------------------------------------
               Jan      Feb      Mar      Apr      May      Jun 
 ---------------------------------------------------------------
   I          0.072    0.167    0.170    0.275    0.132    0.149
   S          0.058    0.024    0.017    0.035    0.034    0.025
 RATIO        1.249    6.865    9.803    7.790    3.882    5.952



 ---------------------------------------------------------------
               Jul      Aug      Sep      Oct      Nov      Dec 
 ---------------------------------------------------------------
   I          0.205    0.106    0.167    0.164    0.198    0.153
   S          0.042    0.039    0.035    0.021    0.015    0.030
 RATIO        4.821    2.696    4.800    7.717   13.158    5.175



        ces_hours 27140            PAGE  10, SERIES ces_hours_additi

 D 10  Final seasonal factors
  From  2007.Jan to 2016.Dec
  Observations        120
  Seasonal filter    3 x 5 moving average
 -----------------------------------------------------------------------------
               Jan      Feb      Mar      Apr      May      Jun 
               Jul      Aug      Sep      Oct      Nov      Dec         AVGE  
 -----------------------------------------------------------------------------
  2007           0.      -0.      -0.       0.      -0.       0.
                -0.      -0.      -0.       0.       0.      -0.            0.
 
  2008           0.      -0.      -0.       0.      -0.       0.
                -0.      -0.      -0.       0.       0.      -0.            0.
 
  2009           0.      -0.      -0.       0.      -0.       0.
                -0.       0.       0.       0.       0.      -0.            0.
 
  2010           0.      -0.      -0.       0.      -0.       0.
                -0.       0.       0.       0.       0.      -0.            0.
 
  2011          -0.      -0.      -0.       0.      -0.       0.
                -0.       0.       0.       0.       0.      -0.            0.
 
  2012          -0.       0.      -0.       0.      -0.       0.
                -0.       0.       0.       0.       0.      -0.            0.
 
  2013          -0.       0.      -0.      -0.      -0.       0.
                -0.       0.       0.       0.       0.      -0.            0.
 
  2014          -0.      -0.      -0.      -0.      -0.       0.
                -0.       0.       0.       0.       0.       0.            0.
 
  2015          -0.      -0.      -0.      -0.      -0.       0.
                -0.       0.       0.       0.       0.       0.            0.
 
  2016          -0.      -0.      -0.      -0.      -0.       0.
                -0.       0.       0.       0.       0.       0.            0.
 
  AVGE          -0.      -0.      -0.       0.      -0.       0.
                -0.       0.       0.       0.       0.      -0.

  Table Total-           0.   Mean-         0.   Std. Dev.-         0.
                              Min -        -0.        Max -         0.

 D 10.A  Final seasonal component forecasts
  From  2017.Jan to 2017.Dec
  Observations         12
 -----------------------------------------------------------------------------
               Jan      Feb      Mar      Apr      May      Jun 
               Jul      Aug      Sep      Oct      Nov      Dec         AVGE  
 -----------------------------------------------------------------------------
  2017          -0.      -0.      -0.      -0.      -0.       0.
                -0.       0.       0.       0.       0.       0.           -0.
 
        ces_hours 27140            PAGE  11, SERIES ces_hours_additi
  
 D 11  Final seasonally adjusted data
       (also adjusted for trading day)
  From  2007.Jan to 2016.Dec
  Observations        120
 -----------------------------------------------------------------------------
               Jan      Feb      Mar      Apr      May      Jun 
               Jul      Aug      Sep      Oct      Nov      Dec        TOTAL  
 -----------------------------------------------------------------------------
  2007          35.      35.      35.      35.      35.      36.
                36.      35.      36.      36.      35.      36.          425.
 
  2008          36.      36.      36.      36.      35.      34.
                35.      35.      35.      35.      35.      35.          421.
 
  2009          35.      35.      34.      34.      34.      34.
                34.      34.      34.      34.      35.      34.          410.
 
  2010          33.      33.      34.      34.      34.      34.
                35.      35.      35.      34.      35.      35.          411.
 
  2011          35.      35.      35.      36.      36.      35.
                35.      35.      35.      36.      35.      35.          425.
 
  2012          35.      35.      35.      35.      35.      35.
                35.      35.      35.      35.      35.      35.          420.
 
  2013          35.      35.      35.      35.      35.      35.
                35.      35.      36.      35.      36.      36.          422.
 
  2014          36.      35.      36.      36.      36.      36.
                36.      36.      35.      35.      35.      35.          426.
 
  2015          34.      35.      35.      34.      34.      35.
                35.      35.      35.      35.      35.      35.          417.
 
  2016          35.      35.      35.      35.      35.      35.
                35.      35.      35.      35.      35.      36.          420.
 
  AVGE          35.      35.      35.      35.      35.      35.
                35.      35.      35.      35.      35.      35.

  Table Total-        4197.   Mean-        35.   Std. Dev.-         1.
                              Min -        33.        Max -        36.
        ces_hours 27140            PAGE  12, SERIES ces_hours_additi

 D 12  Final trend cycle
  From  2007.Jan to 2016.Dec
  Observations        120
  Trend filter    13-term Henderson moving average
  I/C ratio        1.81
 -----------------------------------------------------------------------------
               Jan      Feb      Mar      Apr      May      Jun 
               Jul      Aug      Sep      Oct      Nov      Dec        TOTAL  
 -----------------------------------------------------------------------------
  2007          35.      35.      35.      35.      35.      36.
                36.      36.      36.      36.      36.      36.          425.
 
  2008          36.      36.      36.      36.      35.      35.
                35.      35.      35.      35.      35.      35.          421.
 
  2009          35.      34.      34.      34.      34.      34.
                34.      34.      34.      34.      34.      34.          410.
 
  2010          34.      34.      34.      34.      34.      34.
                35.      35.      35.      35.      35.      35.          413.
 
  2011          35.      35.      35.      36.      36.      36.
                35.      35.      35.      35.      35.      35.          425.
 
  2012          35.      35.      35.      35.      35.      35.
                35.      35.      35.      35.      35.      35.          420.
 
  2013          35.      35.      35.      35.      35.      35.
                35.      35.      35.      36.      36.      36.          422.
 
  2014          36.      36.      36.      36.      36.      36.
                36.      35.      35.      35.      35.      35.          426.
 
  2015          35.      34.      34.      34.      34.      35.
                35.      35.      35.      35.      35.      35.          416.
 
  2016          35.      35.      35.      35.      35.      35.
                35.      35.      35.      35.      35.      35.          420.
 
  AVGE          35.      35.      35.      35.      35.      35.
                35.      35.      35.      35.      35.      35.

  Table Total-        4198.   Mean-        35.   Std. Dev.-         1.
                              Min -        34.        Max -        36.
        ces_hours 27140            PAGE  13, SERIES ces_hours_additi

 D 13  Final irregular component
  From  2007.Jan to 2016.Dec
  Observations        120
 -----------------------------------------------------------------------------
               Jan      Feb      Mar      Apr      May      Jun 
               Jul      Aug      Sep      Oct      Nov      Dec         S.D.  
 -----------------------------------------------------------------------------
  2007           1.      -0.       0.      -0.       0.       0.
                 0.      -0.      -0.       0.      -0.      -0.            0.
 
  2008           0.      -0.       0.       0.      -0.      -1.
                -0.      -0.       0.      -0.       0.       0.            0.
 
  2009          -0.       0.      -0.      -0.      -0.       0.
                 0.       0.      -0.       0.       1.       0.            0.
 
  2010          -1.      -1.      -0.       0.       0.      -0.
                 0.       0.       0.      -0.      -0.      -0.            0.
 
  2011          -0.      -0.       0.       0.       0.      -0.
                -0.      -0.      -0.       0.       0.      -0.            0.
 
  2012          -0.       0.      -0.      -0.       0.      -0.
                -0.       1.       0.      -0.      -0.      -0.            0.
 
  2013           0.       0.       0.      -0.      -0.       0.
                -0.       0.       0.      -0.       0.       0.            0.
 
  2014          -0.      -1.      -0.       0.      -0.       0.
                -0.       0.      -0.       0.      -0.       0.            0.
 
  2015          -0.       0.       0.      -0.      -0.       0.
                 1.      -0.      -0.       0.       0.      -0.            0.
 
  2016          -0.      -0.       0.       0.       0.      -0.
                 0.      -0.      -0.      -1.      -0.       0.            0.
 
  S.D.           0.       0.       0.       0.       0.       0.
                 0.       0.       0.       0.       0.       0.

  Table Total-          -1.   Mean-        -0.   Std. Dev.-         0.
                              Min -        -1.        Max -         1.
        ces_hours 27140            PAGE  14, SERIES ces_hours_additi
  
 D 16  Combined adjustment factors
       (includes seasonal, trading day factors)
  From  2007.Jan to 2016.Dec
  Observations        120
 -----------------------------------------------------------------------------
               Jan      Feb      Mar      Apr      May      Jun 
               Jul      Aug      Sep      Oct      Nov      Dec         AVGE  
 -----------------------------------------------------------------------------
  2007          -0.      -0.      -0.       0.      -0.       0.
                 0.      -0.       0.       0.      -0.       0.            0.
 
  2008          -0.      -0.       0.      -0.      -0.       1.
                -0.       0.      -0.      -0.       0.      -0.           -0.
 
  2009          -0.      -0.       0.      -0.      -0.       0.
                -0.       0.      -0.       0.       0.      -0.            0.
 
  2010           0.      -0.      -0.      -0.       0.      -0.
                -0.       0.       0.       0.      -0.      -0.           -0.
 
  2011           0.      -0.      -0.      -0.       0.       0.
                -0.      -0.      -0.       1.      -0.      -0.            0.
 
  2012           0.       0.      -0.       0.      -0.      -0.
                 0.      -0.       1.      -0.      -0.       0.            0.
 
  2013          -0.      -0.      -0.      -0.      -0.       1.
                -0.       0.       1.      -0.      -0.       0.           -0.
 
  2014          -1.      -0.       0.      -0.      -0.       1.
                -0.       0.       0.      -0.       0.      -0.           -0.
 
  2015          -0.      -0.       0.      -0.      -0.       0.
                -1.       1.      -0.       0.       1.      -0.            0.
 
  2016          -0.       0.      -0.      -0.       0.       0.
                -0.      -0.      -0.       1.      -0.      -0.           -0.
 
  AVGE          -0.      -0.      -0.      -0.      -0.       0.
                -0.       0.       0.       0.       0.      -0.

  Table Total-           0.   Mean-         0.   Std. Dev.-         0.
                              Min -        -1.        Max -         1.

 D 16.A  Combined adjustment component forecasts
  From  2017.Jan to 2017.Dec
  Observations         12
 -----------------------------------------------------------------------------
               Jan      Feb      Mar      Apr      May      Jun 
               Jul      Aug      Sep      Oct      Nov      Dec         AVGE  
 -----------------------------------------------------------------------------
  2017           0.      -0.      -0.       0.      -0.       0.
                 0.      -0.      -0.       1.       0.       0.            0.
 
        ces_hours 27140            PAGE  15, SERIES ces_hours_additi
  
 D 18  Combined calendar adjustment factors
       (includes trading day factors)
  From  2007.Jan to 2016.Dec
  Observations        120
 -----------------------------------------------------------------------------
               Jan      Feb      Mar      Apr      May      Jun 
               Jul      Aug      Sep      Oct      Nov      Dec         AVGE  
 -----------------------------------------------------------------------------
  2007          -0.      -0.      -0.       0.      -0.      -0.
                 0.      -0.       0.      -0.      -0.       0.            0.
 
  2008          -0.      -0.       0.      -0.      -0.       0.
                -0.       0.      -0.      -0.       0.      -0.           -0.
 
  2009          -0.      -0.       0.      -0.       0.      -0.
                -0.       0.      -0.      -0.       0.      -0.            0.
 
  2010           0.      -0.      -0.      -0.       0.      -0.
                -0.       0.      -0.       0.      -0.      -0.           -0.
 
  2011           0.      -0.      -0.      -0.       0.      -0.
                 0.      -0.      -0.       0.      -0.      -0.           -0.
 
  2012           0.      -0.      -0.       0.      -0.      -0.
                 0.      -0.       0.      -0.      -0.       0.            0.
 
  2013          -0.      -0.       0.      -0.      -0.       0.
                -0.      -0.       0.      -0.      -0.       0.           -0.
 
  2014          -0.      -0.       0.      -0.      -0.       0.
                -0.       0.      -0.      -0.       0.      -0.           -0.
 
  2015          -0.      -0.       0.      -0.       0.      -0.
                -0.       0.      -0.      -0.       0.      -0.            0.
 
  2016           0.       0.      -0.      -0.       0.      -0.
                 0.      -0.      -0.       0.      -0.      -0.           -0.
 
  AVGE          -0.      -0.       0.      -0.       0.       0.
                -0.       0.       0.      -0.       0.      -0.

  Table Total-          -0.   Mean-        -0.   Std. Dev.-         0.
                              Min -        -0.        Max -         0.

 D 18.A  Combined calendar adjustment component forecasts
  From  2017.Jan to 2017.Dec
  Observations         12
 -----------------------------------------------------------------------------
               Jan      Feb      Mar      Apr      May      Jun 
               Jul      Aug      Sep      Oct      Nov      Dec         AVGE  
 -----------------------------------------------------------------------------
  2017           0.      -0.      -0.       0.      -0.      -0.
                 0.      -0.      -0.       0.      -0.       0.            0.
 
        ces_hours 27140            PAGE  16, SERIES ces_hours_additi

 E 4  Differences of annual totals
  From          2007 to 2016
  Observations         10
 -----------------------------------
  Year       Unmodified     Modified
                  (D11)         (E2)
 -----------------------------------
  2007               0.           0.
 
  2008              -0.          -0.
 
  2009               0.           0.
 
  2010              -0.          -0.
 
  2011               0.           0.
 
  2012               1.           1.
 
  2013              -0.          -0.
 
  2014              -0.          -0.
 
  2015               0.           0.
 
  2016              -0.          -0.
 
        ces_hours 27140            PAGE  17, SERIES ces_hours_additi

 E 5  Month-to-month differences in the original series
  From  2007.Feb to 2016.Dec
  Observations        119
 -----------------------------------------------------------------------------
               Jan      Feb      Mar      Apr      May      Jun 
               Jul      Aug      Sep      Oct      Nov      Dec         AVGE  
 -----------------------------------------------------------------------------
  2007                   -0.       0.       1.      -0.       1.
                 1.      -1.       1.      -0.      -0.       1.            0.
 
  2008          -0.      -0.       1.      -1.      -0.       0.
                -1.       0.       0.      -0.       1.      -1.           -0.
 
  2009           0.       0.      -0.      -0.      -0.       1.
                -1.       1.      -1.       0.       1.      -1.           -0.
 
  2010          -0.      -0.       0.       1.       0.      -0.
                 0.       1.      -0.      -0.       0.      -0.            0.
 
  2011           1.      -0.       0.       0.       1.      -0.
                -0.       0.      -0.       1.      -1.      -0.            0.
 
  2012           0.      -0.      -1.       1.      -1.       0.
                 0.       0.       1.      -1.      -0.       1.            0.
 
  2013          -1.       0.      -0.      -0.      -0.       1.
                -1.       1.       1.      -1.       0.       1.            0.
 
  2014          -1.       0.       1.      -0.      -0.       1.
                -1.       1.      -0.      -0.       0.      -1.           -0.
 
  2015          -0.       1.      -0.      -1.       0.       0.
                 0.       1.      -1.       1.       0.      -1.            0.
 
  2016           0.       0.      -0.       0.       1.      -0.
                 0.      -0.       0.       1.      -0.       1.            0.
 
  AVGE          -0.       0.       0.      -0.      -0.       0.
                -0.       0.      -0.      -0.       0.      -0.

  Table Total-           0.   Mean-         0.   Std. Dev.-         1.
                              Min -        -2.        Max -         1.
        ces_hours 27140            PAGE  18, SERIES ces_hours_additi

 E 6  Month-to-month differences in seasonally adjusted series (D11)
  From  2007.Feb to 2016.Dec
  Observations        119
 -----------------------------------------------------------------------------
               Jan      Feb      Mar      Apr      May      Jun 
               Jul      Aug      Sep      Oct      Nov      Dec         AVGE  
 -----------------------------------------------------------------------------
  2007                   -0.       0.      -0.       1.       0.
                 0.      -1.       0.      -0.      -0.       0.            0.
 
  2008           0.      -0.       0.      -0.      -0.      -1.
                 0.      -0.       0.      -0.       0.      -0.           -0.
 
  2009          -0.       0.      -1.      -0.      -0.       0.
                -0.       0.      -0.       0.       0.      -1.           -0.
 
  2010          -1.       0.       1.       0.      -0.       0.
                 0.      -0.      -0.      -0.       0.       0.            0.
 
  2011           0.       0.       0.       0.       0.      -0.
                 0.      -0.      -0.       0.      -0.      -0.            0.
 
  2012          -0.      -0.      -0.      -0.       0.      -0.
                 0.       1.      -0.      -0.      -0.      -0.           -0.
 
  2013           0.       0.      -0.      -0.       0.       0.
                -0.       0.       0.      -0.       0.       0.            0.
 
  2014          -0.      -0.       0.       0.      -0.       0.
                -0.      -0.      -0.      -0.      -0.      -0.           -0.
 
  2015          -0.       0.      -0.      -0.       0.       0.
                 1.      -1.       0.       0.      -0.      -0.           -0.
 
  2016           0.      -0.       0.       0.       0.      -0.
                 0.      -0.      -0.      -0.       1.       0.            0.
 
  AVGE          -0.      -0.       0.      -0.       0.      -0.
                 0.      -0.      -0.      -0.       0.      -0.

  Table Total-           0.   Mean-         0.   Std. Dev.-         0.
                              Min -        -1.        Max -         1.
        ces_hours 27140            PAGE  19, SERIES ces_hours_additi

 E 7  Month-to-month differences in final trend cycle (D12)
  From  2007.Feb to 2016.Dec
  Observations        119
 -----------------------------------------------------------------------------
               Jan      Feb      Mar      Apr      May      Jun 
               Jul      Aug      Sep      Oct      Nov      Dec         AVGE  
 -----------------------------------------------------------------------------
  2007                    0.       0.       0.       0.       0.
                 0.      -0.      -0.      -0.      -0.       0.            0.
 
  2008           0.       0.      -0.      -0.      -0.      -0.
                -0.      -0.      -0.       0.       0.      -0.           -0.
 
  2009          -0.      -0.      -0.      -0.      -0.       0.
                 0.       0.      -0.      -0.      -0.      -0.           -0.
 
  2010          -0.       0.       0.       0.       0.       0.
                 0.       0.       0.       0.       0.       0.            0.
 
  2011           0.       0.       0.       0.       0.      -0.
                -0.      -0.      -0.       0.      -0.      -0.            0.
 
  2012          -0.      -0.      -0.      -0.      -0.      -0.
                 0.       0.      -0.      -0.      -0.      -0.           -0.
 
  2013          -0.       0.       0.       0.       0.       0.
                 0.       0.       0.       0.       0.       0.            0.
 
  2014           0.       0.       0.      -0.      -0.      -0.
                -0.      -0.      -0.      -0.      -0.      -0.           -0.
 
  2015          -0.      -0.      -0.      -0.       0.       0.
                 0.       0.       0.       0.      -0.      -0.            0.
 
  2016          -0.       0.       0.       0.       0.      -0.
                -0.      -0.       0.       0.       0.       0.            0.
 
  AVGE          -0.       0.       0.       0.       0.       0.
                 0.      -0.      -0.       0.       0.       0.

  Table Total-           1.   Mean-         0.   Std. Dev.-         0.
                              Min -        -0.        Max -         0.
        ces_hours 27140            PAGE  20, SERIES ces_hours_additi

 E 8  Month-to-month differences in original series adjusted for calendar factors (A18)
  From  2007.Feb to 2016.Dec
  Observations        119
 -----------------------------------------------------------------------------
               Jan      Feb      Mar      Apr      May      Jun 
               Jul      Aug      Sep      Oct      Nov      Dec         AVGE  
 -----------------------------------------------------------------------------
  2007                   -1.       0.      -0.       0.       1.
                -0.      -1.       0.       0.      -0.      -0.           -0.
 
  2008           1.      -0.       0.      -0.      -1.      -0.
                -0.       0.       0.       0.      -0.      -0.           -0.
 
  2009           0.      -0.      -1.       0.      -0.       1.
                -0.       0.      -0.       0.       0.      -1.           -0.
 
  2010          -0.       0.       0.       1.      -0.       0.
                -0.       0.      -0.      -0.       0.       0.            0.
 
  2011           0.       0.       0.       0.      -0.      -0.
                -0.       0.      -0.       0.      -0.      -0.            0.
 
  2012          -0.       0.      -0.       0.       0.       0.
                -0.       1.      -0.      -0.      -0.      -0.           -0.
 
  2013           0.       0.      -0.      -0.       0.       1.
                -1.       1.       0.      -0.       0.       0.            0.
 
  2014          -0.      -0.       0.       0.      -0.       0.
                -1.       0.      -0.      -0.      -0.      -0.           -0.
 
  2015          -0.       1.      -0.      -0.       0.       1.
                 0.      -0.       0.       0.      -0.      -0.            0.
 
  2016          -0.       0.       0.       0.      -0.       0.
                 0.      -0.      -0.      -0.       1.       0.            0.
 
  AVGE          -0.       0.      -0.       0.      -0.       0.
                -0.       0.      -0.      -0.       0.      -0.

  Table Total-           0.   Mean-         0.   Std. Dev.-         0.
                              Min -        -1.        Max -         1.
        ces_hours 27140            PAGE  21, SERIES ces_hours_additi

 E 18  Final adjustment ratios
  From  2007.Jan to 2016.Dec
  Observations        120
 -----------------------------------------------------------------------------
               Jan      Feb      Mar      Apr      May      Jun 
               Jul      Aug      Sep      Oct      Nov      Dec         AVGE  
 -----------------------------------------------------------------------------
  2007       99.924   99.802   99.284  101.267   98.663  100.165
            100.716   98.890  101.001  100.033   99.597  100.825       100.014
 
  2008       99.841   99.615  100.976   99.267   98.905  102.061
             99.236  100.194   99.906   99.639  101.119   98.955        99.976
 
  2009       99.854   99.733  100.538   99.977   99.743  100.572
             98.662  101.432   99.237  100.180  101.340   98.935       100.017
 
  2010      100.398   99.782   98.986   99.656  100.972   99.714
             99.035  101.192  100.054  100.850   99.990   98.630        99.938
 
  2011      101.212   99.829   98.935   99.453  100.628  100.295
             99.551   99.926   99.984  101.762   99.235   99.287       100.008
 
  2012      100.566  100.019   99.059  101.267   99.237   99.837
            100.045   99.599  101.630   99.910   99.618  101.115       100.158
 
  2013       98.931   99.861   99.780   99.864   98.830  101.562
             98.607  100.099  101.863   99.914   99.491  100.758        99.963
 
  2014       98.480   99.847  100.841   99.042   99.320  101.785
             98.726  100.712  100.485   99.554  101.322   99.444        99.963
 
  2015       98.900   99.738  100.425   99.663   99.944  100.503
             98.522  101.698   99.596  100.126  101.554   99.508       100.015
 
  2016       99.600  100.545   99.004   99.218  100.520  100.350
             99.912   99.731   99.795  101.952   99.537   99.680        99.987
 
  AVGE       99.771   99.877   99.783   99.868   99.676  100.685
             99.301  100.347  100.355  100.392  100.280   99.714

  Table Total-       12000.   Mean-       100.   Std. Dev.-         1.
                              Min -        98.        Max -       102.

 E 18.A  Final adjustment ratio forecasts
  From  2017.Jan to 2017.Dec
  Observations         12
 -----------------------------------------------------------------------------
               Jan      Feb      Mar      Apr      May      Jun 
               Jul      Aug      Sep      Oct      Nov      Dec         AVGE  
 -----------------------------------------------------------------------------
  2017      100.182   99.595   98.664  100.945   99.096  100.012
            101.050   99.677   99.527  101.520  100.184  100.339       100.066
 
        ces_hours 27140            PAGE  22, SERIES ces_hours_additi

 F 4.  Additive Day of the Week Trading Day Component Factors


      Day of Week Component for regARIMA Trading Day Factors:

                                       months starting on:
                     Mon      Tue      Wed      Thu      Fri      Sat      Sun
 31-day months        -0.      -0.      -0.      -0.       0.       0.       0.
 30-day months        -0.      -0.      -0.      -0.      -0.       0.       0.
 Leap year Feb.        0. ********      -0. ********      -0. ******** ********

  QS statistic for seasonality:
  Original Series                                    11.63  (P-Value =     0.0030)
  Original Series (EV adj)                           20.61  (P-Value =     0.0000)
  Residuals                                           0.00  (P-Value =     1.0000)
  Seasonally Adjusted Series                          0.00  (P-Value =     1.0000)
  Seasonally Adjusted Series (EV adj)                 0.00  (P-Value =     1.0000)
  Irregular Series                                    0.00  (P-Value =     1.0000)
  Irregular Series (EV adj)                           0.00  (P-Value =     1.0000)

  QS statistic for seasonality (starting 2009.Jan):
  Original Series                                    10.32  (P-Value =     0.0057)
  Original Series (EV adj)                           19.34  (P-Value =     0.0001)
  Residuals                                           0.00  (P-Value =     1.0000)
  Seasonally Adjusted Series                          0.00  (P-Value =     1.0000)
  Seasonally Adjusted Series (EV adj)                 0.00  (P-Value =     1.0000)
  Irregular Series                                    0.00  (P-Value =     1.0000)
  Irregular Series (EV adj)                           0.00  (P-Value =     1.0000)


 WARNING: Series should not be a candidate for seasonal adjustment
          because the spectrum of the prior adjusted series (Table B1)
          has no visually significant seasonal peaks.

          If this is a component series of an indirectly adjusted
          composite series, consider using type = trend or type = summary
          in the x11 spec.
        ces_hours 27140            PAGE  23, SERIES ces_hours_additi
 G 0  10*LOG(SPECTRUM) of the differenced Prior Adjusted Series
      (Table B1).  Spectrum estimated from 2009.Jan to 2016.Dec.
 ++++++++++I+++++++++++++++++++++++++++++++++++++++++++++++++++++++++++++I
       1.73I                                                            SI      1.73
           I                                                            SI
           I                                                            SI
           I                                                            SI
       0.00I                                                            SI      0.00
           I                                                            SI
           I                                                            SI
           I                                                            SI
      -1.72I                                                            SI     -1.72
           I                                                            SI
           I                                                            SI
           I                                                  S         SI
      -3.45I                                                  S         SI     -3.45
           I                                                  S         SI
           I                                       *          S         SI
           I                            *          *          S*        SI
      -5.18I                            *         **          S*       *SI     -5.18
           I                            *         **         *S*       *SI
           I                         *  *         **         *S*       *SI
           I                         *  *         **S        *S*       *SI
      -6.91I                         *  *         **S        *S*       *SI     -6.91
           I               *         ****         **S        *S*       *SI
           I               *         ****         **S       **S*       *SI
           I            *  *        ******   *    **S       **S*       *SI
      -8.64I            ** *        ******   *    **S       **S*       *SI     -8.64
           I            ****        ******   *   ***S       **S*T     **SI
           I            ****        ******   *   ***S*     ***S*T     **SI
           I    *       ****        ******   *   ***S*     ***S*T    ***SI
     -10.36I   **       *****       ******  **   ***S*     ***S*T   ****SI    -10.36
           I   **       *****    *  ******  ***  ***S*     ***S*T  *****SI
           I   **      ******    *********  ***  ***S*     ***S*T* *****SI
           I   **      ******    *********S *** ****S*     ***S*T*******SI
     -12.09I   **      ******    *********S**** ****S*    ****S*T*******SI    -12.09
           I   **   *  ******    *********S*********S*    ****S*T*******SI
           I   **  **  ******   S*********S*********S*T   ****S*T*******SI
           I   **  ***S******   S*********S*********S*T   ****S*T*******SI
     -13.82I   *** ***S******   S*********S*********S*T   ****S*T*******SI    -13.82
           I   *******S******   S*********S*********S*T   ****S*T*******SI
           I   *******S*******  S*********S*********S*T  *****S*T*******SI
           I   *******S*******  S*********S*********S*T* *****S*T*******SI
     -15.55I   *******S******* *S*********S*********S*T*******S*T*******SI    -15.55
           I   *******S*********S*********S*********S*T*******S*T*******SI
           I   *******S*********S*********S*********S*T*******S*T*******SI
           I  ********S*********S*********S*********S*T*******S*T*******SI
     -17.27I  ********S*********S*********S*********S*T*******S*T*******SI    -17.27
           I  ********S*********S*********S*********S*T*******S*T*******SI
           I  ********S*********S*********S*********S*T*******S*T*******SI
           I  ********S*********S*********S*********S*T*******S*T*******SI
     -19.00I  ********S*********S*********S*********S*T*******S*T*******SI    -19.00
           I  ********S*********S*********S*********S*T*******S*T*******SI
           I *********S*********S*********S*********S*T*******S*T*******SI
           I *********S*********S*********S*********S*T*******S*T*******SI
     -20.73I**********S*********S*********S*********S*T*******S*T*******SI    -20.73
 ++++++++++I+++++++++++++++++++++++++++++++++++++++++++++++++++++++++++++I
            S=SEASONAL FREQUENCIES, T=TRADING DAY FREQUENCIES
        ces_hours 27140            PAGE  24, SERIES ces_hours_additi
 G 1  10*LOG(SPECTRUM) of the differenced seasonally adjusted 
      data (Table E2).  Spectrum estimated from 2009.Jan to 2016.Dec.
 ++++++++++I+++++++++++++++++++++++++++++++++++++++++++++++++++++++++++++I
      -7.15I                                                             I     -7.15
           I             *                                           *   I
           I             *  *                                        *   I
           I             *  *                *    *                  *   I
      -8.33I             *  *                *    *                  *   I     -8.33
           I             *  *                *    *                  *   I
           I             *  *                *    *                  *   I
           I             *  *                *    *                  *   I
      -9.51I   *         *  *                *    *    *             *   I     -9.51
           I   *         *  *           *    *    *   T*        T    *   I
           I   **        *  *           *    *    *   T*        T    *   I
           I   **        *  *           *    *    *   T*        T    *   I
     -10.70I   **        *  *           *    *    *   T**       T    **  I    -10.70
           I   **        *  *           *    *   **   T***      T    **  I
           I   **        *  *           *    *   ***  T****     T*   **  I
           I   **        *  *        *  *    *   ***  T****     T*   **  I
     -11.88I   **        *  *        * **    *   *** *T****     T*   **  I    -11.88
           I   **        *  *        * **    **  *** *T****     T*  ***  I
           I   **  *     *  *       *****    **  *** *T*****    T*  ***  I
           I   **  *     *  *       ******   **  ***S*T*****    T*  ***  I
     -13.06I   **  *     * **       ******   **  ***S*T*****   *T*  ***  I    -13.06
           I   ** **     * **       ******   **  ***S*T*****   *T*  ***  I
           I   ** **     ****       ******  ***  ***S*T*****   *T*  ***  I
           I   ** **     ****      *******  ***  ***S*T*****   *T*  ***  I
     -14.24I   *****     ****      *******  ***  ***S*T******  *T*  ***  I    -14.24
           I   *****     ****     ********  ***  ***S*T******  *T** ***  I
           I   *****    *****     ********  *** ****S*T****** S*T******* I
           I   *****    *****     ********  *** ****S*T*******S*T******* I
     -15.43I   *****    ******    ********  ********S*T*******S*T******* I    -15.43
           I   *****    ******    ********  ********S*T*******S*T******* I
           I   *****    ******    ********S ********S*T*******S*T*******SI
           I   *****    ******    ********S ********S*T*******S*T*******SI
     -16.61I   *****    ******   *********S*********S*T*******S*T*******SI    -16.61
           I   *****    ******   *********S*********S*T*******S*T*******SI
           I  ******    ******   *********S*********S*T*******S*T*******SI
           I  ******    ******   *********S*********S*T*******S*T*******SI
     -17.79I  ******    ******   *********S*********S*T*******S*T*******SI    -17.79
           I  ******    ******   *********S*********S*T*******S*T*******SI
           I  *******   ******   *********S*********S*T*******S*T*******SI
           I  *******   ******   *********S*********S*T*******S*T*******SI
     -18.98I  *******   ******   *********S*********S*T*******S*T*******SI    -18.98
           I  *******   ******   *********S*********S*T*******S*T*******SI
           I  *******   ******   *********S*********S*T*******S*T*******SI
           I  *******   ******* S*********S*********S*T*******S*T*******SI
     -20.16I  *******   ******* S*********S*********S*T*******S*T*******SI    -20.16
           I  *******   ******* S*********S*********S*T*******S*T*******SI
           I ********  ******** S*********S*********S*T*******S*T*******SI
           I ********  *********S*********S*********S*T*******S*T*******SI
     -21.34I ********  *********S*********S*********S*T*******S*T*******SI    -21.34
           I*********  *********S*********S*********S*T*******S*T*******SI
           I********** *********S*********S*********S*T*******S*T*******SI
           I********** *********S*********S*********S*T*******S*T*******SI
     -22.53I**********S*********S*********S*********S*T*******S*T*******SI    -22.53
 ++++++++++I+++++++++++++++++++++++++++++++++++++++++++++++++++++++++++++I
            S=SEASONAL FREQUENCIES, T=TRADING DAY FREQUENCIES
        ces_hours 27140            PAGE  25, SERIES ces_hours_additi
 G 2  10*LOG(SPECTRUM) of the Modified Irregular (Table E3).  
      Spectrum estimated from 2009.Jan to 2016.Dec.
 ++++++++++I+++++++++++++++++++++++++++++++++++++++++++++++++++++++++++++I
     -10.98I                *                                            I    -10.98
           I                *                                            I
           I                *           *    *                           I
           I                *        *  *    *                           I
     -12.57I                *        *  *    *    *                      I    -12.57
           I                *        *  *    *    *                      I
           I             *  *        *  *    *    *                  *   I
           I             *  *        *  *    *    *                  *   I
     -14.16I             *  *     *  ** *    *    *                  *   I    -14.16
           I             *  *     *  ** **   *    *                  *   I
           I             *  *     *  *****   *    *   T*             *   I
           I             *  *     *  *****   *   **   T*             *   I
     -15.75I             *  *     * ******   *   **   T***           *   I    -15.75
           I             ** *     * ******   **  **   T***      T    *   I
           I             ** *     ********   **  ***  T****     T    **  I
           I             ****     ********   **  *** *T****     T*   **  I
     -17.34I             ****     ********   **  *** *T****     T*   **  I    -17.34
           I             *****    ********   **  ***S*T****     T*  ***  I
           I             *****    ********  ***  ***S*T*****    T*  ***  I
           I             *****    ********  ***  ***S*T*****   *T*  ***  I
     -18.93I             *****   *********  ***  ***S*T*****   *T*  ***  I    -18.93
           I            ******   *********  *** ****S*T*****   *T*  ***  I
           I            ******   *********S ********S*T******  *T*  ***  I
           I            ******   *********S ********S*T****** S*T******  I
     -20.52I            ******   *********S ********S*T*******S*T******* I    -20.52
           I            ******   *********S*********S*T*******S*T******* I
           I          S ******   *********S*********S*T*******S*T******* I
           I          S*******   *********S*********S*T*******S*T*******SI
     -22.11I          S*******   *********S*********S*T*******S*T*******SI    -22.11
           I          S*******   *********S*********S*T*******S*T*******SI
           I          S*******   *********S*********S*T*******S*T*******SI
           I          S*******   *********S*********S*T*******S*T*******SI
     -23.71I          S******** S*********S*********S*T*******S*T*******SI    -23.71
           I          S******** S*********S*********S*T*******S*T*******SI
           I          S******** S*********S*********S*T*******S*T*******SI
           I         *S*********S*********S*********S*T*******S*T*******SI
     -25.30I         *S*********S*********S*********S*T*******S*T*******SI    -25.30
           I         *S*********S*********S*********S*T*******S*T*******SI
           I         *S*********S*********S*********S*T*******S*T*******SI
           I         *S*********S*********S*********S*T*******S*T*******SI
     -26.89I         *S*********S*********S*********S*T*******S*T*******SI    -26.89
           I   *     *S*********S*********S*********S*T*******S*T*******SI
           I   **    *S*********S*********S*********S*T*******S*T*******SI
           I*  **    *S*********S*********S*********S*T*******S*T*******SI
     -28.48I*****    *S*********S*********S*********S*T*******S*T*******SI    -28.48
           I*****    *S*********S*********S*********S*T*******S*T*******SI
           I*****   **S*********S*********S*********S*T*******S*T*******SI
           I*****   **S*********S*********S*********S*T*******S*T*******SI
     -30.07I******  **S*********S*********S*********S*T*******S*T*******SI    -30.07
           I******  **S*********S*********S*********S*T*******S*T*******SI
           I******  **S*********S*********S*********S*T*******S*T*******SI
           I******  **S*********S*********S*********S*T*******S*T*******SI
     -31.66I**********S*********S*********S*********S*T*******S*T*******SI    -31.66
 ++++++++++I+++++++++++++++++++++++++++++++++++++++++++++++++++++++++++++I
            S=SEASONAL FREQUENCIES, T=TRADING DAY FREQUENCIES
        ces_hours 27140            PAGE  26, SERIES ces_hours_additi

  Peak probabilities for Tukey spectrum estimator
  Spectrum estimated from 2009.Jan to 2016.Dec.

                                          S1       S2       S3       S4       S5       S6       TD
                                        ------   ------   ------   ------   ------   ------   ------
  Model Residuals                        0.000    0.183    0.364    0.819    0.650    0.731    0.261  
  Prior Adjusted Series (Table B1)       0.500    0.375    0.010    0.887    0.964*   0.970*   0.382  
  Seasonally adjusted series (E2)        0.089    0.002    0.003    0.118    0.024    0.229    0.483  
  Modified Irregular (E3)                0.246    0.001    0.002    0.111    0.027    0.239    0.490  
  ----------
     ** - Peak Probability > 0.99,
      * - 0.90 < Peak Probability < 0.99


