  Reading input spec file from D:\Programming\Dynamic Paper-dlrhcs_replication\outputs\empirical\unemployment\raw_sa_pilot\x13_work\ces_hours_log_additive_46220_200701_201612.spc

1

               U. S. Department of Commerce, U. S. Census Bureau

              X-13ARIMA-SEATS monthly seasonal adjustment Method,
                          Release Version 1.1 Build 62


           This software application provides an enhanced version of
             Statistics Canada's X-11-ARIMA extension (Dagum, 1980)
                 of the X-11 variant of the Census Method II of
                      Shiskin, Young and Musgrave (1967).

            It also provides an ARIMA model-based method following
       Hillmer and Tiao (1982) and Burman (1980) that is very similar
       to the update of the method of SEATS (Gomez and Maravall, 1996)
                produced at the Bank of Spain by G. Caporello and
               A. Maravall for TSW (Caporello and Maravall, 2004).
          The present application includes additional enhancements.

         X-13ARIMA-SEATS includes an automatic ARIMA model selection procedure
          based largely on the procedure of Gomez and Maravall (1998)
            as implemented in TRAMO (1996) and subsequent revisions.

              Primary Programmers: Brian Monsell, Mark Otto and,
                 for the ARIMA model-based signal extraction,
                      Gianluca Caporello and Victor Gomez


     Series Title- ces_hours 46220
     Series Name- ces_hours_log_ad
     Jul 29, 2026  08.44.49 

        -Period covered-  1st month,2007 to 12th month,2016
        -Type of run - additive seasonal adjustment

        -Sigma limits for graduating extreme values are  1.5 and  2.5 .
        -3x3 moving average used in section 1 of each iteration, 
         3x5 moving average in section 2 of iterations B and C,
         moving average for final seasonal factors chosen by Global MSR.
        -Holiday adjustment factors applied directly to the final seasonally adjusted series
        -Spectral plots generated for selected series
        -Spectral plots generated for series starting in 2009.Jan

 FILE SAVE REQUESTS (* indicates file exists and will be overwritten)
  D:\Programming\Dynamic Paper-dlrhcs_replication\outputs\empirical\unemployment\raw_sa_pilot\x13_work\ces_hours_log_additive_46220_200701_201612.d10  final seasonal factors
  D:\Programming\Dynamic Paper-dlrhcs_replication\outputs\empirical\unemployment\raw_sa_pilot\x13_work\ces_hours_log_additive_46220_200701_201612.d11  final seasonally adjusted data
  D:\Programming\Dynamic Paper-dlrhcs_replication\outputs\empirical\unemployment\raw_sa_pilot\x13_work\ces_hours_log_additive_46220_200701_201612.out  program output file
  D:\Programming\Dynamic Paper-dlrhcs_replication\outputs\empirical\unemployment\raw_sa_pilot\x13_work\ces_hours_log_additive_46220_200701_201612.err  program error file
        ces_hours 46220            PAGE   1, SERIES ces_hours_log_ad

     Contents of spc file D:\Programming\Dynamic Paper-dlrhcs_replication\outputs\empirical\unemployment\raw_sa_pilot\x13_work\ces_hours_log_additive_46220_200701_201612.spc

 Line #
 ------
      1: series {
      2:   title = "ces_hours 46220"
      3:   start = 2007.1
      4:   period = 12
      5:   data = (
      6: 39.5
      7: 39.7
      8: 39.2
      9: 39.2
     10: 39.1
     11: 39
     12: 39
     13: 39.5
     14: 40
     15: 40.7
     16: 40.5
     17: 39.9
     18: 38.5
     19: 38.7
     20: 38.2
     21: 38.9
     22: 39.1
     23: 36.1
     24: 37.2
     25: 38.1
     26: 38
     27: 38.5
     28: 37.4
     29: 37.3
     30: 36.7
     31: 37.2
     32: 37
     33: 37.5
     34: 37.1
     35: 37.1
     36: 36.8
     37: 37.7
     38: 37.7
     39: 37.9
     40: 37.5
     41: 37.1
     42: 37
     43: 37.2
     44: 37.2
     45: 37.6
     46: 38.5
     47: 38.3
     48: 37.9
     49: 38.7
     50: 38.5
     51: 38.6
     52: 38.4
     53: 37.8
     54: 36.5
     55: 37.6
     56: 36.8
     57: 38.5
     58: 39.2
     59: 36.8
     60: 33.3
     61: 37
     62: 36.8
     63: 36.9
     64: 35.8
     65: 35.5
     66: 34.6
     67: 36
     68: 34.8
     69: 36.5
     70: 36.5
     71: 36.4
     72: 36.7
     73: 37
     74: 37.9
     75: 37.4
     76: 36.9
     77: 36.5
     78: 37.8
     79: 38.1
     80: 38.3
     81: 37.6
     82: 38.1
     83: 38.4
     84: 37.9
     85: 38.9
     86: 38.1
     87: 37
     88: 37.3
     89: 37.7
     90: 35.9
     91: 36.4
     92: 36.5
     93: 36.4
     94: 36.5
     95: 36.7
     96: 36.1
     97: 36.5
     98: 35.8
     99: 35.7
    100: 35.1
    101: 35.4
    102: 33.3
    103: 34.6
    104: 34.9
    105: 34
    106: 36.7
    107: 35.4
    108: 35.9
    109: 35.8
    110: 34.9
    111: 36.8
    112: 35.8
    113: 35.1
    114: 34.9
    115: 35.3
    116: 34.4
    117: 35
    118: 35.6
    119: 34.8
    120: 35
    121: 34.9
    122: 34.1
    123: 34.7
    124: 33.5
    125: 34.4
    126:   )
    127: }
    128: transform { function = log }
    129: regression { aictest = (td easter) }
    130: automdl {}
    131: x11 { mode = add save = (d10 d11) }
        ces_hours 46220            PAGE   2, SERIES ces_hours_log_ad

 A 1  Time series data (for the span analyzed)
  From  2007.Jan to 2016.Dec
  Observations        120
 -----------------------------------------------------------------------------
               Jan      Feb      Mar      Apr      May      Jun 
               Jul      Aug      Sep      Oct      Nov      Dec        TOTAL  
 -----------------------------------------------------------------------------
  2007          40.      40.      39.      39.      39.      39.
                39.      40.      40.      41.      41.      40.          475.
 
  2008          39.      39.      38.      39.      39.      36.
                37.      38.      38.      39.      37.      37.          456.
 
  2009          37.      37.      37.      38.      37.      37.
                37.      38.      38.      38.      38.      37.          447.
 
  2010          37.      37.      37.      38.      39.      38.
                38.      39.      39.      39.      38.      38.          456.
 
  2011          37.      38.      37.      39.      39.      37.
                33.      37.      37.      37.      36.      36.          441.
 
  2012          35.      36.      35.      37.      37.      36.
                37.      37.      38.      37.      37.      37.          437.
 
  2013          38.      38.      38.      38.      38.      38.
                38.      39.      38.      37.      37.      38.          455.
 
  2014          36.      36.      37.      36.      37.      37.
                36.      37.      36.      36.      35.      35.          433.
 
  2015          33.      35.      35.      34.      37.      35.
                36.      36.      35.      37.      36.      35.          423.
 
  2016          35.      35.      34.      35.      36.      35.
                35.      35.      34.      35.      34.      34.          417.
 
  AVGE          36.      37.      37.      37.      38.      37.
                37.      37.      37.      37.      37.      37.

  Table Total-        4440.   Mean-        37.   Std. Dev.-         2.
                              Min -        33.        Max -        41.
        ces_hours 46220            PAGE   3, SERIES ces_hours_log_ad
                        Automatic ARIMA Model Selection

                    Procedure based closely on TRAMO method 
                         of Gomez and Maravall (2000)
              "Automatic Modeling Methods for Univariate Series",
                            A Course in Time Series
                  (Edited by D. Pena, G. C. Tiao, R. S. Tsay),
                         New York : J. Wiley and Sons


     Maximum order for regular ARMA parameters :   2
     Maximum order for seasonal ARMA parameters :   1
     Maximum order for regular differencing :   2
     Maximum order for seasonal differencing :   1

   Results of Unit Root Test for identifying orders of differencing:
     Regular difference order :   1
     Seasonal difference order :   0

     Mean is not significant.

  Automatic model choice : (1 1 1)(1 0 1)
   Model changed to 
   ( 0, 1, 1) ( 0, 1, 1)


  Final Checks for Identified Model


  Checking for Unit Roots.
   No unit roots found.

  Checking for nonseasonal overdifferencing.
   Nonseasonal MA not within  0.001 of 1.0 - model passes test.

  Checking for insignificant ARMA coefficients.

  Final automatic model choice : (0 1 1)(0 1 1)
   End of automatic model selection procedure.

 Average absolute percentage error in within-sample forecasts:
  Last year:   1.63      Last-1 year:   2.35     Last-2 year:   3.41
  Last three years:    2.46

 Estimation converged in    1 ARMA iterations,    4 function evaluations.

 ARIMA Model:  (0 1 1)(0 1 1)
   Nonseasonal differences: 1
   Seasonal differences:    1
                                              Standard
 Parameter                    Estimate          Errors
 -----------------------------------------------------
 Nonseasonal MA                                    
   Lag  1                       0.5205         0.07588

 Seasonal MA                                       
   Lag 12                       0.8875         0.06882

 Variance                       0.49010E-03
 SE of Var                      0.67005E-04
 -----------------------------------------------------

 Likelihood Statistics
 ------------------------------------------------------------------
 Number of observations (nobs)                                  120
 Effective number of observations (nefobs)                      107
 Number of parameters estimated (np)                              3
 Log likelihood                                            247.0276
 Transformation Adjustment                                -385.4065
 Adjusted Log likelihood (L)                              -138.3789
 AIC                                                       282.7578 
 AICC (F-corrected-AIC)                                    282.9908 
 Hannan Quinn                                              286.0084 
 BIC                                                       290.7762 
 ------------------------------------------------------------------

 QS Statistic for regARIMA Model Residuals (full series):             0.00
                                                       (P-Value =     1.0000)

 QS Statistic for regARIMA Model Residuals (starting 2009.Jan):       0.00
                                                       (P-Value =     1.0000)


  At least one visually significant residual seasonal peaks has been
  found in the spectral plot of the following series starting in 2009.Jan:

          regARIMA model residuals (1 Seasonal peak(s))

      10*LOG(SPECTRUM) of the regARIMA model residuals
      Spectrum estimated from 2009.Jan to 2016.Dec.
 ++++++++++I+++++++++++++++++++++++++++++++++++++++++++++++++++++++++++++I
     -26.16I                                                             I    -26.16
           I                      *                                      I
           I                      *                                      I
           I                      *                                      I
     -27.23I                      *                                      I    -27.23
           I    *                 *                                      I
           I    *                 *                                      I
           I    *                 *                    *                 I
     -28.30I    *                 *                    *                 I    -28.30
           I    *                 *                    *                 I
           I    *                 *                    *                 I
           I    *                 *                    *                 I
     -29.37I    *                 *                    *                 I    -29.37
           I    *                 **                   *                 I
           I    *                 **                   *            *    I
           I    *                 **                   *            *    I
     -30.44I    *                 **                   *            *    I    -30.44
           I    *                 **                   *            *    I
           I   **                 **   *               *            *    I
           I   **                 **   *               *       *    *    I
     -31.51I   **                 **   *               *       *    **   I    -31.51
           I   **                 **   *    *          *       *    **   I
           I   **                ***   **   *          **      *    **   I
           I   **                ***   **   *         T**     S*    **   I
     -32.58I   **                ***   **  **         T**     S*    **   I    -32.58
           I   **     S          ***   **  **         T**     S*    **   I
           I   **     S     *    ***   **  **         T**     S*    **   I
           I   **     S     *    ***   **  ***        T**     S*    **   I
     -33.65I   **     S     *    ***   **  ***        T**     S*    **   I    -33.65
           I   **     S     **   ***   **  ***        T**     S*    **   I
           I   **     S    *****S***   **  ***   *    T***    S*    **   I
           I   **     S    *****S***  ****S***  **    T****   S*    **   I
     -34.72I   **     S    *****S**** ****S***  **    T****   S*    **   I    -34.72
           I   ***    S    *****S**** ****S*******    T*****  S*    **   I
           I   ***    S    *****S**** ****S********   T*****  S*    **   I
           I   ***   *S    *****S**** ****S********   T***** *S*    **   I
     -35.79I   ***   *S    *****S**** ****S********  *T*******S*    **   I    -35.79
           I   ***   *S    *****S*********S********  *T*******S*T   **   I
           I   ***   *S    *****S*********S********  *T*******S*T   ***  I
           I   ***   *S    *****S*********S********* *T*******S*T  ****  I
     -36.87I  ****   *S    *****S*********S*********S*T*******S*T  ****  I    -36.87
           I  ****   *S*   *****S*********S*********S*T*******S*T  ****  I
           I  ****   *S*   *****S*********S*********S*T*******S*T  ****  I
           I  ****   *S*  ******S*********S*********S*T*******S*T  ****  I
     -37.94I  ****   *S*  ******S*********S*********S*T*******S*T  ****  I    -37.94
           I  ****   *S*  ******S*********S*********S*T*******S*T  ***** I
           I  ****   *S*  ******S*********S*********S*T*******S*T  ***** I
           I  *****  *S*  ******S*********S*********S*T*******S*T  *****SI
     -39.01I  ***** **S*  ******S*********S*********S*T*******S*T  *****SI    -39.01
           I  ***** **S*  ******S*********S*********S*T*******S*T*******SI
           I ****** **S** ******S*********S*********S*T*******S*T*******SI
           I ****** **S*********S*********S*********S*T*******S*T*******SI
     -40.08I**********S*********S*********S*********S*T*******S*T*******SI    -40.08
 ++++++++++I+++++++++++++++++++++++++++++++++++++++++++++++++++++++++++++I
            S=SEASONAL FREQUENCIES, T=TRADING DAY FREQUENCIES


 FORECASTING
  Origin  2016.Dec
  Number        12

  Forecasts and Standard Errors of the Transformed Data
   ------------------------------
                         Standard
       Date   Forecast      Error
   ------------------------------
   2017.Jan       3.51      0.022
   2017.Feb       3.52      0.025
   2017.Mar       3.51      0.027
   2017.Apr       3.52      0.029
   2017.May       3.54      0.031
   2017.Jun       3.52      0.032
   2017.Jul       3.51      0.034
   2017.Aug       3.53      0.036
   2017.Sep       3.52      0.037
   2017.Oct       3.53      0.039
   2017.Nov       3.51      0.040
   2017.Dec       3.51      0.042
   ------------------------------

  Confidence intervals with coverage probability ( 0.95000
  On the Original Scale
   ---------------------------------------
       Date      Lower  Forecast     Upper
   ---------------------------------------
   2017.Jan      31.88     33.29     34.76
   2017.Feb      32.29     33.88     35.55
   2017.Mar      31.85     33.57     35.37
   2017.Apr      32.02     33.88     35.84
   2017.May      32.43     34.44     36.58
   2017.Jun      31.70     33.78     36.00
   2017.Jul      31.34     33.51     35.83
   2017.Aug      31.88     34.20     36.68
   2017.Sep      31.52     33.91     36.48
   2017.Oct      31.67     34.17     36.87
   2017.Nov      31.03     33.58     36.33
   2017.Dec      30.88     33.50     36.35
   ---------------------------------------
        ces_hours 46220            PAGE   4, SERIES ces_hours_log_ad

 B 1  Original series (prior adjusted)
  From  2007.Jan to 2016.Dec
  Observations        120
 -----------------------------------------------------------------------------
               Jan      Feb      Mar      Apr      May      Jun 
               Jul      Aug      Sep      Oct      Nov      Dec        TOTAL  
 -----------------------------------------------------------------------------
  2007          40.      40.      39.      39.      39.      39.
                39.      40.      40.      41.      40.      40.          475.
 
  2008          39.      39.      38.      39.      39.      36.
                37.      38.      38.      39.      37.      37.          456.
 
  2009          37.      37.      37.      38.      37.      37.
                37.      38.      38.      38.      38.      37.          447.
 
  2010          37.      37.      37.      38.      39.      38.
                38.      39.      39.      39.      38.      38.          456.
 
  2011          37.      38.      37.      39.      39.      37.
                33.      37.      37.      37.      36.      36.          441.
 
  2012          35.      36.      35.      37.      37.      36.
                37.      37.      38.      37.      37.      37.          437.
 
  2013          38.      38.      38.      38.      38.      38.
                38.      39.      38.      37.      37.      38.          455.
 
  2014          36.      36.      37.      36.      37.      37.
                36.      37.      36.      36.      35.      35.          433.
 
  2015          33.      35.      35.      34.      37.      35.
                36.      36.      35.      37.      36.      35.          423.
 
  2016          35.      35.      34.      35.      36.      35.
                35.      35.      34.      35.      34.      34.          417.
 
  AVGE          36.      37.      37.      37.      38.      37.
                37.      37.      37.      37.      37.      37.

  Table Total-        4440.   Mean-        37.   Std. Dev.-         2.
                              Min -        33.        Max -        41.

 B 1.A  Forecasts of (prior adjusted) original series
  From  2017.Jan to 2017.Dec
  Observations         12
 -----------------------------------------------------------------------------
               Jan      Feb      Mar      Apr      May      Jun 
               Jul      Aug      Sep      Oct      Nov      Dec        TOTAL  
 -----------------------------------------------------------------------------
  2017          33.      34.      34.      34.      34.      34.
                34.      34.      34.      34.      34.      34.          406.
 
        ces_hours 46220            PAGE   5, SERIES ces_hours_log_ad

 C 17  Final weights for irregular component
  From  2007.Jan to 2016.Dec
  Observations        120
  Lower sigma limit    1.50
  Upper sigma limit    2.50
 -----------------------------------------------------------------------------
               Jan      Feb      Mar      Apr      May      Jun 
               Jul      Aug      Sep      Oct      Nov      Dec         S.D.  
 -----------------------------------------------------------------------------
  2007         100.     100.     100.     100.     100.     100.
               100.     100.     100.     100.      85.     100.           27.
 
  2008         100.     100.     100.     100.       0.       0.
               100.     100.     100.     100.     100.     100.           27.
 
  2009         100.     100.     100.     100.     100.     100.
               100.     100.     100.     100.     100.     100.           27.
 
  2010         100.     100.     100.     100.     100.     100.
               100.     100.     100.     100.     100.     100.           33.
 
  2011         100.     100.     100.       0.       0.     100.
                 0.     100.     100.     100.     100.     100.           38.
 
  2012         100.     100.      95.     100.     100.     100.
               100.     100.     100.     100.     100.       0.           38.
 
  2013          27.     100.     100.     100.     100.     100.
               100.     100.     100.      14.     100.     100.           44.
 
  2014         100.     100.     100.     100.     100.     100.
               100.     100.     100.     100.     100.     100.           42.
 
  2015          87.     100.     100.       0.       0.     100.
               100.     100.       5.      74.     100.      79.           37.
 
  2016         100.     100.     100.     100.     100.     100.
               100.     100.     100.     100.     100.     100.           37.
 
        ces_hours 46220            PAGE   6, SERIES ces_hours_log_ad

 D 8  Final unmodified SI ratios
  From  2007.Jan to 2016.Dec
  Observations        120
 -----------------------------------------------------------------------------
               Jan      Feb      Mar      Apr      May      Jun 
               Jul      Aug      Sep      Oct      Nov      Dec         AVGE  
 -----------------------------------------------------------------------------
  2007          -0.      -0.      -0.      -0.      -0.      -0.
                -0.      -0.       0.       1.       1.       0.            0.
 
  2008          -1.      -0.      -1.       0.       1.      -2.
                -1.       0.       0.       1.       0.      -0.           -0.
 
  2009          -1.      -0.      -0.       0.      -0.      -0.
                -0.       1.       1.       1.       0.      -0.           -0.
 
  2010          -0.      -0.      -1.      -0.       0.       0.
                -0.       1.       0.       1.       0.      -0.            0.
 
  2011          -1.      -0.      -1.       1.       2.      -0.
                -3.       1.       1.       1.      -0.      -0.           -0.
 
  2012          -1.       0.      -1.       0.       0.       0.
                 0.       0.       1.       0.      -1.      -1.           -0.
 
  2013          -0.      -0.       0.      -1.      -0.       0.
                -0.       1.       0.      -1.      -0.       0.            0.
 
  2014          -1.      -1.      -0.      -0.       0.       1.
                 0.       1.       0.       0.      -0.       0.            0.
 
  2015          -2.      -0.      -0.      -1.       2.       0.
                 0.       0.      -1.       1.       0.      -1.           -0.
 
  2016          -1.      -0.      -1.      -0.       1.       0.
                 0.       1.      -0.       1.      -1.       0.            0.
 
  AVGE          -1.      -0.      -0.      -0.       1.      -0.
                -0.       0.       0.       1.      -0.      -0.

  Table Total-          -3.   Mean-        -0.   Std. Dev.-         1.
                              Min -        -3.        Max -         2.
        ces_hours 46220            PAGE   7, SERIES ces_hours_log_ad

 D 8.B  Final unmodified SI ratios, with labels for outliers and extreme values
  From  2007.Jan to 2016.Dec
  Observations        120
 ---------------------------------------------------------------------
               Jan       Feb       Mar       Apr       May       Jun  
               Jul       Aug       Sep       Oct       Nov       Dec  
 ---------------------------------------------------------------------
  2007         -0.       -0.       -0.       -0.       -0.       -0.  
               -0.       -0.        0.        1.        1.*       0.  
 
  2008         -1.       -0.       -1.        0.        1.*      -2.* 
               -1.        0.        0.        1.        0.       -0.  
 
  2009         -1.       -0.       -0.        0.       -0.       -0.  
               -0.        1.        1.        1.        0.       -0.  
 
  2010         -0.       -0.       -1.       -0.        0.        0.  
               -0.        1.        0.        1.        0.       -0.  
 
  2011         -1.       -0.       -1.        1.*       2.*      -0.  
               -3.*       1.        1.        1.       -0.       -0.  
 
  2012         -1.        0.       -1.*       0.        0.        0.  
                0.        0.        1.        0.       -1.       -1.* 
 
  2013         -0.*      -0.        0.       -1.       -0.        0.  
               -0.        1.        0.       -1.*      -0.        0.  
 
  2014         -1.       -1.       -0.       -0.        0.        1.  
                0.        1.        0.        0.       -0.        0.  
 
  2015         -2.*      -0.       -0.       -1.*       2.*       0.  
                0.        0.       -1.*       1.*       0.       -1.* 
 
  2016         -1.       -0.       -1.       -0.        1.        0.  
                0.        1.       -0.        1.       -1.        0.  
 

  Key to symbols:
    *  : extreme value as determined by X-11 extreme value procedure
 
        ces_hours 46220            PAGE   8, SERIES ces_hours_log_ad

 D 9  Final replacement values for SI ratios
  From  2007.Jan to 2016.Dec
  Observations        120
 ---------------------------------------------------------------
               Jan      Feb      Mar      Apr      May      Jun 
               Jul      Aug      Sep      Oct      Nov      Dec 
 ---------------------------------------------------------------
  2007     ******** ******** ******** ******** ******** ********
           ******** ******** ******** ********       1. ********
 
  2008     ******** ******** ******** ********      -0.      -0.
           ******** ******** ******** ******** ******** ********
 
  2009     ******** ******** ******** ******** ******** ********
           ******** ******** ******** ******** ******** ********
 
  2010     ******** ******** ******** ******** ******** ********
           ******** ******** ******** ******** ******** ********
 
  2011     ******** ******** ********       0.       0. ********
                -0. ******** ******** ******** ******** ********
 
  2012     ******** ********      -1. ******** ******** ********
           ******** ******** ******** ******** ********      -0.
 
  2013          -1. ******** ******** ******** ******** ********
           ******** ******** ********       0. ******** ********
 
  2014     ******** ******** ******** ******** ******** ********
           ******** ******** ******** ******** ******** ********
 
  2015          -2. ******** ********      -0.       0. ********
           ******** ********       0.       1. ********      -0.
 
  2016     ******** ******** ******** ******** ******** ********
           ******** ******** ******** ******** ******** ********
 

 D 9.A  Moving seasonality ratio
 ---------------------------------------------------------------
               Jan      Feb      Mar      Apr      May      Jun 
 ---------------------------------------------------------------
   I          0.397    0.300    0.439    0.395    0.249    0.184
   S          0.067    0.041    0.064    0.056    0.052    0.046
 RATIO        5.916    7.381    6.848    7.020    4.839    3.973



 ---------------------------------------------------------------
               Jul      Aug      Sep      Oct      Nov      Dec 
 ---------------------------------------------------------------
   I          0.183    0.295    0.196    0.274    0.384    0.364
   S          0.090    0.040    0.066    0.054    0.081    0.045
 RATIO        2.023    7.414    2.978    5.040    4.752    8.098



        ces_hours 46220            PAGE   9, SERIES ces_hours_log_ad

 D 10  Final seasonal factors
  From  2007.Jan to 2016.Dec
  Observations        120
  Seasonal filter    3 x 5 moving average
 -----------------------------------------------------------------------------
               Jan      Feb      Mar      Apr      May      Jun 
               Jul      Aug      Sep      Oct      Nov      Dec         AVGE  
 -----------------------------------------------------------------------------
  2007          -1.      -0.      -0.       0.      -0.      -0.
                -0.       0.       0.       1.       0.      -0.            0.
 
  2008          -1.      -0.      -0.       0.      -0.      -0.
                -0.       0.       0.       1.       0.      -0.            0.
 
  2009          -1.      -0.      -1.       0.       0.      -0.
                -0.       0.       0.       1.       0.      -0.           -0.
 
  2010          -1.      -0.      -1.       0.       0.      -0.
                -0.       0.       1.       1.       0.      -0.           -0.
 
  2011          -1.      -0.      -1.       0.       0.       0.
                -0.       1.       1.       1.      -0.      -0.           -0.
 
  2012          -1.      -0.      -0.      -0.       0.       0.
                -0.       1.       0.       0.      -0.      -0.            0.
 
  2013          -1.      -0.      -0.      -0.       0.       0.
                 0.       1.       0.       0.      -0.       0.           -0.
 
  2014          -1.      -0.      -0.      -0.       0.       0.
                 0.       1.       0.       0.      -0.       0.           -0.
 
  2015          -1.      -0.      -0.      -0.       0.       0.
                 0.       1.       0.       1.      -0.       0.           -0.
 
  2016          -1.      -0.      -0.      -0.       0.       0.
                 0.       1.       0.       1.      -0.       0.           -0.
 
  AVGE          -1.      -0.      -0.      -0.       0.       0.
                -0.       0.       0.       1.      -0.      -0.

  Table Total-          -0.   Mean-        -0.   Std. Dev.-         0.
                              Min -        -1.        Max -         1.

 D 10.A  Final seasonal component forecasts
  From  2017.Jan to 2017.Dec
  Observations         12
 -----------------------------------------------------------------------------
               Jan      Feb      Mar      Apr      May      Jun 
               Jul      Aug      Sep      Oct      Nov      Dec         AVGE  
 -----------------------------------------------------------------------------
  2017          -1.      -0.      -0.      -0.       0.       0.
                 0.       0.       0.       1.      -0.      -0.           -0.
 
        ces_hours 46220            PAGE  10, SERIES ces_hours_log_ad

 D 11  Final seasonally adjusted data
  From  2007.Jan to 2016.Dec
  Observations        120
 -----------------------------------------------------------------------------
               Jan      Feb      Mar      Apr      May      Jun 
               Jul      Aug      Sep      Oct      Nov      Dec        TOTAL  
 -----------------------------------------------------------------------------
  2007          40.      40.      40.      39.      39.      39.
                39.      39.      40.      40.      40.      40.          475.
 
  2008          39.      39.      39.      39.      39.      36.
                38.      38.      38.      38.      37.      37.          456.
 
  2009          37.      37.      38.      37.      37.      37.
                37.      37.      37.      37.      37.      37.          447.
 
  2010          38.      37.      38.      38.      38.      38.
                38.      38.      38.      38.      38.      38.          456.
 
  2011          37.      38.      37.      38.      39.      37.
                33.      36.      36.      36.      36.      36.          441.
 
  2012          36.      36.      35.      37.      36.      36.
                37.      36.      37.      37.      37.      37.          437.
 
  2013          39.      38.      39.      38.      38.      38.
                38.      38.      38.      37.      37.      38.          455.
 
  2014          37.      37.      37.      37.      36.      36.
                36.      36.      36.      35.      35.      35.          433.
 
  2015          34.      35.      35.      34.      36.      35.
                36.      35.      35.      36.      36.      35.          423.
 
  2016          36.      36.      35.      35.      35.      35.
                35.      34.      34.      34.      34.      34.          417.
 
  AVGE          37.      37.      37.      37.      37.      37.
                37.      37.      37.      37.      37.      37.

  Table Total-        4440.   Mean-        37.   Std. Dev.-         2.
                              Min -        33.        Max -        40.
        ces_hours 46220            PAGE  11, SERIES ces_hours_log_ad

 D 12  Final trend cycle
  From  2007.Jan to 2016.Dec
  Observations        120
  Trend filter    13-term Henderson moving average
  I/C ratio        2.37
 -----------------------------------------------------------------------------
               Jan      Feb      Mar      Apr      May      Jun 
               Jul      Aug      Sep      Oct      Nov      Dec        TOTAL  
 -----------------------------------------------------------------------------
  2007          40.      40.      40.      39.      39.      39.
                39.      39.      40.      40.      40.      40.          475.
 
  2008          39.      39.      39.      39.      38.      38.
                38.      38.      38.      37.      37.      37.          457.
 
  2009          37.      37.      37.      37.      37.      37.
                37.      37.      37.      37.      37.      37.          447.
 
  2010          37.      38.      38.      38.      38.      38.
                38.      38.      38.      38.      38.      38.          455.
 
  2011          38.      38.      37.      37.      37.      37.
                37.      36.      36.      36.      36.      36.          441.
 
  2012          36.      36.      36.      36.      36.      36.
                37.      37.      37.      37.      37.      38.          439.
 
  2013          38.      38.      38.      38.      38.      38.
                38.      38.      38.      38.      38.      37.          455.
 
  2014          37.      37.      37.      37.      36.      36.
                36.      36.      36.      35.      35.      35.          433.
 
  2015          35.      35.      35.      35.      35.      35.
                35.      36.      36.      36.      36.      36.          425.
 
  2016          36.      35.      35.      35.      35.      35.
                35.      34.      34.      34.      34.      34.          416.
 
  AVGE          37.      37.      37.      37.      37.      37.
                37.      37.      37.      37.      37.      37.

  Table Total-        4443.   Mean-        37.   Std. Dev.-         1.
                              Min -        34.        Max -        40.
        ces_hours 46220            PAGE  12, SERIES ces_hours_log_ad

 D 13  Final irregular component
  From  2007.Jan to 2016.Dec
  Observations        120
 -----------------------------------------------------------------------------
               Jan      Feb      Mar      Apr      May      Jun 
               Jul      Aug      Sep      Oct      Nov      Dec         S.D.  
 -----------------------------------------------------------------------------
  2007           0.       0.       0.      -0.      -0.      -0.
                 0.      -0.      -0.       0.       0.       0.            0.
 
  2008          -0.      -0.      -0.       0.       1.      -2.
                -0.       0.       0.       0.      -0.      -0.            1.
 
  2009           0.       0.       0.       0.      -0.      -0.
                -0.       0.       0.      -0.       0.      -0.            0.
 
  2010           0.      -0.       0.      -0.       0.       0.
                -0.       0.      -0.      -0.       0.       0.            0.
 
  2011          -0.       0.      -0.       1.       2.      -0.
                -3.       0.       0.       0.      -0.      -0.            1.
 
  2012          -0.       0.      -1.       0.       0.      -0.
                 0.      -0.       1.      -0.      -0.      -1.            0.
 
  2013           1.       0.       1.      -1.      -0.       0.
                -0.       0.      -0.      -1.      -0.       0.            1.
 
  2014          -0.      -0.       0.      -0.      -0.       0.
                -0.       0.      -0.      -0.       0.       0.            0.
 
  2015          -1.      -0.       0.      -1.       1.      -0.
                 0.      -0.      -1.       1.       0.      -1.            1.
 
  2016           0.       0.      -0.       0.       0.      -0.
                 0.       0.      -0.       0.      -0.       0.            0.
 
  S.D.           0.       0.       0.       1.       1.       1.
                 1.       0.       0.       0.       0.       0.

  Table Total-          -3.   Mean-        -0.   Std. Dev.-         1.
                              Min -        -3.        Max -         2.
        ces_hours 46220            PAGE  13, SERIES ces_hours_log_ad

 D 16  Combined adjustment factors
  From  2007.Jan to 2016.Dec
  Observations        120
 -----------------------------------------------------------------------------
               Jan      Feb      Mar      Apr      May      Jun 
               Jul      Aug      Sep      Oct      Nov      Dec         AVGE  
 -----------------------------------------------------------------------------
  2007          -1.      -0.      -0.       0.      -0.      -0.
                -0.       0.       0.       1.       0.      -0.            0.
 
  2008          -1.      -0.      -0.       0.      -0.      -0.
                -0.       0.       0.       1.       0.      -0.            0.
 
  2009          -1.      -0.      -1.       0.       0.      -0.
                -0.       0.       0.       1.       0.      -0.           -0.
 
  2010          -1.      -0.      -1.       0.       0.      -0.
                -0.       0.       1.       1.       0.      -0.           -0.
 
  2011          -1.      -0.      -1.       0.       0.       0.
                -0.       1.       1.       1.      -0.      -0.           -0.
 
  2012          -1.      -0.      -0.      -0.       0.       0.
                -0.       1.       0.       0.      -0.      -0.            0.
 
  2013          -1.      -0.      -0.      -0.       0.       0.
                 0.       1.       0.       0.      -0.       0.           -0.
 
  2014          -1.      -0.      -0.      -0.       0.       0.
                 0.       1.       0.       0.      -0.       0.           -0.
 
  2015          -1.      -0.      -0.      -0.       0.       0.
                 0.       1.       0.       1.      -0.       0.           -0.
 
  2016          -1.      -0.      -0.      -0.       0.       0.
                 0.       1.       0.       1.      -0.       0.           -0.
 
  AVGE          -1.      -0.      -0.      -0.       0.       0.
                -0.       0.       0.       1.      -0.      -0.

  Table Total-          -0.   Mean-        -0.   Std. Dev.-         0.
                              Min -        -1.        Max -         1.

 D 16.A  Combined adjustment component forecasts
  From  2017.Jan to 2017.Dec
  Observations         12
 -----------------------------------------------------------------------------
               Jan      Feb      Mar      Apr      May      Jun 
               Jul      Aug      Sep      Oct      Nov      Dec         AVGE  
 -----------------------------------------------------------------------------
  2017          -1.      -0.      -0.      -0.       0.       0.
                 0.       0.       0.       1.      -0.      -0.           -0.
 
        ces_hours 46220            PAGE  14, SERIES ces_hours_log_ad

 E 4  Differences of annual totals
  From          2007 to 2016
  Observations         10
 -----------------------------------
  Year       Unmodified     Modified
                  (D11)         (E2)
 -----------------------------------
  2007               0.           0.
 
  2008               0.           0.
 
  2009              -0.          -0.
 
  2010              -0.          -0.
 
  2011              -0.          -0.
 
  2012               0.           0.
 
  2013              -0.          -0.
 
  2014              -0.          -0.
 
  2015              -0.          -0.
 
  2016              -0.          -0.
 
        ces_hours 46220            PAGE  15, SERIES ces_hours_log_ad

 E 5  Month-to-month differences in the original series
  From  2007.Feb to 2016.Dec
  Observations        119
 -----------------------------------------------------------------------------
               Jan      Feb      Mar      Apr      May      Jun 
               Jul      Aug      Sep      Oct      Nov      Dec         AVGE  
 -----------------------------------------------------------------------------
  2007                    0.      -0.       0.      -0.      -0.
                 0.       1.       1.       1.      -0.      -1.            0.
 
  2008          -1.       0.      -0.       1.       0.      -3.
                 1.       1.      -0.       1.      -1.      -0.           -0.
 
  2009          -1.       1.      -0.       1.      -0.       0.
                -0.       1.       0.       0.      -0.      -0.           -0.
 
  2010          -0.       0.       0.       0.       1.      -0.
                -0.       1.      -0.       0.      -0.      -1.            0.
 
  2011          -1.       1.      -1.       2.       1.      -2.
                -3.       4.      -0.       0.      -1.      -0.           -0.
 
  2012          -1.       1.      -1.       2.       0.      -0.
                 0.       0.       1.      -0.      -0.      -0.            0.
 
  2013           1.       0.       0.      -1.       1.       0.
                -0.       1.      -1.      -1.       0.       0.            0.
 
  2014          -2.       1.       0.      -0.       0.       0.
                -1.       0.      -1.      -0.      -1.       0.           -0.
 
  2015          -2.       1.       0.      -1.       3.      -1.
                 1.      -0.      -1.       2.      -1.      -1.           -0.
 
  2016          -0.       0.      -1.       1.       1.      -1.
                 0.      -0.      -1.       1.      -1.       1.           -0.
 
  AVGE          -1.       1.      -0.       0.       1.      -1.
                -0.       1.      -0.       0.      -1.      -0.

  Table Total-          -5.   Mean-        -0.   Std. Dev.-         1.
                              Min -        -4.        Max -         4.
        ces_hours 46220            PAGE  16, SERIES ces_hours_log_ad

 E 6  Month-to-month differences in seasonally adjusted series (D11)
  From  2007.Feb to 2016.Dec
  Observations        119
 -----------------------------------------------------------------------------
               Jan      Feb      Mar      Apr      May      Jun 
               Jul      Aug      Sep      Oct      Nov      Dec         AVGE  
 -----------------------------------------------------------------------------
  2007                   -0.      -0.      -1.      -0.      -0.
                 0.      -0.       0.       0.       0.      -0.           -0.
 
  2008          -1.      -0.      -0.       0.       0.      -3.
                 1.       0.      -0.       0.      -1.       0.           -0.
 
  2009           0.      -0.       0.      -0.      -0.       0.
                -0.       0.      -0.      -0.       0.      -0.           -0.
 
  2010           1.      -0.       0.      -0.       1.      -0.
                -0.       0.      -0.      -0.       0.      -0.            0.
 
  2011          -0.       0.      -0.       1.       1.      -2.
                -3.       3.      -0.       0.      -1.      -0.           -0.
 
  2012           0.       0.      -1.       1.      -0.      -0.
                 1.      -0.       1.      -0.       0.      -1.            0.
 
  2013           2.      -1.       0.      -1.       0.       0.
                -0.       1.      -1.      -1.       1.       0.            0.
 
  2014          -1.      -0.       0.      -0.      -0.       0.
                -1.      -0.      -0.      -0.       0.       0.           -0.
 
  2015          -1.       0.       0.      -1.       2.      -1.
                 1.      -0.      -1.       2.      -0.      -1.           -0.
 
  2016           1.      -0.      -1.       0.       0.      -1.
                 0.      -0.      -0.       0.      -0.       1.           -0.
 
  AVGE           0.      -0.      -0.      -0.       0.      -1.
                -0.       0.      -0.       0.       0.      -0.

  Table Total-          -6.   Mean-        -0.   Std. Dev.-         1.
                              Min -        -3.        Max -         3.
        ces_hours 46220            PAGE  17, SERIES ces_hours_log_ad

 E 7  Month-to-month differences in final trend cycle (D12)
  From  2007.Feb to 2016.Dec
  Observations        119
 -----------------------------------------------------------------------------
               Jan      Feb      Mar      Apr      May      Jun 
               Jul      Aug      Sep      Oct      Nov      Dec         AVGE  
 -----------------------------------------------------------------------------
  2007                   -0.      -0.      -0.      -0.      -0.
                 0.       0.       0.       0.       0.      -0.           -0.
 
  2008          -0.      -0.      -0.      -0.      -0.      -0.
                -0.      -0.      -0.      -0.      -0.      -0.           -0.
 
  2009           0.      -0.      -0.      -0.      -0.      -0.
                -0.      -0.       0.       0.       0.       0.           -0.
 
  2010           0.       0.       0.       0.       0.       0.
                 0.       0.      -0.      -0.      -0.      -0.            0.
 
  2011          -0.      -0.      -0.      -0.      -0.      -0.
                -0.      -0.      -0.      -0.      -0.      -0.           -0.
 
  2012          -0.       0.       0.       0.       0.       0.
                 0.       0.       0.       0.       0.       0.            0.
 
  2013           0.       0.       0.      -0.      -0.      -0.
                -0.      -0.      -0.      -0.      -0.      -0.           -0.
 
  2014          -0.      -0.      -0.      -0.      -0.      -0.
                -0.      -0.      -0.      -0.      -0.      -0.           -0.
 
  2015          -0.      -0.       0.       0.       0.       0.
                 0.       0.       0.       0.       0.      -0.            0.
 
  2016          -0.      -0.      -0.      -0.      -0.      -0.
                -0.      -0.      -0.      -0.      -0.       0.           -0.
 
  AVGE          -0.      -0.      -0.      -0.      -0.      -0.
                -0.      -0.      -0.      -0.      -0.      -0.

  Table Total-          -6.   Mean-        -0.   Std. Dev.-         0.
                              Min -        -0.        Max -         0.
        ces_hours 46220            PAGE  18, SERIES ces_hours_log_ad

 E 8  Month-to-month differences in original series adjusted for calendar factors (A18)
  From  2007.Feb to 2016.Dec
  Observations        119
 -----------------------------------------------------------------------------
               Jan      Feb      Mar      Apr      May      Jun 
               Jul      Aug      Sep      Oct      Nov      Dec         AVGE  
 -----------------------------------------------------------------------------
  2007                    0.      -1.       0.      -0.      -0.
                 0.       1.       1.       1.      -0.      -1.            0.
 
  2008          -1.       0.      -0.       1.       0.      -3.
                 1.       1.      -0.       1.      -1.      -0.           -0.
 
  2009          -1.       1.      -0.       1.      -0.       0.
                -0.       1.       0.       0.      -0.      -0.           -0.
 
  2010          -0.       0.       0.       0.       1.      -0.
                -0.       1.      -0.       0.      -0.      -1.            0.
 
  2011          -1.       1.      -1.       2.       1.      -2.
                -4.       4.      -0.       0.      -1.      -0.           -0.
 
  2012          -1.       1.      -1.       2.       0.      -0.
                 0.       0.       1.      -0.      -0.      -0.            0.
 
  2013           1.       0.       0.      -1.       1.       0.
                -0.       1.      -1.      -1.       0.       0.            0.
 
  2014          -2.       1.       0.      -0.       0.       0.
                -1.       0.      -1.      -0.      -1.       0.           -0.
 
  2015          -2.       1.       0.      -1.       3.      -1.
                 1.      -0.      -1.       2.      -1.      -1.           -0.
 
  2016          -0.       0.      -1.       1.       1.      -1.
                 0.      -0.      -1.       1.      -1.       1.           -0.
 
  AVGE          -1.       1.      -0.       0.       1.      -1.
                -0.       1.      -0.       0.      -1.      -0.

  Table Total-          -5.   Mean-        -0.   Std. Dev.-         1.
                              Min -        -4.        Max -         4.
        ces_hours 46220            PAGE  19, SERIES ces_hours_log_ad

 E 18  Final adjustment ratios
  From  2007.Jan to 2016.Dec
  Observations        120
 -----------------------------------------------------------------------------
               Jan      Feb      Mar      Apr      May      Jun 
               Jul      Aug      Sep      Oct      Nov      Dec         AVGE  
 -----------------------------------------------------------------------------
  2007       98.434   99.394   98.825  100.121   99.886   99.664
             98.884  100.869  101.072  102.118  100.832   99.959       100.005
 
  2008       98.293   99.379   98.737  100.091   99.999   99.698
             98.895  100.976  101.150  102.199  100.826   99.885       100.011
 
  2009       97.983   99.407   98.517  100.181  100.213   99.829
             99.039  101.111  101.285  102.045  100.519   99.754        99.990
 
  2010       97.754   99.559   98.498  100.171  100.346   99.996
             99.288  101.274  101.365  101.727  100.163   99.720        99.988
 
  2011       97.494   99.613   98.513  100.072  100.486  100.257
             99.496  101.525  101.454  101.437   99.834   99.832       100.001
 
  2012       97.052   99.613   98.688   99.892  100.566  100.451
             99.861  101.606  101.276  101.268   99.674   99.960        99.992
 
  2013       97.114   99.566   98.876   99.818  100.647  100.531
            100.193  101.491  101.042  101.240   99.479  100.115       100.009
 
  2014       96.938   99.463   98.971   99.694  100.788  100.554
            100.406  101.575  100.798  101.374   99.387  100.151       100.008
 
  2015       96.851   99.287   98.899   99.603  101.004  100.559
            100.535  101.562  100.520  101.410   99.408  100.183        99.985
 
  2016       97.053   99.220   98.865   99.612  101.248  100.482
            100.580  101.535  100.344  101.683   99.458  100.039       100.010
 
  AVGE       97.496   99.450   98.739   99.926  100.518  100.202
             99.718  101.352  101.031  101.650   99.958   99.960

  Table Total-       12000.   Mean-       100.   Std. Dev.-         1.
                              Min -        97.        Max -       102.

 E 18.A  Final adjustment ratio forecasts
  From  2017.Jan to 2017.Dec
  Observations         12
 -----------------------------------------------------------------------------
               Jan      Feb      Mar      Apr      May      Jun 
               Jul      Aug      Sep      Oct      Nov      Dec         AVGE  
 -----------------------------------------------------------------------------
  2017       96.920   99.188   98.705   99.702  101.457  100.408
            100.693  101.436  100.289  101.831   99.454   99.907        99.999
 

  QS statistic for seasonality:
  Original Series                                     9.66  (P-Value =     0.0080)
  Original Series (EV adj)                            9.66  (P-Value =     0.0080)
  Residuals                                           0.00  (P-Value =     1.0000)
  Seasonally Adjusted Series                          0.00  (P-Value =     1.0000)
  Seasonally Adjusted Series (EV adj)                 0.00  (P-Value =     1.0000)
  Irregular Series                                    0.00  (P-Value =     1.0000)
  Irregular Series (EV adj)                           0.00  (P-Value =     1.0000)

  QS statistic for seasonality (starting 2009.Jan):
  Original Series                                     8.24  (P-Value =     0.0163)
  Original Series (EV adj)                            8.24  (P-Value =     0.0163)
  Residuals                                           0.00  (P-Value =     1.0000)
  Seasonally Adjusted Series                          0.00  (P-Value =     1.0000)
  Seasonally Adjusted Series (EV adj)                 0.00  (P-Value =     1.0000)
  Irregular Series                                    0.00  (P-Value =     1.0000)
  Irregular Series (EV adj)                           0.00  (P-Value =     1.0000)
        ces_hours 46220            PAGE  20, SERIES ces_hours_log_ad


  Visually significant residual trading day peaks have been
  found in the spectral plots of the following series starting in 2009.Jan:

          differenced seasonally adjusted series (Table E2) (1 Trading Day peak(s))

          Modified irregular component (Table E3) (1 Seasonal and 
        ces_hours 46220            PAGE  21, SERIES ces_hours_log_ad
 G 0  10*LOG(SPECTRUM) of the differenced Original Series
      (Table A1 or B1).  Spectrum estimated from 2009.Jan to 2016.Dec.
 ++++++++++I+++++++++++++++++++++++++++++++++++++++++++++++++++++++++++++I
       8.89I                                                            SI      8.89
           I                                                            SI
           I                                                            SI
           I                                                            SI
       7.02I                                                            SI      7.02
           I                                                            SI
           I                                        S                   SI
           I                                        S                   SI
       5.15I                                        S  *            *   SI      5.15
           I                                        S  *            *   SI
           I                                        S  *            *   SI
           I                                        S* *            *   SI
       3.28I                                        S* *       *    *   SI      3.28
           I                      *                 S*T*       *    *   SI
           I                      *                 S*T*      S*    *   SI
           I                      *        *        S*T*      S*    *   SI
       1.41I                    S *        *       *S*T*      S*    *  *SI      1.41
           I                    S***       *       *S*T**     S*    ** *SI
           I                    S***      S*       *S*T**    *S*    ** *SI
           I                   *S***    * S*       *S*T**   **S*    ** *SI
      -0.46I                   *S***    * S**      *S*T**   **S*    ** *SI     -0.46
           I          S        *S***   ***S**  *   *S*T**   **S*    ** *SI
           I          S        *S***   ***S**  *   *S*T**  ***S*    ****SI
           I          S        *S***   ***S**  *   *S*T**  ***S*T  *****SI
      -2.32I          S        *S***   ***S** ***  *S*T*** ***S*T  *****SI     -2.32
           I          S        *S***   ***S****** **S*T*******S*T  *****SI
           I          S        *S****  ***S****** **S*T*******S*T  *****SI
           I    *     S       **S**** ****S*********S*T*******S*T  *****SI
      -4.19I    *     S       **S**** ****S*********S*T*******S*T  *****SI     -4.19
           I    *     S       **S**** ****S*********S*T*******S*T  *****SI
           I    *     S     * **S*********S*********S*T*******S*T*******SI
           I   **     S    *****S*********S*********S*T*******S*T*******SI
      -6.06I   **     S    *****S*********S*********S*T*******S*T*******SI     -6.06
           I   **     S    *****S*********S*********S*T*******S*T*******SI
           I   **     S*   *****S*********S*********S*T*******S*T*******SI
           I   **    *S*   *****S*********S*********S*T*******S*T*******SI
      -7.93I   **    *S*   *****S*********S*********S*T*******S*T*******SI     -7.93
           I   **    *S*  ******S*********S*********S*T*******S*T*******SI
           I   **    *S*  ******S*********S*********S*T*******S*T*******SI
           I   **    *S*  ******S*********S*********S*T*******S*T*******SI
      -9.80I   **    *S*  ******S*********S*********S*T*******S*T*******SI     -9.80
           I   ***   *S** ******S*********S*********S*T*******S*T*******SI
           I   ***   *S*********S*********S*********S*T*******S*T*******SI
           I   ***   *S*********S*********S*********S*T*******S*T*******SI
     -11.67I  ****   *S*********S*********S*********S*T*******S*T*******SI    -11.67
           I  ****  **S*********S*********S*********S*T*******S*T*******SI
           I  ****  **S*********S*********S*********S*T*******S*T*******SI
           I  ***** **S*********S*********S*********S*T*******S*T*******SI
     -13.54I  ********S*********S*********S*********S*T*******S*T*******SI    -13.54
           I  ********S*********S*********S*********S*T*******S*T*******SI
           I  ********S*********S*********S*********S*T*******S*T*******SI
           I *********S*********S*********S*********S*T*******S*T*******SI
     -15.41I**********S*********S*********S*********S*T*******S*T*******SI    -15.41
 ++++++++++I+++++++++++++++++++++++++++++++++++++++++++++++++++++++++++++I
            S=SEASONAL FREQUENCIES, T=TRADING DAY FREQUENCIES
        ces_hours 46220            PAGE  22, SERIES ces_hours_log_ad
 G 1  10*LOG(SPECTRUM) of the differenced seasonally adjusted 
      data (Table E2).  Spectrum estimated from 2009.Jan to 2016.Dec.
 ++++++++++I+++++++++++++++++++++++++++++++++++++++++++++++++++++++++++++I
       2.84I                                           *                 I      2.84
           I                                           *                 I
           I                                *          *                 I
           I                                *          *                 I
       1.12I                                *          *                 I      1.12
           I                                *          *                 I
           I                                *          *                 I
           I                                *          *                 I
      -0.60I                                *          *                 I     -0.60
           I                                *          *        T    *   I
           I                                *         T*  *     T    *   I
           I                                *    *    T*  *     T    *   I
      -2.31I                                *    *    T*  *     T    *   I     -2.31
           I                                *    *    T*  *     T    *   I
           I                      *         *    *    T*  *     T    *   I
           I                      *         **   **   T*  *     T    *   I
      -4.03I    *                 *         **   **   T*  *     T    *   I     -4.03
           I    *                 *         **   **   T* **     T*  **   I
           I    *                 *         **  ***   T****     T*  **   I
           I    *                 *         **  ***   T****     T*  **   I
      -5.74I    *                 *         **  ***   T****     T*  **   I     -5.74
           I   **                 *         **  ***   T****     T*  **   I
           I   **                 **        *******   T****     T*  **   I
           I   **                 **        *******   T*****    T*  **   I
      -7.46I   **                 **        *******  *T*****   *T*  **   I     -7.46
           I   **                 ** *      ******** *T*****   *T*  **   I
           I   **                 ** *      ******** *T*****   *T******  I
           I   **                 ** *      ********S*T*****   *T******  I
      -9.17I   **                 ****      ********S*T*****   *T******  I     -9.17
           I   **            *    ****     *********S*T*****   *T******  I
           I   ***           *    *****    *********S*T*****   *T******  I
           I   ***           *   ******    *********S*T*****   *T******  I
     -10.89I   ***           **  ******    *********S*T*****  S*T******  I    -10.89
           I   ****          **  ******    *********S*T****** S*T******  I
           I   *****         **  ******    *********S*T****** S*T******  I
           I   *****        ***  ******    *********S*T*******S*T******* I
     -12.60I   *****      * ***  ******    *********S*T*******S*T******* I    -12.60
           I   *****      *****  ******    *********S*T*******S*T******* I
           I   *****      ****** ******    *********S*T*******S*T*******SI
           I  ******      ******S******    *********S*T*******S*T*******SI
     -14.32I  ******      ******S******    *********S*T*******S*T*******SI    -14.32
           I  *******    *******S*******   *********S*T*******S*T*******SI
           I  *******    *******S*******  S*********S*T*******S*T*******SI
           I  *******    *******S*******  S*********S*T*******S*T*******SI
     -16.04I  *******    *******S*******  S*********S*T*******S*T*******SI    -16.04
           I  *******    *******S*******  S*********S*T*******S*T*******SI
           I ********    *******S*******  S*********S*T*******S*T*******SI
           I ********    *******S*********S*********S*T*******S*T*******SI
     -17.75I *********   *******S*********S*********S*T*******S*T*******SI    -17.75
           I**********  ********S*********S*********S*T*******S*T*******SI
           I**********  ********S*********S*********S*T*******S*T*******SI
           I**********  ********S*********S*********S*T*******S*T*******SI
     -19.47I**********S*********S*********S*********S*T*******S*T*******SI    -19.47
 ++++++++++I+++++++++++++++++++++++++++++++++++++++++++++++++++++++++++++I
            S=SEASONAL FREQUENCIES, T=TRADING DAY FREQUENCIES
        ces_hours 46220            PAGE  23, SERIES ces_hours_log_ad
 G 2  10*LOG(SPECTRUM) of the Modified Irregular (Table E3).  
      Spectrum estimated from 2009.Jan to 2016.Dec.
 ++++++++++I+++++++++++++++++++++++++++++++++++++++++++++++++++++++++++++I
      -1.66I                                *                            I     -1.66
           I                                *                            I
           I                                *          *                 I
           I                                *          *                 I
      -3.11I                                *          *                 I     -3.11
           I                                *          *                 I
           I                      *         *          *                 I
           I                      *         *          *                 I
      -4.56I                      *         *          *                 I     -4.56
           I                      *         *          *                 I
           I                      *         *          *                 I
           I                      *         *          *                 I
      -6.01I                      *         *    *     *                 I     -6.01
           I                      *         *    *     *                 I
           I                      *         *    *    T*  *     T        I
           I                      *         **   *    T*  *     T    *   I
      -7.47I                      *         **   *    T*  *     T    *   I     -7.47
           I                      **        **   *    T*  *     T    *   I
           I                      **        **   *    T*  *     T    *   I
           I                      **        **   **   T*  *     T    *   I
      -8.92I                      **        **   **   T*  *     T    *   I     -8.92
           I                      **        **  ***   T* **     T    *   I
           I                      ** *      **  ***   T* **     T    *   I
           I                      ** *      **  ***   T****     T    *   I
     -10.37I                      ** *      *** ***   T****     T*  **   I    -10.37
           I                      ** *      *******   T****     T*  **   I
           I                      ****      *******   T****     T*  **   I
           I                 **  ******     *******   T****     T*  **   I
     -11.82I                 **  ******     *******   T****     T*  **   I    -11.82
           I                 **  ******    ********   T****     T*  **   I
           I                 **  ******    ********   T*****    T*  **   I
           I      *         ***  ******    ********* *T*****    T*  **   I
     -13.27I      *         **** ******    ********* *T*****   *T*  **   I    -13.27
           I      *         **** ******    ********* *T*****   *T*  **   I
           I      *         ****S******    *********S*T*****   *T******  I
           I      *         ****S******    *********S*T*****   *T******  I
     -14.73I     **        *****S******    *********S*T*****   *T******  I    -14.73
           I     **  *     *****S******    *********S*T*****   *T******  I
           I     *** *     *****S******    *********S*T*****   *T******  I
           I     *** *     *****S******    *********S*T*****   *T******  I
     -16.18I     *****S    *****S******    *********S*T*****   *T******  I    -16.18
           I     *****S    *****S******    *********S*T****** S*T******  I
           I     *****S    *****S*******   *********S*T****** S*T******  I
           I     *****S    *****S*******   *********S*T****** S*T******  I
     -17.63I     *****S    *****S*******  S*********S*T*******S*T******* I    -17.63
           I     *****S   ******S*******  S*********S*T*******S*T******* I
           I    ******S   ******S*******  S*********S*T*******S*T******* I
           I    ******S   ******S*******  S*********S*T*******S*T*******SI
     -19.08I    ******S*  ******S*******  S*********S*T*******S*T*******SI    -19.08
           I*   ******S*  ******S******** S*********S*T*******S*T*******SI
           I**  ******S*  ******S*********S*********S*T*******S*T*******SI
           I**  ******S* *******S*********S*********S*T*******S*T*******SI
     -20.54I**********S*********S*********S*********S*T*******S*T*******SI    -20.54
 ++++++++++I+++++++++++++++++++++++++++++++++++++++++++++++++++++++++++++I
            S=SEASONAL FREQUENCIES, T=TRADING DAY FREQUENCIES
        ces_hours 46220            PAGE  24, SERIES ces_hours_log_ad

  Peak probabilities for Tukey spectrum estimator
  Spectrum estimated from 2009.Jan to 2016.Dec.

                                          S1       S2       S3       S4       S5       S6       TD
                                        ------   ------   ------   ------   ------   ------   ------
  Model Residuals                        0.534    0.137    0.043    0.924*   0.654    0.224    0.976* 
  Original Series (Table A1 or B1)       0.934*   0.754    0.547    0.930*   0.628    0.898    0.926* 
  Seasonally adjusted series (E2)        0.439    0.246    0.027    0.056    0.059    0.200    0.995**
  Modified Irregular (E3)                0.439    0.265    0.041    0.049    0.058    0.222    0.996**
  ----------
     ** - Peak Probability > 0.99,
      * - 0.90 < Peak Probability < 0.99


