  Reading input spec file from D:\Programming\Dynamic Paper-dlrhcs_replication\outputs\empirical\unemployment\raw_sa_pilot\x13_work\ces_hours_additive_level_15180_200701_201612.spc

1

               U. S. Department of Commerce, U. S. Census Bureau

              X-13ARIMA-SEATS monthly seasonal adjustment Method,
                          Release Version 1.1 Build 62


           This software application provides an enhanced version of
             Statistics Canada's X-11-ARIMA extension (Dagum, 1980)
                 of the X-11 variant of the Census Method II of
                      Shiskin, Young and Musgrave (1967).

            It also provides an ARIMA model-based method following
       Hillmer and Tiao (1982) and Burman (1980) that is very similar
       to the update of the method of SEATS (Gomez and Maravall, 1996)
                produced at the Bank of Spain by G. Caporello and
               A. Maravall for TSW (Caporello and Maravall, 2004).
          The present application includes additional enhancements.

         X-13ARIMA-SEATS includes an automatic ARIMA model selection procedure
          based largely on the procedure of Gomez and Maravall (1998)
            as implemented in TRAMO (1996) and subsequent revisions.

              Primary Programmers: Brian Monsell, Mark Otto and,
                 for the ARIMA model-based signal extraction,
                      Gianluca Caporello and Victor Gomez


     Series Title- ces_hours 15180
     Series Name- ces_hours_additi
     Jul 29, 2026  08.38.58 

        -Period covered-  1st month,2007 to 12th month,2016
        -Type of run - additive seasonal adjustment

        -Sigma limits for graduating extreme values are  1.5 and  2.5 .
        -3x3 moving average used in section 1 of each iteration, 
         3x5 moving average in section 2 of iterations B and C,
         moving average for final seasonal factors chosen by Global MSR.
        -Holiday adjustment factors applied directly to the final seasonally adjusted series
        -Spectral plots generated for selected series
        -Spectral plots generated for series starting in 2009.Jan

 FILE SAVE REQUESTS (* indicates file exists and will be overwritten)
  D:\Programming\Dynamic Paper-dlrhcs_replication\outputs\empirical\unemployment\raw_sa_pilot\x13_work\ces_hours_additive_level_15180_200701_201612.d10  final seasonal factors
  D:\Programming\Dynamic Paper-dlrhcs_replication\outputs\empirical\unemployment\raw_sa_pilot\x13_work\ces_hours_additive_level_15180_200701_201612.d11  final seasonally adjusted data
  D:\Programming\Dynamic Paper-dlrhcs_replication\outputs\empirical\unemployment\raw_sa_pilot\x13_work\ces_hours_additive_level_15180_200701_201612.out  program output file
  D:\Programming\Dynamic Paper-dlrhcs_replication\outputs\empirical\unemployment\raw_sa_pilot\x13_work\ces_hours_additive_level_15180_200701_201612.err  program error file
        ces_hours 15180            PAGE   1, SERIES ces_hours_additi

     Contents of spc file D:\Programming\Dynamic Paper-dlrhcs_replication\outputs\empirical\unemployment\raw_sa_pilot\x13_work\ces_hours_additive_level_15180_200701_201612.spc

 Line #
 ------
      1: series {
      2:   title = "ces_hours 15180"
      3:   start = 2007.1
      4:   period = 12
      5:   data = (
      6: 42.2
      7: 44.5
      8: 44.7
      9: 43.3
     10: 43.6
     11: 41.7
     12: 41.7
     13: 43.2
     14: 43.3
     15: 42.4
     16: 41.1
     17: 42.3
     18: 40.3
     19: 40.3
     20: 39.8
     21: 39.6
     22: 38.1
     23: 40.1
     24: 39.3
     25: 41
     26: 39
     27: 39.8
     28: 41.4
     29: 40
     30: 39.4
     31: 38.3
     32: 37.8
     33: 37.1
     34: 37.7
     35: 38.1
     36: 37.1
     37: 38.2
     38: 36.3
     39: 36.7
     40: 35.8
     41: 36.1
     42: 37
     43: 36
     44: 36.3
     45: 35.8
     46: 36.6
     47: 36.8
     48: 36.5
     49: 37.9
     50: 36.5
     51: 36.5
     52: 35.9
     53: 35.3
     54: 36.5
     55: 37
     56: 37.6
     57: 36.5
     58: 37.2
     59: 36.8
     60: 36.2
     61: 36.9
     62: 36
     63: 36.1
     64: 34.8
     65: 35.9
     66: 37.2
     67: 36.8
     68: 37.8
     69: 38.9
     70: 37.6
     71: 38.3
     72: 36.8
     73: 35.2
     74: 37.1
     75: 37.5
     76: 37
     77: 37.5
     78: 36.7
     79: 37.3
     80: 36.8
     81: 36.3
     82: 36.5
     83: 37.3
     84: 36.7
     85: 37.1
     86: 38.6
     87: 36.5
     88: 37.1
     89: 36.5
     90: 36.2
     91: 36.1
     92: 36.3
     93: 35.5
     94: 35.4
     95: 38
     96: 37.4
     97: 36.2
     98: 35.4
     99: 35.8
    100: 35.1
    101: 34.9
    102: 34.3
    103: 35.5
    104: 34.7
    105: 33.8
    106: 33.5
    107: 34.1
    108: 34.6
    109: 35.4
    110: 33.7
    111: 33.7
    112: 34.8
    113: 33.6
    114: 34.1
    115: 34.1
    116: 33.4
    117: 33
    118: 33.4
    119: 34.1
    120: 34.2
    121: 33.5
    122: 33.7
    123: 34.5
    124: 32.8
    125: 33.2
    126:   )
    127: }
    128: transform { function = none }
    129: regression { aictest = (td easter) }
    130: automdl {}
    131: x11 { mode = add save = (d10 d11) }
        ces_hours 15180            PAGE   2, SERIES ces_hours_additi

 A 1  Time series data (for the span analyzed)
  From  2007.Jan to 2016.Dec
  Observations        120
 -----------------------------------------------------------------------------
               Jan      Feb      Mar      Apr      May      Jun 
               Jul      Aug      Sep      Oct      Nov      Dec        TOTAL  
 -----------------------------------------------------------------------------
  2007          42.      45.      45.      43.      44.      42.
                42.      43.      43.      42.      41.      42.          514.
 
  2008          40.      40.      40.      40.      38.      40.
                39.      41.      39.      40.      41.      40.          479.
 
  2009          39.      38.      38.      37.      38.      38.
                37.      38.      36.      37.      36.      36.          449.
 
  2010          37.      36.      36.      36.      37.      37.
                37.      38.      37.      37.      36.      35.          437.
 
  2011          37.      37.      38.      37.      37.      37.
                36.      37.      36.      36.      35.      36.          438.
 
  2012          37.      37.      38.      39.      38.      38.
                37.      35.      37.      38.      37.      38.          448.
 
  2013          37.      37.      37.      36.      37.      37.
                37.      37.      39.      37.      37.      37.          443.
 
  2014          36.      36.      36.      36.      35.      38.
                37.      36.      35.      36.      35.      35.          432.
 
  2015          34.      36.      35.      34.      34.      34.
                35.      35.      34.      34.      35.      34.          412.
 
  2016          34.      34.      33.      33.      33.      34.
                34.      34.      34.      35.      33.      33.          404.
 
  AVGE          37.      38.      38.      37.      37.      38.
                37.      37.      37.      37.      37.      37.

  Table Total-        4455.   Mean-        37.   Std. Dev.-         3.
                              Min -        33.        Max -        45.
        ces_hours 15180            PAGE   3, SERIES ces_hours_additi
                        Automatic ARIMA Model Selection

                    Procedure based closely on TRAMO method 
                         of Gomez and Maravall (2000)
              "Automatic Modeling Methods for Univariate Series",
                            A Course in Time Series
                  (Edited by D. Pena, G. C. Tiao, R. S. Tsay),
                         New York : J. Wiley and Sons


     Maximum order for regular ARMA parameters :   2
     Maximum order for seasonal ARMA parameters :   1
     Maximum order for regular differencing :   2
     Maximum order for seasonal differencing :   1

   Results of Unit Root Test for identifying orders of differencing:
     Regular difference order :   1
     Seasonal difference order :   0

     Mean is significant.

  Automatic model choice : (0 1 1)


  Final Checks for Identified Model


  Checking for Unit Roots.
   No unit roots found.

  Checking for nonseasonal overdifferencing.
   Nonseasonal MA not within  0.001 of 1.0 - model passes test.

  Checking for insignificant ARMA coefficients.

  Final automatic model choice : (0 1 1)
   End of automatic model selection procedure.

 Average absolute percentage error in within-sample forecasts:
  Last year:   1.30      Last-1 year:   1.72     Last-2 year:   1.85
  Last three years:    1.62

 Estimation converged in   11 ARMA iterations,   51 function evaluations.

 Regression Model
 ------------------------------------------------------------------------------
                             Parameter        Standard
 Variable                     Estimate           Error      t-value
 ------------------------------------------------------------------------------
 Constant                      -0.0848         0.04455        -1.90

 Leap Year                     -0.1443         0.49976        -0.29

 1-Coefficient Trading Day
   Weekday                     -0.0835         0.02196        -3.80
 **Sat/Sun (derived)            0.2086         0.05489         3.80
 ------------------------------------------------------------------------------
 **For the one coefficient trading-day effect, the derived
   parameter estimate is obtained indirectly as minus -2.5 times
   the directly estimated parameter that defines the effect.


 Chi-squared Tests for Groups of Regressors
 ------------------------------------------------------------------------------
 Regression Effect                  df      Chi-Square      P-Value
 ------------------------------------------------------------------------------
 Combined Trading Day and Leap Year Regressors
                                     2           14.74         0.00


 F Tests for Trading Day Regressors 
 -----------------------------------------------------------------------
 Regression Effect                     df         F-statistic    P-Value
 -----------------------------------------------------------------------
 1-Coefficient Trading Day           1, 116           14.09         0.00


 ARIMA Model:  (0 1 1)
   Nonseasonal differences: 1
                                              Standard
 Parameter                    Estimate          Errors
 -----------------------------------------------------
 Nonseasonal MA                                    
   Lag  1                       0.4368         0.08160

 Variance                       0.73458E+00
 SE of Var                      0.95231E-01
 -----------------------------------------------------

 Likelihood Statistics
 ------------------------------------------------------------------
 Number of observations (nobs)                                  120
 Effective number of observations (nefobs)                      119
 Number of parameters estimated (np)                              5
 Log likelihood (L)                                       -150.6060
 AIC                                                       311.2119 
 AICC (F-corrected-AIC)                                    311.7429 
 Hannan Quinn                                              316.8545 
 BIC                                                       325.1075 
 ------------------------------------------------------------------

 QS Statistic for regARIMA Model Residuals (full series):             0.31
                                                       (P-Value =     0.8549)

 QS Statistic for regARIMA Model Residuals (starting 2009.Jan):       0.80
                                                       (P-Value =     0.6687)


  At least one visually significant residual seasonal peaks has been
  found in the spectral plot of the following series starting in 2009.Jan:

          regARIMA model residuals (1 Seasonal peak(s))

      10*LOG(SPECTRUM) of the regARIMA model residuals
      Spectrum estimated from 2009.Jan to 2016.Dec.
 ++++++++++I+++++++++++++++++++++++++++++++++++++++++++++++++++++++++++++I
       3.87I                                    *                        I      3.87
           I                                    *                        I
           I                                    *                        I
           I            **    *                 *                        I
       2.93I            **    *                 *                        I      2.93
           I            **    *                 *                        I
           I            **    *                 *                        I
           I            **    *                 *                        I
       1.99I            **    *                 *                        I      1.99
           I            **    **                *                        I
           I            **    **                *                        I
           I            **    **          S     *                        I
       1.05I            **    **          S     *                        I      1.05
           I            **    **          S     *                        I
           I            **    **         *S     *            *           I
           I            **    **         *S     *            *           I
       0.11I            **    **         *S     *            *           I      0.11
           I            **    **         *S     *            *S          I
           I            **    **         *S     *            *S          I
           I           ***    **         *S     *            *S          I
      -0.83I         * ***    **    *    *S     *            *S          I     -0.83
           I         * ***    **    *    *S     *            *S          I
           I         *S***    **    *    *S     *       *    *S          I
           I         *S***    **    *   **S     *       *    *S     *    I
      -1.77I         *S****  ***    *   **S    **       *    *S     *    I     -1.77
           I         *S****  ***    *   **S    **       *    *S*    *    I
           I         *S****  ***    **  **S    **       *    *S*    *    I
           I         *S****  ***    **  **S    **       *    *S*    *    I
      -2.70I   *     *S****  ***    **  **S    **       *    *S*    *    I     -2.70
           I   *     *S****  ***    **  **S    **   S   *    *S*    *    I
           I*  *     *S****  ***    ** ***S*   **   S   *    *S*   **    I
           I*  *     *S****  ***    ** ***S*   **   S   *    *S*   **    I
      -3.64I****     *S**** ****    ******S*   **   S   *   **S*   **   SI     -3.64
           I*****    *S*********S  *******S*   **   S  **   **S*   **   SI
           I*****   **S*********S  *******S*   **   S* **   **S*T  **   SI
           I*****   **S*********S  *******S*   ***  S* **   **S*T  **   SI
      -4.58I*****   **S*********S  *******S*   ***  S* **   **S*T  ***  SI     -4.58
           I*****   **S*********S  *******S*   *** *S* **   **S*T  ***  SI
           I*****   **S*********S  *******S*   *** *S* **   **S*T  *** *SI
           I*****   **S*********S  *******S*   *** *S* ***  **S*T  *** *SI
      -5.52I*****   **S*********S  *******S*   *** *S*T***  **S*T  *** *SI     -5.52
           I*****   **S*********S  *******S*   *** *S*T***  **S*T  *** *SI
           I*****   **S*********S  *******S*   *** *S*T***  **S*T***** *SI
           I*****   **S*********S ********S*   *****S*T***  **S*T*******SI
      -6.46I*****   **S*********S*********S*   *****S*T***  **S*T*******SI     -6.46
           I******  **S*********S*********S*   *****S*T***  **S*T*******SI
           I******  **S*********S*********S**  *****S*T*** ***S*T*******SI
           I****** ***S*********S*********S** ******S*T*** ***S*T*******SI
      -7.40I****** ***S*********S*********S** ******S*T*******S*T*******SI     -7.40
           I****** ***S*********S*********S** ******S*T*******S*T*******SI
           I**********S*********S*********S** ******S*T*******S*T*******SI
           I**********S*********S*********S** ******S*T*******S*T*******SI
      -8.34I**********S*********S*********S*********S*T*******S*T*******SI     -8.34
 ++++++++++I+++++++++++++++++++++++++++++++++++++++++++++++++++++++++++++I
            S=SEASONAL FREQUENCIES, T=TRADING DAY FREQUENCIES


 FORECASTING
  Origin  2016.Dec
  Number        12

  Forecasts and Standard Errors
   ------------------------------
                         Standard
       Date   Forecast      Error
   ------------------------------
   2017.Jan      33.17      0.861
   2017.Feb      33.08      0.999
   2017.Mar      32.71      1.111
   2017.Apr      33.29      1.221
   2017.May      32.54      1.318
   2017.Jun      32.53      1.412
   2017.Jul      32.95      1.503
   2017.Aug      32.28      1.589
   2017.Sep      32.57      1.670
   2017.Oct      32.40      1.750
   2017.Nov      32.11      1.828
   2017.Dec      32.53      1.905
   ------------------------------

  Confidence intervals with coverage probability ( 0.95000
   ---------------------------------------
       Date      Lower  Forecast     Upper
   ---------------------------------------
   2017.Jan      31.48     33.17     34.85
   2017.Feb      31.12     33.08     35.04
   2017.Mar      30.53     32.71     34.88
   2017.Apr      30.90     33.29     35.68
   2017.May      29.95     32.54     35.12
   2017.Jun      29.77     32.53     35.30
   2017.Jul      30.00     32.95     35.90
   2017.Aug      29.17     32.28     35.40
   2017.Sep      29.30     32.57     35.85
   2017.Oct      28.97     32.40     35.83
   2017.Nov      28.53     32.11     35.69
   2017.Dec      28.79     32.53     36.26
   ---------------------------------------
        ces_hours 15180            PAGE   4, SERIES ces_hours_additi

 A 6  RegARIMA trading day component
  From  2007.Jan to 2016.Dec
  Observations        120
 -----------------------------------------------------------------------------
               Jan      Feb      Mar      Apr      May      Jun 
               Jul      Aug      Sep      Oct      Nov      Dec         AVGE  
 -----------------------------------------------------------------------------
  2007          -0.       0.       0.       0.      -0.       0.
                 0.      -0.       0.      -0.      -0.       0.           -0.
 
  2008          -0.      -0.       0.      -0.       0.       0.
                -0.       0.      -0.      -0.       0.      -0.           -0.
 
  2009           0.       0.       0.      -0.       0.      -0.
                -0.       0.      -0.       0.       0.      -0.           -0.
 
  2010           0.       0.      -0.      -0.       0.      -0.
                 0.       0.      -0.       0.      -0.      -0.           -0.
 
  2011           0.       0.      -0.       0.       0.      -0.
                 0.      -0.      -0.       0.      -0.       0.            0.
 
  2012           0.      -0.       0.       0.      -0.       0.
                 0.      -0.       0.      -0.      -0.       0.            0.
 
  2013          -0.       0.       0.      -0.      -0.       0.
                -0.       0.       0.      -0.       0.       0.           -0.
 
  2014          -0.       0.       0.      -0.       0.       0.
                -0.       0.      -0.      -0.       0.      -0.           -0.
 
  2015           0.       0.       0.      -0.       0.      -0.
                -0.       0.      -0.       0.       0.      -0.           -0.
 
  2016           0.      -0.      -0.       0.       0.      -0.
                 0.      -0.      -0.       0.      -0.       0.            0.
 
  AVGE           0.      -0.       0.      -0.       0.       0.
                -0.       0.      -0.      -0.       0.      -0.

  Table Total-          -0.   Mean-        -0.   Std. Dev.-         0.
                              Min -        -0.        Max -         0.

 A 6.A  RegARIMA trading day component forecasts
  From  2017.Jan to 2017.Dec
  Observations         12
 -----------------------------------------------------------------------------
               Jan      Feb      Mar      Apr      May      Jun 
               Jul      Aug      Sep      Oct      Nov      Dec         AVGE  
 -----------------------------------------------------------------------------
  2017           0.       0.      -0.       0.      -0.      -0.
                 0.      -0.       0.       0.      -0.       0.            0.
 
        ces_hours 15180            PAGE   5, SERIES ces_hours_additi
  
 B 1  Original series (prior adjusted)
      (adjusted for regARIMA factors)
  From  2007.Jan to 2016.Dec
  Observations        120
 -----------------------------------------------------------------------------
               Jan      Feb      Mar      Apr      May      Jun 
               Jul      Aug      Sep      Oct      Nov      Dec        TOTAL  
 -----------------------------------------------------------------------------
  2007          42.      44.      45.      43.      44.      42.
                42.      43.      43.      43.      41.      42.          514.
 
  2008          41.      40.      39.      40.      38.      40.
                40.      41.      39.      40.      41.      40.          479.
 
  2009          39.      38.      38.      37.      37.      38.
                37.      38.      36.      37.      36.      36.          449.
 
  2010          37.      36.      37.      36.      36.      37.
                36.      38.      37.      36.      36.      36.          437.
 
  2011          36.      37.      38.      36.      37.      37.
                36.      37.      36.      36.      35.      36.          437.
 
  2012          37.      37.      38.      39.      38.      38.
                37.      35.      37.      38.      37.      37.          448.
 
  2013          37.      37.      36.      36.      37.      37.
                37.      37.      38.      37.      37.      36.          443.
 
  2014          36.      36.      36.      36.      35.      38.
                38.      36.      36.      36.      35.      35.          432.
 
  2015          34.      35.      35.      34.      33.      34.
                35.      35.      34.      34.      35.      34.          412.
 
  2016          34.      34.      34.      33.      33.      34.
                34.      34.      34.      34.      33.      33.          404.
 
  AVGE          37.      38.      37.      37.      37.      38.
                37.      37.      37.      37.      37.      37.

  Table Total-        4455.   Mean-        37.   Std. Dev.-         3.
                              Min -        33.        Max -        45.

 B 1.A  Forecasts of (prior adjusted) original series
  From  2017.Jan to 2017.Dec
  Observations         12
 -----------------------------------------------------------------------------
               Jan      Feb      Mar      Apr      May      Jun 
               Jul      Aug      Sep      Oct      Nov      Dec        TOTAL  
 -----------------------------------------------------------------------------
  2017          33.      33.      33.      33.      33.      33.
                33.      33.      32.      32.      32.      32.          392.
 
        ces_hours 15180            PAGE   6, SERIES ces_hours_additi

 C 17  Final weights for irregular component
  From  2007.Jan to 2016.Dec
  Observations        120
  Lower sigma limit    1.50
  Upper sigma limit    2.50
 -----------------------------------------------------------------------------
               Jan      Feb      Mar      Apr      May      Jun 
               Jul      Aug      Sep      Oct      Nov      Dec         S.D.  
 -----------------------------------------------------------------------------
  2007           0.     100.     100.     100.     100.       0.
                44.     100.      15.     100.     100.     100.           41.
 
  2008         100.     100.     100.     100.       0.     100.
               100.     100.     100.     100.       0.     100.           41.
 
  2009         100.     100.     100.     100.     100.     100.
               100.     100.     100.     100.     100.     100.           41.
 
  2010         100.     100.     100.     100.     100.     100.
               100.     100.     100.     100.     100.      29.           38.
 
  2011         100.     100.       0.     100.     100.     100.
               100.     100.     100.     100.       8.     100.           37.
 
  2012         100.     100.     100.       0.     100.     100.
               100.       0.     100.     100.     100.     100.           43.
 
  2013         100.     100.     100.     100.     100.     100.
               100.     100.       0.     100.     100.     100.           46.
 
  2014         100.     100.     100.     100.      61.       0.
                 0.     100.     100.     100.     100.     100.           40.
 
  2015         100.     100.     100.     100.      52.     100.
               100.       0.     100.      77.      68.     100.           38.
 
  2016         100.     100.     100.     100.     100.     100.
               100.     100.     100.     100.     100.     100.           38.
 
        ces_hours 15180            PAGE   7, SERIES ces_hours_additi

 D 8  Final unmodified SI ratios
  From  2007.Jan to 2016.Dec
  Observations        120
 -----------------------------------------------------------------------------
               Jan      Feb      Mar      Apr      May      Jun 
               Jul      Aug      Sep      Oct      Nov      Dec         AVGE  
 -----------------------------------------------------------------------------
  2007          -3.      -0.       0.      -1.       0.      -2.
                -1.       1.       1.       1.      -0.       1.           -0.
 
  2008          -0.      -0.      -1.      -0.      -2.       0.
                -0.       1.      -0.       0.       1.       1.           -0.
 
  2009           0.      -0.      -1.      -1.      -0.       1.
                 0.       1.      -0.       0.      -1.       0.           -0.
 
  2010           0.      -0.       0.      -0.      -0.       0.
                -0.       1.       0.      -0.      -0.      -1.           -0.
 
  2011          -0.       0.       1.      -0.       1.       0.
                -1.       1.      -0.      -0.      -1.      -1.           -0.
 
  2012           0.      -0.       0.       1.       0.       1.
                -1.      -2.      -1.       0.      -0.      -0.            0.
 
  2013          -0.       0.      -0.      -0.       0.       0.
                 0.       0.       2.      -0.       0.      -0.            0.
 
  2014           0.      -0.      -0.      -0.      -1.       2.
                 2.      -0.      -0.       1.      -1.       0.            0.
 
  2015          -1.       1.       0.      -1.      -1.       0.
                 1.       1.      -0.      -0.       1.      -0.            0.
 
  2016          -0.       0.      -0.      -1.      -0.       1.
                 0.       0.       0.       1.      -0.      -0.           -0.
 
  AVGE          -0.       0.      -0.      -0.      -0.       0.
                 0.       0.       0.       0.      -0.      -0.

  Table Total-          -1.   Mean-        -0.   Std. Dev.-         1.
                              Min -        -3.        Max -         2.
        ces_hours 15180            PAGE   8, SERIES ces_hours_additi

 D 8.B  Final unmodified SI ratios, with labels for outliers and extreme values
  From  2007.Jan to 2016.Dec
  Observations        120
 ---------------------------------------------------------------------
               Jan       Feb       Mar       Apr       May       Jun  
               Jul       Aug       Sep       Oct       Nov       Dec  
 ---------------------------------------------------------------------
  2007         -3.*      -0.        0.       -1.        0.       -2.* 
               -1.*       1.        1.*       1.       -0.        1.  
 
  2008         -0.       -0.       -1.       -0.       -2.*       0.  
               -0.        1.       -0.        0.        1.*       1.  
 
  2009          0.       -0.       -1.       -1.       -0.        1.  
                0.        1.       -0.        0.       -1.        0.  
 
  2010          0.       -0.        0.       -0.       -0.        0.  
               -0.        1.        0.       -0.       -0.       -1.* 
 
  2011         -0.        0.        1.*      -0.        1.        0.  
               -1.        1.       -0.       -0.       -1.*      -1.  
 
  2012          0.       -0.        0.        1.*       0.        1.  
               -1.       -2.*      -1.        0.       -0.       -0.  
 
  2013         -0.        0.       -0.       -0.        0.        0.  
                0.        0.        2.*      -0.        0.       -0.  
 
  2014          0.       -0.       -0.       -0.       -1.*       2.* 
                2.*      -0.       -0.        1.       -1.        0.  
 
  2015         -1.        1.        0.       -1.       -1.*       0.  
                1.        1.*      -0.       -0.*       1.*      -0.  
 
  2016         -0.        0.       -0.       -1.       -0.        1.  
                0.        0.        0.        1.       -0.       -0.  
 

  Key to symbols:
    *  : extreme value as determined by X-11 extreme value procedure
 
        ces_hours 15180            PAGE   9, SERIES ces_hours_additi

 D 9  Final replacement values for SI ratios
  From  2007.Jan to 2016.Dec
  Observations        120
 ---------------------------------------------------------------
               Jan      Feb      Mar      Apr      May      Jun 
               Jul      Aug      Sep      Oct      Nov      Dec 
 ---------------------------------------------------------------
  2007          -0. ******** ******** ******** ********       0.
                -1. ********      -0. ******** ******** ********
 
  2008     ******** ******** ******** ********      -0. ********
           ******** ******** ******** ********      -0. ********
 
  2009     ******** ******** ******** ******** ******** ********
           ******** ******** ******** ******** ******** ********
 
  2010     ******** ******** ******** ******** ******** ********
           ******** ******** ******** ******** ********      -0.
 
  2011     ******** ********      -0. ******** ******** ********
           ******** ******** ******** ********      -1. ********
 
  2012     ******** ******** ********      -0. ******** ********
           ********       0. ******** ******** ******** ********
 
  2013     ******** ******** ******** ******** ******** ********
           ******** ********      -0. ******** ******** ********
 
  2014     ******** ******** ******** ********      -1.       1.
                 1. ******** ******** ******** ******** ********
 
  2015     ******** ******** ******** ********      -1. ********
           ********       0. ********      -0.       0. ********
 
  2016     ******** ******** ******** ******** ******** ********
           ******** ******** ******** ******** ******** ********
 

 D 9.A  Moving seasonality ratio
 ---------------------------------------------------------------
               Jan      Feb      Mar      Apr      May      Jun 
 ---------------------------------------------------------------
   I          0.463    0.461    0.426    0.214    0.358    0.410
   S          0.059    0.080    0.071    0.058    0.093    0.029
 RATIO        7.824    5.734    6.000    3.700    3.857   13.933



 ---------------------------------------------------------------
               Jul      Aug      Sep      Oct      Nov      Dec 
 ---------------------------------------------------------------
   I          0.451    0.199    0.258    0.549    0.434    0.309
   S          0.110    0.113    0.044    0.079    0.056    0.097
 RATIO        4.096    1.766    5.841    6.943    7.740    3.189



        ces_hours 15180            PAGE  10, SERIES ces_hours_additi

 D 10  Final seasonal factors
  From  2007.Jan to 2016.Dec
  Observations        120
  Seasonal filter    3 x 5 moving average
 -----------------------------------------------------------------------------
               Jan      Feb      Mar      Apr      May      Jun 
               Jul      Aug      Sep      Oct      Nov      Dec         AVGE  
 -----------------------------------------------------------------------------
  2007          -0.      -0.      -0.      -1.      -0.       0.
                -0.       1.      -0.       0.      -0.       0.           -0.
 
  2008          -0.      -0.      -0.      -1.      -0.       0.
                -0.       1.      -0.       0.      -0.       0.           -0.
 
  2009          -0.      -0.      -0.      -1.      -0.       0.
                -0.       1.      -0.       0.      -0.       0.           -0.
 
  2010           0.      -0.      -0.      -0.       0.       1.
                -0.       1.      -0.       0.      -0.      -0.           -0.
 
  2011           0.      -0.      -0.      -0.       0.       1.
                -0.       1.      -0.      -0.      -0.      -0.           -0.
 
  2012          -0.       0.      -0.      -0.       0.       1.
                -0.       1.      -0.      -0.      -0.      -0.            0.
 
  2013          -0.       0.      -0.      -0.      -0.       0.
                 0.       0.      -0.       0.      -0.      -0.            0.
 
  2014          -0.       0.      -0.      -0.      -0.       0.
                 0.       0.      -0.       0.      -0.      -0.            0.
 
  2015          -0.       0.      -0.      -0.      -0.       0.
                 0.       0.      -0.       0.      -0.      -0.            0.
 
  2016          -0.       0.      -0.      -0.      -0.       0.
                 0.       0.       0.       0.      -0.      -0.            0.
 
  AVGE          -0.      -0.      -0.      -0.      -0.       0.
                -0.       1.      -0.       0.      -0.       0.

  Table Total-          -0.   Mean-        -0.   Std. Dev.-         0.
                              Min -        -1.        Max -         1.

 D 10.A  Final seasonal component forecasts
  From  2017.Jan to 2017.Dec
  Observations         12
 -----------------------------------------------------------------------------
               Jan      Feb      Mar      Apr      May      Jun 
               Jul      Aug      Sep      Oct      Nov      Dec         AVGE  
 -----------------------------------------------------------------------------
  2017          -0.       0.      -0.      -0.      -0.       0.
                 0.       0.       0.       0.      -0.      -0.           -0.
 
        ces_hours 15180            PAGE  11, SERIES ces_hours_additi
  
 D 11  Final seasonally adjusted data
       (also adjusted for trading day)
  From  2007.Jan to 2016.Dec
  Observations        120
 -----------------------------------------------------------------------------
               Jan      Feb      Mar      Apr      May      Jun 
               Jul      Aug      Sep      Oct      Nov      Dec        TOTAL  
 -----------------------------------------------------------------------------
  2007          42.      45.      45.      44.      44.      41.
                42.      42.      43.      42.      42.      42.          514.
 
  2008          41.      41.      40.      40.      38.      40.
                40.      40.      39.      40.      41.      40.          479.
 
  2009          39.      38.      38.      38.      37.      38.
                38.      37.      37.      37.      36.      36.          449.
 
  2010          37.      36.      37.      36.      36.      36.
                37.      37.      37.      36.      36.      36.          437.
 
  2011          36.      37.      38.      37.      37.      36.
                36.      36.      36.      36.      35.      36.          437.
 
  2012          37.      37.      38.      39.      38.      38.
                37.      35.      37.      38.      37.      37.          448.
 
  2013          37.      37.      36.      37.      37.      36.
                37.      37.      39.      37.      37.      37.          443.
 
  2014          37.      36.      36.      36.      36.      37.
                37.      36.      36.      36.      35.      35.          432.
 
  2015          34.      35.      35.      34.      33.      34.
                35.      35.      34.      33.      35.      34.          412.
 
  2016          34.      34.      34.      33.      34.      34.
                33.      34.      34.      34.      33.      33.          404.
 
  AVGE          37.      38.      38.      38.      37.      37.
                37.      37.      37.      37.      37.      37.

  Table Total-        4456.   Mean-        37.   Std. Dev.-         3.
                              Min -        33.        Max -        45.
        ces_hours 15180            PAGE  12, SERIES ces_hours_additi

 D 12  Final trend cycle
  From  2007.Jan to 2016.Dec
  Observations        120
  Trend filter    13-term Henderson moving average
  I/C ratio        2.68
 -----------------------------------------------------------------------------
               Jan      Feb      Mar      Apr      May      Jun 
               Jul      Aug      Sep      Oct      Nov      Dec        TOTAL  
 -----------------------------------------------------------------------------
  2007          45.      45.      44.      44.      44.      43.
                43.      43.      42.      42.      42.      41.          518.
 
  2008          41.      41.      40.      40.      40.      40.
                40.      40.      40.      40.      40.      39.          479.
 
  2009          39.      39.      38.      38.      38.      37.
                37.      37.      37.      37.      36.      36.          449.
 
  2010          36.      36.      36.      36.      36.      37.
                37.      37.      37.      37.      36.      36.          438.
 
  2011          36.      37.      37.      37.      37.      37.
                36.      36.      36.      36.      36.      36.          437.
 
  2012          37.      37.      37.      38.      38.      37.
                37.      37.      37.      37.      37.      37.          448.
 
  2013          37.      37.      37.      37.      37.      37.
                37.      37.      37.      37.      37.      37.          442.
 
  2014          36.      36.      36.      36.      36.      36.
                36.      36.      36.      35.      35.      35.          431.
 
  2015          35.      35.      35.      34.      34.      34.
                34.      34.      34.      34.      34.      34.          411.
 
  2016          34.      34.      34.      34.      34.      34.
                34.      34.      34.      34.      33.      33.          404.
 
  AVGE          38.      38.      37.      37.      37.      37.
                37.      37.      37.      37.      37.      37.

  Table Total-        4456.   Mean-        37.   Std. Dev.-         3.
                              Min -        33.        Max -        45.
        ces_hours 15180            PAGE  13, SERIES ces_hours_additi

 D 13  Final irregular component
  From  2007.Jan to 2016.Dec
  Observations        120
 -----------------------------------------------------------------------------
               Jan      Feb      Mar      Apr      May      Jun 
               Jul      Aug      Sep      Oct      Nov      Dec         S.D.  
 -----------------------------------------------------------------------------
  2007          -2.      -0.       1.      -0.       0.      -2.
                -1.      -0.       1.       0.       0.       0.            1.
 
  2008          -0.       0.      -0.       0.      -2.      -0.
                 0.       0.      -0.       0.       2.       0.            1.
 
  2009           0.      -0.      -0.      -0.      -0.       0.
                 0.      -0.      -0.       0.      -0.      -0.            0.
 
  2010           0.      -0.       0.      -0.      -0.      -0.
                 0.       0.       0.      -0.       0.      -1.            0.
 
  2011          -0.       0.       1.      -0.       0.      -0.
                -0.       0.       0.      -0.      -1.      -0.            1.
 
  2012           0.      -0.       0.       2.       0.       0.
                -0.      -2.      -0.       0.       0.       0.            1.
 
  2013          -0.       0.      -0.       0.       0.      -0.
                 0.      -0.       2.      -0.       0.      -0.            1.
 
  2014           0.      -0.      -0.       0.      -1.       1.
                 1.      -0.      -0.       0.      -0.       0.            1.
 
  2015          -0.       0.       0.       0.      -1.      -0.
                 0.       1.      -0.      -1.       1.      -0.            1.
 
  2016           0.       0.      -0.      -0.       0.       0.
                -0.      -0.       0.       0.      -0.      -0.            0.
 
  S.D.           1.       0.       0.       1.       1.       1.
                 1.       1.       1.       0.       1.       0.

  Table Total-          -1.   Mean-        -0.   Std. Dev.-         1.
                              Min -        -2.        Max -         2.
        ces_hours 15180            PAGE  14, SERIES ces_hours_additi
  
 D 16  Combined adjustment factors
       (includes seasonal, trading day factors)
  From  2007.Jan to 2016.Dec
  Observations        120
 -----------------------------------------------------------------------------
               Jan      Feb      Mar      Apr      May      Jun 
               Jul      Aug      Sep      Oct      Nov      Dec         AVGE  
 -----------------------------------------------------------------------------
  2007          -0.      -0.      -0.      -1.      -0.       1.
                -0.       1.       0.       0.      -1.       1.           -0.
 
  2008          -0.      -0.       0.      -1.      -0.       1.
                -0.       1.      -0.      -0.      -0.       0.           -0.
 
  2009           0.      -0.      -0.      -1.       0.       0.
                -0.       1.      -0.       0.      -0.      -0.           -0.
 
  2010           0.      -0.      -0.      -1.       0.       0.
                -0.       1.      -0.       0.      -1.      -0.           -0.
 
  2011           0.      -0.      -0.      -0.       0.       0.
                 0.       0.      -0.       0.      -1.      -0.            0.
 
  2012           0.      -0.       0.      -0.      -0.       1.
                -0.       0.       0.      -0.      -0.       0.            0.
 
  2013          -0.       0.       0.      -1.      -0.       1.
                -0.       0.      -0.      -0.      -0.      -0.            0.
 
  2014          -0.       0.       0.      -1.      -0.       1.
                -0.       1.      -0.      -0.       0.      -0.            0.
 
  2015          -0.       0.      -0.      -1.       0.       0.
                 0.       0.      -0.       0.       0.      -0.            0.
 
  2016           0.       0.      -0.      -0.      -0.       0.
                 1.      -0.      -0.       1.      -0.      -0.            0.
 
  AVGE          -0.      -0.      -0.      -1.      -0.       0.
                -0.       1.      -0.       0.      -0.      -0.

  Table Total-          -1.   Mean-        -0.   Std. Dev.-         0.
                              Min -        -1.        Max -         1.

 D 16.A  Combined adjustment component forecasts
  From  2017.Jan to 2017.Dec
  Observations         12
 -----------------------------------------------------------------------------
               Jan      Feb      Mar      Apr      May      Jun 
               Jul      Aug      Sep      Oct      Nov      Dec         AVGE  
 -----------------------------------------------------------------------------
  2017          -0.       0.      -0.      -0.      -1.       0.
                 1.      -0.       0.       0.      -0.       0.            0.
 
        ces_hours 15180            PAGE  15, SERIES ces_hours_additi
  
 D 18  Combined calendar adjustment factors
       (includes trading day factors)
  From  2007.Jan to 2016.Dec
  Observations        120
 -----------------------------------------------------------------------------
               Jan      Feb      Mar      Apr      May      Jun 
               Jul      Aug      Sep      Oct      Nov      Dec         AVGE  
 -----------------------------------------------------------------------------
  2007          -0.       0.       0.       0.      -0.       0.
                 0.      -0.       0.      -0.      -0.       0.           -0.
 
  2008          -0.      -0.       0.      -0.       0.       0.
                -0.       0.      -0.      -0.       0.      -0.           -0.
 
  2009           0.       0.       0.      -0.       0.      -0.
                -0.       0.      -0.       0.       0.      -0.           -0.
 
  2010           0.       0.      -0.      -0.       0.      -0.
                 0.       0.      -0.       0.      -0.      -0.           -0.
 
  2011           0.       0.      -0.       0.       0.      -0.
                 0.      -0.      -0.       0.      -0.       0.            0.
 
  2012           0.      -0.       0.       0.      -0.       0.
                 0.      -0.       0.      -0.      -0.       0.            0.
 
  2013          -0.       0.       0.      -0.      -0.       0.
                -0.       0.       0.      -0.       0.       0.           -0.
 
  2014          -0.       0.       0.      -0.       0.       0.
                -0.       0.      -0.      -0.       0.      -0.           -0.
 
  2015           0.       0.       0.      -0.       0.      -0.
                -0.       0.      -0.       0.       0.      -0.           -0.
 
  2016           0.      -0.      -0.       0.       0.      -0.
                 0.      -0.      -0.       0.      -0.       0.            0.
 
  AVGE           0.      -0.       0.      -0.       0.       0.
                -0.       0.      -0.      -0.       0.      -0.

  Table Total-          -0.   Mean-        -0.   Std. Dev.-         0.
                              Min -        -0.        Max -         0.

 D 18.A  Combined calendar adjustment component forecasts
  From  2017.Jan to 2017.Dec
  Observations         12
 -----------------------------------------------------------------------------
               Jan      Feb      Mar      Apr      May      Jun 
               Jul      Aug      Sep      Oct      Nov      Dec         AVGE  
 -----------------------------------------------------------------------------
  2017           0.       0.      -0.       0.      -0.      -0.
                 0.      -0.       0.       0.      -0.       0.            0.
 
        ces_hours 15180            PAGE  16, SERIES ces_hours_additi

 E 4  Differences of annual totals
  From          2007 to 2016
  Observations         10
 -----------------------------------
  Year       Unmodified     Modified
                  (D11)         (E2)
 -----------------------------------
  2007              -0.          -0.
 
  2008              -0.          -0.
 
  2009              -0.          -0.
 
  2010              -0.          -0.
 
  2011               0.           0.
 
  2012               0.           0.
 
  2013               0.           0.
 
  2014               0.           0.
 
  2015               0.           0.
 
  2016               0.           0.
 
        ces_hours 15180            PAGE  17, SERIES ces_hours_additi

 E 5  Month-to-month differences in the original series
  From  2007.Feb to 2016.Dec
  Observations        119
 -----------------------------------------------------------------------------
               Jan      Feb      Mar      Apr      May      Jun 
               Jul      Aug      Sep      Oct      Nov      Dec         AVGE  
 -----------------------------------------------------------------------------
  2007                    2.       0.      -1.       0.      -2.
                 0.       2.       0.      -1.      -1.       1.            0.
 
  2008          -2.       0.      -0.      -0.      -1.       2.
                -1.       2.      -2.       1.       2.      -1.           -0.
 
  2009          -1.      -1.      -0.      -1.       1.       0.
                -1.       1.      -2.       0.      -1.       0.           -0.
 
  2010           1.      -1.       0.      -0.       1.       0.
                -0.       1.      -1.       0.      -1.      -1.           -0.
 
  2011           1.       1.       1.      -1.       1.      -0.
                -1.       1.      -1.       0.      -1.       1.            0.
 
  2012           1.      -0.       1.       1.      -1.       1.
                -1.      -2.       2.       0.      -0.       1.            0.
 
  2013          -1.       1.      -0.      -0.       0.       1.
                -1.       0.       2.      -2.       1.      -1.           -0.
 
  2014          -0.      -0.       0.      -1.      -0.       3.
                -1.      -1.      -1.       0.      -1.      -0.           -0.
 
  2015          -1.       1.      -1.      -1.      -0.       1.
                 1.       1.      -2.       0.       1.      -1.           -0.
 
  2016           1.       0.      -1.      -0.       0.       1.
                 0.      -1.       0.       1.      -2.       0.           -0.
 
  AVGE          -0.       0.      -0.      -1.      -0.       1.
                -0.       0.      -1.      -0.      -0.      -0.

  Table Total-          -9.   Mean-        -0.   Std. Dev.-         1.
                              Min -        -2.        Max -         3.
        ces_hours 15180            PAGE  18, SERIES ces_hours_additi

 E 6  Month-to-month differences in seasonally adjusted series (D11)
  From  2007.Feb to 2016.Dec
  Observations        119
 -----------------------------------------------------------------------------
               Jan      Feb      Mar      Apr      May      Jun 
               Jul      Aug      Sep      Oct      Nov      Dec         AVGE  
 -----------------------------------------------------------------------------
  2007                    2.       0.      -1.       0.      -3.
                 1.       1.       1.      -1.      -1.      -0.           -0.
 
  2008          -1.       0.      -1.       1.      -2.       1.
                 0.      -0.      -0.       0.       2.      -1.           -0.
 
  2009          -1.      -1.      -0.      -0.      -0.       0.
                -0.      -1.      -0.      -0.      -0.       0.           -0.
 
  2010           0.      -1.       1.      -0.      -0.       0.
                 0.       0.      -0.      -1.       0.      -1.           -0.
 
  2011           1.       1.       1.      -1.       0.      -1.
                -0.       0.      -0.      -1.      -0.       1.            0.
 
  2012           1.      -0.       1.       1.      -1.      -0.
                -1.      -2.       2.       1.      -0.      -0.            0.
 
  2013          -0.       0.      -1.       0.      -0.      -0.
                 0.      -0.       2.      -2.       1.      -1.           -0.
 
  2014          -0.      -1.       0.       0.      -1.       2.
                -0.      -2.      -0.       0.      -1.       0.           -0.
 
  2015          -1.       1.      -0.      -0.      -1.       0.
                 1.       0.      -1.      -0.       1.      -1.           -0.
 
  2016           0.       0.      -0.      -0.       0.       0.
                -0.       0.       0.       0.      -1.       0.           -0.
 
  AVGE          -0.       0.      -0.      -0.      -0.       0.
                 0.      -0.       0.      -0.      -0.      -0.

  Table Total-          -9.   Mean-        -0.   Std. Dev.-         1.
                              Min -        -3.        Max -         2.
        ces_hours 15180            PAGE  19, SERIES ces_hours_additi

 E 7  Month-to-month differences in final trend cycle (D12)
  From  2007.Feb to 2016.Dec
  Observations        119
 -----------------------------------------------------------------------------
               Jan      Feb      Mar      Apr      May      Jun 
               Jul      Aug      Sep      Oct      Nov      Dec         AVGE  
 -----------------------------------------------------------------------------
  2007                   -0.      -0.      -0.      -0.      -0.
                -0.      -0.      -0.      -0.      -0.      -0.           -0.
 
  2008          -0.      -0.      -0.      -0.      -0.      -0.
                -0.      -0.       0.       0.      -0.      -0.           -0.
 
  2009          -0.      -0.      -0.      -0.      -0.      -0.
                -0.      -0.      -0.      -0.      -0.      -0.           -0.
 
  2010           0.       0.       0.       0.       0.       0.
                 0.       0.      -0.      -0.      -0.      -0.            0.
 
  2011           0.       0.       0.       0.      -0.      -0.
                -0.      -0.      -0.      -0.       0.       0.            0.
 
  2012           0.       0.       0.       0.      -0.      -0.
                -0.      -0.       0.       0.       0.      -0.            0.
 
  2013          -0.      -0.      -0.      -0.      -0.       0.
                 0.       0.       0.      -0.      -0.      -0.           -0.
 
  2014          -0.      -0.      -0.      -0.       0.       0.
                -0.      -0.      -0.      -0.      -0.      -0.           -0.
 
  2015          -0.      -0.      -0.      -0.      -0.      -0.
                -0.      -0.       0.       0.       0.      -0.           -0.
 
  2016          -0.      -0.      -0.      -0.      -0.       0.
                 0.       0.      -0.      -0.      -0.      -0.           -0.
 
  AVGE          -0.      -0.      -0.      -0.      -0.      -0.
                -0.      -0.      -0.      -0.      -0.      -0.

  Table Total-         -12.   Mean-        -0.   Std. Dev.-         0.
                              Min -        -0.        Max -         0.
        ces_hours 15180            PAGE  20, SERIES ces_hours_additi

 E 8  Month-to-month differences in original series adjusted for calendar factors (A18)
  From  2007.Feb to 2016.Dec
  Observations        119
 -----------------------------------------------------------------------------
               Jan      Feb      Mar      Apr      May      Jun 
               Jul      Aug      Sep      Oct      Nov      Dec         AVGE  
 -----------------------------------------------------------------------------
  2007                    2.       0.      -1.       1.      -2.
                 0.       2.      -1.      -0.      -1.       1.           -0.
 
  2008          -1.      -0.      -1.       0.      -2.       2.
                -0.       1.      -1.       1.       1.      -1.           -0.
 
  2009          -1.      -1.      -1.      -0.       0.       1.
                -1.       1.      -1.       0.      -1.       1.           -0.
 
  2010           0.      -1.       1.      -1.       0.       1.
                -1.       1.      -1.      -1.      -0.      -1.           -0.
 
  2011           1.       1.       1.      -1.       1.      -0.
                -1.       1.      -1.      -0.      -1.       1.            0.
 
  2012           1.      -0.       1.       1.      -1.       0.
                -1.      -1.       1.       1.      -1.      -0.            0.
 
  2013          -0.       0.      -1.       0.       0.       0.
                 0.       0.       1.      -2.       0.      -1.           -0.
 
  2014          -0.      -0.      -0.      -0.      -0.       3.
                -0.      -2.      -0.       0.      -1.       0.           -0.
 
  2015          -1.       1.      -1.      -1.      -1.       1.
                 1.       0.      -1.      -0.       1.      -1.           -0.
 
  2016          -0.       1.      -1.      -1.       0.       1.
                -0.      -0.       0.       0.      -1.       0.           -0.
 
  AVGE          -0.       0.      -0.      -0.      -0.       1.
                -0.       0.      -0.      -0.      -0.       0.

  Table Total-          -9.   Mean-        -0.   Std. Dev.-         1.
                              Min -        -2.        Max -         3.
        ces_hours 15180            PAGE  21, SERIES ces_hours_additi

 E 18  Final adjustment ratios
  From  2007.Jan to 2016.Dec
  Observations        120
 -----------------------------------------------------------------------------
               Jan      Feb      Mar      Apr      May      Jun 
               Jul      Aug      Sep      Oct      Nov      Dec         AVGE  
 -----------------------------------------------------------------------------
  2007       99.348   99.457   99.362   98.807   99.114  101.430
             99.559  101.789  100.460  100.200   98.589  101.851        99.997
 
  2008       99.280   98.915  100.093   98.055   99.852  101.487
             98.770  103.389   99.071   99.962   99.938  100.144        99.913
 
  2009      100.076   99.559   99.479   98.146  100.804  100.855
             98.704  103.536   98.975  100.430   99.090   99.662        99.943
 
  2010      100.942   99.761   98.856   98.310  101.066  100.960
             99.508  102.446   98.996  100.944   98.392   99.115        99.941
 
  2011      101.060   99.925   99.113   99.329  100.321  101.010
            100.471  101.242   98.992  100.880   98.509   99.627       100.040
 
  2012      100.068   99.633  100.030   99.429   99.452  101.673
             99.955  100.745  100.672   99.336   98.909  100.321       100.019
 
  2013       99.108  100.498  100.864   98.519   99.128  102.469
             99.515  100.980   99.937   99.657   99.915   99.698       100.024
 
  2014       98.882  100.716  100.714   98.375   99.547  101.447
             99.935  101.455   99.294   99.848  100.989   99.002       100.017
 
  2015       99.598  100.703   99.804   98.142  100.015  100.655
            100.249  101.290   99.484  100.943  100.127   99.072       100.007
 
  2016      100.305  100.108   98.872   98.930   98.987  100.484
            102.176   99.588   99.686  101.739   99.295   99.903       100.006
 
  AVGE       99.867   99.927   99.719   98.604   99.829  101.247
             99.884  101.646   99.557  100.394   99.375   99.840

  Table Total-       11999.   Mean-       100.   Std. Dev.-         1.
                              Min -        98.        Max -       104.

 E 18.A  Final adjustment ratio forecasts
  From  2017.Jan to 2017.Dec
  Observations         12
 -----------------------------------------------------------------------------
               Jan      Feb      Mar      Apr      May      Jun 
               Jul      Aug      Sep      Oct      Nov      Dec         AVGE  
 -----------------------------------------------------------------------------
  2017       99.365  100.858   98.909   99.756   98.012  100.477
            102.287   99.571  100.624  100.942   99.287  100.776       100.072
 
        ces_hours 15180            PAGE  22, SERIES ces_hours_additi

 F 4.  Additive Day of the Week Trading Day Component Factors


      Day of Week Component for regARIMA Trading Day Factors:

                                       months starting on:
                     Mon      Tue      Wed      Thu      Fri      Sat      Sun
 31-day months        -0.      -0.      -0.       0.       0.       0.       0.
 30-day months        -0.      -0.      -0.      -0.       0.       0.       0.
 Leap year Feb.       -0. ********      -0. ********      -0. ******** ********

  QS statistic for seasonality:
  Original Series                                     1.28  (P-Value =     0.5279)
  Original Series (EV adj)                            1.78  (P-Value =     0.4098)
  Residuals                                           0.31  (P-Value =     0.8549)
  Seasonally Adjusted Series                          0.00  (P-Value =     1.0000)
  Seasonally Adjusted Series (EV adj)                 0.00  (P-Value =     1.0000)
  Irregular Series                                    0.00  (P-Value =     1.0000)
  Irregular Series (EV adj)                           0.00  (P-Value =     1.0000)

  QS statistic for seasonality (starting 2009.Jan):
  Original Series                                     2.12  (P-Value =     0.3469)
  Original Series (EV adj)                            2.52  (P-Value =     0.2838)
  Residuals                                           0.80  (P-Value =     0.6687)
  Seasonally Adjusted Series                          0.00  (P-Value =     1.0000)
  Seasonally Adjusted Series (EV adj)                 0.00  (P-Value =     1.0000)
  Irregular Series                                    0.00  (P-Value =     1.0000)
  Irregular Series (EV adj)                           0.00  (P-Value =     1.0000)


 WARNING: Series should not be a candidate for seasonal adjustment
          because the spectrum of the prior adjusted series (Table B1)
          has no visually significant seasonal peaks.

          If this is a component series of an indirectly adjusted
          composite series, consider using type = trend or type = summary
          in the x11 spec.
        ces_hours 15180            PAGE  23, SERIES ces_hours_additi
 G 0  10*LOG(SPECTRUM) of the differenced Prior Adjusted Series
      (Table B1).  Spectrum estimated from 2009.Jan to 2016.Dec.
 ++++++++++I+++++++++++++++++++++++++++++++++++++++++++++++++++++++++++++I
       6.32I                                    *                        I      6.32
           I                                    *                        I
           I                                    *                        I
           I                                    *                        I
       4.83I                                    *                        I      4.83
           I                                    *                        I
           I                                    *            *           I
           I                                    *            *           I
       3.33I                                    *            *           I      3.33
           I                                    *            *           I
           I                                    *            *      *    I
           I                             *      *       *    *S     *    I
       1.84I                             *      *       *    *S     *    I      1.84
           I                             *      *       *    *S*    *    I
           I             *    *          *S     *       *    *S*    *    I
           I             *    **         *S     *       *    *S*    *    I
       0.35I             *    **         *S     *       *    *S*    *    I      0.35
           I             *    **         *S     *       *    *S*T   *   SI
           I             *    **         *S     *   S   *    *S*T   *   SI
           I             *    **         *S    **   S   *    *S*T  **   SI
      -1.15I             *    **    *   **S    **   S   *    *S*T  **   SI     -1.15
           I            **    **    **  **S    **   S   *   **S*T  **   SI
           I            **    **    **  **S*   **   S*  *   **S*T  **   SI
           I            **    **    **  **S*   **   S* **   **S*T  **   SI
      -2.64I            **    **    **  **S*   ***  S* **   **S*T  *** *SI     -2.64
           I            **    **    **  **S*   ***  S* **   **S*T* *** *SI
           I            **    **    **  **S*   ***  S* ***  **S*T* *** *SI
           I            **   ***S   **  **S*   *** *S*T***  **S*T***** *SI
      -4.13I         *  **   ***S   ******S*   *** *S*T***  **S*T***** *SI     -4.13
           I         *S **   ***S   ******S*   *** *S*T***  **S*T*******SI
           I         *S **   ***S   ******S**  *** *S*T***  **S*T*******SI
           I         *S****  ***S  *******S**  *****S*T***  **S*T*******SI
      -5.63I         *S****  ***S  *******S** ******S*T*** ***S*T*******SI     -5.63
           I         *S****  ***S  *******S** ******S*T*** ***S*T*******SI
           I         *S****  ***S  *******S*********S*T*******S*T*******SI
           I         *S**** ****S* *******S*********S*T*******S*T*******SI
      -7.12I         *S**** ****S*********S*********S*T*******S*T*******SI     -7.12
           I         *S*********S*********S*********S*T*******S*T*******SI
           I         *S*********S*********S*********S*T*******S*T*******SI
           I         *S*********S*********S*********S*T*******S*T*******SI
      -8.61I         *S*********S*********S*********S*T*******S*T*******SI     -8.61
           I         *S*********S*********S*********S*T*******S*T*******SI
           I*       **S*********S*********S*********S*T*******S*T*******SI
           I*  **   **S*********S*********S*********S*T*******S*T*******SI
     -10.11I** **   **S*********S*********S*********S*T*******S*T*******SI    -10.11
           I** **   **S*********S*********S*********S*T*******S*T*******SI
           I*****   **S*********S*********S*********S*T*******S*T*******SI
           I*****   **S*********S*********S*********S*T*******S*T*******SI
     -11.60I*****   **S*********S*********S*********S*T*******S*T*******SI    -11.60
           I******  **S*********S*********S*********S*T*******S*T*******SI
           I******  **S*********S*********S*********S*T*******S*T*******SI
           I****** ***S*********S*********S*********S*T*******S*T*******SI
     -13.09I**********S*********S*********S*********S*T*******S*T*******SI    -13.09
 ++++++++++I+++++++++++++++++++++++++++++++++++++++++++++++++++++++++++++I
            S=SEASONAL FREQUENCIES, T=TRADING DAY FREQUENCIES
        ces_hours 15180            PAGE  24, SERIES ces_hours_additi
 G 1  10*LOG(SPECTRUM) of the differenced seasonally adjusted 
      data (Table E2).  Spectrum estimated from 2009.Jan to 2016.Dec.
 ++++++++++I+++++++++++++++++++++++++++++++++++++++++++++++++++++++++++++I
       4.76I                                                       *     I      4.76
           I                                                       *     I
           I                                                       *     I
           I                                                       *     I
       3.26I                                                       *     I      3.26
           I                                                       *     I
           I                                    *                  *     I
           I                                    *                  *     I
       1.76I                                    *                  *     I      1.76
           I                                    *                  *     I
           I                                    *                  *     I
           I                                    *                  *     I
       0.27I                                    *                  *     I      0.27
           I                                    *                  *     I
           I                                    *                  *     I
           I                                    *       *          *     I
      -1.23I                                    *       *         **     I     -1.23
           I                                    *       *         **     I
           I                  *                 *       *         ***    I
           I                  *                 *      **         ***    I
      -2.73I                  *                 *      **         ***    I     -2.73
           I                  *                 *      ***        ***    I
           I                  *                 *      ***        ***    I
           I             *    *                 *      ***        ***    I
      -4.23I             *    *                **      ***        ***    I     -4.23
           I             *    *      **        **     T***   *    ****   I
           I             *    *      ***   *   **     T***   *    ****   I
           I             *    *      ***   *   ***    T***   *S   ****   I
      -5.72I            **    *      ***   **  ***    T***   *S   *****  I     -5.72
           I            **    *      ***   **  ***    T****  *S   ****** I
           I            **    *      ****  **  ***    T**** **S   ******SI
           I            **    *      **** S**  ***    T**** **S   ******SI
      -7.22I            **    **    ***** S**  ***    T*******S  *******SI     -7.22
           I            **    **    ******S*******   *T*******S* *******SI
           I            **    **    ******S*******   *T*******S* *******SI
           I            **    **    ******S*******   *T*******S*T*******SI
      -8.72I            **    **    ******S*******   *T*******S*T*******SI     -8.72
           I            ***   **    ******S*******   *T*******S*T*******SI
           I           ****   **    ******S******** S*T*******S*T*******SI
           I **        ****   **    ******S******** S*T*******S*T*******SI
     -10.21I******     ****   **    ******S******** S*T*******S*T*******SI    -10.21
           I******     ****  ***    ******S*********S*T*******S*T*******SI
           I*******    ****  ***    ******S*********S*T*******S*T*******SI
           I*******   S****  ***    ******S*********S*T*******S*T*******SI
     -11.71I*******   S****  ***   *******S*********S*T*******S*T*******SI    -11.71
           I********  S****  ***   *******S*********S*T*******S*T*******SI
           I******** *S***** ***   *******S*********S*T*******S*T*******SI
           I**********S*********   *******S*********S*T*******S*T*******SI
     -13.21I**********S*********S  *******S*********S*T*******S*T*******SI    -13.21
           I**********S*********S  *******S*********S*T*******S*T*******SI
           I**********S*********S  *******S*********S*T*******S*T*******SI
           I**********S*********S ********S*********S*T*******S*T*******SI
     -14.71I**********S*********S*********S*********S*T*******S*T*******SI    -14.71
 ++++++++++I+++++++++++++++++++++++++++++++++++++++++++++++++++++++++++++I
            S=SEASONAL FREQUENCIES, T=TRADING DAY FREQUENCIES
        ces_hours 15180            PAGE  25, SERIES ces_hours_additi
 G 2  10*LOG(SPECTRUM) of the Modified Irregular (Table E3).  
      Spectrum estimated from 2009.Jan to 2016.Dec.
 ++++++++++I+++++++++++++++++++++++++++++++++++++++++++++++++++++++++++++I
      -1.32I                                                             I     -1.32
           I                                                       *     I
           I                                    *                  *     I
           I                                    *                  *     I
      -2.89I                                    *                  *     I     -2.89
           I                  *                 *                  *     I
           I                  *                 *                  *     I
           I                  *                 *                  *     I
      -4.46I                  *                 *                  *     I     -4.46
           I                  *                 *                  *     I
           I                  *                 *                  *     I
           I                  *       *         *                  *     I
      -6.03I                  *       *         *                  *     I     -6.03
           I                  *      **         *       *          *     I
           I                  *      **         *       *          *     I
           I                  *      **         *      **         **     I
      -7.60I             *    *      ***        *      **         **     I     -7.60
           I             *    *      ***       **      **         ***    I
           I             *    *      ***   *   **      ***        ***    I
           I             *    **     ***   *   **      ***        ***    I
      -9.17I             *    **    *****  *   **      ***        ***    I     -9.17
           I             *    **    ***** S**  **     T***        ***    I
           I             *    **    ******S**  ***    T***   *    ***    I
           I            **    **    ******S**  ***    T***   *    ***    I
     -10.74I            **    **    ******S**  ***    T***   *S   ****   I    -10.74
           I            **    **    ******S*** ***    T***   *S   ****   I
           I            ***   **    ******S*******    T****  *S   *****  I
           I            ***  ***    ******S*******    T****  *S   *****  I
     -12.31I           ****  ***   *******S*******    T**** **S   ****** I    -12.31
           I          S****  ***   *******S*******   *T**** **S   ******SI
           I          S****  ***   *******S*******   *T*******S* *******SI
           I          S****  ***   *******S*******   *T*******S* *******SI
     -13.88I          S****  ***S  *******S*******   *T*******S* *******SI    -13.88
           I          S****  ***S  *******S********  *T*******S*T*******SI
           I          S***** ***S ********S******** S*T*******S*T*******SI
           I          S*********S*********S******** S*T*******S*T*******SI
     -15.45I         *S*********S*********S******** S*T*******S*T*******SI    -15.45
           I         *S*********S*********S*********S*T*******S*T*******SI
           I         *S*********S*********S*********S*T*******S*T*******SI
           I     *   *S*********S*********S*********S*T*******S*T*******SI
     -17.02I     *   *S*********S*********S*********S*T*******S*T*******SI    -17.02
           I     **  *S*********S*********S*********S*T*******S*T*******SI
           I     ** **S*********S*********S*********S*T*******S*T*******SI
           I     ** **S*********S*********S*********S*T*******S*T*******SI
     -18.59I     *****S*********S*********S*********S*T*******S*T*******SI    -18.59
           I    ******S*********S*********S*********S*T*******S*T*******SI
           I    ******S*********S*********S*********S*T*******S*T*******SI
           I*   ******S*********S*********S*********S*T*******S*T*******SI
     -20.16I*   ******S*********S*********S*********S*T*******S*T*******SI    -20.16
           I*   ******S*********S*********S*********S*T*******S*T*******SI
           I**  ******S*********S*********S*********S*T*******S*T*******SI
           I** *******S*********S*********S*********S*T*******S*T*******SI
     -21.73I**********S*********S*********S*********S*T*******S*T*******SI    -21.73
 ++++++++++I+++++++++++++++++++++++++++++++++++++++++++++++++++++++++++++I
            S=SEASONAL FREQUENCIES, T=TRADING DAY FREQUENCIES
        ces_hours 15180            PAGE  26, SERIES ces_hours_additi

  Peak probabilities for Tukey spectrum estimator
  Spectrum estimated from 2009.Jan to 2016.Dec.

                                          S1       S2       S3       S4       S5       S6       TD
                                        ------   ------   ------   ------   ------   ------   ------
  Model Residuals                        0.171    0.039    0.355    0.979*   0.401    0.822    0.569  
  Prior Adjusted Series (Table B1)       0.160    0.263    0.444    0.879    0.381    0.767    0.536  
  Seasonally adjusted series (E2)        0.143    0.077    0.194    0.202    0.503    0.712    0.571  
  Modified Irregular (E3)                0.503    0.074    0.179    0.216    0.503    0.714    0.588  
  ----------
     ** - Peak Probability > 0.99,
      * - 0.90 < Peak Probability < 0.99


