  Reading input spec file from D:\Programming\Dynamic Paper-dlrhcs_replication\outputs\empirical\unemployment\raw_sa_pilot\x13_work\ces_hours_log_additive_41140_200701_201612.spc

1

               U. S. Department of Commerce, U. S. Census Bureau

              X-13ARIMA-SEATS monthly seasonal adjustment Method,
                          Release Version 1.1 Build 62


           This software application provides an enhanced version of
             Statistics Canada's X-11-ARIMA extension (Dagum, 1980)
                 of the X-11 variant of the Census Method II of
                      Shiskin, Young and Musgrave (1967).

            It also provides an ARIMA model-based method following
       Hillmer and Tiao (1982) and Burman (1980) that is very similar
       to the update of the method of SEATS (Gomez and Maravall, 1996)
                produced at the Bank of Spain by G. Caporello and
               A. Maravall for TSW (Caporello and Maravall, 2004).
          The present application includes additional enhancements.

         X-13ARIMA-SEATS includes an automatic ARIMA model selection procedure
          based largely on the procedure of Gomez and Maravall (1998)
            as implemented in TRAMO (1996) and subsequent revisions.

              Primary Programmers: Brian Monsell, Mark Otto and,
                 for the ARIMA model-based signal extraction,
                      Gianluca Caporello and Victor Gomez


     Series Title- ces_hours 41140
     Series Name- ces_hours_log_ad
     Jul 29, 2026  08.43.49 

        -Period covered-  1st month,2007 to 12th month,2016
        -Type of run - additive seasonal adjustment

        -Sigma limits for graduating extreme values are  1.5 and  2.5 .
        -3x3 moving average used in section 1 of each iteration, 
         3x5 moving average in section 2 of iterations B and C,
         moving average for final seasonal factors chosen by Global MSR.
        -Holiday adjustment factors applied directly to the final seasonally adjusted series
        -Spectral plots generated for selected series
        -Spectral plots generated for series starting in 2009.Jan

 FILE SAVE REQUESTS (* indicates file exists and will be overwritten)
  D:\Programming\Dynamic Paper-dlrhcs_replication\outputs\empirical\unemployment\raw_sa_pilot\x13_work\ces_hours_log_additive_41140_200701_201612.d10  final seasonal factors
  D:\Programming\Dynamic Paper-dlrhcs_replication\outputs\empirical\unemployment\raw_sa_pilot\x13_work\ces_hours_log_additive_41140_200701_201612.d11  final seasonally adjusted data
  D:\Programming\Dynamic Paper-dlrhcs_replication\outputs\empirical\unemployment\raw_sa_pilot\x13_work\ces_hours_log_additive_41140_200701_201612.out  program output file
  D:\Programming\Dynamic Paper-dlrhcs_replication\outputs\empirical\unemployment\raw_sa_pilot\x13_work\ces_hours_log_additive_41140_200701_201612.err  program error file
        ces_hours 41140            PAGE   1, SERIES ces_hours_log_ad

     Contents of spc file D:\Programming\Dynamic Paper-dlrhcs_replication\outputs\empirical\unemployment\raw_sa_pilot\x13_work\ces_hours_log_additive_41140_200701_201612.spc

 Line #
 ------
      1: series {
      2:   title = "ces_hours 41140"
      3:   start = 2007.1
      4:   period = 12
      5:   data = (
      6: 35.1
      7: 35.1
      8: 34.8
      9: 35.2
     10: 34.8
     11: 34.5
     12: 34.8
     13: 35.1
     14: 35
     15: 35.4
     16: 34.5
     17: 33.9
     18: 33.4
     19: 31.8
     20: 33.1
     21: 33
     22: 33
     23: 33.1
     24: 32.6
     25: 33.4
     26: 34.3
     27: 34.4
     28: 34.6
     29: 32.4
     30: 32.6
     31: 32.5
     32: 31.6
     33: 30.9
     34: 31.5
     35: 30.9
     36: 30.1
     37: 31
     38: 30.7
     39: 32.4
     40: 33.4
     41: 31.4
     42: 32
     43: 31.5
     44: 33.5
     45: 32.8
     46: 32.6
     47: 33.7
     48: 31.3
     49: 31.9
     50: 33.3
     51: 33.3
     52: 33.3
     53: 33
     54: 33.2
     55: 33
     56: 33.2
     57: 32.5
     58: 32.5
     59: 32.5
     60: 33.6
     61: 32.9
     62: 35.5
     63: 37.3
     64: 36.9
     65: 35.2
     66: 37.1
     67: 35.9
     68: 36.1
     69: 35.3
     70: 33.3
     71: 33.2
     72: 34.5
     73: 33.9
     74: 35.4
     75: 34.6
     76: 35
     77: 36.1
     78: 35
     79: 33
     80: 34.5
     81: 34.7
     82: 34.7
     83: 35.2
     84: 33.3
     85: 34.2
     86: 33.9
     87: 33.7
     88: 33.3
     89: 32.7
     90: 32.4
     91: 32.7
     92: 33.4
     93: 33.6
     94: 34.1
     95: 32.9
     96: 33.4
     97: 34.1
     98: 34.9
     99: 34.5
    100: 34.3
    101: 35.4
    102: 35.1
    103: 36.9
    104: 37.2
    105: 36.8
    106: 37
    107: 37.1
    108: 37.3
    109: 38.2
    110: 37
    111: 38.9
    112: 38
    113: 37.5
    114: 37.8
    115: 37
    116: 37.8
    117: 35.9
    118: 36.2
    119: 36.2
    120: 35.8
    121: 36.7
    122: 36.9
    123: 37.1
    124: 35.5
    125: 35.9
    126:   )
    127: }
    128: transform { function = log }
    129: regression { aictest = (td easter) }
    130: automdl {}
    131: x11 { mode = add save = (d10 d11) }
        ces_hours 41140            PAGE   2, SERIES ces_hours_log_ad

 A 1  Time series data (for the span analyzed)
  From  2007.Jan to 2016.Dec
  Observations        120
 -----------------------------------------------------------------------------
               Jan      Feb      Mar      Apr      May      Jun 
               Jul      Aug      Sep      Oct      Nov      Dec        TOTAL  
 -----------------------------------------------------------------------------
  2007          35.      35.      35.      35.      35.      35.
                35.      35.      35.      35.      35.      34.          418.
 
  2008          33.      32.      33.      33.      33.      33.
                33.      33.      34.      34.      35.      32.          399.
 
  2009          33.      33.      32.      31.      32.      31.
                30.      31.      31.      32.      33.      31.          379.
 
  2010          32.      32.      34.      33.      33.      34.
                31.      32.      33.      33.      33.      33.          392.
 
  2011          33.      33.      33.      33.      33.      33.
                34.      33.      36.      37.      37.      35.          408.
 
  2012          37.      36.      36.      35.      33.      33.
                35.      34.      35.      35.      35.      36.          420.
 
  2013          35.      33.      35.      35.      35.      35.
                33.      34.      34.      34.      33.      33.          408.
 
  2014          32.      33.      33.      34.      34.      33.
                33.      34.      35.      35.      34.      35.          406.
 
  2015          35.      37.      37.      37.      37.      37.
                37.      38.      37.      39.      38.      38.          447.
 
  2016          38.      37.      38.      36.      36.      36.
                36.      37.      37.      37.      36.      36.          439.
 
  AVGE          34.      34.      35.      34.      34.      34.
                34.      34.      35.      35.      35.      34.

  Table Total-        4117.   Mean-        34.   Std. Dev.-         2.
                              Min -        30.        Max -        39.
        ces_hours 41140            PAGE   3, SERIES ces_hours_log_ad
                        Automatic ARIMA Model Selection

                    Procedure based closely on TRAMO method 
                         of Gomez and Maravall (2000)
              "Automatic Modeling Methods for Univariate Series",
                            A Course in Time Series
                  (Edited by D. Pena, G. C. Tiao, R. S. Tsay),
                         New York : J. Wiley and Sons


     Maximum order for regular ARMA parameters :   2
     Maximum order for seasonal ARMA parameters :   1
     Maximum order for regular differencing :   2
     Maximum order for seasonal differencing :   1

   Results of Unit Root Test for identifying orders of differencing:
     Regular difference order :   1
     Seasonal difference order :   0

     Mean is not significant.

  Automatic model choice : (0 1 1)
   Model changed to 
   ( 0, 1, 1) ( 0, 1, 1)


  Final Checks for Identified Model


  Checking for Unit Roots.
   No unit roots found.

  Checking for nonseasonal overdifferencing.
   Nonseasonal MA not within  0.001 of 1.0 - model passes test.

  Checking for insignificant ARMA coefficients.

  Final automatic model choice : (0 1 1)(0 1 1)
   End of automatic model selection procedure.

 Average absolute percentage error in within-sample forecasts:
  Last year:   2.87      Last-1 year:   7.22     Last-2 year:   4.53
  Last three years:    4.87

 Estimation converged in   36 ARMA iterations,  109 function evaluations.

 ARIMA Model:  (0 1 1)(0 1 1)
   Nonseasonal differences: 1
   Seasonal differences:    1
                                              Standard
 Parameter                    Estimate          Errors
 -----------------------------------------------------
 Nonseasonal MA                                    
   Lag  1                       0.3388         0.08017

 Seasonal MA                                       
   Lag 12                       0.9977         0.07113

 Variance                       0.63247E-03
 SE of Var                      0.86469E-04
 -----------------------------------------------------

 Likelihood Statistics
 ------------------------------------------------------------------
 Number of observations (nobs)                                  120
 Effective number of observations (nefobs)                      107
 Number of parameters estimated (np)                              3
 Log likelihood                                            228.5468
 Transformation Adjustment                                -377.9445
 Adjusted Log likelihood (L)                              -149.3977
 AIC                                                       304.7955 
 AICC (F-corrected-AIC)                                    305.0285 
 Hannan Quinn                                              308.0461 
 BIC                                                       312.8139 
 ------------------------------------------------------------------

 QS Statistic for regARIMA Model Residuals (full series):             0.00
                                                       (P-Value =     1.0000)

 QS Statistic for regARIMA Model Residuals (starting 2009.Jan):       0.00
                                                       (P-Value =     1.0000)
      10*LOG(SPECTRUM) of the regARIMA model residuals
      Spectrum estimated from 2009.Jan to 2016.Dec.
 ++++++++++I+++++++++++++++++++++++++++++++++++++++++++++++++++++++++++++I
     -27.42I   *                                                         I    -27.42
           I   *                                                         I
           I   *                                                         I
           I   *                                                         I
     -28.42I   *   *                                                     I    -28.42
           I   *   *                                     *        *      I
           I   *   *                                   * *        *      I
           I   *   *               *             *     * *   *    *      I
     -29.42I   *   *    *          *             *    T* *   *    *      I    -29.42
           I   *   *    *          *  *          *    T***   *    *      I
           I   *   *    *          *  *          *    T***   *    *      I
           I   *   *    *          *  *          *    T***  **    *      I
     -30.43I   *   *    *          ** *          *    T**** **    *      I    -30.43
           I   *   *    *          ****          *    T**** **    *      I
           I   *   *    *          *****         *    T**** **    *      I
           I   *   *   **         ******         *    T**** **    *      I
     -31.43I   *  **   **         ******         *    T**** **    *      I    -31.43
           I   *  **   ***        ******         **   T**** **    *      I
           I   *  **   ***        ******         **   T*******    *      I
           I   *  **   ***        ******        ***   T*******    *      I
     -32.43I   *  ***  ***        ******        ***   T*******    *      I    -32.43
           I   *  ***  ***        *******       ***   T*******    *      I
           I   *  ***  ***        *******       ***   T*******    *      I
           I   ** ***  ***        *******       ***  *T*******    *   ** I
     -33.44I   ** ***  ***        ********S     ***  *T*******    *   ** I    -33.44
           I   ** *** S***        ********S*    ***  *T*******    *   ** I
           I   ** *** S***        ********S*    ***  *T*******    *   ** I
           I  *** ****S***        ********S*** ****  *T*******    *   **SI
     -34.44I  ********S***       *********S********  *T*******    *   **SI    -34.44
           I  ********S***       *********S********* *T*******    *   **SI
           I  ********S***       *********S*********S*T*******S  ***  **SI
           I  ********S****      *********S*********S*T*******S  ***  **SI
     -35.44I  ********S****      *********S*********S*T*******S  ***  **SI    -35.44
           I  ********S****   ** *********S*********S*T*******S  ***  **SI
           I  ********S****   **S*********S*********S*T*******S  ***  **SI
           I  ********S****   **S*********S*********S*T*******S  *** ***SI
     -36.44I  ********S****   **S*********S*********S*T*******S  *** ***SI    -36.44
           I  ********S****   **S*********S*********S*T*******S  *** ***SI
           I  ********S****  ***S*********S*********S*T*******S  *** ***SI
           I  ********S***** ***S*********S*********S*T*******S  *******SI
     -37.45I  ********S***** ***S*********S*********S*T*******S  *******SI    -37.45
           I  ********S***** ***S*********S*********S*T*******S* *******SI
           I  ********S*********S*********S*********S*T*******S*T*******SI
           I  ********S*********S*********S*********S*T*******S*T*******SI
     -38.45I  ********S*********S*********S*********S*T*******S*T*******SI    -38.45
           I  ********S*********S*********S*********S*T*******S*T*******SI
           I  ********S*********S*********S*********S*T*******S*T*******SI
           I *********S*********S*********S*********S*T*******S*T*******SI
     -39.45I *********S*********S*********S*********S*T*******S*T*******SI    -39.45
           I *********S*********S*********S*********S*T*******S*T*******SI
           I *********S*********S*********S*********S*T*******S*T*******SI
           I *********S*********S*********S*********S*T*******S*T*******SI
     -40.45I**********S*********S*********S*********S*T*******S*T*******SI    -40.45
 ++++++++++I+++++++++++++++++++++++++++++++++++++++++++++++++++++++++++++I
            S=SEASONAL FREQUENCIES, T=TRADING DAY FREQUENCIES


 FORECASTING
  Origin  2016.Dec
  Number        12

  Forecasts and Standard Errors of the Transformed Data
   ------------------------------
                         Standard
       Date   Forecast      Error
   ------------------------------
   2017.Jan       3.58      0.025
   2017.Feb       3.57      0.030
   2017.Mar       3.58      0.034
   2017.Apr       3.57      0.038
   2017.May       3.57      0.042
   2017.Jun       3.57      0.045
   2017.Jul       3.56      0.048
   2017.Aug       3.57      0.051
   2017.Sep       3.59      0.053
   2017.Oct       3.60      0.056
   2017.Nov       3.59      0.058
   2017.Dec       3.58      0.061
   ------------------------------

  Confidence intervals with coverage probability ( 0.95000
  On the Original Scale
   ---------------------------------------
       Date      Lower  Forecast     Upper
   ---------------------------------------
   2017.Jan      34.10     35.82     37.63
   2017.Feb      33.34     35.37     37.52
   2017.Mar      33.63     35.98     38.49
   2017.Apr      32.95     35.52     38.28
   2017.May      32.64     35.42     38.43
   2017.Jun      32.39     35.37     38.62
   2017.Jul      31.94     35.08     38.53
   2017.Aug      32.21     35.57     39.29
   2017.Sep      32.57     36.16     40.15
   2017.Oct      32.84     36.65     40.89
   2017.Nov      32.45     36.37     40.78
   2017.Dec      31.79     35.80     40.32
   ---------------------------------------
        ces_hours 41140            PAGE   4, SERIES ces_hours_log_ad

 B 1  Original series (prior adjusted)
  From  2007.Jan to 2016.Dec
  Observations        120
 -----------------------------------------------------------------------------
               Jan      Feb      Mar      Apr      May      Jun 
               Jul      Aug      Sep      Oct      Nov      Dec        TOTAL  
 -----------------------------------------------------------------------------
  2007          35.      35.      35.      35.      35.      35.
                35.      35.      35.      35.      35.      34.          418.
 
  2008          33.      32.      33.      33.      33.      33.
                33.      33.      34.      34.      35.      32.          399.
 
  2009          33.      33.      32.      31.      31.      31.
                30.      31.      31.      32.      33.      31.          379.
 
  2010          32.      31.      34.      33.      33.      34.
                31.      32.      33.      33.      33.      33.          392.
 
  2011          33.      33.      33.      33.      33.      33.
                34.      33.      36.      37.      37.      35.          408.
 
  2012          37.      36.      36.      35.      33.      33.
                35.      34.      35.      35.      35.      36.          420.
 
  2013          35.      33.      35.      35.      35.      35.
                33.      34.      34.      34.      33.      33.          408.
 
  2014          32.      33.      33.      34.      34.      33.
                33.      34.      35.      35.      34.      35.          406.
 
  2015          35.      37.      37.      37.      37.      37.
                37.      38.      37.      39.      38.      38.          447.
 
  2016          38.      37.      38.      36.      36.      36.
                36.      37.      37.      37.      36.      36.          439.
 
  AVGE          34.      34.      35.      34.      34.      34.
                34.      34.      35.      35.      35.      34.

  Table Total-        4117.   Mean-        34.   Std. Dev.-         2.
                              Min -        30.        Max -        39.

 B 1.A  Forecasts of (prior adjusted) original series
  From  2017.Jan to 2017.Dec
  Observations         12
 -----------------------------------------------------------------------------
               Jan      Feb      Mar      Apr      May      Jun 
               Jul      Aug      Sep      Oct      Nov      Dec        TOTAL  
 -----------------------------------------------------------------------------
  2017          36.      35.      36.      36.      35.      35.
                35.      36.      36.      37.      36.      36.          429.
 
        ces_hours 41140            PAGE   5, SERIES ces_hours_log_ad

 C 17  Final weights for irregular component
  From  2007.Jan to 2016.Dec
  Observations        120
  Lower sigma limit    1.50
  Upper sigma limit    2.50
 -----------------------------------------------------------------------------
               Jan      Feb      Mar      Apr      May      Jun 
               Jul      Aug      Sep      Oct      Nov      Dec         S.D.  
 -----------------------------------------------------------------------------
  2007         100.     100.     100.     100.     100.     100.
               100.     100.     100.     100.     100.     100.           46.
 
  2008         100.       0.     100.     100.     100.     100.
               100.     100.     100.     100.     100.     100.           46.
 
  2009         100.     100.     100.     100.     100.     100.
               100.     100.      32.     100.      21.     100.           46.
 
  2010         100.     100.     100.     100.     100.      12.
                46.     100.     100.     100.     100.     100.           50.
 
  2011         100.     100.     100.     100.     100.     100.
               100.      29.     100.      56.     100.     100.           54.
 
  2012         100.     100.     100.     100.      18.     100.
               100.     100.     100.     100.     100.       0.           52.
 
  2013         100.       0.     100.     100.     100.       0.
               100.     100.     100.     100.     100.     100.           48.
 
  2014         100.     100.     100.     100.      69.     100.
               100.     100.     100.     100.     100.     100.           43.
 
  2015          72.      12.     100.     100.     100.     100.
               100.     100.       0.     100.     100.     100.           36.
 
  2016         100.     100.     100.      89.     100.     100.
               100.     100.     100.     100.     100.     100.           36.
 
        ces_hours 41140            PAGE   6, SERIES ces_hours_log_ad

 D 8  Final unmodified SI ratios
  From  2007.Jan to 2016.Dec
  Observations        120
 -----------------------------------------------------------------------------
               Jan      Feb      Mar      Apr      May      Jun 
               Jul      Aug      Sep      Oct      Nov      Dec         AVGE  
 -----------------------------------------------------------------------------
  2007          -0.      -0.      -0.      -0.      -0.      -1.
                -0.       0.       0.       1.       1.       0.            0.
 
  2008          -0.      -2.      -0.      -0.      -0.      -0.
                -1.      -0.       1.       1.       1.      -1.           -0.
 
  2009          -0.       0.      -0.      -1.       0.      -0.
                -1.      -0.      -1.       1.       2.      -0.           -0.
 
  2010           0.      -1.       1.      -0.      -0.       1.
                -2.      -1.       1.       1.       1.       0.            0.
 
  2011           0.       0.       0.      -0.      -1.      -1.
                -0.      -2.       0.       2.       1.      -1.           -0.
 
  2012           1.       0.       0.      -0.      -2.      -2.
                -0.      -1.       1.       0.       1.       2.            0.
 
  2013           0.      -2.      -0.       0.       0.       1.
                -1.       0.       0.       0.       0.      -0.            0.
 
  2014          -0.      -0.       0.       0.       1.      -1.
                -0.       0.       1.       0.      -0.       0.            0.
 
  2015          -1.       1.       1.      -0.      -0.      -0.
                -0.       0.      -1.       1.      -0.      -0.           -0.
 
  2016           0.      -0.       1.      -1.      -0.      -0.
                -1.       0.       1.       1.      -0.       0.            0.
 
  AVGE           0.      -0.       0.      -0.      -0.      -0.
                -1.      -0.       0.       1.       1.       0.

  Table Total-          -1.   Mean-        -0.   Std. Dev.-         1.
                              Min -        -2.        Max -         2.
        ces_hours 41140            PAGE   7, SERIES ces_hours_log_ad

 D 8.B  Final unmodified SI ratios, with labels for outliers and extreme values
  From  2007.Jan to 2016.Dec
  Observations        120
 ---------------------------------------------------------------------
               Jan       Feb       Mar       Apr       May       Jun  
               Jul       Aug       Sep       Oct       Nov       Dec  
 ---------------------------------------------------------------------
  2007         -0.       -0.       -0.       -0.       -0.       -1.  
               -0.        0.        0.        1.        1.        0.  
 
  2008         -0.       -2.*      -0.       -0.       -0.       -0.  
               -1.       -0.        1.        1.        1.       -1.  
 
  2009         -0.        0.       -0.       -1.        0.       -0.  
               -1.       -0.       -1.*       1.        2.*      -0.  
 
  2010          0.       -1.        1.       -0.       -0.        1.* 
               -2.*      -1.        1.        1.        1.        0.  
 
  2011          0.        0.        0.       -0.       -1.       -1.  
               -0.       -2.*       0.        2.*       1.       -1.  
 
  2012          1.        0.        0.       -0.       -2.*      -2.  
               -0.       -1.        1.        0.        1.        2.* 
 
  2013          0.       -2.*      -0.        0.        0.        1.* 
               -1.        0.        0.        0.        0.       -0.  
 
  2014         -0.       -0.        0.        0.        1.*      -1.  
               -0.        0.        1.        0.       -0.        0.  
 
  2015         -1.*       1.*       1.       -0.       -0.       -0.  
               -0.        0.       -1.*       1.       -0.       -0.  
 
  2016          0.       -0.        1.       -1.*      -0.       -0.  
               -1.        0.        1.        1.       -0.        0.  
 

  Key to symbols:
    *  : extreme value as determined by X-11 extreme value procedure
 
        ces_hours 41140            PAGE   8, SERIES ces_hours_log_ad

 D 9  Final replacement values for SI ratios
  From  2007.Jan to 2016.Dec
  Observations        120
 ---------------------------------------------------------------
               Jan      Feb      Mar      Apr      May      Jun 
               Jul      Aug      Sep      Oct      Nov      Dec 
 ---------------------------------------------------------------
  2007     ******** ******** ******** ******** ******** ********
           ******** ******** ******** ******** ******** ********
 
  2008     ********      -0. ******** ******** ******** ********
           ******** ******** ******** ******** ******** ********
 
  2009     ******** ******** ******** ******** ******** ********
           ******** ********       0. ********       1. ********
 
  2010     ******** ******** ******** ******** ********      -0.
                -1. ******** ******** ******** ******** ********
 
  2011     ******** ******** ******** ******** ******** ********
           ********      -1. ********       1. ******** ********
 
  2012     ******** ******** ******** ********      -1. ********
           ******** ******** ******** ******** ********      -0.
 
  2013     ********      -0. ******** ******** ********      -1.
           ******** ******** ******** ******** ******** ********
 
  2014     ******** ******** ******** ********       0. ********
           ******** ******** ******** ******** ******** ********
 
  2015          -0.      -0. ******** ******** ******** ********
           ******** ********       1. ******** ******** ********
 
  2016     ******** ******** ********      -1. ******** ********
           ******** ******** ******** ******** ******** ********
 

 D 9.A  Moving seasonality ratio
 ---------------------------------------------------------------
               Jan      Feb      Mar      Apr      May      Jun 
 ---------------------------------------------------------------
   I          0.389    0.425    0.405    0.399    0.393    0.320
   S          0.096    0.047    0.095    0.039    0.076    0.075
 RATIO        4.032    9.068    4.278   10.099    5.194    4.273



 ---------------------------------------------------------------
               Jul      Aug      Sep      Oct      Nov      Dec 
 ---------------------------------------------------------------
   I          0.365    0.276    0.460    0.475    0.404    0.558
   S          0.058    0.108    0.043    0.078    0.151    0.046
 RATIO        6.298    2.552   10.682    6.121    2.672   12.131



        ces_hours 41140            PAGE   9, SERIES ces_hours_log_ad

 D 10  Final seasonal factors
  From  2007.Jan to 2016.Dec
  Observations        120
  Seasonal filter    3 x 5 moving average
 -----------------------------------------------------------------------------
               Jan      Feb      Mar      Apr      May      Jun 
               Jul      Aug      Sep      Oct      Nov      Dec         AVGE  
 -----------------------------------------------------------------------------
  2007          -0.      -0.      -0.      -0.      -0.      -0.
                -1.      -0.       1.       1.       1.      -0.           -0.
 
  2008          -0.      -0.      -0.      -0.      -0.      -0.
                -1.      -0.       1.       1.       1.      -0.           -0.
 
  2009           0.      -0.       0.      -0.      -0.      -1.
                -1.      -0.       1.       1.       1.      -0.           -0.
 
  2010           0.      -0.       0.      -0.      -0.      -1.
                -1.      -0.       1.       1.       1.      -0.           -0.
 
  2011           0.      -0.       0.      -0.      -0.      -1.
                -1.      -0.       1.       1.       1.      -0.           -0.
 
  2012           0.      -0.       0.      -0.      -0.      -1.
                -1.      -0.       1.       1.       0.      -0.           -0.
 
  2013           0.      -0.       0.      -0.      -0.      -1.
                -0.      -0.       1.       1.       0.      -0.           -0.
 
  2014           0.      -0.       0.      -0.      -0.      -1.
                -0.       0.       1.       1.       0.      -0.            0.
 
  2015          -0.      -0.       0.      -0.      -0.      -1.
                -1.       0.       1.       1.      -0.      -0.            0.
 
  2016          -0.      -0.       0.      -0.      -0.      -0.
                -1.       0.       1.       1.      -0.      -0.            0.
 
  AVGE           0.      -0.       0.      -0.      -0.      -1.
                -1.      -0.       1.       1.       1.      -0.

  Table Total-          -1.   Mean-        -0.   Std. Dev.-         0.
                              Min -        -1.        Max -         1.

 D 10.A  Final seasonal component forecasts
  From  2017.Jan to 2017.Dec
  Observations         12
 -----------------------------------------------------------------------------
               Jan      Feb      Mar      Apr      May      Jun 
               Jul      Aug      Sep      Oct      Nov      Dec         AVGE  
 -----------------------------------------------------------------------------
  2017          -0.      -0.       0.      -0.      -0.      -0.
                -0.       0.       1.       1.      -0.      -0.            0.
 
        ces_hours 41140            PAGE  10, SERIES ces_hours_log_ad

 D 11  Final seasonally adjusted data
  From  2007.Jan to 2016.Dec
  Observations        120
 -----------------------------------------------------------------------------
               Jan      Feb      Mar      Apr      May      Jun 
               Jul      Aug      Sep      Oct      Nov      Dec        TOTAL  
 -----------------------------------------------------------------------------
  2007          35.      35.      35.      36.      35.      35.
                36.      35.      34.      34.      34.      34.          418.
 
  2008          33.      32.      33.      33.      33.      34.
                33.      34.      34.      33.      34.      33.          399.
 
  2009          33.      33.      32.      31.      32.      31.
                31.      31.      30.      31.      32.      32.          379.
 
  2010          32.      32.      33.      33.      33.      34.
                32.      32.      33.      32.      32.      33.          392.
 
  2011          33.      33.      33.      33.      33.      33.
                34.      33.      35.      37.      36.      35.          408.
 
  2012          37.      36.      36.      35.      34.      34.
                35.      34.      35.      34.      35.      36.          420.
 
  2013          35.      33.      34.      35.      35.      36.
                34.      34.      33.      33.      33.      33.          408.
 
  2014          32.      33.      33.      34.      34.      34.
                34.      34.      34.      34.      34.      36.          406.
 
  2015          35.      37.      37.      37.      37.      38.
                38.      38.      36.      38.      38.      38.          447.
 
  2016          38.      37.      37.      36.      36.      37.
                36.      36.      36.      36.      36.      36.          439.
 
  AVGE          34.      34.      34.      34.      34.      35.
                34.      34.      34.      34.      34.      35.

  Table Total-        4118.   Mean-        34.   Std. Dev.-         2.
                              Min -        30.        Max -        38.
        ces_hours 41140            PAGE  11, SERIES ces_hours_log_ad

 D 12  Final trend cycle
  From  2007.Jan to 2016.Dec
  Observations        120
  Trend filter    13-term Henderson moving average
  I/C ratio        1.95
 -----------------------------------------------------------------------------
               Jan      Feb      Mar      Apr      May      Jun 
               Jul      Aug      Sep      Oct      Nov      Dec        TOTAL  
 -----------------------------------------------------------------------------
  2007          35.      35.      35.      35.      35.      35.
                35.      35.      35.      34.      34.      34.          418.
 
  2008          33.      33.      33.      33.      33.      33.
                34.      34.      34.      33.      33.      33.          401.
 
  2009          33.      32.      32.      32.      31.      31.
                31.      31.      31.      31.      31.      32.          379.
 
  2010          32.      32.      33.      33.      33.      33.
                33.      33.      33.      33.      33.      33.          392.
 
  2011          33.      33.      33.      33.      33.      33.
                34.      34.      35.      36.      36.      36.          409.
 
  2012          36.      36.      36.      35.      35.      35.
                34.      34.      34.      34.      34.      34.          419.
 
  2013          35.      35.      35.      35.      35.      34.
                34.      34.      34.      33.      33.      33.          408.
 
  2014          33.      33.      33.      33.      34.      34.
                34.      34.      34.      34.      35.      35.          406.
 
  2015          36.      36.      37.      37.      37.      38.
                38.      38.      38.      38.      38.      38.          448.
 
  2016          38.      37.      37.      37.      37.      36.
                36.      36.      36.      36.      36.      36.          439.
 
  AVGE          34.      34.      34.      34.      34.      34.
                34.      34.      34.      34.      34.      34.

  Table Total-        4118.   Mean-        34.   Std. Dev.-         2.
                              Min -        31.        Max -        38.
        ces_hours 41140            PAGE  12, SERIES ces_hours_log_ad

 D 13  Final irregular component
  From  2007.Jan to 2016.Dec
  Observations        120
 -----------------------------------------------------------------------------
               Jan      Feb      Mar      Apr      May      Jun 
               Jul      Aug      Sep      Oct      Nov      Dec         S.D.  
 -----------------------------------------------------------------------------
  2007          -0.       0.      -0.       0.      -0.      -0.
                 0.       0.      -0.       0.      -0.       0.            0.
 
  2008          -0.      -1.      -0.       0.      -0.       0.
                -0.      -0.       0.      -0.       0.      -0.            0.
 
  2009          -0.       0.      -0.      -0.       0.       0.
                -0.       0.      -1.       0.       1.      -0.            1.
 
  2010          -0.      -1.       1.       0.      -0.       1.
                -1.      -0.       0.      -0.      -0.       0.            1.
 
  2011          -0.       0.       0.      -0.      -0.      -0.
                 0.      -1.      -0.       1.       0.      -1.            1.
 
  2012           1.       0.       0.       0.      -1.      -1.
                 1.      -0.       0.      -0.       0.       2.            1.
 
  2013           0.      -1.      -0.       0.       0.       2.
                -0.       0.      -0.      -0.       0.       0.            1.
 
  2014          -0.      -0.      -0.       0.       1.      -0.
                -0.       0.       0.      -0.      -0.       0.            0.
 
  2015          -0.       1.       0.      -0.      -0.       0.
                -0.       0.      -2.       0.       0.      -0.            1.
 
  2016           0.      -0.       0.      -1.      -0.       0.
                -0.       0.       0.       0.      -0.       0.            0.
 
  S.D.           0.       1.       0.       0.       1.       1.
                 0.       0.       1.       0.       0.       1.

  Table Total-          -1.   Mean-        -0.   Std. Dev.-         1.
                              Min -        -2.        Max -         2.
        ces_hours 41140            PAGE  13, SERIES ces_hours_log_ad

 D 16  Combined adjustment factors
  From  2007.Jan to 2016.Dec
  Observations        120
 -----------------------------------------------------------------------------
               Jan      Feb      Mar      Apr      May      Jun 
               Jul      Aug      Sep      Oct      Nov      Dec         AVGE  
 -----------------------------------------------------------------------------
  2007          -0.      -0.      -0.      -0.      -0.      -0.
                -1.      -0.       1.       1.       1.      -0.           -0.
 
  2008          -0.      -0.      -0.      -0.      -0.      -0.
                -1.      -0.       1.       1.       1.      -0.           -0.
 
  2009           0.      -0.       0.      -0.      -0.      -1.
                -1.      -0.       1.       1.       1.      -0.           -0.
 
  2010           0.      -0.       0.      -0.      -0.      -1.
                -1.      -0.       1.       1.       1.      -0.           -0.
 
  2011           0.      -0.       0.      -0.      -0.      -1.
                -1.      -0.       1.       1.       1.      -0.           -0.
 
  2012           0.      -0.       0.      -0.      -0.      -1.
                -1.      -0.       1.       1.       0.      -0.           -0.
 
  2013           0.      -0.       0.      -0.      -0.      -1.
                -0.      -0.       1.       1.       0.      -0.           -0.
 
  2014           0.      -0.       0.      -0.      -0.      -1.
                -0.       0.       1.       1.       0.      -0.            0.
 
  2015          -0.      -0.       0.      -0.      -0.      -1.
                -1.       0.       1.       1.      -0.      -0.            0.
 
  2016          -0.      -0.       0.      -0.      -0.      -0.
                -1.       0.       1.       1.      -0.      -0.            0.
 
  AVGE           0.      -0.       0.      -0.      -0.      -1.
                -1.      -0.       1.       1.       1.      -0.

  Table Total-          -1.   Mean-        -0.   Std. Dev.-         0.
                              Min -        -1.        Max -         1.

 D 16.A  Combined adjustment component forecasts
  From  2017.Jan to 2017.Dec
  Observations         12
 -----------------------------------------------------------------------------
               Jan      Feb      Mar      Apr      May      Jun 
               Jul      Aug      Sep      Oct      Nov      Dec         AVGE  
 -----------------------------------------------------------------------------
  2017          -0.      -0.       0.      -0.      -0.      -0.
                -0.       0.       1.       1.      -0.      -0.            0.
 
        ces_hours 41140            PAGE  14, SERIES ces_hours_log_ad

 E 4  Differences of annual totals
  From          2007 to 2016
  Observations         10
 -----------------------------------
  Year       Unmodified     Modified
                  (D11)         (E2)
 -----------------------------------
  2007              -0.          -0.
 
  2008              -0.          -0.
 
  2009              -0.          -0.
 
  2010              -0.          -0.
 
  2011              -0.          -0.
 
  2012              -0.          -0.
 
  2013              -0.          -0.
 
  2014               0.           0.
 
  2015               0.           0.
 
  2016               0.           0.
 
        ces_hours 41140            PAGE  15, SERIES ces_hours_log_ad

 E 5  Month-to-month differences in the original series
  From  2007.Feb to 2016.Dec
  Observations        119
 -----------------------------------------------------------------------------
               Jan      Feb      Mar      Apr      May      Jun 
               Jul      Aug      Sep      Oct      Nov      Dec         AVGE  
 -----------------------------------------------------------------------------
  2007                    0.      -0.       0.      -0.      -0.
                 0.       0.      -0.       0.      -1.      -1.           -0.
 
  2008          -0.      -2.       1.      -0.       0.       0.
                -0.       1.       1.       0.       0.      -2.           -0.
 
  2009           0.      -0.      -1.      -1.       1.      -1.
                -1.       1.      -0.       2.       1.      -2.           -0.
 
  2010           1.      -0.       2.      -1.      -0.       1.
                -2.       1.       1.       0.       0.      -0.            0.
 
  2011           0.      -0.       0.      -1.       0.       0.
                 1.      -1.       3.       2.      -0.      -2.            0.
 
  2012           2.      -1.       0.      -1.      -2.      -0.
                 1.      -1.       2.      -1.       0.       1.            0.
 
  2013          -1.      -2.       2.       0.       0.       1.
                -2.       1.      -0.      -0.      -0.      -1.           -0.
 
  2014          -0.       0.       1.       0.       1.      -1.
                 1.       1.       1.      -0.      -0.       1.            0.
 
  2015          -0.       2.       0.      -0.       0.       0.
                 0.       1.      -1.       2.      -1.      -0.            0.
 
  2016           0.      -1.       1.      -2.       0.       0.
                -0.       1.       0.       0.      -2.       0.           -0.
 
  AVGE           0.      -0.       1.      -0.      -0.      -0.
                -0.       0.       1.       0.      -0.      -1.

  Table Total-           1.   Mean-         0.   Std. Dev.-         1.
                              Min -        -2.        Max -         3.
        ces_hours 41140            PAGE  16, SERIES ces_hours_log_ad

 E 6  Month-to-month differences in seasonally adjusted series (D11)
  From  2007.Feb to 2016.Dec
  Observations        119
 -----------------------------------------------------------------------------
               Jan      Feb      Mar      Apr      May      Jun 
               Jul      Aug      Sep      Oct      Nov      Dec         AVGE  
 -----------------------------------------------------------------------------
  2007                    0.      -0.       1.      -0.      -0.
                 1.      -0.      -1.      -0.      -1.       0.           -0.
 
  2008          -1.      -1.       1.       0.      -0.       0.
                -0.       0.       0.      -0.       0.      -1.           -0.
 
  2009          -0.       0.      -1.      -0.       1.      -0.
                -1.       1.      -1.       1.       1.      -1.           -0.
 
  2010           0.      -0.       2.      -0.      -0.       1.
                -2.       0.       0.      -0.       0.       1.            0.
 
  2011          -0.       0.      -0.      -0.       0.       0.
                 1.      -1.       2.       2.      -0.      -1.            0.
 
  2012           1.      -1.      -0.      -0.      -2.       0.
                 1.      -1.       1.      -1.       1.       2.            0.
 
  2013          -2.      -2.       1.       1.       0.       1.
                -2.       1.      -1.      -0.      -0.      -0.           -0.
 
  2014          -1.       1.       0.       1.       1.      -1.
                 0.       0.       0.      -0.       0.       1.            0.
 
  2015          -0.       2.      -0.       0.       0.       1.
                 0.       0.      -2.       2.      -0.      -0.            0.
 
  2016           0.      -1.       0.      -1.       0.       0.
                -0.       0.      -0.       0.      -1.       0.           -0.
 
  AVGE          -0.      -0.       0.      -0.      -0.       0.
                -0.      -0.      -0.       0.      -0.       0.

  Table Total-           1.   Mean-         0.   Std. Dev.-         1.
                              Min -        -2.        Max -         2.
        ces_hours 41140            PAGE  17, SERIES ces_hours_log_ad

 E 7  Month-to-month differences in final trend cycle (D12)
  From  2007.Feb to 2016.Dec
  Observations        119
 -----------------------------------------------------------------------------
               Jan      Feb      Mar      Apr      May      Jun 
               Jul      Aug      Sep      Oct      Nov      Dec         AVGE  
 -----------------------------------------------------------------------------
  2007                   -0.       0.       0.       0.      -0.
                -0.      -0.      -0.      -0.      -0.      -0.           -0.
 
  2008          -0.      -0.      -0.      -0.       0.       0.
                 0.       0.      -0.      -0.      -0.      -0.           -0.
 
  2009          -0.      -0.      -0.      -0.      -0.      -0.
                -0.      -0.       0.       0.       0.       0.           -0.
 
  2010           0.       0.       0.       0.       0.      -0.
                -0.      -0.      -0.       0.       0.       0.            0.
 
  2011           0.       0.      -0.       0.       0.       0.
                 0.       1.       1.       1.       0.       0.            0.
 
  2012           0.      -0.      -0.      -0.      -0.      -0.
                -0.      -0.       0.       0.       0.       0.           -0.
 
  2013           0.       0.       0.       0.      -0.      -0.
                -0.      -0.      -0.      -0.      -0.      -0.           -0.
 
  2014          -0.       0.       0.       0.       0.       0.
                 0.       0.       0.       0.       0.       0.            0.
 
  2015           1.       1.       0.       0.       0.       0.
                 0.       0.       0.       0.      -0.      -0.            0.
 
  2016          -0.      -0.      -0.      -0.      -0.      -0.
                -0.      -0.      -0.      -0.      -0.      -0.           -0.
 
  AVGE           0.       0.       0.       0.       0.       0.
                 0.       0.       0.       0.      -0.       0.

  Table Total-           1.   Mean-         0.   Std. Dev.-         0.
                              Min -        -0.        Max -         1.
        ces_hours 41140            PAGE  18, SERIES ces_hours_log_ad

 E 8  Month-to-month differences in original series adjusted for calendar factors (A18)
  From  2007.Feb to 2016.Dec
  Observations        119
 -----------------------------------------------------------------------------
               Jan      Feb      Mar      Apr      May      Jun 
               Jul      Aug      Sep      Oct      Nov      Dec         AVGE  
 -----------------------------------------------------------------------------
  2007                    0.      -0.       0.      -0.      -0.
                 0.       0.      -0.       0.      -1.      -1.           -0.
 
  2008          -1.      -2.       1.      -0.       0.       0.
                -1.       1.       1.       0.       0.      -2.           -0.
 
  2009           0.      -0.      -1.      -1.       1.      -1.
                -1.       1.      -0.       2.       1.      -2.           -0.
 
  2010           1.      -1.       2.      -1.      -0.       1.
                -2.       1.       1.       0.       0.      -0.            0.
 
  2011           0.      -0.       0.      -1.       0.       0.
                 1.      -1.       3.       2.      -0.      -2.            0.
 
  2012           2.      -1.       0.      -1.      -2.      -0.
                 1.      -1.       2.      -1.       0.       1.            0.
 
  2013          -1.      -2.       2.       0.       0.       1.
                -2.       1.      -0.      -0.      -0.      -1.           -0.
 
  2014          -0.       0.       1.       0.       0.      -1.
                 1.       1.       1.      -0.      -0.       1.            0.
 
  2015          -0.       2.       0.      -0.       0.       0.
                 0.       1.      -1.       2.      -1.      -0.            0.
 
  2016           0.      -1.       1.      -2.       0.       0.
                -0.       1.       0.       0.      -2.       0.           -0.
 
  AVGE           0.      -0.       1.      -0.      -0.      -0.
                -0.       0.       1.       0.      -0.      -1.

  Table Total-           1.   Mean-         0.   Std. Dev.-         1.
                              Min -        -2.        Max -         3.
        ces_hours 41140            PAGE  19, SERIES ces_hours_log_ad

 E 18  Final adjustment ratios
  From  2007.Jan to 2016.Dec
  Observations        120
 -----------------------------------------------------------------------------
               Jan      Feb      Mar      Apr      May      Jun 
               Jul      Aug      Sep      Oct      Nov      Dec         AVGE  
 -----------------------------------------------------------------------------
  2007       99.681   99.401   99.477   99.048   99.268   98.795
             97.874   99.691  101.489  102.969  102.823   99.564       100.007
 
  2008       99.796   99.338   99.730   99.007   99.127   98.639
             97.751   99.411  101.498  103.030  102.761   99.456        99.962
 
  2009      100.184   99.390  100.205   98.969   98.921   98.244
             97.627   98.905  101.781  103.009  102.837   99.311        99.949
 
  2010      100.707   99.556  100.493   99.089   98.922   98.014
             97.824   98.735  101.645  102.686  102.664   99.235        99.964
 
  2011      100.995   99.564  100.833   99.365   99.013   97.595
             98.128   98.764  101.686  101.952  101.935   99.421        99.938
 
  2012      100.866   99.692  100.851   99.656   99.195   97.451
             98.403   99.167  101.703  101.844  101.409   99.485        99.977
 
  2013      100.703   99.616  101.029   99.747   99.348   97.637
             98.553   99.683  101.930  101.667  100.725   99.567       100.017
 
  2014      100.390   99.579  101.052   99.621   99.499   97.855
             98.553  100.243  101.803  101.720  100.242   99.600       100.013
 
  2015       99.984   99.440  101.085   99.496   99.613   98.505
             98.660  100.492  101.698  101.620   99.848   99.752       100.016
 
  2016       99.741   99.353  101.173   99.302   99.533   98.811
             98.576  100.582  101.614  101.955   99.771   99.650       100.005
 
  AVGE      100.305   99.493  100.593   99.330   99.244   98.155
             98.195   99.567  101.685  102.245  101.502   99.504

  Table Total-       11998.   Mean-       100.   Std. Dev.-         1.
                              Min -        97.        Max -       103.

 E 18.A  Final adjustment ratio forecasts
  From  2017.Jan to 2017.Dec
  Observations         12
 -----------------------------------------------------------------------------
               Jan      Feb      Mar      Apr      May      Jun 
               Jul      Aug      Sep      Oct      Nov      Dec         AVGE  
 -----------------------------------------------------------------------------
  2017       99.653   99.291  101.371   99.136   99.377   98.908
             98.601  100.576  101.662  102.127   99.738   99.583       100.002
 

  QS statistic for seasonality:
  Original Series                                     2.58  (P-Value =     0.2757)
  Original Series (EV adj)                            2.58  (P-Value =     0.2757)
  Residuals                                           0.00  (P-Value =     1.0000)
  Seasonally Adjusted Series                          0.00  (P-Value =     1.0000)
  Seasonally Adjusted Series (EV adj)                 0.00  (P-Value =     1.0000)
  Irregular Series                                    0.00  (P-Value =     1.0000)
  Irregular Series (EV adj)                           0.00  (P-Value =     1.0000)

  QS statistic for seasonality (starting 2009.Jan):
  Original Series                                     0.31  (P-Value =     0.8577)
  Original Series (EV adj)                            0.31  (P-Value =     0.8577)
  Residuals                                           0.00  (P-Value =     1.0000)
  Seasonally Adjusted Series                          0.00  (P-Value =     1.0000)
  Seasonally Adjusted Series (EV adj)                 0.00  (P-Value =     1.0000)
  Irregular Series                                    0.00  (P-Value =     1.0000)
  Irregular Series (EV adj)                           0.00  (P-Value =     1.0000)


 WARNING: Series should not be a candidate for seasonal adjustment
          because the spectrum of the original series (Table A1 or B1)
          has no visually significant seasonal peaks.

          If this is a component series of an indirectly adjusted
          composite series, consider using type = trend or type = summary
          in the x11 spec.
        ces_hours 41140            PAGE  20, SERIES ces_hours_log_ad
 G 0  10*LOG(SPECTRUM) of the differenced Original Series
      (Table A1 or B1).  Spectrum estimated from 2009.Jan to 2016.Dec.
 ++++++++++I+++++++++++++++++++++++++++++++++++++++++++++++++++++++++++++I
       4.10I                                                 *           I      4.10
           I                                                 *           I
           I                                           * **  *S          I
           I                                          T* **  *S         SI
       2.79I                                          T****  *S         SI      2.79
           I                                          T****  *S   *     SI
           I                                          T*******S   *     SI
           I                    S*               *    T*******S   *     SI
       1.48I           *        S*               *    T*******S   *     SI      1.48
           I           *        S*               *    T*******S   *    *SI
           I           *        S*  *            *   *T*******S*  *    *SI
           I           *        S*  **           **  *T*******S* **    *SI
       0.16I           *        S*  ***         ***  *T*******S* ***   *SI      0.16
           I           *        S* *****        ***  *T*******S* ***   *SI
           I           *        S*******        *** S*T*******S*T***   *SI
           I   *       *        S*******        ****S*T*******S*T***   *SI
      -1.15I   *       *        S********  **   ****S*T*******S*T***   *SI     -1.15
           I   *       *        S********  **   ****S*T*******S*T***  **SI
           I   *   *   *        S********  **  *****S*T*******S*T***  **SI
           I   *   *   **       S*********S*** *****S*T*******S*T***  **SI
      -2.46I   *   *  S**       S*********S*********S*T*******S*T**** **SI     -2.46
           I   *   *  S**       S*********S*********S*T*******S*T*******SI
           I   *   *  S**       S*********S*********S*T*******S*T*******SI
           I   *   *  S**       S*********S*********S*T*******S*T*******SI
      -3.77I   *   ** S**       S*********S*********S*T*******S*T*******SI     -3.77
           I   *   ** S**       S*********S*********S*T*******S*T*******SI
           I   *   ** S***     *S*********S*********S*T*******S*T*******SI
           I   *  ****S****    *S*********S*********S*T*******S*T*******SI
      -5.08I   ** ****S****    *S*********S*********S*T*******S*T*******SI     -5.08
           I   ** ****S****    *S*********S*********S*T*******S*T*******SI
           I   ** ****S*****   *S*********S*********S*T*******S*T*******SI
           I   ** ****S*****   *S*********S*********S*T*******S*T*******SI
      -6.40I   ** ****S*****   *S*********S*********S*T*******S*T*******SI     -6.40
           I   *******S*****   *S*********S*********S*T*******S*T*******SI
           I   *******S*****   *S*********S*********S*T*******S*T*******SI
           I  ********S*****   *S*********S*********S*T*******S*T*******SI
      -7.71I  ********S****** **S*********S*********S*T*******S*T*******SI     -7.71
           I  ********S****** **S*********S*********S*T*******S*T*******SI
           I  ********S****** **S*********S*********S*T*******S*T*******SI
           I  ********S*********S*********S*********S*T*******S*T*******SI
      -9.02I  ********S*********S*********S*********S*T*******S*T*******SI     -9.02
           I  ********S*********S*********S*********S*T*******S*T*******SI
           I  ********S*********S*********S*********S*T*******S*T*******SI
           I  ********S*********S*********S*********S*T*******S*T*******SI
     -10.33I  ********S*********S*********S*********S*T*******S*T*******SI    -10.33
           I  ********S*********S*********S*********S*T*******S*T*******SI
           I  ********S*********S*********S*********S*T*******S*T*******SI
           I  ********S*********S*********S*********S*T*******S*T*******SI
     -11.65I *********S*********S*********S*********S*T*******S*T*******SI    -11.65
           I *********S*********S*********S*********S*T*******S*T*******SI
           I *********S*********S*********S*********S*T*******S*T*******SI
           I *********S*********S*********S*********S*T*******S*T*******SI
     -12.96I**********S*********S*********S*********S*T*******S*T*******SI    -12.96
 ++++++++++I+++++++++++++++++++++++++++++++++++++++++++++++++++++++++++++I
            S=SEASONAL FREQUENCIES, T=TRADING DAY FREQUENCIES
        ces_hours 41140            PAGE  21, SERIES ces_hours_log_ad
 G 1  10*LOG(SPECTRUM) of the differenced seasonally adjusted 
      data (Table E2).  Spectrum estimated from 2009.Jan to 2016.Dec.
 ++++++++++I+++++++++++++++++++++++++++++++++++++++++++++++++++++++++++++I
       7.31I                                      *                      I      7.31
           I                                      *                      I
           I                                      *                      I
           I                                      *                      I
       5.72I                                      *                      I      5.72
           I                                      *                      I
           I                                      *      *               I
           I                                      *      *               I
       4.12I                                      *      *               I      4.12
           I                                      *      *               I
           I                                      *      *               I
           I                                      *      *               I
       2.53I                                      *      *               I      2.53
           I                                      *      *               I
           I                                      *      *               I
           I                                      *      *   *    *      I
       0.93I                                      *      *   *    *      I      0.93
           I                                      *      *   *    *      I
           I   *                                 **     **   *    *      I
           I   *   *                             **     **  **    *      I
      -0.66I   *   *                             **     **  **    *      I     -0.66
           I   *   *                             **     **  **    *      I
           I   *   *                  *          **     *** **   **      I
           I   *   *                  *          **     *** **   **   *  I
      -2.26I   *   *                  *          **     *** **   **   *  I     -2.26
           I   *   *                  **         ***    *** **   **   *  I
           I   *   *    *          *  **         ***    ******   **  **  I
           I   *   *    *          * ***         ***    ******   **  **  I
      -3.85I   *   *    *          *****   *     ***    ******   **  **  I     -3.85
           I   *   *    **        ******   *     ***    ******   **  **  I
           I   *  **    **        ******   **    ***    ******   **  **  I
           I   *  **    **        ******  S**   ****    ******S  **  **  I
      -5.45I   ** **    **        ******* S**   ****    ******S  *** **  I     -5.45
           I   ** ***   **        ********S**   ****   *******S  *** **  I
           I   ** ***   **        ********S***  ****   *******S  *** **  I
           I   ** ***   **        ********S***  ****S  *******S  ******  I
      -7.04I   ******   **       *********S*********S  *******S T******  I     -7.04
           I  *******  ***       *********S*********S  *******S*T******* I
           I  *******  ***       *********S*********S*T*******S*T******* I
           I  *******  ***       *********S*********S*T*******S*T******* I
      -8.64I  *******  ****      *********S*********S*T*******S*T******* I     -8.64
           I  ******** ****   **S*********S*********S*T*******S*T*******SI
           I  ********S****   **S*********S*********S*T*******S*T*******SI
           I  ********S****  ***S*********S*********S*T*******S*T*******SI
     -10.24I  ********S****  ***S*********S*********S*T*******S*T*******SI    -10.24
           I  ********S*********S*********S*********S*T*******S*T*******SI
           I  ********S*********S*********S*********S*T*******S*T*******SI
           I  ********S*********S*********S*********S*T*******S*T*******SI
     -11.83I  ********S*********S*********S*********S*T*******S*T*******SI    -11.83
           I *********S*********S*********S*********S*T*******S*T*******SI
           I *********S*********S*********S*********S*T*******S*T*******SI
           I *********S*********S*********S*********S*T*******S*T*******SI
     -13.43I**********S*********S*********S*********S*T*******S*T*******SI    -13.43
 ++++++++++I+++++++++++++++++++++++++++++++++++++++++++++++++++++++++++++I
            S=SEASONAL FREQUENCIES, T=TRADING DAY FREQUENCIES
        ces_hours 41140            PAGE  22, SERIES ces_hours_log_ad
 G 2  10*LOG(SPECTRUM) of the Modified Irregular (Table E3).  
      Spectrum estimated from 2009.Jan to 2016.Dec.
 ++++++++++I+++++++++++++++++++++++++++++++++++++++++++++++++++++++++++++I
       2.77I                                                             I      2.77
           I                                      *                      I
           I                                      *                      I
           I                                      *                      I
       1.13I                                      *                      I      1.13
           I                                      *                      I
           I                                      *                      I
           I                                      *      *               I
      -0.51I                                      *      *               I     -0.51
           I                                      *      *               I
           I                                      *      *               I
           I                                      *      *               I
      -2.16I                                      *      *               I     -2.16
           I                                      *      *               I
           I                          *           *      *               I
           I                          *           *      *               I
      -3.80I                          *           *      *               I     -3.80
           I                          *           *      *        *      I
           I                       *  *          **      *   *    *      I
           I                      ** **          **      *   *    *      I
      -5.44I            *         ** ***         **     **   *    *      I     -5.44
           I            *         ******         **     **  **    *      I
           I            *         ******         **     **  **    *      I
           I            *         ******         **     **  **    *      I
      -7.09I            *         ******         ***    *** **    *      I     -7.09
           I            **        ******   *     ***    *** **   **      I
           I            **       ******** S*     ***    *** **   **   *  I
           I            **       *********S**    ***    *** **   **   *  I
      -8.73I            **    *  *********S**    ***    ******   **   *  I     -8.73
           I            **    *  *********S**    ***    ******   **  **  I
           I            **    **S*********S**    ***    ******   **  **  I
           I            **    **S*********S***  ****    ******   **  **  I
     -10.37I            **   ***S*********S***  ****    ******   **  **  I    -10.37
           I            **   ***S*********S***  ****S   ******   **  **  I
           I            **   ***S*********S***  ****S  *******S  *** **  I
           I            **   ***S*********S*********S  *******S  *** **  I
     -12.01I            ***  ***S*********S*********S  *******S  *** **  I    -12.01
           I           **** ****S*********S*********S*T*******S  ******  I
           I           **** ****S*********S*********S*T*******S T******* I
           I           *********S*********S*********S*T*******S*T******* I
     -13.66I  *     *  *********S*********S*********S*T*******S*T******* I    -13.66
           I  *    **  *********S*********S*********S*T*******S*T******* I
           I  *    **  *********S*********S*********S*T*******S*T*******SI
           I  **   **  *********S*********S*********S*T*******S*T*******SI
     -15.30I  **   ***S*********S*********S*********S*T*******S*T*******SI    -15.30
           I  **   ***S*********S*********S*********S*T*******S*T*******SI
           I  **   ***S*********S*********S*********S*T*******S*T*******SI
           I  **   ***S*********S*********S*********S*T*******S*T*******SI
     -16.94I ***   ***S*********S*********S*********S*T*******S*T*******SI    -16.94
           I ***  ****S*********S*********S*********S*T*******S*T*******SI
           I **** ****S*********S*********S*********S*T*******S*T*******SI
           I **** ****S*********S*********S*********S*T*******S*T*******SI
     -18.59I**********S*********S*********S*********S*T*******S*T*******SI    -18.59
 ++++++++++I+++++++++++++++++++++++++++++++++++++++++++++++++++++++++++++I
            S=SEASONAL FREQUENCIES, T=TRADING DAY FREQUENCIES
        ces_hours 41140            PAGE  23, SERIES ces_hours_log_ad

  Peak probabilities for Tukey spectrum estimator
  Spectrum estimated from 2009.Jan to 2016.Dec.

                                          S1       S2       S3       S4       S5       S6       TD
                                        ------   ------   ------   ------   ------   ------   ------
  Model Residuals                        0.028    0.544    0.227    0.066    0.294    0.562    0.181  
  Original Series (Table A1 or B1)       0.738    0.912*   0.213    0.206    0.784    0.840    0.621  
  Seasonally adjusted series (E2)        0.103    0.240    0.256    0.042    0.099    0.230    0.080  
  Modified Irregular (E3)                0.139    0.269    0.304    0.047    0.094    0.254    0.089  
  ----------
     ** - Peak Probability > 0.99,
      * - 0.90 < Peak Probability < 0.99


