  Reading input spec file from D:\Programming\Dynamic Paper-dlrhcs_replication\outputs\empirical\unemployment\raw_sa_pilot\x13_work\ces_hours_additive_level_19804_200701_201612.spc

1

               U. S. Department of Commerce, U. S. Census Bureau

              X-13ARIMA-SEATS monthly seasonal adjustment Method,
                          Release Version 1.1 Build 62


           This software application provides an enhanced version of
             Statistics Canada's X-11-ARIMA extension (Dagum, 1980)
                 of the X-11 variant of the Census Method II of
                      Shiskin, Young and Musgrave (1967).

            It also provides an ARIMA model-based method following
       Hillmer and Tiao (1982) and Burman (1980) that is very similar
       to the update of the method of SEATS (Gomez and Maravall, 1996)
                produced at the Bank of Spain by G. Caporello and
               A. Maravall for TSW (Caporello and Maravall, 2004).
          The present application includes additional enhancements.

         X-13ARIMA-SEATS includes an automatic ARIMA model selection procedure
          based largely on the procedure of Gomez and Maravall (1998)
            as implemented in TRAMO (1996) and subsequent revisions.

              Primary Programmers: Brian Monsell, Mark Otto and,
                 for the ARIMA model-based signal extraction,
                      Gianluca Caporello and Victor Gomez


     Series Title- ces_hours 19804
     Series Name- ces_hours_additi
     Jul 29, 2026  08.40.08 

        -Period covered-  1st month,2007 to 12th month,2016
        -Type of run - additive seasonal adjustment

        -Sigma limits for graduating extreme values are  1.5 and  2.5 .
        -3x3 moving average used in section 1 of each iteration, 
         3x5 moving average in section 2 of iterations B and C,
         moving average for final seasonal factors chosen by Global MSR.
        -Holiday adjustment factors applied directly to the final seasonally adjusted series
        -Spectral plots generated for selected series
        -Spectral plots generated for series starting in 2009.Jan

 FILE SAVE REQUESTS (* indicates file exists and will be overwritten)
  D:\Programming\Dynamic Paper-dlrhcs_replication\outputs\empirical\unemployment\raw_sa_pilot\x13_work\ces_hours_additive_level_19804_200701_201612.d10  final seasonal factors
  D:\Programming\Dynamic Paper-dlrhcs_replication\outputs\empirical\unemployment\raw_sa_pilot\x13_work\ces_hours_additive_level_19804_200701_201612.d11  final seasonally adjusted data
  D:\Programming\Dynamic Paper-dlrhcs_replication\outputs\empirical\unemployment\raw_sa_pilot\x13_work\ces_hours_additive_level_19804_200701_201612.out  program output file
  D:\Programming\Dynamic Paper-dlrhcs_replication\outputs\empirical\unemployment\raw_sa_pilot\x13_work\ces_hours_additive_level_19804_200701_201612.err  program error file
        ces_hours 19804            PAGE   1, SERIES ces_hours_additi

     Contents of spc file D:\Programming\Dynamic Paper-dlrhcs_replication\outputs\empirical\unemployment\raw_sa_pilot\x13_work\ces_hours_additive_level_19804_200701_201612.spc

 Line #
 ------
      1: series {
      2:   title = "ces_hours 19804"
      3:   start = 2007.1
      4:   period = 12
      5:   data = (
      6: 40.3
      7: 40.3
      8: 40.6
      9: 40.2
     10: 40.4
     11: 41
     12: 41
     13: 41
     14: 40.8
     15: 40.4
     16: 40.7
     17: 40.7
     18: 39.6
     19: 39.5
     20: 39.6
     21: 39.4
     22: 39
     23: 38.9
     24: 38.3
     25: 38.2
     26: 38.1
     27: 37.8
     28: 36.8
     29: 37.3
     30: 36.1
     31: 36.3
     32: 36.1
     33: 35.7
     34: 36
     35: 36.7
     36: 36.4
     37: 36.7
     38: 36.4
     39: 36.4
     40: 36.2
     41: 36.3
     42: 36
     43: 35.7
     44: 35.8
     45: 35.9
     46: 35.9
     47: 36.1
     48: 36
     49: 36.5
     50: 36.1
     51: 36.4
     52: 36.3
     53: 36.7
     54: 36.2
     55: 35.8
     56: 35.9
     57: 36
     58: 36.5
     59: 35.9
     60: 35.7
     61: 35.9
     62: 36
     63: 36.3
     64: 36.1
     65: 36.1
     66: 35.8
     67: 36
     68: 36
     69: 36.5
     70: 36.4
     71: 36.4
     72: 36.3
     73: 36.4
     74: 36.9
     75: 36.2
     76: 36.6
     77: 36.7
     78: 35.9
     79: 36.2
     80: 36.3
     81: 36
     82: 36.5
     83: 37.1
     84: 36.5
     85: 37
     86: 37.2
     87: 36.8
     88: 36.8
     89: 37.3
     90: 36
     91: 36.4
     92: 36.1
     93: 35.7
     94: 35.5
     95: 35.9
     96: 35.6
     97: 35.7
     98: 36.1
     99: 35.6
    100: 35.9
    101: 35.8
    102: 35.3
    103: 35.4
    104: 35.5
    105: 35
    106: 35.2
    107: 35.4
    108: 35.1
    109: 35.6
    110: 35.4
    111: 35.4
    112: 35.7
    113: 36
    114: 35.4
    115: 35.4
    116: 35.1
    117: 35.2
    118: 35.5
    119: 35.5
    120: 35.4
    121: 35.7
    122: 36.1
    123: 36.4
    124: 35.7
    125: 35.5
    126:   )
    127: }
    128: transform { function = none }
    129: regression { aictest = (td easter) }
    130: automdl {}
    131: x11 { mode = add save = (d10 d11) }
        ces_hours 19804            PAGE   2, SERIES ces_hours_additi

 A 1  Time series data (for the span analyzed)
  From  2007.Jan to 2016.Dec
  Observations        120
 -----------------------------------------------------------------------------
               Jan      Feb      Mar      Apr      May      Jun 
               Jul      Aug      Sep      Oct      Nov      Dec        TOTAL  
 -----------------------------------------------------------------------------
  2007          40.      40.      41.      40.      40.      41.
                41.      41.      41.      40.      41.      41.          487.
 
  2008          40.      40.      40.      39.      39.      39.
                38.      38.      38.      38.      37.      37.          463.
 
  2009          36.      36.      36.      36.      36.      37.
                36.      37.      36.      36.      36.      36.          435.
 
  2010          36.      36.      36.      36.      36.      36.
                36.      37.      36.      36.      36.      37.          433.
 
  2011          36.      36.      36.      36.      37.      36.
                36.      36.      36.      36.      36.      36.          432.
 
  2012          36.      36.      36.      37.      36.      36.
                36.      36.      37.      36.      37.      37.          436.
 
  2013          36.      36.      36.      36.      37.      37.
                37.      37.      37.      37.      37.      37.          440.
 
  2014          36.      36.      36.      36.      36.      36.
                36.      36.      36.      36.      36.      36.          430.
 
  2015          35.      35.      36.      35.      35.      35.
                35.      36.      35.      35.      36.      36.          425.
 
  2016          35.      35.      35.      35.      36.      36.
                35.      36.      36.      36.      36.      36.          427.
 
  AVGE          37.      37.      37.      37.      37.      37.
                37.      37.      37.      37.      37.      37.

  Table Total-        4409.   Mean-        37.   Std. Dev.-         2.
                              Min -        35.        Max -        41.
        ces_hours 19804            PAGE   3, SERIES ces_hours_additi
                        Automatic ARIMA Model Selection

                    Procedure based closely on TRAMO method 
                         of Gomez and Maravall (2000)
              "Automatic Modeling Methods for Univariate Series",
                            A Course in Time Series
                  (Edited by D. Pena, G. C. Tiao, R. S. Tsay),
                         New York : J. Wiley and Sons


     Maximum order for regular ARMA parameters :   2
     Maximum order for seasonal ARMA parameters :   1
     Maximum order for regular differencing :   2
     Maximum order for seasonal differencing :   1

   Results of Unit Root Test for identifying orders of differencing:
     Regular difference order :   1
     Seasonal difference order :   0

     Mean is not significant.

  Automatic model choice : (0 1 0)(1 0 1)
   Model changed to 
   ( 0, 1, 1) ( 0, 1, 1)


  Final Checks for Identified Model


  Checking for Unit Roots.
   No unit roots found.

  Checking for nonseasonal overdifferencing.
   Nonseasonal MA not within  0.001 of 1.0 - model passes test.

  Checking for insignificant ARMA coefficients.

  Final automatic model choice : (0 1 1)(0 1 1)
   End of automatic model selection procedure.

 Average absolute percentage error in within-sample forecasts:
  Last year:   0.77      Last-1 year:   0.73     Last-2 year:   1.64
  Last three years:    1.05

 Estimation converged in   94 ARMA iterations,  341 function evaluations.

 Regression Model
 ------------------------------------------------------------------------------
                             Parameter        Standard
 Variable                     Estimate           Error      t-value
 ------------------------------------------------------------------------------
 Leap Year                      0.0808         0.14920         0.54

 Trading Day
   Mon                         -0.0019         0.04727        -0.04
   Tue                          0.0449         0.04738         0.95
   Wed                         -0.1244         0.04698        -2.65
   Thu                          0.0161         0.04698         0.34
   Fri                          0.0079         0.04709         0.17
   Sat                         -0.0699         0.04778        -1.46
  *Sun (derived)                0.1273         0.04872         2.61
 ------------------------------------------------------------------------------
  *For full trading-day and stable seasonal effects, the derived
   parameter estimate is obtained indirectly as minus the sum
   of the directly estimated parameters that define the effect.


 Chi-squared Tests for Groups of Regressors
 ------------------------------------------------------------------------------
 Regression Effect                  df      Chi-Square      P-Value
 ------------------------------------------------------------------------------
 Trading Day                         6           26.81         0.00
 Combined Trading Day and Leap Year Regressors
                                     7           26.84         0.00
 ------------------------------------------------------------------------------


 F Tests for Trading Day Regressors 
 -----------------------------------------------------------------------
 Regression Effect                     df         F-statistic    P-Value
 -----------------------------------------------------------------------
 Trading Day                         6, 100            4.18         0.00


 ARIMA Model:  (0 1 1)(0 1 1)
   Nonseasonal differences: 1
   Seasonal differences:    1
                                              Standard
 Parameter                    Estimate          Errors
 -----------------------------------------------------
 Nonseasonal MA                                    
   Lag  1                       0.1260         0.08659

 Seasonal MA                                       
   Lag 12                       0.9852         0.06735

 Variance                       0.78014E-01
 SE of Var                      0.10666E-01
 -----------------------------------------------------

 Likelihood Statistics
 ------------------------------------------------------------------
 Number of observations (nobs)                                  120
 Effective number of observations (nefobs)                      107
 Number of parameters estimated (np)                             10
 Log likelihood (L)                                        -28.3521
 AIC                                                        76.7041 
 AICC (F-corrected-AIC)                                     78.9958 
 Hannan Quinn                                               87.5394 
 BIC                                                       103.4324 
 ------------------------------------------------------------------

 QS Statistic for regARIMA Model Residuals (full series):             0.00
                                                       (P-Value =     1.0000)

 QS Statistic for regARIMA Model Residuals (starting 2009.Jan):       0.00
                                                       (P-Value =     1.0000)
      10*LOG(SPECTRUM) of the regARIMA model residuals
      Spectrum estimated from 2009.Jan to 2016.Dec.
 ++++++++++I+++++++++++++++++++++++++++++++++++++++++++++++++++++++++++++I
      -5.39I                                      *                      I     -5.39
           I                                      *                      I
           I                                      *                      I
           I                                      *                      I
      -6.57I                                      *                      I     -6.57
           I                                      *                      I
           I                                      *                      I
           I                                      *                      I
      -7.76I                                      *                      I     -7.76
           I                                      *                      I
           I                                      *                      I
           I                       *              *               *      I
      -8.95I                       *              **              *      I     -8.95
           I                       *              **              **     I
           I                       **             **              **     I
           I                       **             **              **     I
     -10.13I                       **             **              **     I    -10.13
           I                       **             **              **     I
           I                       **   *         **              **     I
           I            *          **   *         **              **     I
     -11.32I       *    *         ***   *         **              **     I    -11.32
           I       **   *   *     ***  **         **              **     I
           I       **   *   *     ***  **        ***    *         **     I
           I   *   **   *   *     ***  **        ***    *         ***    I
     -12.51I   *   **   *   **    ***  **        ***    *        ****    I    -12.51
           I   *   **   *   **    **** **        ***    *    *S  ****    I
           I   *   **   *   **    **** **        ***    **   *S  ****    I
           I   *   **   **  **   ********        ***    **   *S  ****    I
     -13.70I   *   **  ***  **   ********        ***    **   *S  *****   I    -13.70
           I   *   **  *** ***   ********        ***    **   *S* *****   I
           I   *   **  *** ***  S********        ***S   **   *S*T*****   I
           I   *   **  *** **** S********        ***S   **   *S*T*****   I
     -14.88I  **   **  ******** S********       ****S   **   *S*T******  I    -14.88
           I  **   **  *********S********       ****S   **  **S*T******  I
           I  **   *** *********S*********      ****S  **** **S*T******  I
           I  **   *** *********S*********     *****S  **** **S*T******* I
     -16.07I  **   ***S*********S*********    ******S* **** **S*T*******SI    -16.07
           I  **   ***S*********S*********    ******S* *******S*T*******SI
           I  **  ****S*********S*********    ******S*T*******S*T*******SI
           I  *** ****S*********S*********    ******S*T*******S*T*******SI
     -17.26I  *** ****S*********S*********   *******S*T*******S*T*******SI    -17.26
           I  *** ****S*********S*********   *******S*T*******S*T*******SI
           I  *** ****S*********S*********   *******S*T*******S*T*******SI
           I  *** ****S*********S*********   *******S*T*******S*T*******SI
     -18.44I  ********S*********S*********   *******S*T*******S*T*******SI    -18.44
           I  ********S*********S*********S  *******S*T*******S*T*******SI
           I  ********S*********S*********S ********S*T*******S*T*******SI
           I  ********S*********S*********S ********S*T*******S*T*******SI
     -19.63I *********S*********S*********S*********S*T*******S*T*******SI    -19.63
           I *********S*********S*********S*********S*T*******S*T*******SI
           I *********S*********S*********S*********S*T*******S*T*******SI
           I *********S*********S*********S*********S*T*******S*T*******SI
     -20.82I**********S*********S*********S*********S*T*******S*T*******SI    -20.82
 ++++++++++I+++++++++++++++++++++++++++++++++++++++++++++++++++++++++++++I
            S=SEASONAL FREQUENCIES, T=TRADING DAY FREQUENCIES


 FORECASTING
  Origin  2016.Dec
  Number        12

  Forecasts and Standard Errors
   ------------------------------
                         Standard
       Date   Forecast      Error
   ------------------------------
   2017.Jan      35.03      0.287
   2017.Feb      34.88      0.375
   2017.Mar      34.77      0.449
   2017.Apr      34.83      0.510
   2017.May      34.78      0.568
   2017.Jun      35.11      0.615
   2017.Jul      34.88      0.663
   2017.Aug      35.00      0.706
   2017.Sep      35.03      0.746
   2017.Oct      35.17      0.787
   2017.Nov      34.74      0.824
   2017.Dec      35.12      0.858
   ------------------------------

  Confidence intervals with coverage probability ( 0.95000
   ---------------------------------------
       Date      Lower  Forecast     Upper
   ---------------------------------------
   2017.Jan      34.47     35.03     35.59
   2017.Feb      34.15     34.88     35.62
   2017.Mar      33.89     34.77     35.65
   2017.Apr      33.83     34.83     35.83
   2017.May      33.67     34.78     35.90
   2017.Jun      33.91     35.11     36.32
   2017.Jul      33.58     34.88     36.18
   2017.Aug      33.62     35.00     36.39
   2017.Sep      33.57     35.03     36.50
   2017.Oct      33.63     35.17     36.71
   2017.Nov      33.13     34.74     36.36
   2017.Dec      33.44     35.12     36.80
   ---------------------------------------
        ces_hours 19804            PAGE   4, SERIES ces_hours_additi

 A 6  RegARIMA trading day component
  From  2007.Jan to 2016.Dec
  Observations        120
 -----------------------------------------------------------------------------
               Jan      Feb      Mar      Apr      May      Jun 
               Jul      Aug      Sep      Oct      Nov      Dec         AVGE  
 -----------------------------------------------------------------------------
  2007          -0.      -0.      -0.       0.      -0.      -0.
                 0.      -0.       0.      -0.       0.       0.           -0.
 
  2008          -0.       0.       0.      -0.      -0.       0.
                -0.       0.       0.      -0.       0.      -0.           -0.
 
  2009          -0.      -0.       0.      -0.       0.       0.
                -0.       0.      -0.      -0.       0.      -0.           -0.
 
  2010           0.      -0.      -0.       0.       0.      -0.
                -0.       0.      -0.       0.       0.      -0.           -0.
 
  2011           0.      -0.      -0.      -0.       0.      -0.
                 0.      -0.       0.       0.      -0.      -0.           -0.
 
  2012           0.      -0.      -0.       0.      -0.      -0.
                 0.      -0.       0.      -0.       0.       0.            0.
 
  2013          -0.      -0.       0.       0.      -0.       0.
                -0.      -0.       0.      -0.      -0.       0.            0.
 
  2014          -0.      -0.       0.      -0.      -0.       0.
                -0.       0.       0.      -0.       0.      -0.           -0.
 
  2015          -0.      -0.       0.      -0.       0.       0.
                -0.       0.      -0.      -0.       0.      -0.           -0.
 
  2016           0.       0.      -0.      -0.       0.      -0.
                 0.      -0.       0.       0.      -0.      -0.           -0.
 
  AVGE          -0.      -0.       0.      -0.       0.      -0.
                 0.       0.       0.      -0.       0.      -0.

  Table Total-          -0.   Mean-        -0.   Std. Dev.-         0.
                              Min -        -0.        Max -         0.

 A 6.A  RegARIMA trading day component forecasts
  From  2017.Jan to 2017.Dec
  Observations         12
 -----------------------------------------------------------------------------
               Jan      Feb      Mar      Apr      May      Jun 
               Jul      Aug      Sep      Oct      Nov      Dec         AVGE  
 -----------------------------------------------------------------------------
  2017           0.      -0.      -0.       0.      -0.       0.
                 0.      -0.      -0.       0.      -0.       0.            0.
 
        ces_hours 19804            PAGE   5, SERIES ces_hours_additi
  
 B 1  Original series (prior adjusted)
      (adjusted for regARIMA factors)
  From  2007.Jan to 2016.Dec
  Observations        120
 -----------------------------------------------------------------------------
               Jan      Feb      Mar      Apr      May      Jun 
               Jul      Aug      Sep      Oct      Nov      Dec        TOTAL  
 -----------------------------------------------------------------------------
  2007          40.      40.      41.      40.      40.      41.
                41.      41.      41.      40.      41.      41.          487.
 
  2008          40.      39.      40.      39.      39.      39.
                38.      38.      38.      38.      37.      37.          463.
 
  2009          36.      36.      36.      36.      36.      37.
                37.      37.      36.      36.      36.      36.          435.
 
  2010          36.      36.      36.      36.      36.      36.
                36.      36.      36.      36.      36.      37.          433.
 
  2011          36.      36.      36.      36.      36.      36.
                36.      36.      36.      36.      36.      36.          432.
 
  2012          36.      36.      36.      36.      36.      36.
                36.      37.      37.      36.      37.      37.          436.
 
  2013          36.      36.      36.      36.      37.      37.
                37.      37.      37.      37.      37.      37.          440.
 
  2014          36.      36.      36.      36.      36.      36.
                36.      36.      36.      36.      36.      36.          430.
 
  2015          35.      35.      35.      35.      35.      35.
                35.      36.      35.      35.      36.      36.          425.
 
  2016          35.      35.      35.      35.      35.      36.
                35.      36.      36.      36.      36.      36.          427.
 
  AVGE          37.      37.      37.      37.      37.      37.
                37.      37.      37.      37.      37.      37.

  Table Total-        4409.   Mean-        37.   Std. Dev.-         2.
                              Min -        35.        Max -        41.

 B 1.A  Forecasts of (prior adjusted) original series
  From  2017.Jan to 2017.Dec
  Observations         12
 -----------------------------------------------------------------------------
               Jan      Feb      Mar      Apr      May      Jun 
               Jul      Aug      Sep      Oct      Nov      Dec        TOTAL  
 -----------------------------------------------------------------------------
  2017          35.      35.      35.      35.      35.      35.
                35.      35.      35.      35.      35.      35.          419.
 
        ces_hours 19804            PAGE   6, SERIES ces_hours_additi

 C 17  Final weights for irregular component
  From  2007.Jan to 2016.Dec
  Observations        120
  Lower sigma limit    1.50
  Upper sigma limit    2.50
 -----------------------------------------------------------------------------
               Jan      Feb      Mar      Apr      May      Jun 
               Jul      Aug      Sep      Oct      Nov      Dec         S.D.  
 -----------------------------------------------------------------------------
  2007         100.     100.     100.       4.     100.     100.
               100.     100.     100.     100.      60.     100.           14.
 
  2008         100.     100.     100.      28.     100.     100.
               100.     100.     100.      32.       0.     100.           14.
 
  2009         100.      76.     100.     100.     100.     100.
               100.     100.     100.     100.     100.     100.           14.
 
  2010         100.     100.     100.     100.     100.     100.
               100.     100.     100.     100.     100.     100.           14.
 
  2011         100.      79.     100.     100.       0.     100.
               100.     100.     100.     100.     100.      51.           12.
 
  2012         100.     100.     100.      83.     100.     100.
               100.     100.      14.     100.     100.     100.           12.
 
  2013         100.     100.     100.       0.     100.      43.
               100.     100.     100.     100.     100.     100.           12.
 
  2014         100.     100.     100.     100.      61.     100.
               100.     100.     100.     100.     100.     100.           11.
 
  2015         100.     100.     100.     100.     100.     100.
               100.     100.      99.     100.     100.      33.           10.
 
  2016         100.     100.     100.     100.     100.     100.
               100.     100.     100.       0.     100.       0.           10.
 
        ces_hours 19804            PAGE   7, SERIES ces_hours_additi

 D 8  Final unmodified SI ratios
  From  2007.Jan to 2016.Dec
  Observations        120
 -----------------------------------------------------------------------------
               Jan      Feb      Mar      Apr      May      Jun 
               Jul      Aug      Sep      Oct      Nov      Dec         AVGE  
 -----------------------------------------------------------------------------
  2007          -0.      -0.      -0.      -1.      -0.       0.
                 0.       0.       0.       0.       0.       0.           -0.
 
  2008          -0.      -1.      -0.       0.      -0.       0.
                 0.       0.       0.       0.      -0.       0.           -0.
 
  2009          -1.      -0.      -0.      -0.      -0.       0.
                 0.       0.       0.       0.      -0.       0.           -0.
 
  2010          -0.      -0.      -0.      -0.      -0.       0.
                -0.       0.       0.       0.       0.       1.            0.
 
  2011          -0.      -0.      -0.      -0.       0.       0.
                -0.       0.       0.       0.       0.       0.            0.
 
  2012          -0.      -0.      -0.       0.       0.       0.
                -0.       0.       1.      -0.       0.       0.            0.
 
  2013          -0.      -0.      -0.      -1.      -0.       0.
                -0.       0.       0.       0.       0.       1.           -0.
 
  2014          -0.       0.      -0.      -0.      -0.      -0.
                -0.      -0.       0.       0.       0.       0.           -0.
 
  2015          -0.      -0.      -0.      -0.      -0.      -0.
                -0.       0.       0.       0.       0.       1.            0.
 
  2016          -0.      -0.      -0.      -0.      -0.       0.
                -0.       0.       0.       1.       0.       0.            0.
 
  AVGE          -0.      -0.      -0.      -0.      -0.       0.
                -0.       0.       0.       0.       0.       0.

  Table Total-           1.   Mean-         0.   Std. Dev.-         0.
                              Min -        -1.        Max -         1.
        ces_hours 19804            PAGE   8, SERIES ces_hours_additi

 D 8.B  Final unmodified SI ratios, with labels for outliers and extreme values
  From  2007.Jan to 2016.Dec
  Observations        120
 ---------------------------------------------------------------------
               Jan       Feb       Mar       Apr       May       Jun  
               Jul       Aug       Sep       Oct       Nov       Dec  
 ---------------------------------------------------------------------
  2007         -0.       -0.       -0.       -1.*      -0.        0.  
                0.        0.        0.        0.        0.*       0.  
 
  2008         -0.       -1.       -0.        0.*      -0.        0.  
                0.        0.        0.        0.*      -0.*       0.  
 
  2009         -1.       -0.*      -0.       -0.       -0.        0.  
                0.        0.        0.        0.       -0.        0.  
 
  2010         -0.       -0.       -0.       -0.       -0.        0.  
               -0.        0.        0.        0.        0.        1.  
 
  2011         -0.       -0.*      -0.       -0.        0.*       0.  
               -0.        0.        0.        0.        0.        0.* 
 
  2012         -0.       -0.       -0.        0.*       0.        0.  
               -0.        0.        1.*      -0.        0.        0.  
 
  2013         -0.       -0.       -0.       -1.*      -0.        0.* 
               -0.        0.        0.        0.        0.        1.  
 
  2014         -0.        0.       -0.       -0.       -0.*      -0.  
               -0.       -0.        0.        0.        0.        0.  
 
  2015         -0.       -0.       -0.       -0.       -0.       -0.  
               -0.        0.        0.*       0.        0.        1.* 
 
  2016         -0.       -0.       -0.       -0.       -0.        0.  
               -0.        0.        0.        1.*       0.        0.* 
 

  Key to symbols:
    *  : extreme value as determined by X-11 extreme value procedure
 
        ces_hours 19804            PAGE   9, SERIES ces_hours_additi

 D 9  Final replacement values for SI ratios
  From  2007.Jan to 2016.Dec
  Observations        120
 ---------------------------------------------------------------
               Jan      Feb      Mar      Apr      May      Jun 
               Jul      Aug      Sep      Oct      Nov      Dec 
 ---------------------------------------------------------------
  2007     ******** ******** ********      -0. ******** ********
           ******** ******** ******** ********       0. ********
 
  2008     ******** ******** ********      -0. ******** ********
           ******** ******** ********       0.       0. ********
 
  2009     ********      -0. ******** ******** ******** ********
           ******** ******** ******** ******** ******** ********
 
  2010     ******** ******** ******** ******** ******** ********
           ******** ******** ******** ******** ******** ********
 
  2011     ********      -0. ******** ********      -0. ********
           ******** ******** ******** ******** ********       0.
 
  2012     ******** ******** ********      -0. ******** ********
           ******** ********       0. ******** ******** ********
 
  2013     ******** ******** ********      -0. ********       0.
           ******** ******** ******** ******** ******** ********
 
  2014     ******** ******** ******** ********      -0. ********
           ******** ******** ******** ******** ******** ********
 
  2015     ******** ******** ******** ******** ******** ********
           ******** ********       0. ******** ********       1.
 
  2016     ******** ******** ******** ******** ******** ********
           ******** ******** ********       0. ********       0.
 

 D 9.A  Moving seasonality ratio
 ---------------------------------------------------------------
               Jan      Feb      Mar      Apr      May      Jun 
 ---------------------------------------------------------------
   I          0.134    0.152    0.083    0.141    0.159    0.132
   S          0.026    0.038    0.003    0.032    0.027    0.028
 RATIO        5.099    3.962   32.063    4.347    6.005    4.754



 ---------------------------------------------------------------
               Jul      Aug      Sep      Oct      Nov      Dec 
 ---------------------------------------------------------------
   I          0.125    0.139    0.166    0.114    0.122    0.156
   S          0.039    0.024    0.027    0.019    0.026    0.018
 RATIO        3.166    5.728    6.048    6.106    4.761    8.881



        ces_hours 19804            PAGE  10, SERIES ces_hours_additi

 D 10  Final seasonal factors
  From  2007.Jan to 2016.Dec
  Observations        120
  Seasonal filter    3 x 5 moving average
 -----------------------------------------------------------------------------
               Jan      Feb      Mar      Apr      May      Jun 
               Jul      Aug      Sep      Oct      Nov      Dec         AVGE  
 -----------------------------------------------------------------------------
  2007          -0.      -0.      -0.      -0.      -0.       0.
                 0.       0.       0.       0.       0.       0.           -0.
 
  2008          -0.      -0.      -0.      -0.      -0.       0.
                 0.       0.       0.       0.       0.       0.           -0.
 
  2009          -0.      -0.      -0.      -0.      -0.       0.
                 0.       0.       0.       0.       0.       0.           -0.
 
  2010          -0.      -0.      -0.      -0.      -0.       0.
                -0.       0.       0.       0.       0.       0.           -0.
 
  2011          -0.      -0.      -0.      -0.      -0.       0.
                -0.       0.       0.       0.       0.       0.           -0.
 
  2012          -0.      -0.      -0.      -0.      -0.       0.
                -0.       0.       0.       0.       0.       0.           -0.
 
  2013          -0.      -0.      -0.      -0.      -0.       0.
                -0.       0.       0.       0.       0.       0.            0.
 
  2014          -0.      -0.      -0.      -0.      -0.       0.
                -0.       0.       0.       0.       0.       0.            0.
 
  2015          -0.      -0.      -0.      -0.      -0.       0.
                -0.       0.       0.       0.       0.       0.            0.
 
  2016          -0.      -0.      -0.      -0.      -0.       0.
                -0.       0.       0.       0.       0.       0.            0.
 
  AVGE          -0.      -0.      -0.      -0.      -0.       0.
                -0.       0.       0.       0.       0.       0.

  Table Total-          -0.   Mean-        -0.   Std. Dev.-         0.
                              Min -        -0.        Max -         0.

 D 10.A  Final seasonal component forecasts
  From  2017.Jan to 2017.Dec
  Observations         12
 -----------------------------------------------------------------------------
               Jan      Feb      Mar      Apr      May      Jun 
               Jul      Aug      Sep      Oct      Nov      Dec         AVGE  
 -----------------------------------------------------------------------------
  2017          -0.      -0.      -0.      -0.      -0.       0.
                -0.       0.       0.       0.       0.       0.            0.
 
        ces_hours 19804            PAGE  11, SERIES ces_hours_additi
  
 D 11  Final seasonally adjusted data
       (also adjusted for trading day)
  From  2007.Jan to 2016.Dec
  Observations        120
 -----------------------------------------------------------------------------
               Jan      Feb      Mar      Apr      May      Jun 
               Jul      Aug      Sep      Oct      Nov      Dec        TOTAL  
 -----------------------------------------------------------------------------
  2007          41.      41.      41.      40.      41.      41.
                41.      41.      41.      40.      41.      40.          487.
 
  2008          40.      40.      40.      40.      39.      39.
                38.      38.      38.      38.      37.      37.          463.
 
  2009          36.      37.      36.      36.      36.      36.
                36.      36.      36.      36.      36.      36.          435.
 
  2010          36.      36.      36.      36.      36.      36.
                36.      36.      36.      36.      36.      36.          433.
 
  2011          36.      36.      36.      36.      36.      36.
                36.      36.      36.      36.      36.      36.          433.
 
  2012          36.      36.      36.      37.      37.      36.
                36.      36.      37.      36.      36.      36.          436.
 
  2013          36.      36.      36.      36.      37.      37.
                37.      37.      37.      37.      37.      37.          440.
 
  2014          36.      37.      36.      36.      36.      36.
                36.      36.      36.      36.      36.      35.          430.
 
  2015          36.      36.      36.      35.      35.      35.
                35.      35.      35.      35.      35.      36.          425.
 
  2016          36.      35.      35.      36.      36.      36.
                36.      36.      36.      36.      36.      35.          427.
 
  AVGE          37.      37.      37.      37.      37.      37.
                37.      37.      37.      37.      37.      36.

  Table Total-        4409.   Mean-        37.   Std. Dev.-         2.
                              Min -        35.        Max -        41.
        ces_hours 19804            PAGE  12, SERIES ces_hours_additi

 D 12  Final trend cycle
  From  2007.Jan to 2016.Dec
  Observations        120
  Trend filter    13-term Henderson moving average
  I/C ratio        1.48
 -----------------------------------------------------------------------------
               Jan      Feb      Mar      Apr      May      Jun 
               Jul      Aug      Sep      Oct      Nov      Dec        TOTAL  
 -----------------------------------------------------------------------------
  2007          41.      41.      41.      41.      41.      41.
                41.      41.      41.      40.      40.      40.          488.
 
  2008          40.      40.      40.      39.      39.      39.
                38.      38.      38.      37.      37.      37.          463.
 
  2009          37.      36.      36.      36.      36.      36.
                36.      36.      36.      36.      36.      36.          436.
 
  2010          36.      36.      36.      36.      36.      36.
                36.      36.      36.      36.      36.      36.          433.
 
  2011          36.      36.      36.      36.      36.      36.
                36.      36.      36.      36.      36.      36.          432.
 
  2012          36.      36.      36.      36.      36.      36.
                36.      36.      36.      36.      36.      36.          436.
 
  2013          36.      36.      36.      37.      37.      37.
                37.      37.      37.      37.      37.      37.          440.
 
  2014          37.      36.      36.      36.      36.      36.
                36.      36.      36.      36.      36.      36.          431.
 
  2015          36.      36.      35.      35.      35.      35.
                35.      35.      35.      35.      35.      35.          425.
 
  2016          35.      35.      36.      36.      36.      36.
                36.      36.      36.      36.      35.      35.          426.
 
  AVGE          37.      37.      37.      37.      37.      37.
                37.      37.      37.      37.      37.      36.

  Table Total-        4409.   Mean-        37.   Std. Dev.-         2.
                              Min -        35.        Max -        41.
        ces_hours 19804            PAGE  13, SERIES ces_hours_additi

 D 13  Final irregular component
  From  2007.Jan to 2016.Dec
  Observations        120
 -----------------------------------------------------------------------------
               Jan      Feb      Mar      Apr      May      Jun 
               Jul      Aug      Sep      Oct      Nov      Dec         S.D.  
 -----------------------------------------------------------------------------
  2007           0.      -0.       0.      -0.      -0.       0.
                 0.       0.      -0.      -0.       0.       0.            0.
 
  2008          -0.      -0.       0.       0.       0.      -0.
                -0.      -0.       0.       0.      -1.       0.            0.
 
  2009          -0.       0.      -0.      -0.      -0.       0.
                 0.       0.      -0.       0.      -0.      -0.            0.
 
  2010           0.      -0.       0.       0.      -0.      -0.
                 0.       0.      -0.      -0.      -0.       0.            0.
 
  2011           0.      -0.      -0.       0.       0.      -0.
                -0.      -0.      -0.       0.       0.      -0.            0.
 
  2012          -0.       0.      -0.       0.       0.      -0.
                -0.       0.       0.      -0.       0.      -0.            0.
 
  2013          -0.      -0.      -0.      -0.       0.       0.
                -0.       0.      -0.      -0.      -0.       0.            0.
 
  2014          -0.       0.       0.      -0.      -0.      -0.
                 0.      -0.       0.      -0.       0.      -0.            0.
 
  2015           0.       0.       0.      -0.      -0.      -0.
                 0.       0.      -0.      -0.      -0.       0.            0.
 
  2016           0.      -0.      -0.       0.       0.       0.
                -0.      -0.       0.       1.       0.      -0.            0.
 
  S.D.           0.       0.       0.       0.       0.       0.
                 0.       0.       0.       0.       0.       0.

  Table Total-           1.   Mean-         0.   Std. Dev.-         0.
                              Min -        -1.        Max -         1.
        ces_hours 19804            PAGE  14, SERIES ces_hours_additi
  
 D 16  Combined adjustment factors
       (includes seasonal, trading day factors)
  From  2007.Jan to 2016.Dec
  Observations        120
 -----------------------------------------------------------------------------
               Jan      Feb      Mar      Apr      May      Jun 
               Jul      Aug      Sep      Oct      Nov      Dec         AVGE  
 -----------------------------------------------------------------------------
  2007          -0.      -0.      -0.      -0.      -0.       0.
                 0.       0.       0.       0.       0.       0.           -0.
 
  2008          -0.      -0.      -0.      -0.      -0.       0.
                 0.       0.       0.       0.       0.       0.           -0.
 
  2009          -0.      -0.      -0.      -0.      -0.       0.
                -0.       0.       0.       0.       0.       0.           -0.
 
  2010          -0.      -0.      -0.      -0.      -0.       0.
                -0.       0.       0.       0.       0.       0.           -0.
 
  2011          -0.      -0.      -0.      -0.       0.       0.
                -0.       0.       0.       0.       0.       0.           -0.
 
  2012          -0.      -0.      -0.      -0.      -0.       0.
                 0.       0.       0.       0.       0.       0.            0.
 
  2013          -0.      -0.      -0.      -0.      -0.       0.
                -0.       0.       0.       0.       0.       1.            0.
 
  2014          -0.      -0.      -0.      -0.      -0.       0.
                -0.       0.       0.       0.       0.       0.           -0.
 
  2015          -0.      -0.      -0.      -0.      -0.       0.
                -0.       0.       0.       0.       0.       0.            0.
 
  2016          -0.      -0.      -0.      -0.      -0.      -0.
                -0.       0.       0.       0.       0.       0.            0.
 
  AVGE          -0.      -0.      -0.      -0.      -0.       0.
                -0.       0.       0.       0.       0.       0.

  Table Total-          -0.   Mean-        -0.   Std. Dev.-         0.
                              Min -        -0.        Max -         1.

 D 16.A  Combined adjustment component forecasts
  From  2017.Jan to 2017.Dec
  Observations         12
 -----------------------------------------------------------------------------
               Jan      Feb      Mar      Apr      May      Jun 
               Jul      Aug      Sep      Oct      Nov      Dec         AVGE  
 -----------------------------------------------------------------------------
  2017          -0.      -0.      -0.      -0.      -0.       0.
                -0.       0.       0.       0.       0.       1.            0.
 
        ces_hours 19804            PAGE  15, SERIES ces_hours_additi
  
 D 18  Combined calendar adjustment factors
       (includes trading day factors)
  From  2007.Jan to 2016.Dec
  Observations        120
 -----------------------------------------------------------------------------
               Jan      Feb      Mar      Apr      May      Jun 
               Jul      Aug      Sep      Oct      Nov      Dec         AVGE  
 -----------------------------------------------------------------------------
  2007          -0.      -0.      -0.       0.      -0.      -0.
                 0.      -0.       0.      -0.       0.       0.           -0.
 
  2008          -0.       0.       0.      -0.      -0.       0.
                -0.       0.       0.      -0.       0.      -0.           -0.
 
  2009          -0.      -0.       0.      -0.       0.       0.
                -0.       0.      -0.      -0.       0.      -0.           -0.
 
  2010           0.      -0.      -0.       0.       0.      -0.
                -0.       0.      -0.       0.       0.      -0.           -0.
 
  2011           0.      -0.      -0.      -0.       0.      -0.
                 0.      -0.       0.       0.      -0.      -0.           -0.
 
  2012           0.      -0.      -0.       0.      -0.      -0.
                 0.      -0.       0.      -0.       0.       0.            0.
 
  2013          -0.      -0.       0.       0.      -0.       0.
                -0.      -0.       0.      -0.      -0.       0.            0.
 
  2014          -0.      -0.       0.      -0.      -0.       0.
                -0.       0.       0.      -0.       0.      -0.           -0.
 
  2015          -0.      -0.       0.      -0.       0.       0.
                -0.       0.      -0.      -0.       0.      -0.           -0.
 
  2016           0.       0.      -0.      -0.       0.      -0.
                 0.      -0.       0.       0.      -0.      -0.           -0.
 
  AVGE          -0.      -0.       0.      -0.       0.      -0.
                 0.       0.       0.      -0.       0.      -0.

  Table Total-          -0.   Mean-        -0.   Std. Dev.-         0.
                              Min -        -0.        Max -         0.

 D 18.A  Combined calendar adjustment component forecasts
  From  2017.Jan to 2017.Dec
  Observations         12
 -----------------------------------------------------------------------------
               Jan      Feb      Mar      Apr      May      Jun 
               Jul      Aug      Sep      Oct      Nov      Dec         AVGE  
 -----------------------------------------------------------------------------
  2017           0.      -0.      -0.       0.      -0.       0.
                 0.      -0.      -0.       0.      -0.       0.            0.
 
        ces_hours 19804            PAGE  16, SERIES ces_hours_additi

 E 4  Differences of annual totals
  From          2007 to 2016
  Observations         10
 -----------------------------------
  Year       Unmodified     Modified
                  (D11)         (E2)
 -----------------------------------
  2007              -0.          -0.
 
  2008              -0.          -0.
 
  2009              -0.          -0.
 
  2010              -0.          -0.
 
  2011              -0.          -0.
 
  2012               0.           0.
 
  2013               0.           0.
 
  2014              -0.          -0.
 
  2015               0.           0.
 
  2016               0.           0.
 
        ces_hours 19804            PAGE  17, SERIES ces_hours_additi

 E 5  Month-to-month differences in the original series
  From  2007.Feb to 2016.Dec
  Observations        119
 -----------------------------------------------------------------------------
               Jan      Feb      Mar      Apr      May      Jun 
               Jul      Aug      Sep      Oct      Nov      Dec         AVGE  
 -----------------------------------------------------------------------------
  2007                    0.       0.      -0.       0.       1.
                 0.       0.      -0.      -0.       0.       0.            0.
 
  2008          -1.      -0.       0.      -0.      -0.      -0.
                -1.      -0.      -0.      -0.      -1.       1.           -0.
 
  2009          -1.       0.      -0.      -0.       0.       1.
                -0.       0.      -0.       0.      -0.       0.           -0.
 
  2010          -0.      -0.       0.       0.       0.       0.
                -0.       1.      -0.       0.      -0.       0.            0.
 
  2011          -0.      -0.       0.       0.       1.      -1.
                -0.       0.       0.       0.      -0.       0.           -0.
 
  2012          -0.       0.       0.       1.      -0.       0.
                -0.       0.       1.      -1.       0.       0.            0.
 
  2013          -1.       0.       0.      -0.       1.       1.
                -1.       1.       0.      -0.       0.       1.            0.
 
  2014          -1.       0.      -0.      -0.      -0.       0.
                -0.       0.       0.      -0.       0.      -0.           -0.
 
  2015          -0.       0.       0.      -0.       0.       0.
                -0.       1.      -0.       0.       0.       0.            0.
 
  2016          -1.       0.      -0.       0.       0.       0.
                -0.       0.       0.       0.      -1.      -0.           -0.
 
  AVGE          -1.       0.       0.      -0.       0.       0.
                -0.       0.       0.      -0.      -0.       0.

  Table Total-          -5.   Mean-        -0.   Std. Dev.-         0.
                              Min -        -1.        Max -         1.
        ces_hours 19804            PAGE  18, SERIES ces_hours_additi

 E 6  Month-to-month differences in seasonally adjusted series (D11)
  From  2007.Feb to 2016.Dec
  Observations        119
 -----------------------------------------------------------------------------
               Jan      Feb      Mar      Apr      May      Jun 
               Jul      Aug      Sep      Oct      Nov      Dec         AVGE  
 -----------------------------------------------------------------------------
  2007                   -0.       0.      -0.       0.       0.
                -0.       0.      -0.      -0.       0.      -0.           -0.
 
  2008          -0.      -0.      -0.      -0.      -1.      -1.
                -0.      -0.       0.      -0.      -1.       0.           -0.
 
  2009          -0.       0.      -1.      -0.       0.       0.
                 0.      -0.      -0.      -0.      -0.      -0.           -0.
 
  2010           0.      -0.       0.      -0.      -0.       0.
                 0.       0.      -0.       0.       0.       0.            0.
 
  2011           0.      -0.       0.       0.       0.      -1.
                -0.       0.      -0.       0.      -0.      -0.           -0.
 
  2012           0.       0.       0.       0.       0.      -0.
                -0.       0.       0.      -0.       0.      -0.            0.
 
  2013           0.       0.       0.      -0.       1.       0.
                -0.       0.      -0.      -0.      -0.       0.            0.
 
  2014          -0.       0.      -0.      -0.      -0.       0.
                 0.      -0.       0.      -0.       0.      -0.           -0.
 
  2015           0.      -0.       0.      -0.      -0.      -0.
                 0.       0.      -0.       0.       0.       0.            0.
 
  2016          -0.      -0.      -0.       0.       0.       0.
                -0.       0.       0.       0.      -1.      -0.           -0.
 
  AVGE          -0.      -0.      -0.      -0.       0.      -0.
                -0.      -0.      -0.      -0.      -0.      -0.

  Table Total-          -6.   Mean-        -0.   Std. Dev.-         0.
                              Min -        -1.        Max -         1.
        ces_hours 19804            PAGE  19, SERIES ces_hours_additi

 E 7  Month-to-month differences in final trend cycle (D12)
  From  2007.Feb to 2016.Dec
  Observations        119
 -----------------------------------------------------------------------------
               Jan      Feb      Mar      Apr      May      Jun 
               Jul      Aug      Sep      Oct      Nov      Dec         AVGE  
 -----------------------------------------------------------------------------
  2007                   -0.       0.       0.       0.      -0.
                -0.      -0.      -0.      -0.      -0.      -0.           -0.
 
  2008          -0.      -0.      -0.      -0.      -0.      -0.
                -0.      -0.      -0.      -0.      -0.      -0.           -0.
 
  2009          -0.      -0.      -0.      -0.       0.       0.
                 0.       0.      -0.      -0.      -0.      -0.           -0.
 
  2010          -0.      -0.      -0.      -0.      -0.      -0.
                 0.       0.       0.       0.       0.       0.            0.
 
  2011           0.      -0.      -0.      -0.      -0.      -0.
                -0.      -0.       0.       0.       0.       0.           -0.
 
  2012           0.       0.       0.       0.       0.      -0.
                -0.      -0.      -0.      -0.      -0.       0.            0.
 
  2013           0.       0.       0.       0.       0.       0.
                 0.       0.      -0.      -0.      -0.      -0.            0.
 
  2014          -0.      -0.      -0.      -0.      -0.      -0.
                -0.      -0.      -0.      -0.      -0.      -0.           -0.
 
  2015          -0.      -0.      -0.      -0.      -0.      -0.
                -0.      -0.       0.       0.       0.       0.           -0.
 
  2016           0.       0.       0.       0.       0.       0.
                 0.       0.      -0.      -0.      -0.      -0.           -0.
 
  AVGE          -0.      -0.      -0.      -0.      -0.      -0.
                -0.      -0.      -0.      -0.      -0.      -0.

  Table Total-          -5.   Mean-        -0.   Std. Dev.-         0.
                              Min -        -0.        Max -         0.
        ces_hours 19804            PAGE  20, SERIES ces_hours_additi

 E 8  Month-to-month differences in original series adjusted for calendar factors (A18)
  From  2007.Feb to 2016.Dec
  Observations        119
 -----------------------------------------------------------------------------
               Jan      Feb      Mar      Apr      May      Jun 
               Jul      Aug      Sep      Oct      Nov      Dec         AVGE  
 -----------------------------------------------------------------------------
  2007                   -0.       0.      -1.       0.       1.
                -0.       0.      -0.      -0.       0.      -0.            0.
 
  2008          -1.      -0.       0.      -0.      -0.      -0.
                -0.      -0.      -0.      -0.      -1.       1.           -0.
 
  2009          -1.       0.      -0.      -0.       0.       1.
                -0.       0.      -0.      -0.      -0.       0.           -0.
 
  2010          -0.      -0.       0.      -0.      -0.       0.
                -0.       0.      -0.       0.      -0.       1.            0.
 
  2011          -1.      -0.       0.       0.       0.      -0.
                -0.       0.      -0.       0.      -0.      -0.           -0.
 
  2012          -1.       0.      -0.       0.       0.      -0.
                -0.       0.       0.      -1.       0.       0.            0.
 
  2013          -1.       0.       0.      -0.       1.       0.
                -0.       0.       0.      -0.      -0.       0.            0.
 
  2014          -1.       0.      -0.      -0.      -0.       0.
                -0.      -0.       0.      -0.       0.       0.           -0.
 
  2015          -1.       0.      -0.      -0.       0.       0.
                -0.       0.      -0.      -0.       0.       0.            0.
 
  2016          -1.       0.      -0.       0.       0.       0.
                -0.       0.       0.       0.      -1.      -0.           -0.
 
  AVGE          -1.       0.      -0.      -0.       0.       0.
                -0.       0.       0.      -0.      -0.       0.

  Table Total-          -5.   Mean-        -0.   Std. Dev.-         0.
                              Min -        -1.        Max -         1.
        ces_hours 19804            PAGE  21, SERIES ces_hours_additi

 E 18  Final adjustment ratios
  From  2007.Jan to 2016.Dec
  Observations        120
 -----------------------------------------------------------------------------
               Jan      Feb      Mar      Apr      May      Jun 
               Jul      Aug      Sep      Oct      Nov      Dec         AVGE  
 -----------------------------------------------------------------------------
  2007       98.817   99.038   99.374   99.588   99.332  100.428
            100.645  100.475  100.679  100.202  100.188  101.129        99.991
 
  2008       98.910   99.238   99.616   99.130   99.377  100.906
            100.007  100.911  100.644  100.183  100.308  100.832       100.005
 
  2009       98.914   98.988   99.878   99.089   99.721  100.644
             99.764  100.824  100.307  100.358  100.536  100.878        99.992
 
  2010       99.257   99.092   99.149   99.561   99.776  100.254
             99.735  101.072  100.204  100.653  100.364  100.729        99.987
 
  2011       99.257   99.265   99.208   99.409  100.159  100.063
             99.875  100.263  100.613  100.562  100.126  100.911        99.976
 
  2012       99.598   99.305   99.289   99.916   99.500  100.099
            100.047  100.150  100.730  100.125  100.534  101.204       100.041
 
  2013       98.978   99.564   99.614   99.634   99.361  100.301
             99.281  100.232  101.040  100.128  100.428  101.562       100.010
 
  2014       98.899   99.633   99.562   99.156   99.402  100.458
             99.298  100.562  100.929  100.056  100.819  100.968        99.978
 
  2015       99.066   99.650   99.848   98.937   99.599  100.191
             99.212  100.534  100.688  100.259  101.040  101.055       100.007
 
  2016       99.432   99.819   99.171   98.994   99.821   99.750
             99.704  100.172  100.968  100.614  100.448  101.138       100.003
 
  AVGE       99.113   99.359   99.471   99.341   99.605  100.309
             99.757  100.520  100.680  100.314  100.479  101.041

  Table Total-       12000.   Mean-       100.   Std. Dev.-         1.
                              Min -        99.        Max -       102.

 E 18.A  Final adjustment ratio forecasts
  From  2017.Jan to 2017.Dec
  Observations         12
 -----------------------------------------------------------------------------
               Jan      Feb      Mar      Apr      May      Jun 
               Jul      Aug      Sep      Oct      Nov      Dec         AVGE  
 -----------------------------------------------------------------------------
  2017       99.758   99.564   99.041   99.295   99.073  100.104
             99.671  100.247  100.749  100.997  100.390  101.478       100.031
 
        ces_hours 19804            PAGE  22, SERIES ces_hours_additi

 F 4.  Additive Day of the Week Trading Day Component Factors


      Day of Week Component for regARIMA Trading Day Factors:

                                       months starting on:
                     Mon      Tue      Wed      Thu      Fri      Sat      Sun
 31-day months        -0.      -0.      -0.      -0.       0.       0.       0.
 30-day months         0.      -0.      -0.       0.      -0.       0.       0.
 Leap year Feb.       -0. ********      -0. ********       0. ******** ********

  QS statistic for seasonality:
  Original Series                                    28.47  (P-Value =     0.0000)
  Original Series (EV adj)                           47.15  (P-Value =     0.0000)
  Residuals                                           0.00  (P-Value =     1.0000)
  Seasonally Adjusted Series                          0.00  (P-Value =     1.0000)
  Seasonally Adjusted Series (EV adj)                 0.00  (P-Value =     1.0000)
  Irregular Series                                    0.00  (P-Value =     1.0000)
  Irregular Series (EV adj)                           0.00  (P-Value =     1.0000)

  QS statistic for seasonality (starting 2009.Jan):
  Original Series                                    20.75  (P-Value =     0.0000)
  Original Series (EV adj)                           44.67  (P-Value =     0.0000)
  Residuals                                           0.00  (P-Value =     1.0000)
  Seasonally Adjusted Series                          0.00  (P-Value =     1.0000)
  Seasonally Adjusted Series (EV adj)                 0.00  (P-Value =     1.0000)
  Irregular Series                                    0.00  (P-Value =     1.0000)
  Irregular Series (EV adj)                           0.00  (P-Value =     1.0000)
        ces_hours 19804            PAGE  23, SERIES ces_hours_additi
 G 0  10*LOG(SPECTRUM) of the differenced Prior Adjusted Series
      (Table B1).  Spectrum estimated from 2009.Jan to 2016.Dec.
 ++++++++++I+++++++++++++++++++++++++++++++++++++++++++++++++++++++++++++I
       2.94I                                                            SI      2.94
           I                                        S                   SI
           I                                        S                   SI
           I                                        S                   SI
       0.93I                                        S                   SI      0.93
           I                                        S                   SI
           I                                        S                   SI
           I                                        S                   SI
      -1.09I                                        S                   SI     -1.09
           I                                        S                   SI
           I                                        S                   SI
           I                                        S                   SI
      -3.10I                                        S                   SI     -3.10
           I                                        S                   SI
           I                                        S                   SI
           I                                       *S                   SI
      -5.11I                                       *S*                  SI     -5.11
           I          S                            *S*                  SI
           I          S                            *S*                  SI
           I          S                            *S*                  SI
      -7.12I          S                            *S*                  SI     -7.12
           I          S                           **S*             *    SI
           I          S                           **S*             *   *SI
           I          S            *   *          **S*             *   *SI
      -9.13I          S            *   *         ***S*             *   *SI     -9.13
           I          S          ***   *         ***S*         *  **   *SI
           I          S         S***   *         ***S*         *  ***  *SI
           I        **S         S****  *         ***S*         *  ***  *SI
     -11.15I        **S         S****  **        ***S*T       S*T ***  *SI    -11.15
           I        **S*        S**** ***        ***S*T       S*T****  *SI
           I        **S*        S**** ***        ***S*T       S*T**** **SI
           I        **S*        S********       ****S*T       S*T*******SI
     -13.16I       ***S*        S********       ****S*T      *S*T*******SI    -13.16
           I       ***S*        S********       ****S*T***   *S*T*******SI
           I       ***S*    *  *S********       ****S*T****  *S*T*******SI
           I   *   ***S*   **  *S*********      ****S*T*******S*T*******SI
     -15.17I   *   ***S*   **  *S********* **   ****S*T*******S*T*******SI    -15.17
           I   *   ***S*   **  *S*********S**  *****S*T*******S*T*******SI
           I   *   ***S*   *** *S*********S*** *****S*T*******S*T*******SI
           I   *   ***S*   *****S*********S*********S*T*******S*T*******SI
     -17.18I   *   ***S**  *****S*********S*********S*T*******S*T*******SI    -17.18
           I  **   ***S** ******S*********S*********S*T*******S*T*******SI
           I  **  ****S** ******S*********S*********S*T*******S*T*******SI
           I  *** ****S*********S*********S*********S*T*******S*T*******SI
     -19.20I  *** ****S*********S*********S*********S*T*******S*T*******SI    -19.20
           I  ********S*********S*********S*********S*T*******S*T*******SI
           I  ********S*********S*********S*********S*T*******S*T*******SI
           I  ********S*********S*********S*********S*T*******S*T*******SI
     -21.21I  ********S*********S*********S*********S*T*******S*T*******SI    -21.21
           I  ********S*********S*********S*********S*T*******S*T*******SI
           I *********S*********S*********S*********S*T*******S*T*******SI
           I *********S*********S*********S*********S*T*******S*T*******SI
     -23.22I**********S*********S*********S*********S*T*******S*T*******SI    -23.22
 ++++++++++I+++++++++++++++++++++++++++++++++++++++++++++++++++++++++++++I
            S=SEASONAL FREQUENCIES, T=TRADING DAY FREQUENCIES
        ces_hours 19804            PAGE  24, SERIES ces_hours_additi
 G 1  10*LOG(SPECTRUM) of the differenced seasonally adjusted 
      data (Table E2).  Spectrum estimated from 2009.Jan to 2016.Dec.
 ++++++++++I+++++++++++++++++++++++++++++++++++++++++++++++++++++++++++++I
      -7.16I                                                       *     I     -7.16
           I                                                       *     I
           I                                                       *     I
           I                                      *                *     I
      -8.53I                                      *                **    I     -8.53
           I                                      *                **    I
           I                                      *                **    I
           I                                      *                **    I
      -9.90I                                      *                **    I     -9.90
           I                                      *                **    I
           I                                      *                **    I
           I                                      *                **    I
     -11.28I                                      *         *      **    I    -11.28
           I                      *               *         *      **    I
           I                      *               *         *     ***    I
           I                      *          *    *         *     ***    I
     -12.65I       *              *          *   **         *     ***    I    -12.65
           I       *              *          **  **         *     ***    I
           I   *   *              **   *     **  **         *     ***    I
           I   *   *              **   *     **  **         *     ***    I
     -14.02I   *   *              **   *     **  **         **    ***    I    -14.02
           I   *   *              **   *     **  **         **    ***    I
           I   *   *              **   *     **  **        ***    ***    I
           I   *   *         **  ***  **     **  **        ***    ***    I
     -15.39I   *   **        **  ***  ***    **  **        ***    ***    I    -15.39
           I   *   **        **  **** ***    **  **        ***   ****    I
           I   *   **     *  **  ********    **  **    *   ***   ****    I
           I   *   **     *  **  ********    **  ***   *   ***   ****    I
     -16.76I   *   **     *  **  ********    **  ***   *   ***   *****   I    -16.76
           I   *   **     * ****S********    **  ***  T*   ***S  *****   I
           I  **   **     ******S********    *******  T*   ***S  *****   I
           I  **   **     ******S********    *******  T*   ***S T*****   I
     -18.14I  **   **     ******S********   ********  T*  ****S*T*****   I    -18.14
           I  **   **     ******S********   ********  T** ****S*T*****   I
           I  **   **    *******S*********  ********  T** ****S*T*****   I
           I  ***  **    *******S*********  ********S*T*******S*T*****   I
     -19.51I  ***  **    *******S*********  ********S*T*******S*T*****   I    -19.51
           I  *** ***    *******S*********  ********S*T*******S*T*****   I
           I  *** ***    *******S*********  ********S*T*******S*T*****   I
           I  *** ***    *******S*********  ********S*T*******S*T*****   I
     -20.88I  *** ***    *******S*********S*********S*T*******S*T*****   I    -20.88
           I  *** ***    *******S*********S*********S*T*******S*T*****   I
           I  *******    *******S*********S*********S*T*******S*T******  I
           I  *******    *******S*********S*********S*T*******S*T******  I
     -22.25I ********    *******S*********S*********S*T*******S*T******  I    -22.25
           I *********   *******S*********S*********S*T*******S*T******  I
           I *********  ********S*********S*********S*T*******S*T******  I
           I *********  ********S*********S*********S*T*******S*T******  I
     -23.63I**********  ********S*********S*********S*T*******S*T******  I    -23.63
           I**********  ********S*********S*********S*T*******S*T******  I
           I**********  ********S*********S*********S*T*******S*T******* I
           I**********  ********S*********S*********S*T*******S*T******* I
     -25.00I**********S*********S*********S*********S*T*******S*T*******SI    -25.00
 ++++++++++I+++++++++++++++++++++++++++++++++++++++++++++++++++++++++++++I
            S=SEASONAL FREQUENCIES, T=TRADING DAY FREQUENCIES
        ces_hours 19804            PAGE  25, SERIES ces_hours_additi
 G 2  10*LOG(SPECTRUM) of the Modified Irregular (Table E3).  
      Spectrum estimated from 2009.Jan to 2016.Dec.
 ++++++++++I+++++++++++++++++++++++++++++++++++++++++++++++++++++++++++++I
     -12.57I                                      *                      I    -12.57
           I                      *               *                *     I
           I                      *               *                *     I
           I                      *               *                *     I
     -14.19I                      **              *                *     I    -14.19
           I                      **              *                **    I
           I                      **              *                **    I
           I                      **              *                **    I
     -15.81I                      **          *   *                **    I    -15.81
           I                      **   *      *   *         *      **    I
           I                      **   *     **   *         *      **    I
           I                      **   *     **  **         *      **    I
     -17.43I                 *   ****  **    **  **         *     ***    I    -17.43
           I                 *   ****  **    **  **         *     ***    I
           I                 **  **** ***    **  **         *     ***    I
           I                 **  ********    **  **         *     ***    I
     -19.05I                 **  ********    **  **         *     ***    I    -19.05
           I                 **  ********    **  **         *     ***    I
           I                 ** S********    **  **         **    ***    I
           I                ****S********    **  **    *   ***    ***    I
     -20.67I                ****S********    **  **    *   ***    ***    I    -20.67
           I                ****S********    *** **    *   ***    ****   I
           I             ** ****S*********   *** **    *   ***    ****   I
           I             *******S*********   *******   *   ***   *****   I
     -22.29I             *******S*********   *******   **  ***   *****   I    -22.29
           I             *******S*********  ********   **  ***   *****   I
           I   *         *******S*********  ********   **  ***S  *****   I
           I   *         *******S*********  ********  T** ****S  *****   I
     -23.91I   *         *******S*********  ********  T*******S T*****   I    -23.91
           I   *        ********S*********S ********  T*******S*T*****   I
           I   *     *  ********S*********S*********  T*******S*T*****   I
           I   *    **  ********S*********S*********S T*******S*T******  I
     -25.53I   *    **  ********S*********S*********S*T*******S*T******  I    -25.53
           I   *    **  ********S*********S*********S*T*******S*T******  I
           I   *    **S*********S*********S*********S*T*******S*T******  I
           I   *    **S*********S*********S*********S*T*******S*T******  I
     -27.15I   *    **S*********S*********S*********S*T*******S*T******* I    -27.15
           I   *    **S*********S*********S*********S*T*******S*T******* I
           I   *    **S*********S*********S*********S*T*******S*T*******SI
           I  **    **S*********S*********S*********S*T*******S*T*******SI
     -28.77I  ***   **S*********S*********S*********S*T*******S*T*******SI    -28.77
           I  ***  ***S*********S*********S*********S*T*******S*T*******SI
           I  ***  ***S*********S*********S*********S*T*******S*T*******SI
           I  ***  ***S*********S*********S*********S*T*******S*T*******SI
     -30.39I  ***  ***S*********S*********S*********S*T*******S*T*******SI    -30.39
           I  ***  ***S*********S*********S*********S*T*******S*T*******SI
           I  ***  ***S*********S*********S*********S*T*******S*T*******SI
           I  ********S*********S*********S*********S*T*******S*T*******SI
     -32.01I  ********S*********S*********S*********S*T*******S*T*******SI    -32.01
           I *********S*********S*********S*********S*T*******S*T*******SI
           I *********S*********S*********S*********S*T*******S*T*******SI
           I *********S*********S*********S*********S*T*******S*T*******SI
     -33.63I**********S*********S*********S*********S*T*******S*T*******SI    -33.63
 ++++++++++I+++++++++++++++++++++++++++++++++++++++++++++++++++++++++++++I
            S=SEASONAL FREQUENCIES, T=TRADING DAY FREQUENCIES
        ces_hours 19804            PAGE  26, SERIES ces_hours_additi

  Peak probabilities for Tukey spectrum estimator
  Spectrum estimated from 2009.Jan to 2016.Dec.

                                          S1       S2       S3       S4       S5       S6       TD
                                        ------   ------   ------   ------   ------   ------   ------
  Model Residuals                        0.995**  0.030    0.052    0.603    0.453    0.386    0.207  
  Prior Adjusted Series (Table B1)       0.819    0.329    0.400    0.936*   0.471    0.987*   0.000  
  Seasonally adjusted series (E2)        0.063    0.026    0.388    0.030    0.162    0.492    0.594  
  Modified Irregular (E3)                0.229    0.007    0.199    0.014    0.101    0.532    0.669  
  ----------
     ** - Peak Probability > 0.99,
      * - 0.90 < Peak Probability < 0.99


