  Reading input spec file from D:\Programming\Dynamic Paper-dlrhcs_replication\outputs\empirical\unemployment\raw_sa_pilot\x13_work\ces_hours_log_additive_21780_200701_201612.spc

1

               U. S. Department of Commerce, U. S. Census Bureau

              X-13ARIMA-SEATS monthly seasonal adjustment Method,
                          Release Version 1.1 Build 62


           This software application provides an enhanced version of
             Statistics Canada's X-11-ARIMA extension (Dagum, 1980)
                 of the X-11 variant of the Census Method II of
                      Shiskin, Young and Musgrave (1967).

            It also provides an ARIMA model-based method following
       Hillmer and Tiao (1982) and Burman (1980) that is very similar
       to the update of the method of SEATS (Gomez and Maravall, 1996)
                produced at the Bank of Spain by G. Caporello and
               A. Maravall for TSW (Caporello and Maravall, 2004).
          The present application includes additional enhancements.

         X-13ARIMA-SEATS includes an automatic ARIMA model selection procedure
          based largely on the procedure of Gomez and Maravall (1998)
            as implemented in TRAMO (1996) and subsequent revisions.

              Primary Programmers: Brian Monsell, Mark Otto and,
                 for the ARIMA model-based signal extraction,
                      Gianluca Caporello and Victor Gomez


     Series Title- ces_hours 21780
     Series Name- ces_hours_log_ad
     Jul 29, 2026  08.40.22 

        -Period covered-  1st month,2007 to 12th month,2016
        -Type of run - additive seasonal adjustment

        -Sigma limits for graduating extreme values are  1.5 and  2.5 .
        -3x3 moving average used in section 1 of each iteration, 
         3x5 moving average in section 2 of iterations B and C,
         moving average for final seasonal factors chosen by Global MSR.
        -Holiday adjustment factors applied directly to the final seasonally adjusted series
        -Spectral plots generated for selected series
        -Spectral plots generated for series starting in 2009.Jan

 FILE SAVE REQUESTS (* indicates file exists and will be overwritten)
  D:\Programming\Dynamic Paper-dlrhcs_replication\outputs\empirical\unemployment\raw_sa_pilot\x13_work\ces_hours_log_additive_21780_200701_201612.d10  final seasonal factors
  D:\Programming\Dynamic Paper-dlrhcs_replication\outputs\empirical\unemployment\raw_sa_pilot\x13_work\ces_hours_log_additive_21780_200701_201612.d11  final seasonally adjusted data
  D:\Programming\Dynamic Paper-dlrhcs_replication\outputs\empirical\unemployment\raw_sa_pilot\x13_work\ces_hours_log_additive_21780_200701_201612.out  program output file
  D:\Programming\Dynamic Paper-dlrhcs_replication\outputs\empirical\unemployment\raw_sa_pilot\x13_work\ces_hours_log_additive_21780_200701_201612.err  program error file
        ces_hours 21780            PAGE   1, SERIES ces_hours_log_ad

     Contents of spc file D:\Programming\Dynamic Paper-dlrhcs_replication\outputs\empirical\unemployment\raw_sa_pilot\x13_work\ces_hours_log_additive_21780_200701_201612.spc

 Line #
 ------
      1: series {
      2:   title = "ces_hours 21780"
      3:   start = 2007.1
      4:   period = 12
      5:   data = (
      6: 35.5
      7: 34.7
      8: 35.3
      9: 36.5
     10: 36.5
     11: 36.7
     12: 37.1
     13: 36.6
     14: 36.7
     15: 36.9
     16: 36.4
     17: 38.2
     18: 37.5
     19: 35.5
     20: 36.6
     21: 36.5
     22: 35.9
     23: 36.3
     24: 36.6
     25: 36.2
     26: 36
     27: 36.8
     28: 36.5
     29: 36.2
     30: 35.4
     31: 35.7
     32: 35.2
     33: 35.5
     34: 34.8
     35: 34.8
     36: 35.5
     37: 35.3
     38: 35.4
     39: 35.5
     40: 36.6
     41: 36.5
     42: 36.2
     43: 35.9
     44: 35.9
     45: 35.8
     46: 35.8
     47: 36
     48: 35.7
     49: 36.3
     50: 35.5
     51: 36.3
     52: 36
     53: 35.5
     54: 35.5
     55: 35
     56: 34.8
     57: 35.2
     58: 34.8
     59: 35.2
     60: 35.2
     61: 34.1
     62: 34
     63: 34.1
     64: 33.5
     65: 33.6
     66: 33.3
     67: 32.9
     68: 33.2
     69: 34.2
     70: 33.9
     71: 34.1
     72: 34.1
     73: 34.6
     74: 34.5
     75: 34.1
     76: 33.7
     77: 33.3
     78: 33.7
     79: 33.7
     80: 33.7
     81: 33.8
     82: 33.3
     83: 33.7
     84: 34
     85: 34.1
     86: 34.5
     87: 34.4
     88: 34.3
     89: 33.6
     90: 33.5
     91: 33.9
     92: 34.1
     93: 34.8
     94: 34.6
     95: 35.2
     96: 34.9
     97: 34.7
     98: 34.6
     99: 34.8
    100: 34.6
    101: 34.5
    102: 33.4
    103: 33.6
    104: 34.4
    105: 35.7
    106: 35.4
    107: 35.2
    108: 35.1
    109: 35.8
    110: 33.4
    111: 33.9
    112: 33.7
    113: 33.6
    114: 33.2
    115: 33.4
    116: 33.3
    117: 33.8
    118: 34.2
    119: 34.3
    120: 34.7
    121: 34.5
    122: 35.1
    123: 35.7
    124: 35.3
    125: 35.2
    126:   )
    127: }
    128: transform { function = log }
    129: regression { aictest = (td easter) }
    130: automdl {}
    131: x11 { mode = add save = (d10 d11) }
        ces_hours 21780            PAGE   2, SERIES ces_hours_log_ad

 A 1  Time series data (for the span analyzed)
  From  2007.Jan to 2016.Dec
  Observations        120
 -----------------------------------------------------------------------------
               Jan      Feb      Mar      Apr      May      Jun 
               Jul      Aug      Sep      Oct      Nov      Dec        TOTAL  
 -----------------------------------------------------------------------------
  2007          36.      35.      35.      37.      37.      37.
                37.      37.      37.      37.      36.      38.          437.
 
  2008          38.      36.      37.      37.      36.      36.
                37.      36.      36.      37.      37.      36.          437.
 
  2009          35.      36.      35.      36.      35.      35.
                36.      35.      35.      36.      37.      37.          426.
 
  2010          36.      36.      36.      36.      36.      36.
                36.      36.      36.      36.      36.      36.          431.
 
  2011          36.      35.      35.      35.      35.      35.
                35.      34.      34.      34.      34.      34.          415.
 
  2012          33.      33.      33.      34.      34.      34.
                34.      35.      35.      34.      34.      33.          406.
 
  2013          34.      34.      34.      34.      33.      34.
                34.      34.      35.      34.      34.      34.          407.
 
  2014          34.      34.      34.      35.      35.      35.
                35.      35.      35.      35.      35.      35.          414.
 
  2015          33.      34.      34.      36.      35.      35.
                35.      36.      33.      34.      34.      34.          413.
 
  2016          33.      33.      33.      34.      34.      34.
                35.      35.      35.      36.      35.      35.          413.
 
  AVGE          35.      34.      35.      35.      35.      35.
                35.      35.      35.      35.      35.      35.

  Table Total-        4199.   Mean-        35.   Std. Dev.-         1.
                              Min -        33.        Max -        38.
        ces_hours 21780            PAGE   3, SERIES ces_hours_log_ad
                        Automatic ARIMA Model Selection

                    Procedure based closely on TRAMO method 
                         of Gomez and Maravall (2000)
              "Automatic Modeling Methods for Univariate Series",
                            A Course in Time Series
                  (Edited by D. Pena, G. C. Tiao, R. S. Tsay),
                         New York : J. Wiley and Sons


     Maximum order for regular ARMA parameters :   2
     Maximum order for seasonal ARMA parameters :   1
     Maximum order for regular differencing :   2
     Maximum order for seasonal differencing :   1

   Results of Unit Root Test for identifying orders of differencing:
     Regular difference order :   0
     Seasonal difference order :   0

  Automatic model choice : (2 0 0)(1 0 1)


  Final Checks for Identified Model


  Checking for Unit Roots.
   No unit roots found.
   Nonseasonal MA not within  0.001 of 1.0 - model passes test.

  Checking for insignificant ARMA coefficients.

  Final automatic model choice : (2 0 0)(1 0 1)
   End of automatic model selection procedure.

 Average absolute percentage error in within-sample forecasts:
  Last year:   1.24      Last-1 year:   2.41     Last-2 year:   1.06
  Last three years:    1.57

 Estimation converged in  114 ARMA iterations,  589 function evaluations.

 Regression Model
 ------------------------------------------------------------------------------
                             Parameter        Standard
 Variable                     Estimate           Error      t-value
 ------------------------------------------------------------------------------
 Constant                       3.5569         0.01864       190.83
 ------------------------------------------------------------------------------


 ARIMA Model:  (2 0 0)(1 0 1)
                                              Standard
 Parameter                    Estimate          Errors
 -----------------------------------------------------
 Nonseasonal AR                                    
   Lag  1                       0.7295         0.08845
   Lag  2                       0.1612         0.08849

 Seasonal AR                                       
   Lag 12                       0.9469         0.03786

 Seasonal MA                                       
   Lag 12                       0.8536         0.05526

 Variance                       0.21927E-03
 SE of Var                      0.28307E-04
 -----------------------------------------------------

 Likelihood Statistics
 ------------------------------------------------------------------
 Number of observations (nobs)                                  120
 Effective number of observations (nefobs)                      120
 Number of parameters estimated (np)                              6
 Log likelihood                                            332.9056
 Transformation Adjustment                                -426.5405
 Adjusted Log likelihood (L)                               -93.6349
 AIC                                                       199.2698 
 AICC (F-corrected-AIC)                                    200.0131 
 Hannan Quinn                                              206.0618 
 BIC                                                       215.9947 
 ------------------------------------------------------------------

 QS Statistic for regARIMA Model Residuals (full series):             0.00
                                                       (P-Value =     1.0000)

 QS Statistic for regARIMA Model Residuals (starting 2009.Jan):       0.00
                                                       (P-Value =     1.0000)


  At least one visually significant residual trading day peaks has been
  found in the spectral plot of the following series starting in 2009.Jan:

          regARIMA model residuals (1 Trading Day peak(s))




      10*LOG(SPECTRUM) of the regARIMA model residuals
      Spectrum estimated from 2009.Jan to 2016.Dec.
 ++++++++++I+++++++++++++++++++++++++++++++++++++++++++++++++++++++++++++I
     -33.66I                  *                                          I    -33.66
           I                  *        *                                 I
           I                  *        *                                 I
           I                  *        *                                 I
     -34.33I                  *        *                                 I    -34.33
           I                  *        *                                 I
           I                  *        *                                 I
           I                  *        *              T                  I
     -34.99I        *         *       **              T          **      I    -34.99
           I        *         *       **              T          **      I
           I        *         *       **              T          **      I
           I        *         *       **              T          **      I
     -35.66I        *         *       **              T          **      I    -35.66
           I        **        *       **              T          **      I
           I        **        *       **              T* *       **      I
           I        **        *       **     *       *T* *       **      I
     -36.32I   *    **  *     *       **     **      *T* *       **      I    -36.32
           I   *   ***  *     **      **     **      *T***       **      I
           I   *   ***  *     **      **     **      *T***       **      I
           I   *   ***  *     **     ***     **      *T***       **      I
     -36.99I   *   ***S**     **     ***     **      *T****      **      I    -36.99
           I   *   ***S***    **     ****    **      *T****      **      I
           I   *   ***S***    **     ****    ***     *T****      *** *   I
           I   *   ***S***    **     ****    ***     *T****      *** **  I
     -37.65I   *   ***S***    **    *****    ***     *T****     T*** **  I    -37.65
           I   *   ***S***    **    *****    ***     *T****     T*** **  I
           I   *   ***S***    **    *****    ***     *T****     T******  I
           I   **  ***S***    **    *****   *****   S*T****     T******  I
     -38.31I   **  ***S***    **    *****   *****   S*T****     T******  I    -38.31
           I  ***  ***S***   ***    *****   *****   S*T****     T******  I
           I  *** ****S***   ***    *****   *****   S*T****     T******  I
           I  *** ****S***   ***   ******   *****   S*T****     T******  I
     -38.98I  *** ****S***   ***   ******   *****   S*T*****    T******  I    -38.98
           I  *** ****S***   ***   ******   ******  S*T*****   *T******  I
           I  ********S***   ***   ******   ******  S*T*****   *T******* I
           I  ********S***   ***   ******   ******  S*T*****   *T******* I
     -39.64I  ********S****  ***   ******   ****** *S*T*****   *T******* I    -39.64
           I  ********S****  ***   ******   ********S*T*****  S*T******* I
           I  ********S****  ***   *******  ********S*T*****  S*T******* I
           I  ********S****  ***   *******  ********S*T****** S*T*******SI
     -40.31I  ********S****  ***S  ******* *********S*T*******S*T*******SI    -40.31
           I  ********S****  ***S  ******* *********S*T*******S*T*******SI
           I  ********S****  ***S ******** *********S*T*******S*T*******SI
           I  ********S****  ***S ******** *********S*T*******S*T*******SI
     -40.97I  ********S****  ***S ********S*********S*T*******S*T*******SI    -40.97
           I  ********S**** ****S ********S*********S*T*******S*T*******SI
           I *********S*********S ********S*********S*T*******S*T*******SI
           I *********S*********S*********S*********S*T*******S*T*******SI
     -41.64I *********S*********S*********S*********S*T*******S*T*******SI    -41.64
           I *********S*********S*********S*********S*T*******S*T*******SI
           I *********S*********S*********S*********S*T*******S*T*******SI
           I *********S*********S*********S*********S*T*******S*T*******SI
     -42.30I**********S*********S*********S*********S*T*******S*T*******SI    -42.30
 ++++++++++I+++++++++++++++++++++++++++++++++++++++++++++++++++++++++++++I
            S=SEASONAL FREQUENCIES, T=TRADING DAY FREQUENCIES


 FORECASTING
  Origin  2016.Dec
  Number        12

  Forecasts and Standard Errors of the Transformed Data
   ------------------------------
                         Standard
       Date   Forecast      Error
   ------------------------------
   2017.Jan       3.55      0.015
   2017.Feb       3.55      0.018
   2017.Mar       3.55      0.021
   2017.Apr       3.56      0.023
   2017.May       3.56      0.024
   2017.Jun       3.56      0.026
   2017.Jul       3.56      0.027
   2017.Aug       3.56      0.027
   2017.Sep       3.56      0.028
   2017.Oct       3.56      0.028
   2017.Nov       3.56      0.029
   2017.Dec       3.56      0.029
   ------------------------------

  Confidence intervals with coverage probability ( 0.95000
  On the Original Scale
   ---------------------------------------
       Date      Lower  Forecast     Upper
   ---------------------------------------
   2017.Jan      33.88     34.88     35.91
   2017.Feb      33.49     34.72     35.99
   2017.Mar      33.45     34.86     36.33
   2017.Apr      33.72     35.27     36.90
   2017.May      33.44     35.08     36.81
   2017.Jun      33.50     35.23     37.05
   2017.Jul      33.52     35.31     37.20
   2017.Aug      33.43     35.27     37.21
   2017.Sep      33.18     35.05     37.02
   2017.Oct      33.34     35.25     37.27
   2017.Nov      33.15     35.08     37.12
   2017.Dec      33.07     35.02     37.08
   ---------------------------------------
        ces_hours 21780            PAGE   4, SERIES ces_hours_log_ad

 B 1  Original series (prior adjusted)
  From  2007.Jan to 2016.Dec
  Observations        120
 -----------------------------------------------------------------------------
               Jan      Feb      Mar      Apr      May      Jun 
               Jul      Aug      Sep      Oct      Nov      Dec        TOTAL  
 -----------------------------------------------------------------------------
  2007          36.      35.      35.      37.      37.      37.
                37.      37.      37.      37.      36.      38.          437.
 
  2008          38.      36.      37.      37.      36.      36.
                37.      36.      36.      37.      37.      36.          437.
 
  2009          35.      36.      35.      36.      35.      35.
                36.      35.      35.      36.      37.      37.          426.
 
  2010          36.      36.      36.      36.      36.      36.
                36.      36.      36.      36.      36.      36.          431.
 
  2011          36.      35.      35.      35.      35.      35.
                35.      34.      34.      34.      34.      34.          415.
 
  2012          33.      33.      33.      34.      34.      34.
                34.      35.      35.      34.      34.      33.          406.
 
  2013          34.      34.      34.      34.      33.      34.
                34.      34.      35.      34.      34.      34.          407.
 
  2014          34.      34.      34.      35.      35.      35.
                35.      35.      35.      35.      35.      35.          414.
 
  2015          33.      34.      34.      36.      35.      35.
                35.      36.      33.      34.      34.      34.          413.
 
  2016          33.      33.      33.      34.      34.      34.
                35.      35.      35.      36.      35.      35.          413.
 
  AVGE          35.      34.      35.      35.      35.      35.
                35.      35.      35.      35.      35.      35.

  Table Total-        4199.   Mean-        35.   Std. Dev.-         1.
                              Min -        33.        Max -        38.

 B 1.A  Forecasts of (prior adjusted) original series
  From  2017.Jan to 2017.Dec
  Observations         12
 -----------------------------------------------------------------------------
               Jan      Feb      Mar      Apr      May      Jun 
               Jul      Aug      Sep      Oct      Nov      Dec        TOTAL  
 -----------------------------------------------------------------------------
  2017          35.      35.      35.      35.      35.      35.
                35.      35.      35.      35.      35.      35.          421.
 
        ces_hours 21780            PAGE   5, SERIES ces_hours_log_ad

 C 17  Final weights for irregular component
  From  2007.Jan to 2016.Dec
  Observations        120
  Lower sigma limit    1.50
  Upper sigma limit    2.50
 -----------------------------------------------------------------------------
               Jan      Feb      Mar      Apr      May      Jun 
               Jul      Aug      Sep      Oct      Nov      Dec         S.D.  
 -----------------------------------------------------------------------------
  2007         100.     100.     100.     100.     100.     100.
               100.     100.     100.     100.       0.       0.           28.
 
  2008          23.       0.     100.     100.     100.     100.
               100.     100.     100.     100.     100.     100.           28.
 
  2009         100.      29.     100.     100.     100.     100.
               100.     100.     100.      36.     100.     100.           28.
 
  2010         100.     100.     100.     100.     100.     100.
                96.     100.     100.     100.     100.     100.           27.
 
  2011         100.     100.     100.     100.     100.     100.
               100.      53.     100.     100.     100.     100.           25.
 
  2012         100.     100.     100.     100.     100.     100.
               100.      94.      24.     100.     100.       0.           21.
 
  2013         100.     100.     100.     100.     100.     100.
               100.     100.      89.     100.     100.      16.           24.
 
  2014         100.     100.     100.     100.     100.      88.
               100.     100.     100.     100.     100.     100.           23.
 
  2015           0.       0.     100.       0.      96.     100.
               100.       0.       0.     100.     100.     100.           20.
 
  2016         100.     100.     100.     100.     100.     100.
               100.     100.     100.      98.     100.     100.           20.
 
        ces_hours 21780            PAGE   6, SERIES ces_hours_log_ad

 D 8  Final unmodified SI ratios
  From  2007.Jan to 2016.Dec
  Observations        120
 -----------------------------------------------------------------------------
               Jan      Feb      Mar      Apr      May      Jun 
               Jul      Aug      Sep      Oct      Nov      Dec         AVGE  
 -----------------------------------------------------------------------------
  2007           0.      -1.      -1.       0.      -0.      -0.
                 0.      -0.      -0.       0.      -0.       2.            0.
 
  2008           1.      -1.      -0.      -0.      -1.      -0.
                 0.      -0.      -0.       1.       1.       0.            0.
 
  2009          -0.       0.      -0.       0.      -0.      -0.
                 0.      -0.      -0.      -0.       1.       0.           -0.
 
  2010           0.      -0.      -0.      -0.      -0.       0.
                -0.       0.      -0.       1.       0.      -0.           -0.
 
  2011           0.      -0.      -0.       0.      -0.       0.
                 1.      -0.      -0.       0.      -0.       0.           -0.
 
  2012          -0.      -1.      -0.       0.       0.       0.
                 0.       1.       1.       0.      -0.      -1.           -0.
 
  2013          -0.      -0.      -0.       0.      -0.       0.
                 0.       0.       0.       0.       0.      -1.           -0.
 
  2014          -1.      -0.      -0.       0.       0.       1.
                 0.       0.       0.       0.       0.      -0.           -0.
 
  2015          -1.      -1.      -0.       1.       0.       0.
                 0.       1.      -1.      -0.      -0.      -0.           -0.
 
  2016          -1.      -0.      -0.       0.       0.       0.
                 0.      -0.       0.       1.       0.      -0.            0.
 
  AVGE          -0.      -1.      -0.       0.      -0.       0.
                 0.       0.      -0.       0.       0.       0.

  Table Total-          -1.   Mean-        -0.   Std. Dev.-         0.
                              Min -        -1.        Max -         2.
        ces_hours 21780            PAGE   7, SERIES ces_hours_log_ad

 D 8.B  Final unmodified SI ratios, with labels for outliers and extreme values
  From  2007.Jan to 2016.Dec
  Observations        120
 ---------------------------------------------------------------------
               Jan       Feb       Mar       Apr       May       Jun  
               Jul       Aug       Sep       Oct       Nov       Dec  
 ---------------------------------------------------------------------
  2007          0.       -1.       -1.        0.       -0.       -0.  
                0.       -0.       -0.        0.       -0.*       2.* 
 
  2008          1.*      -1.*      -0.       -0.       -1.       -0.  
                0.       -0.       -0.        1.        1.        0.  
 
  2009         -0.        0.*      -0.        0.       -0.       -0.  
                0.       -0.       -0.       -0.*       1.        0.  
 
  2010          0.       -0.       -0.       -0.       -0.        0.  
               -0.*       0.       -0.        1.        0.       -0.  
 
  2011          0.       -0.       -0.        0.       -0.        0.  
                1.       -0.*      -0.        0.       -0.        0.  
 
  2012         -0.       -1.       -0.        0.        0.        0.  
                0.        1.*       1.*       0.       -0.       -1.* 
 
  2013         -0.       -0.       -0.        0.       -0.        0.  
                0.        0.        0.*       0.        0.       -1.* 
 
  2014         -1.       -0.       -0.        0.        0.        1.* 
                0.        0.        0.        0.        0.       -0.  
 
  2015         -1.*      -1.*      -0.        1.*       0.*       0.  
                0.        1.*      -1.*      -0.       -0.       -0.  
 
  2016         -1.       -0.       -0.        0.        0.        0.  
                0.       -0.        0.        1.*       0.       -0.  
 

  Key to symbols:
    *  : extreme value as determined by X-11 extreme value procedure
 
        ces_hours 21780            PAGE   8, SERIES ces_hours_log_ad

 D 9  Final replacement values for SI ratios
  From  2007.Jan to 2016.Dec
  Observations        120
 ---------------------------------------------------------------
               Jan      Feb      Mar      Apr      May      Jun 
               Jul      Aug      Sep      Oct      Nov      Dec 
 ---------------------------------------------------------------
  2007     ******** ******** ******** ******** ******** ********
           ******** ******** ******** ********       1.       0.
 
  2008           0.      -0. ******** ******** ******** ********
           ******** ******** ******** ******** ******** ********
 
  2009     ********      -0. ******** ******** ******** ********
           ******** ******** ********       0. ******** ********
 
  2010     ******** ******** ******** ******** ******** ********
                -0. ******** ******** ******** ******** ********
 
  2011     ******** ******** ******** ******** ******** ********
           ********      -0. ******** ******** ******** ********
 
  2012     ******** ******** ******** ******** ******** ********
           ********       1.       0. ******** ********      -0.
 
  2013     ******** ******** ******** ******** ******** ********
           ******** ********       0. ******** ********      -0.
 
  2014     ******** ******** ******** ******** ********       1.
           ******** ******** ******** ******** ******** ********
 
  2015          -1.      -0. ********       0.       0. ********
           ********       0.       0. ******** ******** ********
 
  2016     ******** ******** ******** ******** ******** ********
           ******** ******** ********       1. ******** ********
 

 D 9.A  Moving seasonality ratio
 ---------------------------------------------------------------
               Jan      Feb      Mar      Apr      May      Jun 
 ---------------------------------------------------------------
   I          0.227    0.209    0.195    0.259    0.257    0.244
   S          0.086    0.027    0.031    0.032    0.072    0.070
 RATIO        2.645    7.708    6.369    8.038    3.562    3.460



 ---------------------------------------------------------------
               Jul      Aug      Sep      Oct      Nov      Dec 
 ---------------------------------------------------------------
   I          0.259    0.257    0.197    0.291    0.192    0.123
   S          0.039    0.054    0.042    0.037    0.083    0.060
 RATIO        6.682    4.749    4.661    7.873    2.326    2.049



        ces_hours 21780            PAGE   9, SERIES ces_hours_log_ad

 D 10  Final seasonal factors
  From  2007.Jan to 2016.Dec
  Observations        120
  Seasonal filter    3 x 5 moving average
 -----------------------------------------------------------------------------
               Jan      Feb      Mar      Apr      May      Jun 
               Jul      Aug      Sep      Oct      Nov      Dec         AVGE  
 -----------------------------------------------------------------------------
  2007           0.      -0.      -0.       0.      -0.      -0.
                 0.      -0.      -0.       0.       1.       0.            0.
 
  2008           0.      -0.      -0.       0.      -0.      -0.
                 0.      -0.      -0.       0.       0.       0.           -0.
 
  2009           0.      -0.      -0.      -0.      -0.      -0.
                 0.       0.      -0.       0.       0.       0.           -0.
 
  2010          -0.      -0.      -0.       0.      -0.      -0.
                 0.       0.      -0.       0.       0.       0.           -0.
 
  2011          -0.      -0.      -0.       0.      -0.       0.
                 0.       0.       0.       0.       0.       0.           -0.
 
  2012          -0.      -0.      -0.       0.      -0.       0.
                 0.       0.       0.       0.       0.      -0.           -0.
 
  2013          -0.      -0.      -0.       0.      -0.       0.
                 0.       0.       0.       0.      -0.      -0.           -0.
 
  2014          -0.      -0.      -0.       0.       0.       0.
                 0.       0.       0.       0.      -0.      -0.            0.
 
  2015          -1.      -0.      -0.       0.       0.       0.
                 0.       0.       0.       0.      -0.      -0.            0.
 
  2016          -1.      -0.      -0.       0.       0.       0.
                 0.       0.       0.       0.      -0.      -0.            0.
 
  AVGE          -0.      -0.      -0.       0.      -0.       0.
                 0.       0.       0.       0.       0.       0.

  Table Total-          -0.   Mean-        -0.   Std. Dev.-         0.
                              Min -        -1.        Max -         1.

 D 10.A  Final seasonal component forecasts
  From  2017.Jan to 2017.Dec
  Observations         12
 -----------------------------------------------------------------------------
               Jan      Feb      Mar      Apr      May      Jun 
               Jul      Aug      Sep      Oct      Nov      Dec         AVGE  
 -----------------------------------------------------------------------------
  2017          -1.      -0.      -0.       0.       0.       0.
                 0.       0.       0.       0.      -0.      -0.           -0.
 
        ces_hours 21780            PAGE  10, SERIES ces_hours_log_ad

 D 11  Final seasonally adjusted data
  From  2007.Jan to 2016.Dec
  Observations        120
 -----------------------------------------------------------------------------
               Jan      Feb      Mar      Apr      May      Jun 
               Jul      Aug      Sep      Oct      Nov      Dec        TOTAL  
 -----------------------------------------------------------------------------
  2007          35.      35.      36.      36.      37.      37.
                37.      37.      37.      37.      36.      38.          437.
 
  2008          37.      36.      37.      36.      36.      36.
                36.      36.      36.      36.      36.      36.          437.
 
  2009          35.      36.      36.      36.      35.      35.
                35.      35.      36.      35.      36.      36.          426.
 
  2010          36.      36.      36.      36.      36.      36.
                35.      36.      36.      36.      36.      35.          431.
 
  2011          36.      35.      35.      35.      35.      35.
                35.      34.      34.      34.      33.      34.          415.
 
  2012          34.      33.      34.      34.      34.      34.
                34.      34.      34.      34.      34.      33.          406.
 
  2013          34.      34.      34.      34.      33.      33.
                34.      34.      34.      34.      34.      34.          407.
 
  2014          34.      34.      34.      35.      35.      35.
                35.      34.      34.      35.      35.      35.          414.
 
  2015          34.      34.      35.      36.      35.      35.
                35.      36.      33.      34.      34.      34.          413.
 
  2016          34.      34.      34.      34.      34.      34.
                34.      34.      35.      35.      35.      35.          413.
 
  AVGE          35.      35.      35.      35.      35.      35.
                35.      35.      35.      35.      35.      35.

  Table Total-        4199.   Mean-        35.   Std. Dev.-         1.
                              Min -        33.        Max -        38.
        ces_hours 21780            PAGE  11, SERIES ces_hours_log_ad

 D 12  Final trend cycle
  From  2007.Jan to 2016.Dec
  Observations        120
  Trend filter    13-term Henderson moving average
  I/C ratio        2.09
 -----------------------------------------------------------------------------
               Jan      Feb      Mar      Apr      May      Jun 
               Jul      Aug      Sep      Oct      Nov      Dec        TOTAL  
 -----------------------------------------------------------------------------
  2007          35.      36.      36.      36.      37.      37.
                37.      37.      37.      37.      37.      37.          437.
 
  2008          37.      37.      37.      37.      36.      36.
                36.      36.      36.      36.      36.      36.          437.
 
  2009          36.      36.      35.      35.      35.      35.
                35.      35.      36.      36.      36.      36.          426.
 
  2010          36.      36.      36.      36.      36.      36.
                36.      36.      36.      36.      36.      36.          431.
 
  2011          35.      35.      35.      35.      35.      35.
                35.      34.      34.      34.      34.      33.          415.
 
  2012          33.      34.      34.      34.      34.      34.
                34.      34.      34.      34.      34.      34.          406.
 
  2013          34.      34.      34.      34.      34.      34.
                34.      34.      34.      34.      34.      34.          407.
 
  2014          34.      34.      34.      35.      35.      35.
                35.      35.      35.      35.      35.      35.          414.
 
  2015          35.      35.      35.      35.      35.      35.
                35.      34.      34.      34.      34.      34.          414.
 
  2016          34.      34.      34.      34.      34.      34.
                34.      35.      35.      35.      35.      35.          413.
 
  AVGE          35.      35.      35.      35.      35.      35.
                35.      35.      35.      35.      35.      35.

  Table Total-        4200.   Mean-        35.   Std. Dev.-         1.
                              Min -        33.        Max -        37.
        ces_hours 21780            PAGE  12, SERIES ces_hours_log_ad

 D 13  Final irregular component
  From  2007.Jan to 2016.Dec
  Observations        120
 -----------------------------------------------------------------------------
               Jan      Feb      Mar      Apr      May      Jun 
               Jul      Aug      Sep      Oct      Nov      Dec         S.D.  
 -----------------------------------------------------------------------------
  2007           0.      -0.      -0.       0.       0.       0.
                 0.      -0.       0.      -0.      -1.       1.            0.
 
  2008           1.      -1.       0.      -0.      -0.       0.
                 0.      -0.      -0.       0.       0.       0.            0.
 
  2009          -0.       1.       0.       0.      -0.      -0.
                 0.      -0.       0.      -1.       0.       0.            0.
 
  2010          -0.       0.       0.      -0.       0.       0.
                -0.       0.      -0.       0.       0.      -0.            0.
 
  2011           0.       0.      -0.      -0.      -0.       0.
                 0.      -1.      -0.       0.      -0.       0.            0.
 
  2012           0.      -0.      -0.       0.       0.      -0.
                -0.       0.       0.      -0.      -0.      -1.            0.
 
  2013           0.       0.       0.      -0.      -0.      -0.
                 0.      -0.       0.       0.       0.      -1.            0.
 
  2014          -0.       0.       0.       0.      -0.       0.
                -0.      -0.      -0.       0.       0.       0.            0.
 
  2015          -1.      -1.      -0.       1.       0.       0.
                 0.       1.      -1.      -0.      -0.       0.            1.
 
  2016           0.       0.      -0.      -0.       0.      -0.
                 0.      -0.       0.       0.      -0.      -0.            0.
 
  S.D.           0.       0.       0.       0.       0.       0.
                 0.       0.       0.       0.       0.       0.

  Table Total-          -1.   Mean-        -0.   Std. Dev.-         0.
                              Min -        -1.        Max -         1.
        ces_hours 21780            PAGE  13, SERIES ces_hours_log_ad

 D 16  Combined adjustment factors
  From  2007.Jan to 2016.Dec
  Observations        120
 -----------------------------------------------------------------------------
               Jan      Feb      Mar      Apr      May      Jun 
               Jul      Aug      Sep      Oct      Nov      Dec         AVGE  
 -----------------------------------------------------------------------------
  2007           0.      -0.      -0.       0.      -0.      -0.
                 0.      -0.      -0.       0.       1.       0.            0.
 
  2008           0.      -0.      -0.       0.      -0.      -0.
                 0.      -0.      -0.       0.       0.       0.           -0.
 
  2009           0.      -0.      -0.      -0.      -0.      -0.
                 0.       0.      -0.       0.       0.       0.           -0.
 
  2010          -0.      -0.      -0.       0.      -0.      -0.
                 0.       0.      -0.       0.       0.       0.           -0.
 
  2011          -0.      -0.      -0.       0.      -0.       0.
                 0.       0.       0.       0.       0.       0.           -0.
 
  2012          -0.      -0.      -0.       0.      -0.       0.
                 0.       0.       0.       0.       0.      -0.           -0.
 
  2013          -0.      -0.      -0.       0.      -0.       0.
                 0.       0.       0.       0.      -0.      -0.           -0.
 
  2014          -0.      -0.      -0.       0.       0.       0.
                 0.       0.       0.       0.      -0.      -0.            0.
 
  2015          -1.      -0.      -0.       0.       0.       0.
                 0.       0.       0.       0.      -0.      -0.            0.
 
  2016          -1.      -0.      -0.       0.       0.       0.
                 0.       0.       0.       0.      -0.      -0.            0.
 
  AVGE          -0.      -0.      -0.       0.      -0.       0.
                 0.       0.       0.       0.       0.       0.

  Table Total-          -0.   Mean-        -0.   Std. Dev.-         0.
                              Min -        -1.        Max -         1.

 D 16.A  Combined adjustment component forecasts
  From  2017.Jan to 2017.Dec
  Observations         12
 -----------------------------------------------------------------------------
               Jan      Feb      Mar      Apr      May      Jun 
               Jul      Aug      Sep      Oct      Nov      Dec         AVGE  
 -----------------------------------------------------------------------------
  2017          -1.      -0.      -0.       0.       0.       0.
                 0.       0.       0.       0.      -0.      -0.           -0.
 
        ces_hours 21780            PAGE  14, SERIES ces_hours_log_ad

 E 4  Differences of annual totals
  From          2007 to 2016
  Observations         10
 -----------------------------------
  Year       Unmodified     Modified
                  (D11)         (E2)
 -----------------------------------
  2007               0.           0.
 
  2008              -0.          -0.
 
  2009              -0.          -0.
 
  2010              -0.          -0.
 
  2011              -0.          -0.
 
  2012              -0.          -0.
 
  2013              -0.          -0.
 
  2014               0.           0.
 
  2015               0.           0.
 
  2016               0.           0.
 
        ces_hours 21780            PAGE  15, SERIES ces_hours_log_ad

 E 5  Month-to-month differences in the original series
  From  2007.Feb to 2016.Dec
  Observations        119
 -----------------------------------------------------------------------------
               Jan      Feb      Mar      Apr      May      Jun 
               Jul      Aug      Sep      Oct      Nov      Dec         AVGE  
 -----------------------------------------------------------------------------
  2007                   -1.       1.       1.       0.       0.
                 0.      -0.       0.       0.      -0.       2.            0.
 
  2008          -1.      -2.       1.      -0.      -1.       0.
                 0.      -0.      -0.       1.      -0.      -0.           -0.
 
  2009          -1.       0.      -0.       0.      -1.       0.
                 1.      -0.       0.       0.       1.      -0.            0.
 
  2010          -0.      -0.       0.      -0.       0.       0.
                -0.       1.      -1.       1.      -0.      -0.           -0.
 
  2011           0.      -0.      -0.       0.      -0.       0.
                 0.      -1.      -0.       0.      -1.       0.           -0.
 
  2012          -0.      -0.       0.       1.      -0.       0.
                 0.       1.      -0.      -0.      -0.      -0.           -0.
 
  2013           0.       0.       0.       0.      -0.       0.
                 0.       0.       0.      -0.      -0.      -1.            0.
 
  2014          -0.       0.       0.       1.      -0.       1.
                -0.      -0.      -0.       0.      -0.      -0.            0.
 
  2015          -1.       0.       1.       1.      -0.      -0.
                -0.       1.      -2.       1.      -0.      -0.           -0.
 
  2016          -0.       0.      -0.       1.       0.       0.
                 0.      -0.       1.       1.      -0.      -0.            0.
 
  AVGE          -0.      -0.       0.       1.      -0.       0.
                 0.      -0.      -0.       0.      -0.      -0.

  Table Total-          -0.   Mean-        -0.   Std. Dev.-         1.
                              Min -        -2.        Max -         2.
        ces_hours 21780            PAGE  16, SERIES ces_hours_log_ad

 E 6  Month-to-month differences in seasonally adjusted series (D11)
  From  2007.Feb to 2016.Dec
  Observations        119
 -----------------------------------------------------------------------------
               Jan      Feb      Mar      Apr      May      Jun 
               Jul      Aug      Sep      Oct      Nov      Dec         AVGE  
 -----------------------------------------------------------------------------
  2007                   -0.       0.       1.       0.       0.
                 0.      -0.       0.      -0.      -1.       2.            0.
 
  2008          -0.      -1.       1.      -0.      -0.       0.
                -0.      -0.      -0.       0.      -0.      -0.           -0.
 
  2009          -1.       1.      -1.      -0.      -0.      -0.
                 0.      -0.       0.      -0.       1.       0.            0.
 
  2010          -0.       0.      -0.      -0.       0.      -0.
                -1.       1.      -1.       0.      -0.      -0.           -0.
 
  2011           0.      -0.      -0.       0.      -0.       0.
                -0.      -1.       0.      -0.      -0.       0.           -0.
 
  2012           0.      -0.       0.       1.      -0.      -0.
                -0.       1.       0.      -1.      -0.      -0.           -0.
 
  2013           1.       0.      -0.      -0.      -0.       0.
                 0.       0.       1.      -0.       0.      -1.            0.
 
  2014           0.       0.       0.       0.      -0.       0.
                -0.      -0.      -0.       0.       0.      -0.            0.
 
  2015          -1.       0.       1.       1.      -0.      -0.
                -0.       1.      -2.       0.       0.       0.           -0.
 
  2016           0.       0.      -0.      -0.       0.      -0.
                 0.       0.       1.       0.      -0.       0.            0.
 
  AVGE          -0.      -0.       0.       0.      -0.      -0.
                -0.       0.      -0.      -0.      -0.       0.

  Table Total-          -0.   Mean-        -0.   Std. Dev.-         0.
                              Min -        -2.        Max -         2.
        ces_hours 21780            PAGE  17, SERIES ces_hours_log_ad

 E 7  Month-to-month differences in final trend cycle (D12)
  From  2007.Feb to 2016.Dec
  Observations        119
 -----------------------------------------------------------------------------
               Jan      Feb      Mar      Apr      May      Jun 
               Jul      Aug      Sep      Oct      Nov      Dec         AVGE  
 -----------------------------------------------------------------------------
  2007                    0.       0.       0.       0.       0.
                 0.      -0.      -0.      -0.       0.       0.            0.
 
  2008           0.      -0.      -0.      -0.      -0.      -0.
                -0.      -0.      -0.      -0.      -0.      -0.           -0.
 
  2009          -0.      -0.      -0.      -0.      -0.      -0.
                 0.       0.       0.       0.       0.       0.            0.
 
  2010           0.      -0.      -0.      -0.      -0.      -0.
                -0.      -0.      -0.      -0.      -0.      -0.           -0.
 
  2011          -0.      -0.      -0.      -0.      -0.      -0.
                -0.      -0.      -0.      -0.      -0.      -0.           -0.
 
  2012           0.       0.       0.       0.       0.       0.
                 0.      -0.      -0.      -0.       0.       0.            0.
 
  2013           0.      -0.      -0.      -0.      -0.      -0.
                 0.       0.       0.       0.       0.       0.            0.
 
  2014           0.       0.       0.       0.       0.       0.
                -0.      -0.      -0.       0.       0.       0.            0.
 
  2015           0.       0.       0.       0.       0.      -0.
                -0.      -0.      -0.      -0.      -0.      -0.           -0.
 
  2016          -0.       0.       0.       0.       0.       0.
                 0.       0.       0.       0.       0.       0.            0.
 
  AVGE          -0.       0.       0.       0.       0.       0.
                -0.      -0.      -0.      -0.      -0.      -0.

  Table Total-           0.   Mean-         0.   Std. Dev.-         0.
                              Min -        -0.        Max -         0.
        ces_hours 21780            PAGE  18, SERIES ces_hours_log_ad

 E 8  Month-to-month differences in original series adjusted for calendar factors (A18)
  From  2007.Feb to 2016.Dec
  Observations        119
 -----------------------------------------------------------------------------
               Jan      Feb      Mar      Apr      May      Jun 
               Jul      Aug      Sep      Oct      Nov      Dec         AVGE  
 -----------------------------------------------------------------------------
  2007                   -1.       1.       1.       0.       0.
                 0.      -1.       0.       0.      -0.       2.            0.
 
  2008          -1.      -2.       1.      -0.      -1.       0.
                 0.      -0.      -0.       1.      -0.      -0.           -0.
 
  2009          -1.       0.      -0.       0.      -1.       0.
                 1.      -0.       0.       0.       1.      -0.            0.
 
  2010          -0.      -0.       0.      -0.       0.       0.
                -0.       1.      -1.       1.      -0.      -0.           -0.
 
  2011           0.      -1.      -0.       0.      -0.       0.
                 0.      -1.      -0.       0.      -1.       0.           -0.
 
  2012          -0.      -0.       0.       1.      -0.       0.
                 0.       1.      -0.      -0.      -0.      -0.           -0.
 
  2013           0.       0.       0.       0.      -0.       0.
                 0.       0.       0.      -0.      -0.      -1.            0.
 
  2014          -0.       0.       0.       1.      -0.       1.
                -0.      -0.      -0.       0.      -0.      -0.            0.
 
  2015          -1.       0.       1.       1.      -0.      -0.
                -0.       1.      -2.       1.      -0.      -0.           -0.
 
  2016          -0.       0.      -0.       1.       0.       0.
                 0.      -0.       1.       1.      -0.      -0.            0.
 
  AVGE          -0.      -0.       0.       1.      -0.       0.
                 0.      -0.      -0.       0.      -0.      -0.

  Table Total-          -0.   Mean-        -0.   Std. Dev.-         1.
                              Min -        -2.        Max -         2.
        ces_hours 21780            PAGE  19, SERIES ces_hours_log_ad

 E 18  Final adjustment ratios
  From  2007.Jan to 2016.Dec
  Observations        120
 -----------------------------------------------------------------------------
               Jan      Feb      Mar      Apr      May      Jun 
               Jul      Aug      Sep      Oct      Nov      Dec         AVGE  
 -----------------------------------------------------------------------------
  2007      100.276   98.634   99.182  100.092   98.971   99.451
            100.421   99.871   99.599  101.088  101.511  100.858        99.996
 
  2008      100.225   98.693   99.162  100.026   98.988   99.576
            100.463   99.952   99.590  101.097  101.354  100.800        99.994
 
  2009      100.120   98.768   99.106   99.996   99.017   99.747
            100.497  100.196   99.624  101.128  101.049  100.612        99.988
 
  2010       99.898   98.850   99.089  100.065   99.145   99.951
            100.591  100.417   99.814  100.981  100.707  100.394        99.992
 
  2011       99.584   98.851   99.052  100.167   99.303  100.247
            100.622  100.724  100.011  100.953  100.367  100.097        99.998
 
  2012       99.197   98.737   98.936  100.337   99.587  100.569
            100.800  100.775  100.249  100.757  100.050   99.857        99.988
 
  2013       98.884   98.715   98.914  100.468   99.927  100.812
            100.893  100.746  100.400  100.687   99.856   99.697       100.000
 
  2014       98.617   98.729   98.933  100.505  100.175  100.830
            100.988  100.599  100.501  100.631   99.864   99.652       100.002
 
  2015       98.415   98.720   98.937  100.459  100.378  100.872
            100.995  100.476  100.476  100.718   99.935   99.614       100.000
 
  2016       98.347   98.694   98.863  100.415  100.528  100.915
            101.070  100.412  100.384  100.709   99.986   99.654        99.998
 
  AVGE       99.356   98.739   99.017  100.253   99.602  100.297
            100.734  100.417  100.065  100.875  100.468  100.123

  Table Total-       11999.   Mean-       100.   Std. Dev.-         1.
                              Min -        98.        Max -       102.

 E 18.A  Final adjustment ratio forecasts
  From  2017.Jan to 2017.Dec
  Observations         12
 -----------------------------------------------------------------------------
               Jan      Feb      Mar      Apr      May      Jun 
               Jul      Aug      Sep      Oct      Nov      Dec         AVGE  
 -----------------------------------------------------------------------------
  2017       98.417   98.706   98.849  100.375  100.641  100.893
            101.074  100.383  100.336  100.720   99.970   99.677       100.003
 

  QS statistic for seasonality:
  Original Series                                     1.70  (P-Value =     0.4264)
  Original Series (EV adj)                            1.70  (P-Value =     0.4264)
  Residuals                                           0.00  (P-Value =     1.0000)
  Seasonally Adjusted Series                          0.00  (P-Value =     1.0000)
  Seasonally Adjusted Series (EV adj)                 0.00  (P-Value =     1.0000)
  Irregular Series                                    0.00  (P-Value =     1.0000)
  Irregular Series (EV adj)                           0.00  (P-Value =     1.0000)

  QS statistic for seasonality (starting 2009.Jan):
  Original Series                                     0.55  (P-Value =     0.7590)
  Original Series (EV adj)                            0.55  (P-Value =     0.7590)
  Residuals                                           0.00  (P-Value =     1.0000)
  Seasonally Adjusted Series                          0.00  (P-Value =     1.0000)
  Seasonally Adjusted Series (EV adj)                 0.00  (P-Value =     1.0000)
  Irregular Series                                    0.00  (P-Value =     1.0000)
  Irregular Series (EV adj)                           0.00  (P-Value =     1.0000)


 WARNING: Series should not be a candidate for seasonal adjustment
          because the spectrum of the original series (Table A1 or B1)
          has no visually significant seasonal peaks.

          If this is a component series of an indirectly adjusted
          composite series, consider using type = trend or type = summary
          in the x11 spec.
        ces_hours 21780            PAGE  20, SERIES ces_hours_log_ad
 G 0  10*LOG(SPECTRUM) of the differenced Original Series
      (Table A1 or B1).  Spectrum estimated from 2009.Jan to 2016.Dec.
 ++++++++++I+++++++++++++++++++++++++++++++++++++++++++++++++++++++++++++I
      -0.55I                                                            SI     -0.55
           I                                                            SI
           I                                                            SI
           I                                                            SI
      -1.66I                                                           *SI     -1.66
           I                                                           *SI
           I                                                           *SI
           I                                                           *SI
      -2.76I           *                                               *SI     -2.76
           I           *                                 *             *SI
           I           *               *                 *             *SI
           I          S*               *                 *       *     *SI
      -3.87I          S*               *             *  **       **   **SI     -3.87
           I          S*              **      *      *  **       **   **SI
           I          S*              **      *      *  **       **   **SI
           I          S*      *       **      *     S*T **       **   **SI
      -4.97I          S*      *       **     **     S*T ***      **   **SI     -4.97
           I         *S*      *       **     **     S*T****     T**   **SI
           I         *S*      *       ***    **     S*T****     T**   **SI
           I         *S*      **      ***    **     S*T****     T***  **SI
      -6.07I         *S**     **      ***   ***     S*T****     T*** ***SI     -6.07
           I         *S**     **      ***   ****    S*T****    *T*** ***SI
           I        **S**     **      ***  *****    S*T****    *T*******SI
           I        **S**     **     *****S*****    S*T****    *T*******SI
      -7.18I        **S**     **     *****S*****   *S*T****    *T*******SI     -7.18
           I        **S**     **     *****S*****   *S*T****   S*T*******SI
           I        **S**     **     *****S*****   *S*T*****  S*T*******SI
           I       ***S**     **S    *****S*****   *S*T*****  S*T*******SI
      -8.28I       ***S**    ***S ********S*****   *S*T*****  S*T*******SI     -8.28
           I       ***S**    ***S*********S*****   *S*T***** *S*T*******SI
           I       ***S**    ***S*********S******  *S*T*******S*T*******SI
           I       ***S**    ***S*********S****** **S*T*******S*T*******SI
      -9.39I   *   ***S***   ***S*********S****** **S*T*******S*T*******SI     -9.39
           I   *   ***S***   ***S*********S*********S*T*******S*T*******SI
           I   ** ****S***   ***S*********S*********S*T*******S*T*******SI
           I   ** ****S***   ***S*********S*********S*T*******S*T*******SI
     -10.49I   *******S***   ***S*********S*********S*T*******S*T*******SI    -10.49
           I   *******S***   ***S*********S*********S*T*******S*T*******SI
           I   *******S***  ****S*********S*********S*T*******S*T*******SI
           I   *******S***  ****S*********S*********S*T*******S*T*******SI
     -11.59I  ********S**** ****S*********S*********S*T*******S*T*******SI    -11.59
           I  ********S**** ****S*********S*********S*T*******S*T*******SI
           I  ********S*********S*********S*********S*T*******S*T*******SI
           I  ********S*********S*********S*********S*T*******S*T*******SI
     -12.70I  ********S*********S*********S*********S*T*******S*T*******SI    -12.70
           I  ********S*********S*********S*********S*T*******S*T*******SI
           I  ********S*********S*********S*********S*T*******S*T*******SI
           I  ********S*********S*********S*********S*T*******S*T*******SI
     -13.80I  ********S*********S*********S*********S*T*******S*T*******SI    -13.80
           I *********S*********S*********S*********S*T*******S*T*******SI
           I *********S*********S*********S*********S*T*******S*T*******SI
           I *********S*********S*********S*********S*T*******S*T*******SI
     -14.91I**********S*********S*********S*********S*T*******S*T*******SI    -14.91
 ++++++++++I+++++++++++++++++++++++++++++++++++++++++++++++++++++++++++++I
            S=SEASONAL FREQUENCIES, T=TRADING DAY FREQUENCIES
        ces_hours 21780            PAGE  21, SERIES ces_hours_log_ad
 G 1  10*LOG(SPECTRUM) of the differenced seasonally adjusted 
      data (Table E2).  Spectrum estimated from 2009.Jan to 2016.Dec.
 ++++++++++I+++++++++++++++++++++++++++++++++++++++++++++++++++++++++++++I
      -3.46I                                                      *      I     -3.46
           I                                                      *      I
           I                                                      *      I
           I                                           *          **     I
      -4.57I                                           *          **     I     -4.57
           I                          *                *          **     I
           I                          *                *          **     I
           I                          *                *          **     I
      -5.68I                          *                *  *       **     I     -5.68
           I                          *                *  *       **     I
           I                 *        *      *         *  *       **     I
           I             *   *        *      *         *  *       **     I
      -6.79I             *   *        *      *         *  *      ***     I     -6.79
           I             *   *        *      *         *  *      ***     I
           I        *    *   *        *      *        T*  *      ***     I
           I        *    *   *        *      *        T****      ***     I
      -7.90I        *    *   *        *      *        T****     T***     I     -7.90
           I    *   *    *   *        *      *        T*****    T***     I
           I    *   *    *   *        *      *        T*****    T***     I
           I    *   *    *   *        *      *        T*****    T***     I
      -9.01I    *  **    *   *        *      *        T*****    T***     I     -9.01
           I    *  **    *   *    *   *      *    *   T*****    T***     I
           I   **  **    *   *    *   *      *    *   T*****   *T***     I
           I   **  **    *   *    *   **    ***   *   T*****   *T***     I
     -10.12I   **  **    *   *    *   **    ***  **   T*****   *T****    I    -10.12
           I   **  **    *   *    *   **    ***  **   T*****   *T****    I
           I   **  **    *   *    *   **    ***  **   T*****   *T****    I
           I   *** **    *   **   *  ***    ***  **   T*****  S*T****    I
     -11.23I   *** **    *   **   ** ***    ***  **  *T****** S*T****    I    -11.23
           I   *** **   **   **   ** ***    ***  *** *T****** S*T****    I
           I   ******   **   **   ** ***    ***  *** *T****** S*T****    I
           I   ******   **   **   ** ***    ***  *** *T*******S*T****    I
     -12.34I  *******   **   **   ** ***    ********S*T*******S*T****    I    -12.34
           I  *******   *** ***   ** ***    ********S*T*******S*T****    I
           I  *******   *** ***   ******    ********S*T*******S*T****    I
           I  ********  *** ***  *******    ********S*T*******S*T****    I
     -13.45I  ********  *** ***  *******    ********S*T*******S*T****    I    -13.45
           I *********  *** ***  *******    ********S*T*******S*T****    I
           I**********  *** ***  *******    ********S*T*******S*T*****   I
           I**********  *** ***  *******   *********S*T*******S*T*****   I
     -14.56I**********  *******  *******   *********S*T*******S*T*****   I    -14.56
           I**********  *******  ********  *********S*T*******S*T*****   I
           I**********  ******** ********  *********S*T*******S*T*****   I
           I**********  ******** ********  *********S*T*******S*T*****   I
     -15.67I********** *********S********  *********S*T*******S*T*****   I    -15.67
           I********** *********S********  *********S*T*******S*T*****   I
           I**********S*********S******** S*********S*T*******S*T******  I
           I**********S*********S*********S*********S*T*******S*T******  I
     -16.78I**********S*********S*********S*********S*T*******S*T******  I    -16.78
           I**********S*********S*********S*********S*T*******S*T******  I
           I**********S*********S*********S*********S*T*******S*T******  I
           I**********S*********S*********S*********S*T*******S*T******* I
     -17.89I**********S*********S*********S*********S*T*******S*T*******SI    -17.89
 ++++++++++I+++++++++++++++++++++++++++++++++++++++++++++++++++++++++++++I
            S=SEASONAL FREQUENCIES, T=TRADING DAY FREQUENCIES
        ces_hours 21780            PAGE  22, SERIES ces_hours_log_ad
 G 2  10*LOG(SPECTRUM) of the Modified Irregular (Table E3).  
      Spectrum estimated from 2009.Jan to 2016.Dec.
 ++++++++++I+++++++++++++++++++++++++++++++++++++++++++++++++++++++++++++I
      -6.40I                          *                                  I     -6.40
           I                          *                                  I
           I                          *                                  I
           I                          *                                  I
      -8.30I                          *                                  I     -8.30
           I                 *        *                                  I
           I                 *        *                *          *      I
           I                 *        *                *          *      I
     -10.21I                 *    *   *      *         *          **     I    -10.21
           I                 *    *   *      *         *          **     I
           I                 *    *   *      *         *  *       **     I
           I                 *    *   **     *        T*  *       **     I
     -12.11I                 **   *   **     *        T*  *      ***     I    -12.11
           I                 **   **  **     *        T*  *      ***     I
           I                 **   ** ***    **        T*  **     ***     I
           I                 **   ** ***    **        T*****    T***     I
     -14.02I             *   **   ** ***    ***       T*****    T***     I    -14.02
           I             *   **   ** ***    ***   *   T*****    T***     I
           I             *   **   ******    ***   *   T*****    T***     I
           I             *   **  *******    ***  **  *T*****   *T***     I
     -15.92I             *  ***  *******    ***  *** *T*****   *T****    I    -15.92
           I            *** ***  ********  ****  *** *T******  *T****    I
           I            *** ***  ********  ***** ***S*T****** S*T****    I
           I            *** **** ********  *********S*T*******S*T****    I
     -17.83I            ********S********  *********S*T*******S*T****    I    -17.83
           I    **    S*********S*********S*********S*T*******S*T****    I
           I    **    S*********S*********S*********S*T*******S*T****    I
           I    **    S*********S*********S*********S*T*******S*T****    I
     -19.74I    **   *S*********S*********S*********S*T*******S*T*****   I    -19.74
           I    **   *S*********S*********S*********S*T*******S*T*****   I
           I    **   *S*********S*********S*********S*T*******S*T*****   I
           I    **   *S*********S*********S*********S*T*******S*T*****   I
     -21.64I    **   *S*********S*********S*********S*T*******S*T*****   I    -21.64
           I    **  **S*********S*********S*********S*T*******S*T******  I
           I    *** **S*********S*********S*********S*T*******S*T******  I
           I    *** **S*********S*********S*********S*T*******S*T******* I
     -23.55I    ******S*********S*********S*********S*T*******S*T*******SI    -23.55
           I    ******S*********S*********S*********S*T*******S*T*******SI
           I    ******S*********S*********S*********S*T*******S*T*******SI
           I   *******S*********S*********S*********S*T*******S*T*******SI
     -25.45I   *******S*********S*********S*********S*T*******S*T*******SI    -25.45
           I   *******S*********S*********S*********S*T*******S*T*******SI
           I   *******S*********S*********S*********S*T*******S*T*******SI
           I   *******S*********S*********S*********S*T*******S*T*******SI
     -27.36I   *******S*********S*********S*********S*T*******S*T*******SI    -27.36
           I   *******S*********S*********S*********S*T*******S*T*******SI
           I   *******S*********S*********S*********S*T*******S*T*******SI
           I  ********S*********S*********S*********S*T*******S*T*******SI
     -29.26I  ********S*********S*********S*********S*T*******S*T*******SI    -29.26
           I  ********S*********S*********S*********S*T*******S*T*******SI
           I  ********S*********S*********S*********S*T*******S*T*******SI
           I *********S*********S*********S*********S*T*******S*T*******SI
     -31.17I**********S*********S*********S*********S*T*******S*T*******SI    -31.17
 ++++++++++I+++++++++++++++++++++++++++++++++++++++++++++++++++++++++++++I
            S=SEASONAL FREQUENCIES, T=TRADING DAY FREQUENCIES
        ces_hours 21780            PAGE  23, SERIES ces_hours_log_ad

  Peak probabilities for Tukey spectrum estimator
  Spectrum estimated from 2009.Jan to 2016.Dec.

                                          S1       S2       S3       S4       S5       S6       TD
                                        ------   ------   ------   ------   ------   ------   ------
  Model Residuals                        0.074    0.659    0.734    0.281    0.437    0.282    0.861  
  Original Series (Table A1 or B1)       0.931*   0.492    0.622    0.807    0.428    0.732    0.297  
  Seasonally adjusted series (E2)        0.081    0.128    0.175    0.181    0.331    0.585    0.766  
  Modified Irregular (E3)                0.305    0.098    0.150    0.232    0.333    0.594    0.837  
  ----------
     ** - Peak Probability > 0.99,
      * - 0.90 < Peak Probability < 0.99


