  Reading input spec file from D:\Programming\Dynamic Paper-dlrhcs_replication\outputs\empirical\unemployment\raw_sa_pilot\x13_work\ces_hours_log_additive_38540_200701_201612.spc

1

               U. S. Department of Commerce, U. S. Census Bureau

              X-13ARIMA-SEATS monthly seasonal adjustment Method,
                          Release Version 1.1 Build 62


           This software application provides an enhanced version of
             Statistics Canada's X-11-ARIMA extension (Dagum, 1980)
                 of the X-11 variant of the Census Method II of
                      Shiskin, Young and Musgrave (1967).

            It also provides an ARIMA model-based method following
       Hillmer and Tiao (1982) and Burman (1980) that is very similar
       to the update of the method of SEATS (Gomez and Maravall, 1996)
                produced at the Bank of Spain by G. Caporello and
               A. Maravall for TSW (Caporello and Maravall, 2004).
          The present application includes additional enhancements.

         X-13ARIMA-SEATS includes an automatic ARIMA model selection procedure
          based largely on the procedure of Gomez and Maravall (1998)
            as implemented in TRAMO (1996) and subsequent revisions.

              Primary Programmers: Brian Monsell, Mark Otto and,
                 for the ARIMA model-based signal extraction,
                      Gianluca Caporello and Victor Gomez


     Series Title- ces_hours 38540
     Series Name- ces_hours_log_ad
     Jul 29, 2026  08.43.09 

        -Period covered-  1st month,2007 to 12th month,2016
        -Type of run - additive seasonal adjustment

        -Sigma limits for graduating extreme values are  1.5 and  2.5 .
        -3x3 moving average used in section 1 of each iteration, 
         3x5 moving average in section 2 of iterations B and C,
         moving average for final seasonal factors chosen by Global MSR.
        -Holiday adjustment factors applied directly to the final seasonally adjusted series
        -Spectral plots generated for selected series
        -Spectral plots generated for series starting in 2009.Jan

 FILE SAVE REQUESTS (* indicates file exists and will be overwritten)
  D:\Programming\Dynamic Paper-dlrhcs_replication\outputs\empirical\unemployment\raw_sa_pilot\x13_work\ces_hours_log_additive_38540_200701_201612.d10  final seasonal factors
  D:\Programming\Dynamic Paper-dlrhcs_replication\outputs\empirical\unemployment\raw_sa_pilot\x13_work\ces_hours_log_additive_38540_200701_201612.d11  final seasonally adjusted data
  D:\Programming\Dynamic Paper-dlrhcs_replication\outputs\empirical\unemployment\raw_sa_pilot\x13_work\ces_hours_log_additive_38540_200701_201612.out  program output file
  D:\Programming\Dynamic Paper-dlrhcs_replication\outputs\empirical\unemployment\raw_sa_pilot\x13_work\ces_hours_log_additive_38540_200701_201612.err  program error file
        ces_hours 38540            PAGE   1, SERIES ces_hours_log_ad

     Contents of spc file D:\Programming\Dynamic Paper-dlrhcs_replication\outputs\empirical\unemployment\raw_sa_pilot\x13_work\ces_hours_log_additive_38540_200701_201612.spc

 Line #
 ------
      1: series {
      2:   title = "ces_hours 38540"
      3:   start = 2007.1
      4:   period = 12
      5:   data = (
      6: 35.4
      7: 33
      8: 29.4
      9: 30.5
     10: 29.9
     11: 30.9
     12: 30.7
     13: 30.4
     14: 30.2
     15: 30.4
     16: 29.8
     17: 31.1
     18: 30
     19: 28.1
     20: 29
     21: 29.6
     22: 31.8
     23: 32.5
     24: 33.3
     25: 33
     26: 32.2
     27: 31.4
     28: 30.4
     29: 30.9
     30: 32.8
     31: 30.5
     32: 31.5
     33: 30.4
     34: 32.4
     35: 29.9
     36: 30.4
     37: 31.6
     38: 28.6
     39: 30
     40: 29.6
     41: 29.3
     42: 30.7
     43: 30.1
     44: 29.5
     45: 29.5
     46: 30.9
     47: 30.1
     48: 29.9
     49: 30.4
     50: 30.3
     51: 30
     52: 30.5
     53: 31.3
     54: 31.4
     55: 31.5
     56: 31.7
     57: 32.8
     58: 32.6
     59: 32.8
     60: 32.2
     61: 32.2
     62: 32
     63: 32.8
     64: 32.8
     65: 34
     66: 34.9
     67: 34
     68: 33.1
     69: 34.2
     70: 34
     71: 34.2
     72: 34.7
     73: 34.7
     74: 35.5
     75: 35.1
     76: 34.5
     77: 35
     78: 32.6
     79: 34.5
     80: 32.9
     81: 33.2
     82: 33.4
     83: 34.4
     84: 32.1
     85: 33.2
     86: 32.9
     87: 32.8
     88: 32.1
     89: 31.4
     90: 31.1
     91: 31.1
     92: 31.9
     93: 32.1
     94: 32.8
     95: 33.9
     96: 33.4
     97: 33.3
     98: 33.5
     99: 33.4
    100: 34
    101: 32.9
    102: 31.9
    103: 32.4
    104: 32.3
    105: 31.9
    106: 32.3
    107: 31.6
    108: 32.3
    109: 33.5
    110: 32.1
    111: 30.8
    112: 31.2
    113: 32
    114: 31.4
    115: 31
    116: 31.3
    117: 31.5
    118: 32.7
    119: 32.9
    120: 32.1
    121: 31.3
    122: 30.7
    123: 30.7
    124: 30.3
    125: 30.4
    126:   )
    127: }
    128: transform { function = log }
    129: regression { aictest = (td easter) }
    130: automdl {}
    131: x11 { mode = add save = (d10 d11) }
        ces_hours 38540            PAGE   2, SERIES ces_hours_log_ad

 A 1  Time series data (for the span analyzed)
  From  2007.Jan to 2016.Dec
  Observations        120
 -----------------------------------------------------------------------------
               Jan      Feb      Mar      Apr      May      Jun 
               Jul      Aug      Sep      Oct      Nov      Dec        TOTAL  
 -----------------------------------------------------------------------------
  2007          35.      33.      29.      31.      30.      31.
                31.      30.      30.      30.      30.      31.          372.
 
  2008          30.      28.      29.      30.      32.      33.
                33.      33.      32.      31.      30.      31.          372.
 
  2009          33.      31.      32.      30.      32.      30.
                30.      32.      29.      30.      30.      29.          367.
 
  2010          31.      30.      30.      30.      31.      30.
                30.      30.      30.      30.      31.      31.          363.
 
  2011          31.      32.      32.      33.      33.      33.
                32.      32.      32.      33.      33.      34.          389.
 
  2012          35.      34.      33.      34.      34.      34.
                35.      35.      36.      35.      35.      35.          414.
 
  2013          33.      35.      33.      33.      33.      34.
                32.      33.      33.      33.      32.      31.          396.
 
  2014          31.      31.      32.      32.      33.      34.
                33.      33.      34.      33.      34.      33.          393.
 
  2015          32.      32.      32.      32.      32.      32.
                32.      34.      32.      31.      31.      32.          384.
 
  2016          31.      31.      31.      32.      33.      33.
                32.      31.      31.      31.      30.      30.          376.
 
  AVGE          32.      32.      31.      32.      32.      32.
                32.      32.      32.      32.      32.      32.

  Table Total-        3826.   Mean-        32.   Std. Dev.-         2.
                              Min -        28.        Max -        36.
        ces_hours 38540            PAGE   3, SERIES ces_hours_log_ad
                        Automatic ARIMA Model Selection

                    Procedure based closely on TRAMO method 
                         of Gomez and Maravall (2000)
              "Automatic Modeling Methods for Univariate Series",
                            A Course in Time Series
                  (Edited by D. Pena, G. C. Tiao, R. S. Tsay),
                         New York : J. Wiley and Sons


     Maximum order for regular ARMA parameters :   2
     Maximum order for seasonal ARMA parameters :   1
     Maximum order for regular differencing :   2
     Maximum order for seasonal differencing :   1

   Results of Unit Root Test for identifying orders of differencing:
     Regular difference order :   1
     Seasonal difference order :   0

     Mean is not significant.

  Automatic model choice : (0 1 1)


  Final Checks for Identified Model


  Checking for Unit Roots.
   No unit roots found.

  Checking for nonseasonal overdifferencing.
   Nonseasonal MA not within  0.001 of 1.0 - model passes test.

  Checking for insignificant ARMA coefficients.

  Final automatic model choice : (0 1 1)
   End of automatic model selection procedure.

 Average absolute percentage error in within-sample forecasts:
  Last year:   2.58      Last-1 year:   3.81     Last-2 year:   3.89
  Last three years:    3.43

 Estimation converged in    7 ARMA iterations,   15 function evaluations.

 ARIMA Model:  (0 1 1)
   Nonseasonal differences: 1
                                              Standard
 Parameter                    Estimate          Errors
 -----------------------------------------------------
 Nonseasonal MA                                    
   Lag  1                       0.3095         0.08131

 Variance                       0.97345E-03
 SE of Var                      0.12620E-03
 -----------------------------------------------------

 Likelihood Statistics
 ------------------------------------------------------------------
 Number of observations (nobs)                                  120
 Effective number of observations (nefobs)                      119
 Number of parameters estimated (np)                              2
 Log likelihood                                            243.7084
 Transformation Adjustment                                -411.7425
 Adjusted Log likelihood (L)                              -168.0341
 AIC                                                       340.0681 
 AICC (F-corrected-AIC)                                    340.1716 
 Hannan Quinn                                              342.3252 
 BIC                                                       345.6264 
 ------------------------------------------------------------------

 QS Statistic for regARIMA Model Residuals (full series):             2.33
                                                       (P-Value =     0.3119)

 QS Statistic for regARIMA Model Residuals (starting 2009.Jan):       1.13
                                                       (P-Value =     0.5690)
      10*LOG(SPECTRUM) of the regARIMA model residuals
      Spectrum estimated from 2009.Jan to 2016.Dec.
 ++++++++++I+++++++++++++++++++++++++++++++++++++++++++++++++++++++++++++I
     -26.80I                                    *                        I    -26.80
           I                                    *                        I
           I                                    *                        I
           I                                    *                        I
     -27.75I           *                        **   *                   I    -27.75
           I           *                        **   *                   I
           I           *                        **   *                   I
           I           *                        **   *                   I
     -28.70I           *                        **  S*           *       I    -28.70
           I           *                        **  S*        S  *     *SI
           I           *                        **  S*        S  **    *SI
           I           *                        **  S*        S* **    *SI
     -29.64I           *                        **  S*        S*T**    *SI    -29.64
           I           *                        **  S*    *  *S*T**    *SI
           I           *                 *      **  S*    *  *S*T**   **SI
           I           *               * *      **  S*    *  *S*T**   **SI
     -30.59I           *               * *S     **  S*    *  *S*T**   **SI    -30.59
           I          S*              ****S     **  S*    ** *S*T**   **SI
           I          S*              ****S     **  S*    ****S*T**   **SI
           I          S*              ****S     **  S*   *****S*T**   **SI
     -31.54I          S*              ****S     **  S*T  *****S*T***  **SI    -31.54
           I          S**             ****S     ** *S*T  *****S*T*** ***SI
           I          S**             ****S     ****S*T  *****S*T*** ***SI
           I          S**        *    ****S     ****S*T  *****S*T*** ***SI
     -32.49I          S**        *    ****S     ****S*T  *****S*T*******SI    -32.49
           I  **      S**       S*    ****S     ****S*T  *****S*T*******SI
           I  **      S**       S**  *****S     ****S*T  *****S*T*******SI
           I  **      S** *     S**  *****S     ****S*T  *****S*T*******SI
     -33.44I  **      S****     S**  *****S     ****S*T ******S*T*******SI    -33.44
           I  **      S*****    S**  *****S     ****S*T ******S*T*******SI
           I  *****   S*****    S*********S     ****S*T*******S*T*******SI
           I  *****   S*****    S*********S     ****S*T*******S*T*******SI
     -34.39I  *****   S*****   *S*********S     ****S*T*******S*T*******SI    -34.39
           I ******   S*****   *S*********S    *****S*T*******S*T*******SI
           I ******  *S*****   *S*********S*   *****S*T*******S*T*******SI
           I ******  *S*****   *S*********S*   *****S*T*******S*T*******SI
     -35.34I ******* *S*****   *S*********S*   *****S*T*******S*T*******SI    -35.34
           I ******* *S******  *S*********S*   *****S*T*******S*T*******SI
           I******** *S******  *S*********S*   *****S*T*******S*T*******SI
           I******** *S****** **S*********S*   *****S*T*******S*T*******SI
     -36.29I**********S****** **S*********S*   *****S*T*******S*T*******SI    -36.29
           I**********S*********S*********S*   *****S*T*******S*T*******SI
           I**********S*********S*********S*   *****S*T*******S*T*******SI
           I**********S*********S*********S*   *****S*T*******S*T*******SI
     -37.23I**********S*********S*********S*   *****S*T*******S*T*******SI    -37.23
           I**********S*********S*********S*   *****S*T*******S*T*******SI
           I**********S*********S*********S*   *****S*T*******S*T*******SI
           I**********S*********S*********S*   *****S*T*******S*T*******SI
     -38.18I**********S*********S*********S** ******S*T*******S*T*******SI    -38.18
           I**********S*********S*********S** ******S*T*******S*T*******SI
           I**********S*********S*********S** ******S*T*******S*T*******SI
           I**********S*********S*********S** ******S*T*******S*T*******SI
     -39.13I**********S*********S*********S*********S*T*******S*T*******SI    -39.13
 ++++++++++I+++++++++++++++++++++++++++++++++++++++++++++++++++++++++++++I
            S=SEASONAL FREQUENCIES, T=TRADING DAY FREQUENCIES


 FORECASTING
  Origin  2016.Dec
  Number        12

  Forecasts and Standard Errors of the Transformed Data
   ------------------------------
                         Standard
       Date   Forecast      Error
   ------------------------------
   2017.Jan       3.41      0.031
   2017.Feb       3.41      0.038
   2017.Mar       3.41      0.044
   2017.Apr       3.41      0.049
   2017.May       3.41      0.053
   2017.Jun       3.41      0.057
   2017.Jul       3.41      0.061
   2017.Aug       3.41      0.065
   2017.Sep       3.41      0.068
   2017.Oct       3.41      0.072
   2017.Nov       3.41      0.075
   2017.Dec       3.41      0.078
   ------------------------------

  Confidence intervals with coverage probability ( 0.95000
  On the Original Scale
   ---------------------------------------
       Date      Lower  Forecast     Upper
   ---------------------------------------
   2017.Jan      28.61     30.42     32.33
   2017.Feb      28.24     30.42     32.76
   2017.Mar      27.92     30.42     33.13
   2017.Apr      27.65     30.42     33.46
   2017.May      27.40     30.42     33.76
   2017.Jun      27.18     30.42     34.04
   2017.Jul      26.97     30.42     34.30
   2017.Aug      26.78     30.42     34.55
   2017.Sep      26.60     30.42     34.78
   2017.Oct      26.42     30.42     35.01
   2017.Nov      26.26     30.42     35.23
   2017.Dec      26.11     30.42     35.44
   ---------------------------------------
        ces_hours 38540            PAGE   4, SERIES ces_hours_log_ad

 B 1  Original series (prior adjusted)
  From  2007.Jan to 2016.Dec
  Observations        120
 -----------------------------------------------------------------------------
               Jan      Feb      Mar      Apr      May      Jun 
               Jul      Aug      Sep      Oct      Nov      Dec        TOTAL  
 -----------------------------------------------------------------------------
  2007          35.      33.      29.      31.      30.      31.
                31.      30.      30.      30.      30.      31.          372.
 
  2008          30.      28.      29.      30.      32.      33.
                33.      33.      32.      31.      30.      31.          372.
 
  2009          33.      31.      31.      30.      32.      30.
                30.      32.      29.      30.      30.      29.          367.
 
  2010          31.      30.      30.      30.      31.      30.
                30.      30.      30.      30.      31.      31.          363.
 
  2011          31.      31.      32.      33.      33.      33.
                32.      32.      32.      33.      33.      34.          389.
 
  2012          35.      34.      33.      34.      34.      34.
                35.      35.      36.      35.      35.      35.          414.
 
  2013          33.      35.      33.      33.      33.      34.
                32.      33.      33.      33.      32.      31.          395.
 
  2014          31.      31.      32.      32.      33.      34.
                33.      33.      34.      33.      34.      33.          393.
 
  2015          32.      32.      32.      32.      32.      32.
                32.      34.      32.      31.      31.      32.          384.
 
  2016          31.      31.      31.      31.      33.      33.
                32.      31.      31.      31.      30.      30.          376.
 
  AVGE          32.      32.      31.      32.      32.      32.
                32.      32.      32.      32.      32.      32.

  Table Total-        3826.   Mean-        32.   Std. Dev.-         2.
                              Min -        28.        Max -        36.

 B 1.A  Forecasts of (prior adjusted) original series
  From  2017.Jan to 2017.Dec
  Observations         12
 -----------------------------------------------------------------------------
               Jan      Feb      Mar      Apr      May      Jun 
               Jul      Aug      Sep      Oct      Nov      Dec        TOTAL  
 -----------------------------------------------------------------------------
  2017          30.      30.      30.      30.      30.      30.
                30.      30.      30.      30.      30.      30.          365.
 
        ces_hours 38540            PAGE   5, SERIES ces_hours_log_ad

 C 17  Final weights for irregular component
  From  2007.Jan to 2016.Dec
  Observations        120
  Lower sigma limit    1.50
  Upper sigma limit    2.50
 -----------------------------------------------------------------------------
               Jan      Feb      Mar      Apr      May      Jun 
               Jul      Aug      Sep      Oct      Nov      Dec         S.D.  
 -----------------------------------------------------------------------------
  2007           0.      57.       0.     100.      31.     100.
               100.     100.     100.     100.     100.       0.           56.
 
  2008         100.      32.     100.     100.     100.     100.
               100.     100.     100.     100.     100.     100.           56.
 
  2009         100.     100.     100.     100.      78.      75.
               100.      51.       7.     100.     100.     100.           56.
 
  2010         100.     100.     100.     100.     100.     100.
               100.     100.     100.     100.     100.     100.           48.
 
  2011         100.     100.     100.      97.     100.     100.
               100.     100.     100.     100.     100.     100.           47.
 
  2012           0.     100.     100.     100.     100.     100.
               100.     100.     100.     100.     100.     100.           37.
 
  2013           0.      73.     100.     100.     100.     100.
                 0.     100.     100.     100.     100.     100.           42.
 
  2014         100.     100.     100.     100.     100.     100.
               100.     100.     100.     100.      25.     100.           41.
 
  2015         100.     100.     100.     100.     100.       0.
               100.       0.     100.       0.     100.     100.           39.
 
  2016         100.     100.     100.     100.     100.     100.
               100.     100.     100.     100.     100.     100.           39.
 
        ces_hours 38540            PAGE   6, SERIES ces_hours_log_ad

 D 8  Final unmodified SI ratios
  From  2007.Jan to 2016.Dec
  Observations        120
 -----------------------------------------------------------------------------
               Jan      Feb      Mar      Apr      May      Jun 
               Jul      Aug      Sep      Oct      Nov      Dec         AVGE  
 -----------------------------------------------------------------------------
  2007           2.       0.      -3.      -1.      -1.       1.
                 1.       0.       0.       0.      -0.       1.            0.
 
  2008           0.      -2.      -1.      -1.       1.       1.
                 1.       1.       0.      -0.      -1.      -1.           -0.
 
  2009           1.      -1.       0.      -1.       2.      -1.
                 0.       1.      -2.      -0.      -1.      -1.           -0.
 
  2010           1.       0.      -0.      -0.       1.       0.
                -0.       0.      -0.      -1.      -0.       0.            0.
 
  2011           0.      -0.      -0.       1.       0.       0.
                -0.      -0.      -1.       0.      -0.       1.            0.
 
  2012           1.       0.      -1.       0.      -0.      -0.
                 0.       0.       1.       0.      -0.       0.            0.
 
  2013          -2.       0.      -1.      -0.      -0.       1.
                -1.       0.       0.       1.       0.      -0.           -0.
 
  2014          -1.      -1.      -0.      -0.       0.       1.
                 0.       0.       0.       0.       1.      -0.            0.
 
  2015          -1.      -0.      -0.      -0.       0.      -0.
                 0.       2.       0.      -1.      -1.       0.           -0.
 
  2016          -0.      -1.      -1.      -0.       1.       1.
                 1.       0.      -0.      -0.      -0.      -0.           -0.
 
  AVGE           0.      -0.      -1.      -0.       0.       0.
                 0.       1.      -0.      -0.      -0.      -0.

  Table Total-          -1.   Mean-        -0.   Std. Dev.-         1.
                              Min -        -3.        Max -         2.
        ces_hours 38540            PAGE   7, SERIES ces_hours_log_ad

 D 8.B  Final unmodified SI ratios, with labels for outliers and extreme values
  From  2007.Jan to 2016.Dec
  Observations        120
 ---------------------------------------------------------------------
               Jan       Feb       Mar       Apr       May       Jun  
               Jul       Aug       Sep       Oct       Nov       Dec  
 ---------------------------------------------------------------------
  2007          2.*       0.*      -3.*      -1.       -1.*       1.  
                1.        0.        0.        0.       -0.        1.* 
 
  2008          0.       -2.*      -1.       -1.        1.        1.  
                1.        1.        0.       -0.       -1.       -1.  
 
  2009          1.       -1.        0.       -1.        2.*      -1.* 
                0.        1.*      -2.*      -0.       -1.       -1.  
 
  2010          1.        0.       -0.       -0.        1.        0.  
               -0.        0.       -0.       -1.       -0.        0.  
 
  2011          0.       -0.       -0.        1.*       0.        0.  
               -0.       -0.       -1.        0.       -0.        1.  
 
  2012          1.*       0.       -1.        0.       -0.       -0.* 
                0.        0.        1.        0.       -0.        0.  
 
  2013         -2.*       0.*      -1.       -0.       -0.        1.  
               -1.*       0.        0.        1.        0.       -0.  
 
  2014         -1.       -1.       -0.       -0.        0.        1.  
                0.        0.        0.        0.        1.*      -0.  
 
  2015         -1.       -0.       -0.       -0.        0.       -0.* 
                0.        2.*       0.       -1.*      -1.        0.  
 
  2016         -0.       -1.       -1.       -0.        1.        1.  
                1.        0.       -0.       -0.       -0.       -0.  
 

  Key to symbols:
    *  : extreme value as determined by X-11 extreme value procedure
 
        ces_hours 38540            PAGE   8, SERIES ces_hours_log_ad

 D 9  Final replacement values for SI ratios
  From  2007.Jan to 2016.Dec
  Observations        120
 ---------------------------------------------------------------
               Jan      Feb      Mar      Apr      May      Jun 
               Jul      Aug      Sep      Oct      Nov      Dec 
 ---------------------------------------------------------------
  2007           1.      -0.      -1. ********       0. ********
           ******** ******** ******** ******** ********      -0.
 
  2008     ********      -1. ******** ******** ******** ********
           ******** ******** ******** ******** ******** ********
 
  2009     ******** ******** ******** ********       1.      -0.
           ********       1.      -0. ******** ******** ********
 
  2010     ******** ******** ******** ******** ******** ********
           ******** ******** ******** ******** ******** ********
 
  2011     ******** ******** ********       1. ******** ********
           ******** ******** ******** ******** ******** ********
 
  2012           0. ******** ******** ******** ********      -0.
           ******** ******** ******** ******** ******** ********
 
  2013          -0.       0. ******** ******** ******** ********
                 0. ******** ******** ******** ******** ********
 
  2014     ******** ******** ******** ******** ******** ********
           ******** ******** ******** ********       0. ********
 
  2015     ******** ******** ******** ******** ********       1.
           ********       0. ********       0. ******** ********
 
  2016     ******** ******** ******** ******** ******** ********
           ******** ******** ******** ******** ******** ********
 

 D 9.A  Moving seasonality ratio
 ---------------------------------------------------------------
               Jan      Feb      Mar      Apr      May      Jun 
 ---------------------------------------------------------------
   I          0.424    0.491    0.447    0.333    0.426    0.422
   S          0.170    0.105    0.064    0.097    0.083    0.097
 RATIO        2.487    4.690    6.982    3.450    5.114    4.346



 ---------------------------------------------------------------
               Jul      Aug      Sep      Oct      Nov      Dec 
 ---------------------------------------------------------------
   I          0.302    0.292    0.377    0.360    0.398    0.488
   S          0.093    0.080    0.057    0.047    0.053    0.100
 RATIO        3.255    3.661    6.666    7.728    7.573    4.871



        ces_hours 38540            PAGE   9, SERIES ces_hours_log_ad

 D 10  Final seasonal factors
  From  2007.Jan to 2016.Dec
  Observations        120
  Seasonal filter    3 x 5 moving average
 -----------------------------------------------------------------------------
               Jan      Feb      Mar      Apr      May      Jun 
               Jul      Aug      Sep      Oct      Nov      Dec         AVGE  
 -----------------------------------------------------------------------------
  2007           1.      -1.      -1.      -1.       1.       0.
                 1.       1.      -0.      -0.      -1.      -1.           -0.
 
  2008           1.      -0.      -0.      -1.       1.       0.
                 1.       1.      -0.      -0.      -1.      -0.            0.
 
  2009           1.      -0.      -0.      -0.       1.       0.
                 0.       0.      -0.      -0.      -1.      -0.            0.
 
  2010           0.      -0.      -0.      -0.       1.       0.
                 0.       0.      -0.      -0.      -0.      -0.            0.
 
  2011           0.      -0.      -0.      -0.       0.       0.
                 0.       0.       0.      -0.      -0.       0.            0.
 
  2012          -0.      -0.      -1.      -0.       0.       0.
                 0.       0.       0.       0.      -0.       0.            0.
 
  2013          -0.      -0.      -1.      -0.       0.       1.
                 0.       0.       0.       0.      -0.       0.            0.
 
  2014          -1.      -0.      -1.      -0.       0.       1.
                 0.       0.       0.       0.      -0.      -0.            0.
 
  2015          -1.      -0.      -0.      -0.       0.       1.
                 0.       0.       0.       0.      -0.      -0.           -0.
 
  2016          -1.      -1.      -0.      -0.       0.       1.
                 0.       0.       0.       0.      -0.      -0.           -0.
 
  AVGE           0.      -0.      -0.      -0.       0.       1.
                 0.       0.       0.      -0.      -0.      -0.

  Table Total-           1.   Mean-         0.   Std. Dev.-         0.
                              Min -        -1.        Max -         1.

 D 10.A  Final seasonal component forecasts
  From  2017.Jan to 2017.Dec
  Observations         12
 -----------------------------------------------------------------------------
               Jan      Feb      Mar      Apr      May      Jun 
               Jul      Aug      Sep      Oct      Nov      Dec         AVGE  
 -----------------------------------------------------------------------------
  2017          -1.      -1.      -0.      -0.       0.       1.
                 0.       0.       0.       0.      -0.      -0.           -0.
 
        ces_hours 38540            PAGE  10, SERIES ces_hours_log_ad

 D 11  Final seasonally adjusted data
  From  2007.Jan to 2016.Dec
  Observations        120
 -----------------------------------------------------------------------------
               Jan      Feb      Mar      Apr      May      Jun 
               Jul      Aug      Sep      Oct      Nov      Dec        TOTAL  
 -----------------------------------------------------------------------------
  2007          35.      34.      30.      31.      29.      30.
                30.      30.      30.      31.      30.      32.          372.
 
  2008          29.      29.      29.      30.      31.      32.
                33.      32.      32.      32.      31.      31.          372.
 
  2009          32.      31.      32.      31.      32.      30.
                30.      31.      29.      30.      30.      30.          367.
 
  2010          30.      30.      30.      30.      30.      30.
                30.      30.      30.      30.      31.      31.          363.
 
  2011          31.      32.      32.      33.      32.      32.
                32.      32.      32.      33.      33.      34.          389.
 
  2012          35.      34.      34.      34.      34.      34.
                35.      35.      35.      35.      35.      35.          414.
 
  2013          33.      35.      33.      33.      33.      34.
                32.      33.      33.      33.      32.      31.          395.
 
  2014          32.      31.      32.      32.      33.      33.
                33.      33.      33.      33.      34.      33.          393.
 
  2015          32.      33.      33.      32.      32.      31.
                32.      33.      32.      31.      31.      32.          384.
 
  2016          32.      32.      32.      32.      32.      32.
                32.      31.      31.      31.      31.      31.          376.
 
  AVGE          32.      32.      32.      32.      32.      32.
                32.      32.      32.      32.      32.      32.

  Table Total-        3826.   Mean-        32.   Std. Dev.-         2.
                              Min -        29.        Max -        35.
        ces_hours 38540            PAGE  11, SERIES ces_hours_log_ad

 D 12  Final trend cycle
  From  2007.Jan to 2016.Dec
  Observations        120
  Trend filter    13-term Henderson moving average
  I/C ratio        2.24
 -----------------------------------------------------------------------------
               Jan      Feb      Mar      Apr      May      Jun 
               Jul      Aug      Sep      Oct      Nov      Dec        TOTAL  
 -----------------------------------------------------------------------------
  2007          33.      32.      32.      31.      31.      30.
                30.      30.      30.      30.      30.      30.          370.
 
  2008          30.      30.      30.      30.      31.      32.
                32.      32.      32.      32.      32.      32.          374.
 
  2009          32.      31.      31.      31.      31.      31.
                30.      30.      30.      30.      30.      30.          368.
 
  2010          30.      30.      30.      30.      30.      30.
                30.      30.      30.      30.      31.      31.          362.
 
  2011          32.      32.      32.      32.      32.      32.
                32.      32.      32.      33.      33.      34.          389.
 
  2012          34.      34.      34.      34.      34.      34.
                34.      35.      35.      35.      35.      35.          412.
 
  2013          34.      34.      34.      34.      33.      33.
                33.      33.      33.      32.      32.      32.          398.
 
  2014          32.      32.      32.      32.      33.      33.
                33.      33.      33.      33.      33.      33.          393.
 
  2015          33.      33.      32.      32.      32.      32.
                32.      32.      32.      32.      32.      32.          385.
 
  2016          32.      32.      32.      32.      32.      32.
                32.      31.      31.      31.      31.      31.          377.
 
  AVGE          32.      32.      32.      32.      32.      32.
                32.      32.      32.      32.      32.      32.

  Table Total-        3827.   Mean-        32.   Std. Dev.-         1.
                              Min -        30.        Max -        35.
        ces_hours 38540            PAGE  12, SERIES ces_hours_log_ad

 D 13  Final irregular component
  From  2007.Jan to 2016.Dec
  Observations        120
 -----------------------------------------------------------------------------
               Jan      Feb      Mar      Apr      May      Jun 
               Jul      Aug      Sep      Oct      Nov      Dec         S.D.  
 -----------------------------------------------------------------------------
  2007           2.       1.      -2.      -0.      -2.       0.
                 0.      -0.       0.       0.       0.       2.            1.
 
  2008          -0.      -1.      -0.      -0.      -0.       0.
                 1.       0.       0.      -0.      -1.      -0.            0.
 
  2009           1.      -1.       1.      -0.       1.      -1.
                -0.       1.      -1.       0.       0.      -1.            1.
 
  2010           0.       0.      -0.      -0.       0.      -0.
                -0.       0.       0.      -0.       0.       0.            0.
 
  2011          -0.      -0.       0.       1.      -0.       0.
                -0.      -0.      -0.       0.      -0.       0.            0.
 
  2012           1.       0.      -0.       0.      -0.      -0.
                 0.      -0.       0.       0.      -0.       0.            0.
 
  2013          -1.       1.      -0.      -0.      -0.       0.
                -1.       0.      -0.       0.       0.      -0.            1.
 
  2014          -0.      -0.       0.      -0.      -0.       0.
                -0.      -0.       0.      -0.       1.      -0.            0.
 
  2015          -0.       0.       0.      -0.      -0.      -1.
                 0.       2.       0.      -1.      -0.       0.            1.
 
  2016           0.      -0.      -0.      -0.       0.       0.
                 0.      -0.      -0.      -0.      -0.      -0.            0.
 
  S.D.           1.       1.       1.       0.       1.       1.
                 0.       1.       1.       0.       0.       1.

  Table Total-          -2.   Mean-        -0.   Std. Dev.-         1.
                              Min -        -2.        Max -         2.
        ces_hours 38540            PAGE  13, SERIES ces_hours_log_ad

 D 16  Combined adjustment factors
  From  2007.Jan to 2016.Dec
  Observations        120
 -----------------------------------------------------------------------------
               Jan      Feb      Mar      Apr      May      Jun 
               Jul      Aug      Sep      Oct      Nov      Dec         AVGE  
 -----------------------------------------------------------------------------
  2007           1.      -1.      -1.      -1.       1.       0.
                 1.       1.      -0.      -0.      -1.      -1.           -0.
 
  2008           1.      -0.      -0.      -1.       1.       0.
                 1.       1.      -0.      -0.      -1.      -0.            0.
 
  2009           1.      -0.      -0.      -0.       1.       0.
                 0.       0.      -0.      -0.      -1.      -0.            0.
 
  2010           0.      -0.      -0.      -0.       1.       0.
                 0.       0.      -0.      -0.      -0.      -0.            0.
 
  2011           0.      -0.      -0.      -0.       0.       0.
                 0.       0.       0.      -0.      -0.       0.            0.
 
  2012          -0.      -0.      -1.      -0.       0.       0.
                 0.       0.       0.       0.      -0.       0.            0.
 
  2013          -0.      -0.      -1.      -0.       0.       1.
                 0.       0.       0.       0.      -0.       0.            0.
 
  2014          -1.      -0.      -1.      -0.       0.       1.
                 0.       0.       0.       0.      -0.      -0.            0.
 
  2015          -1.      -0.      -0.      -0.       0.       1.
                 0.       0.       0.       0.      -0.      -0.           -0.
 
  2016          -1.      -1.      -0.      -0.       0.       1.
                 0.       0.       0.       0.      -0.      -0.           -0.
 
  AVGE           0.      -0.      -0.      -0.       0.       1.
                 0.       0.       0.      -0.      -0.      -0.

  Table Total-           1.   Mean-         0.   Std. Dev.-         0.
                              Min -        -1.        Max -         1.

 D 16.A  Combined adjustment component forecasts
  From  2017.Jan to 2017.Dec
  Observations         12
 -----------------------------------------------------------------------------
               Jan      Feb      Mar      Apr      May      Jun 
               Jul      Aug      Sep      Oct      Nov      Dec         AVGE  
 -----------------------------------------------------------------------------
  2017          -1.      -1.      -0.      -0.       0.       1.
                 0.       0.       0.       0.      -0.      -0.           -0.
 
        ces_hours 38540            PAGE  14, SERIES ces_hours_log_ad

 E 4  Differences of annual totals
  From          2007 to 2016
  Observations         10
 -----------------------------------
  Year       Unmodified     Modified
                  (D11)         (E2)
 -----------------------------------
  2007              -0.          -0.
 
  2008               0.           0.
 
  2009               0.           0.
 
  2010               0.           0.
 
  2011               0.           0.
 
  2012               0.           0.
 
  2013               0.           0.
 
  2014               0.           0.
 
  2015              -0.          -0.
 
  2016              -0.          -0.
 
        ces_hours 38540            PAGE  15, SERIES ces_hours_log_ad

 E 5  Month-to-month differences in the original series
  From  2007.Feb to 2016.Dec
  Observations        119
 -----------------------------------------------------------------------------
               Jan      Feb      Mar      Apr      May      Jun 
               Jul      Aug      Sep      Oct      Nov      Dec         AVGE  
 -----------------------------------------------------------------------------
  2007                   -2.      -4.       1.      -1.       1.
                -0.      -0.      -0.       0.      -1.       1.           -0.
 
  2008          -1.      -2.       1.       1.       2.       1.
                 1.      -0.      -1.      -1.      -1.       1.           -0.
 
  2009           2.      -2.       1.      -1.       2.      -2.
                 1.       1.      -3.       1.      -0.      -0.           -0.
 
  2010           1.      -1.      -1.       0.       1.      -1.
                -0.       1.      -0.      -0.       1.       1.            0.
 
  2011           0.       0.       0.       1.      -0.       0.
                -1.       0.      -0.       1.       0.       1.            0.
 
  2012           1.      -1.      -1.       1.      -0.       0.
                 1.       0.       1.      -0.      -1.       1.            0.
 
  2013          -2.       2.      -2.       0.       0.       1.
                -2.       1.      -0.      -0.      -1.      -1.           -0.
 
  2014          -0.       0.       1.       0.       1.       1.
                -0.      -0.       0.      -0.       1.      -1.            0.
 
  2015          -1.       1.      -0.      -0.       0.      -1.
                 1.       1.      -1.      -1.       0.       1.           -0.
 
  2016          -1.      -0.       0.       0.       1.       0.
                -1.      -1.      -1.       0.      -0.       0.           -0.
 
  AVGE          -0.      -1.      -0.       0.       1.       0.
                -0.       0.      -1.      -0.      -0.       0.

  Table Total-          -5.   Mean-        -0.   Std. Dev.-         1.
                              Min -        -4.        Max -         2.
        ces_hours 38540            PAGE  16, SERIES ces_hours_log_ad

 E 6  Month-to-month differences in seasonally adjusted series (D11)
  From  2007.Feb to 2016.Dec
  Observations        119
 -----------------------------------------------------------------------------
               Jan      Feb      Mar      Apr      May      Jun 
               Jul      Aug      Sep      Oct      Nov      Dec         AVGE  
 -----------------------------------------------------------------------------
  2007                   -1.      -4.       1.      -2.       1.
                -0.      -0.       0.       0.      -0.       1.           -0.
 
  2008          -2.      -1.       1.       1.       1.       1.
                 1.      -0.      -0.      -1.      -1.       0.           -0.
 
  2009           1.      -1.       1.      -1.       1.      -2.
                 0.       1.      -2.       2.      -0.      -1.           -0.
 
  2010           1.       0.      -0.      -0.       1.      -0.
                -0.       0.       0.      -0.       1.       0.            0.
 
  2011          -0.       1.       0.       1.      -1.       0.
                -0.      -0.      -0.       1.       0.       1.            0.
 
  2012           1.      -1.      -1.       1.      -1.      -0.
                 1.      -0.       1.      -0.      -0.       0.            0.
 
  2013          -2.       2.      -1.      -0.      -0.       1.
                -2.       1.      -0.      -0.      -0.      -1.           -0.
 
  2014           0.      -0.       1.      -0.       0.       0.
                -0.       0.       0.      -0.       1.      -1.            0.
 
  2015          -0.       0.      -0.      -1.      -0.      -1.
                 1.       1.      -1.      -1.       1.       1.           -0.
 
  2016          -0.      -1.       0.       0.       1.      -0.
                -0.      -1.      -1.       0.      -0.      -0.           -0.
 
  AVGE          -0.      -0.      -0.       0.      -0.      -0.
                -0.       0.      -0.       0.       0.       0.

  Table Total-          -4.   Mean-        -0.   Std. Dev.-         1.
                              Min -        -4.        Max -         2.
        ces_hours 38540            PAGE  17, SERIES ces_hours_log_ad

 E 7  Month-to-month differences in final trend cycle (D12)
  From  2007.Feb to 2016.Dec
  Observations        119
 -----------------------------------------------------------------------------
               Jan      Feb      Mar      Apr      May      Jun 
               Jul      Aug      Sep      Oct      Nov      Dec         AVGE  
 -----------------------------------------------------------------------------
  2007                   -1.      -1.      -1.      -1.      -0.
                -0.       0.       0.       0.      -0.      -0.           -0.
 
  2008          -0.      -0.       0.       1.       1.       1.
                 0.       0.      -0.      -0.      -0.      -0.            0.
 
  2009          -0.      -0.      -0.      -0.      -0.      -0.
                -0.      -0.      -0.      -0.       0.       0.           -0.
 
  2010           0.       0.      -0.      -0.      -0.      -0.
                 0.       0.       0.       0.       0.       0.            0.
 
  2011           0.       0.       0.       0.       0.      -0.
                -0.       0.       0.       0.       0.       0.            0.
 
  2012           0.       0.       0.      -0.       0.       0.
                 0.       0.       0.       0.      -0.      -0.            0.
 
  2013          -0.      -0.      -0.      -0.      -0.      -0.
                -0.      -0.      -0.      -0.      -0.      -0.           -0.
 
  2014          -0.       0.       0.       0.       0.       0.
                 0.       0.       0.      -0.      -0.      -0.            0.
 
  2015          -0.      -0.      -0.      -0.      -0.      -0.
                -0.      -0.      -0.       0.      -0.      -0.           -0.
 
  2016          -0.       0.       0.       0.      -0.      -0.
                -0.      -0.      -0.      -0.      -0.       0.           -0.
 
  AVGE          -0.      -0.      -0.      -0.      -0.      -0.
                -0.      -0.      -0.      -0.      -0.      -0.

  Table Total-          -2.   Mean-        -0.   Std. Dev.-         0.
                              Min -        -1.        Max -         1.
        ces_hours 38540            PAGE  18, SERIES ces_hours_log_ad

 E 8  Month-to-month differences in original series adjusted for calendar factors (A18)
  From  2007.Feb to 2016.Dec
  Observations        119
 -----------------------------------------------------------------------------
               Jan      Feb      Mar      Apr      May      Jun 
               Jul      Aug      Sep      Oct      Nov      Dec         AVGE  
 -----------------------------------------------------------------------------
  2007                   -2.      -4.       1.      -1.       1.
                -0.      -0.      -0.       0.      -1.       1.           -0.
 
  2008          -1.      -2.       1.       1.       2.       1.
                 1.      -0.      -1.      -1.      -1.       0.           -0.
 
  2009           2.      -2.       1.      -1.       2.      -3.
                 1.       1.      -3.       1.      -0.      -0.           -0.
 
  2010           1.      -1.      -1.       0.       1.      -1.
                -0.       1.      -0.      -0.       0.       1.            0.
 
  2011           0.       0.       0.       1.      -0.       0.
                -1.       0.      -0.       1.       0.       1.            0.
 
  2012           1.      -1.      -1.       1.      -0.       0.
                 0.       0.       1.      -0.      -1.       0.            0.
 
  2013          -2.       2.      -2.       0.       0.       1.
                -2.       1.      -0.      -0.      -1.      -1.           -0.
 
  2014          -0.       0.       1.       0.       1.       1.
                -1.      -0.       0.      -0.       1.      -1.            0.
 
  2015          -1.       0.      -0.      -0.       0.      -1.
                 1.       1.      -1.      -1.       0.       1.           -0.
 
  2016          -1.      -0.       0.       0.       1.       0.
                -1.      -1.      -1.       0.      -0.       0.           -0.
 
  AVGE          -0.      -1.      -0.       0.       1.       0.
                -0.       0.      -1.      -0.      -0.       0.

  Table Total-          -5.   Mean-        -0.   Std. Dev.-         1.
                              Min -        -4.        Max -         2.
        ces_hours 38540            PAGE  19, SERIES ces_hours_log_ad

 E 18  Final adjustment ratios
  From  2007.Jan to 2016.Dec
  Observations        120
 -----------------------------------------------------------------------------
               Jan      Feb      Mar      Apr      May      Jun 
               Jul      Aug      Sep      Oct      Nov      Dec         AVGE  
 -----------------------------------------------------------------------------
  2007      101.895   98.357   98.270   97.725  102.772  101.318
            102.026  102.239   99.987   99.390   97.827   98.332       100.012
 
  2008      102.080   98.281   98.330   98.004  102.530  101.216
            101.585  101.810   99.870   99.383   97.984   98.663        99.978
 
  2009      101.641   98.662   98.511   98.588  102.353  101.097
            101.310  101.539   99.845   99.322   98.069   99.149       100.007
 
  2010      101.356   99.000   98.458   99.118  102.083  100.936
            100.771  101.199   99.902   99.609   98.521   99.671       100.052
 
  2011      100.659   99.353   98.455   99.529  101.451  100.992
            100.401  100.779  100.184   99.917   99.056  100.041       100.068
 
  2012       99.780   99.534   98.468   99.672  100.782  101.385
            100.308  100.475  100.392  100.334   99.457  100.210       100.066
 
  2013       98.937   99.344   98.341   99.527  100.491  101.945
            100.682  100.396  100.668  100.539   99.445  100.140       100.038
 
  2014       98.360   98.937   98.410   99.297  100.550  102.379
            100.976  100.487  100.662  100.586   99.403   99.800        99.987
 
  2015       98.213   98.631   98.672   99.145  100.888  102.800
            101.286  100.553  100.571  100.427   99.256   99.529        99.998
 
  2016       98.113   98.409   98.944   99.198  101.128  102.717
            101.424  100.613  100.383  100.236   99.105   99.456        99.977
 
  AVGE      100.104   98.851   98.486   98.980  101.503  101.679
            101.077  101.009  100.246   99.974   98.812   99.499

  Table Total-       12002.   Mean-       100.   Std. Dev.-         1.
                              Min -        98.        Max -       103.

 E 18.A  Final adjustment ratio forecasts
  From  2017.Jan to 2017.Dec
  Observations         12
 -----------------------------------------------------------------------------
               Jan      Feb      Mar      Apr      May      Jun 
               Jul      Aug      Sep      Oct      Nov      Dec         AVGE  
 -----------------------------------------------------------------------------
  2017       98.067   98.320   99.095   99.261  101.394  102.866
            101.605  100.601  100.302  100.111   98.964   99.557       100.012
 

  QS statistic for seasonality:
  Original Series                                     2.24  (P-Value =     0.3262)
  Original Series (EV adj)                            2.24  (P-Value =     0.3262)
  Residuals                                           2.33  (P-Value =     0.3119)
  Seasonally Adjusted Series                          0.00  (P-Value =     1.0000)
  Seasonally Adjusted Series (EV adj)                 0.00  (P-Value =     1.0000)
  Irregular Series                                    0.00  (P-Value =     1.0000)
  Irregular Series (EV adj)                           0.00  (P-Value =     1.0000)

  QS statistic for seasonality (starting 2009.Jan):
  Original Series                                     0.49  (P-Value =     0.7831)
  Original Series (EV adj)                            0.49  (P-Value =     0.7831)
  Residuals                                           1.13  (P-Value =     0.5690)
  Seasonally Adjusted Series                          0.00  (P-Value =     1.0000)
  Seasonally Adjusted Series (EV adj)                 0.00  (P-Value =     1.0000)
  Irregular Series                                    0.00  (P-Value =     1.0000)
  Irregular Series (EV adj)                           0.00  (P-Value =     1.0000)


 WARNING: Series should not be a candidate for seasonal adjustment
          because the spectrum of the original series (Table A1 or B1)
          has no visually significant seasonal peaks.

          If this is a component series of an indirectly adjusted
          composite series, consider using type = trend or type = summary
          in the x11 spec.
        ces_hours 38540            PAGE  20, SERIES ces_hours_log_ad
 G 0  10*LOG(SPECTRUM) of the differenced Original Series
      (Table A1 or B1).  Spectrum estimated from 2009.Jan to 2016.Dec.
 ++++++++++I+++++++++++++++++++++++++++++++++++++++++++++++++++++++++++++I
       5.13I                                    *                        I      5.13
           I                                    *                        I
           I                                    *                        I
           I                                    *                        I
       4.03I                                    *                        I      4.03
           I                                    *    *                   I
           I                                    *    *                  SI
           I                                    *    *                 *SI
       2.92I                                    *    *    *            *SI      2.92
           I                                    *    *    *      *     *SI
           I                                    *    *    *   S  *     *SI
           I                                    *    *    *  *S  **    *SI
       1.82I                                    *    *   *** *S*T**    *SI      1.82
           I                                    **  S*   *****S*T**   **SI
           I                             *      **  S*   *****S*T**   **SI
           I                             *      **  S*T  *****S*T**   **SI
       0.72I                             *      **  S*T  *****S*T**   **SI      0.72
           I                            **      **  S*T  *****S*T***  **SI
           I           *                **      **  S*T  *****S*T***  **SI
           I           *               ***      **  S*T  *****S*T*** ***SI
      -0.38I           *              ****      **  S*T ******S*T*** ***SI     -0.38
           I           *              ****      **  S*T ******S*T*******SI
           I           *              ****      **  S*T ******S*T*******SI
           I           *              ****      **  S*T*******S*T*******SI
      -1.48I           *              ****      **  S*T*******S*T*******SI     -1.48
           I           *              ****S     ** *S*T*******S*T*******SI
           I           *             *****S     ****S*T*******S*T*******SI
           I           *             *****S     ****S*T*******S*T*******SI
      -2.59I           *             *****S     ****S*T*******S*T*******SI     -2.59
           I           **            *****S     ****S*T*******S*T*******SI
           I           **       S    *****S     ****S*T*******S*T*******SI
           I           **       S    *****S     ****S*T*******S*T*******SI
      -3.69I           **       S   ******S    *****S*T*******S*T*******SI     -3.69
           I  *        **       S*  ******S    *****S*T*******S*T*******SI
           I  **       **  *    S*  ******S    *****S*T*******S*T*******SI
           I  **      S**  *   *S*  ******S    *****S*T*******S*T*******SI
      -4.79I  **      S** **   *S* *******S    *****S*T*******S*T*******SI     -4.79
           I  **      S*****   *S*********S    *****S*T*******S*T*******SI
           I  **      S******  *S*********S    *****S*T*******S*T*******SI
           I  **      S******  *S*********S    *****S*T*******S*T*******SI
      -5.89I  **      S******  *S*********S    *****S*T*******S*T*******SI     -5.89
           I  **      S****** **S*********S*   *****S*T*******S*T*******SI
           I  **      S*********S*********S*   *****S*T*******S*T*******SI
           I  ***     S*********S*********S*   *****S*T*******S*T*******SI
      -6.99I ****     S*********S*********S*   *****S*T*******S*T*******SI     -6.99
           I ******   S*********S*********S*   *****S*T*******S*T*******SI
           I ******   S*********S*********S*   *****S*T*******S*T*******SI
           I ******* *S*********S*********S*  ******S*T*******S*T*******SI
      -8.10I ******* *S*********S*********S*  ******S*T*******S*T*******SI     -8.10
           I******** *S*********S*********S*  ******S*T*******S*T*******SI
           I**********S*********S*********S** ******S*T*******S*T*******SI
           I**********S*********S*********S** ******S*T*******S*T*******SI
      -9.20I**********S*********S*********S*********S*T*******S*T*******SI     -9.20
 ++++++++++I+++++++++++++++++++++++++++++++++++++++++++++++++++++++++++++I
            S=SEASONAL FREQUENCIES, T=TRADING DAY FREQUENCIES
        ces_hours 38540            PAGE  21, SERIES ces_hours_log_ad
 G 1  10*LOG(SPECTRUM) of the differenced seasonally adjusted 
      data (Table E2).  Spectrum estimated from 2009.Jan to 2016.Dec.
 ++++++++++I+++++++++++++++++++++++++++++++++++++++++++++++++++++++++++++I
       2.84I                                               *             I      2.84
           I                                               *             I
           I                                               *             I
           I                                               *             I
       1.42I                                               *             I      1.42
           I                                    *          *             I
           I                                    *          *             I
           I                                    *          *     *       I
      -0.01I                                    *         ***    *       I     -0.01
           I                                    *         ***  *T**      I
           I                                    **        *** S*T**      I
           I                                    **        *** S*T**      I
      -1.44I                                    **        ****S*T**      I     -1.44
           I                                    **        ****S*T**      I
           I                                    **        ****S*T**      I
           I                                    ***       ****S*T**      I
      -2.86I  *                                ****       ****S*T**      I     -2.86
           I  *                                ****       ****S*T***  ** I
           I  *                        *       *****   * *****S*T***  **SI
           I  *                        *       *****  T* *****S*T***  **SI
      -4.29I  *                        *       *****  T*******S*T*** ***SI     -4.29
           I  *   *                    **      *****S T*******S*T*******SI
           I  *   *                    **      *****S*T*******S*T*******SI
           I  *   *      *             **      *****S*T*******S*T*******SI
      -5.72I  **  *    * *             **      *****S*T*******S*T*******SI     -5.72
           I  **  *    * *             **      *****S*T*******S*T*******SI
           I  **  *    ***          *  **      *****S*T*******S*T*******SI
           I  **  *    ***    *     *  **     ******S*T*******S*T*******SI
      -7.14I  **  *    ***    *     *  **     ******S*T*******S*T*******SI     -7.14
           I  ** **   S****   *     *  **     ******S*T*******S*T*******SI
           I  ** **   S****   *     * **** ** ******S*T*******S*T*******SI
           I *** **   S****   *    ** **** *********S*T*******S*T*******SI
      -8.57I *******  S****   *    ** ****S*********S*T*******S*T*******SI     -8.57
           I *******  S****   *    *******S*********S*T*******S*T*******SI
           I *******  S****   *    *******S*********S*T*******S*T*******SI
           I *******  S****   *    *******S*********S*T*******S*T*******SI
     -10.00I *******  S****  **    *******S*********S*T*******S*T*******SI    -10.00
           I******** *S****  **    *******S*********S*T*******S*T*******SI
           I******** *S****  **    *******S*********S*T*******S*T*******SI
           I**********S***** **    *******S*********S*T*******S*T*******SI
     -11.42I**********S***** **    *******S*********S*T*******S*T*******SI    -11.42
           I**********S***** **    *******S*********S*T*******S*T*******SI
           I**********S*********   *******S*********S*T*******S*T*******SI
           I**********S*********   *******S*********S*T*******S*T*******SI
     -12.85I**********S*********   *******S*********S*T*******S*T*******SI    -12.85
           I**********S*********   *******S*********S*T*******S*T*******SI
           I**********S*********  ********S*********S*T*******S*T*******SI
           I**********S*********  ********S*********S*T*******S*T*******SI
     -14.28I**********S*********  ********S*********S*T*******S*T*******SI    -14.28
           I**********S*********  ********S*********S*T*******S*T*******SI
           I**********S*********  ********S*********S*T*******S*T*******SI
           I**********S*********S ********S*********S*T*******S*T*******SI
     -15.70I**********S*********S*********S*********S*T*******S*T*******SI    -15.70
 ++++++++++I+++++++++++++++++++++++++++++++++++++++++++++++++++++++++++++I
            S=SEASONAL FREQUENCIES, T=TRADING DAY FREQUENCIES
        ces_hours 38540            PAGE  22, SERIES ces_hours_log_ad
 G 2  10*LOG(SPECTRUM) of the Modified Irregular (Table E3).  
      Spectrum estimated from 2009.Jan to 2016.Dec.
 ++++++++++I+++++++++++++++++++++++++++++++++++++++++++++++++++++++++++++I
      -2.70I                                    *                        I     -2.70
           I                                    *          *             I
           I                                    *          *             I
           I                                    *          *             I
      -4.11I                           *        *          *             I     -4.11
           I                           *        **         *             I
           I                           *        **         *             I
           I                           *        **         *     *       I
      -5.53I                           *        **         *     **      I     -5.53
           I                           *        **        ***  *T**      I
           I                           *        ***       *** S*T**      I
           I                           *        ***       *** S*T**      I
      -6.94I                           *        ***       ****S*T**      I     -6.94
           I                  *        *       ****       ****S*T**      I
           I                  *        *       *****      ****S*T**      I
           I                  *        *       *****      ****S*T**      I
      -8.36I                  *        **      *****      ****S*T**   *  I     -8.36
           I                  *     *  **      *****      ****S*T***  ** I
           I                  *    **  **      *****  T   ****S*T***  ** I
           I                  *    **  **      *****S T*  ****S*T***  **SI
      -9.77I                  *    **  **      *****S*T* *****S*T*** ***SI     -9.77
           I                  *    **  **      *****S*T* *****S*T*** ***SI
           I                  *    **  **      *****S*T* *****S*T*******SI
           I              *   *    **  **  *   *****S*T*******S*T*******SI
     -11.18I              *   *    ** ***  *   *****S*T*******S*T*******SI    -11.18
           I           *  *   *    ** ***  *  ******S*T*******S*T*******SI
           I           * **   *    ** *** S** ******S*T*******S*T*******SI
           I          S* **  **    ** ****S** ******S*T*******S*T*******SI
     -12.60I          S* **  **    *******S*********S*T*******S*T*******SI    -12.60
           I          S****  **    *******S*********S*T*******S*T*******SI
           I          S****  **    *******S*********S*T*******S*T*******SI
           I          S***** **    *******S*********S*T*******S*T*******SI
     -14.01I      **  S***** **    *******S*********S*T*******S*T*******SI    -14.01
           I      **  S***** **    *******S*********S*T*******S*T*******SI
           I      **  S***** **    *******S*********S*T*******S*T*******SI
           I      ** *S********    *******S*********S*T*******S*T*******SI
     -15.43I      ** *S********    *******S*********S*T*******S*T*******SI    -15.43
           I      ****S*********   *******S*********S*T*******S*T*******SI
           I      ****S*********   *******S*********S*T*******S*T*******SI
           I     *****S*********   *******S*********S*T*******S*T*******SI
     -16.84I     *****S*********  ********S*********S*T*******S*T*******SI    -16.84
           I     *****S*********  ********S*********S*T*******S*T*******SI
           I   *******S*********  ********S*********S*T*******S*T*******SI
           I   *******S*********  ********S*********S*T*******S*T*******SI
     -18.25I  ********S*********  ********S*********S*T*******S*T*******SI    -18.25
           I  ********S*********  ********S*********S*T*******S*T*******SI
           I  ********S*********  ********S*********S*T*******S*T*******SI
           I  ********S*********S ********S*********S*T*******S*T*******SI
     -19.67I  ********S*********S*********S*********S*T*******S*T*******SI    -19.67
           I  ********S*********S*********S*********S*T*******S*T*******SI
           I *********S*********S*********S*********S*T*******S*T*******SI
           I *********S*********S*********S*********S*T*******S*T*******SI
     -21.08I**********S*********S*********S*********S*T*******S*T*******SI    -21.08
 ++++++++++I+++++++++++++++++++++++++++++++++++++++++++++++++++++++++++++I
            S=SEASONAL FREQUENCIES, T=TRADING DAY FREQUENCIES
        ces_hours 38540            PAGE  23, SERIES ces_hours_log_ad

  Peak probabilities for Tukey spectrum estimator
  Spectrum estimated from 2009.Jan to 2016.Dec.

                                          S1       S2       S3       S4       S5       S6       TD
                                        ------   ------   ------   ------   ------   ------   ------
  Model Residuals                        0.385    0.910*   0.932*   0.904*   0.295    0.547    0.878  
  Original Series (Table A1 or B1)       0.778    0.785    0.432    0.707    0.253    0.748    0.434  
  Seasonally adjusted series (E2)        0.710    0.380    0.756    0.195    0.111    0.463    0.429  
  Modified Irregular (E3)                0.943*   0.221    0.733    0.212    0.113    0.465    0.369  
  ----------
     ** - Peak Probability > 0.99,
      * - 0.90 < Peak Probability < 0.99


