  Reading input spec file from D:\Programming\Dynamic Paper-dlrhcs_replication\outputs\empirical\unemployment\raw_sa_pilot\x13_work\ces_hours_log_additive_49740_200701_201612.spc

1

               U. S. Department of Commerce, U. S. Census Bureau

              X-13ARIMA-SEATS monthly seasonal adjustment Method,
                          Release Version 1.1 Build 62


           This software application provides an enhanced version of
             Statistics Canada's X-11-ARIMA extension (Dagum, 1980)
                 of the X-11 variant of the Census Method II of
                      Shiskin, Young and Musgrave (1967).

            It also provides an ARIMA model-based method following
       Hillmer and Tiao (1982) and Burman (1980) that is very similar
       to the update of the method of SEATS (Gomez and Maravall, 1996)
                produced at the Bank of Spain by G. Caporello and
               A. Maravall for TSW (Caporello and Maravall, 2004).
          The present application includes additional enhancements.

         X-13ARIMA-SEATS includes an automatic ARIMA model selection procedure
          based largely on the procedure of Gomez and Maravall (1998)
            as implemented in TRAMO (1996) and subsequent revisions.

              Primary Programmers: Brian Monsell, Mark Otto and,
                 for the ARIMA model-based signal extraction,
                      Gianluca Caporello and Victor Gomez


     Series Title- ces_hours 49740
     Series Name- ces_hours_log_ad
     Jul 29, 2026  08.45.20 

        -Period covered-  1st month,2007 to 12th month,2016
        -Type of run - additive seasonal adjustment

        -Sigma limits for graduating extreme values are  1.5 and  2.5 .
        -3x3 moving average used in section 1 of each iteration, 
         3x5 moving average in section 2 of iterations B and C,
         moving average for final seasonal factors chosen by Global MSR.
        -Holiday adjustment factors applied directly to the final seasonally adjusted series
        -Spectral plots generated for selected series
        -Spectral plots generated for series starting in 2009.Jan

 FILE SAVE REQUESTS (* indicates file exists and will be overwritten)
  D:\Programming\Dynamic Paper-dlrhcs_replication\outputs\empirical\unemployment\raw_sa_pilot\x13_work\ces_hours_log_additive_49740_200701_201612.d10  final seasonal factors
  D:\Programming\Dynamic Paper-dlrhcs_replication\outputs\empirical\unemployment\raw_sa_pilot\x13_work\ces_hours_log_additive_49740_200701_201612.d11  final seasonally adjusted data
  D:\Programming\Dynamic Paper-dlrhcs_replication\outputs\empirical\unemployment\raw_sa_pilot\x13_work\ces_hours_log_additive_49740_200701_201612.out  program output file
  D:\Programming\Dynamic Paper-dlrhcs_replication\outputs\empirical\unemployment\raw_sa_pilot\x13_work\ces_hours_log_additive_49740_200701_201612.err  program error file
        ces_hours 49740            PAGE   1, SERIES ces_hours_log_ad

     Contents of spc file D:\Programming\Dynamic Paper-dlrhcs_replication\outputs\empirical\unemployment\raw_sa_pilot\x13_work\ces_hours_log_additive_49740_200701_201612.spc

 Line #
 ------
      1: series {
      2:   title = "ces_hours 49740"
      3:   start = 2007.1
      4:   period = 12
      5:   data = (
      6: 34.6
      7: 33.7
      8: 32.7
      9: 31.8
     10: 31.9
     11: 31.4
     12: 30.5
     13: 31.4
     14: 31.6
     15: 32.5
     16: 32.1
     17: 32.2
     18: 32
     19: 32.4
     20: 32.1
     21: 30.2
     22: 28.6
     23: 30.2
     24: 29.3
     25: 28.1
     26: 28.4
     27: 29.4
     28: 31.6
     29: 30.9
     30: 30
     31: 29.1
     32: 29.8
     33: 29.3
     34: 30.1
     35: 30.3
     36: 29.4
     37: 29.9
     38: 30
     39: 28.4
     40: 29
     41: 29.5
     42: 28.8
     43: 29.6
     44: 29.8
     45: 30.3
     46: 30.3
     47: 30.2
     48: 30.7
     49: 31.2
     50: 31.6
     51: 31.6
     52: 31.6
     53: 31.9
     54: 31.7
     55: 32.1
     56: 32.6
     57: 32.3
     58: 32.7
     59: 33.2
     60: 32.1
     61: 32.7
     62: 33.6
     63: 33.9
     64: 33.9
     65: 34.2
     66: 34
     67: 34.7
     68: 35.6
     69: 34.8
     70: 35.1
     71: 34.7
     72: 34
     73: 33.4
     74: 34.1
     75: 33.3
     76: 33.7
     77: 34.7
     78: 34.4
     79: 34.7
     80: 34.4
     81: 34.7
     82: 34.3
     83: 34.6
     84: 34
     85: 33.8
     86: 34.2
     87: 34.5
     88: 34.5
     89: 34.9
     90: 34.6
     91: 35.5
     92: 36.3
     93: 35.1
     94: 35.1
     95: 35.8
     96: 36.2
     97: 36.4
     98: 36.3
     99: 36.5
    100: 36.9
    101: 37.3
    102: 37.3
    103: 38.3
    104: 37.2
    105: 36.5
    106: 36
    107: 36.1
    108: 36.4
    109: 36
    110: 35.6
    111: 35.5
    112: 35.5
    113: 36.1
    114: 35.9
    115: 35.2
    116: 35.5
    117: 35.3
    118: 35.5
    119: 35.3
    120: 35.5
    121: 35.2
    122: 34.5
    123: 35.2
    124: 35.1
    125: 35.5
    126:   )
    127: }
    128: transform { function = log }
    129: regression { aictest = (td easter) }
    130: automdl {}
    131: x11 { mode = add save = (d10 d11) }
        ces_hours 49740            PAGE   2, SERIES ces_hours_log_ad

 A 1  Time series data (for the span analyzed)
  From  2007.Jan to 2016.Dec
  Observations        120
 -----------------------------------------------------------------------------
               Jan      Feb      Mar      Apr      May      Jun 
               Jul      Aug      Sep      Oct      Nov      Dec        TOTAL  
 -----------------------------------------------------------------------------
  2007          35.      34.      33.      32.      32.      31.
                31.      31.      32.      33.      32.      32.          386.
 
  2008          32.      32.      32.      30.      29.      30.
                29.      28.      28.      29.      32.      31.          363.
 
  2009          30.      29.      30.      29.      30.      30.
                29.      30.      30.      28.      29.      30.          355.
 
  2010          29.      30.      30.      30.      30.      30.
                31.      31.      32.      32.      32.      32.          368.
 
  2011          32.      32.      33.      32.      33.      33.
                32.      33.      34.      34.      34.      34.          395.
 
  2012          34.      35.      36.      35.      35.      35.
                34.      33.      34.      33.      34.      35.          412.
 
  2013          34.      35.      34.      35.      34.      35.
                34.      34.      34.      35.      35.      35.          413.
 
  2014          35.      36.      36.      35.      35.      36.
                36.      36.      36.      37.      37.      37.          432.
 
  2015          37.      38.      37.      37.      36.      36.
                36.      36.      36.      36.      36.      36.          437.
 
  2016          36.      35.      36.      35.      36.      35.
                36.      35.      35.      35.      35.      36.          424.
 
  AVGE          33.      34.      34.      33.      33.      33.
                33.      33.      33.      33.      33.      34.

  Table Total-        3984.   Mean-        33.   Std. Dev.-         2.
                              Min -        28.        Max -        38.
        ces_hours 49740            PAGE   3, SERIES ces_hours_log_ad
                        Automatic ARIMA Model Selection

                    Procedure based closely on TRAMO method 
                         of Gomez and Maravall (2000)
              "Automatic Modeling Methods for Univariate Series",
                            A Course in Time Series
                  (Edited by D. Pena, G. C. Tiao, R. S. Tsay),
                         New York : J. Wiley and Sons


     Maximum order for regular ARMA parameters :   2
     Maximum order for seasonal ARMA parameters :   1
     Maximum order for regular differencing :   2
     Maximum order for seasonal differencing :   1

   Results of Unit Root Test for identifying orders of differencing:
     Regular difference order :   1
     Seasonal difference order :   0

     Mean is not significant.

  Automatic model choice : (0 1 1)
   Model changed to 
   ( 0, 1, 1) ( 0, 1, 1)


  Final Checks for Identified Model


  Checking for Unit Roots.
   No unit roots found.

  Checking for nonseasonal overdifferencing.
   Nonseasonal MA not within  0.001 of 1.0 - model passes test.

  Checking for insignificant ARMA coefficients.

  Final automatic model choice : (0 1 1)(0 1 1)
   End of automatic model selection procedure.

 Average absolute percentage error in within-sample forecasts:
  Last year:   1.10      Last-1 year:   1.72     Last-2 year:   6.27
  Last three years:    3.03

 Estimation converged in   74 ARMA iterations,  223 function evaluations.

 ARIMA Model:  (0 1 1)(0 1 1)
   Nonseasonal differences: 1
   Seasonal differences:    1
                                              Standard
 Parameter                    Estimate          Errors
 -----------------------------------------------------
 Nonseasonal MA                                    
   Lag  1                       0.0269         0.08413

 Seasonal MA                                       
   Lag 12                       0.9918         0.06839

 Variance                       0.41114E-03
 SE of Var                      0.56210E-04
 -----------------------------------------------------

 Likelihood Statistics
 ------------------------------------------------------------------
 Number of observations (nobs)                                  120
 Effective number of observations (nefobs)                      107
 Number of parameters estimated (np)                              3
 Log likelihood                                            251.9585
 Transformation Adjustment                                -374.8506
 Adjusted Log likelihood (L)                              -122.8921
 AIC                                                       251.7843 
 AICC (F-corrected-AIC)                                    252.0173 
 Hannan Quinn                                              255.0349 
 BIC                                                       259.8028 
 ------------------------------------------------------------------

 QS Statistic for regARIMA Model Residuals (full series):             0.00
                                                       (P-Value =     1.0000)

 QS Statistic for regARIMA Model Residuals (starting 2009.Jan):       0.00
                                                       (P-Value =     1.0000)
      10*LOG(SPECTRUM) of the regARIMA model residuals
      Spectrum estimated from 2009.Jan to 2016.Dec.
 ++++++++++I+++++++++++++++++++++++++++++++++++++++++++++++++++++++++++++I
     -30.11I                                                      *      I    -30.11
           I                                                      *      I
           I                                                      *      I
           I                                                      *      I
     -31.29I                             *               *        *      I    -31.29
           I                             *               *        *      I
           I                             *               *        *      I
           I                             *               *        *      I
     -32.46I                             *               *        *      I    -32.46
           I                             *               *        *      I
           I           *                 *   *           *        *      I
           I           *                 *   *           *        *      I
     -33.63I           *                 *   *          **        *      I    -33.63
           I           *                 *   *     *    ***       *      I
           I           *         *       *   *     *  T ***       *      I
           I           *         **      *   *     *  T****       *      I
     -34.81I           *         **      *   **    *S T****       *      I    -34.81
           I           *         **      *   **    *S*T****       *      I
           I  *       S*         **     **   **    *S*T****       *      I
           I  *       S*         **     **   **    *S*T****       **     I
     -35.98I  **      S*         ***    **S  **    *S*T****       **     I    -35.98
           I  **      S*         ***    **S  **    *S*T**** *     **     I
           I  **      S*        S*****  **S  **    *S*T*******    **     I
           I  **      S**   **  S*****  **S  **   **S*T*******    **     I
     -37.16I  **      S**   **  S*****  **S  **   **S*T*******    **     I    -37.16
           I  **      S**   **  S****** **S  **   **S*T*******    **     I
           I  **      S**   ****S*********S  **   **S*T*******    **     I
           I  **      S**   ****S*********S  **   **S*T*******    **     I
     -38.33I  **      S**  *****S*********S ***   **S*T*******    **     I    -38.33
           I  **     *S**  *****S*********S ***   **S*T*******    ***    I
           I  **   * *S**  *****S*********S****   **S*T*******    ***    I
           I  **   ***S*** *****S*********S****   **S*T*******    ****   I
     -39.51I  **   ***S*********S*********S****   **S*T*******   *****   I    -39.51
           I  **  ****S*********S*********S****   **S*T*******   *****   I
           I  *** ****S*********S*********S*****  **S*T*******S  *****   I
           I **** ****S*********S*********S*****  **S*T*******S  *****   I
     -40.68I **** ****S*********S*********S***** ***S*T*******S  *****   I    -40.68
           I *********S*********S*********S***** ***S*T*******S  *****   I
           I *********S*********S*********S***** ***S*T*******S  *****   I
           I *********S*********S*********S***** ***S*T*******S  ******  I
     -41.85I *********S*********S*********S*********S*T*******S  ******  I    -41.85
           I**********S*********S*********S*********S*T*******S* ******  I
           I**********S*********S*********S*********S*T*******S*T******  I
           I**********S*********S*********S*********S*T*******S*T******  I
     -43.03I**********S*********S*********S*********S*T*******S*T******  I    -43.03
           I**********S*********S*********S*********S*T*******S*T******  I
           I**********S*********S*********S*********S*T*******S*T******  I
           I**********S*********S*********S*********S*T*******S*T******  I
     -44.20I**********S*********S*********S*********S*T*******S*T******  I    -44.20
           I**********S*********S*********S*********S*T*******S*T******* I
           I**********S*********S*********S*********S*T*******S*T******* I
           I**********S*********S*********S*********S*T*******S*T******* I
     -45.38I**********S*********S*********S*********S*T*******S*T*******SI    -45.38
 ++++++++++I+++++++++++++++++++++++++++++++++++++++++++++++++++++++++++++I
            S=SEASONAL FREQUENCIES, T=TRADING DAY FREQUENCIES


 FORECASTING
  Origin  2016.Dec
  Number        12

  Forecasts and Standard Errors of the Transformed Data
   ------------------------------
                         Standard
       Date   Forecast      Error
   ------------------------------
   2017.Jan       3.56      0.020
   2017.Feb       3.56      0.028
   2017.Mar       3.57      0.034
   2017.Apr       3.55      0.040
   2017.May       3.55      0.044
   2017.Jun       3.56      0.049
   2017.Jul       3.54      0.052
   2017.Aug       3.54      0.056
   2017.Sep       3.55      0.059
   2017.Oct       3.55      0.063
   2017.Nov       3.56      0.066
   2017.Dec       3.57      0.069
   ------------------------------

  Confidence intervals with coverage probability ( 0.95000
  On the Original Scale
   ---------------------------------------
       Date      Lower  Forecast     Upper
   ---------------------------------------
   2017.Jan      33.76     35.13     36.55
   2017.Feb      33.43     35.33     37.35
   2017.Mar      33.10     35.42     37.90
   2017.Apr      32.21     34.82     37.64
   2017.May      31.85     34.74     37.90
   2017.Jun      31.81     34.99     38.48
   2017.Jul      31.20     34.57     38.31
   2017.Aug      30.98     34.58     38.59
   2017.Sep      30.96     34.78     39.07
   2017.Oct      30.84     34.86     39.41
   2017.Nov      30.97     35.22     40.05
   2017.Dec      31.09     35.56     40.67
   ---------------------------------------
        ces_hours 49740            PAGE   4, SERIES ces_hours_log_ad

 B 1  Original series (prior adjusted)
  From  2007.Jan to 2016.Dec
  Observations        120
 -----------------------------------------------------------------------------
               Jan      Feb      Mar      Apr      May      Jun 
               Jul      Aug      Sep      Oct      Nov      Dec        TOTAL  
 -----------------------------------------------------------------------------
  2007          35.      34.      33.      32.      32.      31.
                31.      31.      32.      33.      32.      32.          386.
 
  2008          32.      32.      32.      30.      29.      30.
                29.      28.      28.      29.      32.      31.          363.
 
  2009          30.      29.      30.      29.      30.      30.
                29.      30.      30.      28.      29.      30.          355.
 
  2010          29.      30.      30.      30.      30.      30.
                31.      31.      32.      32.      32.      32.          368.
 
  2011          32.      32.      33.      32.      33.      33.
                32.      33.      34.      34.      34.      34.          395.
 
  2012          34.      35.      36.      35.      35.      35.
                34.      33.      34.      33.      34.      35.          412.
 
  2013          34.      35.      34.      35.      34.      35.
                34.      34.      34.      35.      35.      35.          413.
 
  2014          35.      36.      36.      35.      35.      36.
                36.      36.      36.      37.      37.      37.          432.
 
  2015          37.      38.      37.      37.      36.      36.
                36.      36.      36.      36.      36.      36.          437.
 
  2016          36.      35.      36.      35.      36.      35.
                36.      35.      35.      35.      35.      36.          424.
 
  AVGE          33.      34.      34.      33.      33.      33.
                33.      33.      33.      33.      33.      34.

  Table Total-        3984.   Mean-        33.   Std. Dev.-         2.
                              Min -        28.        Max -        38.

 B 1.A  Forecasts of (prior adjusted) original series
  From  2017.Jan to 2017.Dec
  Observations         12
 -----------------------------------------------------------------------------
               Jan      Feb      Mar      Apr      May      Jun 
               Jul      Aug      Sep      Oct      Nov      Dec        TOTAL  
 -----------------------------------------------------------------------------
  2017          35.      35.      35.      35.      35.      35.
                35.      35.      35.      35.      35.      36.          420.
 
        ces_hours 49740            PAGE   5, SERIES ces_hours_log_ad

 C 17  Final weights for irregular component
  From  2007.Jan to 2016.Dec
  Observations        120
  Lower sigma limit    1.50
  Upper sigma limit    2.50
 -----------------------------------------------------------------------------
               Jan      Feb      Mar      Apr      May      Jun 
               Jul      Aug      Sep      Oct      Nov      Dec         S.D.  
 -----------------------------------------------------------------------------
  2007          91.     100.     100.     100.     100.     100.
               100.     100.     100.      53.     100.     100.           40.
 
  2008         100.     100.      61.     100.       0.     100.
               100.       0.       0.     100.       0.      99.           40.
 
  2009         100.       0.     100.     100.     100.     100.
               100.     100.     100.      70.     100.     100.           40.
 
  2010         100.     100.     100.     100.     100.      97.
               100.     100.     100.     100.     100.     100.           39.
 
  2011         100.     100.     100.     100.     100.     100.
               100.     100.     100.     100.     100.     100.           29.
 
  2012         100.     100.       0.     100.      84.     100.
               100.      79.     100.       0.     100.     100.           24.
 
  2013         100.     100.     100.      91.     100.     100.
               100.     100.     100.     100.     100.     100.           22.
 
  2014         100.     100.       0.     100.      72.     100.
               100.     100.     100.     100.     100.     100.           23.
 
  2015         100.       0.     100.     100.      54.     100.
               100.     100.     100.     100.     100.     100.           20.
 
  2016          86.       0.     100.     100.     100.     100.
               100.     100.      30.     100.     100.     100.           20.
 
        ces_hours 49740            PAGE   6, SERIES ces_hours_log_ad

 D 8  Final unmodified SI ratios
  From  2007.Jan to 2016.Dec
  Observations        120
 -----------------------------------------------------------------------------
               Jan      Feb      Mar      Apr      May      Jun 
               Jul      Aug      Sep      Oct      Nov      Dec         AVGE  
 -----------------------------------------------------------------------------
  2007           1.       1.       0.      -0.       0.      -0.
                -1.      -0.      -0.       1.       0.       0.            0.
 
  2008           0.       1.       1.      -1.      -2.       0.
                -1.      -2.      -1.      -0.       2.       1.           -0.
 
  2009           0.      -1.      -0.      -1.       0.       0.
                -1.       0.       0.      -1.      -0.       0.           -0.
 
  2010          -0.       0.       0.       0.       0.      -0.
                -0.       0.       0.      -0.      -0.       0.           -0.
 
  2011          -0.       0.       0.      -0.       0.       1.
                -1.      -0.       0.       0.      -0.       0.           -0.
 
  2012          -0.       0.       1.       0.       0.       0.
                -0.      -1.      -0.      -1.      -0.       1.           -0.
 
  2013           0.       0.       0.       0.      -0.       0.
                -0.      -1.      -0.       0.      -0.       0.            0.
 
  2014          -0.       1.       1.      -0.      -0.      -0.
                 0.      -0.      -0.      -0.      -0.       0.            0.
 
  2015           0.       1.       0.      -0.      -1.      -0.
                 0.      -0.      -0.      -0.      -0.       0.            0.
 
  2016           0.      -0.      -0.      -0.       0.      -0.
                 0.      -0.      -1.      -0.      -0.       0.           -0.
 
  AVGE           0.       0.       0.      -0.      -0.       0.
                -0.      -0.      -0.      -0.       0.       0.

  Table Total-          -2.   Mean-        -0.   Std. Dev.-         1.
                              Min -        -2.        Max -         2.
        ces_hours 49740            PAGE   7, SERIES ces_hours_log_ad

 D 8.B  Final unmodified SI ratios, with labels for outliers and extreme values
  From  2007.Jan to 2016.Dec
  Observations        120
 ---------------------------------------------------------------------
               Jan       Feb       Mar       Apr       May       Jun  
               Jul       Aug       Sep       Oct       Nov       Dec  
 ---------------------------------------------------------------------
  2007          1.*       1.        0.       -0.        0.       -0.  
               -1.       -0.       -0.        1.*       0.        0.  
 
  2008          0.        1.        1.*      -1.       -2.*       0.  
               -1.       -2.*      -1.*      -0.        2.*       1.* 
 
  2009          0.       -1.*      -0.       -1.        0.        0.  
               -1.        0.        0.       -1.*      -0.        0.  
 
  2010         -0.        0.        0.        0.        0.       -0.* 
               -0.        0.        0.       -0.       -0.        0.  
 
  2011         -0.        0.        0.       -0.        0.        1.  
               -1.       -0.        0.        0.       -0.        0.  
 
  2012         -0.        0.        1.*       0.        0.*       0.  
               -0.       -1.*      -0.       -1.*      -0.        1.  
 
  2013          0.        0.        0.        0.*      -0.        0.  
               -0.       -1.       -0.        0.       -0.        0.  
 
  2014         -0.        1.        1.*      -0.       -0.*      -0.  
                0.       -0.       -0.       -0.       -0.        0.  
 
  2015          0.        1.*       0.       -0.       -1.*      -0.  
                0.       -0.       -0.       -0.       -0.        0.  
 
  2016          0.*      -0.*      -0.       -0.        0.       -0.  
                0.       -0.       -1.*      -0.       -0.        0.  
 

  Key to symbols:
    *  : extreme value as determined by X-11 extreme value procedure
 
        ces_hours 49740            PAGE   8, SERIES ces_hours_log_ad

 D 9  Final replacement values for SI ratios
  From  2007.Jan to 2016.Dec
  Observations        120
 ---------------------------------------------------------------
               Jan      Feb      Mar      Apr      May      Jun 
               Jul      Aug      Sep      Oct      Nov      Dec 
 ---------------------------------------------------------------
  2007           1. ******** ******** ******** ******** ********
           ******** ******** ********       0. ******** ********
 
  2008     ******** ********       1. ********      -0. ********
           ********      -0.      -0. ********      -0.       1.
 
  2009     ********       0. ******** ******** ******** ********
           ******** ******** ********      -1. ******** ********
 
  2010     ******** ******** ******** ******** ********      -0.
           ******** ******** ******** ******** ******** ********
 
  2011     ******** ******** ******** ******** ******** ********
           ******** ******** ******** ******** ******** ********
 
  2012     ******** ********       0. ********       0. ********
           ********      -1. ********      -0. ******** ********
 
  2013     ******** ******** ********       0. ******** ********
           ******** ******** ******** ******** ******** ********
 
  2014     ******** ********       0. ********      -0. ********
           ******** ******** ******** ******** ******** ********
 
  2015     ********       0. ******** ********      -0. ********
           ******** ******** ******** ******** ******** ********
 
  2016           0.       0. ******** ******** ******** ********
           ******** ********      -0. ******** ******** ********
 

 D 9.A  Moving seasonality ratio
 ---------------------------------------------------------------
               Jan      Feb      Mar      Apr      May      Jun 
 ---------------------------------------------------------------
   I          0.297    0.247    0.289    0.248    0.245    0.344
   S          0.081    0.047    0.024    0.080    0.048    0.056
 RATIO        3.667    5.245   11.861    3.112    5.055    6.170



 ---------------------------------------------------------------
               Jul      Aug      Sep      Oct      Nov      Dec 
 ---------------------------------------------------------------
   I          0.303    0.297    0.154    0.331    0.144    0.313
   S          0.093    0.058    0.057    0.047    0.024    0.043
 RATIO        3.273    5.080    2.700    7.025    5.946    7.284



        ces_hours 49740            PAGE   9, SERIES ces_hours_log_ad

 D 10  Final seasonal factors
  From  2007.Jan to 2016.Dec
  Observations        120
  Seasonal filter    3 x 5 moving average
 -----------------------------------------------------------------------------
               Jan      Feb      Mar      Apr      May      Jun 
               Jul      Aug      Sep      Oct      Nov      Dec         AVGE  
 -----------------------------------------------------------------------------
  2007           0.       1.       0.      -0.       0.      -0.
                -1.      -0.       0.      -0.      -0.       1.            0.
 
  2008           0.       0.       0.      -0.       0.      -0.
                -1.      -0.       0.      -0.      -0.       0.            0.
 
  2009           0.       0.       0.      -0.       0.       0.
                -1.      -0.       0.      -0.      -0.       0.            0.
 
  2010          -0.       0.       0.      -0.       0.       0.
                -1.      -0.       0.      -0.      -0.       0.           -0.
 
  2011          -0.       0.       0.       0.       0.       0.
                -0.      -0.       0.      -0.      -0.       0.           -0.
 
  2012          -0.       0.       0.       0.       0.       0.
                -0.      -0.      -0.      -0.      -0.       0.           -0.
 
  2013          -0.       0.       0.       0.       0.       0.
                -0.      -0.      -0.      -0.      -0.       0.           -0.
 
  2014           0.       0.       0.      -0.      -0.       0.
                -0.      -0.      -0.      -0.      -0.       0.            0.
 
  2015           0.       0.       0.      -0.      -0.      -0.
                -0.      -0.      -0.      -0.      -0.       0.            0.
 
  2016           0.       0.       0.      -0.      -0.      -0.
                -0.      -0.      -0.      -0.      -0.       0.            0.
 
  AVGE           0.       0.       0.      -0.       0.       0.
                -0.      -0.      -0.      -0.      -0.       0.

  Table Total-          -0.   Mean-        -0.   Std. Dev.-         0.
                              Min -        -1.        Max -         1.

 D 10.A  Final seasonal component forecasts
  From  2017.Jan to 2017.Dec
  Observations         12
 -----------------------------------------------------------------------------
               Jan      Feb      Mar      Apr      May      Jun 
               Jul      Aug      Sep      Oct      Nov      Dec         AVGE  
 -----------------------------------------------------------------------------
  2017           0.       0.       0.      -0.      -0.      -0.
                 0.      -0.      -0.      -0.      -0.       0.            0.
 
        ces_hours 49740            PAGE  10, SERIES ces_hours_log_ad

 D 11  Final seasonally adjusted data
  From  2007.Jan to 2016.Dec
  Observations        120
 -----------------------------------------------------------------------------
               Jan      Feb      Mar      Apr      May      Jun 
               Jul      Aug      Sep      Oct      Nov      Dec        TOTAL  
 -----------------------------------------------------------------------------
  2007          34.      33.      33.      32.      32.      31.
                31.      32.      32.      33.      32.      32.          386.
 
  2008          32.      32.      32.      31.      29.      30.
                30.      28.      28.      30.      32.      30.          363.
 
  2009          30.      29.      30.      30.      30.      30.
                30.      30.      30.      29.      29.      29.          355.
 
  2010          29.      29.      30.      30.      30.      30.
                31.      31.      31.      32.      32.      32.          368.
 
  2011          32.      32.      32.      32.      33.      33.
                33.      33.      34.      34.      34.      34.          395.
 
  2012          34.      34.      35.      35.      35.      35.
                34.      34.      34.      33.      34.      34.          412.
 
  2013          34.      34.      34.      35.      34.      35.
                34.      34.      34.      35.      35.      35.          413.
 
  2014          35.      35.      36.      35.      35.      36.
                36.      37.      37.      37.      37.      37.          432.
 
  2015          37.      38.      37.      37.      36.      36.
                36.      36.      36.      36.      36.      36.          436.
 
  2016          36.      35.      35.      35.      36.      35.
                36.      35.      35.      35.      35.      35.          424.
 
  AVGE          33.      33.      33.      33.      33.      33.
                33.      33.      33.      33.      33.      33.

  Table Total-        3984.   Mean-        33.   Std. Dev.-         2.
                              Min -        28.        Max -        38.
        ces_hours 49740            PAGE  11, SERIES ces_hours_log_ad

 D 12  Final trend cycle
  From  2007.Jan to 2016.Dec
  Observations        120
  Trend filter    13-term Henderson moving average
  I/C ratio        1.67
 -----------------------------------------------------------------------------
               Jan      Feb      Mar      Apr      May      Jun 
               Jul      Aug      Sep      Oct      Nov      Dec        TOTAL  
 -----------------------------------------------------------------------------
  2007          34.      33.      33.      32.      32.      32.
                31.      32.      32.      32.      32.      32.          386.
 
  2008          32.      32.      31.      31.      30.      30.
                30.      30.      30.      30.      30.      30.          365.
 
  2009          30.      30.      30.      30.      30.      30.
                30.      30.      30.      29.      29.      29.          356.
 
  2010          29.      29.      30.      30.      30.      31.
                31.      31.      31.      32.      32.      32.          368.
 
  2011          32.      32.      32.      32.      33.      33.
                33.      33.      33.      34.      34.      34.          395.
 
  2012          34.      34.      35.      35.      35.      35.
                34.      34.      34.      34.      34.      34.          412.
 
  2013          34.      34.      34.      34.      34.      34.
                34.      34.      34.      34.      35.      35.          413.
 
  2014          35.      35.      35.      35.      36.      36.
                36.      36.      37.      37.      37.      37.          431.
 
  2015          37.      37.      37.      37.      36.      36.
                36.      36.      36.      36.      36.      36.          436.
 
  2016          36.      35.      35.      35.      35.      35.
                35.      35.      35.      35.      35.      35.          424.
 
  AVGE          33.      33.      33.      33.      33.      33.
                33.      33.      33.      33.      33.      33.

  Table Total-        3986.   Mean-        33.   Std. Dev.-         2.
                              Min -        29.        Max -        37.
        ces_hours 49740            PAGE  12, SERIES ces_hours_log_ad

 D 13  Final irregular component
  From  2007.Jan to 2016.Dec
  Observations        120
 -----------------------------------------------------------------------------
               Jan      Feb      Mar      Apr      May      Jun 
               Jul      Aug      Sep      Oct      Nov      Dec         S.D.  
 -----------------------------------------------------------------------------
  2007           1.      -0.      -0.      -0.       0.      -0.
                -0.       0.      -0.       1.       0.      -0.            0.
 
  2008          -0.       0.       1.      -0.      -2.       0.
                 0.      -1.      -1.      -0.       2.       1.            1.
 
  2009           0.      -1.      -0.      -0.       0.       0.
                -0.       0.       0.      -1.       0.       0.            0.
 
  2010          -0.      -0.      -0.       0.      -0.      -1.
                 0.       0.      -0.       0.       0.      -0.            0.
 
  2011           0.      -0.       0.      -0.       0.       0.
                -0.      -0.       0.       0.       0.      -0.            0.
 
  2012          -0.      -0.       1.       0.       0.       0.
                -0.      -0.       0.      -1.      -0.       0.            0.
 
  2013           0.      -0.      -0.       0.      -0.       0.
                -0.      -0.      -0.       0.       0.      -0.            0.
 
  2014          -0.       0.       1.      -0.      -0.      -0.
                 0.       0.      -0.      -0.       0.      -0.            0.
 
  2015           0.       1.       0.      -0.      -0.      -0.
                 0.       0.      -0.      -0.      -0.       0.            0.
 
  2016           0.      -1.      -0.      -0.       0.      -0.
                 0.      -0.      -0.       0.      -0.       0.            0.
 
  S.D.           0.       1.       0.       0.       1.       0.
                 0.       0.       0.       0.       1.       0.

  Table Total-          -2.   Mean-        -0.   Std. Dev.-         0.
                              Min -        -2.        Max -         2.
        ces_hours 49740            PAGE  13, SERIES ces_hours_log_ad

 D 16  Combined adjustment factors
  From  2007.Jan to 2016.Dec
  Observations        120
 -----------------------------------------------------------------------------
               Jan      Feb      Mar      Apr      May      Jun 
               Jul      Aug      Sep      Oct      Nov      Dec         AVGE  
 -----------------------------------------------------------------------------
  2007           0.       1.       0.      -0.       0.      -0.
                -1.      -0.       0.      -0.      -0.       1.            0.
 
  2008           0.       0.       0.      -0.       0.      -0.
                -1.      -0.       0.      -0.      -0.       0.            0.
 
  2009           0.       0.       0.      -0.       0.       0.
                -1.      -0.       0.      -0.      -0.       0.            0.
 
  2010          -0.       0.       0.      -0.       0.       0.
                -1.      -0.       0.      -0.      -0.       0.           -0.
 
  2011          -0.       0.       0.       0.       0.       0.
                -0.      -0.       0.      -0.      -0.       0.           -0.
 
  2012          -0.       0.       0.       0.       0.       0.
                -0.      -0.      -0.      -0.      -0.       0.           -0.
 
  2013          -0.       0.       0.       0.       0.       0.
                -0.      -0.      -0.      -0.      -0.       0.           -0.
 
  2014           0.       0.       0.      -0.      -0.       0.
                -0.      -0.      -0.      -0.      -0.       0.            0.
 
  2015           0.       0.       0.      -0.      -0.      -0.
                -0.      -0.      -0.      -0.      -0.       0.            0.
 
  2016           0.       0.       0.      -0.      -0.      -0.
                -0.      -0.      -0.      -0.      -0.       0.            0.
 
  AVGE           0.       0.       0.      -0.       0.       0.
                -0.      -0.      -0.      -0.      -0.       0.

  Table Total-          -0.   Mean-        -0.   Std. Dev.-         0.
                              Min -        -1.        Max -         1.

 D 16.A  Combined adjustment component forecasts
  From  2017.Jan to 2017.Dec
  Observations         12
 -----------------------------------------------------------------------------
               Jan      Feb      Mar      Apr      May      Jun 
               Jul      Aug      Sep      Oct      Nov      Dec         AVGE  
 -----------------------------------------------------------------------------
  2017           0.       0.       0.      -0.      -0.      -0.
                 0.      -0.      -0.      -0.      -0.       0.            0.
 
        ces_hours 49740            PAGE  14, SERIES ces_hours_log_ad

 E 4  Differences of annual totals
  From          2007 to 2016
  Observations         10
 -----------------------------------
  Year       Unmodified     Modified
                  (D11)         (E2)
 -----------------------------------
  2007               0.           0.
 
  2008               0.           0.
 
  2009               0.           0.
 
  2010              -0.          -0.
 
  2011              -0.          -0.
 
  2012              -0.          -0.
 
  2013              -0.          -0.
 
  2014               0.           0.
 
  2015               0.           0.
 
  2016               0.           0.
 
        ces_hours 49740            PAGE  15, SERIES ces_hours_log_ad

 E 5  Month-to-month differences in the original series
  From  2007.Feb to 2016.Dec
  Observations        119
 -----------------------------------------------------------------------------
               Jan      Feb      Mar      Apr      May      Jun 
               Jul      Aug      Sep      Oct      Nov      Dec         AVGE  
 -----------------------------------------------------------------------------
  2007                   -1.      -1.      -1.       0.      -0.
                -1.       1.       0.       1.      -0.       0.           -0.
 
  2008          -0.       0.      -0.      -2.      -2.       2.
                -1.      -1.       0.       1.       2.      -1.           -0.
 
  2009          -1.      -1.       1.      -0.       1.       0.
                -1.       1.       0.      -2.       1.       1.           -0.
 
  2010          -1.       1.       0.       1.       0.      -0.
                 1.       1.       0.       0.       0.       0.            0.
 
  2011          -0.       0.       1.      -0.       0.       1.
                -1.       1.       1.       0.       0.       0.            0.
 
  2012          -0.       1.       1.      -1.       0.      -0.
                -1.      -1.       1.      -1.       0.       1.            0.
 
  2013          -0.       0.      -0.       0.      -0.       0.
                -1.      -0.       0.       0.       0.       0.            0.
 
  2014          -0.       1.       1.      -1.       0.       1.
                 0.       0.      -0.       0.       0.       0.            0.
 
  2015           0.       1.      -1.      -1.      -0.       0.
                 0.      -0.      -0.      -0.       0.       1.           -0.
 
  2016          -0.      -1.       0.      -0.       0.      -0.
                 0.      -0.      -1.       1.      -0.       0.           -0.
 
  AVGE          -0.       0.       0.      -1.      -0.       0.
                -0.      -0.       0.       0.       0.       0.

  Table Total-           1.   Mean-         0.   Std. Dev.-         1.
                              Min -        -2.        Max -         2.
        ces_hours 49740            PAGE  16, SERIES ces_hours_log_ad

 E 6  Month-to-month differences in seasonally adjusted series (D11)
  From  2007.Feb to 2016.Dec
  Observations        119
 -----------------------------------------------------------------------------
               Jan      Feb      Mar      Apr      May      Jun 
               Jul      Aug      Sep      Oct      Nov      Dec         AVGE  
 -----------------------------------------------------------------------------
  2007                   -1.      -1.      -0.      -0.      -0.
                -0.       0.      -0.       1.      -1.      -0.           -0.
 
  2008           0.       0.       0.      -1.      -2.       2.
                -0.      -2.       0.       1.       2.      -1.           -0.
 
  2009          -1.      -1.       1.      -0.       0.       0.
                -0.       0.      -0.      -1.       1.       0.           -0.
 
  2010          -0.       0.       0.       1.      -0.      -0.
                 1.       0.       0.       0.      -0.      -0.            0.
 
  2011           0.      -0.       1.      -0.       0.       0.
                -1.       1.       1.       0.       0.      -0.            0.
 
  2012           0.       0.       1.      -1.       0.      -0.
                -0.      -1.       0.      -1.       0.       1.            0.
 
  2013           0.      -0.      -0.       0.      -0.       0.
                -0.      -0.       0.       0.       0.      -0.            0.
 
  2014          -0.       1.       1.      -1.       0.       1.
                 1.       0.      -0.       0.       0.      -0.            0.
 
  2015           0.       1.      -1.      -0.      -0.      -0.
                 0.      -0.      -0.      -0.      -0.       0.           -0.
 
  2016           0.      -1.       0.       0.       0.      -0.
                 0.      -0.      -1.       1.      -0.      -0.           -0.
 
  AVGE           0.      -0.       0.      -0.      -0.       0.
                 0.      -0.      -0.       0.       0.      -0.

  Table Total-           1.   Mean-         0.   Std. Dev.-         1.
                              Min -        -2.        Max -         2.
        ces_hours 49740            PAGE  17, SERIES ces_hours_log_ad

 E 7  Month-to-month differences in final trend cycle (D12)
  From  2007.Feb to 2016.Dec
  Observations        119
 -----------------------------------------------------------------------------
               Jan      Feb      Mar      Apr      May      Jun 
               Jul      Aug      Sep      Oct      Nov      Dec         AVGE  
 -----------------------------------------------------------------------------
  2007                   -0.      -0.      -0.      -0.      -0.
                -0.       0.       0.       0.       0.       0.           -0.
 
  2008          -0.      -0.      -0.      -0.      -0.      -0.
                -0.      -0.      -0.       0.       0.       0.           -0.
 
  2009           0.      -0.      -0.       0.       0.       0.
                -0.      -0.      -0.      -0.      -0.      -0.           -0.
 
  2010           0.       0.       0.       0.       0.       0.
                 0.       0.       0.       0.       0.       0.            0.
 
  2011           0.       0.       0.       0.       0.       0.
                 0.       0.       0.       0.       0.       0.            0.
 
  2012           0.       0.       0.       0.      -0.      -0.
                -0.      -0.      -0.      -0.       0.       0.            0.
 
  2013           0.       0.       0.      -0.      -0.      -0.
                 0.       0.       0.       0.       0.       0.            0.
 
  2014           0.       0.       0.       0.       0.       0.
                 0.       0.       0.       0.       0.       0.            0.
 
  2015           0.      -0.      -0.      -0.      -0.      -0.
                -0.      -0.      -0.      -0.      -0.      -0.           -0.
 
  2016          -0.      -0.      -0.      -0.      -0.      -0.
                -0.      -0.      -0.      -0.      -0.      -0.           -0.
 
  AVGE           0.      -0.      -0.      -0.      -0.      -0.
                 0.       0.       0.       0.       0.       0.

  Table Total-           2.   Mean-         0.   Std. Dev.-         0.
                              Min -        -0.        Max -         0.
        ces_hours 49740            PAGE  18, SERIES ces_hours_log_ad

 E 8  Month-to-month differences in original series adjusted for calendar factors (A18)
  From  2007.Feb to 2016.Dec
  Observations        119
 -----------------------------------------------------------------------------
               Jan      Feb      Mar      Apr      May      Jun 
               Jul      Aug      Sep      Oct      Nov      Dec         AVGE  
 -----------------------------------------------------------------------------
  2007                   -1.      -1.      -1.       0.      -1.
                -1.       1.       0.       1.      -0.       0.           -0.
 
  2008          -0.       0.      -0.      -2.      -2.       2.
                -1.      -1.       0.       1.       2.      -1.           -0.
 
  2009          -1.      -1.       1.      -0.       1.       0.
                -1.       0.       0.      -2.       1.       1.           -0.
 
  2010          -1.       1.       0.       1.       0.      -0.
                 1.       1.       0.       0.       0.       0.            0.
 
  2011          -0.       0.       0.      -0.       0.       1.
                -1.       1.       1.       0.       0.       0.            0.
 
  2012          -0.       1.       1.      -1.       0.      -0.
                -1.      -1.       1.      -1.       0.       1.            0.
 
  2013          -0.       0.      -0.       0.      -0.       0.
                -1.      -0.       0.       0.       0.       0.            0.
 
  2014          -0.       1.       1.      -1.       0.       1.
                 0.       0.      -0.       0.       0.       0.            0.
 
  2015           0.       1.      -1.      -1.      -1.       0.
                 0.      -0.      -0.      -0.       0.       1.           -0.
 
  2016          -0.      -1.       0.      -0.       0.      -0.
                 0.      -0.      -1.       1.      -0.       0.           -0.
 
  AVGE          -0.       0.       0.      -1.      -0.       0.
                -0.      -0.       0.       0.       0.       0.

  Table Total-           1.   Mean-         0.   Std. Dev.-         1.
                              Min -        -2.        Max -         2.
        ces_hours 49740            PAGE  19, SERIES ces_hours_log_ad

 E 18  Final adjustment ratios
  From  2007.Jan to 2016.Dec
  Observations        120
 -----------------------------------------------------------------------------
               Jan      Feb      Mar      Apr      May      Jun 
               Jul      Aug      Sep      Oct      Nov      Dec         AVGE  
 -----------------------------------------------------------------------------
  2007      100.940  101.633  100.531   98.658  100.055   99.911
             97.854   99.389  100.191   99.320   99.918  101.601       100.000
 
  2008      100.774  101.529  100.574   98.785  100.090   99.963
             97.835   99.324  100.285   99.392   99.897  101.492        99.995
 
  2009      100.286  101.444  100.720   99.107  100.230  100.140
             98.063   99.248  100.357   99.407   99.721  101.416       100.012
 
  2010       99.859  101.127  100.723   99.564  100.387  100.426
             98.315   99.103  100.360   99.515   99.605  101.100       100.007
 
  2011       99.535  100.932  100.688  100.030  100.378  100.459
             98.694   98.980  100.159   99.580   99.525  100.890        99.987
 
  2012       99.634  100.875  100.648  100.215  100.214  100.432
             98.989   98.922   99.857   99.640   99.528  100.796        99.979
 
  2013       99.833  101.033  100.700  100.174  100.027  100.256
             99.343   98.943   99.477   99.630   99.553  100.924        99.991
 
  2014      100.144  101.115  100.642   99.967   99.798  100.123
             99.636   99.147   99.282   99.565   99.662  100.972       100.005
 
  2015      100.301  101.096  100.605   99.782   99.623   99.924
             99.893   99.368   99.113   99.475   99.735  101.042        99.996
 
  2016      100.419  101.163  100.691   99.611   99.493   99.842
             99.981   99.510   99.045   99.446   99.809  101.043       100.005
 
  AVGE      100.173  101.195  100.652   99.589  100.029  100.148
             98.860   99.193   99.813   99.497   99.695  101.128

  Table Total-       12000.   Mean-       100.   Std. Dev.-         1.
                              Min -        98.        Max -       102.

 E 18.A  Final adjustment ratio forecasts
  From  2017.Jan to 2017.Dec
  Observations         12
 -----------------------------------------------------------------------------
               Jan      Feb      Mar      Apr      May      Jun 
               Jul      Aug      Sep      Oct      Nov      Dec         AVGE  
 -----------------------------------------------------------------------------
  2017      100.465  101.116  100.723   99.506   99.475   99.775
            100.056   99.575   99.042   99.419   99.799  101.067       100.001
 

  QS statistic for seasonality:
  Original Series                                     4.13  (P-Value =     0.1268)
  Original Series (EV adj)                            4.13  (P-Value =     0.1268)
  Residuals                                           0.00  (P-Value =     1.0000)
  Seasonally Adjusted Series                          0.00  (P-Value =     1.0000)
  Seasonally Adjusted Series (EV adj)                 0.00  (P-Value =     1.0000)
  Irregular Series                                    0.00  (P-Value =     1.0000)
  Irregular Series (EV adj)                           0.00  (P-Value =     1.0000)

  QS statistic for seasonality (starting 2009.Jan):
  Original Series                                    10.70  (P-Value =     0.0048)
  Original Series (EV adj)                           10.70  (P-Value =     0.0048)
  Residuals                                           0.00  (P-Value =     1.0000)
  Seasonally Adjusted Series                          0.00  (P-Value =     1.0000)
  Seasonally Adjusted Series (EV adj)                 0.00  (P-Value =     1.0000)
  Irregular Series                                    0.00  (P-Value =     1.0000)
  Irregular Series (EV adj)                           0.00  (P-Value =     1.0000)
        ces_hours 49740            PAGE  20, SERIES ces_hours_log_ad
 G 0  10*LOG(SPECTRUM) of the differenced Original Series
      (Table A1 or B1).  Spectrum estimated from 2009.Jan to 2016.Dec.
 ++++++++++I+++++++++++++++++++++++++++++++++++++++++++++++++++++++++++++I
       3.90I                                        S                    I      3.90
           I                                        S                    I
           I                                        S                    I
           I                                        S                    I
       2.59I                                        S                    I      2.59
           I                                        S                    I
           I                                        S                    I
           I                                        S                    I
       1.27I                                        S                    I      1.27
           I                                        S                    I
           I                                        S                    I
           I                                        S             *      I
      -0.05I                                        S    *        *      I     -0.05
           I                                        S    *        *      I
           I                                       *S    *        *      I
           I                                       *S*   *        *      I
      -1.36I                                       *S*   *        *      I     -1.36
           I                                       *S*   *        *      I
           I                                       *S*   *        *      I
           I                                       *S*   *        *      I
      -2.68I                                       *S*   *        *      I     -2.68
           I                             *         *S*   **       *      I
           I                             *    *    *S*   **       *      I
           I                             *   **    *S*  ***       *      I
      -4.00I                             *   **    *S*  ***       **     I     -4.00
           I           *         **      *   **    *S*  ***       **     I
           I   *       *         **      *   **    *S*T ***       **     I
           I   *       *         **      *   **    *S*T ***       **     I
      -5.31I   *      S*         ***    **   **    *S*T *** **    **     I     -5.31
           I   *      S*         ****   **   **    *S*T ******    **     I
           I   *      S*         ****   **   **    *S*T*******    **     I
           I   *      S*        S****   **   **    *S*T*******    **     I
      -6.63I   *      S*        S*****  **S  **    *S*T*******    **     I     -6.63
           I  **      S*        S*****  **S  **    *S*T*******    **     I
           I  **      S*        S*****  **S  **   **S*T*******    **     I
           I  **      S*     *  S*****  **S  **   **S*T*******    **     I
      -7.95I  **      S*     ***S*********S  **   **S*T*******    ***    I     -7.95
           I  **     *S*     ***S*********S ***   **S*T*******    *** *  I
           I  **   ***S*     ***S*********S ***   **S*T*******    *****  I
           I  **   ***S*     ***S*********S*****  **S*T*******S  ******  I
      -9.26I  **   ***S**   ****S*********S*****  **S*T*******S  ******  I     -9.26
           I  ***  ***S**   ****S*********S*****  **S*T*******S  ******* I
           I  ***  ***S**   ****S*********S*****  **S*T*******S  ******* I
           I  *** ****S**   ****S*********S***** ***S*T*******S  *******SI
     -10.58I  *** ****S**   ****S*********S***** ***S*T*******S  *******SI    -10.58
           I  ********S**   ****S*********S*********S*T*******S  *******SI
           I  ********S**   ****S*********S*********S*T*******S* *******SI
           I  ********S**  *****S*********S*********S*T*******S*T*******SI
     -11.90I *********S**  *****S*********S*********S*T*******S*T*******SI    -11.90
           I *********S*** *****S*********S*********S*T*******S*T*******SI
           I *********S*********S*********S*********S*T*******S*T*******SI
           I *********S*********S*********S*********S*T*******S*T*******SI
     -13.21I**********S*********S*********S*********S*T*******S*T*******SI    -13.21
 ++++++++++I+++++++++++++++++++++++++++++++++++++++++++++++++++++++++++++I
            S=SEASONAL FREQUENCIES, T=TRADING DAY FREQUENCIES
        ces_hours 49740            PAGE  21, SERIES ces_hours_log_ad
 G 1  10*LOG(SPECTRUM) of the differenced seasonally adjusted 
      data (Table E2).  Spectrum estimated from 2009.Jan to 2016.Dec.
 ++++++++++I+++++++++++++++++++++++++++++++++++++++++++++++++++++++++++++I
      -2.31I                                             *               I     -2.31
           I                                             *               I
           I                                             *               I
           I                                 *           *               I
      -3.44I                                 *           *               I     -3.44
           I                                 *           *               I
           I                                 *           *               I
           I                                 *           *               I
      -4.57I                                 *           *               I     -4.57
           I                                 *           *       *       I
           I                                 *           *       *       I
           I   *                             *           **      *       I
      -5.70I   *                             *           **      *       I     -5.70
           I   *                             *          ***      *       I
           I   *              *              *          ***      *       I
           I   *              *              **         ***      *       I
      -6.83I   *   *          *              **         ***      *       I     -6.83
           I  **   *          *        *     **         ***      *       I
           I  **   *          *        *    ***         ***      *       I
           I  **   *          *        *    ***         ***      *       I
      -7.97I  **   *          *        *    ***         ***     T*       I     -7.97
           I  **   *          *        **   ****        ***     T*       I
           I  **   *          *        **   ****        ***     T*   *   I
           I  **   *         **        **   *****       ****    T*   *   I
      -9.10I  **   **        **        **   *****       ****    T*   *   I     -9.10
           I  **   **        **        **   *****       ****    T*   *   I
           I  ***  **        ***       **   *****       ****    T*   *   I
           I  ***  **   *    ***       **   ******      ****    T*   *   I
     -10.23I  ***  **   *    ***       **   ******      ****    T*   *   I    -10.23
           I  *** ***   *    ***      ***   ******     *****    T*   *   I
           I **** ***   *    ***   *  ***   ********S  *****    T*   *   I
           I **** ***   *    ***  **  ***   ********S* *****    T*   *   I
     -11.36I **** ***   *    ***  **  ***   ********S*T*****    T*  **   I    -11.36
           I ********   *    ***S**** ***   ********S*T*****    T** **   I
           I*********   *    ***S********* *********S*T******   T** **   I
           I*********   **   ***S********* *********S*T******   T** **   I
     -12.49I*********  ***   ***S********* *********S*T******   T** ***  I    -12.49
           I*********  ***   ***S********* *********S*T******   T** ***  I
           I********** ***   ***S********* *********S*T******  *T******  I
           I********** ***  ****S*********S*********S*T******  *T******  I
     -13.62I********** ***  ****S*********S*********S*T******  *T******  I    -13.62
           I**********S***  ****S*********S*********S*T******* *T******  I
           I**********S***  ****S*********S*********S*T******* *T******  I
           I**********S***  ****S*********S*********S*T*******S*T******  I
     -14.75I**********S***  ****S*********S*********S*T*******S*T******  I    -14.75
           I**********S**** ****S*********S*********S*T*******S*T******  I
           I**********S*********S*********S*********S*T*******S*T******  I
           I**********S*********S*********S*********S*T*******S*T******  I
     -15.88I**********S*********S*********S*********S*T*******S*T******  I    -15.88
           I**********S*********S*********S*********S*T*******S*T******* I
           I**********S*********S*********S*********S*T*******S*T******* I
           I**********S*********S*********S*********S*T*******S*T******* I
     -17.01I**********S*********S*********S*********S*T*******S*T*******SI    -17.01
 ++++++++++I+++++++++++++++++++++++++++++++++++++++++++++++++++++++++++++I
            S=SEASONAL FREQUENCIES, T=TRADING DAY FREQUENCIES
        ces_hours 49740            PAGE  22, SERIES ces_hours_log_ad
 G 2  10*LOG(SPECTRUM) of the Modified Irregular (Table E3).  
      Spectrum estimated from 2009.Jan to 2016.Dec.
 ++++++++++I+++++++++++++++++++++++++++++++++++++++++++++++++++++++++++++I
      -7.03I                                                             I     -7.03
           I                  *              *                           I
           I                  *              *           *               I
           I                  *              *           *               I
      -8.83I                  *        *     *           *               I     -8.83
           I                  *        *     *           *               I
           I                  *        *     *           *               I
           I                  *        *     **          *               I
     -10.63I                  *   *    *     **          **      *       I    -10.63
           I                 **   *    **    **          **      *       I
           I                 **   *   ***   ***         ***      *       I
           I                 ***  **  ***   ***         ***      *       I
     -12.43I                 *** ***  ***   ***         ***      *       I    -12.43
           I                 *** ***  ***   ****        ***      *       I
           I                 ***S***  ***   ****        ***      *       I
           I                 ***S********   *****       ***      *       I
     -14.24I                 ***S*********  ******      ***     T*   *   I    -14.24
           I                 ***S********* *******      ***     T*   *   I
           I                 ***S********* ********    *****    T*   *   I
           I             *  ****S*********S********    *****    T*   *   I
     -16.04I             *  ****S*********S*********  T*****    T*   *   I    -16.04
           I             *  ****S*********S*********S*T*****    T*   *   I
           I            *** ****S*********S*********S*T*****    T*   *   I
           I            ********S*********S*********S*T*****    T**  *   I
     -17.84I            ********S*********S*********S*T******   T**  *   I    -17.84
           I            ********S*********S*********S*T******  *T** ***  I
           I            ********S*********S*********S*T******  *T** ***  I
           I            ********S*********S*********S*T******* *T** ***  I
     -19.64I        ** *********S*********S*********S*T*******S*T******  I    -19.64
           I        ** *********S*********S*********S*T*******S*T******  I
           I        **S*********S*********S*********S*T*******S*T******  I
           I        **S*********S*********S*********S*T*******S*T******  I
     -21.44I        **S*********S*********S*********S*T*******S*T******  I    -21.44
           I        **S*********S*********S*********S*T*******S*T******  I
           I        **S*********S*********S*********S*T*******S*T******* I
           I        **S*********S*********S*********S*T*******S*T******* I
     -23.24I       ***S*********S*********S*********S*T*******S*T******* I    -23.24
           I       ***S*********S*********S*********S*T*******S*T*******SI
           I       ***S*********S*********S*********S*T*******S*T*******SI
           I       ***S*********S*********S*********S*T*******S*T*******SI
     -25.04I       ***S*********S*********S*********S*T*******S*T*******SI    -25.04
           I       ***S*********S*********S*********S*T*******S*T*******SI
           I       ***S*********S*********S*********S*T*******S*T*******SI
           I       ***S*********S*********S*********S*T*******S*T*******SI
     -26.84I       ***S*********S*********S*********S*T*******S*T*******SI    -26.84
           I      ****S*********S*********S*********S*T*******S*T*******SI
           I      ****S*********S*********S*********S*T*******S*T*******SI
           I*     ****S*********S*********S*********S*T*******S*T*******SI
     -28.64I**    ****S*********S*********S*********S*T*******S*T*******SI    -28.64
           I**    ****S*********S*********S*********S*T*******S*T*******SI
           I**   *****S*********S*********S*********S*T*******S*T*******SI
           I***  *****S*********S*********S*********S*T*******S*T*******SI
     -30.44I**********S*********S*********S*********S*T*******S*T*******SI    -30.44
 ++++++++++I+++++++++++++++++++++++++++++++++++++++++++++++++++++++++++++I
            S=SEASONAL FREQUENCIES, T=TRADING DAY FREQUENCIES
        ces_hours 49740            PAGE  23, SERIES ces_hours_log_ad

  Peak probabilities for Tukey spectrum estimator
  Spectrum estimated from 2009.Jan to 2016.Dec.

                                          S1       S2       S3       S4       S5       S6       TD
                                        ------   ------   ------   ------   ------   ------   ------
  Model Residuals                        0.741    0.097    0.002    0.931*   0.251    0.138    0.669  
  Original Series (Table A1 or B1)       0.990*   0.095    0.119    0.987*   0.719    0.514    0.089  
  Seasonally adjusted series (E2)        0.786    0.025    0.005    0.886    0.120    0.287    0.157  
  Modified Irregular (E3)                0.772    0.029    0.006    0.891    0.124    0.287    0.170  
  ----------
     ** - Peak Probability > 0.99,
      * - 0.90 < Peak Probability < 0.99


