  Reading input spec file from D:\Programming\Dynamic Paper-dlrhcs_replication\outputs\empirical\unemployment\raw_sa_pilot\x13_work\ces_hours_log_additive_21500_200701_201612.spc

1

               U. S. Department of Commerce, U. S. Census Bureau

              X-13ARIMA-SEATS monthly seasonal adjustment Method,
                          Release Version 1.1 Build 62


           This software application provides an enhanced version of
             Statistics Canada's X-11-ARIMA extension (Dagum, 1980)
                 of the X-11 variant of the Census Method II of
                      Shiskin, Young and Musgrave (1967).

            It also provides an ARIMA model-based method following
       Hillmer and Tiao (1982) and Burman (1980) that is very similar
       to the update of the method of SEATS (Gomez and Maravall, 1996)
                produced at the Bank of Spain by G. Caporello and
               A. Maravall for TSW (Caporello and Maravall, 2004).
          The present application includes additional enhancements.

         X-13ARIMA-SEATS includes an automatic ARIMA model selection procedure
          based largely on the procedure of Gomez and Maravall (1998)
            as implemented in TRAMO (1996) and subsequent revisions.

              Primary Programmers: Brian Monsell, Mark Otto and,
                 for the ARIMA model-based signal extraction,
                      Gianluca Caporello and Victor Gomez


     Series Title- ces_hours 21500
     Series Name- ces_hours_log_ad
     Jul 29, 2026  08.40.16 

        -Period covered-  1st month,2007 to 12th month,2016
        -Type of run - additive seasonal adjustment

        -Sigma limits for graduating extreme values are  1.5 and  2.5 .
        -3x3 moving average used in section 1 of each iteration, 
         3x5 moving average in section 2 of iterations B and C,
         moving average for final seasonal factors chosen by Global MSR.
        -Holiday adjustment factors applied directly to the final seasonally adjusted series
        -Spectral plots generated for selected series
        -Spectral plots generated for series starting in 2009.Jan

 FILE SAVE REQUESTS (* indicates file exists and will be overwritten)
  D:\Programming\Dynamic Paper-dlrhcs_replication\outputs\empirical\unemployment\raw_sa_pilot\x13_work\ces_hours_log_additive_21500_200701_201612.d10  final seasonal factors
  D:\Programming\Dynamic Paper-dlrhcs_replication\outputs\empirical\unemployment\raw_sa_pilot\x13_work\ces_hours_log_additive_21500_200701_201612.d11  final seasonally adjusted data
  D:\Programming\Dynamic Paper-dlrhcs_replication\outputs\empirical\unemployment\raw_sa_pilot\x13_work\ces_hours_log_additive_21500_200701_201612.out  program output file
  D:\Programming\Dynamic Paper-dlrhcs_replication\outputs\empirical\unemployment\raw_sa_pilot\x13_work\ces_hours_log_additive_21500_200701_201612.err  program error file
        ces_hours 21500            PAGE   1, SERIES ces_hours_log_ad

     Contents of spc file D:\Programming\Dynamic Paper-dlrhcs_replication\outputs\empirical\unemployment\raw_sa_pilot\x13_work\ces_hours_log_additive_21500_200701_201612.spc

 Line #
 ------
      1: series {
      2:   title = "ces_hours 21500"
      3:   start = 2007.1
      4:   period = 12
      5:   data = (
      6: 35.9
      7: 36.1
      8: 36.2
      9: 36
     10: 35.5
     11: 35.7
     12: 36.7
     13: 36.6
     14: 36.7
     15: 36.5
     16: 36.2
     17: 36.7
     18: 35.3
     19: 35.6
     20: 36.5
     21: 36.4
     22: 36
     23: 36.2
     24: 35.3
     25: 35.7
     26: 35.6
     27: 35.7
     28: 35.8
     29: 35
     30: 34.7
     31: 34.7
     32: 35
     33: 34.6
     34: 34.5
     35: 34.1
     36: 33.8
     37: 34
     38: 33.5
     39: 34
     40: 34.1
     41: 33.7
     42: 33.3
     43: 33.7
     44: 34.1
     45: 34.3
     46: 34.1
     47: 34.2
     48: 34.4
     49: 34.5
     50: 34.3
     51: 34.6
     52: 34.7
     53: 34.3
     54: 34.3
     55: 34.1
     56: 34.5
     57: 35.1
     58: 35.3
     59: 35.9
     60: 35.3
     61: 35.1
     62: 35.6
     63: 35.7
     64: 35.8
     65: 36.3
     66: 35.8
     67: 35.4
     68: 35.6
     69: 35.8
     70: 35.9
     71: 35.2
     72: 35.6
     73: 35.9
     74: 36
     75: 34.9
     76: 34.8
     77: 35
     78: 34.9
     79: 34.1
     80: 34.6
     81: 34.6
     82: 34.2
     83: 34.2
     84: 33.7
     85: 33.9
     86: 33.4
     87: 33.6
     88: 33.5
     89: 33.5
     90: 32.8
     91: 32.8
     92: 32.7
     93: 32.7
     94: 32.8
     95: 33
     96: 33.3
     97: 33.1
     98: 33.4
     99: 33.5
    100: 33.2
    101: 33.6
    102: 33.3
    103: 33.1
    104: 33.7
    105: 33.2
    106: 33.4
    107: 33.4
    108: 34.1
    109: 33.6
    110: 32.9
    111: 33.7
    112: 33.6
    113: 33.3
    114: 33.3
    115: 32.5
    116: 32.5
    117: 32.5
    118: 33.3
    119: 33.4
    120: 33.1
    121: 33.2
    122: 32.3
    123: 33.2
    124: 33.6
    125: 34.8
    126:   )
    127: }
    128: transform { function = log }
    129: regression { aictest = (td easter) }
    130: automdl {}
    131: x11 { mode = add save = (d10 d11) }
        ces_hours 21500            PAGE   2, SERIES ces_hours_log_ad

 A 1  Time series data (for the span analyzed)
  From  2007.Jan to 2016.Dec
  Observations        120
 -----------------------------------------------------------------------------
               Jan      Feb      Mar      Apr      May      Jun 
               Jul      Aug      Sep      Oct      Nov      Dec        TOTAL  
 -----------------------------------------------------------------------------
  2007          36.      36.      36.      36.      36.      36.
                37.      37.      37.      37.      36.      37.          435.
 
  2008          35.      36.      37.      36.      36.      36.
                35.      36.      36.      36.      36.      35.          429.
 
  2009          35.      35.      35.      35.      35.      34.
                34.      34.      34.      34.      34.      34.          411.
 
  2010          33.      34.      34.      34.      34.      34.
                34.      35.      34.      35.      35.      34.          411.
 
  2011          34.      34.      35.      35.      35.      36.
                35.      35.      36.      36.      36.      36.          423.
 
  2012          36.      35.      36.      36.      36.      35.
                36.      36.      36.      35.      35.      35.          426.
 
  2013          35.      34.      35.      35.      34.      34.
                34.      34.      33.      34.      34.      34.          408.
 
  2014          33.      33.      33.      33.      33.      33.
                33.      33.      33.      34.      33.      34.          397.
 
  2015          33.      33.      34.      33.      33.      33.
                34.      34.      33.      34.      34.      33.          401.
 
  2016          33.      33.      33.      33.      33.      33.
                33.      33.      32.      33.      34.      35.          398.
 
  AVGE          34.      34.      35.      35.      35.      35.
                35.      35.      34.      35.      35.      35.

  Table Total-        4138.   Mean-        34.   Std. Dev.-         1.
                              Min -        32.        Max -        37.
        ces_hours 21500            PAGE   3, SERIES ces_hours_log_ad
                        Automatic ARIMA Model Selection

                    Procedure based closely on TRAMO method 
                         of Gomez and Maravall (2000)
              "Automatic Modeling Methods for Univariate Series",
                            A Course in Time Series
                  (Edited by D. Pena, G. C. Tiao, R. S. Tsay),
                         New York : J. Wiley and Sons


     Maximum order for regular ARMA parameters :   2
     Maximum order for seasonal ARMA parameters :   1
     Maximum order for regular differencing :   2
     Maximum order for seasonal differencing :   1

   Results of Unit Root Test for identifying orders of differencing:
     Regular difference order :   1
     Seasonal difference order :   0

     Mean is not significant.

  Automatic model choice : (0 1 1)


  Final Checks for Identified Model


  Checking for Unit Roots.
   No unit roots found.

  Checking for nonseasonal overdifferencing.
   Nonseasonal MA not within  0.001 of 1.0 - model passes test.

  Checking for insignificant ARMA coefficients.

  Final automatic model choice : (0 1 1)
   End of automatic model selection procedure.

 Average absolute percentage error in within-sample forecasts:
  Last year:   1.55      Last-1 year:   0.78     Last-2 year:   1.36
  Last three years:    1.23

 Estimation converged in    7 ARMA iterations,   15 function evaluations.

 ARIMA Model:  (0 1 1)
   Nonseasonal differences: 1
                                              Standard
 Parameter                    Estimate          Errors
 -----------------------------------------------------
 Nonseasonal MA                                    
   Lag  1                       0.2612         0.09371

 Variance                       0.15627E-03
 SE of Var                      0.20259E-04
 -----------------------------------------------------

 Likelihood Statistics
 ------------------------------------------------------------------
 Number of observations (nobs)                                  120
 Effective number of observations (nefobs)                      119
 Number of parameters estimated (np)                              2
 Log likelihood                                            352.5631
 Transformation Adjustment                                -421.2108
 Adjusted Log likelihood (L)                               -68.6476
 AIC                                                       141.2953 
 AICC (F-corrected-AIC)                                    141.3987 
 Hannan Quinn                                              143.5523 
 BIC                                                       146.8535 
 ------------------------------------------------------------------

 QS Statistic for regARIMA Model Residuals (full series):             1.44
                                                       (P-Value =     0.4876)

 QS Statistic for regARIMA Model Residuals (starting 2009.Jan):       0.73
                                                       (P-Value =     0.6942)
      10*LOG(SPECTRUM) of the regARIMA model residuals
      Spectrum estimated from 2009.Jan to 2016.Dec.
 ++++++++++I+++++++++++++++++++++++++++++++++++++++++++++++++++++++++++++I
     -33.19I                   *                                         I    -33.19
           I                   *S                                        I
           I                   *S                                        I
           I                   *S                                        I
     -34.17I                   *S                                        I    -34.17
           I                   *S                                        I
           I                   *S                                        I
           I   *               *S                                        I
     -35.15I   *               *S                                        I    -35.15
           I   *               *S                                        I
           I   *            *  *S           *                            I
           I   *            *  *S           **                           I
     -36.14I   *            *  *S        *  **               *S     *    I    -36.14
           I  **            *  *S        *S **               *S     *    I
           I  **            *  *S        *S **               *S     *    I
           I  **            *  *S        *S***               *S     *    I
     -37.12I  **            * **S        *S***               *S     *    I    -37.12
           I  **            * **S  *     *S***               *S     *    I
           I  **           *****S* *     *S***              **S     **   I
           I  **           *****S* **    *S***              **S     **   I
     -38.10I  **           *****S* **    *S***              **S     **   I    -38.10
           I  **           *****S* **    *S***   *         ***S*    **   I
           I  ***          *****S****    *S****  *         ***S*    **   I
           I  ***          *****S****    *S****  *        ****S*    **   I
     -39.08I  ***          *****S****    *S**** **        ****S*   ***   I    -39.08
           I  ***          *****S****   **S**** **        ****S*   ***   I
           I  ***          *****S****   **S**** **        ****S*   ***   I
           I  ***          *****S****   **S********       ****S*   ***   I
     -40.07I  ***          *****S****   **S********       ****S*   ***   I    -40.07
           I ********      *****S****   **S********       ****S*   ***   I
           I *********     *****S****   **S********      *****S*T  ***   I
           I *********     *****S*****  **S********      *****S*T ****   I
     -41.05I *********     *****S*****  **S********      *****S*T ****   I    -41.05
           I *********S    *****S*****  **S********      *****S*T*****   I
           I *********S    *****S*****  **S********* *T  *****S*T*****   I
           I**********S    *****S*****  **S********* *T  *****S*T*****   I
     -42.03I**********S   ******S***** ***S*********S*T ******S*T*****   I    -42.03
           I**********S   ******S***** ***S*********S*T*******S*T******  I
           I**********S   ******S*********S*********S*T*******S*T******  I
           I**********S   ******S*********S*********S*T*******S*T******  I
     -43.01I**********S*  ******S*********S*********S*T*******S*T******  I    -43.01
           I**********S*  ******S*********S*********S*T*******S*T******  I
           I**********S*  ******S*********S*********S*T*******S*T******  I
           I**********S*  ******S*********S*********S*T*******S*T******  I
     -44.00I**********S*  ******S*********S*********S*T*******S*T******  I    -44.00
           I**********S* *******S*********S*********S*T*******S*T******  I
           I**********S*********S*********S*********S*T*******S*T******  I
           I**********S*********S*********S*********S*T*******S*T******  I
     -44.98I**********S*********S*********S*********S*T*******S*T******  I    -44.98
           I**********S*********S*********S*********S*T*******S*T******* I
           I**********S*********S*********S*********S*T*******S*T******* I
           I**********S*********S*********S*********S*T*******S*T******* I
     -45.96I**********S*********S*********S*********S*T*******S*T*******SI    -45.96
 ++++++++++I+++++++++++++++++++++++++++++++++++++++++++++++++++++++++++++I
            S=SEASONAL FREQUENCIES, T=TRADING DAY FREQUENCIES


 FORECASTING
  Origin  2016.Dec
  Number        12

  Forecasts and Standard Errors of the Transformed Data
   ------------------------------
                         Standard
       Date   Forecast      Error
   ------------------------------
   2017.Jan       3.54      0.013
   2017.Feb       3.54      0.016
   2017.Mar       3.54      0.018
   2017.Apr       3.54      0.020
   2017.May       3.54      0.022
   2017.Jun       3.54      0.024
   2017.Jul       3.54      0.026
   2017.Aug       3.54      0.027
   2017.Sep       3.54      0.029
   2017.Oct       3.54      0.030
   2017.Nov       3.54      0.032
   2017.Dec       3.54      0.033
   ------------------------------

  Confidence intervals with coverage probability ( 0.95000
  On the Original Scale
   ---------------------------------------
       Date      Lower  Forecast     Upper
   ---------------------------------------
   2017.Jan      33.61     34.44     35.30
   2017.Feb      33.41     34.44     35.51
   2017.Mar      33.24     34.44     35.68
   2017.Apr      33.10     34.44     35.84
   2017.May      32.97     34.44     35.98
   2017.Jun      32.85     34.44     36.11
   2017.Jul      32.74     34.44     36.23
   2017.Aug      32.64     34.44     36.35
   2017.Sep      32.54     34.44     36.45
   2017.Oct      32.45     34.44     36.56
   2017.Nov      32.36     34.44     36.65
   2017.Dec      32.28     34.44     36.75
   ---------------------------------------
        ces_hours 21500            PAGE   4, SERIES ces_hours_log_ad

 B 1  Original series (prior adjusted)
  From  2007.Jan to 2016.Dec
  Observations        120
 -----------------------------------------------------------------------------
               Jan      Feb      Mar      Apr      May      Jun 
               Jul      Aug      Sep      Oct      Nov      Dec        TOTAL  
 -----------------------------------------------------------------------------
  2007          36.      36.      36.      36.      36.      36.
                37.      37.      37.      37.      36.      37.          435.
 
  2008          35.      36.      37.      36.      36.      36.
                35.      36.      36.      36.      36.      35.          429.
 
  2009          35.      35.      35.      35.      35.      34.
                34.      34.      34.      34.      34.      34.          411.
 
  2010          33.      34.      34.      34.      34.      34.
                34.      35.      34.      35.      35.      34.          411.
 
  2011          34.      34.      35.      35.      35.      36.
                35.      35.      36.      36.      36.      36.          423.
 
  2012          36.      35.      36.      36.      36.      35.
                36.      36.      36.      35.      35.      35.          426.
 
  2013          35.      34.      35.      35.      34.      34.
                34.      34.      33.      34.      34.      34.          408.
 
  2014          33.      33.      33.      33.      33.      33.
                33.      33.      33.      34.      33.      34.          397.
 
  2015          33.      33.      34.      33.      33.      33.
                34.      34.      33.      34.      34.      33.          401.
 
  2016          33.      33.      33.      33.      33.      33.
                33.      33.      32.      33.      34.      35.          398.
 
  AVGE          34.      34.      35.      35.      35.      35.
                35.      35.      34.      35.      35.      35.

  Table Total-        4138.   Mean-        34.   Std. Dev.-         1.
                              Min -        32.        Max -        37.

 B 1.A  Forecasts of (prior adjusted) original series
  From  2017.Jan to 2017.Dec
  Observations         12
 -----------------------------------------------------------------------------
               Jan      Feb      Mar      Apr      May      Jun 
               Jul      Aug      Sep      Oct      Nov      Dec        TOTAL  
 -----------------------------------------------------------------------------
  2017          34.      34.      34.      34.      34.      34.
                34.      34.      34.      34.      34.      34.          413.
 
        ces_hours 21500            PAGE   5, SERIES ces_hours_log_ad

 C 17  Final weights for irregular component
  From  2007.Jan to 2016.Dec
  Observations        120
  Lower sigma limit    1.50
  Upper sigma limit    2.50
 -----------------------------------------------------------------------------
               Jan      Feb      Mar      Apr      May      Jun 
               Jul      Aug      Sep      Oct      Nov      Dec         S.D.  
 -----------------------------------------------------------------------------
  2007         100.     100.     100.     100.       5.      48.
                 0.     100.      75.     100.      26.       0.           18.
 
  2008          49.     100.     100.     100.     100.     100.
                 8.     100.     100.     100.     100.     100.           18.
 
  2009         100.     100.     100.     100.     100.     100.
               100.     100.     100.     100.     100.     100.           18.
 
  2010         100.     100.     100.     100.     100.     100.
               100.     100.     100.     100.     100.     100.           18.
 
  2011         100.     100.     100.     100.     100.       0.
               100.       0.     100.     100.     100.      18.           17.
 
  2012         100.     100.     100.     100.     100.       0.
               100.     100.       0.       0.      30.     100.           17.
 
  2013         100.     100.     100.     100.     100.     100.
               100.     100.     100.     100.     100.     100.           20.
 
  2014         100.     100.     100.     100.     100.     100.
               100.     100.     100.     100.     100.     100.           20.
 
  2015         100.     100.       0.     100.     100.     100.
                 0.     100.       0.     100.     100.     100.           17.
 
  2016         100.     100.     100.     100.      51.      29.
               100.     100.       0.     100.     100.       0.           17.
 
        ces_hours 21500            PAGE   6, SERIES ces_hours_log_ad

 D 8  Final unmodified SI ratios
  From  2007.Jan to 2016.Dec
  Observations        120
 -----------------------------------------------------------------------------
               Jan      Feb      Mar      Apr      May      Jun 
               Jul      Aug      Sep      Oct      Nov      Dec         AVGE  
 -----------------------------------------------------------------------------
  2007          -0.      -0.       0.       0.      -0.      -0.
                 1.       0.       0.       0.      -0.       1.            0.
 
  2008          -1.      -1.       0.       0.      -0.       0.
                -1.      -0.      -0.       0.       0.      -0.           -0.
 
  2009          -0.      -0.       0.       0.       0.       0.
                -0.       0.      -0.       0.       0.      -0.            0.
 
  2010          -1.      -0.       0.       0.      -0.      -0.
                 0.       0.      -0.       0.       0.      -0.           -0.
 
  2011          -0.      -0.      -0.       0.       0.       1.
                -0.      -0.       0.       0.       0.       0.            0.
 
  2012          -0.      -0.      -0.       0.       0.      -0.
                -0.       0.       1.      -0.      -0.       0.           -0.
 
  2013           0.      -1.      -0.       0.      -0.       0.
                -0.       0.      -0.       0.       0.       0.            0.
 
  2014          -0.      -0.      -0.      -0.      -0.       0.
                 0.      -0.       0.       0.      -0.       0.           -0.
 
  2015          -0.      -0.       0.      -0.      -0.      -0.
                 1.       0.      -1.       0.       0.       0.            0.
 
  2016           0.      -0.      -0.      -0.       0.       0.
                 0.       0.      -1.      -0.      -0.       1.           -0.
 
  AVGE          -0.      -0.       0.       0.       0.       0.
                 0.       0.      -0.       0.       0.       0.

  Table Total-           0.   Mean-         0.   Std. Dev.-         0.
                              Min -        -1.        Max -         1.
        ces_hours 21500            PAGE   7, SERIES ces_hours_log_ad

 D 8.B  Final unmodified SI ratios, with labels for outliers and extreme values
  From  2007.Jan to 2016.Dec
  Observations        120
 ---------------------------------------------------------------------
               Jan       Feb       Mar       Apr       May       Jun  
               Jul       Aug       Sep       Oct       Nov       Dec  
 ---------------------------------------------------------------------
  2007         -0.       -0.        0.        0.       -0.*      -0.* 
                1.*       0.        0.*       0.       -0.*       1.* 
 
  2008         -1.*      -1.        0.        0.       -0.        0.  
               -1.*      -0.       -0.        0.        0.       -0.  
 
  2009         -0.       -0.        0.        0.        0.        0.  
               -0.        0.       -0.        0.        0.       -0.  
 
  2010         -1.       -0.        0.        0.       -0.       -0.  
                0.        0.       -0.        0.        0.       -0.  
 
  2011         -0.       -0.       -0.        0.        0.        1.* 
               -0.       -0.*       0.        0.        0.        0.* 
 
  2012         -0.       -0.       -0.        0.        0.       -0.* 
               -0.        0.        1.*      -0.*      -0.*       0.  
 
  2013          0.       -1.       -0.        0.       -0.        0.  
               -0.        0.       -0.        0.        0.        0.  
 
  2014         -0.       -0.       -0.       -0.       -0.        0.  
                0.       -0.        0.        0.       -0.        0.  
 
  2015         -0.       -0.        0.*      -0.       -0.       -0.  
                1.*       0.       -1.*       0.        0.        0.  
 
  2016          0.       -0.       -0.       -0.        0.*       0.* 
                0.        0.       -1.*      -0.       -0.        1.* 
 

  Key to symbols:
    *  : extreme value as determined by X-11 extreme value procedure
 
        ces_hours 21500            PAGE   8, SERIES ces_hours_log_ad

 D 9  Final replacement values for SI ratios
  From  2007.Jan to 2016.Dec
  Observations        120
 ---------------------------------------------------------------
               Jan      Feb      Mar      Apr      May      Jun 
               Jul      Aug      Sep      Oct      Nov      Dec 
 ---------------------------------------------------------------
  2007     ******** ******** ******** ********      -0.      -0.
                -0. ********       0. ********       0.      -0.
 
  2008          -1. ******** ******** ******** ******** ********
                -0. ******** ******** ******** ******** ********
 
  2009     ******** ******** ******** ******** ******** ********
           ******** ******** ******** ******** ******** ********
 
  2010     ******** ******** ******** ******** ******** ********
           ******** ******** ******** ******** ******** ********
 
  2011     ******** ******** ******** ******** ********       0.
           ********       0. ******** ******** ********       0.
 
  2012     ******** ******** ******** ******** ********       0.
           ******** ********      -0.       0.      -0. ********
 
  2013     ******** ******** ******** ******** ******** ********
           ******** ******** ******** ******** ******** ********
 
  2014     ******** ******** ******** ******** ******** ********
           ******** ******** ******** ******** ******** ********
 
  2015     ******** ********      -0. ******** ******** ********
                 0. ********      -0. ******** ******** ********
 
  2016     ******** ******** ******** ********       0.       0.
           ******** ********      -0. ******** ********       0.
 

 D 9.A  Moving seasonality ratio
 ---------------------------------------------------------------
               Jan      Feb      Mar      Apr      May      Jun 
 ---------------------------------------------------------------
   I          0.223    0.208    0.175    0.154    0.173    0.130
   S          0.062    0.030    0.057    0.048    0.018    0.014
 RATIO        3.572    6.902    3.046    3.180    9.713    9.171



 ---------------------------------------------------------------
               Jul      Aug      Sep      Oct      Nov      Dec 
 ---------------------------------------------------------------
   I          0.151    0.153    0.172    0.121    0.180    0.157
   S          0.023    0.026    0.014    0.017    0.034    0.051
 RATIO        6.442    5.930   12.339    6.898    5.358    3.098



        ces_hours 21500            PAGE   9, SERIES ces_hours_log_ad

 D 10  Final seasonal factors
  From  2007.Jan to 2016.Dec
  Observations        120
  Seasonal filter    3 x 5 moving average
 -----------------------------------------------------------------------------
               Jan      Feb      Mar      Apr      May      Jun 
               Jul      Aug      Sep      Oct      Nov      Dec         AVGE  
 -----------------------------------------------------------------------------
  2007          -1.      -0.       0.       0.       0.       0.
                -0.       0.      -0.       0.       0.      -0.           -0.
 
  2008          -0.      -0.       0.       0.       0.       0.
                -0.       0.      -0.       0.       0.      -0.            0.
 
  2009          -0.      -0.       0.       0.       0.       0.
                -0.       0.      -0.       0.       0.      -0.           -0.
 
  2010          -0.      -0.       0.       0.       0.       0.
                -0.       0.      -0.       0.       0.      -0.            0.
 
  2011          -0.      -0.      -0.       0.       0.       0.
                -0.       0.      -0.       0.       0.       0.            0.
 
  2012          -0.      -0.      -0.       0.       0.       0.
                -0.       0.      -0.       0.       0.       0.            0.
 
  2013          -0.      -0.      -0.      -0.       0.       0.
                 0.       0.      -0.       0.       0.       0.           -0.
 
  2014          -0.      -0.      -0.      -0.       0.       0.
                 0.       0.       0.       0.       0.       0.           -0.
 
  2015           0.      -0.      -0.      -0.       0.       0.
                 0.       0.       0.       0.       0.       0.           -0.
 
  2016           0.      -0.      -0.      -0.      -0.       0.
                 0.       0.       0.       0.       0.       0.           -0.
 
  AVGE          -0.      -0.      -0.       0.       0.       0.
                -0.       0.      -0.       0.       0.       0.

  Table Total-          -0.   Mean-        -0.   Std. Dev.-         0.
                              Min -        -1.        Max -         0.

 D 10.A  Final seasonal component forecasts
  From  2017.Jan to 2017.Dec
  Observations         12
 -----------------------------------------------------------------------------
               Jan      Feb      Mar      Apr      May      Jun 
               Jul      Aug      Sep      Oct      Nov      Dec         AVGE  
 -----------------------------------------------------------------------------
  2017           0.      -0.      -0.      -0.       0.       0.
                 0.       0.       0.       0.       0.       0.           -0.
 
        ces_hours 21500            PAGE  10, SERIES ces_hours_log_ad

 D 11  Final seasonally adjusted data
  From  2007.Jan to 2016.Dec
  Observations        120
 -----------------------------------------------------------------------------
               Jan      Feb      Mar      Apr      May      Jun 
               Jul      Aug      Sep      Oct      Nov      Dec        TOTAL  
 -----------------------------------------------------------------------------
  2007          36.      36.      36.      36.      35.      36.
                37.      36.      37.      36.      36.      37.          435.
 
  2008          36.      36.      36.      36.      36.      36.
                35.      36.      36.      36.      36.      35.          429.
 
  2009          35.      35.      35.      34.      34.      34.
                34.      34.      34.      34.      34.      34.          411.
 
  2010          34.      34.      34.      34.      34.      34.
                34.      34.      34.      34.      34.      34.          410.
 
  2011          35.      35.      35.      35.      35.      36.
                35.      35.      36.      36.      36.      36.          423.
 
  2012          36.      36.      36.      36.      36.      35.
                36.      36.      36.      35.      35.      35.          426.
 
  2013          35.      34.      35.      35.      34.      34.
                34.      34.      33.      33.      33.      33.          408.
 
  2014          33.      33.      33.      33.      33.      33.
                33.      33.      33.      33.      33.      33.          397.
 
  2015          33.      33.      34.      33.      33.      33.
                34.      34.      33.      34.      34.      33.          401.
 
  2016          33.      33.      33.      33.      33.      33.
                33.      33.      32.      33.      34.      35.          398.
 
  AVGE          35.      35.      35.      34.      34.      34.
                35.      34.      34.      34.      34.      35.

  Table Total-        4138.   Mean-        34.   Std. Dev.-         1.
                              Min -        32.        Max -        37.
        ces_hours 21500            PAGE  11, SERIES ces_hours_log_ad

 D 12  Final trend cycle
  From  2007.Jan to 2016.Dec
  Observations        120
  Trend filter    13-term Henderson moving average
  I/C ratio        1.73
 -----------------------------------------------------------------------------
               Jan      Feb      Mar      Apr      May      Jun 
               Jul      Aug      Sep      Oct      Nov      Dec        TOTAL  
 -----------------------------------------------------------------------------
  2007          36.      36.      36.      36.      36.      36.
                36.      36.      36.      36.      36.      36.          434.
 
  2008          36.      36.      36.      36.      36.      36.
                36.      36.      36.      35.      35.      35.          430.
 
  2009          35.      35.      35.      35.      34.      34.
                34.      34.      34.      34.      34.      34.          411.
 
  2010          34.      34.      34.      34.      34.      34.
                34.      34.      34.      34.      34.      34.          411.
 
  2011          34.      35.      35.      35.      35.      35.
                35.      35.      36.      36.      36.      36.          423.
 
  2012          36.      36.      36.      36.      36.      36.
                36.      36.      35.      35.      35.      35.          427.
 
  2013          35.      35.      35.      34.      34.      34.
                34.      34.      34.      33.      33.      33.          408.
 
  2014          33.      33.      33.      33.      33.      33.
                33.      33.      33.      33.      33.      33.          397.
 
  2015          33.      33.      33.      33.      33.      33.
                33.      34.      34.      33.      33.      33.          401.
 
  2016          33.      33.      33.      33.      33.      33.
                33.      33.      33.      33.      34.      34.          398.
 
  AVGE          35.      35.      35.      34.      34.      34.
                34.      34.      34.      34.      34.      34.

  Table Total-        4138.   Mean-        34.   Std. Dev.-         1.
                              Min -        33.        Max -        36.
        ces_hours 21500            PAGE  12, SERIES ces_hours_log_ad

 D 13  Final irregular component
  From  2007.Jan to 2016.Dec
  Observations        120
 -----------------------------------------------------------------------------
               Jan      Feb      Mar      Apr      May      Jun 
               Jul      Aug      Sep      Oct      Nov      Dec         S.D.  
 -----------------------------------------------------------------------------
  2007           0.       0.      -0.      -0.      -0.      -0.
                 1.       0.       0.      -0.      -0.       1.            0.
 
  2008          -0.      -0.       0.       0.      -0.       0.
                -0.      -0.       0.       0.       0.      -0.            0.
 
  2009           0.       0.       0.      -0.       0.      -0.
                -0.       0.      -0.       0.       0.       0.            0.
 
  2010          -0.       0.       0.       0.      -0.      -0.
                 0.      -0.      -0.       0.       0.      -0.            0.
 
  2011           0.      -0.      -0.       0.       0.       1.
                -0.      -1.       0.      -0.      -0.       0.            0.
 
  2012           0.      -0.      -0.      -0.       0.      -1.
                -0.       0.       1.      -1.      -0.      -0.            0.
 
  2013           0.      -0.       0.       0.      -0.       0.
                -0.       0.      -0.       0.       0.       0.            0.
 
  2014          -0.       0.      -0.      -0.      -0.      -0.
                 0.      -0.       0.       0.      -0.       0.            0.
 
  2015          -0.       0.       1.      -0.      -0.      -0.
                 1.      -0.      -1.       0.       0.      -0.            0.
 
  2016           0.      -0.      -0.      -0.       0.       0.
                -0.       0.      -1.      -0.      -0.       1.            0.
 
  S.D.           0.       0.       0.       0.       0.       0.
                 0.       0.       0.       0.       0.       0.

  Table Total-           0.   Mean-         0.   Std. Dev.-         0.
                              Min -        -1.        Max -         1.
        ces_hours 21500            PAGE  13, SERIES ces_hours_log_ad

 D 16  Combined adjustment factors
  From  2007.Jan to 2016.Dec
  Observations        120
 -----------------------------------------------------------------------------
               Jan      Feb      Mar      Apr      May      Jun 
               Jul      Aug      Sep      Oct      Nov      Dec         AVGE  
 -----------------------------------------------------------------------------
  2007          -1.      -0.       0.       0.       0.       0.
                -0.       0.      -0.       0.       0.      -0.           -0.
 
  2008          -0.      -0.       0.       0.       0.       0.
                -0.       0.      -0.       0.       0.      -0.            0.
 
  2009          -0.      -0.       0.       0.       0.       0.
                -0.       0.      -0.       0.       0.      -0.           -0.
 
  2010          -0.      -0.       0.       0.       0.       0.
                -0.       0.      -0.       0.       0.      -0.            0.
 
  2011          -0.      -0.      -0.       0.       0.       0.
                -0.       0.      -0.       0.       0.       0.            0.
 
  2012          -0.      -0.      -0.       0.       0.       0.
                -0.       0.      -0.       0.       0.       0.            0.
 
  2013          -0.      -0.      -0.      -0.       0.       0.
                 0.       0.      -0.       0.       0.       0.           -0.
 
  2014          -0.      -0.      -0.      -0.       0.       0.
                 0.       0.       0.       0.       0.       0.           -0.
 
  2015           0.      -0.      -0.      -0.       0.       0.
                 0.       0.       0.       0.       0.       0.           -0.
 
  2016           0.      -0.      -0.      -0.      -0.       0.
                 0.       0.       0.       0.       0.       0.           -0.
 
  AVGE          -0.      -0.      -0.       0.       0.       0.
                -0.       0.      -0.       0.       0.       0.

  Table Total-          -0.   Mean-        -0.   Std. Dev.-         0.
                              Min -        -1.        Max -         0.

 D 16.A  Combined adjustment component forecasts
  From  2017.Jan to 2017.Dec
  Observations         12
 -----------------------------------------------------------------------------
               Jan      Feb      Mar      Apr      May      Jun 
               Jul      Aug      Sep      Oct      Nov      Dec         AVGE  
 -----------------------------------------------------------------------------
  2017           0.      -0.      -0.      -0.       0.       0.
                 0.       0.       0.       0.       0.       0.           -0.
 
        ces_hours 21500            PAGE  14, SERIES ces_hours_log_ad

 E 4  Differences of annual totals
  From          2007 to 2016
  Observations         10
 -----------------------------------
  Year       Unmodified     Modified
                  (D11)         (E2)
 -----------------------------------
  2007              -0.          -0.
 
  2008               0.           0.
 
  2009              -0.          -0.
 
  2010               0.           0.
 
  2011               0.           0.
 
  2012               0.           0.
 
  2013              -0.          -0.
 
  2014              -0.          -0.
 
  2015              -0.          -0.
 
  2016              -0.          -0.
 
        ces_hours 21500            PAGE  15, SERIES ces_hours_log_ad

 E 5  Month-to-month differences in the original series
  From  2007.Feb to 2016.Dec
  Observations        119
 -----------------------------------------------------------------------------
               Jan      Feb      Mar      Apr      May      Jun 
               Jul      Aug      Sep      Oct      Nov      Dec         AVGE  
 -----------------------------------------------------------------------------
  2007                    0.       0.      -0.      -0.       0.
                 1.      -0.       0.      -0.      -0.       1.            0.
 
  2008          -1.       0.       1.      -0.      -0.       0.
                -1.       0.      -0.       0.       0.      -1.           -0.
 
  2009          -0.       0.       0.      -0.      -0.      -0.
                -0.       0.      -0.       1.       0.      -0.           -0.
 
  2010          -0.       0.       0.       0.      -0.       0.
                 0.       0.      -0.       0.       0.      -0.            0.
 
  2011           0.      -0.       0.       1.       0.       1.
                -1.      -0.       1.       0.       0.       1.            0.
 
  2012          -0.      -0.       0.       0.       0.      -1.
                 0.       0.       0.      -1.      -0.       0.           -0.
 
  2013          -0.      -1.       1.       0.      -0.       0.
                -0.       0.      -0.       0.      -0.       0.           -0.
 
  2014          -1.       0.      -0.       0.       0.       0.
                 0.      -0.       0.       0.      -0.       0.            0.
 
  2015          -0.      -0.       1.      -0.       0.       0.
                 1.      -0.      -1.       1.      -0.      -0.           -0.
 
  2016           0.      -1.       0.       0.       1.       0.
                -0.       0.      -1.       1.       0.       1.            0.
 
  AVGE          -0.      -0.       0.      -0.      -0.       0.
                -0.       0.      -0.       0.      -0.       0.

  Table Total-          -1.   Mean-        -0.   Std. Dev.-         0.
                              Min -        -1.        Max -         1.
        ces_hours 21500            PAGE  16, SERIES ces_hours_log_ad

 E 6  Month-to-month differences in seasonally adjusted series (D11)
  From  2007.Feb to 2016.Dec
  Observations        119
 -----------------------------------------------------------------------------
               Jan      Feb      Mar      Apr      May      Jun 
               Jul      Aug      Sep      Oct      Nov      Dec         AVGE  
 -----------------------------------------------------------------------------
  2007                   -0.      -0.      -0.      -0.       0.
                 1.      -0.       0.      -0.      -0.       1.            0.
 
  2008          -1.       0.       0.      -0.      -0.       0.
                -1.       0.       0.      -0.      -0.      -0.           -0.
 
  2009          -0.      -0.      -0.      -0.       0.      -0.
                -0.      -0.      -0.       0.       0.      -0.           -0.
 
  2010          -0.       0.      -0.       0.      -0.       0.
                 0.      -0.       0.       0.       0.      -0.            0.
 
  2011           0.      -0.       0.       0.       0.       1.
                -1.      -0.       1.      -0.       0.       1.            0.
 
  2012          -0.      -0.      -0.       0.       0.      -1.
                 0.       0.       0.      -1.      -0.       0.           -0.
 
  2013           0.      -1.       0.      -0.      -0.      -0.
                -0.       0.      -0.       0.      -0.      -0.           -0.
 
  2014          -1.       0.      -0.      -0.      -0.       0.
                 0.      -0.       0.      -0.      -0.       0.            0.
 
  2015          -0.       0.       0.      -1.       0.      -0.
                 1.      -1.      -1.       1.      -0.      -0.           -0.
 
  2016           0.      -0.      -0.       0.       1.       0.
                -0.       0.      -1.       1.       0.       1.            0.
 
  AVGE          -0.      -0.       0.      -0.      -0.       0.
                 0.      -0.      -0.      -0.      -0.       0.

  Table Total-          -2.   Mean-        -0.   Std. Dev.-         0.
                              Min -        -1.        Max -         1.
        ces_hours 21500            PAGE  17, SERIES ces_hours_log_ad

 E 7  Month-to-month differences in final trend cycle (D12)
  From  2007.Feb to 2016.Dec
  Observations        119
 -----------------------------------------------------------------------------
               Jan      Feb      Mar      Apr      May      Jun 
               Jul      Aug      Sep      Oct      Nov      Dec         AVGE  
 -----------------------------------------------------------------------------
  2007                   -0.      -0.      -0.      -0.       0.
                 0.       0.       0.      -0.      -0.      -0.           -0.
 
  2008          -0.      -0.       0.       0.      -0.      -0.
                -0.      -0.      -0.      -0.      -0.      -0.           -0.
 
  2009          -0.      -0.      -0.      -0.      -0.      -0.
                -0.      -0.      -0.      -0.       0.       0.           -0.
 
  2010           0.       0.       0.       0.       0.       0.
                 0.       0.       0.       0.       0.       0.            0.
 
  2011           0.       0.       0.       0.       0.       0.
                 0.       0.       0.       0.       0.       0.            0.
 
  2012           0.      -0.      -0.      -0.      -0.      -0.
                -0.      -0.      -0.      -0.      -0.      -0.           -0.
 
  2013          -0.      -0.      -0.      -0.      -0.      -0.
                -0.      -0.      -0.      -0.      -0.      -0.           -0.
 
  2014          -0.      -0.      -0.      -0.       0.       0.
                 0.       0.       0.       0.       0.       0.            0.
 
  2015           0.       0.       0.       0.       0.       0.
                 0.       0.       0.      -0.      -0.      -0.           -0.
 
  2016          -0.      -0.      -0.       0.       0.       0.
                 0.       0.       0.       0.       0.       0.            0.
 
  AVGE          -0.      -0.      -0.      -0.      -0.      -0.
                -0.      -0.      -0.      -0.      -0.      -0.

  Table Total-          -2.   Mean-        -0.   Std. Dev.-         0.
                              Min -        -0.        Max -         0.
        ces_hours 21500            PAGE  18, SERIES ces_hours_log_ad

 E 8  Month-to-month differences in original series adjusted for calendar factors (A18)
  From  2007.Feb to 2016.Dec
  Observations        119
 -----------------------------------------------------------------------------
               Jan      Feb      Mar      Apr      May      Jun 
               Jul      Aug      Sep      Oct      Nov      Dec         AVGE  
 -----------------------------------------------------------------------------
  2007                    0.       0.      -0.      -0.       0.
                 1.      -0.       0.      -0.      -0.       0.            0.
 
  2008          -1.       0.       1.      -0.      -0.       0.
                -1.       0.      -0.       0.       0.      -1.           -0.
 
  2009          -0.       0.       0.      -0.      -0.      -0.
                -0.       0.      -1.       1.       0.      -0.           -0.
 
  2010          -0.       0.       0.       0.      -0.       0.
                 0.       0.      -0.       0.       0.      -0.            0.
 
  2011           0.      -0.       0.       1.       0.       1.
                -1.      -0.       1.       0.       0.       1.            0.
 
  2012          -1.      -0.       0.       0.       0.      -1.
                 0.       0.       0.      -1.      -0.       0.           -0.
 
  2013          -0.      -1.       1.       0.      -0.       0.
                -1.       0.      -1.       0.      -0.       0.           -0.
 
  2014          -1.       0.      -0.       0.       0.       0.
                 0.      -0.       0.       0.      -0.       0.            0.
 
  2015          -0.      -0.       1.      -0.       0.       0.
                 1.      -0.      -1.       1.      -0.      -0.           -0.
 
  2016           0.      -1.       0.       0.       1.       0.
                -0.       0.      -1.       1.       0.       1.            0.
 
  AVGE          -0.      -0.       0.      -0.      -0.       0.
                 0.       0.      -0.       0.      -0.       0.

  Table Total-          -1.   Mean-        -0.   Std. Dev.-         0.
                              Min -        -1.        Max -         1.
        ces_hours 21500            PAGE  19, SERIES ces_hours_log_ad

 E 18  Final adjustment ratios
  From  2007.Jan to 2016.Dec
  Observations        120
 -----------------------------------------------------------------------------
               Jan      Feb      Mar      Apr      May      Jun 
               Jul      Aug      Sep      Oct      Nov      Dec         AVGE  
 -----------------------------------------------------------------------------
  2007       98.598   99.244  100.654  100.411  100.060  100.062
             99.730  100.405   99.950  100.552  100.869   99.504       100.003
 
  2008       98.626   99.199  100.546  100.434  100.099  100.068
             99.759  100.418   99.952  100.537  100.827   99.552       100.001
 
  2009       98.717   99.071  100.392  100.485  100.183  100.114
             99.804  100.450   99.885  100.530  100.763   99.652       100.004
 
  2010       98.935   98.905  100.165  100.469  100.272  100.139
             99.828  100.508   99.816  100.489  100.617   99.887       100.002
 
  2011       99.201   98.838   99.925  100.373  100.237  100.151
             99.919  100.516   99.824  100.468  100.435  100.116       100.000
 
  2012       99.492   98.866   99.718  100.198  100.169  100.129
             99.986  100.500   99.902  100.486  100.324  100.356       100.011
 
  2013       99.692   98.841   99.546   99.952  100.109  100.147
            100.079  100.464   99.990  100.467  100.227  100.506       100.002
 
  2014       99.924   98.890   99.462   99.708  100.052  100.144
            100.107  100.387  100.019  100.424  100.237  100.582        99.995
 
  2015      100.071   99.085   99.432   99.489  100.004  100.123
            100.188  100.274  100.073  100.349  100.216  100.587        99.991
 
  2016      100.193   99.242   99.396   99.365   99.985  100.084
            100.226  100.199  100.114  100.296  100.246  100.537        99.990
 
  AVGE       99.345   99.018   99.924  100.088  100.117  100.116
             99.962  100.412   99.952  100.460  100.476  100.128

  Table Total-       12000.   Mean-       100.   Std. Dev.-         1.
                              Min -        99.        Max -       101.

 E 18.A  Final adjustment ratio forecasts
  From  2017.Jan to 2017.Dec
  Observations         12
 -----------------------------------------------------------------------------
               Jan      Feb      Mar      Apr      May      Jun 
               Jul      Aug      Sep      Oct      Nov      Dec         AVGE  
 -----------------------------------------------------------------------------
  2017      100.255   99.364   99.399   99.326  100.022  100.060
            100.243  100.183  100.125  100.243  100.245  100.504        99.997
 

  QS statistic for seasonality:
  Original Series                                     0.82  (P-Value =     0.6631)
  Original Series (EV adj)                            0.82  (P-Value =     0.6631)
  Residuals                                           1.44  (P-Value =     0.4876)
  Seasonally Adjusted Series                          0.00  (P-Value =     1.0000)
  Seasonally Adjusted Series (EV adj)                 0.00  (P-Value =     1.0000)
  Irregular Series                                    0.00  (P-Value =     1.0000)
  Irregular Series (EV adj)                           0.00  (P-Value =     1.0000)

  QS statistic for seasonality (starting 2009.Jan):
  Original Series                                     0.33  (P-Value =     0.8479)
  Original Series (EV adj)                            0.33  (P-Value =     0.8479)
  Residuals                                           0.73  (P-Value =     0.6942)
  Seasonally Adjusted Series                          0.00  (P-Value =     1.0000)
  Seasonally Adjusted Series (EV adj)                 0.00  (P-Value =     1.0000)
  Irregular Series                                    0.00  (P-Value =     1.0000)
  Irregular Series (EV adj)                           0.00  (P-Value =     1.0000)


 WARNING: Series should not be a candidate for seasonal adjustment
          because the spectrum of the original series (Table A1 or B1)
          has no visually significant seasonal peaks.

          If this is a component series of an indirectly adjusted
          composite series, consider using type = trend or type = summary
          in the x11 spec.
        ces_hours 21500            PAGE  20, SERIES ces_hours_log_ad
 G 0  10*LOG(SPECTRUM) of the differenced Original Series
      (Table A1 or B1).  Spectrum estimated from 2009.Jan to 2016.Dec.
 ++++++++++I+++++++++++++++++++++++++++++++++++++++++++++++++++++++++++++I
      -3.34I                                                 *           I     -3.34
           I                   *                             *      *    I
           I                   *                             *      *    I
           I                   *             *               *S     *    I
      -4.25I                   *             *               *S     *    I     -4.25
           I                   *S           **               *S     *    I
           I                   *S           **               *S     *    I
           I                   *S           **               *S     *    I
      -5.15I                   *S           **               *S     *    I     -5.15
           I                   *S           **               *S     **   I
           I                   *S        *  **              **S     **   I
           I                   *S        *S **              **S     **   I
      -6.06I                   *S        *S **             ***S     **   I     -6.06
           I                   *S        *S***             ***S     **   I
           I                *  *S        *S***            ****S    ***   I
           I                * **S        *S***            ****S*   ***   I
      -6.96I   *            * **S        *S***            ****S*   ***   I     -6.96
           I   *            * **S        *S****  *        ****S*   ***   I
           I   *           ** **S        *S****  *        ****S*   ***   I
           I   *           *****S        *S****  *        ****S*   ***   I
      -7.87I   *           *****S   *    *S****  **       ****S*   ***   I     -7.87
           I   *           *****S*  *    *S****  **       ****S*  ****   I
           I   *           *****S*  *   **S**** ***       ****S*  ****   I
           I  **           *****S* **   **S**** ***       ****S*T ****   I
      -8.78I  **           *****S* **   **S********      *****S*T*****   I     -8.78
           I  **           *****S* **   **S********      *****S*T*****   I
           I  **           *****S* **   **S*********     *****S*T*****   I
           I  ***          *****S*****  **S********* *   *****S*T*****   I
      -9.68I  ***          *****S*****  **S*********S*   *****S*T*****   I     -9.68
           I  ***          *****S*****  **S*********S*T  *****S*T*****   I
           I  ***          *****S*****  **S*********S*T  *****S*T*****   I
           I  ***          *****S*****  **S*********S*T  *****S*T*****   I
     -10.59I  ***   *      *****S***** ***S*********S*T ******S*T*****   I    -10.59
           I  ***   *     ******S***** ***S*********S*T ******S*T*****   I
           I  ***   *     ******S*********S*********S*T*******S*T******  I
           I  ***  **     ******S*********S*********S*T*******S*T******  I
     -11.49I ***** ***    ******S*********S*********S*T*******S*T******  I    -11.49
           I ***** ***    ******S*********S*********S*T*******S*T******  I
           I *********    ******S*********S*********S*T*******S*T******  I
           I *********    ******S*********S*********S*T*******S*T******  I
     -12.40I**********    ******S*********S*********S*T*******S*T******  I    -12.40
           I**********    ******S*********S*********S*T*******S*T******  I
           I**********S   ******S*********S*********S*T*******S*T******  I
           I**********S   ******S*********S*********S*T*******S*T******  I
     -13.31I**********S  *******S*********S*********S*T*******S*T******  I    -13.31
           I**********S  *******S*********S*********S*T*******S*T******  I
           I**********S  *******S*********S*********S*T*******S*T******  I
           I**********S* *******S*********S*********S*T*******S*T******  I
     -14.21I**********S*********S*********S*********S*T*******S*T******* I    -14.21
           I**********S*********S*********S*********S*T*******S*T******* I
           I**********S*********S*********S*********S*T*******S*T******* I
           I**********S*********S*********S*********S*T*******S*T******* I
     -15.12I**********S*********S*********S*********S*T*******S*T*******SI    -15.12
 ++++++++++I+++++++++++++++++++++++++++++++++++++++++++++++++++++++++++++I
            S=SEASONAL FREQUENCIES, T=TRADING DAY FREQUENCIES
        ces_hours 21500            PAGE  21, SERIES ces_hours_log_ad
 G 1  10*LOG(SPECTRUM) of the differenced seasonally adjusted 
      data (Table E2).  Spectrum estimated from 2009.Jan to 2016.Dec.
 ++++++++++I+++++++++++++++++++++++++++++++++++++++++++++++++++++++++++++I
      -5.50I                                               *             I     -5.50
           I                                               *             I
           I                                *   *          *             I
           I                                *   *          *             I
      -6.71I                                *   *          *             I     -6.71
           I                                *   *         **             I
           I                                *   *         **             I
           I                                *   *         **     *       I
      -7.92I   *                            *   *         **     *       I     -7.92
           I  **                            *   *         **     *       I
           I  **                            *   *         **     *       I
           I  **                            *   *         **     *       I
      -9.13I  **                        *   *   *         **     *       I     -9.13
           I  **                        *   *   *         **     *       I
           I  **                        *   *   *         **     *       I
           I  **            *           *   *   *         **     *       I
     -10.34I  **            *           *   *   *         **     *       I    -10.34
           I  **            *           *   *   *         **     *       I
           I  **            *           *   *   *         **     **      I
           I  **            *           *   *   *         **     **      I
     -11.55I  **            *           *   *   *         **     **      I    -11.55
           I  **            **          *   **  *         **     **      I
           I  **   *        **          *   ** **         **     **      I
           I  **   *       ***          *   ** **    *    **     **     SI
     -12.76I  **  **       ***          *   ** **    *    **     ***    SI    -12.76
           I  **  **       ***          *   ** **    *T  ***     ***** *SI
           I  **  **       ***          *   ** **    *T  ***     *******SI
           I  *** **       ***          *   ** **    *T  ****   T*******SI
     -13.97I  *** **       ***          *   ** **    *T  ****   T*******SI    -13.97
           I **** **       ****         *   ** **    *T  ****   T*******SI
           I *******       ****         *  *** **    *T  ****   T*******SI
           I *******       ****         *  *******   *T  ****   T*******SI
     -15.18I *******      *****        **  *******   *T  ****   T*******SI    -15.18
           I *******      *****        *** *******   *T  ****   T*******SI
           I********      ******       *** *******   *T******   T*******SI
           I*********     ******       *** *******  S*T******   T*******SI
     -16.39I*********     ******       *** *******  S*T******   T*******SI    -16.39
           I*********    *******       *** *******  S*T******   T*******SI
           I*********    *******S      *** *******  S*T******   T*******SI
           I*********   ********S**    ***S*******  S*T******  *T*******SI
     -17.59I*********   ********S**    ***S*******  S*T******* *T*******SI    -17.59
           I*********   ********S**    ***S*******  S*T******* *T*******SI
           I*********   ********S**    ***S*******  S*T******* *T*******SI
           I*********  *********S***   ***S*******  S*T*******S*T*******SI
     -18.80I********** *********S***   ***S*********S*T*******S*T*******SI    -18.80
           I********** *********S***   ***S*********S*T*******S*T*******SI
           I**********S*********S***   ***S*********S*T*******S*T*******SI
           I**********S*********S***   ***S*********S*T*******S*T*******SI
     -20.01I**********S*********S***  ****S*********S*T*******S*T*******SI    -20.01
           I**********S*********S***  ****S*********S*T*******S*T*******SI
           I**********S*********S**** ****S*********S*T*******S*T*******SI
           I**********S*********S**** ****S*********S*T*******S*T*******SI
     -21.22I**********S*********S*********S*********S*T*******S*T*******SI    -21.22
 ++++++++++I+++++++++++++++++++++++++++++++++++++++++++++++++++++++++++++I
            S=SEASONAL FREQUENCIES, T=TRADING DAY FREQUENCIES
        ces_hours 21500            PAGE  22, SERIES ces_hours_log_ad
 G 2  10*LOG(SPECTRUM) of the Modified Irregular (Table E3).  
      Spectrum estimated from 2009.Jan to 2016.Dec.
 ++++++++++I+++++++++++++++++++++++++++++++++++++++++++++++++++++++++++++I
      -9.32I                                *                            I     -9.32
           I                                *                            I
           I                                *                            I
           I                            *   *                            I
     -11.10I                            *   *              *             I    -11.10
           I                            *   *   *          *             I
           I                            *   *   *          *             I
           I                *           *   *   *          *             I
     -12.89I                *           *   *   *         **             I    -12.89
           I                *           *   *   *         **             I
           I               **           *   *   *         **             I
           I               **           *   *   *         **     *       I
     -14.67I               **           *   *   *         **     *       I    -14.67
           I               **           *   *   *         **     *       I
           I               ***          *   *   *         **     *       I
           I               ***          *   *  **         **     *       I
     -16.45I               ****         *   ** **         **     *       I    -16.45
           I            *  ****         *   ** **         **     **      I
           I            *  ****         *  *** **     T   **     **      I
           I            *  ****        **  *** **     T   **     **      I
     -18.24I            * ******       **  *** **    *T   **     **      I    -18.24
           I            ********       *** *** **    *T   **     **   **SI
           I            ********       *** ******    *T  ***    T**  ***SI
           I            ********   *   *** *******   *T  ****   T*******SI
     -20.02I            ********   *   *** *******   *T* ****   T*******SI    -20.02
           I           *********   *   ***S*******   *T* ****   T*******SI
           I       *   *********S **   ***S*******   *T******   T*******SI
           I      **   *********S **   ***S*******  S*T******   T*******SI
     -21.81I      **   *********S ***  ***S*******  S*T******   T*******SI    -21.81
           I      **   *********S****  ***S*******  S*T******   T*******SI
           I    * **   *********S**** ****S*******  S*T******* *T*******SI
           I    ****   *********S**** ****S******** S*T******* *T*******SI
     -23.59I   *****   *********S*********S*********S*T*******S*T*******SI    -23.59
           I   *****   *********S*********S*********S*T*******S*T*******SI
           I   ******  *********S*********S*********S*T*******S*T*******SI
           I   ****** S*********S*********S*********S*T*******S*T*******SI
     -25.38I   ****** S*********S*********S*********S*T*******S*T*******SI    -25.38
           I   *******S*********S*********S*********S*T*******S*T*******SI
           I   *******S*********S*********S*********S*T*******S*T*******SI
           I   *******S*********S*********S*********S*T*******S*T*******SI
     -27.16I   *******S*********S*********S*********S*T*******S*T*******SI    -27.16
           I   *******S*********S*********S*********S*T*******S*T*******SI
           I   *******S*********S*********S*********S*T*******S*T*******SI
           I  ********S*********S*********S*********S*T*******S*T*******SI
     -28.94I  ********S*********S*********S*********S*T*******S*T*******SI    -28.94
           I  ********S*********S*********S*********S*T*******S*T*******SI
           I  ********S*********S*********S*********S*T*******S*T*******SI
           I  ********S*********S*********S*********S*T*******S*T*******SI
     -30.73I  ********S*********S*********S*********S*T*******S*T*******SI    -30.73
           I  ********S*********S*********S*********S*T*******S*T*******SI
           I *********S*********S*********S*********S*T*******S*T*******SI
           I *********S*********S*********S*********S*T*******S*T*******SI
     -32.51I**********S*********S*********S*********S*T*******S*T*******SI    -32.51
 ++++++++++I+++++++++++++++++++++++++++++++++++++++++++++++++++++++++++++I
            S=SEASONAL FREQUENCIES, T=TRADING DAY FREQUENCIES
        ces_hours 21500            PAGE  23, SERIES ces_hours_log_ad

  Peak probabilities for Tukey spectrum estimator
  Spectrum estimated from 2009.Jan to 2016.Dec.

                                          S1       S2       S3       S4       S5       S6       TD
                                        ------   ------   ------   ------   ------   ------   ------
  Model Residuals                        0.690    0.973*   0.478    0.777    0.176    0.514    0.968* 
  Original Series (Table A1 or B1)       0.059    0.868    0.357    0.832    0.829    0.141    0.788  
  Seasonally adjusted series (E2)        0.017    0.246    0.019    0.073    0.204    0.482    0.316  
  Modified Irregular (E3)                0.235    0.147    0.020    0.072    0.174    0.494    0.333  
  ----------
     ** - Peak Probability > 0.99,
      * - 0.90 < Peak Probability < 0.99


