  Reading input spec file from D:\Programming\Dynamic Paper-dlrhcs_replication\outputs\empirical\unemployment\raw_sa_pilot\x13_work\ces_hours_additive_level_27060_200701_201612.spc

1

               U. S. Department of Commerce, U. S. Census Bureau

              X-13ARIMA-SEATS monthly seasonal adjustment Method,
                          Release Version 1.1 Build 62


           This software application provides an enhanced version of
             Statistics Canada's X-11-ARIMA extension (Dagum, 1980)
                 of the X-11 variant of the Census Method II of
                      Shiskin, Young and Musgrave (1967).

            It also provides an ARIMA model-based method following
       Hillmer and Tiao (1982) and Burman (1980) that is very similar
       to the update of the method of SEATS (Gomez and Maravall, 1996)
                produced at the Bank of Spain by G. Caporello and
               A. Maravall for TSW (Caporello and Maravall, 2004).
          The present application includes additional enhancements.

         X-13ARIMA-SEATS includes an automatic ARIMA model selection procedure
          based largely on the procedure of Gomez and Maravall (1998)
            as implemented in TRAMO (1996) and subsequent revisions.

              Primary Programmers: Brian Monsell, Mark Otto and,
                 for the ARIMA model-based signal extraction,
                      Gianluca Caporello and Victor Gomez


     Series Title- ces_hours 27060
     Series Name- ces_hours_additi
     Jul 29, 2026  08.41.18 

        -Period covered-  1st month,2007 to 12th month,2016
        -Type of run - additive seasonal adjustment

        -Sigma limits for graduating extreme values are  1.5 and  2.5 .
        -3x3 moving average used in section 1 of each iteration, 
         3x5 moving average in section 2 of iterations B and C,
         moving average for final seasonal factors chosen by Global MSR.
        -Holiday adjustment factors applied directly to the final seasonally adjusted series
        -Spectral plots generated for selected series
        -Spectral plots generated for series starting in 2009.Jan

 FILE SAVE REQUESTS (* indicates file exists and will be overwritten)
  D:\Programming\Dynamic Paper-dlrhcs_replication\outputs\empirical\unemployment\raw_sa_pilot\x13_work\ces_hours_additive_level_27060_200701_201612.d10  final seasonal factors
  D:\Programming\Dynamic Paper-dlrhcs_replication\outputs\empirical\unemployment\raw_sa_pilot\x13_work\ces_hours_additive_level_27060_200701_201612.d11  final seasonally adjusted data
  D:\Programming\Dynamic Paper-dlrhcs_replication\outputs\empirical\unemployment\raw_sa_pilot\x13_work\ces_hours_additive_level_27060_200701_201612.out  program output file
  D:\Programming\Dynamic Paper-dlrhcs_replication\outputs\empirical\unemployment\raw_sa_pilot\x13_work\ces_hours_additive_level_27060_200701_201612.err  program error file
        ces_hours 27060            PAGE   1, SERIES ces_hours_additi

     Contents of spc file D:\Programming\Dynamic Paper-dlrhcs_replication\outputs\empirical\unemployment\raw_sa_pilot\x13_work\ces_hours_additive_level_27060_200701_201612.spc

 Line #
 ------
      1: series {
      2:   title = "ces_hours 27060"
      3:   start = 2007.1
      4:   period = 12
      5:   data = (
      6: 27.9
      7: 28
      8: 29.8
      9: 30
     10: 28.8
     11: 28.4
     12: 28.1
     13: 28.8
     14: 30.2
     15: 29.9
     16: 29.3
     17: 29.1
     18: 29.6
     19: 30.1
     20: 30.4
     21: 30.2
     22: 30.2
     23: 30.4
     24: 30.9
     25: 31.1
     26: 30.7
     27: 31.3
     28: 31.9
     29: 31.2
     30: 32
     31: 32.4
     32: 32
     33: 33.1
     34: 32.2
     35: 32.2
     36: 32
     37: 32.5
     38: 31.5
     39: 32.3
     40: 32.3
     41: 31.6
     42: 31.2
     43: 32.3
     44: 31.9
     45: 31.8
     46: 32.8
     47: 32.9
     48: 33.1
     49: 33.1
     50: 31.6
     51: 32.1
     52: 32.1
     53: 31.7
     54: 31.9
     55: 31.3
     56: 31.8
     57: 32.5
     58: 33.7
     59: 33.1
     60: 34.6
     61: 35.1
     62: 35.5
     63: 35.1
     64: 34.8
     65: 34.8
     66: 36.1
     67: 36.3
     68: 36.1
     69: 36.8
     70: 36.7
     71: 36.6
     72: 36.7
     73: 36.3
     74: 36.5
     75: 36.7
     76: 36.9
     77: 36.7
     78: 36
     79: 35.3
     80: 35.4
     81: 34.3
     82: 35.2
     83: 36
     84: 36
     85: 35.5
     86: 35.5
     87: 35.7
     88: 35.6
     89: 36.2
     90: 35.3
     91: 35
     92: 35.1
     93: 35
     94: 35.2
     95: 35.4
     96: 35.4
     97: 34.8
     98: 34.1
     99: 34.4
    100: 34
    101: 33.4
    102: 33.3
    103: 32.1
    104: 33.3
    105: 31.8
    106: 32.9
    107: 32.9
    108: 32.7
    109: 33.1
    110: 32.9
    111: 32.3
    112: 31.7
    113: 32
    114: 32.4
    115: 31.7
    116: 31.8
    117: 31.7
    118: 32.1
    119: 32
    120: 31.7
    121: 32.6
    122: 32.1
    123: 32
    124: 31.9
    125: 32.6
    126:   )
    127: }
    128: transform { function = none }
    129: regression { aictest = (td easter) }
    130: automdl {}
    131: x11 { mode = add save = (d10 d11) }
        ces_hours 27060            PAGE   2, SERIES ces_hours_additi

 A 1  Time series data (for the span analyzed)
  From  2007.Jan to 2016.Dec
  Observations        120
 -----------------------------------------------------------------------------
               Jan      Feb      Mar      Apr      May      Jun 
               Jul      Aug      Sep      Oct      Nov      Dec        TOTAL  
 -----------------------------------------------------------------------------
  2007          28.      28.      30.      30.      29.      28.
                28.      29.      30.      30.      29.      29.          348.
 
  2008          30.      30.      30.      30.      30.      30.
                31.      31.      31.      31.      32.      31.          368.
 
  2009          32.      32.      32.      33.      32.      32.
                32.      33.      32.      32.      32.      32.          386.
 
  2010          31.      32.      32.      32.      33.      33.
                33.      33.      32.      32.      32.      32.          387.
 
  2011          32.      31.      32.      33.      34.      33.
                35.      35.      36.      35.      35.      35.          404.
 
  2012          36.      36.      36.      37.      37.      37.
                37.      36.      37.      37.      37.      37.          438.
 
  2013          36.      35.      35.      34.      35.      36.
                36.      36.      36.      36.      36.      36.          427.
 
  2014          35.      35.      35.      35.      35.      35.
                35.      35.      34.      34.      34.      33.          417.
 
  2015          33.      32.      33.      32.      33.      33.
                33.      33.      33.      32.      32.      32.          391.
 
  2016          32.      32.      32.      32.      32.      32.
                32.      33.      32.      32.      32.      33.          385.
 
  AVGE          33.      32.      33.      33.      33.      33.
                33.      33.      33.      33.      33.      33.

  Table Total-        3951.   Mean-        33.   Std. Dev.-         2.
                              Min -        28.        Max -        37.
        ces_hours 27060            PAGE   3, SERIES ces_hours_additi
                        Automatic ARIMA Model Selection

                    Procedure based closely on TRAMO method 
                         of Gomez and Maravall (2000)
              "Automatic Modeling Methods for Univariate Series",
                            A Course in Time Series
                  (Edited by D. Pena, G. C. Tiao, R. S. Tsay),
                         New York : J. Wiley and Sons


     Maximum order for regular ARMA parameters :   2
     Maximum order for seasonal ARMA parameters :   1
     Maximum order for regular differencing :   2
     Maximum order for seasonal differencing :   1

   Results of Unit Root Test for identifying orders of differencing:
     Regular difference order :   1
     Seasonal difference order :   0

     Mean is not significant.

  Automatic model choice : (0 1 0)(0 0 1)


  Final Checks for Identified Model


  Checking for Unit Roots.
   No unit roots found.
   Nonseasonal MA not within  0.001 of 1.0 - model passes test.

  Checking for insignificant ARMA coefficients.

  Final automatic model choice : (0 1 0)(0 0 1)
   End of automatic model selection procedure.

 Average absolute percentage error in within-sample forecasts:
  Last year:   0.93      Last-1 year:   1.96     Last-2 year:   3.20
  Last three years:    2.03

 Estimation converged in   13 ARMA iterations,   61 function evaluations.

 Regression Model
 ------------------------------------------------------------------------------
                             Parameter        Standard
 Variable                     Estimate           Error      t-value
 ------------------------------------------------------------------------------
 Leap Year                      0.5464         0.25797         2.12

 1-Coefficient Trading Day
   Weekday                     -0.0299         0.01207        -2.48
 **Sat/Sun (derived)            0.0749         0.03018         2.48

 Easter[8]                      0.5053         0.15659         3.23
 ------------------------------------------------------------------------------
 **For the one coefficient trading-day effect, the derived
   parameter estimate is obtained indirectly as minus -2.5 times
   the directly estimated parameter that defines the effect.


 Chi-squared Tests for Groups of Regressors
 ------------------------------------------------------------------------------
 Regression Effect                  df      Chi-Square      P-Value
 ------------------------------------------------------------------------------
 Combined Trading Day and Leap Year Regressors
                                     2           10.06         0.01


 F Tests for Trading Day Regressors 
 -----------------------------------------------------------------------
 Regression Effect                     df         F-statistic    P-Value
 -----------------------------------------------------------------------
 1-Coefficient Trading Day           1, 116            6.00         0.02


 ARIMA Model:  (0 1 0)(0 0 1)
   Nonseasonal differences: 1
                                              Standard
 Parameter                    Estimate          Errors
 -----------------------------------------------------
 Seasonal MA                                       
   Lag 12                      -0.2372         0.08453

 Variance                       0.32897E+00
 SE of Var                      0.42648E-01
 -----------------------------------------------------

 Likelihood Statistics
 ------------------------------------------------------------------
 Number of observations (nobs)                                  120
 Effective number of observations (nefobs)                      119
 Number of parameters estimated (np)                              5
 Log likelihood (L)                                       -103.0496
 AIC                                                       216.0992 
 AICC (F-corrected-AIC)                                    216.6301 
 Hannan Quinn                                              221.7417 
 BIC                                                       229.9948 
 ------------------------------------------------------------------

 QS Statistic for regARIMA Model Residuals (full series):             0.00
                                                       (P-Value =     1.0000)

 QS Statistic for regARIMA Model Residuals (starting 2009.Jan):       0.00
                                                       (P-Value =     1.0000)
      10*LOG(SPECTRUM) of the regARIMA model residuals
      Spectrum estimated from 2009.Jan to 2016.Dec.
 ++++++++++I+++++++++++++++++++++++++++++++++++++++++++++++++++++++++++++I
       1.89I                                                             I      1.89
           I                                                         *   I
           I                                                         *   I
           I                                                         *   I
       0.87I                                                         *   I      0.87
           I                                                         *   I
           I                                                         *   I
           I                                                         *   I
      -0.15I                                                         *   I     -0.15
           I                                                         **  I
           I                                         *               **  I
           I                                         *               **  I
      -1.17I                                         *       *       **  I     -1.17
           I                                         *       *       **  I
           I                                         *      **      ***  I
           I                           *     *       *      **      ***  I
      -2.19I                           *     *       *      **      ***  I     -2.19
           I                           *     *       *      **      ***  I
           I                *          *     *       *      **      ***  I
           I                *          *     *       *      **      ***  I
      -3.21I                *         **     *       *     ***      ***  I     -3.21
           I                *         **     **      *     ***      ***  I
           I                *         **     **      *     ***      ***  I
           I                *         **     **      *     ***      ***  I
      -4.24I                *         ***    **      *     ***      ***  I     -4.24
           I                *         ***    **      *     ***     ****  I
           I    *          ***        ***    **      *     ***     ***** I
           I    *          ***        ***    **      *T    ***S    ***** I
      -5.26I    *    *     ***        ***    **      *T    ***S    ***** I     -5.26
           I   **    *     ***        ***   ***     S*T    ***S    ***** I
           I   **    *     ***        ***   ****    S*T    ***S    ***** I
           I   **    *S    ***       ****   *****   S*T    ***S    ***** I
      -6.28I   **    *S    ***       ****   *****   S*T    ***S    *****SI     -6.28
           I   ***   *S    ***       ****   *****   S*T    ***S    *****SI
           I  ****   *S    ***       ****   ******  S*T   ****S    *****SI
           I* ****   *S    ***       *****  ******  S*T   ****S    *****SI
      -7.30I******  **S    ****      *****  ******  S*T   ****S   ******SI     -7.30
           I******  **S    ****      *****  ******  S*T   ****S   ******SI
           I******  **S   *****      *****  ******  S*T   ****S   ******SI
           I******  **S   *****     ****** ******** S*T   ****S   ******SI
      -8.32I******* **S   *****     ****** *********S*T   ****S*  ******SI     -8.32
           I******* **S*  ******    ******S*********S*T   ****S*  ******SI
           I**********S*  ******    ******S*********S*T   ****S*  ******SI
           I**********S*  ******S*********S*********S*T   ****S*  ******SI
      -9.34I**********S*  ******S*********S*********S*T   ****S*  ******SI     -9.34
           I**********S* *******S*********S*********S*T   ****S*  ******SI
           I**********S*********S*********S*********S*T   ****S* *******SI
           I**********S*********S*********S*********S*T* *****S*T*******SI
     -10.36I**********S*********S*********S*********S*T* *****S*T*******SI    -10.36
           I**********S*********S*********S*********S*T* *****S*T*******SI
           I**********S*********S*********S*********S*T* *****S*T*******SI
           I**********S*********S*********S*********S*T* *****S*T*******SI
     -11.38I**********S*********S*********S*********S*T*******S*T*******SI    -11.38
 ++++++++++I+++++++++++++++++++++++++++++++++++++++++++++++++++++++++++++I
            S=SEASONAL FREQUENCIES, T=TRADING DAY FREQUENCIES


 FORECASTING
  Origin  2016.Dec
  Number        12

  Forecasts and Standard Errors
   ------------------------------
                         Standard
       Date   Forecast      Error
   ------------------------------
   2017.Jan      32.65      0.574
   2017.Feb      32.33      0.819
   2017.Mar      32.19      0.997
   2017.Apr      32.98      1.151
   2017.May      32.53      1.283
   2017.Jun      32.54      1.405
   2017.Jul      32.62      1.518
   2017.Aug      32.65      1.623
   2017.Sep      32.65      1.721
   2017.Oct      32.60      1.814
   2017.Nov      32.57      1.903
   2017.Dec      32.87      1.987
   ------------------------------

  Confidence intervals with coverage probability ( 0.95000
   ---------------------------------------
       Date      Lower  Forecast     Upper
   ---------------------------------------
   2017.Jan      31.52     32.65     33.77
   2017.Feb      30.72     32.33     33.93
   2017.Mar      30.23     32.19     34.14
   2017.Apr      30.72     32.98     35.23
   2017.May      30.01     32.53     35.04
   2017.Jun      29.79     32.54     35.29
   2017.Jul      29.64     32.62     35.59
   2017.Aug      29.47     32.65     35.83
   2017.Sep      29.28     32.65     36.03
   2017.Oct      29.04     32.60     36.15
   2017.Nov      28.84     32.57     36.30
   2017.Dec      28.97     32.87     36.76
   ---------------------------------------
        ces_hours 27060            PAGE   4, SERIES ces_hours_additi

 A 6  RegARIMA trading day component
  From  2007.Jan to 2016.Dec
  Observations        120
 -----------------------------------------------------------------------------
               Jan      Feb      Mar      Apr      May      Jun 
               Jul      Aug      Sep      Oct      Nov      Dec         AVGE  
 -----------------------------------------------------------------------------
  2007          -0.      -0.       0.       0.      -0.       0.
                 0.      -0.       0.      -0.      -0.       0.           -0.
 
  2008          -0.       0.       0.      -0.       0.       0.
                -0.       0.      -0.      -0.       0.      -0.            0.
 
  2009           0.      -0.       0.      -0.       0.      -0.
                -0.       0.      -0.       0.       0.      -0.           -0.
 
  2010           0.      -0.      -0.      -0.       0.      -0.
                 0.       0.      -0.       0.      -0.      -0.           -0.
 
  2011           0.      -0.      -0.       0.       0.      -0.
                 0.      -0.      -0.       0.      -0.       0.           -0.
 
  2012           0.       0.       0.       0.      -0.       0.
                 0.      -0.       0.      -0.      -0.       0.            0.
 
  2013          -0.      -0.       0.      -0.      -0.       0.
                -0.       0.       0.      -0.       0.       0.           -0.
 
  2014          -0.      -0.       0.      -0.       0.       0.
                -0.       0.      -0.      -0.       0.      -0.           -0.
 
  2015           0.      -0.       0.      -0.       0.      -0.
                -0.       0.      -0.       0.       0.      -0.           -0.
 
  2016           0.       0.      -0.       0.       0.      -0.
                 0.      -0.      -0.       0.      -0.       0.            0.
 
  AVGE           0.       0.       0.      -0.       0.       0.
                -0.       0.      -0.      -0.       0.      -0.

  Table Total-           0.   Mean-         0.   Std. Dev.-         0.
                              Min -        -0.        Max -         0.

 A 6.A  RegARIMA trading day component forecasts
  From  2017.Jan to 2017.Dec
  Observations         12
 -----------------------------------------------------------------------------
               Jan      Feb      Mar      Apr      May      Jun 
               Jul      Aug      Sep      Oct      Nov      Dec         AVGE  
 -----------------------------------------------------------------------------
  2017           0.      -0.      -0.       0.      -0.      -0.
                 0.      -0.       0.       0.      -0.       0.           -0.
 
        ces_hours 27060            PAGE   5, SERIES ces_hours_additi

 A 7  RegARIMA holiday component
  From  2007.Jan to 2016.Dec
  Observations        120
 -----------------------------------------------------------------------------
               Jan      Feb      Mar      Apr      May      Jun 
               Jul      Aug      Sep      Oct      Nov      Dec         AVGE  
 -----------------------------------------------------------------------------
  2007           0.       0.      -0.       0.       0.       0.
                 0.       0.       0.       0.       0.       0.            0.
 
  2008           0.       0.       0.      -0.       0.       0.
                 0.       0.       0.       0.       0.       0.            0.
 
  2009           0.       0.      -0.       0.       0.       0.
                 0.       0.       0.       0.       0.       0.            0.
 
  2010           0.       0.       0.      -0.       0.       0.
                 0.       0.       0.       0.       0.       0.            0.
 
  2011           0.       0.      -0.       0.       0.       0.
                 0.       0.       0.       0.       0.       0.            0.
 
  2012           0.       0.      -0.       0.       0.       0.
                 0.       0.       0.       0.       0.       0.            0.
 
  2013           0.       0.       0.      -0.       0.       0.
                 0.       0.       0.       0.       0.       0.            0.
 
  2014           0.       0.      -0.       0.       0.       0.
                 0.       0.       0.       0.       0.       0.            0.
 
  2015           0.       0.       0.      -0.       0.       0.
                 0.       0.       0.       0.       0.       0.            0.
 
  2016           0.       0.       0.      -0.       0.       0.
                 0.       0.       0.       0.       0.       0.            0.
 
  AVGE           0.       0.       0.      -0.       0.       0.
                 0.       0.       0.       0.       0.       0.

  Table Total-           0.   Mean-         0.   Std. Dev.-         0.
                              Min -        -0.        Max -         0.

 A 7.A  RegARIMA holiday component forecasts
  From  2017.Jan to 2017.Dec
  Observations         12
 -----------------------------------------------------------------------------
               Jan      Feb      Mar      Apr      May      Jun 
               Jul      Aug      Sep      Oct      Nov      Dec         AVGE  
 -----------------------------------------------------------------------------
  2017           0.       0.      -0.       0.       0.       0.
                 0.       0.       0.       0.       0.       0.            0.
 
        ces_hours 27060            PAGE   6, SERIES ces_hours_additi
  
 B 1  Original series (prior adjusted)
      (adjusted for regARIMA factors)
  From  2007.Jan to 2016.Dec
  Observations        120
 -----------------------------------------------------------------------------
               Jan      Feb      Mar      Apr      May      Jun 
               Jul      Aug      Sep      Oct      Nov      Dec        TOTAL  
 -----------------------------------------------------------------------------
  2007          28.      28.      30.      30.      29.      28.
                28.      29.      30.      30.      29.      29.          348.
 
  2008          30.      30.      30.      31.      30.      30.
                31.      31.      31.      31.      32.      31.          368.
 
  2009          32.      33.      32.      33.      32.      32.
                32.      32.      32.      32.      32.      32.          386.
 
  2010          31.      32.      32.      32.      33.      33.
                33.      33.      32.      32.      32.      32.          387.
 
  2011          32.      31.      32.      32.      34.      33.
                34.      35.      36.      35.      35.      35.          404.
 
  2012          36.      36.      36.      37.      37.      37.
                37.      36.      36.      37.      37.      37.          438.
 
  2013          36.      35.      35.      35.      35.      36.
                36.      35.      35.      36.      36.      36.          427.
 
  2014          35.      35.      35.      35.      35.      35.
                35.      35.      34.      34.      34.      33.          417.
 
  2015          33.      32.      33.      32.      33.      33.
                33.      33.      33.      32.      32.      32.          391.
 
  2016          32.      31.      32.      32.      32.      32.
                32.      33.      32.      32.      32.      33.          384.
 
  AVGE          33.      32.      33.      33.      33.      33.
                33.      33.      33.      33.      33.      33.

  Table Total-        3951.   Mean-        33.   Std. Dev.-         2.
                              Min -        28.        Max -        37.

 B 1.A  Forecasts of (prior adjusted) original series
  From  2017.Jan to 2017.Dec
  Observations         12
 -----------------------------------------------------------------------------
               Jan      Feb      Mar      Apr      May      Jun 
               Jul      Aug      Sep      Oct      Nov      Dec        TOTAL  
 -----------------------------------------------------------------------------
  2017          33.      32.      32.      33.      33.      33.
                32.      33.      33.      33.      33.      33.          391.
 
        ces_hours 27060            PAGE   7, SERIES ces_hours_additi

 C 17  Final weights for irregular component
  From  2007.Jan to 2016.Dec
  Observations        120
  Lower sigma limit    1.50
  Upper sigma limit    2.50
 -----------------------------------------------------------------------------
               Jan      Feb      Mar      Apr      May      Jun 
               Jul      Aug      Sep      Oct      Nov      Dec         S.D.  
 -----------------------------------------------------------------------------
  2007         100.      48.       0.      95.     100.      88.
                 0.     100.       0.     100.     100.     100.           29.
 
  2008         100.     100.     100.     100.     100.     100.
               100.     100.     100.     100.     100.     100.           29.
 
  2009         100.     100.     100.     100.     100.     100.
               100.     100.     100.     100.     100.     100.           29.
 
  2010           0.      72.     100.     100.     100.     100.
               100.     100.     100.     100.     100.     100.           26.
 
  2011         100.     100.     100.     100.      60.      19.
               100.      90.       0.     100.      30.       0.           27.
 
  2012         100.     100.     100.     100.     100.     100.
               100.     100.     100.     100.     100.     100.           27.
 
  2013         100.     100.     100.     100.     100.     100.
               100.     100.     100.     100.     100.      59.           27.
 
  2014         100.     100.     100.     100.     100.     100.
               100.     100.     100.     100.     100.     100.           22.
 
  2015         100.     100.       0.      20.     100.     100.
               100.     100.      17.     100.      27.     100.           21.
 
  2016         100.     100.     100.     100.     100.     100.
                 0.      30.     100.     100.     100.     100.           21.
 
        ces_hours 27060            PAGE   8, SERIES ces_hours_additi

 D 8  Final unmodified SI ratios
  From  2007.Jan to 2016.Dec
  Observations        120
 -----------------------------------------------------------------------------
               Jan      Feb      Mar      Apr      May      Jun 
               Jul      Aug      Sep      Oct      Nov      Dec         AVGE  
 -----------------------------------------------------------------------------
  2007          -0.      -0.       1.       1.       0.      -1.
                -1.      -0.       1.       1.      -0.      -1.            0.
 
  2008           0.      -0.       0.       0.      -0.      -0.
                 0.       0.      -0.       0.       0.      -1.            0.
 
  2009          -0.       0.      -0.       1.      -0.       0.
                 0.       0.      -0.       0.       0.      -0.            0.
 
  2010          -1.       0.      -0.      -0.       0.       0.
                 1.       1.      -1.      -0.       0.      -0.           -0.
 
  2011          -0.      -1.      -0.      -0.       1.      -0.
                 0.       1.       1.      -0.      -0.      -1.           -0.
 
  2012           0.      -0.      -0.      -0.       0.       0.
                 0.      -0.      -0.       0.       0.       0.            0.
 
  2013          -0.      -0.      -1.      -1.      -0.       0.
                 1.       0.      -0.       0.       0.       1.            0.
 
  2014          -0.      -0.      -0.      -1.      -0.       0.
                 1.       0.      -0.       0.       0.       0.           -0.
 
  2015           0.      -1.       0.      -1.       0.       0.
                 0.       1.       1.      -0.      -1.      -0.            0.
 
  2016           0.      -1.      -0.       0.       0.       0.
                -0.       1.       0.      -0.      -0.       0.           -0.
 
  AVGE          -0.      -0.      -0.      -0.       0.       0.
                 0.       0.       0.       0.      -0.      -0.

  Table Total-           0.   Mean-         0.   Std. Dev.-         0.
                              Min -        -1.        Max -         1.
        ces_hours 27060            PAGE   9, SERIES ces_hours_additi

 D 8.B  Final unmodified SI ratios, with labels for outliers and extreme values
  From  2007.Jan to 2016.Dec
  Observations        120
 ---------------------------------------------------------------------
               Jan       Feb       Mar       Apr       May       Jun  
               Jul       Aug       Sep       Oct       Nov       Dec  
 ---------------------------------------------------------------------
  2007         -0.       -0.*       1.*       1.*       0.       -1.* 
               -1.*      -0.        1.*       1.       -0.       -1.  
 
  2008          0.       -0.        0.        0.       -0.       -0.  
                0.        0.       -0.        0.        0.       -1.  
 
  2009         -0.        0.       -0.        1.       -0.        0.  
                0.        0.       -0.        0.        0.       -0.  
 
  2010         -1.*       0.*      -0.       -0.        0.        0.  
                1.        1.       -1.       -0.        0.       -0.  
 
  2011         -0.       -1.       -0.       -0.        1.*      -0.* 
                0.        1.*       1.*      -0.       -0.*      -1.* 
 
  2012          0.       -0.       -0.       -0.        0.        0.  
                0.       -0.       -0.        0.        0.        0.  
 
  2013         -0.       -0.       -1.       -1.       -0.        0.  
                1.        0.       -0.        0.        0.        1.* 
 
  2014         -0.       -0.       -0.       -1.       -0.        0.  
                1.        0.       -0.        0.        0.        0.  
 
  2015          0.       -1.        0.*      -1.*       0.        0.  
                0.        1.        1.*      -0.       -1.*      -0.  
 
  2016          0.       -1.       -0.        0.        0.        0.  
               -0.*       1.*       0.       -0.       -0.        0.  
 

  Key to symbols:
    *  : extreme value as determined by X-11 extreme value procedure
 
        ces_hours 27060            PAGE  10, SERIES ces_hours_additi

 D 9  Final replacement values for SI ratios
  From  2007.Jan to 2016.Dec
  Observations        120
 ---------------------------------------------------------------
               Jan      Feb      Mar      Apr      May      Jun 
               Jul      Aug      Sep      Oct      Nov      Dec 
 ---------------------------------------------------------------
  2007     ********      -0.       0.       1. ********      -1.
                 0. ********      -0. ******** ******** ********
 
  2008     ******** ******** ******** ******** ******** ********
           ******** ******** ******** ******** ******** ********
 
  2009     ******** ******** ******** ******** ******** ********
           ******** ******** ******** ******** ******** ********
 
  2010          -0.       0. ******** ******** ******** ********
           ******** ******** ******** ******** ******** ********
 
  2011     ******** ******** ******** ********       0.       0.
           ********       1.      -0. ********      -0.      -0.
 
  2012     ******** ******** ******** ******** ******** ********
           ******** ******** ******** ******** ******** ********
 
  2013     ******** ******** ******** ******** ******** ********
           ******** ******** ******** ******** ********       0.
 
  2014     ******** ******** ******** ******** ******** ********
           ******** ******** ******** ******** ******** ********
 
  2015     ******** ********      -0.      -0. ******** ********
           ******** ********       0. ********      -0. ********
 
  2016     ******** ******** ******** ******** ******** ********
                 0.       0. ******** ******** ******** ********
 

 D 9.A  Moving seasonality ratio
 ---------------------------------------------------------------
               Jan      Feb      Mar      Apr      May      Jun 
 ---------------------------------------------------------------
   I          0.181    0.246    0.136    0.387    0.191    0.242
   S          0.024    0.082    0.041    0.123    0.035    0.053
 RATIO        7.703    2.995    3.368    3.142    5.474    4.545



 ---------------------------------------------------------------
               Jul      Aug      Sep      Oct      Nov      Dec 
 ---------------------------------------------------------------
   I          0.220    0.270    0.151    0.261    0.232    0.156
   S          0.035    0.049    0.060    0.028    0.047    0.079
 RATIO        6.289    5.547    2.524    9.363    4.970    1.968



        ces_hours 27060            PAGE  11, SERIES ces_hours_additi

 D 10  Final seasonal factors
  From  2007.Jan to 2016.Dec
  Observations        120
  Seasonal filter    3 x 5 moving average
 -----------------------------------------------------------------------------
               Jan      Feb      Mar      Apr      May      Jun 
               Jul      Aug      Sep      Oct      Nov      Dec         AVGE  
 -----------------------------------------------------------------------------
  2007          -0.       0.      -0.       1.      -0.      -0.
                 0.       0.      -0.       0.       0.      -0.            0.
 
  2008          -0.       0.      -0.       0.       0.      -0.
                 0.       0.      -0.       0.       0.      -0.            0.
 
  2009          -0.      -0.      -0.       0.       0.       0.
                 0.       0.      -0.       0.       0.      -0.            0.
 
  2010          -0.      -0.      -0.       0.       0.       0.
                 0.       0.      -0.       0.       0.      -0.            0.
 
  2011          -0.      -0.      -0.      -0.       0.       0.
                 0.       0.      -0.       0.       0.      -0.            0.
 
  2012          -0.      -0.      -0.      -0.       0.       0.
                 0.       0.      -0.       0.       0.       0.            0.
 
  2013          -0.      -0.      -0.      -0.       0.       0.
                 0.       0.      -0.       0.       0.       0.            0.
 
  2014           0.      -1.      -0.      -0.       0.       0.
                 0.       0.      -0.       0.      -0.       0.           -0.
 
  2015           0.      -1.      -0.      -0.       0.       0.
                 0.       0.       0.       0.      -0.       0.           -0.
 
  2016           0.      -1.      -0.      -0.       0.       0.
                 0.       0.       0.       0.      -0.       0.           -0.
 
  AVGE          -0.      -0.      -0.      -0.       0.       0.
                 0.       0.      -0.       0.       0.      -0.

  Table Total-           1.   Mean-         0.   Std. Dev.-         0.
                              Min -        -1.        Max -         1.

 D 10.A  Final seasonal component forecasts
  From  2017.Jan to 2017.Dec
  Observations         12
 -----------------------------------------------------------------------------
               Jan      Feb      Mar      Apr      May      Jun 
               Jul      Aug      Sep      Oct      Nov      Dec         AVGE  
 -----------------------------------------------------------------------------
  2017           0.      -1.      -0.      -0.       0.       0.
                 0.       0.       0.      -0.      -0.       0.           -0.
 
        ces_hours 27060            PAGE  12, SERIES ces_hours_additi
  
 D 11  Final seasonally adjusted data
       (also adjusted for trading day, holiday)
  From  2007.Jan to 2016.Dec
  Observations        120
 -----------------------------------------------------------------------------
               Jan      Feb      Mar      Apr      May      Jun 
               Jul      Aug      Sep      Oct      Nov      Dec        TOTAL  
 -----------------------------------------------------------------------------
  2007          28.      28.      30.      29.      29.      28.
                28.      29.      30.      30.      29.      29.          348.
 
  2008          30.      30.      30.      30.      30.      30.
                31.      31.      31.      31.      32.      32.          368.
 
  2009          32.      33.      32.      33.      32.      32.
                32.      32.      32.      32.      32.      32.          386.
 
  2010          31.      33.      32.      32.      33.      33.
                33.      33.      32.      32.      32.      32.          387.
 
  2011          32.      32.      32.      32.      34.      33.
                34.      35.      36.      35.      35.      35.          404.
 
  2012          36.      36.      37.      37.      37.      36.
                36.      36.      37.      37.      37.      37.          438.
 
  2013          36.      36.      35.      35.      35.      36.
                36.      35.      36.      36.      35.      36.          427.
 
  2014          35.      36.      36.      35.      35.      35.
                35.      34.      34.      34.      34.      33.          417.
 
  2015          33.      33.      34.      32.      33.      33.
                32.      33.      33.      32.      32.      32.          391.
 
  2016          32.      32.      32.      32.      32.      32.
                31.      32.      32.      32.      32.      33.          384.
 
  AVGE          33.      33.      33.      33.      33.      33.
                33.      33.      33.      33.      33.      33.

  Table Total-        3950.   Mean-        33.   Std. Dev.-         2.
                              Min -        28.        Max -        37.
        ces_hours 27060            PAGE  13, SERIES ces_hours_additi

 D 12  Final trend cycle
  From  2007.Jan to 2016.Dec
  Observations        120
  Trend filter    13-term Henderson moving average
  I/C ratio        1.54
 -----------------------------------------------------------------------------
               Jan      Feb      Mar      Apr      May      Jun 
               Jul      Aug      Sep      Oct      Nov      Dec        TOTAL  
 -----------------------------------------------------------------------------
  2007          28.      29.      29.      29.      29.      29.
                29.      29.      29.      29.      29.      30.          348.
 
  2008          30.      30.      30.      30.      30.      30.
                31.      31.      31.      31.      32.      32.          368.
 
  2009          32.      32.      32.      32.      32.      32.
                32.      32.      32.      32.      32.      32.          386.
 
  2010          32.      32.      32.      32.      33.      33.
                33.      32.      32.      32.      32.      32.          387.
 
  2011          32.      32.      32.      33.      33.      34.
                34.      34.      35.      35.      35.      36.          405.
 
  2012          36.      36.      37.      37.      37.      36.
                36.      36.      36.      37.      37.      36.          437.
 
  2013          36.      36.      36.      35.      35.      35.
                35.      35.      36.      36.      36.      36.          427.
 
  2014          36.      36.      35.      35.      35.      35.
                35.      35.      34.      34.      34.      33.          417.
 
  2015          33.      33.      33.      33.      33.      33.
                33.      33.      32.      32.      32.      32.          391.
 
  2016          32.      32.      32.      32.      32.      32.
                32.      32.      32.      32.      32.      32.          385.
 
  AVGE          33.      33.      33.      33.      33.      33.
                33.      33.      33.      33.      33.      33.

  Table Total-        3950.   Mean-        33.   Std. Dev.-         2.
                              Min -        28.        Max -        37.
        ces_hours 27060            PAGE  14, SERIES ces_hours_additi

 D 13  Final irregular component
  From  2007.Jan to 2016.Dec
  Observations        120
 -----------------------------------------------------------------------------
               Jan      Feb      Mar      Apr      May      Jun 
               Jul      Aug      Sep      Oct      Nov      Dec         S.D.  
 -----------------------------------------------------------------------------
  2007          -0.      -0.       1.       0.       0.      -0.
                -1.      -0.       1.       0.      -0.      -0.            1.
 
  2008           0.      -0.       0.       0.      -0.      -0.
                 0.      -0.       0.      -0.       0.      -0.            0.
 
  2009          -0.       0.      -0.       0.      -0.       0.
                -0.       0.      -0.       0.       0.      -0.            0.
 
  2010          -1.       0.      -0.      -0.       0.       0.
                 0.       0.      -0.      -0.       0.       0.            0.
 
  2011           0.      -0.       0.      -0.       0.      -1.
                 0.       0.       1.      -0.      -1.      -1.            1.
 
  2012           0.      -0.       0.       0.       0.      -0.
                -0.      -0.       0.       0.       0.       0.            0.
 
  2013          -0.       0.      -0.      -0.      -0.       0.
                 0.      -0.       0.       0.      -0.       0.            0.
 
  2014          -0.       0.       0.      -0.      -0.       0.
                 0.      -0.      -0.       0.       0.      -0.            0.
 
  2015           0.      -0.       1.      -0.       0.       0.
                -0.       0.       1.      -0.      -0.      -0.            0.
 
  2016           0.      -0.      -0.       0.       0.      -0.
                -1.       0.       0.      -0.      -0.       0.            0.
 
  S.D.           0.       0.       0.       0.       0.       0.
                 0.       0.       1.       0.       0.       0.

  Table Total-          -0.   Mean-        -0.   Std. Dev.-         0.
                              Min -        -1.        Max -         1.
        ces_hours 27060            PAGE  15, SERIES ces_hours_additi
  
 D 16  Combined adjustment factors
       (includes seasonal, trading day, holiday factors)
  From  2007.Jan to 2016.Dec
  Observations        120
 -----------------------------------------------------------------------------
               Jan      Feb      Mar      Apr      May      Jun 
               Jul      Aug      Sep      Oct      Nov      Dec         AVGE  
 -----------------------------------------------------------------------------
  2007          -0.      -0.      -0.       1.      -0.      -0.
                 0.       0.      -0.       0.       0.      -0.           -0.
 
  2008          -0.       0.       0.       0.       0.       0.
                 0.       0.      -0.       0.       0.      -1.            0.
 
  2009          -0.      -0.      -0.       0.       0.      -0.
                 0.       0.      -0.       0.       0.      -0.           -0.
 
  2010           0.      -0.      -0.      -0.       0.       0.
                 0.       0.      -0.       0.       0.      -0.            0.
 
  2011           0.      -0.      -1.       0.       0.       0.
                 1.       0.      -0.       0.       0.      -0.            0.
 
  2012          -0.       0.      -0.      -0.       0.       0.
                 0.       0.      -0.       0.       0.       0.            0.
 
  2013          -0.      -1.       0.      -1.       0.       0.
                 0.       0.      -0.       0.       0.       0.           -0.
 
  2014          -0.      -1.      -0.      -0.       0.       0.
                 0.       0.      -0.       0.       0.       0.           -0.
 
  2015           0.      -1.      -0.      -0.       0.       0.
                 0.       0.      -0.       0.      -0.       0.           -0.
 
  2016           0.      -0.      -0.      -1.       0.       0.
                 0.       0.       0.       0.      -0.       0.            0.
 
  AVGE          -0.      -0.      -0.      -0.       0.       0.
                 0.       0.      -0.       0.       0.      -0.

  Table Total-           1.   Mean-         0.   Std. Dev.-         0.
                              Min -        -1.        Max -         1.

 D 16.A  Combined adjustment component forecasts
  From  2017.Jan to 2017.Dec
  Observations         12
 -----------------------------------------------------------------------------
               Jan      Feb      Mar      Apr      May      Jun 
               Jul      Aug      Sep      Oct      Nov      Dec         AVGE  
 -----------------------------------------------------------------------------
  2017           0.      -1.      -1.       0.      -0.       0.
                 0.       0.       0.       0.      -0.       0.           -0.
 
        ces_hours 27060            PAGE  16, SERIES ces_hours_additi
  
 D 18  Combined calendar adjustment factors
       (includes trading day, holiday factors)
  From  2007.Jan to 2016.Dec
  Observations        120
 -----------------------------------------------------------------------------
               Jan      Feb      Mar      Apr      May      Jun 
               Jul      Aug      Sep      Oct      Nov      Dec         AVGE  
 -----------------------------------------------------------------------------
  2007          -0.      -0.      -0.       0.      -0.       0.
                 0.      -0.       0.      -0.      -0.       0.           -0.
 
  2008          -0.       0.       0.      -0.       0.       0.
                -0.       0.      -0.      -0.       0.      -0.            0.
 
  2009           0.      -0.      -0.       0.       0.      -0.
                -0.       0.      -0.       0.       0.      -0.           -0.
 
  2010           0.      -0.       0.      -0.       0.      -0.
                 0.       0.      -0.       0.      -0.      -0.           -0.
 
  2011           0.      -0.      -0.       0.       0.      -0.
                 0.      -0.      -0.       0.      -0.       0.           -0.
 
  2012           0.       0.      -0.       0.      -0.       0.
                 0.      -0.       0.      -0.      -0.       0.            0.
 
  2013          -0.      -0.       0.      -0.      -0.       0.
                -0.       0.       0.      -0.       0.       0.           -0.
 
  2014          -0.      -0.      -0.       0.       0.       0.
                -0.       0.      -0.      -0.       0.      -0.           -0.
 
  2015           0.      -0.       0.      -0.       0.      -0.
                -0.       0.      -0.       0.       0.      -0.           -0.
 
  2016           0.       0.       0.      -0.       0.      -0.
                 0.      -0.      -0.       0.      -0.       0.            0.
 
  AVGE           0.       0.       0.      -0.       0.       0.
                -0.       0.      -0.      -0.       0.      -0.

  Table Total-           0.   Mean-         0.   Std. Dev.-         0.
                              Min -        -0.        Max -         0.

 D 18.A  Combined calendar adjustment component forecasts
  From  2017.Jan to 2017.Dec
  Observations         12
 -----------------------------------------------------------------------------
               Jan      Feb      Mar      Apr      May      Jun 
               Jul      Aug      Sep      Oct      Nov      Dec         AVGE  
 -----------------------------------------------------------------------------
  2017           0.      -0.      -0.       0.      -0.      -0.
                 0.      -0.       0.       0.      -0.       0.           -0.
 
        ces_hours 27060            PAGE  17, SERIES ces_hours_additi

 E 4  Differences of annual totals
  From          2007 to 2016
  Observations         10
 -----------------------------------
  Year       Unmodified     Modified
                  (D11)         (E2)
 -----------------------------------
  2007              -0.          -0.
 
  2008               0.           0.
 
  2009              -0.          -0.
 
  2010               0.           0.
 
  2011               0.           0.
 
  2012               1.           1.
 
  2013              -0.          -0.
 
  2014              -0.          -0.
 
  2015              -0.          -0.
 
  2016               0.           0.
 
        ces_hours 27060            PAGE  18, SERIES ces_hours_additi

 E 5  Month-to-month differences in the original series
  From  2007.Feb to 2016.Dec
  Observations        119
 -----------------------------------------------------------------------------
               Jan      Feb      Mar      Apr      May      Jun 
               Jul      Aug      Sep      Oct      Nov      Dec         AVGE  
 -----------------------------------------------------------------------------
  2007                    0.       2.       0.      -1.      -0.
                -0.       1.       1.      -0.      -1.      -0.            0.
 
  2008           1.       1.       0.      -0.       0.       0.
                 1.       0.      -0.       1.       1.      -1.            0.
 
  2009           1.       0.      -0.       1.      -1.       0.
                -0.       1.      -1.       1.       0.      -1.            0.
 
  2010          -0.       1.      -0.      -0.       1.       0.
                 0.       0.      -1.       1.       0.      -0.            0.
 
  2011           0.      -1.       1.       1.       1.      -1.
                 2.       1.       0.      -0.      -0.       0.            0.
 
  2012           1.       0.      -0.       1.      -0.      -0.
                 0.      -0.       0.       0.       0.      -0.            0.
 
  2013          -1.      -1.       0.      -1.       1.       1.
                 0.      -0.       0.       0.      -0.       1.           -0.
 
  2014          -1.      -0.       0.      -0.       0.       0.
                 0.      -1.      -1.       0.      -0.      -1.           -0.
 
  2015          -0.      -1.       1.      -1.       1.       0.
                -0.       0.      -0.      -1.      -1.       0.           -0.
 
  2016           0.      -1.       0.      -0.       0.      -0.
                -0.       1.      -0.      -0.      -0.       1.            0.
 
  AVGE           0.      -0.       0.      -0.       0.       0.
                 0.       0.      -0.       0.      -0.      -0.

  Table Total-           5.   Mean-         0.   Std. Dev.-         1.
                              Min -        -2.        Max -         2.
        ces_hours 27060            PAGE  19, SERIES ces_hours_additi

 E 6  Month-to-month differences in seasonally adjusted series (D11)
  From  2007.Feb to 2016.Dec
  Observations        119
 -----------------------------------------------------------------------------
               Jan      Feb      Mar      Apr      May      Jun 
               Jul      Aug      Sep      Oct      Nov      Dec         AVGE  
 -----------------------------------------------------------------------------
  2007                   -0.       2.      -1.      -0.      -0.
                -1.       1.       2.      -1.      -0.       0.            0.
 
  2008           0.      -0.       0.       0.       0.       0.
                 0.       0.       0.      -0.       0.       0.            0.
 
  2009           0.       0.      -0.       0.      -1.       0.
                -0.       0.      -0.       0.      -0.      -0.            0.
 
  2010          -1.       1.      -0.      -0.       1.       0.
                -0.      -0.      -1.      -0.       0.      -0.           -0.
 
  2011          -0.      -0.       1.       0.       1.      -1.
                 1.       1.       1.      -1.      -0.       0.            0.
 
  2012           1.       0.       0.       0.      -0.      -0.
                -0.      -0.       0.       0.       0.      -0.            0.
 
  2013          -0.      -0.      -1.      -0.       0.       0.
                 0.      -0.       0.       0.      -0.       1.           -0.
 
  2014          -1.       0.      -0.      -0.      -0.      -0.
                -0.      -1.      -0.       0.      -0.      -0.           -0.
 
  2015          -0.      -0.       1.      -1.       0.      -0.
                -0.       0.       0.      -1.      -0.       0.           -0.
 
  2016           0.      -0.       0.       0.      -0.      -0.
                -1.       1.      -0.      -0.       0.       0.            0.
 
  AVGE           0.       0.       0.      -0.       0.      -0.
                -0.       0.       0.      -0.      -0.       0.

  Table Total-           4.   Mean-         0.   Std. Dev.-         1.
                              Min -        -1.        Max -         2.
        ces_hours 27060            PAGE  20, SERIES ces_hours_additi

 E 7  Month-to-month differences in final trend cycle (D12)
  From  2007.Feb to 2016.Dec
  Observations        119
 -----------------------------------------------------------------------------
               Jan      Feb      Mar      Apr      May      Jun 
               Jul      Aug      Sep      Oct      Nov      Dec         AVGE  
 -----------------------------------------------------------------------------
  2007                    0.       0.       0.       0.       0.
                 0.       0.       0.       0.       0.       0.            0.
 
  2008           0.       0.       0.       0.       0.       0.
                 0.       0.       0.       0.       0.       0.            0.
 
  2009           0.       0.       0.      -0.      -0.      -0.
                -0.      -0.       0.       0.       0.       0.            0.
 
  2010           0.       0.       0.       0.       0.       0.
                -0.      -0.      -0.      -0.      -0.      -0.           -0.
 
  2011           0.       0.       0.       0.       0.       1.
                 0.       0.       0.       0.       0.       0.            0.
 
  2012           0.       0.       0.       0.      -0.      -0.
                -0.       0.       0.       0.       0.      -0.            0.
 
  2013          -0.      -0.      -0.      -0.      -0.       0.
                 0.       0.       0.       0.       0.       0.           -0.
 
  2014          -0.      -0.      -0.      -0.      -0.      -0.
                -0.      -0.      -0.      -0.      -0.      -0.           -0.
 
  2015          -0.      -0.      -0.      -0.      -0.      -0.
                -0.      -0.      -0.      -0.      -0.      -0.           -0.
 
  2016          -0.      -0.      -0.      -0.      -0.      -0.
                -0.      -0.       0.       0.       0.       0.            0.
 
  AVGE           0.       0.       0.       0.       0.       0.
                 0.       0.       0.       0.       0.       0.

  Table Total-           4.   Mean-         0.   Std. Dev.-         0.
                              Min -        -0.        Max -         1.
        ces_hours 27060            PAGE  21, SERIES ces_hours_additi

 E 8  Month-to-month differences in original series adjusted for calendar factors (A18)
  From  2007.Feb to 2016.Dec
  Observations        119
 -----------------------------------------------------------------------------
               Jan      Feb      Mar      Apr      May      Jun 
               Jul      Aug      Sep      Oct      Nov      Dec         AVGE  
 -----------------------------------------------------------------------------
  2007                    0.       2.      -0.      -1.      -1.
                -0.       1.       1.      -0.      -1.      -0.            0.
 
  2008           1.       0.       0.       1.      -0.       0.
                 1.      -0.      -0.       1.       0.      -0.            0.
 
  2009           1.       1.      -0.       1.      -1.       0.
                -0.       0.      -1.       1.      -0.      -1.            0.
 
  2010          -1.       1.      -1.       0.       1.       0.
                 0.       0.      -1.       0.       0.      -0.            0.
 
  2011          -0.      -0.       1.       0.       1.      -1.
                 1.       1.       0.      -1.      -0.      -0.            0.
 
  2012           1.      -0.       0.       0.       0.      -0.
                 0.      -0.      -0.       0.       0.      -0.            0.
 
  2013          -0.      -1.      -0.      -0.       1.       1.
                 0.      -1.      -0.       0.      -0.       1.           -0.
 
  2014          -1.      -0.       0.      -0.       0.       0.
                 0.      -1.      -1.       0.      -1.      -0.           -0.
 
  2015          -0.      -1.       1.      -1.       1.       0.
                -0.       0.      -0.      -1.      -1.       0.           -0.
 
  2016           0.      -1.       0.       0.       0.      -0.
                -0.       1.      -1.      -0.       0.       1.            0.
 
  AVGE           0.      -0.       0.       0.       0.       0.
                 0.       0.      -0.       0.      -0.      -0.

  Table Total-           5.   Mean-         0.   Std. Dev.-         1.
                              Min -        -1.        Max -         2.
        ces_hours 27060            PAGE  22, SERIES ces_hours_additi

 E 18  Final adjustment ratios
  From  2007.Jan to 2016.Dec
  Observations        120
 -----------------------------------------------------------------------------
               Jan      Feb      Mar      Apr      May      Jun 
               Jul      Aug      Sep      Oct      Nov      Dec         AVGE  
 -----------------------------------------------------------------------------
  2007       99.138   99.694   99.299  102.444   99.559   99.870
            100.921  100.277   99.048  100.483  100.074   98.811        99.968
 
  2008       99.206  101.318  101.041  100.202  100.068  100.006
            100.590  101.140   98.408  100.361  100.750   98.385       100.123
 
  2009       99.679   99.420   98.934  101.188  100.553   99.904
            100.660  101.313   98.510  100.495  100.538   98.712        99.992
 
  2010      100.089   99.144   99.354   99.576  100.654  100.155
            101.068  101.083   98.673  100.754  100.281   99.150        99.998
 
  2011      100.144   98.830   98.146  100.174  100.373  100.415
            101.525  100.681   98.983  100.705  100.327   99.949       100.021
 
  2012       99.859  100.058   98.675   99.535  100.057  100.801
            101.276  100.573   99.836  100.194  100.185  100.506       100.130
 
  2013       99.664   98.319  100.118   97.798  100.021  101.147
            101.041  100.751   99.819  100.218  100.339  100.362        99.966
 
  2014       99.762   98.160   98.674   99.300  100.235  100.888
            100.955  101.062   99.789  100.152  100.420  100.086        99.957
 
  2015      100.139   97.986   99.069   98.641  100.534  100.620
            100.908  101.197   99.939  100.344   99.924  100.013        99.943
 
  2016      100.527   99.542   99.560   98.350  100.257  100.606
            101.447  100.759  100.064  100.493   99.423  100.217       100.104
 
  AVGE       99.821   99.247   99.287   99.721  100.231  100.441
            101.039  100.884   99.307  100.420  100.226   99.619

  Table Total-       12002.   Mean-       100.   Std. Dev.-         1.
                              Min -        98.        Max -       102.

 E 18.A  Final adjustment ratio forecasts
  From  2017.Jan to 2017.Dec
  Observations         12
 -----------------------------------------------------------------------------
               Jan      Feb      Mar      Apr      May      Jun 
               Jul      Aug      Sep      Oct      Nov      Dec         AVGE  
 -----------------------------------------------------------------------------
  2017      100.269   97.956   98.103  100.417   99.998  100.538
            101.266  100.876  100.456  100.040   99.379  100.477        99.981
 
        ces_hours 27060            PAGE  23, SERIES ces_hours_additi

 F 4.  Additive Day of the Week Trading Day Component Factors


      Day of Week Component for regARIMA Trading Day Factors:

                                       months starting on:
                     Mon      Tue      Wed      Thu      Fri      Sat      Sun
 31-day months        -0.      -0.      -0.       0.       0.       0.       0.
 30-day months        -0.      -0.      -0.      -0.       0.       0.       0.
 Leap year Feb.       -0. ********      -0. ********      -0. ******** ********

  QS statistic for seasonality:
  Original Series                                     1.59  (P-Value =     0.4506)
  Original Series (EV adj)                            3.80  (P-Value =     0.1499)
  Residuals                                           0.00  (P-Value =     1.0000)
  Seasonally Adjusted Series                          0.00  (P-Value =     1.0000)
  Seasonally Adjusted Series (EV adj)                 0.00  (P-Value =     1.0000)
  Irregular Series                                    0.00  (P-Value =     1.0000)
  Irregular Series (EV adj)                           0.00  (P-Value =     1.0000)

  QS statistic for seasonality (starting 2009.Jan):
  Original Series                                     1.60  (P-Value =     0.4482)
  Original Series (EV adj)                            3.07  (P-Value =     0.2151)
  Residuals                                           0.00  (P-Value =     1.0000)
  Seasonally Adjusted Series                          0.00  (P-Value =     1.0000)
  Seasonally Adjusted Series (EV adj)                 0.00  (P-Value =     1.0000)
  Irregular Series                                    0.00  (P-Value =     1.0000)
  Irregular Series (EV adj)                           0.00  (P-Value =     1.0000)
        ces_hours 27060            PAGE  24, SERIES ces_hours_additi


  Visually significant residual trading day peaks have been
  found in the spectral plot of the following series starting in 2009.Jan:

          differenced seasonally adjusted series (Table E2) (1 Trading Day peak(s))



 WARNING: Series should not be a candidate for seasonal adjustment
          because the spectrum of the prior adjusted series (Table B1)
          has no visually significant seasonal peaks.

          If this is a component series of an indirectly adjusted
          composite series, consider using type = trend or type = summary
          in the x11 spec.
        ces_hours 27060            PAGE  25, SERIES ces_hours_additi
 G 0  10*LOG(SPECTRUM) of the differenced Prior Adjusted Series
      (Table B1).  Spectrum estimated from 2009.Jan to 2016.Dec.
 ++++++++++I+++++++++++++++++++++++++++++++++++++++++++++++++++++++++++++I
       1.91I                                         *                   I      1.91
           I                                         *                   I
           I                                         *               *   I
           I                                         *               **  I
       0.75I                                         *               **  I      0.75
           I                                         *               **  I
           I                                         *               **  I
           I                                         *      *        **  I
      -0.40I                                         *      *        **  I     -0.40
           I                                         *      **       **  I
           I                                         *      **       **  I
           I                                 *       *      **       **  I
      -1.56I                                 *       *      **       **  I     -1.56
           I                                 *       *      **       **  I
           I                                 *       *      **       **  I
           I                           *     *       *      **S      **  I
      -2.72I                           *     *       *      **S      **  I     -2.72
           I                           **    *       *      **S      *** I
           I          S                **    *       *      **S     **** I
           I          S                **    *       *      **S     **** I
      -3.88I          S                **    *       *     ***S     **** I     -3.88
           I          S                **    *      S*     ***S     ****SI
           I          S                **    *      S*     ***S     ****SI
           I         *S                **   ***     S*     ***S     ****SI
      -5.03I         *S                **   ***     S*T    ***S     ****SI     -5.03
           I  *      *S     **        ***   ***     S*T    ***S     ****SI
           I **      *S     **        ***   ***     S*T    ***S     ****SI
           I ***     *S     **        ****  ***     S*T    ***S*    ****SI
      -6.19I****     *S     ***       ****  ***   * S*T    ***S*    ****SI     -6.19
           I****     *S     ***       ****  ***  ***S*T    ***S*    ****SI
           I****     *S     ****      ****  ***  ***S*T    ***S*   *****SI
           I****     *S    *****S     ****  ***  ***S*T    ***S*   *****SI
      -7.35I*****    *S*   *****S     **** ****  ***S*T    ***S*   *****SI     -7.35
           I*****    *S*   *****S*    ****S*********S*T    ***S*   *****SI
           I*****    *S*   *****S*    ****S*********S*T    ***S*   *****SI
           I*****   **S*   *****S*   *****S*********S*T    ***S*   *****SI
      -8.51I******  **S*   *****S*   *****S*********S*T    ***S*   *****SI     -8.51
           I******  **S*   *****S**  *****S*********S*T    ***S*T ******SI
           I******  **S*  ******S**  *****S*********S*T    ***S*T ******SI
           I**********S*  ******S**  *****S*********S*T   ****S*T ******SI
      -9.67I**********S** ******S*********S*********S*T   ****S*T ******SI     -9.67
           I**********S** ******S*********S*********S*T   ****S*T*******SI
           I**********S*********S*********S*********S*T   ****S*T*******SI
           I**********S*********S*********S*********S*T   ****S*T*******SI
     -10.82I**********S*********S*********S*********S*T*  ****S*T*******SI    -10.82
           I**********S*********S*********S*********S*T*  ****S*T*******SI
           I**********S*********S*********S*********S*T*  ****S*T*******SI
           I**********S*********S*********S*********S*T*  ****S*T*******SI
     -11.98I**********S*********S*********S*********S*T*  ****S*T*******SI    -11.98
           I**********S*********S*********S*********S*T*  ****S*T*******SI
           I**********S*********S*********S*********S*T* *****S*T*******SI
           I**********S*********S*********S*********S*T* *****S*T*******SI
     -13.14I**********S*********S*********S*********S*T*******S*T*******SI    -13.14
 ++++++++++I+++++++++++++++++++++++++++++++++++++++++++++++++++++++++++++I
            S=SEASONAL FREQUENCIES, T=TRADING DAY FREQUENCIES
        ces_hours 27060            PAGE  26, SERIES ces_hours_additi
 G 1  10*LOG(SPECTRUM) of the differenced seasonally adjusted 
      data (Table E2).  Spectrum estimated from 2009.Jan to 2016.Dec.
 ++++++++++I+++++++++++++++++++++++++++++++++++++++++++++++++++++++++++++I
      -3.57I                           *                                 I     -3.57
           I                           *    *              *             I
           I                           *    **             *    T        I
           I                           *    **             *    T        I
      -4.56I                           *    **             *    T    *   I     -4.56
           I                           *    **             *    T    *   I
           I  *                        *    **             *    T    *   I
           I  *                        *    **             *    T    *   I
      -5.55I  *                        *    **             *    T    *   I     -5.55
           I **                        *    **             **   T*   *   I
           I **                        *    ***            **   T*   *   I
           I****                       *    ***            **   T*   *   I
      -6.55I****                       *    ***            **   T*   *   I     -6.55
           I****                       *    ***            **   T*  **   I
           I****                       *    ***            **   T*  **   I
           I******       *             *    ***            **   T*  ***  I
      -7.54I******       *   *         *    ***      *T    **   T*  ***  I     -7.54
           I******       **  *         *    ****     *T    **   T*  ***  I
           I******       **  *         **   ****     *T    **  *T*  ***  I
           I*******      **  *         **  *****     *T    **  *T*  ***  I
      -8.54I*******      **  *        ***  *****     *T    **  *T*  ***  I     -8.54
           I*******      **  *        ***  *****     *T    **  *T*  ***  I
           I*******      ** **        ***  *****     *T    **  *T*  ***  I
           I*******      ** **        ***  *****     *T    **  *T******  I
      -9.53I*******      ** **     *  ***  *****     *T    **  *T******  I     -9.53
           I*******      *****     *  ***  *****     *T    *** *T******  I
           I*******      *****     *  ***  ******    *T    *** *T******* I
           I********    ******     *  ***  ******   S*T   ****S*T******* I
     -10.52I********    ******     *  ***  ******   S*T   ****S*T******* I    -10.52
           I********    ******     ** ***  ******   S*T   ****S*T******* I
           I********    ******     ** ****S******   S*T   ****S*T*******SI
           I********    ******     *******S******   S*T   ****S*T*******SI
     -11.52I********    *******    *******S******   S*T*  ****S*T*******SI    -11.52
           I********    *******    *******S******   S*T*  ****S*T*******SI
           I********    *******    *******S*******  S*T*  ****S*T*******SI
           I*********   *******    *******S*******  S*T*  ****S*T*******SI
     -12.51I*********   *******    *******S******* *S*T*  ****S*T*******SI    -12.51
           I*********  ********   ********S******* *S*T*  ****S*T*******SI
           I*********  ********   ********S*********S*T*  ****S*T*******SI
           I********** ********   ********S*********S*T*  ****S*T*******SI
     -13.51I**********S********   ********S*********S*T* *****S*T*******SI    -13.51
           I**********S********   ********S*********S*T* *****S*T*******SI
           I**********S********   ********S*********S*T*******S*T*******SI
           I**********S********   ********S*********S*T*******S*T*******SI
     -14.50I**********S********   ********S*********S*T*******S*T*******SI    -14.50
           I**********S********   ********S*********S*T*******S*T*******SI
           I**********S********   ********S*********S*T*******S*T*******SI
           I**********S*********  ********S*********S*T*******S*T*******SI
     -15.50I**********S*********  ********S*********S*T*******S*T*******SI    -15.50
           I**********S********* *********S*********S*T*******S*T*******SI
           I**********S********* *********S*********S*T*******S*T*******SI
           I**********S********* *********S*********S*T*******S*T*******SI
     -16.49I**********S*********S*********S*********S*T*******S*T*******SI    -16.49
 ++++++++++I+++++++++++++++++++++++++++++++++++++++++++++++++++++++++++++I
            S=SEASONAL FREQUENCIES, T=TRADING DAY FREQUENCIES
        ces_hours 27060            PAGE  27, SERIES ces_hours_additi
 G 2  10*LOG(SPECTRUM) of the Modified Irregular (Table E3).  
      Spectrum estimated from 2009.Jan to 2016.Dec.
 ++++++++++I+++++++++++++++++++++++++++++++++++++++++++++++++++++++++++++I
      -4.73I                                                             I     -4.73
           I                           *                                 I
           I                           *                                 I
           I                           *                                 I
      -6.39I                           *                                 I     -6.39
           I                           *                                 I
           I                           *                                 I
           I                           *    *                            I
      -8.05I                           *    **                           I     -8.05
           I                           *    **                           I
           I                           *    **                           I
           I                           *    **             *             I
      -9.71I                           *    ***            *    T        I     -9.71
           I                           *    ***            *    T        I
           I                           *    ***            *    T    *   I
           I                  *       ***   ***            *    T    *   I
     -11.36I            *  ****    *  ***  ****            **   T    *   I    -11.36
           I            *  ****    *  ***  *****           **   T    *   I
           I            *  ****    *  ***  *****      T    **   T*   *   I
           I            *  ****    ** ***  *****      T    **   T*   *   I
     -13.02I            *  ****    ** ***  *****     *T    **   T*  **   I    -13.02
           I            *  ****    ** ***  *****     *T    **   T*  ***  I
           I            ********   ******  *****     *T    **  *T*  ***  I
           I            ********   ****** S*****     *T    **  *T*  ***  I
     -14.68I            ********   *******S******    *T    **  *T*  ***  I    -14.68
           I           *********  ********S******   S*T    **  *T* ****  I
           I           *********  ********S******   S*T    *** *T******  I
           I           *********  ********S******   S*T   ****S*T******  I
     -16.33I           *********  ********S*******  S*T*  ****S*T******* I    -16.33
           I           *********S ********S*******  S*T*  ****S*T******* I
           I           *********S*********S*********S*T*  ****S*T*******SI
           I           *********S*********S*********S*T*  ****S*T*******SI
     -17.99I           *********S*********S*********S*T*  ****S*T*******SI    -17.99
           I           *********S*********S*********S*T*  ****S*T*******SI
           I   *       *********S*********S*********S*T* *****S*T*******SI
           I   *       *********S*********S*********S*T*******S*T*******SI
     -19.65I   *       *********S*********S*********S*T*******S*T*******SI    -19.65
           I   **      *********S*********S*********S*T*******S*T*******SI
           I   **      *********S*********S*********S*T*******S*T*******SI
           I   **     S*********S*********S*********S*T*******S*T*******SI
     -21.31I   **     S*********S*********S*********S*T*******S*T*******SI    -21.31
           I   ***    S*********S*********S*********S*T*******S*T*******SI
           I  ****    S*********S*********S*********S*T*******S*T*******SI
           I  ****    S*********S*********S*********S*T*******S*T*******SI
     -22.96I  *****   S*********S*********S*********S*T*******S*T*******SI    -22.96
           I  *****   S*********S*********S*********S*T*******S*T*******SI
           I  ****** *S*********S*********S*********S*T*******S*T*******SI
           I  ********S*********S*********S*********S*T*******S*T*******SI
     -24.62I  ********S*********S*********S*********S*T*******S*T*******SI    -24.62
           I  ********S*********S*********S*********S*T*******S*T*******SI
           I *********S*********S*********S*********S*T*******S*T*******SI
           I *********S*********S*********S*********S*T*******S*T*******SI
     -26.28I**********S*********S*********S*********S*T*******S*T*******SI    -26.28
 ++++++++++I+++++++++++++++++++++++++++++++++++++++++++++++++++++++++++++I
            S=SEASONAL FREQUENCIES, T=TRADING DAY FREQUENCIES
        ces_hours 27060            PAGE  28, SERIES ces_hours_additi

  Peak probabilities for Tukey spectrum estimator
  Spectrum estimated from 2009.Jan to 2016.Dec.

                                          S1       S2       S3       S4       S5       S6       TD
                                        ------   ------   ------   ------   ------   ------   ------
  Model Residuals                        0.068    0.538    0.245    0.545    0.546    0.149    0.294  
  Prior Adjusted Series (Table B1)       0.478    0.828    0.116    0.362    0.815    0.288    0.089  
  Seasonally adjusted series (E2)        0.046    0.182    0.041    0.617    0.328    0.186    0.663  
  Modified Irregular (E3)                0.420    0.201    0.045    0.616    0.331    0.180    0.676  
  ----------
     ** - Peak Probability > 0.99,
      * - 0.90 < Peak Probability < 0.99


