  Reading input spec file from D:\Programming\Dynamic Paper-dlrhcs_replication\outputs\empirical\unemployment\raw_sa_pilot\x13_work\ces_hours_additive_level_41884_200701_201612.spc

1

               U. S. Department of Commerce, U. S. Census Bureau

              X-13ARIMA-SEATS monthly seasonal adjustment Method,
                          Release Version 1.1 Build 62


           This software application provides an enhanced version of
             Statistics Canada's X-11-ARIMA extension (Dagum, 1980)
                 of the X-11 variant of the Census Method II of
                      Shiskin, Young and Musgrave (1967).

            It also provides an ARIMA model-based method following
       Hillmer and Tiao (1982) and Burman (1980) that is very similar
       to the update of the method of SEATS (Gomez and Maravall, 1996)
                produced at the Bank of Spain by G. Caporello and
               A. Maravall for TSW (Caporello and Maravall, 2004).
          The present application includes additional enhancements.

         X-13ARIMA-SEATS includes an automatic ARIMA model selection procedure
          based largely on the procedure of Gomez and Maravall (1998)
            as implemented in TRAMO (1996) and subsequent revisions.

              Primary Programmers: Brian Monsell, Mark Otto and,
                 for the ARIMA model-based signal extraction,
                      Gianluca Caporello and Victor Gomez


     Series Title- ces_hours 41884
     Series Name- ces_hours_additi
     Jul 29, 2026  08.43.59 

        -Period covered-  1st month,2007 to 12th month,2016
        -Type of run - additive seasonal adjustment

        -Sigma limits for graduating extreme values are  1.5 and  2.5 .
        -3x3 moving average used in section 1 of each iteration, 
         3x5 moving average in section 2 of iterations B and C,
         moving average for final seasonal factors chosen by Global MSR.
        -Holiday adjustment factors applied directly to the final seasonally adjusted series
        -Spectral plots generated for selected series
        -Spectral plots generated for series starting in 2009.Jan

 FILE SAVE REQUESTS (* indicates file exists and will be overwritten)
  D:\Programming\Dynamic Paper-dlrhcs_replication\outputs\empirical\unemployment\raw_sa_pilot\x13_work\ces_hours_additive_level_41884_200701_201612.d10  final seasonal factors
  D:\Programming\Dynamic Paper-dlrhcs_replication\outputs\empirical\unemployment\raw_sa_pilot\x13_work\ces_hours_additive_level_41884_200701_201612.d11  final seasonally adjusted data
  D:\Programming\Dynamic Paper-dlrhcs_replication\outputs\empirical\unemployment\raw_sa_pilot\x13_work\ces_hours_additive_level_41884_200701_201612.out  program output file
  D:\Programming\Dynamic Paper-dlrhcs_replication\outputs\empirical\unemployment\raw_sa_pilot\x13_work\ces_hours_additive_level_41884_200701_201612.err  program error file
        ces_hours 41884            PAGE   1, SERIES ces_hours_additi

     Contents of spc file D:\Programming\Dynamic Paper-dlrhcs_replication\outputs\empirical\unemployment\raw_sa_pilot\x13_work\ces_hours_additive_level_41884_200701_201612.spc

 Line #
 ------
      1: series {
      2:   title = "ces_hours 41884"
      3:   start = 2007.1
      4:   period = 12
      5:   data = (
      6: 33.4
      7: 33.8
      8: 34
      9: 35.4
     10: 34.4
     11: 34.5
     12: 35.6
     13: 34.9
     14: 35.4
     15: 34.1
     16: 34.2
     17: 35.2
     18: 33.3
     19: 33.6
     20: 34.7
     21: 33.7
     22: 33.5
     23: 34.7
     24: 33.2
     25: 34
     26: 33.8
     27: 33.8
     28: 34.5
     29: 33.9
     30: 33.3
     31: 34.3
     32: 34.3
     33: 33.4
     34: 33.4
     35: 33.4
     36: 33.7
     37: 35.3
     38: 33.9
     39: 34.4
     40: 35.2
     41: 34.3
     42: 34.2
     43: 33.7
     44: 33.8
     45: 33.7
     46: 34.1
     47: 33.7
     48: 34
     49: 34.3
     50: 33.7
     51: 34.4
     52: 34.1
     53: 34.2
     54: 34.1
     55: 33.2
     56: 33
     57: 33.5
     58: 34.4
     59: 33.5
     60: 33.3
     61: 33.5
     62: 33.5
     63: 32.8
     64: 33.5
     65: 32.5
     66: 33.4
     67: 32.6
     68: 32.7
     69: 33.6
     70: 33
     71: 33.5
     72: 34.4
     73: 33.5
     74: 34.3
     75: 33.1
     76: 33.1
     77: 34.4
     78: 33
     79: 33.4
     80: 33.5
     81: 34
     82: 34.2
     83: 35.2
     84: 34.1
     85: 34.4
     86: 35.2
     87: 33.7
     88: 33.8
     89: 34.9
     90: 33.5
     91: 34.9
     92: 34.8
     93: 33.7
     94: 34
     95: 34.8
     96: 33.4
     97: 33.8
     98: 34
     99: 34.3
    100: 35.5
    101: 34.1
    102: 34.1
    103: 35.2
    104: 35.2
    105: 34.2
    106: 34.1
    107: 34.3
    108: 34.3
    109: 35.2
    110: 34.3
    111: 34.2
    112: 35.2
    113: 34.1
    114: 33.8
    115: 34.1
    116: 33.9
    117: 33.9
    118: 35.1
    119: 34.1
    120: 34.2
    121: 34.3
    122: 33.8
    123: 34.9
    124: 33.8
    125: 34
    126:   )
    127: }
    128: transform { function = none }
    129: regression { aictest = (td easter) }
    130: automdl {}
    131: x11 { mode = add save = (d10 d11) }
        ces_hours 41884            PAGE   2, SERIES ces_hours_additi

 A 1  Time series data (for the span analyzed)
  From  2007.Jan to 2016.Dec
  Observations        120
 -----------------------------------------------------------------------------
               Jan      Feb      Mar      Apr      May      Jun 
               Jul      Aug      Sep      Oct      Nov      Dec        TOTAL  
 -----------------------------------------------------------------------------
  2007          33.      34.      34.      35.      34.      35.
                36.      35.      35.      34.      34.      35.          415.
 
  2008          33.      34.      35.      34.      34.      35.
                33.      34.      34.      34.      35.      34.          407.
 
  2009          33.      34.      34.      33.      33.      33.
                34.      35.      34.      34.      35.      34.          409.
 
  2010          34.      34.      34.      34.      34.      34.
                34.      34.      34.      34.      34.      34.          408.
 
  2011          34.      33.      33.      34.      34.      34.
                33.      34.      34.      33.      34.      33.          401.
 
  2012          33.      33.      33.      34.      33.      34.
                34.      34.      34.      33.      33.      34.          402.
 
  2013          33.      33.      34.      34.      34.      35.
                34.      34.      35.      34.      34.      35.          409.
 
  2014          34.      35.      35.      34.      34.      35.
                33.      34.      34.      34.      36.      34.          411.
 
  2015          34.      35.      35.      34.      34.      34.
                34.      35.      34.      34.      35.      34.          414.
 
  2016          34.      34.      34.      34.      35.      34.
                34.      34.      34.      35.      34.      34.          410.
 
  AVGE          34.      34.      34.      34.      34.      34.
                34.      34.      34.      34.      34.      34.

  Table Total-        4085.   Mean-        34.   Std. Dev.-         1.
                              Min -        32.        Max -        36.
        ces_hours 41884            PAGE   3, SERIES ces_hours_additi
                        Automatic ARIMA Model Selection

                    Procedure based closely on TRAMO method 
                         of Gomez and Maravall (2000)
              "Automatic Modeling Methods for Univariate Series",
                            A Course in Time Series
                  (Edited by D. Pena, G. C. Tiao, R. S. Tsay),
                         New York : J. Wiley and Sons


     Maximum order for regular ARMA parameters :   2
     Maximum order for seasonal ARMA parameters :   1
     Maximum order for regular differencing :   2
     Maximum order for seasonal differencing :   1

   Results of Unit Root Test for identifying orders of differencing:
     Regular difference order :   0
     Seasonal difference order :   0

  Automatic model choice : (1 0 1)


  Final Checks for Identified Model


  Checking for Unit Roots.
   No unit roots found.
   Nonseasonal MA not within  0.001 of 1.0 - model passes test.

  Checking for insignificant ARMA coefficients.

  Final automatic model choice : (1 0 1)
   End of automatic model selection procedure.

 Average absolute percentage error in within-sample forecasts:
  Last year:   0.63      Last-1 year:   1.11     Last-2 year:   0.98
  Last three years:    0.91

 Estimation converged in    8 ARMA iterations,   67 function evaluations.

 Regression Model
 ------------------------------------------------------------------------------
                             Parameter        Standard
 Variable                     Estimate           Error      t-value
 ------------------------------------------------------------------------------
 Constant                      34.0472         0.13225       257.46

 Leap Year                     -0.3196         0.25311        -1.26

 Trading Day
   Mon                          0.1921         0.07842         2.45
   Tue                         -0.2505         0.07939        -3.16
   Wed                         -0.1469         0.07910        -1.86
   Thu                          0.0600         0.07984         0.75
   Fri                         -0.2459         0.08063        -3.05
   Sat                         -0.1563         0.08142        -1.92
  *Sun (derived)                0.5475         0.08157         6.71
 ------------------------------------------------------------------------------
  *For full trading-day and stable seasonal effects, the derived
   parameter estimate is obtained indirectly as minus the sum
   of the directly estimated parameters that define the effect.


 Chi-squared Tests for Groups of Regressors
 ------------------------------------------------------------------------------
 Regression Effect                  df      Chi-Square      P-Value
 ------------------------------------------------------------------------------
 Trading Day                         6          178.26         0.00
 Combined Trading Day and Leap Year Regressors
                                     7          181.15         0.00
 ------------------------------------------------------------------------------


 F Tests for Trading Day Regressors 
 -----------------------------------------------------------------------
 Regression Effect                     df         F-statistic    P-Value
 -----------------------------------------------------------------------
 Trading Day                         6, 112           27.73         0.00


 ARIMA Model:  (1 0 1)
                                              Standard
 Parameter                    Estimate          Errors
 -----------------------------------------------------
 Nonseasonal AR                                    
   Lag  1                       0.8067         0.07725

 Nonseasonal MA                                    
   Lag  1                       0.2861         0.12587

 Variance                       0.16343E+00
 SE of Var                      0.21099E-01
 -----------------------------------------------------

 Likelihood Statistics
 ------------------------------------------------------------------
 Number of observations (nobs)                                  120
 Effective number of observations (nefobs)                      120
 Number of parameters estimated (np)                             11
 Log likelihood (L)                                        -61.8965
 AIC                                                       145.7930 
 AICC (F-corrected-AIC)                                    148.2374 
 Hannan Quinn                                              158.2451 
 BIC                                                       176.4554 
 ------------------------------------------------------------------

 QS Statistic for regARIMA Model Residuals (full series):             0.33
                                                       (P-Value =     0.8478)

 QS Statistic for regARIMA Model Residuals (starting 2009.Jan):       0.21
                                                       (P-Value =     0.9021)


  At least one visually significant residual seasonal peaks has been
  found in the spectral plot of the following series starting in 2009.Jan:

          regARIMA model residuals (1 Seasonal peak(s))

      10*LOG(SPECTRUM) of the regARIMA model residuals
      Spectrum estimated from 2009.Jan to 2016.Dec.
 ++++++++++I+++++++++++++++++++++++++++++++++++++++++++++++++++++++++++++I
      -2.22I                            *                                I     -2.22
           I                            *                                I
           I                            *               *                I
           I                            *               *                I
      -3.13I                            *               *                I     -3.13
           I                            *           S   *                I
           I                            *           S   *                I
           I                            *           S*  *                I
      -4.04I                            *           S*  *                I     -4.04
           I                            *           S*  *                I
           I            *               *           S*  *                I
           I            *               **          S*  *                I
      -4.95I           **               **          S*  *                I     -4.95
           I  *        **               **      *   S*  *                I
           I  *        ***              **      *   S*  *                I
           I  *        ***              **      *   S*  *            *   I
      -5.86I  *        ***              **      *   S*  *            **  I     -5.86
           I  *        ***          *   **     **   S*  *            **  I
           I **        ***          *   **     **   S*  *            **  I
           I **        ***         **  ***     **   S*  **           **  I
      -6.77I **        ***         **  ***     **   S*  **  **       **  I     -6.77
           I **        ****        **  ***     **   S*  **  **       **  I
           I **        ****        **  ***     **   S*  **  **       **  I
           I **       S****        **  ***     **   S*  **  **    *  **  I
      -7.67I **       S****        **  ***     **   S*  **  **    *  **  I     -7.67
           I **       S****        **  ***     **   S*  **  **    *  **  I
           I **       S****        **  ***     **   S* ***  **    *  **  I
           I***       S****    *   **  ***S    **   S*T***  **    *  **  I
      -8.58I***       S****    *   **  ***S    **   S*T***  **   **  **  I     -8.58
           I***       S****    *   **  ***S    **   S*T***  **   **  **  I
           I***     **S****    *   *** ***S    **   S*T***  **   **  **  I
           I***     **S****   **   *******S    **   S*T***  **   **  **  I
      -9.49I***     **S****   **   *******S    **   S*T***  **   ** ***  I     -9.49
           I***    ***S****   **   *******S    **  *S*T***  **   ******  I
           I***    ***S*****  **   *******S    **  *S*T***  **   ******  I
           I***    ***S*****  **   *******S    **  *S*T*******   ******  I
     -10.40I***    ***S*****  **  ********S    **  *S*T*******   ******* I    -10.40
           I***    ***S*****  **  ********S    *** *S*T*******   ******* I
           I****   ***S*****  **S ********S    *** *S*T*******   ******* I
           I****   ***S*****  **S ********S    *** *S*T*******   ******* I
     -11.31I****   ***S***** ***S ********S*   *** *S*T*******S  ******* I    -11.31
           I****   ***S*********S ********S*   *** *S*T*******S  ******* I
           I****   ***S*********S ********S*  **** *S*T*******S  ******* I
           I****   ***S*********S*********S*  ******S*T*******S T*******SI
     -12.22I****   ***S*********S*********S*  ******S*T*******S T*******SI    -12.22
           I****  ****S*********S*********S*  ******S*T*******S T*******SI
           I****  ****S*********S*********S*  ******S*T*******S*T*******SI
           I****  ****S*********S*********S*  ******S*T*******S*T*******SI
     -13.13I****  ****S*********S*********S** ******S*T*******S*T*******SI    -13.13
           I****  ****S*********S*********S** ******S*T*******S*T*******SI
           I****  ****S*********S*********S*********S*T*******S*T*******SI
           I***** ****S*********S*********S*********S*T*******S*T*******SI
     -14.03I**********S*********S*********S*********S*T*******S*T*******SI    -14.03
 ++++++++++I+++++++++++++++++++++++++++++++++++++++++++++++++++++++++++++I
            S=SEASONAL FREQUENCIES, T=TRADING DAY FREQUENCIES


 FORECASTING
  Origin  2016.Dec
  Number        12

  Forecasts and Standard Errors
   ------------------------------
                         Standard
       Date   Forecast      Error
   ------------------------------
   2017.Jan      34.72      0.416
   2017.Feb      34.28      0.464
   2017.Mar      33.84      0.498
   2017.Apr      34.54      0.518
   2017.May      33.92      0.531
   2017.Jun      33.93      0.540
   2017.Jul      34.68      0.545
   2017.Aug      33.75      0.549
   2017.Sep      33.68      0.552
   2017.Oct      34.56      0.554
   2017.Nov      33.98      0.556
   2017.Dec      34.21      0.556
   ------------------------------

  Confidence intervals with coverage probability ( 0.95000
   ---------------------------------------
       Date      Lower  Forecast     Upper
   ---------------------------------------
   2017.Jan      33.91     34.72     35.54
   2017.Feb      33.37     34.28     35.19
   2017.Mar      32.86     33.84     34.81
   2017.Apr      33.52     34.54     35.55
   2017.May      32.88     33.92     34.96
   2017.Jun      32.87     33.93     34.98
   2017.Jul      33.61     34.68     35.75
   2017.Aug      32.68     33.75     34.83
   2017.Sep      32.60     33.68     34.76
   2017.Oct      33.48     34.56     35.65
   2017.Nov      32.89     33.98     35.07
   2017.Dec      33.12     34.21     35.30
   ---------------------------------------
        ces_hours 41884            PAGE   4, SERIES ces_hours_additi

 A 6  RegARIMA trading day component
  From  2007.Jan to 2016.Dec
  Observations        120
 -----------------------------------------------------------------------------
               Jan      Feb      Mar      Apr      May      Jun 
               Jul      Aug      Sep      Oct      Nov      Dec         AVGE  
 -----------------------------------------------------------------------------
  2007          -0.       0.      -0.       1.      -0.      -0.
                 0.      -0.       0.      -0.      -0.       1.            0.
 
  2008          -0.      -0.       1.      -0.      -0.       1.
                -0.       0.      -0.      -0.       0.      -0.           -0.
 
  2009          -0.       0.       0.      -0.       0.      -0.
                -0.       1.      -0.      -0.       1.      -0.            0.
 
  2010           0.       0.      -0.      -0.       1.      -0.
                -0.       0.      -0.       0.      -0.      -0.           -0.
 
  2011           1.       0.      -0.      -0.       0.      -0.
                 0.      -0.      -0.       1.      -0.      -0.           -0.
 
  2012           0.      -0.      -0.       1.      -0.      -0.
                 0.      -0.       0.      -0.      -0.       1.            0.
 
  2013          -0.       0.       0.      -0.      -0.       0.
                -0.      -0.       1.      -0.      -0.       0.           -0.
 
  2014          -0.       0.       1.      -0.      -0.       1.
                -0.       0.      -0.      -0.       0.      -0.           -0.
 
  2015          -0.       0.       0.      -0.       0.      -0.
                -0.       1.      -0.      -0.       1.      -0.            0.
 
  2016           0.      -0.      -0.      -0.       0.      -0.
                 0.      -0.      -0.       1.      -0.      -0.           -0.
 
  AVGE          -0.      -0.       0.      -0.       0.       0.
                -0.       0.       0.      -0.       0.      -0.

  Table Total-          -1.   Mean-        -0.   Std. Dev.-         0.
                              Min -        -0.        Max -         1.

 A 6.A  RegARIMA trading day component forecasts
  From  2017.Jan to 2017.Dec
  Observations         12
 -----------------------------------------------------------------------------
               Jan      Feb      Mar      Apr      May      Jun 
               Jul      Aug      Sep      Oct      Nov      Dec         AVGE  
 -----------------------------------------------------------------------------
  2017           0.       0.      -0.       0.      -0.      -0.
                 1.      -0.      -0.       0.      -0.       0.            0.
 
        ces_hours 41884            PAGE   5, SERIES ces_hours_additi
  
 B 1  Original series (prior adjusted)
      (adjusted for regARIMA factors)
  From  2007.Jan to 2016.Dec
  Observations        120
 -----------------------------------------------------------------------------
               Jan      Feb      Mar      Apr      May      Jun 
               Jul      Aug      Sep      Oct      Nov      Dec        TOTAL  
 -----------------------------------------------------------------------------
  2007          34.      34.      34.      35.      35.      35.
                35.      35.      35.      34.      34.      35.          415.
 
  2008          34.      34.      34.      34.      34.      34.
                34.      34.      34.      34.      34.      34.          407.
 
  2009          34.      34.      34.      33.      33.      33.
                34.      35.      34.      35.      34.      35.          409.
 
  2010          34.      34.      34.      34.      34.      34.
                34.      34.      34.      34.      34.      35.          408.
 
  2011          34.      33.      33.      34.      34.      34.
                33.      34.      34.      32.      34.      33.          401.
 
  2012          33.      33.      33.      33.      33.      34.
                34.      34.      34.      33.      33.      34.          401.
 
  2013          33.      33.      33.      34.      35.      35.
                34.      35.      34.      34.      34.      34.          410.
 
  2014          34.      35.      34.      34.      34.      34.
                34.      34.      34.      35.      35.      34.          411.
 
  2015          34.      35.      35.      34.      34.      34.
                35.      35.      35.      35.      34.      34.          414.
 
  2016          34.      34.      34.      34.      35.      34.
                34.      35.      34.      34.      34.      34.          411.
 
  AVGE          34.      34.      34.      34.      34.      34.
                34.      34.      34.      34.      34.      34.

  Table Total-        4086.   Mean-        34.   Std. Dev.-         1.
                              Min -        32.        Max -        35.

 B 1.A  Forecasts of (prior adjusted) original series
  From  2017.Jan to 2017.Dec
  Observations         12
 -----------------------------------------------------------------------------
               Jan      Feb      Mar      Apr      May      Jun 
               Jul      Aug      Sep      Oct      Nov      Dec        TOTAL  
 -----------------------------------------------------------------------------
  2017          34.      34.      34.      34.      34.      34.
                34.      34.      34.      34.      34.      34.          409.
 
        ces_hours 41884            PAGE   6, SERIES ces_hours_additi

 C 17  Final weights for irregular component
  From  2007.Jan to 2016.Dec
  Observations        120
  Lower sigma limit    1.50
  Upper sigma limit    2.50
 -----------------------------------------------------------------------------
               Jan      Feb      Mar      Apr      May      Jun 
               Jul      Aug      Sep      Oct      Nov      Dec         S.D.  
 -----------------------------------------------------------------------------
  2007         100.     100.     100.     100.     100.     100.
               100.     100.     100.      28.     100.     100.           22.
 
  2008         100.     100.     100.     100.     100.     100.
               100.     100.     100.     100.     100.     100.           22.
 
  2009         100.       0.     100.     100.     100.      90.
               100.     100.     100.     100.     100.     100.           22.
 
  2010         100.     100.     100.     100.     100.     100.
                99.      50.     100.     100.     100.      78.           22.
 
  2011         100.      80.     100.     100.      99.     100.
               100.     100.      65.       0.       0.      17.           23.
 
  2012         100.     100.     100.     100.     100.     100.
               100.     100.     100.     100.     100.     100.           25.
 
  2013         100.     100.     100.     100.     100.     100.
               100.     100.     100.     100.     100.     100.           25.
 
  2014         100.       0.     100.     100.     100.     100.
               100.       0.     100.     100.       0.       0.           21.
 
  2015         100.       0.     100.     100.       0.     100.
               100.     100.     100.     100.     100.     100.           20.
 
  2016         100.     100.     100.     100.     100.     100.
               100.     100.     100.     100.     100.     100.           20.
 
        ces_hours 41884            PAGE   7, SERIES ces_hours_additi

 D 8  Final unmodified SI ratios
  From  2007.Jan to 2016.Dec
  Observations        120
 -----------------------------------------------------------------------------
               Jan      Feb      Mar      Apr      May      Jun 
               Jul      Aug      Sep      Oct      Nov      Dec         AVGE  
 -----------------------------------------------------------------------------
  2007          -0.      -1.      -0.      -0.      -0.      -0.
                 0.       0.       0.      -0.       0.       0.           -0.
 
  2008          -1.      -0.      -0.      -0.      -0.       0.
                -0.       0.       0.       0.       0.       0.           -0.
 
  2009          -0.       0.       0.      -0.      -1.      -0.
                 0.       1.       0.       0.       0.       0.            0.
 
  2010          -0.      -1.      -0.      -0.      -1.       0.
                 0.      -0.      -0.       0.       0.       1.           -0.
 
  2011          -0.      -1.      -0.       0.       0.       0.
                -0.       0.       0.      -1.       1.      -0.           -0.
 
  2012          -0.      -0.      -0.      -0.      -0.       0.
                 0.       0.       0.      -0.      -0.       0.           -0.
 
  2013          -0.      -0.      -1.       0.       0.       0.
                -0.       0.       0.      -0.      -0.       0.           -0.
 
  2014          -0.       1.      -0.      -0.       0.       0.
                -0.      -0.      -0.       0.       1.      -0.            0.
 
  2015          -0.       0.       0.      -0.      -1.      -0.
                 0.       0.       0.       0.       0.       0.           -0.
 
  2016          -1.      -0.       0.       0.       0.      -0.
                -0.       0.      -0.       0.       0.       0.           -0.
 
  AVGE          -0.      -0.      -0.      -0.      -0.       0.
                -0.       0.       0.       0.       0.       0.

  Table Total-          -1.   Mean-        -0.   Std. Dev.-         0.
                              Min -        -1.        Max -         1.
        ces_hours 41884            PAGE   8, SERIES ces_hours_additi

 D 8.B  Final unmodified SI ratios, with labels for outliers and extreme values
  From  2007.Jan to 2016.Dec
  Observations        120
 ---------------------------------------------------------------------
               Jan       Feb       Mar       Apr       May       Jun  
               Jul       Aug       Sep       Oct       Nov       Dec  
 ---------------------------------------------------------------------
  2007         -0.       -1.       -0.       -0.       -0.       -0.  
                0.        0.        0.       -0.*       0.        0.  
 
  2008         -1.       -0.       -0.       -0.       -0.        0.  
               -0.        0.        0.        0.        0.        0.  
 
  2009         -0.        0.*       0.       -0.       -1.       -0.* 
                0.        1.        0.        0.        0.        0.  
 
  2010         -0.       -1.       -0.       -0.       -1.        0.  
                0.*      -0.*      -0.        0.        0.        1.* 
 
  2011         -0.       -1.*      -0.        0.        0.*       0.  
               -0.        0.        0.*      -1.*       1.*      -0.* 
 
  2012         -0.       -0.       -0.       -0.       -0.        0.  
                0.        0.        0.       -0.       -0.        0.  
 
  2013         -0.       -0.       -1.        0.        0.        0.  
               -0.        0.        0.       -0.       -0.        0.  
 
  2014         -0.        1.*      -0.       -0.        0.        0.  
               -0.       -0.*      -0.        0.        1.*      -0.* 
 
  2015         -0.        0.*       0.       -0.       -1.*      -0.  
                0.        0.        0.        0.        0.        0.  
 
  2016         -1.       -0.        0.        0.        0.       -0.  
               -0.        0.       -0.        0.        0.        0.  
 

  Key to symbols:
    *  : extreme value as determined by X-11 extreme value procedure
 
        ces_hours 41884            PAGE   9, SERIES ces_hours_additi

 D 9  Final replacement values for SI ratios
  From  2007.Jan to 2016.Dec
  Observations        120
 ---------------------------------------------------------------
               Jan      Feb      Mar      Apr      May      Jun 
               Jul      Aug      Sep      Oct      Nov      Dec 
 ---------------------------------------------------------------
  2007     ******** ******** ******** ******** ******** ********
           ******** ******** ********       0. ******** ********
 
  2008     ******** ******** ******** ******** ******** ********
           ******** ******** ******** ******** ******** ********
 
  2009     ********      -0. ******** ******** ********      -0.
           ******** ******** ******** ******** ******** ********
 
  2010     ******** ******** ******** ******** ******** ********
                 0.       0. ******** ******** ********       1.
 
  2011     ********      -1. ******** ********       0. ********
           ******** ********       0.       0.      -0.       0.
 
  2012     ******** ******** ******** ******** ******** ********
           ******** ******** ******** ******** ******** ********
 
  2013     ******** ******** ******** ******** ******** ********
           ******** ******** ******** ******** ******** ********
 
  2014     ********      -0. ******** ******** ******** ********
           ********       0. ******** ********       0.       0.
 
  2015     ********      -0. ******** ********       0. ********
           ******** ******** ******** ******** ******** ********
 
  2016     ******** ******** ******** ******** ******** ********
           ******** ******** ******** ******** ******** ********
 

 D 9.A  Moving seasonality ratio
 ---------------------------------------------------------------
               Jan      Feb      Mar      Apr      May      Jun 
 ---------------------------------------------------------------
   I          0.160    0.216    0.222    0.224    0.242    0.243
   S          0.023    0.043    0.042    0.033    0.076    0.053
 RATIO        6.934    5.024    5.302    6.783    3.174    4.582



 ---------------------------------------------------------------
               Jul      Aug      Sep      Oct      Nov      Dec 
 ---------------------------------------------------------------
   I          0.350    0.264    0.241    0.195    0.170    0.147
   S          0.050    0.020    0.036    0.053    0.034    0.030
 RATIO        7.051   13.001    6.782    3.660    5.064    4.875



        ces_hours 41884            PAGE  10, SERIES ces_hours_additi

 D 10  Final seasonal factors
  From  2007.Jan to 2016.Dec
  Observations        120
  Seasonal filter    3 x 5 moving average
 -----------------------------------------------------------------------------
               Jan      Feb      Mar      Apr      May      Jun 
               Jul      Aug      Sep      Oct      Nov      Dec         AVGE  
 -----------------------------------------------------------------------------
  2007          -0.      -0.      -0.      -0.      -0.      -0.
                 0.       0.       0.       0.       0.       0.            0.
 
  2008          -0.      -0.      -0.      -0.      -0.      -0.
                 0.       0.       0.       0.       0.       0.           -0.
 
  2009          -0.      -0.      -0.      -0.      -0.      -0.
                 0.       0.       0.       0.       0.       0.           -0.
 
  2010          -0.      -0.      -0.      -0.      -0.       0.
                 0.       0.       0.       0.       0.       0.           -0.
 
  2011          -0.      -0.      -0.      -0.      -0.       0.
                 0.       0.       0.       0.       0.       0.           -0.
 
  2012          -0.      -0.      -0.      -0.       0.       0.
                 0.       0.       0.       0.      -0.       0.           -0.
 
  2013          -0.      -0.      -0.      -0.       0.       0.
                 0.       0.       0.      -0.      -0.       0.           -0.
 
  2014          -0.      -0.      -0.      -0.       0.       0.
                -0.       0.       0.      -0.      -0.       0.           -0.
 
  2015          -0.      -0.      -0.      -0.       0.       0.
                -0.       0.       0.       0.       0.       0.           -0.
 
  2016          -0.      -0.      -0.      -0.       0.      -0.
                -0.       0.      -0.       0.       0.       0.           -0.
 
  AVGE          -0.      -0.      -0.      -0.      -0.       0.
                 0.       0.       0.       0.       0.       0.

  Table Total-          -0.   Mean-        -0.   Std. Dev.-         0.
                              Min -        -0.        Max -         0.

 D 10.A  Final seasonal component forecasts
  From  2017.Jan to 2017.Dec
  Observations         12
 -----------------------------------------------------------------------------
               Jan      Feb      Mar      Apr      May      Jun 
               Jul      Aug      Sep      Oct      Nov      Dec         AVGE  
 -----------------------------------------------------------------------------
  2017          -0.      -0.       0.      -0.       0.      -0.
                -0.       0.      -0.       0.       0.       0.            0.
 
        ces_hours 41884            PAGE  11, SERIES ces_hours_additi
  
 D 11  Final seasonally adjusted data
       (also adjusted for trading day)
  From  2007.Jan to 2016.Dec
  Observations        120
 -----------------------------------------------------------------------------
               Jan      Feb      Mar      Apr      May      Jun 
               Jul      Aug      Sep      Oct      Nov      Dec        TOTAL  
 -----------------------------------------------------------------------------
  2007          34.      34.      34.      35.      35.      35.
                35.      35.      35.      34.      34.      34.          415.
 
  2008          34.      34.      34.      34.      34.      34.
                34.      34.      34.      34.      34.      34.          407.
 
  2009          34.      35.      34.      34.      34.      33.
                34.      34.      34.      34.      34.      34.          409.
 
  2010          34.      34.      34.      34.      34.      34.
                34.      33.      34.      34.      34.      34.          408.
 
  2011          34.      34.      34.      34.      34.      33.
                33.      33.      34.      32.      34.      33.          401.
 
  2012          33.      33.      33.      33.      33.      34.
                34.      34.      34.      33.      33.      34.          401.
 
  2013          34.      34.      34.      34.      34.      35.
                34.      34.      34.      34.      34.      34.          410.
 
  2014          34.      35.      34.      34.      34.      34.
                34.      33.      34.      35.      35.      34.          411.
 
  2015          35.      35.      35.      34.      34.      34.
                35.      34.      35.      34.      34.      34.          414.
 
  2016          34.      34.      34.      34.      34.      34.
                34.      34.      34.      34.      34.      34.          411.
 
  AVGE          34.      34.      34.      34.      34.      34.
                34.      34.      34.      34.      34.      34.

  Table Total-        4087.   Mean-        34.   Std. Dev.-         1.
                              Min -        32.        Max -        35.
        ces_hours 41884            PAGE  12, SERIES ces_hours_additi

 D 12  Final trend cycle
  From  2007.Jan to 2016.Dec
  Observations        120
  Trend filter    13-term Henderson moving average
  I/C ratio        2.75
 -----------------------------------------------------------------------------
               Jan      Feb      Mar      Apr      May      Jun 
               Jul      Aug      Sep      Oct      Nov      Dec        TOTAL  
 -----------------------------------------------------------------------------
  2007          34.      34.      34.      35.      35.      35.
                35.      35.      35.      34.      34.      34.          415.
 
  2008          34.      34.      34.      34.      34.      34.
                34.      34.      34.      34.      34.      34.          407.
 
  2009          34.      34.      34.      34.      34.      34.
                34.      34.      34.      34.      34.      34.          408.
 
  2010          34.      34.      34.      34.      34.      34.
                34.      34.      34.      34.      34.      34.          408.
 
  2011          34.      34.      34.      34.      34.      34.
                33.      33.      33.      33.      33.      33.          402.
 
  2012          33.      33.      33.      33.      33.      34.
                34.      34.      34.      34.      33.      33.          401.
 
  2013          34.      34.      34.      34.      34.      34.
                34.      34.      34.      34.      34.      34.          410.
 
  2014          34.      34.      34.      34.      34.      34.
                34.      34.      34.      34.      35.      35.          411.
 
  2015          35.      35.      35.      35.      35.      34.
                35.      35.      35.      34.      34.      34.          414.
 
  2016          34.      34.      34.      34.      34.      34.
                34.      34.      34.      34.      34.      34.          411.
 
  AVGE          34.      34.      34.      34.      34.      34.
                34.      34.      34.      34.      34.      34.

  Table Total-        4087.   Mean-        34.   Std. Dev.-         0.
                              Min -        33.        Max -        35.
        ces_hours 41884            PAGE  13, SERIES ces_hours_additi

 D 13  Final irregular component
  From  2007.Jan to 2016.Dec
  Observations        120
 -----------------------------------------------------------------------------
               Jan      Feb      Mar      Apr      May      Jun 
               Jul      Aug      Sep      Oct      Nov      Dec         S.D.  
 -----------------------------------------------------------------------------
  2007          -0.      -0.      -0.       0.       0.      -0.
                 0.       0.       0.      -1.      -0.       0.            0.
 
  2008          -0.       0.      -0.       0.       0.       0.
                -0.      -0.       0.       0.       0.      -0.            0.
 
  2009           0.       1.       0.      -0.      -0.      -0.
                 0.       0.      -0.       0.      -0.      -0.            0.
 
  2010           0.      -0.       0.      -0.      -0.       0.
                 0.      -0.      -0.       0.       0.       0.            0.
 
  2011          -0.      -0.      -0.       0.       0.      -0.
                -0.       0.       0.      -1.       1.      -1.            0.
 
  2012           0.       0.       0.      -0.      -0.       0.
                 0.      -0.       0.      -0.      -0.       0.            0.
 
  2013           0.      -0.      -0.       0.       0.       0.
                -0.       0.       0.      -0.       0.      -0.            0.
 
  2014          -0.       1.       0.       0.       0.      -0.
                -0.      -1.      -0.       0.       1.      -1.            0.
 
  2015           0.       1.       0.      -0.      -1.      -0.
                 0.      -0.       0.       0.       0.      -0.            0.
 
  2016          -0.       0.       0.       0.       0.      -0.
                -0.       0.      -0.       0.      -0.      -0.            0.
 
  S.D.           0.       0.       0.       0.       0.       0.
                 0.       0.       0.       0.       0.       0.

  Table Total-          -1.   Mean-        -0.   Std. Dev.-         0.
                              Min -        -1.        Max -         1.
        ces_hours 41884            PAGE  14, SERIES ces_hours_additi
  
 D 16  Combined adjustment factors
       (includes seasonal, trading day factors)
  From  2007.Jan to 2016.Dec
  Observations        120
 -----------------------------------------------------------------------------
               Jan      Feb      Mar      Apr      May      Jun 
               Jul      Aug      Sep      Oct      Nov      Dec         AVGE  
 -----------------------------------------------------------------------------
  2007          -1.      -0.      -0.       1.      -1.      -1.
                 1.      -0.       1.       0.       0.       1.            0.
 
  2008          -1.      -1.       0.      -1.      -1.       1.
                -0.       0.       0.      -0.       1.       0.           -0.
 
  2009          -1.      -0.       0.      -0.      -0.      -0.
                -0.       1.      -0.      -0.       1.       0.            0.
 
  2010          -0.      -0.      -0.      -0.       0.      -0.
                -0.       1.       0.       0.       0.      -0.           -0.
 
  2011           0.      -0.      -1.      -1.       0.       0.
                 0.       0.      -0.       1.      -0.      -0.           -0.
 
  2012           0.      -1.      -1.       1.      -0.      -0.
                 1.      -0.       1.      -0.      -0.       1.            0.
 
  2013          -1.      -0.      -0.      -0.      -0.       1.
                -0.      -0.       1.      -0.      -0.       1.           -0.
 
  2014          -1.      -0.       0.      -0.      -0.       1.
                -0.       0.       0.      -0.       0.      -0.           -0.
 
  2015          -1.      -0.       0.      -0.       0.      -0.
                -0.       1.      -0.      -0.       1.      -0.            0.
 
  2016          -0.      -0.      -0.      -0.       1.      -0.
                 0.      -0.      -0.       1.      -0.      -0.           -0.
 
  AVGE          -0.      -0.      -0.      -0.      -0.       0.
                -0.       0.       0.       0.       0.       0.

  Table Total-          -1.   Mean-        -0.   Std. Dev.-         0.
                              Min -        -1.        Max -         1.

 D 16.A  Combined adjustment component forecasts
  From  2017.Jan to 2017.Dec
  Observations         12
 -----------------------------------------------------------------------------
               Jan      Feb      Mar      Apr      May      Jun 
               Jul      Aug      Sep      Oct      Nov      Dec         AVGE  
 -----------------------------------------------------------------------------
  2017           0.       0.      -0.       0.      -0.      -0.
                 1.      -0.      -0.       1.      -0.       0.            0.
 
        ces_hours 41884            PAGE  15, SERIES ces_hours_additi
  
 D 18  Combined calendar adjustment factors
       (includes trading day factors)
  From  2007.Jan to 2016.Dec
  Observations        120
 -----------------------------------------------------------------------------
               Jan      Feb      Mar      Apr      May      Jun 
               Jul      Aug      Sep      Oct      Nov      Dec         AVGE  
 -----------------------------------------------------------------------------
  2007          -0.       0.      -0.       1.      -0.      -0.
                 0.      -0.       0.      -0.      -0.       1.            0.
 
  2008          -0.      -0.       1.      -0.      -0.       1.
                -0.       0.      -0.      -0.       0.      -0.           -0.
 
  2009          -0.       0.       0.      -0.       0.      -0.
                -0.       1.      -0.      -0.       1.      -0.            0.
 
  2010           0.       0.      -0.      -0.       1.      -0.
                -0.       0.      -0.       0.      -0.      -0.           -0.
 
  2011           1.       0.      -0.      -0.       0.      -0.
                 0.      -0.      -0.       1.      -0.      -0.           -0.
 
  2012           0.      -0.      -0.       1.      -0.      -0.
                 0.      -0.       0.      -0.      -0.       1.            0.
 
  2013          -0.       0.       0.      -0.      -0.       0.
                -0.      -0.       1.      -0.      -0.       0.           -0.
 
  2014          -0.       0.       1.      -0.      -0.       1.
                -0.       0.      -0.      -0.       0.      -0.           -0.
 
  2015          -0.       0.       0.      -0.       0.      -0.
                -0.       1.      -0.      -0.       1.      -0.            0.
 
  2016           0.      -0.      -0.      -0.       0.      -0.
                 0.      -0.      -0.       1.      -0.      -0.           -0.
 
  AVGE          -0.      -0.       0.      -0.       0.       0.
                -0.       0.       0.      -0.       0.      -0.

  Table Total-          -1.   Mean-        -0.   Std. Dev.-         0.
                              Min -        -0.        Max -         1.

 D 18.A  Combined calendar adjustment component forecasts
  From  2017.Jan to 2017.Dec
  Observations         12
 -----------------------------------------------------------------------------
               Jan      Feb      Mar      Apr      May      Jun 
               Jul      Aug      Sep      Oct      Nov      Dec         AVGE  
 -----------------------------------------------------------------------------
  2017           0.       0.      -0.       0.      -0.      -0.
                 1.      -0.      -0.       0.      -0.       0.            0.
 
        ces_hours 41884            PAGE  16, SERIES ces_hours_additi

 E 4  Differences of annual totals
  From          2007 to 2016
  Observations         10
 -----------------------------------
  Year       Unmodified     Modified
                  (D11)         (E2)
 -----------------------------------
  2007               0.           0.
 
  2008              -1.          -1.
 
  2009               0.           0.
 
  2010              -0.          -0.
 
  2011              -0.          -0.
 
  2012               0.           0.
 
  2013              -0.          -0.
 
  2014              -0.          -0.
 
  2015               0.           0.
 
  2016              -1.          -1.
 
        ces_hours 41884            PAGE  17, SERIES ces_hours_additi

 E 5  Month-to-month differences in the original series
  From  2007.Feb to 2016.Dec
  Observations        119
 -----------------------------------------------------------------------------
               Jan      Feb      Mar      Apr      May      Jun 
               Jul      Aug      Sep      Oct      Nov      Dec         AVGE  
 -----------------------------------------------------------------------------
  2007                    0.       0.       1.      -1.       0.
                 1.      -1.       1.      -1.       0.       1.            0.
 
  2008          -2.       0.       1.      -1.      -0.       1.
                -1.       1.      -0.       0.       1.      -1.           -0.
 
  2009          -1.       1.       0.      -1.       0.       0.
                 0.       2.      -1.       1.       1.      -1.            0.
 
  2010          -0.      -0.       0.      -0.       0.      -0.
                 0.       0.      -1.       1.      -0.       0.           -0.
 
  2011          -0.      -1.      -0.       1.       1.      -1.
                -0.       0.       0.      -1.       1.      -1.           -0.
 
  2012           1.      -1.       0.       1.      -1.       1.
                 1.      -1.       1.      -1.       0.       1.            0.
 
  2013          -1.       0.       0.       1.       0.       1.
                -1.       0.       1.      -1.       0.       1.            0.
 
  2014          -1.       1.      -0.      -1.       0.       1.
                -1.       0.       0.       0.       1.      -1.           -0.
 
  2015           0.       1.       0.      -1.      -0.       0.
                 0.       1.      -1.      -0.       1.      -1.            0.
 
  2016          -0.       0.      -0.       0.       1.      -1.
                 0.       0.      -0.       1.      -1.       0.           -0.
 
  AVGE          -1.       0.       0.      -0.       0.       0.
                -0.       0.      -0.      -0.       0.      -0.

  Table Total-           1.   Mean-         0.   Std. Dev.-         1.
                              Min -        -2.        Max -         2.
        ces_hours 41884            PAGE  18, SERIES ces_hours_additi

 E 6  Month-to-month differences in seasonally adjusted series (D11)
  From  2007.Feb to 2016.Dec
  Observations        119
 -----------------------------------------------------------------------------
               Jan      Feb      Mar      Apr      May      Jun 
               Jul      Aug      Sep      Oct      Nov      Dec         AVGE  
 -----------------------------------------------------------------------------
  2007                    0.       0.       0.       0.      -0.
                 0.      -0.      -0.      -1.       0.       0.            0.
 
  2008          -0.       0.      -0.       0.      -0.      -0.
                -1.       0.       0.       0.       0.      -0.           -0.
 
  2009           0.       1.      -1.      -0.      -0.      -0.
                 0.       0.      -0.       0.      -0.      -0.            0.
 
  2010           0.      -0.       0.      -0.      -0.       0.
                 0.      -1.       0.       0.      -0.       0.           -0.
 
  2011          -0.      -0.       0.       0.      -0.      -1.
                -0.       0.       0.      -1.       2.      -1.           -0.
 
  2012           1.       0.      -0.      -0.       0.       0.
                 0.      -0.       0.      -0.       0.       0.            0.
 
  2013           0.      -0.      -0.       1.       0.       0.
                -0.       0.      -0.      -0.       0.      -0.            0.
 
  2014          -0.       1.      -1.      -0.      -0.      -0.
                -0.      -0.       1.       1.       0.      -1.           -0.
 
  2015           1.       0.      -0.      -0.      -1.       1.
                 0.      -0.       0.      -0.      -0.      -0.            0.
 
  2016          -0.       0.       0.       0.       0.      -0.
                -0.       0.      -0.       0.      -0.       0.           -0.
 
  AVGE           0.       0.      -0.       0.      -0.       0.
                -0.      -0.       0.      -0.       0.      -0.

  Table Total-           0.   Mean-         0.   Std. Dev.-         0.
                              Min -        -1.        Max -         2.
        ces_hours 41884            PAGE  19, SERIES ces_hours_additi

 E 7  Month-to-month differences in final trend cycle (D12)
  From  2007.Feb to 2016.Dec
  Observations        119
 -----------------------------------------------------------------------------
               Jan      Feb      Mar      Apr      May      Jun 
               Jul      Aug      Sep      Oct      Nov      Dec         AVGE  
 -----------------------------------------------------------------------------
  2007                    0.       0.       0.       0.       0.
                 0.      -0.      -0.      -0.      -0.      -0.            0.
 
  2008          -0.       0.       0.      -0.      -0.      -0.
                -0.      -0.      -0.       0.       0.       0.           -0.
 
  2009           0.      -0.      -0.      -0.       0.       0.
                 0.       0.       0.       0.       0.      -0.            0.
 
  2010          -0.      -0.      -0.      -0.      -0.      -0.
                -0.       0.       0.       0.      -0.      -0.           -0.
 
  2011          -0.      -0.      -0.      -0.      -0.      -0.
                -0.      -0.      -0.      -0.      -0.       0.           -0.
 
  2012          -0.       0.       0.       0.       0.       0.
                 0.       0.      -0.      -0.      -0.      -0.            0.
 
  2013           0.       0.       0.       0.       0.       0.
                 0.      -0.      -0.      -0.      -0.       0.            0.
 
  2014           0.       0.      -0.      -0.      -0.      -0.
                -0.       0.       0.       0.       0.       0.            0.
 
  2015           0.      -0.      -0.      -0.      -0.      -0.
                 0.       0.      -0.      -0.      -0.      -0.           -0.
 
  2016          -0.      -0.       0.       0.       0.      -0.
                -0.      -0.      -0.       0.       0.       0.           -0.
 
  AVGE          -0.       0.       0.       0.       0.       0.
                -0.      -0.      -0.      -0.      -0.      -0.

  Table Total-           0.   Mean-         0.   Std. Dev.-         0.
                              Min -        -0.        Max -         0.
        ces_hours 41884            PAGE  20, SERIES ces_hours_additi

 E 8  Month-to-month differences in original series adjusted for calendar factors (A18)
  From  2007.Feb to 2016.Dec
  Observations        119
 -----------------------------------------------------------------------------
               Jan      Feb      Mar      Apr      May      Jun 
               Jul      Aug      Sep      Oct      Nov      Dec         AVGE  
 -----------------------------------------------------------------------------
  2007                    0.       1.       0.       0.       0.
                 0.       0.      -0.      -1.       0.       0.            0.
 
  2008          -1.       0.       0.      -0.      -0.       0.
                -0.       0.       0.       0.      -0.      -0.           -0.
 
  2009          -0.       1.      -0.      -0.      -0.       0.
                 1.       1.      -0.       0.      -0.       0.            0.
 
  2010          -1.      -0.       0.      -0.      -0.       1.
                 0.      -1.      -0.       0.      -0.       0.           -0.
 
  2011          -1.      -0.       0.       1.       0.      -0.
                -0.       1.      -0.      -1.       2.      -1.           -0.
 
  2012           0.       0.       0.      -0.       0.       1.
                 0.      -0.       0.      -1.      -0.       1.            0.
 
  2013          -0.      -0.       0.       1.       0.       0.
                -1.       0.      -0.      -0.       0.       0.            0.
 
  2014          -1.       1.      -1.      -0.       0.      -0.
                -0.      -0.       0.       1.       0.      -1.           -0.
 
  2015           0.       1.      -0.      -0.      -0.       0.
                 0.      -0.       0.      -0.      -0.      -0.            0.
 
  2016          -1.       0.       0.       0.       0.      -0.
                -0.       0.      -1.       0.      -0.       0.           -0.
 
  AVGE          -1.       0.       0.       0.       0.       0.
                -0.       0.      -0.      -0.       0.      -0.

  Table Total-           1.   Mean-         0.   Std. Dev.-         0.
                              Min -        -1.        Max -         2.
        ces_hours 41884            PAGE  21, SERIES ces_hours_additi

 E 18  Final adjustment ratios
  From  2007.Jan to 2016.Dec
  Observations        120
 -----------------------------------------------------------------------------
               Jan      Feb      Mar      Apr      May      Jun 
               Jul      Aug      Sep      Oct      Nov      Dec         AVGE  
 -----------------------------------------------------------------------------
  2007       98.345   99.187   98.811  101.734   98.069   98.512
            101.450   99.966  101.517  100.408  100.013  102.783       100.066
 
  2008       97.977   97.462  101.417   98.489   98.097  101.899
             99.063  101.382  100.237   99.973  101.687  100.455        99.845
 
  2009       98.000   99.063  101.040   99.356   99.641   99.741
             99.158  102.599   99.252   99.811  102.594  100.004       100.022
 
  2010       99.504   98.981   98.813   99.066  101.208   98.992
             99.184  102.451  100.204  100.961  100.089   99.904        99.946
 
  2011      100.818   99.001   98.294   98.420  101.221  100.199
            100.669  100.328   99.860  102.111   98.915   99.780        99.968
 
  2012      100.548   97.681   98.218  101.877   99.171   99.382
            101.592   99.901  101.565   99.426   99.384  102.408       100.096
 
  2013       97.995   99.347   99.828   99.485   99.507  101.682
             99.428   99.754  102.455   98.973   98.711  101.995        99.930
 
  2014       98.012   99.629  101.286   98.540   99.621  102.560
             98.895  101.115  100.024   99.033  101.042   99.880        99.970
 
  2015       97.989   99.854  101.240   99.497  101.050   99.979
             98.863  102.234   98.861   99.167  102.172   99.481       100.032
 
  2016       99.387   99.594   98.984   98.631  101.984   99.679
            100.200   99.845   99.398  101.989   98.969   99.436        99.841
 
  AVGE       98.857   98.980   99.793   99.510   99.957  100.263
             99.850  100.958  100.337  100.185  100.358  100.613

  Table Total-       11997.   Mean-       100.   Std. Dev.-         1.
                              Min -        97.        Max -       103.

 E 18.A  Final adjustment ratio forecasts
  From  2017.Jan to 2017.Dec
  Observations         12
 -----------------------------------------------------------------------------
               Jan      Feb      Mar      Apr      May      Jun 
               Jul      Aug      Sep      Oct      Nov      Dec         AVGE  
 -----------------------------------------------------------------------------
  2017      100.383  100.037   99.095  100.914   99.919   99.261
            101.508   99.401   98.764  101.792   99.916  100.864       100.155
 
        ces_hours 41884            PAGE  22, SERIES ces_hours_additi

 F 4.  Additive Day of the Week Trading Day Component Factors


      Day of Week Component for regARIMA Trading Day Factors:

                                       months starting on:
                     Mon      Tue      Wed      Thu      Fri      Sat      Sun
 31-day months        -0.      -0.      -0.      -0.       0.       1.       0.
 30-day months        -0.      -0.      -0.      -0.      -0.       0.       1.
 Leap year Feb.        0. ********      -0. ********      -0. ******** ********

  QS statistic for seasonality:
  Original Series                                     2.98  (P-Value =     0.2254)
  Original Series (EV adj)                            0.09  (P-Value =     0.9563)
  Residuals                                           0.33  (P-Value =     0.8478)
  Seasonally Adjusted Series                          0.00  (P-Value =     1.0000)
  Seasonally Adjusted Series (EV adj)                 0.00  (P-Value =     1.0000)
  Irregular Series                                    0.00  (P-Value =     1.0000)
  Irregular Series (EV adj)                           0.00  (P-Value =     1.0000)

  QS statistic for seasonality (starting 2009.Jan):
  Original Series                                     3.70  (P-Value =     0.1569)
  Original Series (EV adj)                            0.00  (P-Value =     1.0000)
  Residuals                                           0.21  (P-Value =     0.9021)
  Seasonally Adjusted Series                          0.00  (P-Value =     1.0000)
  Seasonally Adjusted Series (EV adj)                 0.00  (P-Value =     1.0000)
  Irregular Series                                    0.00  (P-Value =     1.0000)
  Irregular Series (EV adj)                           0.00  (P-Value =     1.0000)


 WARNING: Series should not be a candidate for seasonal adjustment
          because the spectrum of the prior adjusted series (Table B1)
          has no visually significant seasonal peaks.

          If this is a component series of an indirectly adjusted
          composite series, consider using type = trend or type = summary
          in the x11 spec.
        ces_hours 41884            PAGE  23, SERIES ces_hours_additi
 G 0  10*LOG(SPECTRUM) of the differenced Prior Adjusted Series
      (Table B1).  Spectrum estimated from 2009.Jan to 2016.Dec.
 ++++++++++I+++++++++++++++++++++++++++++++++++++++++++++++++++++++++++++I
      -0.10I                                            *                I     -0.10
           I                                            *                I
           I                                            *                I
           I                            *           S*  *                I
      -1.74I                            *           S*  *                I     -1.74
           I                            *           S*  *                I
           I                            *           S*  *            *   I
           I                            *           S*  *            *   I
      -3.39I                            *           S*  *            **  I     -3.39
           I                            *       *   S*  *            **  I
           I                            **     **   S*  **  **       **  I
           I                            **     **   S*  **  **    *  **  I
      -5.03I                            **     **   S*  **  **    *  **  I     -5.03
           I            *          *   ***     **   S* ***  **   **  **  I
           I            *          *   ***     **   S*T***  **   **  **  I
           I            *          **  ***     **   S*T***  **   **  **  I
      -6.67I            *          **  ***     **   S*T***  **   ** ***  I     -6.67
           I            **         **  ***     **   S*T***  **   ******  I
           I            **         **  ***S    **   S*T*** ***   ******  I
           I           ***         **  ***S    **  *S*T*******   ******  I
      -8.31I           ***         **  ***S    **  *S*T*******   ******* I     -8.31
           I           ****    *   ** ****S    **  *S*T*******S  ******* I
           I           ****    *   *******S    **  *S*T*******S T******* I
           I           ****   **   *******S    *** *S*T*******S T******* I
      -9.95I           *****  **  ********S    *** *S*T*******S*T*******SI     -9.95
           I           *****  **  ********S*  ******S*T*******S*T*******SI
           I           *****  **S ********S*  ******S*T*******S*T*******SI
           I        * S***** ***S ********S*  ******S*T*******S*T*******SI
     -11.59I        * S*********S*********S*  ******S*T*******S*T*******SI    -11.59
           I        **S*********S*********S** ******S*T*******S*T*******SI
           I        **S*********S*********S*********S*T*******S*T*******SI
           I        **S*********S*********S*********S*T*******S*T*******SI
     -13.23I        **S*********S*********S*********S*T*******S*T*******SI    -13.23
           I        **S*********S*********S*********S*T*******S*T*******SI
           I       ***S*********S*********S*********S*T*******S*T*******SI
           I   *   ***S*********S*********S*********S*T*******S*T*******SI
     -14.87I   *   ***S*********S*********S*********S*T*******S*T*******SI    -14.87
           I   *   ***S*********S*********S*********S*T*******S*T*******SI
           I   *   ***S*********S*********S*********S*T*******S*T*******SI
           I   *   ***S*********S*********S*********S*T*******S*T*******SI
     -16.51I   *   ***S*********S*********S*********S*T*******S*T*******SI    -16.51
           I  **   ***S*********S*********S*********S*T*******S*T*******SI
           I  *** ****S*********S*********S*********S*T*******S*T*******SI
           I  *** ****S*********S*********S*********S*T*******S*T*******SI
     -18.16I  *** ****S*********S*********S*********S*T*******S*T*******SI    -18.16
           I  ********S*********S*********S*********S*T*******S*T*******SI
           I  ********S*********S*********S*********S*T*******S*T*******SI
           I  ********S*********S*********S*********S*T*******S*T*******SI
     -19.80I  ********S*********S*********S*********S*T*******S*T*******SI    -19.80
           I  ********S*********S*********S*********S*T*******S*T*******SI
           I *********S*********S*********S*********S*T*******S*T*******SI
           I *********S*********S*********S*********S*T*******S*T*******SI
     -21.44I**********S*********S*********S*********S*T*******S*T*******SI    -21.44
 ++++++++++I+++++++++++++++++++++++++++++++++++++++++++++++++++++++++++++I
            S=SEASONAL FREQUENCIES, T=TRADING DAY FREQUENCIES
        ces_hours 41884            PAGE  24, SERIES ces_hours_additi
 G 1  10*LOG(SPECTRUM) of the differenced seasonally adjusted 
      data (Table E2).  Spectrum estimated from 2009.Jan to 2016.Dec.
 ++++++++++I+++++++++++++++++++++++++++++++++++++++++++++++++++++++++++++I
      -3.28I                        *                                    I     -3.28
           I                        *                                    I
           I                        *                                    I
           I                        *                                    I
      -4.70I                        *                                    I     -4.70
           I                        *                                    I
           I                        *                                    I
           I                        *                                    I
      -6.12I                        *                                    I     -6.12
           I                        *                                    I
           I                        *                   *        *       I
           I                       **                   *        *       I
      -7.55I                       **                   *        **      I     -7.55
           I                       ***                  *        **      I
           I                       ***                  **       **      I
           I                       ****                 **       **  *   I
      -8.97I             *         ****                 **       ** **   I     -8.97
           I             *         ****         *       **       ** **   I
           I             *         ****        **       **       *****   I
           I             *         ****        **       **      T*****   I
     -10.39I             *         ****     *  **       **      T*****   I    -10.39
           I             *         ****     *  **       **      T*****   I
           I        *    *         *****    *  **       **      T*****   I
           I        *   **         *****    ** **       **      T*****   I
     -11.82I        *   **         *****    *****      ***     *T*****   I    -11.82
           I        *   **         *****   *******     ***    S*T*****   I
           I        *   **         *****   *******  S  ***    S*T*****   I
           I        *   **         *****   *******  S* ****  *S*T******  I
     -13.24I       **   ***        *****   ******* *S*T****  *S*T******  I    -13.24
           I       **   ***        *****   *********S*T****  *S*T******  I
           I       **   ***        *****   *********S*T**** **S*T******  I
           I       **   ***        ******  *********S*T*******S*T******  I
     -14.66I       **   ***        ******  *********S*T*******S*T******  I    -14.66
           I   *   **   ***       ******* S*********S*T*******S*T******  I
           I   *   ***  ****      ******* S*********S*T*******S*T******  I
           I   *   *** *******    ********S*********S*T*******S*T******  I
     -16.09I   *   *** *******    ********S*********S*T*******S*T******* I    -16.09
           I   *   *** *******    ********S*********S*T*******S*T******* I
           I   *   ***S*******    ********S*********S*T*******S*T******* I
           I  **   ***S********   ********S*********S*T*******S*T*******SI
     -17.51I  **   ***S********   ********S*********S*T*******S*T*******SI    -17.51
           I  **  ****S********   ********S*********S*T*******S*T*******SI
           I  *** ****S********   ********S*********S*T*******S*T*******SI
           I  *** ****S********  *********S*********S*T*******S*T*******SI
     -18.93I  *** ****S********* *********S*********S*T*******S*T*******SI    -18.93
           I  ********S********* *********S*********S*T*******S*T*******SI
           I  ********S*********S*********S*********S*T*******S*T*******SI
           I  ********S*********S*********S*********S*T*******S*T*******SI
     -20.36I  ********S*********S*********S*********S*T*******S*T*******SI    -20.36
           I *********S*********S*********S*********S*T*******S*T*******SI
           I *********S*********S*********S*********S*T*******S*T*******SI
           I *********S*********S*********S*********S*T*******S*T*******SI
     -21.78I**********S*********S*********S*********S*T*******S*T*******SI    -21.78
 ++++++++++I+++++++++++++++++++++++++++++++++++++++++++++++++++++++++++++I
            S=SEASONAL FREQUENCIES, T=TRADING DAY FREQUENCIES
        ces_hours 41884            PAGE  25, SERIES ces_hours_additi
 G 2  10*LOG(SPECTRUM) of the Modified Irregular (Table E3).  
      Spectrum estimated from 2009.Jan to 2016.Dec.
 ++++++++++I+++++++++++++++++++++++++++++++++++++++++++++++++++++++++++++I
      -4.84I                        *                                    I     -4.84
           I                        *                                    I
           I                        *                                    I
           I                        *                                    I
      -7.05I                        *                                    I     -7.05
           I                       **                                    I
           I                       **                                    I
           I                       **                                    I
      -9.25I                       ***                                   I     -9.25
           I                       ***                                   I
           I                       ****                                  I
           I                       ****                                  I
     -11.45I                       ****                                  I    -11.45
           I                       ****                 *                I
           I                       ****                 *                I
           I                       ****                 *        *       I
     -13.65I                       *****        *       **       **      I    -13.65
           I                       *****    *  **       **       **      I
           I                       *****    *  **       **       **  *   I
           I                       *****    *****       **       ** **   I
     -15.85I             *        ******   ******       **       *****   I    -15.85
           I            **        ******   *******      **      T*****   I
           I            **  *     *******  *******     ***      T*****   I
           I            **  **    *******  *******  S* ***      T*****   I
     -18.06I            **  **    ********S******* *S*T****   S*T*****   I    -18.06
           I            ******    ********S*********S*T****  *S*T*****   I
           I            ******    ********S*********S*T****  *S*T******  I
           I            *******  *********S*********S*T**** **S*T******  I
     -20.26I            *******  *********S*********S*T*******S*T******  I    -20.26
           I           ********  *********S*********S*T*******S*T******  I
           I           *********S*********S*********S*T*******S*T******  I
           I        *  *********S*********S*********S*T*******S*T******  I
     -22.46I        *  *********S*********S*********S*T*******S*T******* I    -22.46
           I        * S*********S*********S*********S*T*******S*T******* I
           I       ***S*********S*********S*********S*T*******S*T*******SI
           I       ***S*********S*********S*********S*T*******S*T*******SI
     -24.66I       ***S*********S*********S*********S*T*******S*T*******SI    -24.66
           I       ***S*********S*********S*********S*T*******S*T*******SI
           I       ***S*********S*********S*********S*T*******S*T*******SI
           I       ***S*********S*********S*********S*T*******S*T*******SI
     -26.86I      ****S*********S*********S*********S*T*******S*T*******SI    -26.86
           I      ****S*********S*********S*********S*T*******S*T*******SI
           I      ****S*********S*********S*********S*T*******S*T*******SI
           I      ****S*********S*********S*********S*T*******S*T*******SI
     -29.06I      ****S*********S*********S*********S*T*******S*T*******SI    -29.06
           I      ****S*********S*********S*********S*T*******S*T*******SI
           I     *****S*********S*********S*********S*T*******S*T*******SI
           I     *****S*********S*********S*********S*T*******S*T*******SI
     -31.27I     *****S*********S*********S*********S*T*******S*T*******SI    -31.27
           I    ******S*********S*********S*********S*T*******S*T*******SI
           I    ******S*********S*********S*********S*T*******S*T*******SI
           I   *******S*********S*********S*********S*T*******S*T*******SI
     -33.47I**********S*********S*********S*********S*T*******S*T*******SI    -33.47
 ++++++++++I+++++++++++++++++++++++++++++++++++++++++++++++++++++++++++++I
            S=SEASONAL FREQUENCIES, T=TRADING DAY FREQUENCIES
        ces_hours 41884            PAGE  26, SERIES ces_hours_additi

  Peak probabilities for Tukey spectrum estimator
  Spectrum estimated from 2009.Jan to 2016.Dec.

                                          S1       S2       S3       S4       S5       S6       TD
                                        ------   ------   ------   ------   ------   ------   ------
  Model Residuals                        0.564    0.683    0.616    0.612    0.221    0.329    0.340  
  Prior Adjusted Series (Table B1)       0.778    0.098    0.215    0.591    0.252    0.279    0.045  
  Seasonally adjusted series (E2)        0.333    0.016    0.056    0.130    0.015    0.226    0.040  
  Modified Irregular (E3)                0.328    0.024    0.049    0.135    0.016    0.230    0.045  
  ----------
     ** - Peak Probability > 0.99,
      * - 0.90 < Peak Probability < 0.99


