  Reading input spec file from D:\Programming\Dynamic Paper-dlrhcs_replication\outputs\empirical\unemployment\raw_sa_pilot\x13_work\ces_hours_additive_level_40220_200701_201612.spc

1

               U. S. Department of Commerce, U. S. Census Bureau

              X-13ARIMA-SEATS monthly seasonal adjustment Method,
                          Release Version 1.1 Build 62


           This software application provides an enhanced version of
             Statistics Canada's X-11-ARIMA extension (Dagum, 1980)
                 of the X-11 variant of the Census Method II of
                      Shiskin, Young and Musgrave (1967).

            It also provides an ARIMA model-based method following
       Hillmer and Tiao (1982) and Burman (1980) that is very similar
       to the update of the method of SEATS (Gomez and Maravall, 1996)
                produced at the Bank of Spain by G. Caporello and
               A. Maravall for TSW (Caporello and Maravall, 2004).
          The present application includes additional enhancements.

         X-13ARIMA-SEATS includes an automatic ARIMA model selection procedure
          based largely on the procedure of Gomez and Maravall (1998)
            as implemented in TRAMO (1996) and subsequent revisions.

              Primary Programmers: Brian Monsell, Mark Otto and,
                 for the ARIMA model-based signal extraction,
                      Gianluca Caporello and Victor Gomez


     Series Title- ces_hours 40220
     Series Name- ces_hours_additi
     Jul 29, 2026  08.43.38 

        -Period covered-  1st month,2007 to 12th month,2016
        -Type of run - additive seasonal adjustment

        -Sigma limits for graduating extreme values are  1.5 and  2.5 .
        -3x3 moving average used in section 1 of each iteration, 
         3x5 moving average in section 2 of iterations B and C,
         moving average for final seasonal factors chosen by Global MSR.
        -Holiday adjustment factors applied directly to the final seasonally adjusted series
        -Spectral plots generated for selected series
        -Spectral plots generated for series starting in 2009.Jan

 FILE SAVE REQUESTS (* indicates file exists and will be overwritten)
  D:\Programming\Dynamic Paper-dlrhcs_replication\outputs\empirical\unemployment\raw_sa_pilot\x13_work\ces_hours_additive_level_40220_200701_201612.d10  final seasonal factors
  D:\Programming\Dynamic Paper-dlrhcs_replication\outputs\empirical\unemployment\raw_sa_pilot\x13_work\ces_hours_additive_level_40220_200701_201612.d11  final seasonally adjusted data
  D:\Programming\Dynamic Paper-dlrhcs_replication\outputs\empirical\unemployment\raw_sa_pilot\x13_work\ces_hours_additive_level_40220_200701_201612.out  program output file
  D:\Programming\Dynamic Paper-dlrhcs_replication\outputs\empirical\unemployment\raw_sa_pilot\x13_work\ces_hours_additive_level_40220_200701_201612.err  program error file
        ces_hours 40220            PAGE   1, SERIES ces_hours_additi

     Contents of spc file D:\Programming\Dynamic Paper-dlrhcs_replication\outputs\empirical\unemployment\raw_sa_pilot\x13_work\ces_hours_additive_level_40220_200701_201612.spc

 Line #
 ------
      1: series {
      2:   title = "ces_hours 40220"
      3:   start = 2007.1
      4:   period = 12
      5:   data = (
      6: 34.1
      7: 33.8
      8: 33.9
      9: 33.9
     10: 34.1
     11: 33.9
     12: 34.2
     13: 34.6
     14: 34.2
     15: 34.3
     16: 34.2
     17: 34.5
     18: 32.7
     19: 33.5
     20: 34.6
     21: 34.3
     22: 34.9
     23: 34.4
     24: 34.5
     25: 34.3
     26: 35.1
     27: 35
     28: 35.4
     29: 35.4
     30: 33.7
     31: 35.1
     32: 35
     33: 35.1
     34: 35.6
     35: 35.5
     36: 35.6
     37: 36
     38: 34.4
     39: 34.4
     40: 35.4
     41: 35.1
     42: 35
     43: 33.9
     44: 34.1
     45: 33.8
     46: 34.3
     47: 33.9
     48: 34.4
     49: 34.2
     50: 35.2
     51: 34.7
     52: 35.4
     53: 35
     54: 35.2
     55: 34.1
     56: 34.7
     57: 35
     58: 36
     59: 35.8
     60: 36.3
     61: 36.3
     62: 35.7
     63: 35.9
     64: 37
     65: 36.9
     66: 36
     67: 35.9
     68: 36.5
     69: 37.1
     70: 36.4
     71: 36.4
     72: 36.4
     73: 37
     74: 37.7
     75: 36.3
     76: 37.2
     77: 37.2
     78: 36.2
     79: 36.9
     80: 37.2
     81: 36.8
     82: 37.6
     83: 37.2
     84: 37.2
     85: 37.2
     86: 37.4
     87: 36.7
     88: 37.5
     89: 36.7
     90: 36.3
     91: 34.9
     92: 36
     93: 36.4
     94: 36
     95: 35.9
     96: 35.9
     97: 35.8
     98: 36.3
     99: 35.9
    100: 36.4
    101: 35.9
    102: 35.5
    103: 35.4
    104: 35.7
    105: 35.5
    106: 35.3
    107: 35.5
    108: 35.5
    109: 35.8
    110: 34.9
    111: 35.2
    112: 35.4
    113: 35.6
    114: 35.5
    115: 35.5
    116: 35.8
    117: 35.7
    118: 35.1
    119: 35.3
    120: 35.3
    121: 36.3
    122: 36.1
    123: 36.1
    124: 36.2
    125: 36.4
    126:   )
    127: }
    128: transform { function = none }
    129: regression { aictest = (td easter) }
    130: automdl {}
    131: x11 { mode = add save = (d10 d11) }
        ces_hours 40220            PAGE   2, SERIES ces_hours_additi

 A 1  Time series data (for the span analyzed)
  From  2007.Jan to 2016.Dec
  Observations        120
 -----------------------------------------------------------------------------
               Jan      Feb      Mar      Apr      May      Jun 
               Jul      Aug      Sep      Oct      Nov      Dec        TOTAL  
 -----------------------------------------------------------------------------
  2007          34.      34.      34.      34.      34.      34.
                34.      35.      34.      34.      34.      35.          410.
 
  2008          33.      34.      35.      34.      35.      34.
                35.      34.      35.      35.      35.      35.          414.
 
  2009          34.      35.      35.      35.      36.      36.
                36.      36.      34.      34.      35.      35.          421.
 
  2010          35.      34.      34.      34.      34.      34.
                34.      34.      35.      35.      35.      35.          414.
 
  2011          35.      34.      35.      35.      36.      36.
                36.      36.      36.      36.      37.      37.          429.
 
  2012          36.      36.      37.      37.      36.      36.
                36.      37.      38.      36.      37.      37.          440.
 
  2013          36.      37.      37.      37.      38.      37.
                37.      37.      37.      37.      38.      37.          445.
 
  2014          36.      35.      36.      36.      36.      36.
                36.      36.      36.      36.      36.      36.          432.
 
  2015          36.      35.      36.      36.      35.      36.
                36.      36.      35.      35.      35.      36.          425.
 
  2016          36.      36.      36.      36.      35.      35.
                35.      36.      36.      36.      36.      36.          429.
 
  AVGE          35.      35.      35.      35.      36.      35.
                36.      36.      36.      35.      36.      36.

  Table Total-        4259.   Mean-        35.   Std. Dev.-         1.
                              Min -        33.        Max -        38.
        ces_hours 40220            PAGE   3, SERIES ces_hours_additi
                        Automatic ARIMA Model Selection

                    Procedure based closely on TRAMO method 
                         of Gomez and Maravall (2000)
              "Automatic Modeling Methods for Univariate Series",
                            A Course in Time Series
                  (Edited by D. Pena, G. C. Tiao, R. S. Tsay),
                         New York : J. Wiley and Sons


     Maximum order for regular ARMA parameters :   2
     Maximum order for seasonal ARMA parameters :   1
     Maximum order for regular differencing :   2
     Maximum order for seasonal differencing :   1

   Results of Unit Root Test for identifying orders of differencing:
     Regular difference order :   1
     Seasonal difference order :   0

     Mean is not significant.

  Automatic model choice : (1 1 1)(1 0 1)


  Final Checks for Identified Model


  Checking for Unit Roots.
   Seasonal unit root found.
   ( 1, 1, 1) ( 0, 1, 1)

  Checking for nonseasonal overdifferencing.
   Nonseasonal MA not within  0.001 of 1.0 - model passes test.

  Checking for insignificant ARMA coefficients.

  Final automatic model choice : (1 1 1)(0 1 1)
   End of automatic model selection procedure.

 Average absolute percentage error in within-sample forecasts:
  Last year:   1.71      Last-1 year:   1.32     Last-2 year:   2.38
  Last three years:    1.81

 Estimation converged in   16 ARMA iterations,   65 function evaluations.

 ARIMA Model:  (1 1 1)(0 1 1)
   Nonseasonal differences: 1
   Seasonal differences:    1
                                              Standard
 Parameter                    Estimate          Errors
 -----------------------------------------------------
 Nonseasonal AR                                    
   Lag  1                      -0.0293         0.15843

 Nonseasonal MA                                    
   Lag  1                       0.5050         0.13746

 Seasonal MA                                       
   Lag 12                       0.9994         0.07503

 Variance                       0.22374E+00
 SE of Var                      0.30589E-01
 -----------------------------------------------------

 Likelihood Statistics
 ------------------------------------------------------------------
 Number of observations (nobs)                                  120
 Effective number of observations (nefobs)                      107
 Number of parameters estimated (np)                              4
 Log likelihood (L)                                        -85.6164
 AIC                                                       179.2327 
 AICC (F-corrected-AIC)                                    179.6249 
 Hannan Quinn                                              183.5669 
 BIC                                                       189.9241 
 ------------------------------------------------------------------

 QS Statistic for regARIMA Model Residuals (full series):             0.00
                                                       (P-Value =     1.0000)

 QS Statistic for regARIMA Model Residuals (starting 2009.Jan):       0.00
                                                       (P-Value =     1.0000)
      10*LOG(SPECTRUM) of the regARIMA model residuals
      Spectrum estimated from 2009.Jan to 2016.Dec.
 ++++++++++I+++++++++++++++++++++++++++++++++++++++++++++++++++++++++++++I
      -0.87I                                                         *   I     -0.87
           I                                                         *   I
           I                                                         *   I
           I                                             *           *   I
      -1.95I                                             *           *   I     -1.95
           I                                             *           *   I
           I                          *                  *           *   I
           I                          *                  *           *   I
      -3.02I                         **                  *           *   I     -3.02
           I  *                      **                  *           **  I
           I  *                      **                  *           **  I
           I  *                      **                  *           **  I
      -4.10I  *           *          **                  *           **  I     -4.10
           I  *           ***        **                  *           **  I
           I  *           ***        **                  *           **  I
           I  *           ***        **                  *           **  I
      -5.18I  **          ****       **                  **          **  I     -5.18
           I  **          ****    *  **                * **    *     **  I
           I  **          ****   **  **                * **    *     **  I
           I  **         *****   ** ***           *   T****    *     **  I
      -6.26I  **         *****   ** ***           *   T****    *     **  I     -6.26
           I  **         *****   ******           *   T****    *     **  I
           I  **   *     *****   ******          **   T****    *     *** I
           I ***  **     ******  ******          **   T****    *     *** I
      -7.33I ***  **     ****** S******          **   T****    *    **** I     -7.33
           I ***  **     ****** S******          **   T****    *    **** I
           I ***  **     *******S******      *   **   T****    *    ****SI
           I ***  **     *******S******      *   **   T****    *    ****SI
      -8.41I **** **     *******S******      *   **   T****    *    ****SI     -8.41
           I***** **     *******S*******     *   **   T****    *    ****SI
           I********     *******S*******     *   **   T****    *    ****SI
           I********     *******S*******     *   **   T****    *    ****SI
      -9.49I********     *******S*******     *   **   T****   S*    ****SI     -9.49
           I********    ********S*******     *   **  *T****   S*T   ****SI
           I********    ********S*******    **   *** *T****   S*T   ****SI
           I********    ********S*******    **   *** *T****   S*T   ****SI
     -10.57I*********   ********S*******    **   *** *T****   S*T   ****SI    -10.57
           I*********   ********S*******    **   *** *T****   S*T   ****SI
           I*********   ********S*******    ***  ***S*T****   S*T   ****SI
           I*********   ********S*******    *** ****S*T*****  S*T   ****SI
     -11.64I*********   ********S*******    *** ****S*T*****  S*T   ****SI    -11.64
           I*********   ********S*******    *** ****S*T*****  S*T  *****SI
           I*********   ********S*******    *** ****S*T*****  S*T  *****SI
           I*********   ********S*******    *** ****S*T*****  S*T  *****SI
     -12.72I*********  *********S********   ********S*T*****  S*T  *****SI    -12.72
           I********** *********S********   ********S*T***** *S*T  *****SI
           I********** *********S********   ********S*T***** *S*T* *****SI
           I********** *********S********  *********S*T*******S*T* *****SI
     -13.80I**********S*********S********  *********S*T*******S*T*******SI    -13.80
           I**********S*********S********  *********S*T*******S*T*******SI
           I**********S*********S********  *********S*T*******S*T*******SI
           I**********S*********S********* *********S*T*******S*T*******SI
     -14.88I**********S*********S*********S*********S*T*******S*T*******SI    -14.88
 ++++++++++I+++++++++++++++++++++++++++++++++++++++++++++++++++++++++++++I
            S=SEASONAL FREQUENCIES, T=TRADING DAY FREQUENCIES


 FORECASTING
  Origin  2016.Dec
  Number        12

  Forecasts and Standard Errors
   ------------------------------
                         Standard
       Date   Forecast      Error
   ------------------------------
   2017.Jan      35.59      0.473
   2017.Feb      35.52      0.522
   2017.Mar      35.97      0.569
   2017.Apr      35.98      0.613
   2017.May      36.15      0.654
   2017.Jun      36.00      0.692
   2017.Jul      36.15      0.729
   2017.Aug      36.37      0.763
   2017.Sep      36.32      0.797
   2017.Oct      36.07      0.828
   2017.Nov      36.63      0.859
   2017.Dec      36.49      0.889
   ------------------------------

  Confidence intervals with coverage probability ( 0.95000
   ---------------------------------------
       Date      Lower  Forecast     Upper
   ---------------------------------------
   2017.Jan      34.67     35.59     36.52
   2017.Feb      34.49     35.52     36.54
   2017.Mar      34.85     35.97     37.08
   2017.Apr      34.77     35.98     37.18
   2017.May      34.86     36.15     37.43
   2017.Jun      34.64     36.00     37.35
   2017.Jul      34.72     36.15     37.57
   2017.Aug      34.87     36.37     37.86
   2017.Sep      34.75     36.32     37.88
   2017.Oct      34.44     36.07     37.69
   2017.Nov      34.94     36.63     38.31
   2017.Dec      34.74     36.49     38.23
   ---------------------------------------
        ces_hours 40220            PAGE   4, SERIES ces_hours_additi

 B 1  Original series (prior adjusted)
  From  2007.Jan to 2016.Dec
  Observations        120
 -----------------------------------------------------------------------------
               Jan      Feb      Mar      Apr      May      Jun 
               Jul      Aug      Sep      Oct      Nov      Dec        TOTAL  
 -----------------------------------------------------------------------------
  2007          34.      34.      34.      34.      34.      34.
                34.      35.      34.      34.      34.      35.          410.
 
  2008          33.      34.      35.      34.      35.      34.
                35.      34.      35.      35.      35.      35.          414.
 
  2009          34.      35.      35.      35.      36.      36.
                36.      36.      34.      34.      35.      35.          421.
 
  2010          35.      34.      34.      34.      34.      34.
                34.      34.      35.      35.      35.      35.          414.
 
  2011          35.      34.      35.      35.      36.      36.
                36.      36.      36.      36.      37.      37.          429.
 
  2012          36.      36.      37.      37.      36.      36.
                36.      37.      38.      36.      37.      37.          440.
 
  2013          36.      37.      37.      37.      38.      37.
                37.      37.      37.      37.      38.      37.          445.
 
  2014          36.      35.      36.      36.      36.      36.
                36.      36.      36.      36.      36.      36.          432.
 
  2015          36.      35.      36.      36.      35.      36.
                36.      36.      35.      35.      35.      36.          425.
 
  2016          36.      36.      36.      36.      35.      35.
                35.      36.      36.      36.      36.      36.          429.
 
  AVGE          35.      35.      35.      35.      36.      35.
                36.      36.      36.      35.      36.      36.

  Table Total-        4259.   Mean-        35.   Std. Dev.-         1.
                              Min -        33.        Max -        38.

 B 1.A  Forecasts of (prior adjusted) original series
  From  2017.Jan to 2017.Dec
  Observations         12
 -----------------------------------------------------------------------------
               Jan      Feb      Mar      Apr      May      Jun 
               Jul      Aug      Sep      Oct      Nov      Dec        TOTAL  
 -----------------------------------------------------------------------------
  2017          36.      36.      36.      36.      36.      36.
                36.      36.      36.      36.      37.      36.          433.
 
        ces_hours 40220            PAGE   5, SERIES ces_hours_additi

 C 17  Final weights for irregular component
  From  2007.Jan to 2016.Dec
  Observations        120
  Lower sigma limit    1.50
  Upper sigma limit    2.50
 -----------------------------------------------------------------------------
               Jan      Feb      Mar      Apr      May      Jun 
               Jul      Aug      Sep      Oct      Nov      Dec         S.D.  
 -----------------------------------------------------------------------------
  2007         100.     100.     100.     100.     100.     100.
               100.      88.     100.     100.     100.     100.           24.
 
  2008           0.     100.      78.     100.     100.     100.
               100.     100.     100.     100.     100.     100.           24.
 
  2009           0.       0.     100.     100.     100.     100.
               100.       0.       0.      96.     100.     100.           24.
 
  2010           8.     100.     100.     100.     100.     100.
               100.     100.     100.     100.     100.     100.           26.
 
  2011          29.     100.     100.     100.     100.     100.
               100.     100.       0.     100.     100.     100.           26.
 
  2012         100.     100.     100.       0.     100.     100.
               100.     100.       0.     100.     100.     100.           23.
 
  2013          20.     100.     100.     100.     100.     100.
               100.     100.     100.     100.     100.     100.           21.
 
  2014         100.       0.     100.       2.     100.     100.
               100.      89.     100.     100.     100.     100.           21.
 
  2015         100.     100.     100.     100.     100.     100.
               100.     100.       0.     100.      91.     100.           18.
 
  2016         100.     100.     100.     100.      25.     100.
                96.     100.     100.     100.     100.     100.           18.
 
        ces_hours 40220            PAGE   6, SERIES ces_hours_additi

 D 8  Final unmodified SI ratios
  From  2007.Jan to 2016.Dec
  Observations        120
 -----------------------------------------------------------------------------
               Jan      Feb      Mar      Apr      May      Jun 
               Jul      Aug      Sep      Oct      Nov      Dec         AVGE  
 -----------------------------------------------------------------------------
  2007          -0.      -0.      -0.      -0.       0.      -0.
                 0.       0.       0.       0.       0.       0.            0.
 
  2008          -2.      -1.       0.      -0.       0.      -0.
                -0.      -0.       0.       0.       0.       0.           -0.
 
  2009          -1.      -0.      -0.      -0.       0.       0.
                 0.       1.      -1.      -0.       1.       0.           -0.
 
  2010           0.      -1.      -0.      -0.       0.      -0.
                 0.      -0.       1.       0.       1.       0.            0.
 
  2011           0.      -1.      -0.      -0.       0.      -0.
                 0.       0.      -1.      -0.       1.       0.           -0.
 
  2012          -0.      -1.      -0.       1.      -0.      -0.
                -0.       0.       1.      -0.       0.       0.            0.
 
  2013          -1.      -0.      -0.      -1.       0.      -0.
                 0.       0.       0.      -0.       1.       0.           -0.
 
  2014          -0.      -1.      -0.       0.       0.      -0.
                -0.      -0.       0.       0.       1.       0.           -0.
 
  2015          -0.      -0.       0.      -0.      -0.      -0.
                -0.       0.      -0.      -0.       0.       0.           -0.
 
  2016          -0.      -0.       0.       0.      -1.      -0.
                -0.       1.       0.       0.       0.       0.            0.
 
  AVGE          -0.      -1.      -0.      -0.       0.      -0.
                 0.       0.       0.      -0.       0.       0.

  Table Total-          -2.   Mean-        -0.   Std. Dev.-         0.
                              Min -        -2.        Max -         1.
        ces_hours 40220            PAGE   7, SERIES ces_hours_additi

 D 8.B  Final unmodified SI ratios, with labels for outliers and extreme values
  From  2007.Jan to 2016.Dec
  Observations        120
 ---------------------------------------------------------------------
               Jan       Feb       Mar       Apr       May       Jun  
               Jul       Aug       Sep       Oct       Nov       Dec  
 ---------------------------------------------------------------------
  2007         -0.       -0.       -0.       -0.        0.       -0.  
                0.        0.*       0.        0.        0.        0.  
 
  2008         -2.*      -1.        0.*      -0.        0.       -0.  
               -0.       -0.        0.        0.        0.        0.  
 
  2009         -1.*      -0.*      -0.       -0.        0.        0.  
                0.        1.*      -1.*      -0.*       1.        0.  
 
  2010          0.*      -1.       -0.       -0.        0.       -0.  
                0.       -0.        1.        0.        1.        0.  
 
  2011          0.*      -1.       -0.       -0.        0.       -0.  
                0.        0.       -1.*      -0.        1.        0.  
 
  2012         -0.       -1.       -0.        1.*      -0.       -0.  
               -0.        0.        1.*      -0.        0.        0.  
 
  2013         -1.*      -0.       -0.       -1.        0.       -0.  
                0.        0.        0.       -0.        1.        0.  
 
  2014         -0.       -1.*      -0.        0.*       0.       -0.  
               -0.       -0.*       0.        0.        1.        0.  
 
  2015         -0.       -0.        0.       -0.       -0.       -0.  
               -0.        0.       -0.*      -0.        0.*       0.  
 
  2016         -0.       -0.        0.        0.       -1.*      -0.  
               -0.*       1.        0.        0.        0.        0.  
 

  Key to symbols:
    *  : extreme value as determined by X-11 extreme value procedure
 
        ces_hours 40220            PAGE   8, SERIES ces_hours_additi

 D 9  Final replacement values for SI ratios
  From  2007.Jan to 2016.Dec
  Observations        120
 ---------------------------------------------------------------
               Jan      Feb      Mar      Apr      May      Jun 
               Jul      Aug      Sep      Oct      Nov      Dec 
 ---------------------------------------------------------------
  2007     ******** ******** ******** ******** ******** ********
           ********       0. ******** ******** ******** ********
 
  2008          -0. ********       0. ******** ******** ********
           ******** ******** ******** ******** ******** ********
 
  2009          -0.      -1. ******** ******** ******** ********
           ********       0.       0.      -0. ******** ********
 
  2010          -0. ******** ******** ******** ******** ********
           ******** ******** ******** ******** ******** ********
 
  2011          -0. ******** ******** ******** ******** ********
           ******** ********       0. ******** ******** ********
 
  2012     ******** ******** ********      -0. ******** ********
           ******** ********       0. ******** ******** ********
 
  2013          -0. ******** ******** ******** ******** ********
           ******** ******** ******** ******** ******** ********
 
  2014     ********      -0. ********      -0. ******** ********
           ********      -0. ******** ******** ******** ********
 
  2015     ******** ******** ******** ******** ******** ********
           ******** ********       0. ********       0. ********
 
  2016     ******** ******** ******** ********      -0. ********
                -0. ******** ******** ******** ******** ********
 

 D 9.A  Moving seasonality ratio
 ---------------------------------------------------------------
               Jan      Feb      Mar      Apr      May      Jun 
 ---------------------------------------------------------------
   I          0.156    0.180    0.210    0.123    0.228    0.121
   S          0.025    0.053    0.031    0.031    0.049    0.015
 RATIO        6.300    3.370    6.687    3.914    4.671    8.075



 ---------------------------------------------------------------
               Jul      Aug      Sep      Oct      Nov      Dec 
 ---------------------------------------------------------------
   I          0.183    0.342    0.154    0.253    0.195    0.160
   S          0.037    0.052    0.035    0.048    0.050    0.024
 RATIO        4.962    6.643    4.410    5.234    3.883    6.574



        ces_hours 40220            PAGE   9, SERIES ces_hours_additi

 D 10  Final seasonal factors
  From  2007.Jan to 2016.Dec
  Observations        120
  Seasonal filter    3 x 5 moving average
 -----------------------------------------------------------------------------
               Jan      Feb      Mar      Apr      May      Jun 
               Jul      Aug      Sep      Oct      Nov      Dec         AVGE  
 -----------------------------------------------------------------------------
  2007          -0.      -1.      -0.      -0.       0.      -0.
                 0.       0.       0.      -0.       0.       0.            0.
 
  2008          -0.      -1.      -0.      -0.       0.      -0.
                 0.       0.       0.      -0.       0.       0.            0.
 
  2009          -0.      -1.      -0.      -0.       0.      -0.
                 0.       0.       0.      -0.       0.       0.            0.
 
  2010          -0.      -1.      -0.      -0.       0.      -0.
                 0.       0.       0.      -0.       1.       0.           -0.
 
  2011          -0.      -1.      -0.      -0.       0.      -0.
                 0.       0.       0.      -0.       1.       0.           -0.
 
  2012          -0.      -1.      -0.      -0.       0.      -0.
                 0.       0.       0.      -0.       1.       0.           -0.
 
  2013          -0.      -0.      -0.      -0.       0.      -0.
                 0.       0.       0.      -0.       0.       0.           -0.
 
  2014          -0.      -0.      -0.      -0.      -0.      -0.
                -0.       0.       0.      -0.       0.       0.           -0.
 
  2015          -0.      -0.      -0.      -0.      -0.      -0.
                -0.       0.       0.      -0.       0.       0.           -0.
 
  2016          -0.      -0.       0.      -0.      -0.      -0.
                -0.       0.       0.      -0.       0.       0.           -0.
 
  AVGE          -0.      -1.      -0.      -0.       0.      -0.
                 0.       0.       0.      -0.       0.       0.

  Table Total-          -0.   Mean-        -0.   Std. Dev.-         0.
                              Min -        -1.        Max -         1.

 D 10.A  Final seasonal component forecasts
  From  2017.Jan to 2017.Dec
  Observations         12
 -----------------------------------------------------------------------------
               Jan      Feb      Mar      Apr      May      Jun 
               Jul      Aug      Sep      Oct      Nov      Dec         AVGE  
 -----------------------------------------------------------------------------
  2017          -0.      -0.       0.      -0.      -0.      -0.
                -0.       0.       0.      -0.       0.       0.            0.
 
        ces_hours 40220            PAGE  10, SERIES ces_hours_additi

 D 11  Final seasonally adjusted data
  From  2007.Jan to 2016.Dec
  Observations        120
 -----------------------------------------------------------------------------
               Jan      Feb      Mar      Apr      May      Jun 
               Jul      Aug      Sep      Oct      Nov      Dec        TOTAL  
 -----------------------------------------------------------------------------
  2007          34.      34.      34.      34.      34.      34.
                34.      35.      34.      34.      34.      34.          410.
 
  2008          33.      34.      35.      35.      35.      34.
                34.      34.      35.      35.      35.      35.          414.
 
  2009          34.      36.      35.      35.      35.      36.
                35.      36.      34.      35.      35.      35.          421.
 
  2010          35.      35.      34.      34.      34.      34.
                34.      34.      35.      35.      35.      35.          414.
 
  2011          35.      35.      35.      35.      36.      36.
                36.      36.      35.      36.      36.      37.          429.
 
  2012          36.      36.      37.      37.      36.      36.
                36.      37.      37.      37.      37.      37.          440.
 
  2013          36.      37.      37.      37.      38.      37.
                37.      37.      37.      37.      37.      36.          445.
 
  2014          37.      35.      36.      37.      36.      36.
                36.      36.      36.      36.      36.      36.          432.
 
  2015          36.      36.      36.      36.      35.      36.
                36.      36.      35.      35.      35.      35.          425.
 
  2016          36.      36.      36.      36.      35.      35.
                35.      36.      36.      36.      36.      36.          429.
 
  AVGE          35.      35.      35.      36.      35.      35.
                35.      36.      35.      36.      36.      36.

  Table Total-        4259.   Mean-        35.   Std. Dev.-         1.
                              Min -        33.        Max -        38.
        ces_hours 40220            PAGE  11, SERIES ces_hours_additi

 D 12  Final trend cycle
  From  2007.Jan to 2016.Dec
  Observations        120
  Trend filter    13-term Henderson moving average
  I/C ratio        2.22
 -----------------------------------------------------------------------------
               Jan      Feb      Mar      Apr      May      Jun 
               Jul      Aug      Sep      Oct      Nov      Dec        TOTAL  
 -----------------------------------------------------------------------------
  2007          34.      34.      34.      34.      34.      34.
                34.      34.      34.      34.      34.      34.          410.
 
  2008          34.      34.      34.      35.      35.      35.
                35.      35.      35.      35.      35.      35.          415.
 
  2009          35.      35.      35.      35.      35.      35.
                35.      35.      35.      35.      35.      35.          422.
 
  2010          35.      34.      34.      34.      34.      34.
                34.      34.      35.      35.      35.      35.          413.
 
  2011          35.      35.      35.      35.      36.      36.
                36.      36.      36.      36.      36.      36.          429.
 
  2012          36.      36.      36.      36.      36.      36.
                37.      37.      37.      37.      37.      37.          439.
 
  2013          37.      37.      37.      37.      37.      37.
                37.      37.      37.      37.      37.      37.          445.
 
  2014          36.      36.      36.      36.      36.      36.
                36.      36.      36.      36.      36.      36.          432.
 
  2015          36.      36.      36.      36.      36.      36.
                36.      35.      35.      35.      35.      35.          426.
 
  2016          36.      36.      36.      36.      36.      36.
                36.      36.      36.      36.      36.      36.          429.
 
  AVGE          35.      35.      35.      35.      35.      35.
                36.      36.      36.      36.      36.      36.

  Table Total-        4261.   Mean-        36.   Std. Dev.-         1.
                              Min -        34.        Max -        37.
        ces_hours 40220            PAGE  12, SERIES ces_hours_additi

 D 13  Final irregular component
  From  2007.Jan to 2016.Dec
  Observations        120
 -----------------------------------------------------------------------------
               Jan      Feb      Mar      Apr      May      Jun 
               Jul      Aug      Sep      Oct      Nov      Dec         S.D.  
 -----------------------------------------------------------------------------
  2007           0.       0.      -0.       0.      -0.      -0.
                -0.       0.      -0.       0.      -0.       0.            0.
 
  2008          -1.      -0.       0.       0.       0.      -0.
                -0.      -0.       0.       0.       0.       0.            0.
 
  2009          -1.       1.      -0.       0.      -0.       0.
                 0.       1.      -1.      -0.       0.       0.            1.
 
  2010           1.       0.      -0.      -0.      -0.      -0.
                 0.      -0.       0.       0.       0.      -0.            0.
 
  2011           1.      -0.      -0.      -0.       0.       0.
                 0.       0.      -1.      -0.       0.       0.            0.
 
  2012          -0.      -0.       0.       1.      -0.      -0.
                -0.       0.       1.      -0.      -0.       0.            0.
 
  2013          -1.       0.       0.      -0.       0.       0.
                -0.      -0.      -0.      -0.       0.      -0.            0.
 
  2014           0.      -1.      -0.       1.       0.       0.
                 0.      -0.       0.       0.       0.      -0.            0.
 
  2015          -0.       0.       0.       0.      -0.       0.
                 0.       0.      -1.      -0.      -0.      -0.            0.
 
  2016           0.       0.       0.       0.      -0.      -0.
                -0.       0.      -0.       0.      -0.       0.            0.
 
  S.D.           1.       0.       0.       0.       0.       0.
                 0.       0.       1.       0.       0.       0.

  Table Total-          -2.   Mean-        -0.   Std. Dev.-         0.
                              Min -        -1.        Max -         1.
        ces_hours 40220            PAGE  13, SERIES ces_hours_additi

 D 16  Combined adjustment factors
  From  2007.Jan to 2016.Dec
  Observations        120
 -----------------------------------------------------------------------------
               Jan      Feb      Mar      Apr      May      Jun 
               Jul      Aug      Sep      Oct      Nov      Dec         AVGE  
 -----------------------------------------------------------------------------
  2007          -0.      -1.      -0.      -0.       0.      -0.
                 0.       0.       0.      -0.       0.       0.            0.
 
  2008          -0.      -1.      -0.      -0.       0.      -0.
                 0.       0.       0.      -0.       0.       0.            0.
 
  2009          -0.      -1.      -0.      -0.       0.      -0.
                 0.       0.       0.      -0.       0.       0.            0.
 
  2010          -0.      -1.      -0.      -0.       0.      -0.
                 0.       0.       0.      -0.       1.       0.           -0.
 
  2011          -0.      -1.      -0.      -0.       0.      -0.
                 0.       0.       0.      -0.       1.       0.           -0.
 
  2012          -0.      -1.      -0.      -0.       0.      -0.
                 0.       0.       0.      -0.       1.       0.           -0.
 
  2013          -0.      -0.      -0.      -0.       0.      -0.
                 0.       0.       0.      -0.       0.       0.           -0.
 
  2014          -0.      -0.      -0.      -0.      -0.      -0.
                -0.       0.       0.      -0.       0.       0.           -0.
 
  2015          -0.      -0.      -0.      -0.      -0.      -0.
                -0.       0.       0.      -0.       0.       0.           -0.
 
  2016          -0.      -0.       0.      -0.      -0.      -0.
                -0.       0.       0.      -0.       0.       0.           -0.
 
  AVGE          -0.      -1.      -0.      -0.       0.      -0.
                 0.       0.       0.      -0.       0.       0.

  Table Total-          -0.   Mean-        -0.   Std. Dev.-         0.
                              Min -        -1.        Max -         1.

 D 16.A  Combined adjustment component forecasts
  From  2017.Jan to 2017.Dec
  Observations         12
 -----------------------------------------------------------------------------
               Jan      Feb      Mar      Apr      May      Jun 
               Jul      Aug      Sep      Oct      Nov      Dec         AVGE  
 -----------------------------------------------------------------------------
  2017          -0.      -0.       0.      -0.      -0.      -0.
                -0.       0.       0.      -0.       0.       0.            0.
 
        ces_hours 40220            PAGE  14, SERIES ces_hours_additi

 E 4  Differences of annual totals
  From          2007 to 2016
  Observations         10
 -----------------------------------
  Year       Unmodified     Modified
                  (D11)         (E2)
 -----------------------------------
  2007               0.           0.
 
  2008               0.           0.
 
  2009               0.           0.
 
  2010              -0.          -0.
 
  2011              -0.          -0.
 
  2012              -0.          -0.
 
  2013              -0.          -0.
 
  2014              -0.          -0.
 
  2015              -0.          -0.
 
  2016              -0.          -0.
 
        ces_hours 40220            PAGE  15, SERIES ces_hours_additi

 E 5  Month-to-month differences in the original series
  From  2007.Feb to 2016.Dec
  Observations        119
 -----------------------------------------------------------------------------
               Jan      Feb      Mar      Apr      May      Jun 
               Jul      Aug      Sep      Oct      Nov      Dec         AVGE  
 -----------------------------------------------------------------------------
  2007                   -0.       0.       0.       0.      -0.
                 0.       0.      -0.       0.      -0.       0.            0.
 
  2008          -2.       1.       1.      -0.       1.      -0.
                 0.      -0.       1.      -0.       0.       0.            0.
 
  2009          -2.       1.      -0.       0.       1.      -0.
                 0.       0.      -2.       0.       1.      -0.           -0.
 
  2010          -0.      -1.       0.      -0.       1.      -0.
                 1.      -0.       1.      -0.       1.      -0.           -0.
 
  2011           0.      -1.       1.       0.       1.      -0.
                 1.       0.      -1.       0.       1.      -0.            0.
 
  2012          -1.      -0.       1.       1.      -1.       0.
                 0.       1.       1.      -1.       1.       0.            0.
 
  2013          -1.       1.       0.      -0.       1.      -0.
                 0.       0.       0.      -1.       1.      -1.           -0.
 
  2014          -0.      -1.       1.       0.      -0.      -0.
                 0.      -0.       1.      -0.       1.      -0.           -0.
 
  2015          -0.      -0.       0.      -0.      -0.       0.
                 0.       0.      -1.       0.       0.       0.           -0.
 
  2016          -0.       0.       0.      -0.      -1.       0.
                 0.       1.      -0.       0.       0.       0.            0.
 
  AVGE          -1.      -0.       0.       0.       0.      -0.
                 0.       0.      -0.      -0.       1.      -0.

  Table Total-           2.   Mean-         0.   Std. Dev.-         1.
                              Min -        -2.        Max -         1.
        ces_hours 40220            PAGE  16, SERIES ces_hours_additi

 E 6  Month-to-month differences in seasonally adjusted series (D11)
  From  2007.Feb to 2016.Dec
  Observations        119
 -----------------------------------------------------------------------------
               Jan      Feb      Mar      Apr      May      Jun 
               Jul      Aug      Sep      Oct      Nov      Dec         AVGE  
 -----------------------------------------------------------------------------
  2007                    0.      -0.       0.      -0.       0.
                 0.       1.      -1.       0.      -1.       0.           -0.
 
  2008          -1.       1.       1.      -0.       0.      -0.
                -0.      -0.       0.       0.      -0.       0.            0.
 
  2009          -1.       2.      -1.       0.       0.       0.
                -0.       1.      -2.       1.       0.      -0.           -0.
 
  2010           1.      -1.      -0.      -0.      -0.      -0.
                 0.      -0.       1.       0.      -0.      -0.           -0.
 
  2011           1.      -1.       0.       0.       0.       0.
                 0.       0.      -1.       1.       0.       0.            0.
 
  2012          -0.       0.       0.       1.      -1.       0.
                -0.       1.       0.      -1.       0.       0.            0.
 
  2013          -0.       1.      -0.      -0.       0.      -0.
                -0.      -0.      -0.      -0.       0.      -1.           -0.
 
  2014           0.      -1.       1.       1.      -1.      -0.
                -0.      -0.       0.       0.      -0.      -0.           -0.
 
  2015           0.      -0.      -0.      -0.      -0.       0.
                -0.      -0.      -1.       1.      -0.       0.           -0.
 
  2016           0.       0.      -0.       0.      -1.       0.
                -0.       1.      -0.       0.      -0.       0.            0.
 
  AVGE          -0.       0.       0.       0.      -0.       0.
                 0.       0.      -0.       0.      -0.       0.

  Table Total-           2.   Mean-         0.   Std. Dev.-         1.
                              Min -        -2.        Max -         2.
        ces_hours 40220            PAGE  17, SERIES ces_hours_additi

 E 7  Month-to-month differences in final trend cycle (D12)
  From  2007.Feb to 2016.Dec
  Observations        119
 -----------------------------------------------------------------------------
               Jan      Feb      Mar      Apr      May      Jun 
               Jul      Aug      Sep      Oct      Nov      Dec         AVGE  
 -----------------------------------------------------------------------------
  2007                   -0.      -0.      -0.      -0.       0.
                 0.       0.      -0.      -0.      -0.       0.           -0.
 
  2008           0.       0.       0.       0.       0.      -0.
                 0.       0.       0.       0.       0.       0.            0.
 
  2009           0.       0.       0.       0.       0.      -0.
                -0.      -0.      -0.      -0.      -0.      -0.           -0.
 
  2010          -0.      -0.      -0.      -0.      -0.       0.
                 0.       0.       0.       0.       0.       0.            0.
 
  2011           0.       0.       0.       0.       0.       0.
                 0.       0.       0.       0.       0.       0.            0.
 
  2012           0.       0.      -0.      -0.      -0.       0.
                 0.       0.       0.       0.       0.       0.            0.
 
  2013           0.       0.       0.       0.      -0.      -0.
                -0.      -0.      -0.      -0.      -0.      -0.           -0.
 
  2014          -0.      -0.      -0.      -0.      -0.      -0.
                -0.      -0.      -0.      -0.      -0.      -0.           -0.
 
  2015          -0.      -0.      -0.      -0.      -0.      -0.
                -0.      -0.      -0.      -0.       0.       0.           -0.
 
  2016           0.       0.       0.      -0.      -0.      -0.
                 0.       0.       0.       0.       0.      -0.            0.
 
  AVGE           0.       0.       0.       0.       0.       0.
                 0.       0.       0.       0.       0.       0.

  Table Total-           2.   Mean-         0.   Std. Dev.-         0.
                              Min -        -0.        Max -         0.
        ces_hours 40220            PAGE  18, SERIES ces_hours_additi

 E 8  Month-to-month differences in original series adjusted for calendar factors (A18)
  From  2007.Feb to 2016.Dec
  Observations        119
 -----------------------------------------------------------------------------
               Jan      Feb      Mar      Apr      May      Jun 
               Jul      Aug      Sep      Oct      Nov      Dec         AVGE  
 -----------------------------------------------------------------------------
  2007                   -0.       0.       0.       0.      -0.
                 0.       0.      -0.       0.      -0.       0.            0.
 
  2008          -2.       1.       1.      -0.       1.      -0.
                 0.      -0.       1.      -0.       0.       0.            0.
 
  2009          -2.       1.      -0.       0.       1.      -0.
                 0.       0.      -2.       0.       1.      -0.           -0.
 
  2010          -0.      -1.       0.      -0.       1.      -0.
                 1.      -0.       1.      -0.       1.      -0.           -0.
 
  2011           0.      -1.       1.       0.       1.      -0.
                 1.       0.      -1.       0.       1.      -0.            0.
 
  2012          -1.      -0.       1.       1.      -1.       0.
                 0.       1.       1.      -1.       1.       0.            0.
 
  2013          -1.       1.       0.      -0.       1.      -0.
                 0.       0.       0.      -1.       1.      -1.           -0.
 
  2014          -0.      -1.       1.       0.      -0.      -0.
                 0.      -0.       1.      -0.       1.      -0.           -0.
 
  2015          -0.      -0.       0.      -0.      -0.       0.
                 0.       0.      -1.       0.       0.       0.           -0.
 
  2016          -0.       0.       0.      -0.      -1.       0.
                 0.       1.      -0.       0.       0.       0.            0.
 
  AVGE          -1.      -0.       0.       0.       0.      -0.
                 0.       0.      -0.      -0.       1.      -0.

  Table Total-           2.   Mean-         0.   Std. Dev.-         1.
                              Min -        -2.        Max -         1.
        ces_hours 40220            PAGE  19, SERIES ces_hours_additi

 E 18  Final adjustment ratios
  From  2007.Jan to 2016.Dec
  Observations        120
 -----------------------------------------------------------------------------
               Jan      Feb      Mar      Apr      May      Jun 
               Jul      Aug      Sep      Oct      Nov      Dec         AVGE  
 -----------------------------------------------------------------------------
  2007       99.169   98.098   99.531   99.325  100.637   99.778
            100.374  100.056  100.969   99.883  101.235  101.000       100.005
 
  2008       99.203   98.054   99.474   99.278  100.647   99.762
            100.407  100.059  101.017   99.832  101.275  100.983        99.999
 
  2009       99.243   98.082   99.457   99.222  100.630   99.764
            100.395  100.067  101.198   99.671  101.422  100.986       100.011
 
  2010       99.248   98.041   99.398   99.082  100.634   99.781
            100.405  100.186  101.260   99.422  101.573  100.950        99.998
 
  2011       99.219   98.184   99.452   99.051  100.519   99.788
            100.302  100.231  101.322   99.352  101.593  100.772        99.982
 
  2012       99.223   98.472   99.522   99.113  100.374   99.810
            100.222  100.371  101.168   99.333  101.495  100.639        99.978
 
  2013       99.237   98.748   99.712   99.253  100.140   99.772
            100.013  100.507  101.060   99.489  101.278  100.569        99.982
 
  2014       99.247   98.900   99.864   99.412   99.970   99.725
             99.862  100.635  100.902   99.588  101.125  100.558        99.982
 
  2015       99.306   99.081   99.988   99.590   99.792   99.627
             99.719  100.679  100.806   99.771  101.004  100.580        99.995
 
  2016       99.368   99.128  100.027   99.721   99.704   99.564
             99.685  100.709  100.665   99.858  100.870  100.622        99.993
 
  AVGE       99.246   98.479   99.642   99.305  100.305   99.737
            100.138  100.350  101.037   99.620  101.287  100.766

  Table Total-       11999.   Mean-       100.   Std. Dev.-         1.
                              Min -        98.        Max -       102.

 E 18.A  Final adjustment ratio forecasts
  From  2017.Jan to 2017.Dec
  Observations         12
 -----------------------------------------------------------------------------
               Jan      Feb      Mar      Apr      May      Jun 
               Jul      Aug      Sep      Oct      Nov      Dec         AVGE  
 -----------------------------------------------------------------------------
  2017       99.409   99.141  100.068   99.815   99.608   99.532
             99.656  100.803  100.618   99.901  100.757  100.686       100.000
 

  QS statistic for seasonality:
  Original Series                                     5.78  (P-Value =     0.0556)
  Original Series (EV adj)                            5.78  (P-Value =     0.0556)
  Residuals                                           0.00  (P-Value =     1.0000)
  Seasonally Adjusted Series                          0.00  (P-Value =     1.0000)
  Seasonally Adjusted Series (EV adj)                 0.00  (P-Value =     1.0000)
  Irregular Series                                    0.00  (P-Value =     1.0000)
  Irregular Series (EV adj)                           0.00  (P-Value =     1.0000)

  QS statistic for seasonality (starting 2009.Jan):
  Original Series                                     6.52  (P-Value =     0.0385)
  Original Series (EV adj)                            6.52  (P-Value =     0.0385)
  Residuals                                           0.00  (P-Value =     1.0000)
  Seasonally Adjusted Series                          0.00  (P-Value =     1.0000)
  Seasonally Adjusted Series (EV adj)                 0.43  (P-Value =     0.8076)
  Irregular Series                                    0.00  (P-Value =     1.0000)
  Irregular Series (EV adj)                           0.00  (P-Value =     1.0000)
        ces_hours 40220            PAGE  20, SERIES ces_hours_additi


  Visually significant residual trading day peaks have been
  found in the spectral plots of the following series starting in 2009.Jan:

          differenced seasonally adjusted series (Table E2) (1 Trading Day peak(s))

          Modified irregular component (Table E3) (1 Seasonal and 
        ces_hours 40220            PAGE  21, SERIES ces_hours_additi
 G 0  10*LOG(SPECTRUM) of the differenced Original Series
      (Table A1 or B1).  Spectrum estimated from 2009.Jan to 2016.Dec.
 ++++++++++I+++++++++++++++++++++++++++++++++++++++++++++++++++++++++++++I
       4.65I                              S                              I      4.65
           I                              S                              I
           I                              S                              I
           I                              S                              I
       3.32I                              S                              I      3.32
           I                              S                              I
           I                              S                          *   I
           I                              S                          *  SI
       1.99I                              S                          *  SI      1.99
           I                              S                          *  SI
           I                              S                          *  SI
           I                              S              *           *  SI
       0.66I                              S              *           *  SI      0.66
           I                              S              *           *  SI
           I                              S              *           *  SI
           I                              S              *           *  SI
      -0.66I                              S              *           * *SI     -0.66
           I                              S              *           ***SI
           I                         *    S              *           ***SI
           I                     *   *    S        *     *           ***SI
      -1.99I                     *   *    S        *     *     *     ***SI     -1.99
           I                     *   *    S        *S    **    *     ***SI
           I                     *   *    S        *S    **    *     ***SI
           I                     *   **   S        *S    **    *     ***SI
      -3.32I                     *   **   S        *S   ***    *     ***SI     -3.32
           I                     *   **   S        *S   ***    *     ***SI
           I                     *   **   S        *S   ***    *     ***SI
           I                     *   **   S       **S   ***    *     ***SI
      -4.65I                     *   **   S       **S*  ***    *     ***SI     -4.65
           I                     *   **   S       **S*  ***    *     ***SI
           I                     **  **   S*     ***S*  ***    *    ****SI
           I                    S**  **  *S*    ****S*  ***    *    ****SI
      -5.98I                    S**  **  *S*    ****S*T****    *    ****SI     -5.98
           I                    S** ***  *S*    ****S*T****    *    ****SI
           I                    S** ***  *S*    ****S*T****    *    ****SI
           I                    S** ***  *S*    ****S*T****   S*    ****SI
      -7.31I                    S** ***  *S*    ****S*T****   S*    ****SI     -7.31
           I                    S******  *S*   *****S*T****   S*T   ****SI
           I         *          S******* *S*   *****S*T*****  S*T   ****SI
           I         *    **    S******* *S*   *****S*T*****  S*T   ****SI
      -8.64I         *    ***   S*********S*   *****S*T*****  S*T   ****SI     -8.64
           I    *   **   ****  *S*********S*   *****S*T*****  S*T   ****SI
           I    **  **   ****  *S*********S*   *****S*T*****  S*T   ****SI
           I    **  **   ***** *S*********S*   *****S*T*****  S*T   ****SI
      -9.97I    **  **S  *******S*********S*   *****S*T*****  S*T   ****SI     -9.97
           I    **  **S  *******S*********S** ******S*T*******S*T   ****SI
           I   *** ***S ********S*********S** ******S*T*******S*T  *****SI
           I   *******S*********S*********S** ******S*T*******S*T  *****SI
     -11.30I*  *******S*********S*********S** ******S*T*******S*T  *****SI    -11.30
           I**********S*********S*********S*********S*T*******S*T  *****SI
           I**********S*********S*********S*********S*T*******S*T* *****SI
           I**********S*********S*********S*********S*T*******S*T* *****SI
     -12.63I**********S*********S*********S*********S*T*******S*T*******SI    -12.63
 ++++++++++I+++++++++++++++++++++++++++++++++++++++++++++++++++++++++++++I
            S=SEASONAL FREQUENCIES, T=TRADING DAY FREQUENCIES
        ces_hours 40220            PAGE  22, SERIES ces_hours_additi
 G 1  10*LOG(SPECTRUM) of the differenced seasonally adjusted 
      data (Table E2).  Spectrum estimated from 2009.Jan to 2016.Dec.
 ++++++++++I+++++++++++++++++++++++++++++++++++++++++++++++++++++++++++++I
      -1.81I                                           *                 I     -1.81
           I                                           *                 I
           I                                           *                 I
           I                                           *                 I
      -3.34I                                           *              *  I     -3.34
           I                                           *              *  I
           I                                           *              *  I
           I                                           *        T     *  I
      -4.88I                                           *        T     *  I     -4.88
           I                                           *        T     *  I
           I                                           *        T    **  I
           I                                           *        T    *** I
      -6.41I                                           *        T    *** I     -6.41
           I                                           *        T    *** I
           I                                           *        T    ***SI
           I                                      *   T*        T    ***SI
      -7.94I                                      *   T*        T    ***SI     -7.94
           I                                      *   T*        T    ***SI
           I                                 *    *   T*        T    ***SI
           I  *            *                 *    *   T*       *T    ***SI
      -9.48I  *            *      *         **   **   T*       *T*  ****SI     -9.48
           I  *            *      *         **   **   T*       *T*  ****SI
           I  *            **     *         **   **   T**      *T*  ****SI
           I  *           ****    *         **   **   T**      *T*  ****SI
     -11.01I  *           ****    *         **   **   T**      *T*  ****SI    -11.01
           I  ** *        *****   *         ***  **   T****    *T* *****SI
           I  ** *        *****   *         ***  ***  T****    *T*******SI
           I  ** *        *****  **         ***  ***  T****    *T*******SI
     -12.54I  ** **      ******  **         ***  ***  T****    *T*******SI    -12.54
           I  ** **      ******  ***   *    *** **** *T****    *T*******SI
           I  ** **      ******* ***  **    ******** *T****    *T*******SI
           I  *****      *******S***  **   *********S*T*****  S*T*******SI
     -14.08I ******     ********S***  **   *********S*T*****  S*T*******SI    -14.08
           I ******     ********S***  **   *********S*T*****  S*T*******SI
           I ******     ********S***  **   *********S*T*****  S*T*******SI
           I ******     ********S*** ***   *********S*T*****  S*T*******SI
     -15.61I ******     ********S********  *********S*T****** S*T*******SI    -15.61
           I*******     ********S********  *********S*T*******S*T*******SI
           I*******     ********S******** S*********S*T*******S*T*******SI
           I*******     ********S*********S*********S*T*******S*T*******SI
     -17.14I*******     ********S*********S*********S*T*******S*T*******SI    -17.14
           I*******    *********S*********S*********S*T*******S*T*******SI
           I*******    *********S*********S*********S*T*******S*T*******SI
           I********   *********S*********S*********S*T*******S*T*******SI
     -18.68I********   *********S*********S*********S*T*******S*T*******SI    -18.68
           I********   *********S*********S*********S*T*******S*T*******SI
           I********   *********S*********S*********S*T*******S*T*******SI
           I********   *********S*********S*********S*T*******S*T*******SI
     -20.21I********   *********S*********S*********S*T*******S*T*******SI    -20.21
           I********  S*********S*********S*********S*T*******S*T*******SI
           I********  S*********S*********S*********S*T*******S*T*******SI
           I********* S*********S*********S*********S*T*******S*T*******SI
     -21.75I**********S*********S*********S*********S*T*******S*T*******SI    -21.75
 ++++++++++I+++++++++++++++++++++++++++++++++++++++++++++++++++++++++++++I
            S=SEASONAL FREQUENCIES, T=TRADING DAY FREQUENCIES
        ces_hours 40220            PAGE  23, SERIES ces_hours_additi
 G 2  10*LOG(SPECTRUM) of the Modified Irregular (Table E3).  
      Spectrum estimated from 2009.Jan to 2016.Dec.
 ++++++++++I+++++++++++++++++++++++++++++++++++++++++++++++++++++++++++++I
      -7.13I                                           *                 I     -7.13
           I                                           *                 I
           I                                           *                 I
           I                                           *                 I
      -8.59I                                           *                 I     -8.59
           I                                           *                 I
           I                                           *              *  I
           I                                           *              *  I
     -10.05I                                           *        T     *  I    -10.05
           I                                           *        T     *  I
           I                      *                    *        T     *  I
           I                      *                    *        T     *  I
     -11.50I                      *                    *        T    *** I    -11.50
           I                *     *          *         *        T    *** I
           I               **     *          *    *   T*        T    *** I
           I               **     *          *    *   T*        T    *** I
     -12.96I               ***    *          *    *   T*        T    ***SI    -12.96
           I               ****   **        **    *   T*        T    ***SI
           I            *  ****  ***        **   **   T*        T    ***SI
           I            *  ***** ***        **   **   T*        T    ***SI
     -14.42I            *  ***** ***        **   **   T*        T    ***SI    -14.42
           I            * ******S***        **   **   T*        T    ***SI
           I            * ******S***   *    **   **   T**      *T*  ****SI
           I            ********S***  **    ***  **   T**      *T*  ****SI
     -15.87I            ********S***  **    ***  **   T**      *T*  ****SI    -15.87
           I            ********S**** **    ***  **   T**      *T*  ****SI
           I   *       *********S**** **    ***  **   T***     *T*  ****SI
           I   *       *********S*******   ****  ***  T****    *T*  ****SI
     -17.33I   *       *********S********  **** ****  T****    *T* *****SI    -17.33
           I   *       *********S********  ********* *T****    *T*******SI
           I   *       *********S********  ********* *T****    *T*******SI
           I   *       *********S********  ********* *T****    *T*******SI
     -18.79I  **       *********S******** S*********S*T****    *T*******SI    -18.79
           I  **       *********S*********S*********S*T*****   *T*******SI
           I  **       *********S*********S*********S*T*****  S*T*******SI
           I  **   *   *********S*********S*********S*T*****  S*T*******SI
     -20.24I  **   *   *********S*********S*********S*T*****  S*T*******SI    -20.24
           I  **   *  S*********S*********S*********S*T*****  S*T*******SI
           I  **   ** S*********S*********S*********S*T*****  S*T*******SI
           I  **   ** S*********S*********S*********S*T****** S*T*******SI
     -21.70I  **   ** S*********S*********S*********S*T*******S*T*******SI    -21.70
           I  **  ****S*********S*********S*********S*T*******S*T*******SI
           I  *** ****S*********S*********S*********S*T*******S*T*******SI
           I  *** ****S*********S*********S*********S*T*******S*T*******SI
     -23.16I  *** ****S*********S*********S*********S*T*******S*T*******SI    -23.16
           I  *** ****S*********S*********S*********S*T*******S*T*******SI
           I  ********S*********S*********S*********S*T*******S*T*******SI
           I  ********S*********S*********S*********S*T*******S*T*******SI
     -24.61I *********S*********S*********S*********S*T*******S*T*******SI    -24.61
           I *********S*********S*********S*********S*T*******S*T*******SI
           I *********S*********S*********S*********S*T*******S*T*******SI
           I *********S*********S*********S*********S*T*******S*T*******SI
     -26.07I**********S*********S*********S*********S*T*******S*T*******SI    -26.07
 ++++++++++I+++++++++++++++++++++++++++++++++++++++++++++++++++++++++++++I
            S=SEASONAL FREQUENCIES, T=TRADING DAY FREQUENCIES
        ces_hours 40220            PAGE  24, SERIES ces_hours_additi

  Peak probabilities for Tukey spectrum estimator
  Spectrum estimated from 2009.Jan to 2016.Dec.

                                          S1       S2       S3       S4       S5       S6       TD
                                        ------   ------   ------   ------   ------   ------   ------
  Model Residuals                        0.074    0.083    0.218    0.034    0.407    0.463    0.810  
  Original Series (Table A1 or B1)       0.336    0.381    0.994**  0.969*   0.523    0.606    0.590  
  Seasonally adjusted series (E2)        0.241    0.212    0.117    0.050    0.147    0.425    0.980* 
  Modified Irregular (E3)                0.289    0.207    0.123    0.042    0.136    0.434    0.981* 
  ----------
     ** - Peak Probability > 0.99,
      * - 0.90 < Peak Probability < 0.99


