  Reading input spec file from D:\Programming\Dynamic Paper-dlrhcs_replication\outputs\empirical\unemployment\raw_sa_pilot\x13_work\ces_hours_additive_level_25180_200701_201612.spc

1

               U. S. Department of Commerce, U. S. Census Bureau

              X-13ARIMA-SEATS monthly seasonal adjustment Method,
                          Release Version 1.1 Build 62


           This software application provides an enhanced version of
             Statistics Canada's X-11-ARIMA extension (Dagum, 1980)
                 of the X-11 variant of the Census Method II of
                      Shiskin, Young and Musgrave (1967).

            It also provides an ARIMA model-based method following
       Hillmer and Tiao (1982) and Burman (1980) that is very similar
       to the update of the method of SEATS (Gomez and Maravall, 1996)
                produced at the Bank of Spain by G. Caporello and
               A. Maravall for TSW (Caporello and Maravall, 2004).
          The present application includes additional enhancements.

         X-13ARIMA-SEATS includes an automatic ARIMA model selection procedure
          based largely on the procedure of Gomez and Maravall (1998)
            as implemented in TRAMO (1996) and subsequent revisions.

              Primary Programmers: Brian Monsell, Mark Otto and,
                 for the ARIMA model-based signal extraction,
                      Gianluca Caporello and Victor Gomez


     Series Title- ces_hours 25180
     Series Name- ces_hours_additi
     Jul 29, 2026  08.41.02 

        -Period covered-  1st month,2007 to 12th month,2016
        -Type of run - additive seasonal adjustment

        -Sigma limits for graduating extreme values are  1.5 and  2.5 .
        -3x3 moving average used in section 1 of each iteration, 
         3x5 moving average in section 2 of iterations B and C,
         moving average for final seasonal factors chosen by Global MSR.
        -Holiday adjustment factors applied directly to the final seasonally adjusted series
        -Spectral plots generated for selected series
        -Spectral plots generated for series starting in 2009.Jan

 FILE SAVE REQUESTS (* indicates file exists and will be overwritten)
  D:\Programming\Dynamic Paper-dlrhcs_replication\outputs\empirical\unemployment\raw_sa_pilot\x13_work\ces_hours_additive_level_25180_200701_201612.d10  final seasonal factors
  D:\Programming\Dynamic Paper-dlrhcs_replication\outputs\empirical\unemployment\raw_sa_pilot\x13_work\ces_hours_additive_level_25180_200701_201612.d11  final seasonally adjusted data
  D:\Programming\Dynamic Paper-dlrhcs_replication\outputs\empirical\unemployment\raw_sa_pilot\x13_work\ces_hours_additive_level_25180_200701_201612.out  program output file
  D:\Programming\Dynamic Paper-dlrhcs_replication\outputs\empirical\unemployment\raw_sa_pilot\x13_work\ces_hours_additive_level_25180_200701_201612.err  program error file
        ces_hours 25180            PAGE   1, SERIES ces_hours_additi

     Contents of spc file D:\Programming\Dynamic Paper-dlrhcs_replication\outputs\empirical\unemployment\raw_sa_pilot\x13_work\ces_hours_additive_level_25180_200701_201612.spc

 Line #
 ------
      1: series {
      2:   title = "ces_hours 25180"
      3:   start = 2007.1
      4:   period = 12
      5:   data = (
      6: 32.8
      7: 32.4
      8: 32.6
      9: 32.5
     10: 32.4
     11: 32.1
     12: 31.8
     13: 31.3
     14: 31.4
     15: 31.9
     16: 31.5
     17: 31.8
     18: 30.8
     19: 30.7
     20: 30.7
     21: 31.1
     22: 31.2
     23: 31.9
     24: 32.4
     25: 32.6
     26: 32.8
     27: 32.7
     28: 33.1
     29: 33.3
     30: 33.9
     31: 34.7
     32: 34.6
     33: 34.4
     34: 34.1
     35: 34.2
     36: 33.9
     37: 34.4
     38: 34.8
     39: 34.5
     40: 35
     41: 35
     42: 35
     43: 34.2
     44: 34.4
     45: 34.5
     46: 34.2
     47: 33.8
     48: 34.4
     49: 34.7
     50: 34.9
     51: 35.2
     52: 35.2
     53: 34.5
     54: 34.2
     55: 33.5
     56: 34.1
     57: 34.1
     58: 33.8
     59: 33.5
     60: 33
     61: 32.6
     62: 33.3
     63: 32.8
     64: 32.7
     65: 33
     66: 32.6
     67: 33
     68: 33.2
     69: 33.2
     70: 32.9
     71: 32.9
     72: 33
     73: 32.3
     74: 33
     75: 33.2
     76: 33.4
     77: 34
     78: 33.3
     79: 33.1
     80: 32.6
     81: 33.1
     82: 33.4
     83: 33.9
     84: 33.2
     85: 33.3
     86: 33.6
     87: 32.3
     88: 32.8
     89: 32.2
     90: 31.8
     91: 31.5
     92: 32.7
     93: 31.9
     94: 32.8
     95: 33.2
     96: 32.9
     97: 33.2
     98: 33.4
     99: 32.9
    100: 33.6
    101: 33.2
    102: 33.4
    103: 33.6
    104: 33.6
    105: 33.8
    106: 33.9
    107: 32.9
    108: 33.8
    109: 33.6
    110: 33.2
    111: 33.9
    112: 34.2
    113: 34.3
    114: 34.2
    115: 34.4
    116: 34.4
    117: 33.8
    118: 33.2
    119: 33.6
    120: 33.1
    121: 33.3
    122: 33.2
    123: 33.4
    124: 33.6
    125: 33.2
    126:   )
    127: }
    128: transform { function = none }
    129: regression { aictest = (td easter) }
    130: automdl {}
    131: x11 { mode = add save = (d10 d11) }
        ces_hours 25180            PAGE   2, SERIES ces_hours_additi

 A 1  Time series data (for the span analyzed)
  From  2007.Jan to 2016.Dec
  Observations        120
 -----------------------------------------------------------------------------
               Jan      Feb      Mar      Apr      May      Jun 
               Jul      Aug      Sep      Oct      Nov      Dec        TOTAL  
 -----------------------------------------------------------------------------
  2007          33.      32.      33.      33.      32.      32.
                32.      31.      31.      32.      32.      32.          384.
 
  2008          31.      31.      31.      31.      31.      32.
                32.      33.      33.      33.      33.      33.          383.
 
  2009          34.      35.      35.      34.      34.      34.
                34.      34.      35.      35.      35.      35.          414.
 
  2010          35.      34.      34.      35.      34.      34.
                34.      35.      35.      35.      35.      35.          415.
 
  2011          34.      34.      34.      34.      34.      34.
                33.      33.      33.      33.      33.      33.          401.
 
  2012          33.      33.      33.      33.      33.      33.
                33.      32.      33.      33.      33.      34.          397.
 
  2013          33.      33.      33.      33.      33.      34.
                33.      33.      34.      32.      33.      32.          397.
 
  2014          32.      32.      33.      32.      33.      33.
                33.      33.      33.      33.      34.      33.          393.
 
  2015          33.      34.      34.      34.      34.      33.
                34.      34.      33.      34.      34.      34.          404.
 
  2016          34.      34.      34.      34.      33.      34.
                33.      33.      33.      33.      34.      33.          403.
 
  AVGE          33.      33.      33.      33.      33.      33.
                33.      33.      33.      33.      34.      33.

  Table Total-        3991.   Mean-        33.   Std. Dev.-         1.
                              Min -        31.        Max -        35.
        ces_hours 25180            PAGE   3, SERIES ces_hours_additi
                        Automatic ARIMA Model Selection

                    Procedure based closely on TRAMO method 
                         of Gomez and Maravall (2000)
              "Automatic Modeling Methods for Univariate Series",
                            A Course in Time Series
                  (Edited by D. Pena, G. C. Tiao, R. S. Tsay),
                         New York : J. Wiley and Sons


     Maximum order for regular ARMA parameters :   2
     Maximum order for seasonal ARMA parameters :   1
     Maximum order for regular differencing :   2
     Maximum order for seasonal differencing :   1

   Results of Unit Root Test for identifying orders of differencing:
     Regular difference order :   1
     Seasonal difference order :   0

     Mean is not significant.

  Automatic model choice : (1 1 0)


  Final Checks for Identified Model


  Checking for Unit Roots.
   No unit roots found.
   Nonseasonal MA not within  0.001 of 1.0 - model passes test.

  Checking for insignificant ARMA coefficients.

  Final automatic model choice : (1 1 0)
   End of automatic model selection procedure.

 Average absolute percentage error in within-sample forecasts:
  Last year:   2.37      Last-1 year:   1.35     Last-2 year:   2.16
  Last three years:    1.96

 Estimation converged in    4 ARMA iterations,   31 function evaluations.

 Regression Model
 ------------------------------------------------------------------------------
                             Parameter        Standard
 Variable                     Estimate           Error      t-value
 ------------------------------------------------------------------------------
 Leap Year                      0.1914         0.22138         0.86

 1-Coefficient Trading Day
   Weekday                     -0.0243         0.00912        -2.67
 **Sat/Sun (derived)            0.0608         0.02279         2.67

 Easter[15]                    -0.3123         0.15893        -1.97
 ------------------------------------------------------------------------------
 **For the one coefficient trading-day effect, the derived
   parameter estimate is obtained indirectly as minus -2.5 times
   the directly estimated parameter that defines the effect.


 Chi-squared Tests for Groups of Regressors
 ------------------------------------------------------------------------------
 Regression Effect                  df      Chi-Square      P-Value
 ------------------------------------------------------------------------------
 Combined Trading Day and Leap Year Regressors
                                     2            7.62         0.02


 F Tests for Trading Day Regressors 
 -----------------------------------------------------------------------
 Regression Effect                     df         F-statistic    P-Value
 -----------------------------------------------------------------------
 1-Coefficient Trading Day           1, 116            6.94         0.01


 ARIMA Model:  (1 1 0)
   Nonseasonal differences: 1
                                              Standard
 Parameter                    Estimate          Errors
 -----------------------------------------------------
 Nonseasonal AR                                    
   Lag  1                      -0.1496         0.09107

 Variance                       0.17958E+00
 SE of Var                      0.23281E-01
 -----------------------------------------------------

 Likelihood Statistics
 ------------------------------------------------------------------
 Number of observations (nobs)                                  120
 Effective number of observations (nefobs)                      119
 Number of parameters estimated (np)                              5
 Log likelihood (L)                                        -66.6950
 AIC                                                       143.3900 
 AICC (F-corrected-AIC)                                    143.9210 
 Hannan Quinn                                              149.0326 
 BIC                                                       157.2856 
 ------------------------------------------------------------------

 QS Statistic for regARIMA Model Residuals (full series):             0.00
                                                       (P-Value =     1.0000)

 QS Statistic for regARIMA Model Residuals (starting 2009.Jan):       0.00
                                                       (P-Value =     1.0000)
      10*LOG(SPECTRUM) of the regARIMA model residuals
      Spectrum estimated from 2009.Jan to 2016.Dec.
 ++++++++++I+++++++++++++++++++++++++++++++++++++++++++++++++++++++++++++I
       0.41I             *                                               I      0.41
           I             *                                               I
           I             *     *                                         I
           I             *     *                                         I
      -0.80I             *     *                                         I     -0.80
           I             *     *                                         I
           I             *     *                     *                   I
           I             *     *                     *                   I
      -2.01I             *     *                     *   *               I     -2.01
           I             *     *                     *   *               I
           I             *     *                     *   *               I
           I             *     *                     *   *               I
      -3.21I             *     *                *    *   *               I     -3.21
           I             *     *                *    *   *               I
           I             *     *                *    *   *               I
           I             *     *                *    *   *               I
      -4.42I             *     *                *    *   **              I     -4.42
           I             *     *                *    *   **              I
           I             *     *            *  **    *   **              I
           I             *     *            *  **    *   **              I
      -5.62I             *     *            *  **    *   ***             I     -5.62
           I             *     *            *  **    *   ***            SI
           I             **    *            *  **    *   ***            SI
           I            ***    *            *  **    *  *****    *      SI
      -6.83I            ***    *            *  **    *  *****    *     *SI     -6.83
           I            ***    *   *        *  **   S*  *****    *     *SI
           I   *        ***    *   *        *  **   S*  *****    *     *SI
           I   *    *   ***    *   *        *  **   S*T *****    *    **SI
      -8.04I   *   **   ***    *   *        *  **   S*T *****    *    **SI     -8.04
           I   *   **   ***    *   *       *** **   S*T *****    *    **SI
           I   *   **   ***    *   *       *** **   S*T *****   T**  ***SI
           I   *   **   ***   **   *    *  *** **   S*T *****   T**  ***SI
      -9.24I   *   **   ***   **   **   *  ******   S*T ******  T** ****SI     -9.24
           I   *   **   ***   **   **   ** ******   S*T*******  T*******SI
           I   **  **  ****   **   **   ** ******   S*T*******  T*******SI
           I   **  *** ****   **   **   ** ******   S*T*******  T*******SI
     -10.45I   **  *** ****   **S  **   **S******   S*T*******  T*******SI    -10.45
           I  *** **** ****   **S  **   **S******   S*T*******  T*******SI
           I  *** ****S****   **S  **   **S*******  S*T******* *T*******SI
           I  *** ****S****   **S  **   **S*******  S*T*******S*T*******SI
     -11.66I  ********S****   **S  **   **S*******  S*T*******S*T*******SI    -11.66
           I  ********S*****  **S  **   **S*******  S*T*******S*T*******SI
           I  ********S*****  **S ***   **S*******  S*T*******S*T*******SI
           I  ********S*****  **S ***   **S******* *S*T*******S*T*******SI
     -12.86I  ********S*****  **S ***  ***S******* *S*T*******S*T*******SI    -12.86
           I  ********S*****  **S ***  ***S******* *S*T*******S*T*******SI
           I  ********S***** ***S****  ***S******* *S*T*******S*T*******SI
           I  ********S***** ***S****  ***S*********S*T*******S*T*******SI
     -14.07I  ********S*********S***** ***S*********S*T*******S*T*******SI    -14.07
           I *********S*********S***** ***S*********S*T*******S*T*******SI
           I *********S*********S***** ***S*********S*T*******S*T*******SI
           I *********S*********S*********S*********S*T*******S*T*******SI
     -15.27I**********S*********S*********S*********S*T*******S*T*******SI    -15.27
 ++++++++++I+++++++++++++++++++++++++++++++++++++++++++++++++++++++++++++I
            S=SEASONAL FREQUENCIES, T=TRADING DAY FREQUENCIES


 FORECASTING
  Origin  2016.Dec
  Number        12

  Forecasts and Standard Errors
   ------------------------------
                         Standard
       Date   Forecast      Error
   ------------------------------
   2017.Jan      33.27      0.424
   2017.Feb      33.20      0.559
   2017.Mar      33.33      0.673
   2017.Apr      33.21      0.768
   2017.May      33.17      0.848
   2017.Jun      33.20      0.924
   2017.Jul      33.35      0.995
   2017.Aug      33.17      1.061
   2017.Sep      33.28      1.123
   2017.Oct      33.26      1.182
   2017.Nov      33.20      1.238
   2017.Dec      33.35      1.292
   ------------------------------

  Confidence intervals with coverage probability ( 0.95000
   ---------------------------------------
       Date      Lower  Forecast     Upper
   ---------------------------------------
   2017.Jan      32.44     33.27     34.10
   2017.Feb      32.10     33.20     34.29
   2017.Mar      32.01     33.33     34.65
   2017.Apr      31.71     33.21     34.72
   2017.May      31.51     33.17     34.84
   2017.Jun      31.39     33.20     35.01
   2017.Jul      31.39     33.35     35.30
   2017.Aug      31.09     33.17     35.25
   2017.Sep      31.08     33.28     35.49
   2017.Oct      30.94     33.26     35.58
   2017.Nov      30.77     33.20     35.63
   2017.Dec      30.81     33.35     35.88
   ---------------------------------------
        ces_hours 25180            PAGE   4, SERIES ces_hours_additi

 A 6  RegARIMA trading day component
  From  2007.Jan to 2016.Dec
  Observations        120
 -----------------------------------------------------------------------------
               Jan      Feb      Mar      Apr      May      Jun 
               Jul      Aug      Sep      Oct      Nov      Dec         AVGE  
 -----------------------------------------------------------------------------
  2007          -0.      -0.       0.       0.      -0.       0.
                 0.      -0.       0.      -0.      -0.       0.           -0.
 
  2008          -0.       0.       0.      -0.       0.       0.
                -0.       0.      -0.      -0.       0.      -0.            0.
 
  2009           0.      -0.       0.      -0.       0.      -0.
                -0.       0.      -0.       0.       0.      -0.           -0.
 
  2010           0.      -0.      -0.      -0.       0.      -0.
                 0.       0.      -0.       0.      -0.      -0.           -0.
 
  2011           0.      -0.      -0.       0.       0.      -0.
                 0.      -0.      -0.       0.      -0.       0.            0.
 
  2012           0.       0.       0.       0.      -0.       0.
                 0.      -0.       0.      -0.      -0.       0.            0.
 
  2013          -0.      -0.       0.      -0.      -0.       0.
                -0.       0.       0.      -0.       0.       0.           -0.
 
  2014          -0.      -0.       0.      -0.       0.       0.
                -0.       0.      -0.      -0.       0.      -0.           -0.
 
  2015           0.      -0.       0.      -0.       0.      -0.
                -0.       0.      -0.       0.       0.      -0.           -0.
 
  2016           0.       0.      -0.       0.       0.      -0.
                 0.      -0.      -0.       0.      -0.       0.            0.
 
  AVGE           0.       0.       0.      -0.       0.       0.
                -0.       0.      -0.      -0.       0.      -0.

  Table Total-           0.   Mean-         0.   Std. Dev.-         0.
                              Min -        -0.        Max -         0.

 A 6.A  RegARIMA trading day component forecasts
  From  2017.Jan to 2017.Dec
  Observations         12
 -----------------------------------------------------------------------------
               Jan      Feb      Mar      Apr      May      Jun 
               Jul      Aug      Sep      Oct      Nov      Dec         AVGE  
 -----------------------------------------------------------------------------
  2017           0.      -0.      -0.       0.      -0.      -0.
                 0.      -0.       0.       0.      -0.       0.            0.
 
        ces_hours 25180            PAGE   5, SERIES ces_hours_additi

 A 7  RegARIMA holiday component
  From  2007.Jan to 2016.Dec
  Observations        120
 -----------------------------------------------------------------------------
               Jan      Feb      Mar      Apr      May      Jun 
               Jul      Aug      Sep      Oct      Nov      Dec         AVGE  
 -----------------------------------------------------------------------------
  2007           0.       0.      -0.       0.       0.       0.
                 0.       0.       0.       0.       0.       0.            0.
 
  2008           0.       0.      -0.       0.       0.       0.
                 0.       0.       0.       0.       0.       0.            0.
 
  2009           0.       0.       0.      -0.       0.       0.
                 0.       0.       0.       0.       0.       0.            0.
 
  2010           0.       0.      -0.       0.       0.       0.
                 0.       0.       0.       0.       0.       0.           -0.
 
  2011           0.       0.       0.      -0.       0.       0.
                 0.       0.       0.       0.       0.       0.            0.
 
  2012           0.       0.      -0.       0.       0.       0.
                 0.       0.       0.       0.       0.       0.            0.
 
  2013           0.       0.      -0.       0.       0.       0.
                 0.       0.       0.       0.       0.       0.            0.
 
  2014           0.       0.       0.      -0.       0.       0.
                 0.       0.       0.       0.       0.       0.            0.
 
  2015           0.       0.      -0.       0.       0.       0.
                 0.       0.       0.       0.       0.       0.            0.
 
  2016           0.       0.      -0.       0.       0.       0.
                 0.       0.       0.       0.       0.       0.            0.
 
  AVGE           0.       0.      -0.       0.       0.       0.
                 0.       0.       0.       0.       0.       0.

  Table Total-           0.   Mean-         0.   Std. Dev.-         0.
                              Min -        -0.        Max -         0.

 A 7.A  RegARIMA holiday component forecasts
  From  2017.Jan to 2017.Dec
  Observations         12
 -----------------------------------------------------------------------------
               Jan      Feb      Mar      Apr      May      Jun 
               Jul      Aug      Sep      Oct      Nov      Dec         AVGE  
 -----------------------------------------------------------------------------
  2017           0.       0.       0.      -0.       0.       0.
                 0.       0.       0.       0.       0.       0.            0.
 
        ces_hours 25180            PAGE   6, SERIES ces_hours_additi
  
 B 1  Original series (prior adjusted)
      (adjusted for regARIMA factors)
  From  2007.Jan to 2016.Dec
  Observations        120
 -----------------------------------------------------------------------------
               Jan      Feb      Mar      Apr      May      Jun 
               Jul      Aug      Sep      Oct      Nov      Dec        TOTAL  
 -----------------------------------------------------------------------------
  2007          33.      32.      33.      32.      32.      32.
                32.      31.      31.      32.      32.      32.          385.
 
  2008          31.      31.      31.      31.      31.      32.
                32.      33.      33.      33.      33.      33.          383.
 
  2009          34.      35.      35.      35.      34.      34.
                34.      34.      35.      34.      35.      35.          414.
 
  2010          35.      34.      35.      34.      34.      34.
                34.      35.      35.      35.      35.      35.          415.
 
  2011          34.      34.      34.      34.      34.      34.
                33.      33.      33.      33.      33.      33.          401.
 
  2012          33.      33.      33.      33.      33.      33.
                33.      32.      33.      33.      33.      34.          397.
 
  2013          33.      33.      33.      33.      33.      34.
                33.      33.      34.      32.      33.      32.          397.
 
  2014          32.      32.      32.      32.      33.      33.
                33.      33.      33.      33.      33.      33.          393.
 
  2015          33.      34.      34.      34.      34.      33.
                34.      34.      33.      34.      34.      34.          404.
 
  2016          34.      34.      35.      34.      33.      34.
                33.      33.      33.      33.      34.      33.          403.
 
  AVGE          33.      33.      33.      33.      33.      33.
                33.      33.      33.      33.      33.      33.

  Table Total-        3991.   Mean-        33.   Std. Dev.-         1.
                              Min -        31.        Max -        35.

 B 1.A  Forecasts of (prior adjusted) original series
  From  2017.Jan to 2017.Dec
  Observations         12
 -----------------------------------------------------------------------------
               Jan      Feb      Mar      Apr      May      Jun 
               Jul      Aug      Sep      Oct      Nov      Dec        TOTAL  
 -----------------------------------------------------------------------------
  2017          33.      33.      33.      33.      33.      33.
                33.      33.      33.      33.      33.      33.          399.
 
        ces_hours 25180            PAGE   7, SERIES ces_hours_additi

 C 17  Final weights for irregular component
  From  2007.Jan to 2016.Dec
  Observations        120
  Lower sigma limit    1.50
  Upper sigma limit    2.50
 -----------------------------------------------------------------------------
               Jan      Feb      Mar      Apr      May      Jun 
               Jul      Aug      Sep      Oct      Nov      Dec         S.D.  
 -----------------------------------------------------------------------------
  2007         100.     100.     100.     100.      54.     100.
               100.     100.       0.      27.     100.     100.           20.
 
  2008         100.     100.     100.     100.     100.     100.
                18.     100.     100.     100.     100.     100.           20.
 
  2009         100.       0.     100.     100.     100.     100.
               100.     100.     100.     100.     100.     100.           20.
 
  2010         100.     100.     100.     100.     100.       0.
               100.     100.     100.     100.      41.     100.           19.
 
  2011         100.     100.     100.      49.     100.     100.
               100.     100.     100.     100.     100.     100.           19.
 
  2012         100.     100.     100.     100.     100.     100.
               100.     100.      72.     100.     100.      53.           20.
 
  2013         100.     100.       0.     100.     100.     100.
               100.     100.     100.      74.     100.     100.           21.
 
  2014         100.      56.     100.     100.     100.     100.
               100.     100.     100.     100.     100.     100.           22.
 
  2015         100.     100.     100.     100.     100.       0.
                64.     100.       0.     100.     100.     100.           20.
 
  2016         100.     100.       0.     100.       0.     100.
               100.     100.     100.     100.     100.     100.           20.
 
        ces_hours 25180            PAGE   8, SERIES ces_hours_additi

 D 8  Final unmodified SI ratios
  From  2007.Jan to 2016.Dec
  Observations        120
 -----------------------------------------------------------------------------
               Jan      Feb      Mar      Apr      May      Jun 
               Jul      Aug      Sep      Oct      Nov      Dec         AVGE  
 -----------------------------------------------------------------------------
  2007           0.      -0.      -0.      -0.       0.      -0.
                -0.      -0.      -0.       1.       0.       1.            0.
 
  2008          -0.      -0.      -0.      -0.      -0.       0.
                 0.       0.       0.       0.      -0.       0.           -0.
 
  2009           0.       1.       0.       0.      -0.      -0.
                -0.      -0.       0.      -0.       0.       0.            0.
 
  2010           0.      -0.       0.      -0.      -0.      -1.
                -0.      -0.       0.       0.       1.       0.           -0.
 
  2011          -0.      -1.       0.       0.       0.       0.
                -0.      -0.       0.      -0.       0.       0.           -0.
 
  2012          -0.      -0.       0.       0.       0.      -0.
                 0.      -0.      -0.       0.       0.       0.            0.
 
  2013          -0.      -0.      -1.      -0.       0.       0.
                -0.       0.       0.      -0.       0.      -0.           -0.
 
  2014          -0.      -1.       0.      -0.       0.       0.
                -0.      -0.       0.      -0.       0.      -0.           -0.
 
  2015          -0.       0.      -0.       0.       0.      -1.
                 0.      -0.      -1.      -0.       0.       0.           -0.
 
  2016          -0.       0.       1.      -0.      -0.       0.
                -0.      -0.      -0.      -0.       0.      -0.           -0.
 
  AVGE          -0.      -0.       0.      -0.      -0.      -0.
                -0.      -0.       0.       0.       0.       0.

  Table Total-          -2.   Mean-        -0.   Std. Dev.-         0.
                              Min -        -1.        Max -         1.
        ces_hours 25180            PAGE   9, SERIES ces_hours_additi

 D 8.B  Final unmodified SI ratios, with labels for outliers and extreme values
  From  2007.Jan to 2016.Dec
  Observations        120
 ---------------------------------------------------------------------
               Jan       Feb       Mar       Apr       May       Jun  
               Jul       Aug       Sep       Oct       Nov       Dec  
 ---------------------------------------------------------------------
  2007          0.       -0.       -0.       -0.        0.*      -0.  
               -0.       -0.       -0.*       1.*       0.        1.  
 
  2008         -0.       -0.       -0.       -0.       -0.        0.  
                0.*       0.        0.        0.       -0.        0.  
 
  2009          0.        1.*       0.        0.       -0.       -0.  
               -0.       -0.        0.       -0.        0.        0.  
 
  2010          0.       -0.        0.       -0.       -0.       -1.* 
               -0.       -0.        0.        0.        1.*       0.  
 
  2011         -0.       -1.        0.        0.*       0.        0.  
               -0.       -0.        0.       -0.        0.        0.  
 
  2012         -0.       -0.        0.        0.        0.       -0.  
                0.       -0.       -0.*       0.        0.        0.* 
 
  2013         -0.       -0.       -1.*      -0.        0.        0.  
               -0.        0.        0.       -0.*       0.       -0.  
 
  2014         -0.       -1.*       0.       -0.        0.        0.  
               -0.       -0.        0.       -0.        0.       -0.  
 
  2015         -0.        0.       -0.        0.        0.       -1.* 
                0.*      -0.       -1.*      -0.        0.        0.  
 
  2016         -0.        0.        1.*      -0.       -0.*       0.  
               -0.       -0.       -0.       -0.        0.       -0.  
 

  Key to symbols:
    *  : extreme value as determined by X-11 extreme value procedure
 
        ces_hours 25180            PAGE  10, SERIES ces_hours_additi

 D 9  Final replacement values for SI ratios
  From  2007.Jan to 2016.Dec
  Observations        120
 ---------------------------------------------------------------
               Jan      Feb      Mar      Apr      May      Jun 
               Jul      Aug      Sep      Oct      Nov      Dec 
 ---------------------------------------------------------------
  2007     ******** ******** ******** ********      -0. ********
           ******** ********       0.       0. ******** ********
 
  2008     ******** ******** ******** ******** ******** ********
                -0. ******** ******** ******** ******** ********
 
  2009     ********      -0. ******** ******** ******** ********
           ******** ******** ******** ******** ******** ********
 
  2010     ******** ******** ******** ******** ********      -0.
           ******** ******** ******** ********       0. ********
 
  2011     ******** ******** ********       0. ******** ********
           ******** ******** ******** ******** ******** ********
 
  2012     ******** ******** ******** ******** ******** ********
           ******** ********       0. ******** ********       0.
 
  2013     ******** ********       0. ******** ******** ********
           ******** ******** ********      -0. ******** ********
 
  2014     ********      -0. ******** ******** ******** ********
           ******** ******** ******** ******** ******** ********
 
  2015     ******** ******** ******** ******** ********       0.
                 0. ********      -0. ******** ******** ********
 
  2016     ******** ********       0. ********       0. ********
           ******** ******** ******** ******** ******** ********
 

 D 9.A  Moving seasonality ratio
 ---------------------------------------------------------------
               Jan      Feb      Mar      Apr      May      Jun 
 ---------------------------------------------------------------
   I          0.176    0.181    0.168    0.232    0.137    0.136
   S          0.032    0.039    0.018    0.041    0.047    0.031
 RATIO        5.474    4.677    9.156    5.601    2.922    4.378



 ---------------------------------------------------------------
               Jul      Aug      Sep      Oct      Nov      Dec 
 ---------------------------------------------------------------
   I          0.216    0.233    0.258    0.244    0.179    0.232
   S          0.028    0.041    0.037    0.036    0.017    0.043
 RATIO        7.771    5.748    6.981    6.722   10.620    5.350



        ces_hours 25180            PAGE  11, SERIES ces_hours_additi

 D 10  Final seasonal factors
  From  2007.Jan to 2016.Dec
  Observations        120
  Seasonal filter    3 x 9 moving average
 -----------------------------------------------------------------------------
               Jan      Feb      Mar      Apr      May      Jun 
               Jul      Aug      Sep      Oct      Nov      Dec         AVGE  
 -----------------------------------------------------------------------------
  2007           0.      -0.       0.       0.      -0.      -0.
                -0.      -0.       0.       0.       0.       0.            0.
 
  2008          -0.      -0.       0.       0.      -0.      -0.
                -0.      -0.       0.       0.       0.       0.           -0.
 
  2009          -0.      -0.       0.      -0.      -0.       0.
                -0.      -0.       0.       0.       0.       0.           -0.
 
  2010          -0.      -0.       0.      -0.      -0.       0.
                -0.      -0.       0.       0.       0.       0.           -0.
 
  2011          -0.      -0.       0.      -0.      -0.       0.
                -0.      -0.       0.      -0.       0.       0.           -0.
 
  2012          -0.      -0.       0.      -0.      -0.       0.
                -0.      -0.       0.      -0.       0.       0.           -0.
 
  2013          -0.      -0.       0.      -0.      -0.       0.
                -0.      -0.       0.      -0.       0.       0.           -0.
 
  2014          -0.      -0.       0.      -0.       0.       0.
                -0.      -0.       0.      -0.       0.       0.           -0.
 
  2015          -0.      -0.       0.      -0.       0.       0.
                -0.      -0.       0.      -0.       0.       0.           -0.
 
  2016          -0.      -0.       0.      -0.       0.       0.
                -0.      -0.       0.      -0.       0.       0.           -0.
 
  AVGE          -0.      -0.       0.      -0.      -0.       0.
                -0.      -0.       0.      -0.       0.       0.

  Table Total-          -0.   Mean-        -0.   Std. Dev.-         0.
                              Min -        -0.        Max -         0.

 D 10.A  Final seasonal component forecasts
  From  2017.Jan to 2017.Dec
  Observations         12
 -----------------------------------------------------------------------------
               Jan      Feb      Mar      Apr      May      Jun 
               Jul      Aug      Sep      Oct      Nov      Dec         AVGE  
 -----------------------------------------------------------------------------
  2017          -0.      -0.       0.      -0.       0.       0.
                -0.      -0.       0.      -0.       0.       0.           -0.
 
        ces_hours 25180            PAGE  12, SERIES ces_hours_additi
  
 D 11  Final seasonally adjusted data
       (also adjusted for trading day, holiday)
  From  2007.Jan to 2016.Dec
  Observations        120
 -----------------------------------------------------------------------------
               Jan      Feb      Mar      Apr      May      Jun 
               Jul      Aug      Sep      Oct      Nov      Dec        TOTAL  
 -----------------------------------------------------------------------------
  2007          33.      33.      33.      32.      33.      32.
                32.      32.      31.      32.      31.      31.          385.
 
  2008          31.      31.      31.      31.      31.      32.
                33.      33.      33.      33.      33.      33.          383.
 
  2009          34.      35.      34.      35.      34.      34.
                34.      34.      35.      34.      35.      35.          414.
 
  2010          35.      35.      35.      34.      34.      34.
                35.      35.      35.      35.      35.      34.          415.
 
  2011          34.      34.      34.      34.      34.      33.
                33.      33.      33.      33.      33.      33.          401.
 
  2012          33.      33.      33.      33.      33.      33.
                33.      33.      33.      33.      33.      34.          397.
 
  2013          33.      33.      33.      33.      33.      34.
                33.      33.      33.      32.      33.      32.          397.
 
  2014          32.      32.      32.      32.      33.      33.
                33.      33.      33.      33.      33.      33.          393.
 
  2015          33.      34.      34.      34.      34.      33.
                34.      34.      33.      34.      34.      34.          404.
 
  2016          34.      34.      35.      34.      33.      34.
                33.      33.      33.      33.      33.      33.          403.
 
  AVGE          33.      33.      33.      33.      33.      33.
                33.      33.      33.      33.      33.      33.

  Table Total-        3991.   Mean-        33.   Std. Dev.-         1.
                              Min -        31.        Max -        35.
        ces_hours 25180            PAGE  13, SERIES ces_hours_additi

 D 12  Final trend cycle
  From  2007.Jan to 2016.Dec
  Observations        120
  Trend filter    13-term Henderson moving average
  I/C ratio        1.50
 -----------------------------------------------------------------------------
               Jan      Feb      Mar      Apr      May      Jun 
               Jul      Aug      Sep      Oct      Nov      Dec        TOTAL  
 -----------------------------------------------------------------------------
  2007          33.      33.      33.      32.      32.      32.
                32.      32.      32.      31.      31.      31.          384.
 
  2008          31.      31.      31.      31.      31.      32.
                32.      32.      33.      33.      33.      33.          383.
 
  2009          34.      34.      34.      34.      34.      34.
                34.      34.      34.      35.      35.      35.          412.
 
  2010          35.      35.      35.      34.      34.      34.
                35.      35.      35.      35.      35.      34.          415.
 
  2011          34.      34.      34.      34.      34.      33.
                33.      33.      33.      33.      33.      33.          401.
 
  2012          33.      33.      33.      33.      33.      33.
                33.      33.      33.      33.      33.      33.          396.
 
  2013          33.      33.      33.      33.      33.      33.
                33.      33.      33.      33.      32.      32.          398.
 
  2014          32.      32.      32.      32.      33.      33.
                33.      33.      33.      33.      33.      33.          394.
 
  2015          33.      34.      34.      34.      34.      34.
                34.      34.      34.      34.      34.      34.          405.
 
  2016          34.      34.      34.      34.      34.      33.
                33.      33.      33.      33.      33.      33.          403.
 
  AVGE          33.      33.      33.      33.      33.      33.
                33.      33.      33.      33.      33.      33.

  Table Total-        3993.   Mean-        33.   Std. Dev.-         1.
                              Min -        31.        Max -        35.
        ces_hours 25180            PAGE  14, SERIES ces_hours_additi

 D 13  Final irregular component
  From  2007.Jan to 2016.Dec
  Observations        120
 -----------------------------------------------------------------------------
               Jan      Feb      Mar      Apr      May      Jun 
               Jul      Aug      Sep      Oct      Nov      Dec         S.D.  
 -----------------------------------------------------------------------------
  2007           0.       0.      -0.      -0.       0.      -0.
                 0.      -0.      -1.       0.       0.       0.            0.
 
  2008          -0.       0.      -0.      -0.      -0.       0.
                 1.       0.      -0.      -0.      -0.      -0.            0.
 
  2009           0.       1.       0.       0.      -0.      -0.
                -0.       0.       0.      -0.       0.       0.            0.
 
  2010           0.      -0.      -0.       0.      -0.      -1.
                -0.       0.      -0.       0.       0.      -0.            0.
 
  2011          -0.      -0.      -0.       0.       0.       0.
                -0.      -0.       0.      -0.      -0.       0.            0.
 
  2012          -0.       0.       0.       0.       0.      -0.
                 0.      -0.      -0.       0.      -0.       0.            0.
 
  2013           0.      -0.      -1.      -0.       0.       0.
                -0.       0.       0.      -0.       0.      -0.            0.
 
  2014          -0.      -0.       0.      -0.       0.       0.
                 0.       0.       0.      -0.       0.      -0.            0.
 
  2015           0.       0.      -0.       0.      -0.      -1.
                 0.      -0.      -1.       0.      -0.       0.            0.
 
  2016           0.       0.       1.      -0.      -1.       0.
                -0.       0.      -0.       0.       0.      -0.            0.
 
  S.D.           0.       0.       0.       0.       0.       0.
                 0.       0.       0.       0.       0.       0.

  Table Total-          -1.   Mean-        -0.   Std. Dev.-         0.
                              Min -        -1.        Max -         1.
        ces_hours 25180            PAGE  15, SERIES ces_hours_additi
  
 D 16  Combined adjustment factors
       (includes seasonal, trading day, holiday factors)
  From  2007.Jan to 2016.Dec
  Observations        120
 -----------------------------------------------------------------------------
               Jan      Feb      Mar      Apr      May      Jun 
               Jul      Aug      Sep      Oct      Nov      Dec         AVGE  
 -----------------------------------------------------------------------------
  2007          -0.      -0.       0.       0.      -0.       0.
                -0.      -0.       0.       0.       0.       0.           -0.
 
  2008          -0.      -0.      -0.       0.      -0.       0.
                -0.      -0.       0.       0.       0.       0.            0.
 
  2009          -0.      -0.       0.      -0.      -0.      -0.
                -0.      -0.       0.       0.       0.       0.           -0.
 
  2010           0.      -0.      -0.       0.      -0.       0.
                -0.      -0.       0.       0.       0.       0.           -0.
 
  2011           0.      -0.       0.      -0.      -0.       0.
                -0.      -0.       0.       0.       0.       0.           -0.
 
  2012          -0.      -0.       0.       0.      -0.       0.
                -0.      -0.       0.      -0.       0.       0.            0.
 
  2013          -0.      -0.       0.       0.      -0.       0.
                -0.      -0.       0.      -0.       0.       0.           -0.
 
  2014          -0.      -0.       0.      -0.       0.       0.
                -0.      -0.       0.      -0.       0.       0.           -0.
 
  2015          -0.      -0.       0.      -0.       0.       0.
                -0.      -0.       0.      -0.       0.      -0.           -0.
 
  2016          -0.       0.      -0.       0.       0.       0.
                -0.      -0.       0.      -0.       0.       0.            0.
 
  AVGE          -0.      -0.       0.      -0.      -0.       0.
                -0.      -0.       0.      -0.       0.       0.

  Table Total-          -0.   Mean-        -0.   Std. Dev.-         0.
                              Min -        -0.        Max -         0.

 D 16.A  Combined adjustment component forecasts
  From  2017.Jan to 2017.Dec
  Observations         12
 -----------------------------------------------------------------------------
               Jan      Feb      Mar      Apr      May      Jun 
               Jul      Aug      Sep      Oct      Nov      Dec         AVGE  
 -----------------------------------------------------------------------------
  2017          -0.      -0.       0.      -0.       0.       0.
                -0.      -0.       0.      -0.       0.       0.            0.
 
        ces_hours 25180            PAGE  16, SERIES ces_hours_additi
  
 D 18  Combined calendar adjustment factors
       (includes trading day, holiday factors)
  From  2007.Jan to 2016.Dec
  Observations        120
 -----------------------------------------------------------------------------
               Jan      Feb      Mar      Apr      May      Jun 
               Jul      Aug      Sep      Oct      Nov      Dec         AVGE  
 -----------------------------------------------------------------------------
  2007          -0.      -0.       0.       0.      -0.       0.
                 0.      -0.       0.      -0.      -0.       0.           -0.
 
  2008          -0.       0.      -0.       0.       0.       0.
                -0.       0.      -0.      -0.       0.      -0.            0.
 
  2009           0.      -0.       0.      -0.       0.      -0.
                -0.       0.      -0.       0.       0.      -0.           -0.
 
  2010           0.      -0.      -0.       0.       0.      -0.
                 0.       0.      -0.       0.      -0.      -0.           -0.
 
  2011           0.      -0.       0.      -0.       0.      -0.
                 0.      -0.      -0.       0.      -0.       0.            0.
 
  2012           0.       0.       0.       0.      -0.       0.
                 0.      -0.       0.      -0.      -0.       0.            0.
 
  2013          -0.      -0.      -0.       0.      -0.       0.
                -0.       0.       0.      -0.       0.       0.           -0.
 
  2014          -0.      -0.       0.      -0.       0.       0.
                -0.       0.      -0.      -0.       0.      -0.           -0.
 
  2015           0.      -0.      -0.       0.       0.      -0.
                -0.       0.      -0.       0.       0.      -0.           -0.
 
  2016           0.       0.      -0.       0.       0.      -0.
                 0.      -0.      -0.       0.      -0.       0.            0.
 
  AVGE           0.       0.      -0.       0.       0.       0.
                -0.       0.      -0.      -0.       0.      -0.

  Table Total-           0.   Mean-         0.   Std. Dev.-         0.
                              Min -        -0.        Max -         0.

 D 18.A  Combined calendar adjustment component forecasts
  From  2017.Jan to 2017.Dec
  Observations         12
 -----------------------------------------------------------------------------
               Jan      Feb      Mar      Apr      May      Jun 
               Jul      Aug      Sep      Oct      Nov      Dec         AVGE  
 -----------------------------------------------------------------------------
  2017           0.      -0.       0.      -0.      -0.      -0.
                 0.      -0.       0.       0.      -0.       0.            0.
 
        ces_hours 25180            PAGE  17, SERIES ces_hours_additi

 E 4  Differences of annual totals
  From          2007 to 2016
  Observations         10
 -----------------------------------
  Year       Unmodified     Modified
                  (D11)         (E2)
 -----------------------------------
  2007              -0.          -0.
 
  2008               0.           0.
 
  2009              -0.          -0.
 
  2010              -0.          -0.
 
  2011              -0.          -0.
 
  2012               0.           0.
 
  2013              -0.          -0.
 
  2014              -0.          -0.
 
  2015              -0.          -0.
 
  2016               0.           0.
 
        ces_hours 25180            PAGE  18, SERIES ces_hours_additi

 E 5  Month-to-month differences in the original series
  From  2007.Feb to 2016.Dec
  Observations        119
 -----------------------------------------------------------------------------
               Jan      Feb      Mar      Apr      May      Jun 
               Jul      Aug      Sep      Oct      Nov      Dec         AVGE  
 -----------------------------------------------------------------------------
  2007                   -0.       0.      -0.      -0.      -0.
                -0.      -0.       0.       1.      -0.       0.           -0.
 
  2008          -1.      -0.       0.       0.       0.       1.
                 1.       0.       0.      -0.       0.       0.            0.
 
  2009           1.       1.      -0.      -0.      -0.       0.
                -0.       1.       0.      -0.       1.       0.            0.
 
  2010           0.      -1.       0.       0.      -0.      -0.
                 1.       0.       0.       0.       0.      -1.           -0.
 
  2011          -0.      -1.       1.       0.      -0.      -0.
                -0.      -0.       1.      -0.      -0.       0.           -0.
 
  2012          -0.       0.       0.       0.      -0.       0.
                 0.      -1.       1.       0.       0.       1.            0.
 
  2013          -1.      -0.      -0.       1.       0.       1.
                -1.       0.       0.      -1.       1.      -1.           -0.
 
  2014          -0.      -0.       1.      -1.       1.       0.
                -0.       0.       0.      -0.       1.      -0.            0.
 
  2015           0.       0.       0.       0.       0.      -1.
                 1.      -0.      -0.       1.       0.       0.            0.
 
  2016          -0.       0.       0.      -1.      -1.       0.
                -0.       0.      -0.       0.       0.      -0.           -0.
 
  AVGE          -0.      -0.       0.      -0.      -0.       0.
                -0.      -0.       0.      -0.       0.      -0.

  Table Total-           0.   Mean-         0.   Std. Dev.-         0.
                              Min -        -1.        Max -         1.
        ces_hours 25180            PAGE  19, SERIES ces_hours_additi

 E 6  Month-to-month differences in seasonally adjusted series (D11)
  From  2007.Feb to 2016.Dec
  Observations        119
 -----------------------------------------------------------------------------
               Jan      Feb      Mar      Apr      May      Jun 
               Jul      Aug      Sep      Oct      Nov      Dec         AVGE  
 -----------------------------------------------------------------------------
  2007                   -0.      -0.      -0.       0.      -1.
                -0.      -0.      -1.       1.      -1.       0.           -0.
 
  2008          -1.       0.      -0.       0.       0.       1.
                 1.       0.      -0.       0.       0.       0.            0.
 
  2009           1.       1.      -1.       0.      -0.       0.
                -0.       0.       0.      -0.       0.       0.            0.
 
  2010           0.      -0.      -0.      -0.      -0.      -0.
                 1.       0.      -0.       0.      -0.      -1.           -0.
 
  2011          -0.      -0.       0.       0.      -0.      -0.
                -0.      -0.       0.      -0.      -0.       0.           -0.
 
  2012          -0.       0.       0.       0.      -0.      -0.
                 0.      -1.       0.       1.      -0.       1.            0.
 
  2013          -0.      -0.      -1.       0.       0.       0.
                -0.       0.      -0.      -1.       0.      -0.           -0.
 
  2014          -0.      -0.       1.      -0.       1.       0.
                 0.       0.       0.      -0.       0.      -0.            0.
 
  2015           0.       0.      -0.       0.      -0.      -1.
                 1.      -0.      -1.       1.       0.       0.            0.
 
  2016          -0.       0.       0.      -1.      -1.       0.
                -0.       0.      -0.       0.       0.      -0.           -0.
 
  AVGE          -0.       0.      -0.       0.      -0.      -0.
                 0.      -0.      -0.       0.       0.      -0.

  Table Total-           0.   Mean-         0.   Std. Dev.-         0.
                              Min -        -1.        Max -         1.
        ces_hours 25180            PAGE  20, SERIES ces_hours_additi

 E 7  Month-to-month differences in final trend cycle (D12)
  From  2007.Feb to 2016.Dec
  Observations        119
 -----------------------------------------------------------------------------
               Jan      Feb      Mar      Apr      May      Jun 
               Jul      Aug      Sep      Oct      Nov      Dec         AVGE  
 -----------------------------------------------------------------------------
  2007                   -0.      -0.      -0.      -0.      -0.
                -0.      -0.      -0.      -0.      -0.      -0.           -0.
 
  2008          -0.      -0.       0.       0.       0.       0.
                 0.       0.       0.       0.       0.       0.            0.
 
  2009           0.       0.       0.       0.      -0.      -0.
                -0.       0.       0.       0.       0.       0.            0.
 
  2010          -0.      -0.      -0.      -0.      -0.       0.
                 0.       0.       0.      -0.      -0.      -0.           -0.
 
  2011          -0.      -0.      -0.      -0.      -0.      -0.
                -0.      -0.      -0.      -0.      -0.       0.           -0.
 
  2012           0.       0.       0.       0.      -0.      -0.
                -0.       0.       0.       0.       0.       0.            0.
 
  2013           0.      -0.      -0.       0.       0.       0.
                -0.      -0.      -0.      -0.      -0.      -0.           -0.
 
  2014          -0.      -0.       0.       0.       0.       0.
                 0.       0.       0.       0.       0.       0.            0.
 
  2015           0.       0.       0.       0.       0.      -0.
                -0.       0.       0.       0.       0.       0.            0.
 
  2016           0.      -0.      -0.      -0.      -0.      -0.
                -0.      -0.      -0.       0.       0.      -0.           -0.
 
  AVGE           0.       0.       0.       0.       0.       0.
                 0.       0.       0.       0.       0.       0.

  Table Total-           0.   Mean-         0.   Std. Dev.-         0.
                              Min -        -0.        Max -         0.
        ces_hours 25180            PAGE  21, SERIES ces_hours_additi

 E 8  Month-to-month differences in original series adjusted for calendar factors (A18)
  From  2007.Feb to 2016.Dec
  Observations        119
 -----------------------------------------------------------------------------
               Jan      Feb      Mar      Apr      May      Jun 
               Jul      Aug      Sep      Oct      Nov      Dec         AVGE  
 -----------------------------------------------------------------------------
  2007                   -0.       0.      -0.       0.      -0.
                -0.      -0.      -0.       1.      -0.       0.           -0.
 
  2008          -1.      -0.       0.       0.       0.       1.
                 1.       0.       0.      -0.       0.       0.            0.
 
  2009           1.       1.      -0.       0.      -1.       0.
                -0.       0.       1.      -0.       0.       0.            0.
 
  2010          -0.      -1.       0.      -0.      -0.      -0.
                 1.       0.       0.       0.       0.      -1.           -0.
 
  2011          -0.      -1.       0.       0.      -0.      -0.
                -1.      -0.       1.      -1.       0.       0.           -0.
 
  2012          -0.       0.       0.      -0.      -0.      -0.
                 0.      -1.       1.       0.       0.       0.            0.
 
  2013          -1.      -0.      -0.       0.       0.       0.
                -1.       0.       0.      -1.       0.      -1.           -0.
 
  2014          -0.      -0.       1.      -0.       1.       0.
                -0.       0.       0.      -0.       1.      -0.            0.
 
  2015           0.       0.       0.       0.       0.      -1.
                 1.      -0.      -0.       1.       0.       0.            0.
 
  2016          -0.       0.       0.      -1.      -0.       0.
                -1.       0.      -0.       0.       0.      -0.           -0.
 
  AVGE          -0.      -0.       0.      -0.      -0.       0.
                -0.      -0.       0.      -0.       0.      -0.

  Table Total-           0.   Mean-         0.   Std. Dev.-         0.
                              Min -        -1.        Max -         1.
        ces_hours 25180            PAGE  22, SERIES ces_hours_additi

 E 18  Final adjustment ratios
  From  2007.Jan to 2016.Dec
  Observations        120
 -----------------------------------------------------------------------------
               Jan      Feb      Mar      Apr      May      Jun 
               Jul      Aug      Sep      Oct      Nov      Dec         AVGE  
 -----------------------------------------------------------------------------
  2007       99.862   98.856  100.058  100.167   99.179  100.034
             99.450   99.296  101.319  100.068  100.433  101.179        99.992
 
  2008       99.760   99.320   99.893  100.378   99.503  100.081
             99.231   99.787  100.737  100.022  100.920  100.560       100.016
 
  2009       99.950   98.939  100.359   99.603   99.891   99.927
             99.332   99.805  100.694  100.174  100.623  100.433        99.977
 
  2010      100.130   98.950   99.655  100.019   99.996  100.029
             99.638   99.589  100.678  100.305  100.363  100.336        99.974
 
  2011      100.073   99.014  100.425   99.506   99.832  100.100
             99.888   99.338  100.625  100.233  100.381  100.489        99.992
 
  2012       99.812   99.650  100.241  100.007   99.643  100.370
             99.600   99.327  101.030   99.673  100.390  100.665       100.034
 
  2013       99.542   99.280  100.093  100.169   99.743  100.640
             99.328   99.601  100.636   99.639  100.676  100.343        99.974
 
  2014       99.480   99.359  101.074   99.184  100.125  100.423
             99.355   99.824  100.294   99.599  100.892  100.042        99.971
 
  2015       99.703   99.521  100.088   99.838  100.471  100.214
             99.435   99.841  100.196   99.801  100.598   99.987        99.974
 
  2016       99.967  100.139   99.598  100.259  100.263  100.241
             99.945   99.407  100.116   99.977  100.353  100.184       100.037
 
  AVGE       99.828   99.303  100.148   99.913   99.865  100.206
             99.520   99.582  100.633   99.949  100.563  100.422

  Table Total-       11999.   Mean-       100.   Std. Dev.-         0.
                              Min -        99.        Max -       101.

 E 18.A  Final adjustment ratio forecasts
  From  2017.Jan to 2017.Dec
  Observations         12
 -----------------------------------------------------------------------------
               Jan      Feb      Mar      Apr      May      Jun 
               Jul      Aug      Sep      Oct      Nov      Dec         AVGE  
 -----------------------------------------------------------------------------
  2017       99.758   99.749  100.527   99.570  100.004  100.219
             99.912   99.466  100.284   99.732  100.376  100.425       100.002
 
        ces_hours 25180            PAGE  23, SERIES ces_hours_additi

 F 4.  Additive Day of the Week Trading Day Component Factors


      Day of Week Component for regARIMA Trading Day Factors:

                                       months starting on:
                     Mon      Tue      Wed      Thu      Fri      Sat      Sun
 31-day months        -0.      -0.      -0.       0.       0.       0.       0.
 30-day months        -0.      -0.      -0.      -0.       0.       0.       0.
 Leap year Feb.       -0. ********      -0. ********      -0. ******** ********

  QS statistic for seasonality:
  Original Series                                     0.00  (P-Value =     1.0000)
  Original Series (EV adj)                            0.00  (P-Value =     1.0000)
  Residuals                                           0.00  (P-Value =     1.0000)
  Seasonally Adjusted Series                          0.00  (P-Value =     1.0000)
  Seasonally Adjusted Series (EV adj)                 0.00  (P-Value =     1.0000)
  Irregular Series                                    0.00  (P-Value =     1.0000)
  Irregular Series (EV adj)                           0.00  (P-Value =     1.0000)

  QS statistic for seasonality (starting 2009.Jan):
  Original Series                                     0.00  (P-Value =     1.0000)
  Original Series (EV adj)                            0.00  (P-Value =     1.0000)
  Residuals                                           0.00  (P-Value =     1.0000)
  Seasonally Adjusted Series                          0.00  (P-Value =     1.0000)
  Seasonally Adjusted Series (EV adj)                 0.00  (P-Value =     1.0000)
  Irregular Series                                    0.00  (P-Value =     1.0000)
  Irregular Series (EV adj)                           0.00  (P-Value =     1.0000)


 WARNING: Series should not be a candidate for seasonal adjustment
          because the spectrum of the prior adjusted series (Table B1)
          has no visually significant seasonal peaks.

          If this is a component series of an indirectly adjusted
          composite series, consider using type = trend or type = summary
          in the x11 spec.
        ces_hours 25180            PAGE  24, SERIES ces_hours_additi
 G 0  10*LOG(SPECTRUM) of the differenced Prior Adjusted Series
      (Table B1).  Spectrum estimated from 2009.Jan to 2016.Dec.
 ++++++++++I+++++++++++++++++++++++++++++++++++++++++++++++++++++++++++++I
      -0.65I                   *                                         I     -0.65
           I             *     *                     *                   I
           I             *     *                     *   *               I
           I             *     *                     *   *               I
      -1.97I             *     *                *    *   *               I     -1.97
           I             *     *                *    *   *               I
           I             *     *                *    *   *               I
           I             *     *                *    *   *               I
      -3.30I             *     *                *    *   *               I     -3.30
           I             *     *                *    *   *               I
           I             *     *                *    *   **              I
           I             *     *                *    *   **              I
      -4.62I             *     *                *    *   ***     *      SI     -4.62
           I             *     *                *    *   ***     *      SI
           I             *     *               **    *  ****     *     *SI
           I             *     *               **    *  *****    *     *SI
      -5.95I             *     *               **   S*  *****    *     *SI     -5.95
           I             *     *            *  **   S*  *****    *   ***SI
           I             *     *            *  **   S*  *****    *   ***SI
           I             *     *            *  **   S*T *****    ** ****SI
      -7.27I             *     *            *  **   S*T *****   T** ****SI     -7.27
           I             **    *            *  **   S*T *****   T** ****SI
           I             **    *           **  **   S*T *****   T*******SI
           I            ***    *         * **  **   S*T *****   T*******SI
      -8.60I        *   ***    *   *     * *** **   S*T******   T*******SI     -8.60
           I        *   ***    *   *     * *** **   S*T*******  T*******SI
           I   *    *   ***    *   *     *S******   S*T*******  T*******SI
           I   *    *   ***    *   *     *S******   S*T*******  T*******SI
      -9.92I   *    *   ***    *   **   **S*******  S*T*******  T*******SI     -9.92
           I   *   **   ***    *   **   **S*******  S*T******* *T*******SI
           I   *   ***  ***   **   **   **S*******  S*T*******S*T*******SI
           I   **  ***  ***   **S  **   **S*******  S*T*******S*T*******SI
     -11.25I   **  *** ****   **S  **   **S******* *S*T*******S*T*******SI    -11.25
           I   **  *** ****   **S  **   **S******* *S*T*******S*T*******SI
           I   **  ***S****   **S  **   **S******* *S*T*******S*T*******SI
           I   **  ***S****   **S  **   **S******* *S*T*******S*T*******SI
     -12.57I   ** ****S****   **S  **   **S*********S*T*******S*T*******SI    -12.57
           I   ** ****S****   **S  **   **S*********S*T*******S*T*******SI
           I   *******S*****  **S ***   **S*********S*T*******S*T*******SI
           I  ********S*****  **S ***   **S*********S*T*******S*T*******SI
     -13.90I  ********S*****  **S****  ***S*********S*T*******S*T*******SI    -13.90
           I  ********S*****  **S***** ***S*********S*T*******S*T*******SI
           I  ********S*****  **S***** ***S*********S*T*******S*T*******SI
           I  ********S***** ***S***** ***S*********S*T*******S*T*******SI
     -15.22I  ********S***** ***S***** ***S*********S*T*******S*T*******SI    -15.22
           I  ********S*********S*********S*********S*T*******S*T*******SI
           I  ********S*********S*********S*********S*T*******S*T*******SI
           I  ********S*********S*********S*********S*T*******S*T*******SI
     -16.55I  ********S*********S*********S*********S*T*******S*T*******SI    -16.55
           I *********S*********S*********S*********S*T*******S*T*******SI
           I *********S*********S*********S*********S*T*******S*T*******SI
           I *********S*********S*********S*********S*T*******S*T*******SI
     -17.88I**********S*********S*********S*********S*T*******S*T*******SI    -17.88
 ++++++++++I+++++++++++++++++++++++++++++++++++++++++++++++++++++++++++++I
            S=SEASONAL FREQUENCIES, T=TRADING DAY FREQUENCIES
        ces_hours 25180            PAGE  25, SERIES ces_hours_additi
 G 1  10*LOG(SPECTRUM) of the differenced seasonally adjusted 
      data (Table E2).  Spectrum estimated from 2009.Jan to 2016.Dec.
 ++++++++++I+++++++++++++++++++++++++++++++++++++++++++++++++++++++++++++I
      -2.66I                                               *             I     -2.66
           I             *                                 *             I
           I             *                                 *             I
           I             *                                 *             I
      -3.83I             *                                 *             I     -3.83
           I             *                                 *             I
           I             *                                 *             I
           I             *                                 *             I
      -5.01I             *                                 *             I     -5.01
           I             *                                 *             I
           I             *                                 *             I
           I             *          *                      **            I
      -6.18I             *          *                      **            I     -6.18
           I             *          *                      **            I
           I             *          *                     ***            I
           I             *          *                     ***         *  I
      -7.35I             *          *           *        ****         *  I     -7.35
           I             *          *           *       *****         *  I
           I        *    *          *           *     T *****         *  I
           I        *    *          *           *     T *****    *    *  I
      -8.52I    *   *    *          *           *     T *****    *    *  I     -8.52
           I    *   *    *          *           *     T******    *    *  I
           I   **   *    *     *    *           *    *T******    *    *  I
           I   **   *    *     *    *           *    *T******    *   **  I
      -9.69I   **   *    *     *    *           *    *T******    *   **  I     -9.69
           I   **   *    *     *    *           *    *T******    *   **  I
           I   **   *    **    *    *           *    *T******    *   **  I
           I   **   *    **    *    *           *    *T******    *   **  I
     -10.86I   **   *    **    *    *           *    *T******    *   *** I    -10.86
           I   **   *    **    *    *           *    *T******   T*   *** I
           I   **   *    **    *    *          **    *T******   T*   *** I
           I   **   *    **   **    *          **    *T******   T*   *** I
     -12.04I   **  **    **   **    *          **    *T*******  T*   *** I    -12.04
           I   **  **    **   **    *          **   S*T*******  T*   ***SI
           I   **  **    **   **    *          **   S*T*******  T**  ***SI
           I   **  ***   **   **    **         ***  S*T*******  T**  ***SI
     -13.21I   *** ***  ***   **    **         ***  S*T*******  T** ****SI    -13.21
           I   *** ***  ***   **    **         ***  S*T*******  T** ****SI
           I   *** ***  ***   **    **         ***  S*T*******  T** ****SI
           I  **** ***  ***   **   ***         ***  S*T******* *T** ****SI
     -14.38I  ********  ***   **   ***         ***  S*T*******S*T*******SI    -14.38
           I  ********  ***   **   ***    S    ***  S*T*******S*T*******SI
           I  ********  ***   **S  ***   *S    ***  S*T*******S*T*******SI
           I  ********  ***   **S  ***   *S    *** *S*T*******S*T*******SI
     -15.55I  ********  ***   **S  ***   *S    *****S*T*******S*T*******SI    -15.55
           I  ********  ****  **S  ***   *S   ******S*T*******S*T*******SI
           I  ********S **** ***S  ***   *S   ******S*T*******S*T*******SI
           I *********S***** ***S  ***   *S*  ******S*T*******S*T*******SI
     -16.72I *********S***** ***S  ***   *S*  ******S*T*******S*T*******SI    -16.72
           I**********S***** ***S  **** **S*  ******S*T*******S*T*******SI
           I**********S*********S  **** **S*  ******S*T*******S*T*******SI
           I**********S*********S****** **S*********S*T*******S*T*******SI
     -17.89I**********S*********S*********S*********S*T*******S*T*******SI    -17.89
 ++++++++++I+++++++++++++++++++++++++++++++++++++++++++++++++++++++++++++I
            S=SEASONAL FREQUENCIES, T=TRADING DAY FREQUENCIES
        ces_hours 25180            PAGE  26, SERIES ces_hours_additi
 G 2  10*LOG(SPECTRUM) of the Modified Irregular (Table E3).  
      Spectrum estimated from 2009.Jan to 2016.Dec.
 ++++++++++I+++++++++++++++++++++++++++++++++++++++++++++++++++++++++++++I
      -7.39I             *                                               I     -7.39
           I             *                                               I
           I             *                                               I
           I             *                                 *             I
      -8.83I             *                                 *             I     -8.83
           I             *          *                      *             I
           I             *          *                      *             I
           I             *          *                      *             I
     -10.28I             *          *                      *             I    -10.28
           I             *          *                      *             I
           I             *          *                      **            I
           I             *          *                     ***            I
     -11.72I             *    *     *                     ***            I    -11.72
           I             *    *     *                     ***            I
           I             *    **    *                    ****            I
           I             *    **    *                    ****            I
     -13.17I             *    **   **           *     T *****         *  I    -13.17
           I             *    **   **           *     T *****         *  I
           I             *    **   **           *    *T******         *  I
           I             *    **   **           *    *T******         *  I
     -14.61I             *    **   **          **    *T******    *    *  I    -14.61
           I             *    **   ***         **    *T******    *    *  I
           I             *    **   ***         **    *T******    *   **  I
           I             **   **   ***         **    *T******    *   **  I
     -16.05I             **   **   ***         **    *T******    *   **  I    -16.05
           I             **   **   ***         **    *T*******  T*   **  I
           I             **   **   ***         **   S*T*******  T*   **  I
           I             **   **   ***         **   S*T*******  T*   *** I
     -17.50I            ***   **   ***         **   S*T*******  T*   *** I    -17.50
           I            ***   **  ****         **   S*T*******  T*   *** I
           I            ***   **S ****         ***  S*T*******  T*   *** I
           I            ***   **S ****     *   ***  S*T*******S*T**  *** I
     -18.94I            ***   **S *****   S*   ***  S*T*******S*T**  ***SI    -18.94
           I          S ***   **S *****   S*  ****  S*T*******S*T** ****SI
           I          S****  ***S******   S*  **** *S*T*******S*T** ****SI
           I    *     S****  ***S******   S** **** *S*T*******S*T** ****SI
     -20.38I    **   *S****  ***S******   S** ******S*T*******S*T*******SI    -20.38
           I    **   *S****  ***S******  *S*********S*T*******S*T*******SI
           I    **   *S***** ***S******* *S*********S*T*******S*T*******SI
           I    **   *S***** ***S*********S*********S*T*******S*T*******SI
     -21.83I    **   *S*********S*********S*********S*T*******S*T*******SI    -21.83
           I    **   *S*********S*********S*********S*T*******S*T*******SI
           I    **   *S*********S*********S*********S*T*******S*T*******SI
           I    **   *S*********S*********S*********S*T*******S*T*******SI
     -23.27I    **   *S*********S*********S*********S*T*******S*T*******SI    -23.27
           I    **  **S*********S*********S*********S*T*******S*T*******SI
           I   ***  **S*********S*********S*********S*T*******S*T*******SI
           I   **** **S*********S*********S*********S*T*******S*T*******SI
     -24.71I   **** **S*********S*********S*********S*T*******S*T*******SI    -24.71
           I   *******S*********S*********S*********S*T*******S*T*******SI
           I   *******S*********S*********S*********S*T*******S*T*******SI
           I   *******S*********S*********S*********S*T*******S*T*******SI
     -26.16I**********S*********S*********S*********S*T*******S*T*******SI    -26.16
 ++++++++++I+++++++++++++++++++++++++++++++++++++++++++++++++++++++++++++I
            S=SEASONAL FREQUENCIES, T=TRADING DAY FREQUENCIES
        ces_hours 25180            PAGE  27, SERIES ces_hours_additi

  Peak probabilities for Tukey spectrum estimator
  Spectrum estimated from 2009.Jan to 2016.Dec.

                                          S1       S2       S3       S4       S5       S6       TD
                                        ------   ------   ------   ------   ------   ------   ------
  Model Residuals                        0.718    0.554    0.209    0.590    0.527    0.518    0.168  
  Prior Adjusted Series (Table B1)       0.297    0.839    0.374    0.604    0.703    0.541    0.095  
  Seasonally adjusted series (E2)        0.043    0.619    0.921*   0.027    0.037    0.348    0.350  
  Modified Irregular (E3)                0.095    0.363    0.905*   0.022    0.063    0.329    0.303  
  ----------
     ** - Peak Probability > 0.99,
      * - 0.90 < Peak Probability < 0.99


