  Reading input spec file from D:\Programming\Dynamic Paper-dlrhcs_replication\outputs\empirical\unemployment\raw_sa_pilot\x13_work\ces_hours_additive_level_25260_200701_201612.spc

1

               U. S. Department of Commerce, U. S. Census Bureau

              X-13ARIMA-SEATS monthly seasonal adjustment Method,
                          Release Version 1.1 Build 62


           This software application provides an enhanced version of
             Statistics Canada's X-11-ARIMA extension (Dagum, 1980)
                 of the X-11 variant of the Census Method II of
                      Shiskin, Young and Musgrave (1967).

            It also provides an ARIMA model-based method following
       Hillmer and Tiao (1982) and Burman (1980) that is very similar
       to the update of the method of SEATS (Gomez and Maravall, 1996)
                produced at the Bank of Spain by G. Caporello and
               A. Maravall for TSW (Caporello and Maravall, 2004).
          The present application includes additional enhancements.

         X-13ARIMA-SEATS includes an automatic ARIMA model selection procedure
          based largely on the procedure of Gomez and Maravall (1998)
            as implemented in TRAMO (1996) and subsequent revisions.

              Primary Programmers: Brian Monsell, Mark Otto and,
                 for the ARIMA model-based signal extraction,
                      Gianluca Caporello and Victor Gomez


     Series Title- ces_hours 25260
     Series Name- ces_hours_additi
     Jul 29, 2026  08.41.02 

        -Period covered-  1st month,2007 to 12th month,2016
        -Type of run - additive seasonal adjustment

        -Sigma limits for graduating extreme values are  1.5 and  2.5 .
        -3x3 moving average used in section 1 of each iteration, 
         3x5 moving average in section 2 of iterations B and C,
         moving average for final seasonal factors chosen by Global MSR.
        -Holiday adjustment factors applied directly to the final seasonally adjusted series
        -Spectral plots generated for selected series
        -Spectral plots generated for series starting in 2009.Jan

 FILE SAVE REQUESTS (* indicates file exists and will be overwritten)
  D:\Programming\Dynamic Paper-dlrhcs_replication\outputs\empirical\unemployment\raw_sa_pilot\x13_work\ces_hours_additive_level_25260_200701_201612.d10  final seasonal factors
  D:\Programming\Dynamic Paper-dlrhcs_replication\outputs\empirical\unemployment\raw_sa_pilot\x13_work\ces_hours_additive_level_25260_200701_201612.d11  final seasonally adjusted data
  D:\Programming\Dynamic Paper-dlrhcs_replication\outputs\empirical\unemployment\raw_sa_pilot\x13_work\ces_hours_additive_level_25260_200701_201612.out  program output file
  D:\Programming\Dynamic Paper-dlrhcs_replication\outputs\empirical\unemployment\raw_sa_pilot\x13_work\ces_hours_additive_level_25260_200701_201612.err  program error file
        ces_hours 25260            PAGE   1, SERIES ces_hours_additi

     Contents of spc file D:\Programming\Dynamic Paper-dlrhcs_replication\outputs\empirical\unemployment\raw_sa_pilot\x13_work\ces_hours_additive_level_25260_200701_201612.spc

 Line #
 ------
      1: series {
      2:   title = "ces_hours 25260"
      3:   start = 2007.1
      4:   period = 12
      5:   data = (
      6: 30.7
      7: 28.2
      8: 28.9
      9: 31.1
     10: 30.5
     11: 28.5
     12: 28.8
     13: 28.5
     14: 29.5
     15: 28.4
     16: 31.9
     17: 30.9
     18: 31.9
     19: 29.9
     20: 31.1
     21: 29.3
     22: 29.9
     23: 30.8
     24: 30.1
     25: 31.2
     26: 31.3
     27: 30.9
     28: 32.4
     29: 31.8
     30: 31.3
     31: 31.5
     32: 33
     33: 30.9
     34: 31.3
     35: 31
     36: 31.1
     37: 32.7
     38: 33.6
     39: 34.5
     40: 35.5
     41: 36.2
     42: 34.4
     43: 33.6
     44: 33.3
     45: 33.5
     46: 34.5
     47: 34.6
     48: 34.6
     49: 34.7
     50: 34.5
     51: 34.4
     52: 34.6
     53: 34.4
     54: 35
     55: 34.9
     56: 34.4
     57: 35.8
     58: 36.3
     59: 36.5
     60: 36.5
     61: 36.3
     62: 37.4
     63: 38.2
     64: 36.5
     65: 36.3
     66: 37.7
     67: 35.8
     68: 35.4
     69: 36.4
     70: 36.7
     71: 37.1
     72: 36.2
     73: 38.5
     74: 39.5
     75: 38.3
     76: 37.1
     77: 38.2
     78: 34.6
     79: 33.7
     80: 34.3
     81: 32.9
     82: 33.2
     83: 35.5
     84: 34.8
     85: 35.3
     86: 35.2
     87: 34.6
     88: 34.8
     89: 35.6
     90: 33
     91: 33.4
     92: 34.2
     93: 34.3
     94: 35.9
     95: 37.8
     96: 34.9
     97: 35.2
     98: 32.6
     99: 32.2
    100: 34.7
    101: 33.1
    102: 32.9
    103: 35.8
    104: 35.5
    105: 33.5
    106: 32.7
    107: 32.8
    108: 33.2
    109: 34.3
    110: 31.6
    111: 30.8
    112: 33.3
    113: 30.8
    114: 31.7
    115: 31.2
    116: 31.6
    117: 31.2
    118: 30.9
    119: 30.7
    120: 31.8
    121: 32.1
    122: 32.6
    123: 33.8
    124: 32.9
    125: 33.1
    126:   )
    127: }
    128: transform { function = none }
    129: regression { aictest = (td easter) }
    130: automdl {}
    131: x11 { mode = add save = (d10 d11) }
        ces_hours 25260            PAGE   2, SERIES ces_hours_additi

 A 1  Time series data (for the span analyzed)
  From  2007.Jan to 2016.Dec
  Observations        120
 -----------------------------------------------------------------------------
               Jan      Feb      Mar      Apr      May      Jun 
               Jul      Aug      Sep      Oct      Nov      Dec        TOTAL  
 -----------------------------------------------------------------------------
  2007          31.      28.      29.      31.      31.      29.
                29.      29.      30.      28.      32.      31.          356.
 
  2008          32.      30.      31.      29.      30.      31.
                30.      31.      31.      31.      32.      32.          371.
 
  2009          31.      32.      33.      31.      31.      31.
                31.      33.      34.      35.      36.      36.          393.
 
  2010          34.      34.      33.      34.      35.      35.
                35.      35.      35.      34.      35.      34.          411.
 
  2011          35.      35.      34.      36.      36.      37.
                37.      36.      37.      38.      37.      36.          434.
 
  2012          38.      36.      35.      36.      37.      37.
                36.      39.      40.      38.      37.      38.          447.
 
  2013          35.      34.      34.      33.      33.      36.
                35.      35.      35.      35.      35.      36.          415.
 
  2014          33.      33.      34.      34.      36.      38.
                35.      35.      33.      32.      35.      33.          411.
 
  2015          33.      36.      36.      34.      33.      33.
                33.      34.      32.      31.      33.      31.          397.
 
  2016          32.      31.      32.      31.      31.      31.
                32.      32.      33.      34.      33.      33.          384.
 
  AVGE          33.      33.      33.      33.      33.      34.
                33.      34.      34.      34.      34.      34.

  Table Total-        4018.   Mean-        33.   Std. Dev.-         2.
                              Min -        28.        Max -        40.
        ces_hours 25260            PAGE   3, SERIES ces_hours_additi
                        Automatic ARIMA Model Selection

                    Procedure based closely on TRAMO method 
                         of Gomez and Maravall (2000)
              "Automatic Modeling Methods for Univariate Series",
                            A Course in Time Series
                  (Edited by D. Pena, G. C. Tiao, R. S. Tsay),
                         New York : J. Wiley and Sons


     Maximum order for regular ARMA parameters :   2
     Maximum order for seasonal ARMA parameters :   1
     Maximum order for regular differencing :   2
     Maximum order for seasonal differencing :   1

   Results of Unit Root Test for identifying orders of differencing:
     Regular difference order :   1
     Seasonal difference order :   0

     Mean is not significant.

  Automatic model choice : (0 1 0)(0 0 1)


  Final Checks for Identified Model


  Checking for Unit Roots.
   No unit roots found.
   Nonseasonal MA not within  0.001 of 1.0 - model passes test.

  Checking for insignificant ARMA coefficients.

  Final automatic model choice : (0 1 0)(0 0 1)
   End of automatic model selection procedure.

 Average absolute percentage error in within-sample forecasts:
  Last year:   3.45      Last-1 year:   3.48     Last-2 year:   3.14
  Last three years:    3.35

 Estimation converged in   15 ARMA iterations,   79 function evaluations.

 Regression Model
 ------------------------------------------------------------------------------
                             Parameter        Standard
 Variable                     Estimate           Error      t-value
 ------------------------------------------------------------------------------
 Leap Year                     -0.5334         0.44870        -1.19

 Trading Day
   Mon                         -0.0065         0.13877        -0.05
   Tue                         -0.2266         0.13988        -1.62
   Wed                         -0.1338         0.13773        -0.97
   Thu                          0.0603         0.13828         0.44
   Fri                         -0.2281         0.13696        -1.67
   Sat                         -0.1382         0.14042        -0.98
  *Sun (derived)                0.6729         0.14465         4.65
 ------------------------------------------------------------------------------
  *For full trading-day and stable seasonal effects, the derived
   parameter estimate is obtained indirectly as minus the sum
   of the directly estimated parameters that define the effect.


 Chi-squared Tests for Groups of Regressors
 ------------------------------------------------------------------------------
 Regression Effect                  df      Chi-Square      P-Value
 ------------------------------------------------------------------------------
 Trading Day                         6           40.93         0.00
 Combined Trading Day and Leap Year Regressors
                                     7           43.87         0.00
 ------------------------------------------------------------------------------


 F Tests for Trading Day Regressors 
 -----------------------------------------------------------------------
 Regression Effect                     df         F-statistic    P-Value
 -----------------------------------------------------------------------
 Trading Day                         6, 112            6.42         0.00


 ARIMA Model:  (0 1 0)(0 0 1)
   Nonseasonal differences: 1
                                              Standard
 Parameter                    Estimate          Errors
 -----------------------------------------------------
 Seasonal MA                                       
   Lag 12                      -0.3394         0.08179

 Variance                       0.10644E+01
 SE of Var                      0.13800E+00
 -----------------------------------------------------

 Likelihood Statistics
 ------------------------------------------------------------------
 Number of observations (nobs)                                  120
 Effective number of observations (nefobs)                      119
 Number of parameters estimated (np)                              9
 Log likelihood (L)                                       -173.3040
 AIC                                                       364.6080 
 AICC (F-corrected-AIC)                                    366.2593 
 Hannan Quinn                                              374.7646 
 BIC                                                       389.6201 
 ------------------------------------------------------------------

 QS Statistic for regARIMA Model Residuals (full series):             0.00
                                                       (P-Value =     1.0000)

 QS Statistic for regARIMA Model Residuals (starting 2009.Jan):       0.00
                                                       (P-Value =     1.0000)
      10*LOG(SPECTRUM) of the regARIMA model residuals
      Spectrum estimated from 2009.Jan to 2016.Dec.
 ++++++++++I+++++++++++++++++++++++++++++++++++++++++++++++++++++++++++++I
       4.57I                                                     *       I      4.57
           I                                                     *       I
           I                                                     *       I
           I            *                                        *       I
       3.54I            **                                       *       I      3.54
           I            **           *          *    *           *       I
           I            **           *          *    *           *       I
           I            **           *          *    *           *       I
       2.50I            **    *      *         **    *           *       I      2.50
           I            **    *      *         **    *T          *       I
           I            **   **      *      *  **    *T          *      SI
           I            **   **      *      *  **   S*T          *      SI
       1.47I            **   **      *      ** **   S*T         T*      SI      1.47
           I            ***  **      *      ** **   S*T         T*      SI
           I            *** ***      **     ** **   S*T         T*      SI
           I            *** ***      ** *   *****   S*T*        T*      SI
       0.44I            *******      ****   *****   S*T*        T*      SI      0.44
           I            *******     *****   *****   S*T*        T*      SI
           I            *******     *****   *****   S*T*        T**     SI
           I           ********     *****  *******  S*T*        T**     SI
      -0.60I           ********     *****  *******  S*T*        T**     SI     -0.60
           I           ********     ****** *******  S*T*        T**     SI
           I           *********    ****** ******* *S*T*        T**     SI
           I           *********    ****** ******* *S*T*        T**     SI
      -1.63I           *********    ******S******* *S*T*        T**     SI     -1.63
           I           *********    ******S******* *S*T*        T**    *SI
           I    *      *********    ******S*********S*T**       T**    *SI
           I    *   * S*********    ******S*********S*T**      *T**    *SI
      -2.66I    *  ** S*********    ******S*********S*T**      *T**    *SI     -2.66
           I    ** ***S*********    ******S*********S*T**      *T***   *SI
           I    ******S*********    ******S*********S*T**      *T***   *SI
           I    ******S*********    ******S*********S*T**      *T***   *SI
      -3.70I   *******S*********    ******S*********S*T**     S*T***   *SI     -3.70
           I   *******S*********    ******S*********S*T**    *S*T***   *SI
           I   *******S*********    ******S*********S*T**    *S*T***   *SI
           I   *******S*********    ******S*********S*T***  **S*T***   *SI
      -4.73I   *******S*********    ******S*********S*T***  **S*T***   *SI     -4.73
           I   *******S*********   *******S*********S*T***  **S*T**** **SI
           I   *******S*********S  *******S*********S*T*** ***S*T**** **SI
           I   *******S*********S  *******S*********S*T*** ***S*T**** **SI
      -5.76I   *******S*********S  *******S*********S*T*******S*T*******SI     -5.76
           I   *******S*********S  *******S*********S*T*******S*T*******SI
           I   *******S*********S  *******S*********S*T*******S*T*******SI
           I  ********S*********S  *******S*********S*T*******S*T*******SI
      -6.80I  ********S*********S  *******S*********S*T*******S*T*******SI     -6.80
           I  ********S*********S  *******S*********S*T*******S*T*******SI
           I  ********S*********S*********S*********S*T*******S*T*******SI
           I  ********S*********S*********S*********S*T*******S*T*******SI
      -7.83I  ********S*********S*********S*********S*T*******S*T*******SI     -7.83
           I  ********S*********S*********S*********S*T*******S*T*******SI
           I *********S*********S*********S*********S*T*******S*T*******SI
           I *********S*********S*********S*********S*T*******S*T*******SI
      -8.86I**********S*********S*********S*********S*T*******S*T*******SI     -8.86
 ++++++++++I+++++++++++++++++++++++++++++++++++++++++++++++++++++++++++++I
            S=SEASONAL FREQUENCIES, T=TRADING DAY FREQUENCIES


 FORECASTING
  Origin  2016.Dec
  Number        12

  Forecasts and Standard Errors
   ------------------------------
                         Standard
       Date   Forecast      Error
   ------------------------------
   2017.Jan      33.94      1.057
   2017.Feb      33.44      1.484
   2017.Mar      33.18      1.796
   2017.Apr      34.12      2.078
   2017.May      33.04      2.316
   2017.Jun      33.29      2.532
   2017.Jul      34.09      2.736
   2017.Aug      33.56      2.926
   2017.Sep      33.73      3.099
   2017.Oct      34.79      3.271
   2017.Nov      34.15      3.429
   2017.Dec      34.74      3.580
   ------------------------------

  Confidence intervals with coverage probability ( 0.95000
   ---------------------------------------
       Date      Lower  Forecast     Upper
   ---------------------------------------
   2017.Jan      31.87     33.94     36.01
   2017.Feb      30.53     33.44     36.34
   2017.Mar      29.66     33.18     36.70
   2017.Apr      30.05     34.12     38.19
   2017.May      28.50     33.04     37.58
   2017.Jun      28.33     33.29     38.25
   2017.Jul      28.73     34.09     39.45
   2017.Aug      27.82     33.56     39.29
   2017.Sep      27.66     33.73     39.81
   2017.Oct      28.38     34.79     41.20
   2017.Nov      27.43     34.15     40.87
   2017.Dec      27.72     34.74     41.75
   ---------------------------------------
        ces_hours 25260            PAGE   4, SERIES ces_hours_additi

 A 6  RegARIMA trading day component
  From  2007.Jan to 2016.Dec
  Observations        120
 -----------------------------------------------------------------------------
               Jan      Feb      Mar      Apr      May      Jun 
               Jul      Aug      Sep      Oct      Nov      Dec         AVGE  
 -----------------------------------------------------------------------------
  2007          -0.       0.      -0.       1.      -0.      -0.
                 0.      -0.       1.      -0.      -0.       1.            0.
 
  2008          -0.      -1.       1.      -0.      -0.       1.
                -0.       0.      -0.      -0.       1.      -0.           -0.
 
  2009          -0.       0.       0.      -0.       0.      -0.
                -0.       1.      -0.      -0.       1.      -0.            0.
 
  2010           0.       0.      -0.      -0.       1.      -0.
                -0.       0.      -0.       0.      -0.      -0.           -0.
 
  2011           1.       0.      -0.      -0.       0.      -0.
                 0.      -0.      -0.       1.      -0.      -0.           -0.
 
  2012           0.      -1.      -0.       1.      -0.      -0.
                 0.      -0.       1.      -0.      -0.       1.            0.
 
  2013          -0.       0.       0.      -0.      -0.       1.
                -0.      -0.       1.      -0.      -0.       0.           -0.
 
  2014          -0.       0.       1.      -0.      -0.       1.
                -0.       0.      -0.      -0.       1.      -0.           -0.
 
  2015          -0.       0.       0.      -0.       0.      -0.
                -0.       1.      -0.      -0.       1.      -0.            0.
 
  2016           0.      -0.      -0.      -0.       0.      -0.
                 0.      -0.      -0.       1.      -0.      -0.           -0.
 
  AVGE          -0.      -0.       0.      -0.       0.       0.
                -0.       0.       0.      -0.       0.      -0.

  Table Total-          -1.   Mean-        -0.   Std. Dev.-         0.
                              Min -        -1.        Max -         1.

 A 6.A  RegARIMA trading day component forecasts
  From  2017.Jan to 2017.Dec
  Observations         12
 -----------------------------------------------------------------------------
               Jan      Feb      Mar      Apr      May      Jun 
               Jul      Aug      Sep      Oct      Nov      Dec         AVGE  
 -----------------------------------------------------------------------------
  2017           0.       0.      -0.       1.      -0.      -0.
                 1.      -0.      -0.       0.      -0.       0.            0.
 
        ces_hours 25260            PAGE   5, SERIES ces_hours_additi
  
 B 1  Original series (prior adjusted)
      (adjusted for regARIMA factors)
  From  2007.Jan to 2016.Dec
  Observations        120
 -----------------------------------------------------------------------------
               Jan      Feb      Mar      Apr      May      Jun 
               Jul      Aug      Sep      Oct      Nov      Dec        TOTAL  
 -----------------------------------------------------------------------------
  2007          31.      28.      29.      30.      31.      29.
                28.      29.      29.      29.      32.      30.          356.
 
  2008          32.      31.      31.      30.      30.      30.
                30.      31.      32.      31.      32.      32.          371.
 
  2009          32.      31.      33.      31.      31.      31.
                31.      32.      34.      35.      35.      37.          392.
 
  2010          34.      33.      34.      34.      34.      35.
                35.      34.      35.      34.      35.      35.          411.
 
  2011          34.      35.      35.      36.      36.      37.
                36.      37.      38.      38.      37.      37.          434.
 
  2012          37.      36.      36.      36.      37.      37.
                36.      39.      39.      39.      37.      38.          447.
 
  2013          35.      34.      34.      33.      34.      35.
                35.      36.      35.      35.      35.      35.          415.
 
  2014          33.      33.      34.      35.      36.      37.
                35.      35.      33.      33.      34.      33.          411.
 
  2015          33.      36.      35.      34.      32.      33.
                34.      34.      32.      31.      33.      31.          397.
 
  2016          31.      32.      32.      32.      30.      31.
                31.      32.      33.      33.      33.      33.          384.
 
  AVGE          33.      33.      33.      33.      33.      34.
                33.      34.      34.      34.      34.      34.

  Table Total-        4019.   Mean-        33.   Std. Dev.-         2.
                              Min -        28.        Max -        39.

 B 1.A  Forecasts of (prior adjusted) original series
  From  2017.Jan to 2017.Dec
  Observations         12
 -----------------------------------------------------------------------------
               Jan      Feb      Mar      Apr      May      Jun 
               Jul      Aug      Sep      Oct      Nov      Dec        TOTAL  
 -----------------------------------------------------------------------------
  2017          34.      33.      33.      34.      33.      33.
                34.      34.      34.      34.      34.      34.          405.
 
        ces_hours 25260            PAGE   6, SERIES ces_hours_additi

 C 17  Final weights for irregular component
  From  2007.Jan to 2016.Dec
  Observations        120
  Lower sigma limit    1.50
  Upper sigma limit    2.50
 -----------------------------------------------------------------------------
               Jan      Feb      Mar      Apr      May      Jun 
               Jul      Aug      Sep      Oct      Nov      Dec         S.D.  
 -----------------------------------------------------------------------------
  2007         100.       0.     100.      35.       0.     100.
               100.     100.     100.     100.       0.     100.           48.
 
  2008           0.     100.     100.     100.     100.     100.
               100.     100.     100.     100.     100.     100.           48.
 
  2009         100.     100.       0.     100.     100.     100.
               100.     100.     100.     100.     100.       0.           48.
 
  2010         100.     100.     100.     100.     100.     100.
               100.     100.     100.     100.     100.     100.           47.
 
  2011         100.     100.     100.      43.     100.     100.
               100.     100.     100.     100.     100.      41.           45.
 
  2012         100.     100.     100.     100.     100.     100.
                 0.     100.      65.     100.     100.     100.           49.
 
  2013         100.     100.     100.     100.     100.     100.
               100.     100.     100.     100.     100.     100.           53.
 
  2014         100.     100.      89.     100.       0.       0.
               100.     100.     100.      93.     100.     100.           51.
 
  2015         100.       0.      33.     100.      65.     100.
               100.     100.     100.      79.     100.     100.           48.
 
  2016         100.     100.     100.     100.     100.     100.
               100.     100.     100.     100.     100.     100.           48.
 
        ces_hours 25260            PAGE   7, SERIES ces_hours_additi

 D 8  Final unmodified SI ratios
  From  2007.Jan to 2016.Dec
  Observations        120
 -----------------------------------------------------------------------------
               Jan      Feb      Mar      Apr      May      Jun 
               Jul      Aug      Sep      Oct      Nov      Dec         AVGE  
 -----------------------------------------------------------------------------
  2007           1.      -2.      -1.       1.       1.      -1.
                -1.      -0.       0.      -0.       3.       1.            0.
 
  2008           2.       0.       0.      -1.      -1.      -1.
                -1.      -0.       0.       0.       1.       1.            0.
 
  2009           0.       0.       1.      -0.      -1.      -1.
                -1.      -1.       1.       1.       1.       2.            0.
 
  2010          -0.      -1.      -1.      -1.      -1.       0.
                 0.      -0.       1.       0.       1.       0.           -0.
 
  2011          -0.      -1.      -1.       0.      -0.       0.
                -0.       0.       1.       1.       0.      -0.            0.
 
  2012           0.      -1.      -1.      -1.      -0.       0.
                -2.       1.       1.       1.       0.       1.           -0.
 
  2013          -1.      -2.      -1.      -1.      -1.       1.
                 1.       1.       0.       0.       1.       1.           -0.
 
  2014          -1.      -1.      -1.      -0.       1.       3.
                 1.       1.      -1.      -1.       1.      -0.            0.
 
  2015          -1.       2.       1.      -0.      -1.      -0.
                 1.       1.      -0.      -1.       1.      -1.            0.
 
  2016          -0.       0.       1.       0.      -1.      -1.
                -0.       0.       0.       0.      -0.       0.            0.
 
  AVGE           0.      -0.      -0.      -0.      -0.       0.
                -0.       0.       0.       0.       1.       1.

  Table Total-          10.   Mean-         0.   Std. Dev.-         1.
                              Min -        -2.        Max -         3.
        ces_hours 25260            PAGE   8, SERIES ces_hours_additi

 D 8.B  Final unmodified SI ratios, with labels for outliers and extreme values
  From  2007.Jan to 2016.Dec
  Observations        120
 ---------------------------------------------------------------------
               Jan       Feb       Mar       Apr       May       Jun  
               Jul       Aug       Sep       Oct       Nov       Dec  
 ---------------------------------------------------------------------
  2007          1.       -2.*      -1.        1.*       1.*      -1.  
               -1.       -0.        0.       -0.        3.*       1.  
 
  2008          2.*       0.        0.       -1.       -1.       -1.  
               -1.       -0.        0.        0.        1.        1.  
 
  2009          0.        0.        1.*      -0.       -1.       -1.  
               -1.       -1.        1.        1.        1.        2.* 
 
  2010         -0.       -1.       -1.       -1.       -1.        0.  
                0.       -0.        1.        0.        1.        0.  
 
  2011         -0.       -1.       -1.        0.*      -0.        0.  
               -0.        0.        1.        1.        0.       -0.* 
 
  2012          0.       -1.       -1.       -1.       -0.        0.  
               -2.*       1.        1.*       1.        0.        1.  
 
  2013         -1.       -2.       -1.       -1.       -1.        1.  
                1.        1.        0.        0.        1.        1.  
 
  2014         -1.       -1.       -1.*      -0.        1.*       3.* 
                1.        1.       -1.       -1.*       1.       -0.  
 
  2015         -1.        2.*       1.*      -0.       -1.*      -0.  
                1.        1.       -0.       -1.*       1.       -1.  
 
  2016         -0.        0.        1.        0.       -1.       -1.  
               -0.        0.        0.        0.       -0.        0.  
 

  Key to symbols:
    *  : extreme value as determined by X-11 extreme value procedure
 
        ces_hours 25260            PAGE   9, SERIES ces_hours_additi

 D 9  Final replacement values for SI ratios
  From  2007.Jan to 2016.Dec
  Observations        120
 ---------------------------------------------------------------
               Jan      Feb      Mar      Apr      May      Jun 
               Jul      Aug      Sep      Oct      Nov      Dec 
 ---------------------------------------------------------------
  2007     ********      -0. ********      -0.      -0. ********
           ******** ******** ******** ********       1. ********
 
  2008           1. ******** ******** ******** ******** ********
           ******** ******** ******** ******** ******** ********
 
  2009     ******** ********      -1. ******** ******** ********
           ******** ******** ******** ******** ********       1.
 
  2010     ******** ******** ******** ******** ******** ********
           ******** ******** ******** ******** ******** ********
 
  2011     ******** ******** ********      -0. ******** ********
           ******** ******** ******** ******** ********       0.
 
  2012     ******** ******** ******** ******** ******** ********
                 0. ********       1. ******** ******** ********
 
  2013     ******** ******** ******** ******** ******** ********
           ******** ******** ******** ******** ******** ********
 
  2014     ******** ********      -1. ********       0.       1.
           ******** ******** ********      -1. ******** ********
 
  2015     ********      -0.       1. ********      -1. ********
           ******** ******** ********      -1. ******** ********
 
  2016     ******** ******** ******** ******** ******** ********
           ******** ******** ******** ******** ******** ********
 

 D 9.A  Moving seasonality ratio
 ---------------------------------------------------------------
               Jan      Feb      Mar      Apr      May      Jun 
 ---------------------------------------------------------------
   I          0.426    0.468    0.511    0.507    0.324    0.345
   S          0.166    0.090    0.123    0.111    0.030    0.102
 RATIO        2.559    5.221    4.141    4.575   10.618    3.372



 ---------------------------------------------------------------
               Jul      Aug      Sep      Oct      Nov      Dec 
 ---------------------------------------------------------------
   I          0.487    0.306    0.449    0.703    0.325    0.481
   S          0.141    0.155    0.130    0.138    0.073    0.127
 RATIO        3.459    1.975    3.455    5.087    4.456    3.781



        ces_hours 25260            PAGE  10, SERIES ces_hours_additi

 D 10  Final seasonal factors
  From  2007.Jan to 2016.Dec
  Observations        120
  Seasonal filter    3 x 5 moving average
 -----------------------------------------------------------------------------
               Jan      Feb      Mar      Apr      May      Jun 
               Jul      Aug      Sep      Oct      Nov      Dec         AVGE  
 -----------------------------------------------------------------------------
  2007           1.      -0.      -0.      -1.      -0.      -1.
                -1.      -0.       0.       0.       1.       1.            0.
 
  2008           1.      -0.      -1.      -1.      -1.      -0.
                -1.      -0.       1.       0.       1.       1.            0.
 
  2009           0.      -0.      -1.      -1.      -1.      -0.
                -0.      -0.       1.       1.       1.       1.            0.
 
  2010           0.      -0.      -1.      -1.      -1.      -0.
                -0.       0.       1.       1.       1.       1.            0.
 
  2011          -0.      -1.      -1.      -1.      -0.       0.
                 0.       0.       1.       1.       1.       1.            0.
 
  2012          -0.      -1.      -1.      -1.      -0.       0.
                 0.       1.       0.       0.       0.       0.           -0.
 
  2013          -1.      -1.      -1.      -1.      -0.       0.
                 0.       1.       0.       0.       0.       0.           -0.
 
  2014          -1.      -1.      -0.      -0.      -0.       0.
                 0.       1.       0.       0.       0.       0.           -0.
 
  2015          -1.      -1.      -0.      -0.      -0.       0.
                 0.       1.      -0.      -0.       0.       0.           -0.
 
  2016          -0.      -0.       0.      -0.      -0.      -0.
                 0.       1.      -0.      -0.       0.      -0.           -0.
 
  AVGE          -0.      -1.      -1.      -1.      -0.      -0.
                 0.       0.       0.       0.       1.       0.

  Table Total-          -1.   Mean-        -0.   Std. Dev.-         1.
                              Min -        -1.        Max -         1.

 D 10.A  Final seasonal component forecasts
  From  2017.Jan to 2017.Dec
  Observations         12
 -----------------------------------------------------------------------------
               Jan      Feb      Mar      Apr      May      Jun 
               Jul      Aug      Sep      Oct      Nov      Dec         AVGE  
 -----------------------------------------------------------------------------
  2017          -0.      -0.       0.       0.      -0.      -0.
                 0.       1.      -0.      -0.       0.      -0.           -0.
 
        ces_hours 25260            PAGE  11, SERIES ces_hours_additi
  
 D 11  Final seasonally adjusted data
       (also adjusted for trading day)
  From  2007.Jan to 2016.Dec
  Observations        120
 -----------------------------------------------------------------------------
               Jan      Feb      Mar      Apr      May      Jun 
               Jul      Aug      Sep      Oct      Nov      Dec        TOTAL  
 -----------------------------------------------------------------------------
  2007          30.      28.      30.      31.      31.      29.
                29.      29.      29.      28.      31.      30.          356.
 
  2008          32.      31.      31.      30.      31.      31.
                31.      31.      31.      31.      31.      31.          371.
 
  2009          31.      32.      33.      32.      32.      32.
                32.      32.      33.      34.      34.      36.          392.
 
  2010          34.      34.      34.      34.      34.      35.
                35.      34.      34.      33.      34.      34.          411.
 
  2011          35.      35.      36.      37.      36.      36.
                36.      36.      37.      37.      36.      36.          434.
 
  2012          38.      37.      37.      37.      37.      37.
                35.      38.      39.      38.      37.      37.          447.
 
  2013          35.      34.      35.      34.      34.      35.
                35.      35.      34.      35.      35.      35.          415.
 
  2014          34.      34.      34.      35.      37.      37.
                35.      34.      33.      32.      34.      33.          412.
 
  2015          34.      36.      35.      34.      33.      33.
                33.      33.      32.      31.      32.      31.          397.
 
  2016          32.      32.      32.      32.      31.      31.
                31.      32.      33.      33.      33.      34.          385.
 
  AVGE          33.      33.      34.      34.      34.      34.
                33.      33.      33.      33.      34.      34.

  Table Total-        4019.   Mean-        33.   Std. Dev.-         2.
                              Min -        28.        Max -        39.
        ces_hours 25260            PAGE  12, SERIES ces_hours_additi

 D 12  Final trend cycle
  From  2007.Jan to 2016.Dec
  Observations        120
  Trend filter    13-term Henderson moving average
  I/C ratio        1.85
 -----------------------------------------------------------------------------
               Jan      Feb      Mar      Apr      May      Jun 
               Jul      Aug      Sep      Oct      Nov      Dec        TOTAL  
 -----------------------------------------------------------------------------
  2007          30.      30.      30.      30.      30.      29.
                29.      29.      29.      29.      29.      30.          354.
 
  2008          30.      30.      31.      31.      31.      31.
                31.      31.      31.      31.      31.      31.          370.
 
  2009          31.      31.      31.      31.      32.      32.
                32.      33.      33.      34.      34.      34.          389.
 
  2010          34.      34.      34.      35.      35.      35.
                35.      34.      34.      34.      34.      34.          412.
 
  2011          35.      35.      36.      36.      36.      36.
                36.      36.      37.      37.      37.      37.          434.
 
  2012          37.      37.      37.      37.      37.      37.
                38.      38.      38.      38.      37.      37.          447.
 
  2013          36.      35.      34.      34.      34.      34.
                34.      35.      35.      35.      35.      34.          415.
 
  2014          34.      34.      35.      35.      35.      35.
                34.      34.      33.      33.      33.      33.          409.
 
  2015          34.      34.      34.      34.      34.      33.
                33.      32.      32.      32.      32.      32.          395.
 
  2016          32.      32.      32.      31.      31.      31.
                31.      32.      32.      33.      33.      34.          384.
 
  AVGE          33.      33.      33.      33.      33.      33.
                33.      33.      33.      33.      34.      34.

  Table Total-        4009.   Mean-        33.   Std. Dev.-         2.
                              Min -        29.        Max -        38.
        ces_hours 25260            PAGE  13, SERIES ces_hours_additi

 D 13  Final irregular component
  From  2007.Jan to 2016.Dec
  Observations        120
 -----------------------------------------------------------------------------
               Jan      Feb      Mar      Apr      May      Jun 
               Jul      Aug      Sep      Oct      Nov      Dec         S.D.  
 -----------------------------------------------------------------------------
  2007           0.      -2.      -0.       1.       2.      -0.
                -0.       0.      -0.      -0.       2.      -0.            1.
 
  2008           2.       0.       0.      -0.      -0.      -0.
                 0.       0.       0.      -0.      -0.       0.            1.
 
  2009          -0.       0.       2.       0.      -0.      -0.
                -0.      -0.       0.       1.       0.       2.            1.
 
  2010          -0.      -0.       0.      -0.      -0.       0.
                 1.      -0.      -0.      -0.       0.      -0.            0.
 
  2011          -0.       0.      -0.       1.       0.       0.
                -0.      -0.       0.       0.      -0.      -1.            0.
 
  2012           1.       0.      -0.      -0.       0.      -0.
                -2.       0.       1.       0.      -0.       1.            1.
 
  2013          -0.      -0.       0.      -0.      -0.       0.
                 0.       0.      -0.       0.       0.       0.            0.
 
  2014          -0.      -0.      -0.       0.       2.       2.
                 0.       0.      -1.      -1.       0.      -0.            1.
 
  2015          -0.       2.       1.      -0.      -1.      -0.
                 0.       0.      -0.      -1.       0.      -1.            1.
 
  2016           0.       0.       0.       0.      -0.      -0.
                -0.      -0.       0.       1.      -0.       0.            0.
 
  S.D.           1.       1.       1.       1.       1.       1.
                 1.       0.       0.       0.       1.       1.

  Table Total-          10.   Mean-         0.   Std. Dev.-         1.
                              Min -        -2.        Max -         2.
        ces_hours 25260            PAGE  14, SERIES ces_hours_additi
  
 D 16  Combined adjustment factors
       (includes seasonal, trading day factors)
  From  2007.Jan to 2016.Dec
  Observations        120
 -----------------------------------------------------------------------------
               Jan      Feb      Mar      Apr      May      Jun 
               Jul      Aug      Sep      Oct      Nov      Dec         AVGE  
 -----------------------------------------------------------------------------
  2007           0.       0.      -1.       0.      -1.      -1.
                -0.      -1.       1.      -0.       1.       1.            0.
 
  2008           0.      -1.       0.      -1.      -1.       0.
                -1.       0.       0.       0.       1.       0.           -0.
 
  2009           0.      -0.      -0.      -1.      -0.      -1.
                -1.       0.       0.       0.       1.       0.            0.
 
  2010           0.      -0.      -1.      -1.       0.      -0.
                -0.       1.       1.       1.       0.       0.            0.
 
  2011           0.      -1.      -1.      -1.      -0.       0.
                 0.       0.       0.       1.       0.       0.            0.
 
  2012           0.      -1.      -1.      -0.      -1.      -0.
                 1.       0.       1.       0.       0.       1.            0.
 
  2013          -1.      -1.      -0.      -1.      -1.       1.
                 0.       1.       1.      -0.       0.       1.           -0.
 
  2014          -1.      -1.       0.      -1.      -1.       1.
                 0.       1.      -0.      -0.       1.      -0.           -0.
 
  2015          -1.      -0.       0.      -0.      -0.      -0.
                 0.       1.      -0.      -0.       1.      -0.           -0.
 
  2016          -0.      -1.      -0.      -0.       0.      -0.
                 1.       0.      -0.       0.       0.      -0.           -0.
 
  AVGE          -0.      -1.      -0.      -1.      -0.      -0.
                 0.       0.       0.       0.       1.       0.

  Table Total-          -1.   Mean-        -0.   Std. Dev.-         1.
                              Min -        -1.        Max -         1.

 D 16.A  Combined adjustment component forecasts
  From  2017.Jan to 2017.Dec
  Observations         12
 -----------------------------------------------------------------------------
               Jan      Feb      Mar      Apr      May      Jun 
               Jul      Aug      Sep      Oct      Nov      Dec         AVGE  
 -----------------------------------------------------------------------------
  2017           0.      -0.      -0.       1.      -1.      -0.
                 1.       0.      -0.       0.       0.       0.            0.
 
        ces_hours 25260            PAGE  15, SERIES ces_hours_additi
  
 D 18  Combined calendar adjustment factors
       (includes trading day factors)
  From  2007.Jan to 2016.Dec
  Observations        120
 -----------------------------------------------------------------------------
               Jan      Feb      Mar      Apr      May      Jun 
               Jul      Aug      Sep      Oct      Nov      Dec         AVGE  
 -----------------------------------------------------------------------------
  2007          -0.       0.      -0.       1.      -0.      -0.
                 0.      -0.       1.      -0.      -0.       1.            0.
 
  2008          -0.      -1.       1.      -0.      -0.       1.
                -0.       0.      -0.      -0.       1.      -0.           -0.
 
  2009          -0.       0.       0.      -0.       0.      -0.
                -0.       1.      -0.      -0.       1.      -0.            0.
 
  2010           0.       0.      -0.      -0.       1.      -0.
                -0.       0.      -0.       0.      -0.      -0.           -0.
 
  2011           1.       0.      -0.      -0.       0.      -0.
                 0.      -0.      -0.       1.      -0.      -0.           -0.
 
  2012           0.      -1.      -0.       1.      -0.      -0.
                 0.      -0.       1.      -0.      -0.       1.            0.
 
  2013          -0.       0.       0.      -0.      -0.       1.
                -0.      -0.       1.      -0.      -0.       0.           -0.
 
  2014          -0.       0.       1.      -0.      -0.       1.
                -0.       0.      -0.      -0.       1.      -0.           -0.
 
  2015          -0.       0.       0.      -0.       0.      -0.
                -0.       1.      -0.      -0.       1.      -0.            0.
 
  2016           0.      -0.      -0.      -0.       0.      -0.
                 0.      -0.      -0.       1.      -0.      -0.           -0.
 
  AVGE          -0.      -0.       0.      -0.       0.       0.
                -0.       0.       0.      -0.       0.      -0.

  Table Total-          -1.   Mean-        -0.   Std. Dev.-         0.
                              Min -        -1.        Max -         1.

 D 18.A  Combined calendar adjustment component forecasts
  From  2017.Jan to 2017.Dec
  Observations         12
 -----------------------------------------------------------------------------
               Jan      Feb      Mar      Apr      May      Jun 
               Jul      Aug      Sep      Oct      Nov      Dec         AVGE  
 -----------------------------------------------------------------------------
  2017           0.       0.      -0.       1.      -0.      -0.
                 1.      -0.      -0.       0.      -0.       0.            0.
 
        ces_hours 25260            PAGE  16, SERIES ces_hours_additi

 E 4  Differences of annual totals
  From          2007 to 2016
  Observations         10
 -----------------------------------
  Year       Unmodified     Modified
                  (D11)         (E2)
 -----------------------------------
  2007               0.           0.
 
  2008              -1.          -1.
 
  2009               0.           0.
 
  2010               0.           0.
 
  2011               0.           0.
 
  2012               0.           0.
 
  2013              -0.          -0.
 
  2014              -0.          -0.
 
  2015              -0.          -0.
 
  2016              -1.          -1.
 
        ces_hours 25260            PAGE  17, SERIES ces_hours_additi

 E 5  Month-to-month differences in the original series
  From  2007.Feb to 2016.Dec
  Observations        119
 -----------------------------------------------------------------------------
               Jan      Feb      Mar      Apr      May      Jun 
               Jul      Aug      Sep      Oct      Nov      Dec         AVGE  
 -----------------------------------------------------------------------------
  2007                   -2.       1.       2.      -1.      -2.
                 0.      -0.       1.      -1.       4.      -1.            0.
 
  2008           1.      -2.       1.      -2.       1.       1.
                -1.       1.       0.      -0.       2.      -1.            0.
 
  2009          -0.       0.       2.      -2.       0.      -0.
                 0.       2.       1.       1.       1.       1.            0.
 
  2010          -2.      -1.      -0.       0.       1.       0.
                 0.       0.      -0.      -0.       0.      -0.           -0.
 
  2011           1.      -0.      -0.       1.       1.       0.
                 0.      -0.       1.       1.      -2.      -0.            0.
 
  2012           1.      -2.      -0.       1.       0.       0.
                -1.       2.       1.      -1.      -1.       1.            0.
 
  2013          -4.      -1.       1.      -1.       0.       2.
                -1.       1.      -0.      -1.       0.       1.           -0.
 
  2014          -3.       0.       1.       0.       2.       2.
                -3.       0.      -3.      -0.       3.      -2.           -0.
 
  2015          -0.       3.      -0.      -2.      -1.       0.
                 0.       1.      -3.      -1.       2.      -2.           -0.
 
  2016           1.      -0.       0.      -0.      -0.      -0.
                 1.       0.       1.       1.      -1.       0.            0.
 
  AVGE          -1.      -1.       0.      -0.       0.       0.
                -0.       1.      -0.      -0.       1.      -0.

  Table Total-           2.   Mean-         0.   Std. Dev.-         1.
                              Min -        -4.        Max -         4.
        ces_hours 25260            PAGE  18, SERIES ces_hours_additi

 E 6  Month-to-month differences in seasonally adjusted series (D11)
  From  2007.Feb to 2016.Dec
  Observations        119
 -----------------------------------------------------------------------------
               Jan      Feb      Mar      Apr      May      Jun 
               Jul      Aug      Sep      Oct      Nov      Dec         AVGE  
 -----------------------------------------------------------------------------
  2007                   -2.       1.       1.       0.      -2.
                -0.       0.      -1.      -0.       3.      -2.           -0.
 
  2008           2.      -1.       0.      -1.       0.      -0.
                 0.       0.      -0.      -0.       0.       0.            0.
 
  2009          -0.       0.       2.      -1.      -0.       0.
                 0.       0.       1.       1.      -0.       2.            0.
 
  2010          -2.      -0.       0.       0.       0.       1.
                 0.      -1.      -0.      -0.       1.      -0.           -0.
 
  2011           1.       1.       0.       1.      -1.       0.
                -0.       0.       1.       0.      -1.      -0.            0.
 
  2012           2.      -0.      -1.      -0.       1.      -0.
                -2.       3.       0.      -0.      -1.       0.            0.
 
  2013          -2.      -1.       0.      -1.       0.       1.
                 0.       0.      -0.       0.      -0.       0.           -0.
 
  2014          -1.       0.       0.       1.       2.       0.
                -2.      -1.      -1.      -0.       1.      -0.           -0.
 
  2015           0.       3.      -1.      -1.      -1.       0.
                 0.      -0.      -1.      -1.       1.      -1.           -0.
 
  2016           1.       0.      -0.      -0.      -1.      -0.
                 0.       1.       1.       1.      -1.       1.            0.
 
  AVGE           0.      -0.       0.      -0.       0.      -0.
                -0.       0.       0.      -0.       0.      -0.

  Table Total-           3.   Mean-         0.   Std. Dev.-         1.
                              Min -        -2.        Max -         3.
        ces_hours 25260            PAGE  19, SERIES ces_hours_additi

 E 7  Month-to-month differences in final trend cycle (D12)
  From  2007.Feb to 2016.Dec
  Observations        119
 -----------------------------------------------------------------------------
               Jan      Feb      Mar      Apr      May      Jun 
               Jul      Aug      Sep      Oct      Nov      Dec         AVGE  
 -----------------------------------------------------------------------------
  2007                   -0.      -0.      -0.      -0.      -0.
                -0.      -0.      -0.       0.       0.       0.           -0.
 
  2008           0.       0.       0.       0.       0.       0.
                 0.       0.       0.       0.       0.       0.            0.
 
  2009           0.       0.       0.      -0.       0.       0.
                 0.       1.       1.       1.       0.       0.            0.
 
  2010           0.       0.       0.       0.       0.       0.
                -0.      -0.      -0.      -0.       0.       0.            0.
 
  2011           0.       1.       0.       0.       0.       0.
                 0.       0.       0.       0.       0.       0.            0.
 
  2012           0.      -0.      -0.       0.       0.       0.
                 0.       0.       0.      -0.      -0.      -1.           -0.
 
  2013          -1.      -1.      -1.      -0.      -0.       0.
                 0.       0.       0.      -0.      -0.      -0.           -0.
 
  2014          -0.       0.       0.       0.       0.      -0.
                -0.      -1.      -0.      -0.       0.       0.           -0.
 
  2015           0.       0.      -0.      -0.      -0.      -0.
                -0.      -0.      -0.      -0.      -0.      -0.           -0.
 
  2016           0.      -0.      -0.      -0.      -0.       0.
                 0.       0.       1.       1.       0.       0.            0.
 
  AVGE           0.       0.       0.       0.       0.      -0.
                 0.       0.       0.       0.       0.       0.

  Table Total-           3.   Mean-         0.   Std. Dev.-         0.
                              Min -        -1.        Max -         1.
        ces_hours 25260            PAGE  20, SERIES ces_hours_additi

 E 8  Month-to-month differences in original series adjusted for calendar factors (A18)
  From  2007.Feb to 2016.Dec
  Observations        119
 -----------------------------------------------------------------------------
               Jan      Feb      Mar      Apr      May      Jun 
               Jul      Aug      Sep      Oct      Nov      Dec         AVGE  
 -----------------------------------------------------------------------------
  2007                   -3.       1.       1.       0.      -2.
                -1.       0.       0.      -0.       3.      -2.           -0.
 
  2008           2.      -2.       0.      -1.       1.      -0.
                 0.       0.       1.      -0.       1.       0.            0.
 
  2009          -1.      -0.       1.      -2.       0.       0.
                 0.       1.       2.       1.       0.       2.            0.
 
  2010          -2.      -1.       0.       0.       0.       1.
                -0.      -1.       0.      -0.       1.      -0.           -0.
 
  2011          -0.       0.      -0.       1.      -0.       1.
                -0.       0.       1.       0.      -1.      -0.            0.
 
  2012           1.      -1.      -1.       0.       1.       0.
                -2.       3.       0.      -0.      -1.       0.            0.
 
  2013          -3.      -1.       0.      -1.       0.       1.
                 0.       0.      -1.       0.       0.      -0.           -0.
 
  2014          -2.      -0.       0.       1.       2.       1.
                -2.      -0.      -2.      -0.       2.      -1.           -0.
 
  2015          -0.       2.      -1.      -1.      -1.       1.
                 0.       0.      -2.      -1.       2.      -2.           -0.
 
  2016           0.       0.       0.      -0.      -1.       0.
                 1.       1.       0.       1.      -0.       0.            0.
 
  AVGE          -1.      -0.       0.      -0.       0.       0.
                -0.       1.      -0.      -0.       1.      -0.

  Table Total-           2.   Mean-         0.   Std. Dev.-         1.
                              Min -        -3.        Max -         3.
        ces_hours 25260            PAGE  21, SERIES ces_hours_additi

 E 18  Final adjustment ratios
  From  2007.Jan to 2016.Dec
  Observations        120
 -----------------------------------------------------------------------------
               Jan      Feb      Mar      Apr      May      Jun 
               Jul      Aug      Sep      Oct      Nov      Dec         AVGE  
 -----------------------------------------------------------------------------
  2007      100.801  100.008   97.452  100.261   97.463   97.006
             99.520   98.116  103.438   99.847  102.295  104.621       100.069
 
  2008      100.689   97.334  100.070   96.828   97.351  100.775
             97.407  100.368  100.881  100.269  104.467  101.362        99.817
 
  2009      100.247   99.554   99.509   97.571   99.333   98.332
             97.912  101.469  100.781  100.646  104.142  101.303       100.066
 
  2010      101.374   99.064   96.791   97.230  100.026   98.684
             98.612  101.748  101.836  102.975  101.151  101.271       100.063
 
  2011      101.183   98.397   96.730   96.695   99.901  100.170
            101.137  100.200  101.238  103.188  100.485  100.964       100.024
 
  2012      100.153   96.182   96.818   99.671   98.043   99.813
            102.204  101.074  102.500  100.230  100.900  102.705       100.024
 
  2013       97.696   97.775   98.887   97.383   97.922  102.431
            100.341  101.719  102.531   99.679  100.274  102.150        99.899
 
  2014       97.466   98.103  100.370   97.706   98.019  102.391
            100.555  103.610   99.375   99.092  102.865   99.340        99.908
 
  2015       97.530   98.694  100.833   99.170   99.674   99.586
            100.439  104.108   98.583   98.567  103.314   99.059        99.963
 
  2016       99.558   97.437   99.266   98.796  100.058   99.688
            102.110  101.037   99.133  101.002  100.010   98.757        99.738
 
  AVGE       99.670   98.255   98.673   98.131   98.779   99.888
            100.024  101.345  101.030  100.549  101.990  101.153

  Table Total-       11995.   Mean-       100.   Std. Dev.-         2.
                              Min -        96.        Max -       105.

 E 18.A  Final adjustment ratio forecasts
  From  2017.Jan to 2017.Dec
  Observations         12
 -----------------------------------------------------------------------------
               Jan      Feb      Mar      Apr      May      Jun 
               Jul      Aug      Sep      Oct      Nov      Dec         AVGE  
 -----------------------------------------------------------------------------
  2017      100.257   99.610   99.641  101.842   97.643   99.134
            102.394  101.023   98.684  100.756  100.794  100.446       100.185
 
        ces_hours 25260            PAGE  22, SERIES ces_hours_additi

 F 4.  Additive Day of the Week Trading Day Component Factors


      Day of Week Component for regARIMA Trading Day Factors:

                                       months starting on:
                     Mon      Tue      Wed      Thu      Fri      Sat      Sun
 31-day months        -0.      -0.      -0.      -0.       0.       1.       0.
 30-day months        -0.      -0.      -0.      -0.      -0.       1.       1.
 Leap year Feb.       -0. ********      -0. ********      -0. ******** ********

  QS statistic for seasonality:
  Original Series                                     6.94  (P-Value =     0.0311)
  Original Series (EV adj)                            5.67  (P-Value =     0.0586)
  Residuals                                           0.00  (P-Value =     1.0000)
  Seasonally Adjusted Series                          0.00  (P-Value =     0.9998)
  Seasonally Adjusted Series (EV adj)                 0.00  (P-Value =     1.0000)
  Irregular Series                                    0.00  (P-Value =     1.0000)
  Irregular Series (EV adj)                           0.00  (P-Value =     1.0000)

  QS statistic for seasonality (starting 2009.Jan):
  Original Series                                     4.77  (P-Value =     0.0919)
  Original Series (EV adj)                            3.71  (P-Value =     0.1561)
  Residuals                                           0.00  (P-Value =     1.0000)
  Seasonally Adjusted Series                          0.00  (P-Value =     1.0000)
  Seasonally Adjusted Series (EV adj)                 0.00  (P-Value =     1.0000)
  Irregular Series                                    0.00  (P-Value =     1.0000)
  Irregular Series (EV adj)                           0.00  (P-Value =     1.0000)


 WARNING: Series should not be a candidate for seasonal adjustment
          because the spectrum of the prior adjusted series (Table B1)
          has no visually significant seasonal peaks.

          If this is a component series of an indirectly adjusted
          composite series, consider using type = trend or type = summary
          in the x11 spec.
        ces_hours 25260            PAGE  23, SERIES ces_hours_additi
 G 0  10*LOG(SPECTRUM) of the differenced Prior Adjusted Series
      (Table B1).  Spectrum estimated from 2009.Jan to 2016.Dec.
 ++++++++++I+++++++++++++++++++++++++++++++++++++++++++++++++++++++++++++I
       6.53I                                         *                   I      6.53
           I                                         *           *       I
           I                                         *           *       I
           I                                         *           *       I
       5.43I                                         *           *       I      5.43
           I            *                            *           *       I
           I            *                            *           *       I
           I            *                            *           *      SI
       4.34I            *                           S*           *      SI      4.34
           I            *                           S*           *      SI
           I            *     *                     S*           *      SI
           I            *     *             *       S*           *      SI
       3.24I            *     *             *       S*T          *      SI      3.24
           I            *     *             *       S*T          *      SI
           I           ***    *             *       S*T          *      SI
           I           ***    *             *       S*T          *      SI
       2.14I           ***    *         *  **       S*T          *      SI      2.14
           I           ***    *         *  **       S*T          *      SI
           I           ***    *         *  **   *   S*T          *      SI
           I           ***    *         *  **   *   S*T         T*      SI
       1.04I           ***    *         ** **   *   S*T         T*      SI      1.04
           I           ***   **         ** **   *   S*T*        T*      SI
           I           ***   **         ** **   *   S*T*        T*      SI
           I           ***   ***        ** **   *   S*T*        T*     *SI
      -0.06I          S****  ***        **S***  *   S*T*        T*     *SI     -0.06
           I          S****  ***        **S*** **  *S*T*     *  T*     *SI
           I          S****  ***    *  ***S*** *** *S*T*     *  T*     *SI
           I          S**** ****    *  ***S*** *** *S*T*     *  T*     *SI
      -1.15I         *S*********    ** ***S*** *** *S*T*     *  T*     *SI     -1.15
           I         *S*********    ** ***S*** *** *S*T*     *S T**    *SI
           I         *S*********    ** ***S*********S*T*     *S*T**    *SI
           I         *S*********    ** ***S*********S*T*     *S*T**    *SI
      -2.25I        **S*********    ******S*********S*T*     *S*T**    *SI     -2.25
           I        **S*********    ******S*********S*T*     *S*T**    *SI
           I        **S*********    ******S*********S*T*     *S*T**    *SI
           I        **S*********    ******S*********S*T*     *S*T**    *SI
      -3.35I       ***S*********    ******S*********S*T*     *S*T**    *SI     -3.35
           I       ***S*********    ******S*********S*T*    **S*T**   **SI
           I       ***S*********   *******S*********S*T**   **S*T**   **SI
           I      ****S*********   *******S*********S*T**   **S*T**   **SI
      -4.45I     *****S*********S  *******S*********S*T**   **S*T**   **SI     -4.45
           I    ******S*********S  *******S*********S*T**   **S*T**   **SI
           I*   ******S*********S  *******S*********S*T**   **S*T***  **SI
           I**  ******S*********S  *******S*********S*T**   **S*T***  **SI
      -5.55I** *******S*********S  *******S*********S*T**   **S*T*** ***SI     -5.55
           I**********S*********S  *******S*********S*T**   **S*T*** ***SI
           I**********S*********S  *******S*********S*T**   **S*T*******SI
           I**********S*********S ********S*********S*T**   **S*T*******SI
      -6.64I**********S*********S*********S*********S*T**   **S*T*******SI     -6.64
           I**********S*********S*********S*********S*T*** ***S*T*******SI
           I**********S*********S*********S*********S*T*** ***S*T*******SI
           I**********S*********S*********S*********S*T*** ***S*T*******SI
      -7.74I**********S*********S*********S*********S*T*******S*T*******SI     -7.74
 ++++++++++I+++++++++++++++++++++++++++++++++++++++++++++++++++++++++++++I
            S=SEASONAL FREQUENCIES, T=TRADING DAY FREQUENCIES
        ces_hours 25260            PAGE  24, SERIES ces_hours_additi
 G 1  10*LOG(SPECTRUM) of the differenced seasonally adjusted 
      data (Table E2).  Spectrum estimated from 2009.Jan to 2016.Dec.
 ++++++++++I+++++++++++++++++++++++++++++++++++++++++++++++++++++++++++++I
       2.65I                                                     *       I      2.65
           I                                *                    *       I
           I                                *                    *       I
           I                                *                    *       I
       1.54I                                *                    *       I      1.54
           I             *                  *                    *       I
           I             *                  *                    *   *   I
           I             *                  *                    *   *   I
       0.42I             *                  *                    *   *   I      0.42
           I             *                  *                    *   *   I
           I             *                  *                    *   *   I
           I             *                  *                    *   *   I
      -0.69I             *                  *                    *   *   I     -0.69
           I             *   *              *                    *   *   I
           I             *   *              *                    *   *   I
           I        *    *   *          *   *                    *   *   I
      -1.80I        *   **   *          *  **           *   *    *   *   I     -1.80
           I       **   **   *          *  **   *       *  **    *   *   I
           I       **   **   *         **  **   *       ** **    *   *   I
           I       **   **   *         **  ***  *       ** **    *   *   I
      -2.92I       **   **   *         **  ***  *       ** **    *   *   I     -2.92
           I       **   **   *         **  ***  *       *****    *   *   I
           I       **   **   **        **  ***  *      ******   T*   *   I
           I*      **   **   **        **  *** **      ******   T*   *   I
      -4.03I*      **   **   **        *** *** **      ******   T*   *   I     -4.03
           I*      **   **   **        *** *** **      ******   T*   *   I
           I*      **   **   **        ***S*** **      ******   T*   *   I
           I**     **   **   **       ****S*** **      ******   T*   *   I
      -5.15I** **  **   **   **       ****S******     T******   T*   *   I     -5.15
           I** **  **   **   **       ****S******     T*******  T** **   I
           I*****  **   **  ***       ****S******     T*******  T** ***  I
           I***** ***   **  ***     ******S******     T*******  T** ***  I
      -6.26I*********   *** ***    *******S******     T*******  T** ***  I     -6.26
           I*********   *** ***    *******S*******    T*******  T** ***  I
           I*********   *** ***    *******S*******    T*******  T** ***  I
           I*********   *** ***    *******S*******    T*******  T** ***  I
      -7.37I**********  *** ****   *******S*******   *T******* *T******  I     -7.37
           I**********  *** ****  ********S*******   *T*******S*T******  I
           I**********  ********  ********S*******   *T*******S*T******  I
           I********** *********  ********S*******   *T*******S*T******  I
      -8.49I********** ********* *********S*******   *T*******S*T******  I     -8.49
           I********** *********S*********S*******   *T*******S*T******  I
           I********** *********S*********S*******   *T*******S*T******  I
           I**********S*********S*********S*******  S*T*******S*T******  I
      -9.60I**********S*********S*********S******** S*T*******S*T******  I     -9.60
           I**********S*********S*********S******** S*T*******S*T******  I
           I**********S*********S*********S******** S*T*******S*T******  I
           I**********S*********S*********S*********S*T*******S*T******  I
     -10.72I**********S*********S*********S*********S*T*******S*T******* I    -10.72
           I**********S*********S*********S*********S*T*******S*T******* I
           I**********S*********S*********S*********S*T*******S*T******* I
           I**********S*********S*********S*********S*T*******S*T******* I
     -11.83I**********S*********S*********S*********S*T*******S*T*******SI    -11.83
 ++++++++++I+++++++++++++++++++++++++++++++++++++++++++++++++++++++++++++I
            S=SEASONAL FREQUENCIES, T=TRADING DAY FREQUENCIES
        ces_hours 25260            PAGE  25, SERIES ces_hours_additi
 G 2  10*LOG(SPECTRUM) of the Modified Irregular (Table E3).  
      Spectrum estimated from 2009.Jan to 2016.Dec.
 ++++++++++I+++++++++++++++++++++++++++++++++++++++++++++++++++++++++++++I
      -1.10I                                *                            I     -1.10
           I                                *                            I
           I                                *                            I
           I                                *                            I
      -2.92I             *                  *                            I     -2.92
           I             *                  *                            I
           I             *   *              *                    *       I
           I             *   *         **   *                    *       I
      -4.75I             *   **        **  **                    *       I     -4.75
           I             *   **        **  **                    *   *   I
           I             *   **        **  **                    *   *   I
           I             *   **        **  **                    *   *   I
      -6.58I             *   **       ***  ***  *                *   *   I     -6.58
           I             *   **       **** ***  *                *   *   I
           I             *   **    *******S***  *       *  *     *   *   I
           I             *   **   ********S*** **       ** **    *   *   I
      -8.41I             *   **   ********S*** **      ******    *   *   I     -8.41
           I        *    *   ***  ********S******      ******    *   *   I
           I        *   **   *** *********S******      ******   T*   *   I
           I        *   **   *** *********S******      ******   T*   *   I
     -10.24I        *   *** ****S*********S******     T******   T*   *   I    -10.24
           I        *   *** ****S*********S*******    T******   T*   *   I
           I        *   *** ****S*********S*******    T*******  T**  *   I
           I        *   *** ****S*********S*******    T*******  T** **   I
     -12.07I        *   ********S*********S*******    T*******  T** ***  I    -12.07
           I        *   ********S*********S*******   *T*******  T** ***  I
           I       ***  ********S*********S*******   *T******* *T** ***  I
           I       ***  ********S*********S*******   *T*******S*T******  I
     -13.89I       ***  ********S*********S********  *T*******S*T******  I    -13.89
           I       *** *********S*********S******** S*T*******S*T******  I
           I       *** *********S*********S******** S*T*******S*T******  I
           I       ***S*********S*********S*********S*T*******S*T******  I
     -15.72I       ***S*********S*********S*********S*T*******S*T******  I    -15.72
           I       ***S*********S*********S*********S*T*******S*T******  I
           I      ****S*********S*********S*********S*T*******S*T******* I
           I      ****S*********S*********S*********S*T*******S*T******* I
     -17.55I     *****S*********S*********S*********S*T*******S*T******* I    -17.55
           I    ******S*********S*********S*********S*T*******S*T******* I
           I    ******S*********S*********S*********S*T*******S*T*******SI
           I    ******S*********S*********S*********S*T*******S*T*******SI
     -19.38I    ******S*********S*********S*********S*T*******S*T*******SI    -19.38
           I   *******S*********S*********S*********S*T*******S*T*******SI
           I   *******S*********S*********S*********S*T*******S*T*******SI
           I   *******S*********S*********S*********S*T*******S*T*******SI
     -21.21I   *******S*********S*********S*********S*T*******S*T*******SI    -21.21
           I   *******S*********S*********S*********S*T*******S*T*******SI
           I   *******S*********S*********S*********S*T*******S*T*******SI
           I  ********S*********S*********S*********S*T*******S*T*******SI
     -23.04I  ********S*********S*********S*********S*T*******S*T*******SI    -23.04
           I  ********S*********S*********S*********S*T*******S*T*******SI
           I  ********S*********S*********S*********S*T*******S*T*******SI
           I *********S*********S*********S*********S*T*******S*T*******SI
     -24.86I**********S*********S*********S*********S*T*******S*T*******SI    -24.86
 ++++++++++I+++++++++++++++++++++++++++++++++++++++++++++++++++++++++++++I
            S=SEASONAL FREQUENCIES, T=TRADING DAY FREQUENCIES
        ces_hours 25260            PAGE  26, SERIES ces_hours_additi

  Peak probabilities for Tukey spectrum estimator
  Spectrum estimated from 2009.Jan to 2016.Dec.

                                          S1       S2       S3       S4       S5       S6       TD
                                        ------   ------   ------   ------   ------   ------   ------
  Model Residuals                        0.949*   0.949*   0.290    0.248    0.157    0.777    0.554  
  Prior Adjusted Series (Table B1)       0.830    0.469    0.285    0.360    0.200    0.976*   0.311  
  Seasonally adjusted series (E2)        0.044    0.151    0.135    0.092    0.023    0.106    0.507  
  Modified Irregular (E3)                0.024    0.193    0.128    0.096    0.024    0.110    0.531  
  ----------
     ** - Peak Probability > 0.99,
      * - 0.90 < Peak Probability < 0.99


