  Reading input spec file from D:\Programming\Dynamic Paper-dlrhcs_replication\outputs\empirical\unemployment\raw_sa_pilot\x13_work\ces_hours_log_additive_38860_200701_201612.spc

1

               U. S. Department of Commerce, U. S. Census Bureau

              X-13ARIMA-SEATS monthly seasonal adjustment Method,
                          Release Version 1.1 Build 62


           This software application provides an enhanced version of
             Statistics Canada's X-11-ARIMA extension (Dagum, 1980)
                 of the X-11 variant of the Census Method II of
                      Shiskin, Young and Musgrave (1967).

            It also provides an ARIMA model-based method following
       Hillmer and Tiao (1982) and Burman (1980) that is very similar
       to the update of the method of SEATS (Gomez and Maravall, 1996)
                produced at the Bank of Spain by G. Caporello and
               A. Maravall for TSW (Caporello and Maravall, 2004).
          The present application includes additional enhancements.

         X-13ARIMA-SEATS includes an automatic ARIMA model selection procedure
          based largely on the procedure of Gomez and Maravall (1998)
            as implemented in TRAMO (1996) and subsequent revisions.

              Primary Programmers: Brian Monsell, Mark Otto and,
                 for the ARIMA model-based signal extraction,
                      Gianluca Caporello and Victor Gomez


     Series Title- ces_hours 38860
     Series Name- ces_hours_log_ad
     Jul 29, 2026  08.43.10 

        -Period covered-  1st month,2007 to 12th month,2016
        -Type of run - additive seasonal adjustment

        -Sigma limits for graduating extreme values are  1.5 and  2.5 .
        -3x3 moving average used in section 1 of each iteration, 
         3x5 moving average in section 2 of iterations B and C,
         moving average for final seasonal factors chosen by Global MSR.
        -Holiday adjustment factors applied directly to the final seasonally adjusted series
        -Spectral plots generated for selected series
        -Spectral plots generated for series starting in 2009.Jan

 FILE SAVE REQUESTS (* indicates file exists and will be overwritten)
  D:\Programming\Dynamic Paper-dlrhcs_replication\outputs\empirical\unemployment\raw_sa_pilot\x13_work\ces_hours_log_additive_38860_200701_201612.d10  final seasonal factors
  D:\Programming\Dynamic Paper-dlrhcs_replication\outputs\empirical\unemployment\raw_sa_pilot\x13_work\ces_hours_log_additive_38860_200701_201612.d11  final seasonally adjusted data
  D:\Programming\Dynamic Paper-dlrhcs_replication\outputs\empirical\unemployment\raw_sa_pilot\x13_work\ces_hours_log_additive_38860_200701_201612.out  program output file
  D:\Programming\Dynamic Paper-dlrhcs_replication\outputs\empirical\unemployment\raw_sa_pilot\x13_work\ces_hours_log_additive_38860_200701_201612.err  program error file
        ces_hours 38860            PAGE   1, SERIES ces_hours_log_ad

     Contents of spc file D:\Programming\Dynamic Paper-dlrhcs_replication\outputs\empirical\unemployment\raw_sa_pilot\x13_work\ces_hours_log_additive_38860_200701_201612.spc

 Line #
 ------
      1: series {
      2:   title = "ces_hours 38860"
      3:   start = 2007.1
      4:   period = 12
      5:   data = (
      6: 34.4
      7: 34.5
      8: 34.4
      9: 34.4
     10: 35
     11: 34.9
     12: 35.2
     13: 35.2
     14: 34.7
     15: 34.8
     16: 35.1
     17: 35.5
     18: 35.3
     19: 35.1
     20: 35.4
     21: 35.3
     22: 35.4
     23: 35.4
     24: 35.2
     25: 35.4
     26: 34.6
     27: 33.7
     28: 32.8
     29: 33.5
     30: 32.4
     31: 33
     32: 32.4
     33: 32.6
     34: 32.7
     35: 32.5
     36: 33.3
     37: 33.1
     38: 32.1
     39: 32.3
     40: 31.6
     41: 32.8
     42: 32.1
     43: 32.4
     44: 32.1
     45: 32.5
     46: 33.3
     47: 33.2
     48: 33.7
     49: 34.1
     50: 33.6
     51: 34
     52: 33
     53: 34.4
     54: 33
     55: 32.9
     56: 32.7
     57: 32.9
     58: 33.3
     59: 33.6
     60: 34.2
     61: 34.3
     62: 34
     63: 34
     64: 33.3
     65: 34.9
     66: 34.3
     67: 34.3
     68: 34.4
     69: 34.9
     70: 34.5
     71: 34.4
     72: 35
     73: 34.8
     74: 35.1
     75: 34.7
     76: 34.5
     77: 35.2
     78: 34.2
     79: 34.3
     80: 34.4
     81: 34.6
     82: 34.6
     83: 34.7
     84: 35
     85: 35.1
     86: 34.4
     87: 34.1
     88: 34
     89: 34.4
     90: 33.5
     91: 34.3
     92: 33.9
     93: 33.8
     94: 33.7
     95: 33.5
     96: 34
     97: 34.1
     98: 34.1
     99: 33.6
    100: 34.2
    101: 34.1
    102: 34.1
    103: 34.4
    104: 34.4
    105: 34.2
    106: 34.3
    107: 34.2
    108: 34.5
    109: 34.6
    110: 34.2
    111: 34
    112: 34.1
    113: 34.1
    114: 33.9
    115: 33.6
    116: 33.9
    117: 34
    118: 34
    119: 33.8
    120: 34.1
    121: 34.1
    122: 33.7
    123: 34.3
    124: 33.9
    125: 33.9
    126:   )
    127: }
    128: transform { function = log }
    129: regression { aictest = (td easter) }
    130: automdl {}
    131: x11 { mode = add save = (d10 d11) }
        ces_hours 38860            PAGE   2, SERIES ces_hours_log_ad

 A 1  Time series data (for the span analyzed)
  From  2007.Jan to 2016.Dec
  Observations        120
 -----------------------------------------------------------------------------
               Jan      Feb      Mar      Apr      May      Jun 
               Jul      Aug      Sep      Oct      Nov      Dec        TOTAL  
 -----------------------------------------------------------------------------
  2007          34.      35.      34.      34.      35.      35.
                35.      35.      35.      35.      35.      36.          418.
 
  2008          35.      35.      35.      35.      35.      35.
                35.      35.      35.      34.      33.      34.          417.
 
  2009          32.      33.      32.      33.      33.      33.
                33.      33.      32.      32.      32.      33.          391.
 
  2010          32.      32.      32.      33.      33.      33.
                34.      34.      34.      34.      33.      34.          398.
 
  2011          33.      33.      33.      33.      33.      34.
                34.      34.      34.      34.      33.      35.          403.
 
  2012          34.      34.      34.      35.      35.      34.
                35.      35.      35.      35.      35.      35.          416.
 
  2013          34.      34.      34.      35.      35.      35.
                35.      35.      34.      34.      34.      34.          414.
 
  2014          34.      34.      34.      34.      34.      34.
                34.      34.      34.      34.      34.      34.          407.
 
  2015          34.      34.      34.      34.      34.      34.
                35.      35.      34.      34.      34.      34.          411.
 
  2016          34.      34.      34.      34.      34.      34.
                34.      34.      34.      34.      34.      34.          407.
 
  AVGE          34.      34.      34.      34.      34.      34.
                34.      34.      34.      34.      34.      34.

  Table Total-        4082.   Mean-        34.   Std. Dev.-         1.
                              Min -        32.        Max -        36.
        ces_hours 38860            PAGE   3, SERIES ces_hours_log_ad
                        Automatic ARIMA Model Selection

                    Procedure based closely on TRAMO method 
                         of Gomez and Maravall (2000)
              "Automatic Modeling Methods for Univariate Series",
                            A Course in Time Series
                  (Edited by D. Pena, G. C. Tiao, R. S. Tsay),
                         New York : J. Wiley and Sons


     Maximum order for regular ARMA parameters :   2
     Maximum order for seasonal ARMA parameters :   1
     Maximum order for regular differencing :   2
     Maximum order for seasonal differencing :   1

   Results of Unit Root Test for identifying orders of differencing:
     Regular difference order :   1
     Seasonal difference order :   0

     Mean is not significant.

  Automatic model choice : (1 1 0)(1 0 1)


  Final Checks for Identified Model


  Checking for Unit Roots.
   No unit roots found.
   Nonseasonal MA not within  0.001 of 1.0 - model passes test.

  Checking for insignificant ARMA coefficients.

  Final automatic model choice : (1 1 0)(1 0 1)
   End of automatic model selection procedure.

 Average absolute percentage error in within-sample forecasts:
  Last year:   0.54      Last-1 year:   1.02     Last-2 year:   0.99
  Last three years:    0.85

 Estimation converged in   23 ARMA iterations,   93 function evaluations.

 ARIMA Model:  (1 1 0)(1 0 1)
   Nonseasonal differences: 1
                                              Standard
 Parameter                    Estimate          Errors
 -----------------------------------------------------
 Nonseasonal AR                                    
   Lag  1                      -0.3489         0.08458

 Seasonal AR                                       
   Lag 12                       0.8038         0.06858

 Seasonal MA                                       
   Lag 12                       0.4482         0.09357

 Variance                       0.11915E-03
 SE of Var                      0.15447E-04
 -----------------------------------------------------

 Likelihood Statistics
 ------------------------------------------------------------------
 Number of observations (nobs)                                  120
 Effective number of observations (nefobs)                      119
 Number of parameters estimated (np)                              4
 Log likelihood                                            366.4507
 Transformation Adjustment                                -419.6603
 Adjusted Log likelihood (L)                               -53.2096
 AIC                                                       114.4191 
 AICC (F-corrected-AIC)                                    114.7700 
 Hannan Quinn                                              118.9332 
 BIC                                                       125.5356 
 ------------------------------------------------------------------

 QS Statistic for regARIMA Model Residuals (full series):             0.00
                                                       (P-Value =     1.0000)

 QS Statistic for regARIMA Model Residuals (starting 2009.Jan):       0.15
                                                       (P-Value =     0.9272)


  At least one visually significant residual trading day peaks has been
  found in the spectral plot of the following series starting in 2009.Jan:

          regARIMA model residuals (1 Trading Day peak(s))




      10*LOG(SPECTRUM) of the regARIMA model residuals
      Spectrum estimated from 2009.Jan to 2016.Dec.
 ++++++++++I+++++++++++++++++++++++++++++++++++++++++++++++++++++++++++++I
     -31.41I                                          T                  I    -31.41
           I                                          T                  I
           I                                          T                  I
           I                                          T                  I
     -32.53I                                          T                  I    -32.53
           I                                          T                  I
           I                                          T                  I
           I                                          T                  I
     -33.64I               *                          T                  I    -33.64
           I               *                          T                  I
           I               *                          T                  I
           I               *                          T                  I
     -34.75I               *                          T                  I    -34.75
           I               *                          T                  I
           I               *                          T                  I
           I               *                          T                  I
     -35.86I               *                          T        *         I    -35.86
           I               *                          T        *         I
           I      *        *                          T        *         I
           I      *        *                          T       S*         I
     -36.97I      *        *                     *    T       S*         I    -36.97
           I      *        *               *     *    T       S*         I
           I      *        *               *     *    T       S*         I
           I      *        *               *     *    T       S*         I
     -38.08I      *        *               *     *    T    *  S*         I    -38.08
           I      *        *               *     *    T    *  S*        SI
           I      *        *               *     *    T    ** S*        SI
           I      *        *               **    *    T    ***S*T      *SI
     -39.19I  *   *        **              **    **   T    ***S*T      *SI    -39.19
           I  *  ***       **              **    **   T    ***S*T      *SI
           I  *  ***       **              **    **   T    ***S*T      *SI
           I  *  ***       **              **    **  *T    ***S*T     **SI
     -40.30I  ** ***       **              **    **  *T*   ***S*T     **SI    -40.30
           I  ** ***       **      *       **    **  *T*   ***S*T     **SI
           I  ** ***      ***      **      **    **  *T*   ***S*T     **SI
           I *******      ***     ****    S**    **  *T*   ***S*T*   ***SI
     -41.41I *******      ***     ****    S**    **  *T*   ***S*T*******SI    -41.41
           I *******      ***     ****    S**    **  *T*   ***S*T*******SI
           I ********     ***     ****    S**   ***  *T*  ****S*T*******SI
           I *********    ***     *****   S**   ***  *T*  ****S*T*******SI
     -42.52I**********    ****   ******   S**   ***  *T*  ****S*T*******SI    -42.52
           I**********S   ****   ******   S***  **** *T*  ****S*T*******SI
           I**********S   **** *S******   S***  ****S*T*  ****S*T*******SI
           I**********S   ******S******   S***  ****S*T*  ****S*T*******SI
     -43.63I**********S   ******S******   S***  ****S*T*  ****S*T*******SI    -43.63
           I**********S   ******S******* *S***  ****S*T*  ****S*T*******SI
           I**********S   ******S******* *S***  ****S*T*  ****S*T*******SI
           I**********S   ******S******* *S*********S*T*  ****S*T*******SI
     -44.75I**********S*  ******S*********S*********S*T* *****S*T*******SI    -44.75
           I**********S* *******S*********S*********S*T*******S*T*******SI
           I**********S* *******S*********S*********S*T*******S*T*******SI
           I**********S* *******S*********S*********S*T*******S*T*******SI
     -45.86I**********S*********S*********S*********S*T*******S*T*******SI    -45.86
 ++++++++++I+++++++++++++++++++++++++++++++++++++++++++++++++++++++++++++I
            S=SEASONAL FREQUENCIES, T=TRADING DAY FREQUENCIES


 FORECASTING
  Origin  2016.Dec
  Number        12

  Forecasts and Standard Errors of the Transformed Data
   ------------------------------
                         Standard
       Date   Forecast      Error
   ------------------------------
   2017.Jan       3.52      0.011
   2017.Feb       3.52      0.013
   2017.Mar       3.52      0.016
   2017.Apr       3.52      0.017
   2017.May       3.52      0.019
   2017.Jun       3.52      0.021
   2017.Jul       3.52      0.022
   2017.Aug       3.53      0.024
   2017.Sep       3.52      0.025
   2017.Oct       3.52      0.026
   2017.Nov       3.52      0.028
   2017.Dec       3.52      0.029
   ------------------------------

  Confidence intervals with coverage probability ( 0.95000
  On the Original Scale
   ---------------------------------------
       Date      Lower  Forecast     Upper
   ---------------------------------------
   2017.Jan      33.02     33.74     34.47
   2017.Feb      32.88     33.73     34.60
   2017.Mar      32.80     33.81     34.86
   2017.Apr      32.69     33.83     35.00
   2017.May      32.58     33.83     35.13
   2017.Jun      32.38     33.74     35.14
   2017.Jul      32.49     33.95     35.47
   2017.Aug      32.43     33.97     35.60
   2017.Sep      32.12     33.75     35.45
   2017.Oct      32.17     33.88     35.68
   2017.Nov      32.00     33.78     35.66
   2017.Dec      31.96     33.81     35.77
   ---------------------------------------
        ces_hours 38860            PAGE   4, SERIES ces_hours_log_ad

 B 1  Original series (prior adjusted)
  From  2007.Jan to 2016.Dec
  Observations        120
 -----------------------------------------------------------------------------
               Jan      Feb      Mar      Apr      May      Jun 
               Jul      Aug      Sep      Oct      Nov      Dec        TOTAL  
 -----------------------------------------------------------------------------
  2007          34.      35.      34.      34.      35.      35.
                35.      35.      35.      35.      35.      36.          418.
 
  2008          35.      35.      35.      35.      35.      35.
                35.      35.      35.      34.      33.      34.          417.
 
  2009          32.      33.      32.      33.      33.      33.
                33.      33.      32.      32.      32.      33.          391.
 
  2010          32.      32.      32.      33.      33.      33.
                34.      34.      34.      34.      33.      34.          398.
 
  2011          33.      33.      33.      33.      33.      34.
                34.      34.      34.      34.      33.      35.          403.
 
  2012          34.      34.      34.      35.      35.      34.
                35.      35.      35.      35.      35.      35.          416.
 
  2013          34.      34.      34.      35.      35.      35.
                35.      35.      34.      34.      34.      34.          414.
 
  2014          34.      34.      34.      34.      34.      34.
                34.      34.      34.      34.      34.      34.          407.
 
  2015          34.      34.      34.      34.      34.      34.
                35.      35.      34.      34.      34.      34.          411.
 
  2016          34.      34.      34.      34.      34.      34.
                34.      34.      34.      34.      34.      34.          407.
 
  AVGE          34.      34.      34.      34.      34.      34.
                34.      34.      34.      34.      34.      34.

  Table Total-        4082.   Mean-        34.   Std. Dev.-         1.
                              Min -        32.        Max -        36.

 B 1.A  Forecasts of (prior adjusted) original series
  From  2017.Jan to 2017.Dec
  Observations         12
 -----------------------------------------------------------------------------
               Jan      Feb      Mar      Apr      May      Jun 
               Jul      Aug      Sep      Oct      Nov      Dec        TOTAL  
 -----------------------------------------------------------------------------
  2017          34.      34.      34.      34.      34.      34.
                34.      34.      34.      34.      34.      34.          406.
 
        ces_hours 38860            PAGE   5, SERIES ces_hours_log_ad

 C 17  Final weights for irregular component
  From  2007.Jan to 2016.Dec
  Observations        120
  Lower sigma limit    1.50
  Upper sigma limit    2.50
 -----------------------------------------------------------------------------
               Jan      Feb      Mar      Apr      May      Jun 
               Jul      Aug      Sep      Oct      Nov      Dec         S.D.  
 -----------------------------------------------------------------------------
  2007         100.     100.     100.     100.     100.     100.
               100.     100.     100.     100.       0.     100.           18.
 
  2008         100.     100.     100.     100.     100.     100.
               100.     100.      12.     100.     100.     100.           18.
 
  2009          52.      76.     100.     100.     100.     100.
                 0.     100.     100.     100.     100.     100.           18.
 
  2010         100.     100.     100.     100.     100.     100.
               100.     100.     100.      43.     100.      56.           19.
 
  2011         100.     100.     100.     100.     100.     100.
               100.     100.     100.     100.      32.     100.           17.
 
  2012         100.     100.     100.      37.     100.     100.
               100.      41.      43.     100.     100.     100.           16.
 
  2013         100.     100.     100.     100.     100.     100.
               100.     100.     100.     100.     100.     100.           14.
 
  2014          63.       0.     100.     100.     100.     100.
               100.     100.     100.      71.      87.      53.           14.
 
  2015         100.      21.     100.     100.     100.     100.
               100.     100.     100.     100.     100.     100.           11.
 
  2016         100.      60.     100.     100.     100.     100.
               100.     100.      18.       0.     100.     100.           11.
 
        ces_hours 38860            PAGE   6, SERIES ces_hours_log_ad

 D 8  Final unmodified SI ratios
  From  2007.Jan to 2016.Dec
  Observations        120
 -----------------------------------------------------------------------------
               Jan      Feb      Mar      Apr      May      Jun 
               Jul      Aug      Sep      Oct      Nov      Dec         AVGE  
 -----------------------------------------------------------------------------
  2007          -0.      -0.      -0.      -0.       0.       0.
                 1.       0.      -0.      -0.      -0.       0.            0.
 
  2008          -0.      -0.      -0.      -0.       0.       0.
                 0.       1.       0.      -0.      -1.       0.            0.
 
  2009          -1.       0.      -0.      -0.       0.       0.
                 1.       1.      -0.       0.      -1.       0.            0.
 
  2010          -0.      -0.      -1.      -0.       0.       0.
                 0.       1.       0.       0.      -1.       1.            0.
 
  2011          -0.      -0.      -1.      -0.      -0.       0.
                 1.       1.       0.      -0.      -1.       1.           -0.
 
  2012          -0.      -0.      -0.       0.      -0.      -0.
                 0.       0.       0.      -0.      -0.       1.            0.
 
  2013          -0.      -0.      -0.      -0.      -0.       0.
                 0.       1.      -0.      -0.      -0.       0.           -0.
 
  2014          -0.       0.       0.       0.      -0.      -0.
                 0.       0.       0.      -0.       0.      -0.            0.
 
  2015          -0.       0.       0.      -0.      -0.      -0.
                 0.       0.      -0.      -0.       0.       0.            0.
 
  2016          -0.      -0.      -0.       0.       0.      -0.
                 0.       0.      -0.       0.       0.       0.            0.
 
  AVGE          -0.      -0.      -0.      -0.       0.       0.
                 0.       0.       0.      -0.      -0.       0.

  Table Total-           2.   Mean-         0.   Std. Dev.-         0.
                              Min -        -1.        Max -         1.
        ces_hours 38860            PAGE   7, SERIES ces_hours_log_ad

 D 8.B  Final unmodified SI ratios, with labels for outliers and extreme values
  From  2007.Jan to 2016.Dec
  Observations        120
 ---------------------------------------------------------------------
               Jan       Feb       Mar       Apr       May       Jun  
               Jul       Aug       Sep       Oct       Nov       Dec  
 ---------------------------------------------------------------------
  2007         -0.       -0.       -0.       -0.        0.        0.  
                1.        0.       -0.       -0.       -0.*       0.  
 
  2008         -0.       -0.       -0.       -0.        0.        0.  
                0.        1.        0.*      -0.       -1.        0.  
 
  2009         -1.*       0.*      -0.       -0.        0.        0.  
                1.*       1.       -0.        0.       -1.        0.  
 
  2010         -0.       -0.       -1.       -0.        0.        0.  
                0.        1.        0.        0.*      -1.        1.* 
 
  2011         -0.       -0.       -1.       -0.       -0.        0.  
                1.        1.        0.       -0.       -1.*       1.  
 
  2012         -0.       -0.       -0.        0.*      -0.       -0.  
                0.        0.*       0.*      -0.       -0.        1.  
 
  2013         -0.       -0.       -0.       -0.       -0.        0.  
                0.        1.       -0.       -0.       -0.        0.  
 
  2014         -0.*       0.*       0.        0.       -0.       -0.  
                0.        0.        0.       -0.*       0.*      -0.* 
 
  2015         -0.        0.*       0.       -0.       -0.       -0.  
                0.        0.       -0.       -0.        0.        0.  
 
  2016         -0.       -0.*      -0.        0.        0.       -0.  
                0.        0.       -0.*       0.*       0.        0.  
 

  Key to symbols:
    *  : extreme value as determined by X-11 extreme value procedure
 
        ces_hours 38860            PAGE   8, SERIES ces_hours_log_ad

 D 9  Final replacement values for SI ratios
  From  2007.Jan to 2016.Dec
  Observations        120
 ---------------------------------------------------------------
               Jan      Feb      Mar      Apr      May      Jun 
               Jul      Aug      Sep      Oct      Nov      Dec 
 ---------------------------------------------------------------
  2007     ******** ******** ******** ******** ******** ********
           ******** ******** ******** ********      -1. ********
 
  2008     ******** ******** ******** ******** ******** ********
           ******** ********      -0. ******** ******** ********
 
  2009          -1.       0. ******** ******** ******** ********
                 0. ******** ******** ******** ******** ********
 
  2010     ******** ******** ******** ******** ******** ********
           ******** ******** ********       0. ********       1.
 
  2011     ******** ******** ******** ******** ******** ********
           ******** ******** ******** ********      -1. ********
 
  2012     ******** ******** ********       0. ******** ********
           ********       0.       0. ******** ******** ********
 
  2013     ******** ******** ******** ******** ******** ********
           ******** ******** ******** ******** ******** ********
 
  2014          -0.      -0. ******** ******** ******** ********
           ******** ******** ********      -0.       0.       0.
 
  2015     ********      -0. ******** ******** ******** ********
           ******** ******** ******** ******** ******** ********
 
  2016     ********      -0. ******** ******** ******** ********
           ******** ********       0.      -0. ******** ********
 

 D 9.A  Moving seasonality ratio
 ---------------------------------------------------------------
               Jan      Feb      Mar      Apr      May      Jun 
 ---------------------------------------------------------------
   I          0.171    0.159    0.155    0.154    0.116    0.145
   S          0.023    0.028    0.046    0.027    0.039    0.042
 RATIO        7.411    5.756    3.388    5.766    2.997    3.476



 ---------------------------------------------------------------
               Jul      Aug      Sep      Oct      Nov      Dec 
 ---------------------------------------------------------------
   I          0.103    0.163    0.160    0.123    0.107    0.124
   S          0.029    0.045    0.028    0.022    0.087    0.055
 RATIO        3.554    3.611    5.717    5.489    1.228    2.282



        ces_hours 38860            PAGE   9, SERIES ces_hours_log_ad

 D 10  Final seasonal factors
  From  2007.Jan to 2016.Dec
  Observations        120
  Seasonal filter    3 x 5 moving average
 -----------------------------------------------------------------------------
               Jan      Feb      Mar      Apr      May      Jun 
               Jul      Aug      Sep      Oct      Nov      Dec         AVGE  
 -----------------------------------------------------------------------------
  2007          -0.      -0.      -0.      -0.       0.       0.
                 0.       1.      -0.      -0.      -1.       0.            0.
 
  2008          -0.      -0.      -0.      -0.       0.       0.
                 0.       1.      -0.      -0.      -1.       0.            0.
 
  2009          -0.      -0.      -0.      -0.       0.       0.
                 0.       1.      -0.      -0.      -1.       0.            0.
 
  2010          -0.      -0.      -0.      -0.       0.       0.
                 0.       1.       0.      -0.      -1.       0.            0.
 
  2011          -0.      -0.      -0.      -0.       0.       0.
                 0.       1.       0.      -0.      -0.       0.            0.
 
  2012          -0.      -0.      -0.      -0.      -0.      -0.
                 0.       1.       0.      -0.      -0.       0.           -0.
 
  2013          -0.      -0.      -0.      -0.      -0.      -0.
                 0.       0.       0.      -0.      -0.       0.           -0.
 
  2014          -0.      -0.      -0.      -0.      -0.      -0.
                 0.       0.       0.      -0.      -0.       0.           -0.
 
  2015          -0.      -0.      -0.      -0.      -0.      -0.
                 0.       0.       0.      -0.      -0.       0.           -0.
 
  2016          -0.      -0.      -0.      -0.       0.      -0.
                 0.       0.       0.      -0.      -0.       0.           -0.
 
  AVGE          -0.      -0.      -0.      -0.       0.       0.
                 0.       1.       0.      -0.      -0.       0.

  Table Total-          -0.   Mean-        -0.   Std. Dev.-         0.
                              Min -        -1.        Max -         1.

 D 10.A  Final seasonal component forecasts
  From  2017.Jan to 2017.Dec
  Observations         12
 -----------------------------------------------------------------------------
               Jan      Feb      Mar      Apr      May      Jun 
               Jul      Aug      Sep      Oct      Nov      Dec         AVGE  
 -----------------------------------------------------------------------------
  2017          -0.      -0.       0.      -0.       0.      -0.
                 0.       0.       0.      -0.       0.       0.           -0.
 
        ces_hours 38860            PAGE  10, SERIES ces_hours_log_ad

 D 11  Final seasonally adjusted data
  From  2007.Jan to 2016.Dec
  Observations        120
 -----------------------------------------------------------------------------
               Jan      Feb      Mar      Apr      May      Jun 
               Jul      Aug      Sep      Oct      Nov      Dec        TOTAL  
 -----------------------------------------------------------------------------
  2007          35.      35.      35.      35.      35.      35.
                35.      35.      35.      35.      36.      35.          418.
 
  2008          36.      35.      36.      35.      35.      35.
                35.      35.      35.      34.      33.      33.          417.
 
  2009          33.      33.      33.      33.      33.      32.
                33.      32.      32.      32.      32.      32.          391.
 
  2010          32.      33.      32.      33.      33.      33.
                33.      33.      34.      34.      34.      34.          398.
 
  2011          33.      33.      33.      33.      33.      34.
                34.      34.      34.      34.      34.      34.          403.
 
  2012          35.      35.      35.      35.      35.      34.
                35.      34.      35.      35.      35.      35.          416.
 
  2013          35.      35.      35.      35.      35.      35.
                35.      35.      34.      34.      34.      34.          414.
 
  2014          34.      35.      34.      34.      34.      34.
                34.      34.      34.      34.      34.      34.          407.
 
  2015          34.      35.      34.      34.      34.      34.
                34.      34.      34.      34.      34.      34.          411.
 
  2016          34.      34.      34.      34.      34.      34.
                34.      34.      34.      34.      34.      34.          407.
 
  AVGE          34.      34.      34.      34.      34.      34.
                34.      34.      34.      34.      34.      34.

  Table Total-        4083.   Mean-        34.   Std. Dev.-         1.
                              Min -        32.        Max -        36.
        ces_hours 38860            PAGE  11, SERIES ces_hours_log_ad

 D 12  Final trend cycle
  From  2007.Jan to 2016.Dec
  Observations        120
  Trend filter    13-term Henderson moving average
  I/C ratio        1.51
 -----------------------------------------------------------------------------
               Jan      Feb      Mar      Apr      May      Jun 
               Jul      Aug      Sep      Oct      Nov      Dec        TOTAL  
 -----------------------------------------------------------------------------
  2007          35.      35.      35.      35.      35.      35.
                35.      35.      35.      35.      35.      35.          418.
 
  2008          35.      35.      36.      35.      35.      35.
                35.      35.      34.      34.      34.      33.          417.
 
  2009          33.      33.      33.      33.      33.      32.
                32.      32.      32.      32.      32.      32.          390.
 
  2010          32.      33.      33.      33.      33.      33.
                33.      33.      34.      34.      34.      34.          398.
 
  2011          33.      33.      33.      33.      33.      33.
                34.      34.      34.      34.      34.      34.          404.
 
  2012          35.      35.      35.      35.      35.      35.
                35.      35.      35.      35.      35.      35.          416.
 
  2013          35.      35.      35.      35.      35.      35.
                35.      35.      34.      34.      34.      34.          414.
 
  2014          34.      34.      34.      34.      34.      34.
                34.      34.      34.      34.      34.      34.          407.
 
  2015          34.      34.      34.      34.      34.      34.
                34.      34.      34.      34.      34.      34.          411.
 
  2016          34.      34.      34.      34.      34.      34.
                34.      34.      34.      34.      34.      34.          407.
 
  AVGE          34.      34.      34.      34.      34.      34.
                34.      34.      34.      34.      34.      34.

  Table Total-        4080.   Mean-        34.   Std. Dev.-         1.
                              Min -        32.        Max -        36.
        ces_hours 38860            PAGE  12, SERIES ces_hours_log_ad

 D 13  Final irregular component
  From  2007.Jan to 2016.Dec
  Observations        120
 -----------------------------------------------------------------------------
               Jan      Feb      Mar      Apr      May      Jun 
               Jul      Aug      Sep      Oct      Nov      Dec         S.D.  
 -----------------------------------------------------------------------------
  2007           0.      -0.       0.      -0.       0.       0.
                 0.      -0.      -0.      -0.       1.      -0.            0.
 
  2008           0.      -0.       0.       0.      -0.       0.
                -0.       0.       0.      -0.      -0.      -0.            0.
 
  2009          -0.       0.      -0.       0.      -0.      -0.
                 0.       0.      -0.       0.      -0.       0.            0.
 
  2010           0.       0.      -0.      -0.       0.      -0.
                -0.      -0.      -0.       0.      -0.       0.            0.
 
  2011          -0.      -0.      -0.      -0.      -0.       0.
                 0.      -0.       0.      -0.      -0.       0.            0.
 
  2012           0.      -0.       0.       0.      -0.      -0.
                 0.      -0.       0.       0.       0.       0.            0.
 
  2013          -0.      -0.      -0.       0.      -0.       0.
                 0.       0.      -0.      -0.       0.       0.            0.
 
  2014          -0.       1.       0.       0.      -0.      -0.
                -0.      -0.       0.      -0.       0.      -0.            0.
 
  2015           0.       0.       0.      -0.      -0.       0.
                -0.       0.      -0.      -0.       0.      -0.            0.
 
  2016           0.      -0.      -0.       0.       0.      -0.
                -0.      -0.      -0.       1.       0.      -0.            0.
 
  S.D.           0.       0.       0.       0.       0.       0.
                 0.       0.       0.       0.       0.       0.

  Table Total-           2.   Mean-         0.   Std. Dev.-         0.
                              Min -        -0.        Max -         1.
        ces_hours 38860            PAGE  13, SERIES ces_hours_log_ad

 D 16  Combined adjustment factors
  From  2007.Jan to 2016.Dec
  Observations        120
 -----------------------------------------------------------------------------
               Jan      Feb      Mar      Apr      May      Jun 
               Jul      Aug      Sep      Oct      Nov      Dec         AVGE  
 -----------------------------------------------------------------------------
  2007          -0.      -0.      -0.      -0.       0.       0.
                 0.       1.      -0.      -0.      -1.       0.            0.
 
  2008          -0.      -0.      -0.      -0.       0.       0.
                 0.       1.      -0.      -0.      -1.       0.            0.
 
  2009          -0.      -0.      -0.      -0.       0.       0.
                 0.       1.      -0.      -0.      -1.       0.            0.
 
  2010          -0.      -0.      -0.      -0.       0.       0.
                 0.       1.       0.      -0.      -1.       0.            0.
 
  2011          -0.      -0.      -0.      -0.       0.       0.
                 0.       1.       0.      -0.      -0.       0.            0.
 
  2012          -0.      -0.      -0.      -0.      -0.      -0.
                 0.       1.       0.      -0.      -0.       0.           -0.
 
  2013          -0.      -0.      -0.      -0.      -0.      -0.
                 0.       0.       0.      -0.      -0.       0.           -0.
 
  2014          -0.      -0.      -0.      -0.      -0.      -0.
                 0.       0.       0.      -0.      -0.       0.           -0.
 
  2015          -0.      -0.      -0.      -0.      -0.      -0.
                 0.       0.       0.      -0.      -0.       0.           -0.
 
  2016          -0.      -0.      -0.      -0.       0.      -0.
                 0.       0.       0.      -0.      -0.       0.           -0.
 
  AVGE          -0.      -0.      -0.      -0.       0.       0.
                 0.       1.       0.      -0.      -0.       0.

  Table Total-          -0.   Mean-        -0.   Std. Dev.-         0.
                              Min -        -1.        Max -         1.

 D 16.A  Combined adjustment component forecasts
  From  2017.Jan to 2017.Dec
  Observations         12
 -----------------------------------------------------------------------------
               Jan      Feb      Mar      Apr      May      Jun 
               Jul      Aug      Sep      Oct      Nov      Dec         AVGE  
 -----------------------------------------------------------------------------
  2017          -0.      -0.       0.      -0.       0.      -0.
                 0.       0.       0.      -0.       0.       0.           -0.
 
        ces_hours 38860            PAGE  14, SERIES ces_hours_log_ad

 E 4  Differences of annual totals
  From          2007 to 2016
  Observations         10
 -----------------------------------
  Year       Unmodified     Modified
                  (D11)         (E2)
 -----------------------------------
  2007               0.           0.
 
  2008               0.           0.
 
  2009               0.           0.
 
  2010               0.           0.
 
  2011               0.           0.
 
  2012              -0.          -0.
 
  2013              -0.          -0.
 
  2014              -0.          -0.
 
  2015              -0.          -0.
 
  2016              -0.          -0.
 
        ces_hours 38860            PAGE  15, SERIES ces_hours_log_ad

 E 5  Month-to-month differences in the original series
  From  2007.Feb to 2016.Dec
  Observations        119
 -----------------------------------------------------------------------------
               Jan      Feb      Mar      Apr      May      Jun 
               Jul      Aug      Sep      Oct      Nov      Dec         AVGE  
 -----------------------------------------------------------------------------
  2007                    0.      -0.       0.       1.      -0.
                 0.       0.      -0.       0.       0.       0.            0.
 
  2008          -0.      -0.       0.      -0.       0.       0.
                -0.       0.      -1.      -1.      -1.       1.           -0.
 
  2009          -1.       1.      -1.       0.       0.      -0.
                 1.      -0.      -1.       0.      -1.       1.           -0.
 
  2010          -1.       0.      -0.       0.       1.      -0.
                 1.       0.      -0.       0.      -1.       1.            0.
 
  2011          -1.      -0.      -0.       0.       0.       0.
                 1.       0.      -0.       0.      -1.       2.            0.
 
  2012          -1.       0.       0.       1.      -0.      -0.
                 1.      -0.       0.      -0.      -0.       1.            0.
 
  2013          -1.       0.       0.       0.       0.       0.
                 0.       0.      -1.      -0.      -0.       0.           -0.
 
  2014          -1.       1.      -0.      -0.      -0.      -0.
                 1.       0.       0.      -0.       1.      -0.           -0.
 
  2015           0.       0.       0.      -0.       0.      -0.
                 0.       0.      -0.      -0.       0.       0.            0.
 
  2016          -0.      -0.       0.       0.       0.      -0.
                 0.       0.      -0.       1.      -0.       0.           -0.
 
  AVGE          -1.       0.      -0.       0.       0.      -0.
                 0.       0.      -0.      -0.      -0.       1.

  Table Total-          -0.   Mean-        -0.   Std. Dev.-         0.
                              Min -        -1.        Max -         2.
        ces_hours 38860            PAGE  16, SERIES ces_hours_log_ad

 E 6  Month-to-month differences in seasonally adjusted series (D11)
  From  2007.Feb to 2016.Dec
  Observations        119
 -----------------------------------------------------------------------------
               Jan      Feb      Mar      Apr      May      Jun 
               Jul      Aug      Sep      Oct      Nov      Dec         AVGE  
 -----------------------------------------------------------------------------
  2007                   -0.       0.      -0.       0.      -0.
                 0.      -0.       0.       0.       1.      -1.            0.
 
  2008           0.      -0.       0.      -0.      -0.       0.
                -0.      -0.      -0.      -1.      -0.      -0.           -0.
 
  2009          -0.       0.      -0.       0.      -0.      -0.
                 0.      -0.      -0.       0.      -0.       0.           -0.
 
  2010           0.       0.      -0.       0.       1.      -0.
                 0.       0.       0.       0.      -0.       0.            0.
 
  2011          -1.      -0.      -0.      -0.       0.       0.
                 0.      -0.       0.       0.      -0.       1.            0.
 
  2012           0.      -0.       0.       0.      -1.      -0.
                 0.      -0.       1.      -0.       0.      -0.            0.
 
  2013          -0.       0.       0.       0.      -0.       0.
                -0.       0.      -0.      -0.      -0.      -0.           -0.
 
  2014          -0.       1.      -1.      -0.      -0.      -0.
                 0.       0.       0.      -0.       1.      -0.           -0.
 
  2015           0.       0.      -0.      -0.       0.      -0.
                -0.       0.      -0.      -0.      -0.      -0.            0.
 
  2016           0.      -0.       0.       0.      -0.      -0.
                -0.      -0.      -0.       1.      -1.      -0.           -0.
 
  AVGE          -0.       0.      -0.       0.      -0.      -0.
                 0.      -0.       0.       0.      -0.      -0.

  Table Total-          -1.   Mean-        -0.   Std. Dev.-         0.
                              Min -        -1.        Max -         1.
        ces_hours 38860            PAGE  17, SERIES ces_hours_log_ad

 E 7  Month-to-month differences in final trend cycle (D12)
  From  2007.Feb to 2016.Dec
  Observations        119
 -----------------------------------------------------------------------------
               Jan      Feb      Mar      Apr      May      Jun 
               Jul      Aug      Sep      Oct      Nov      Dec         AVGE  
 -----------------------------------------------------------------------------
  2007                    0.       0.       0.      -0.      -0.
                 0.       0.       0.       0.       0.       0.            0.
 
  2008           0.       0.       0.      -0.      -0.      -0.
                -0.      -0.      -0.      -0.      -0.      -0.           -0.
 
  2009          -0.      -0.      -0.      -0.      -0.      -0.
                -0.      -0.      -0.      -0.       0.       0.           -0.
 
  2010           0.       0.       0.       0.       0.       0.
                 0.       0.       0.       0.      -0.      -0.            0.
 
  2011          -0.      -0.      -0.       0.       0.       0.
                 0.       0.       0.       0.       0.       0.            0.
 
  2012           0.       0.       0.      -0.      -0.      -0.
                 0.       0.       0.       0.       0.      -0.            0.
 
  2013          -0.      -0.      -0.       0.       0.       0.
                -0.      -0.      -0.      -0.      -0.      -0.           -0.
 
  2014          -0.      -0.      -0.      -0.      -0.      -0.
                 0.       0.       0.       0.       0.       0.            0.
 
  2015           0.       0.       0.      -0.      -0.      -0.
                -0.      -0.      -0.      -0.      -0.      -0.           -0.
 
  2016          -0.      -0.      -0.      -0.      -0.      -0.
                -0.      -0.      -0.       0.       0.       0.           -0.
 
  AVGE          -0.      -0.      -0.      -0.      -0.      -0.
                -0.      -0.      -0.      -0.      -0.      -0.

  Table Total-          -1.   Mean-        -0.   Std. Dev.-         0.
                              Min -        -0.        Max -         0.
        ces_hours 38860            PAGE  18, SERIES ces_hours_log_ad

 E 8  Month-to-month differences in original series adjusted for calendar factors (A18)
  From  2007.Feb to 2016.Dec
  Observations        119
 -----------------------------------------------------------------------------
               Jan      Feb      Mar      Apr      May      Jun 
               Jul      Aug      Sep      Oct      Nov      Dec         AVGE  
 -----------------------------------------------------------------------------
  2007                    0.      -0.       0.       1.      -0.
                 0.       0.      -0.       0.       0.       0.            0.
 
  2008          -0.      -0.       0.      -0.       0.       0.
                -0.       0.      -1.      -1.      -1.       1.           -0.
 
  2009          -1.       1.      -1.       0.       0.      -0.
                 1.      -0.      -1.       0.      -1.       1.           -0.
 
  2010          -1.       0.      -0.       0.       1.      -0.
                 0.       0.      -0.       0.      -1.       1.            0.
 
  2011          -1.      -0.      -0.       0.       0.       0.
                 1.       0.      -0.       0.      -1.       2.            0.
 
  2012          -1.       0.       0.       1.      -0.      -0.
                 1.      -0.       0.      -0.      -0.       1.            0.
 
  2013          -1.       0.       0.       0.       0.       0.
                 0.       0.      -1.      -0.      -0.       0.           -0.
 
  2014          -1.       1.      -0.      -0.      -0.      -0.
                 1.       0.       0.      -0.       1.      -0.           -0.
 
  2015           0.       0.       0.      -0.       0.      -0.
                 0.       0.      -0.      -0.       0.       0.            0.
 
  2016          -0.      -0.       0.       0.       0.      -0.
                 0.       0.      -0.       1.      -0.       0.           -0.
 
  AVGE          -1.       0.      -0.       0.       0.      -0.
                 0.       0.      -0.      -0.      -0.       1.

  Table Total-          -0.   Mean-        -0.   Std. Dev.-         0.
                              Min -        -1.        Max -         2.
        ces_hours 38860            PAGE  19, SERIES ces_hours_log_ad

 E 18  Final adjustment ratios
  From  2007.Jan to 2016.Dec
  Observations        120
 -----------------------------------------------------------------------------
               Jan      Feb      Mar      Apr      May      Jun 
               Jul      Aug      Sep      Oct      Nov      Dec         AVGE  
 -----------------------------------------------------------------------------
  2007       99.112   99.511   99.193   99.538  100.654  100.509
            101.224  101.951   99.695   99.730   98.059  100.959       100.011
 
  2008       99.135   99.503   99.145   99.503  100.616  100.475
            101.249  101.915   99.768   99.785   97.969  101.142       100.017
 
  2009       99.062   99.413   98.975   99.454  100.524  100.390
            101.322  102.010   99.911   99.883   98.019  101.356       100.027
 
  2010       98.985   99.335   98.882   99.478  100.318  100.229
            101.329  101.867  100.042   99.941   98.312  101.416       100.011
 
  2011       98.975   99.281   98.942   99.553  100.133  100.024
            101.258  101.696  100.200   99.913   98.671  101.393       100.003
 
  2012       98.990   99.276   99.153   99.629   99.985   99.894
            101.177  101.473  100.262   99.784   99.078  101.179        99.990
 
  2013       99.084   99.257   99.441   99.750   99.902   99.769
            101.037  101.243  100.315   99.641   99.449  100.878        99.980
 
  2014       99.159   99.310   99.692   99.857   99.888   99.717
            100.915  101.116  100.233   99.581   99.725  100.542        99.978
 
  2015       99.291   99.397   99.882   99.943   99.960   99.676
            100.745  100.935  100.171   99.611   99.927  100.282        99.985
 
  2016       99.391   99.448   99.965   99.941  100.022   99.696
            100.666  100.845  100.099   99.687   99.993  100.129        99.990
 
  AVGE       99.118   99.373   99.327   99.664  100.200  100.038
            101.092  101.505  100.069   99.756   98.920  100.927

  Table Total-       12000.   Mean-       100.   Std. Dev.-         1.
                              Min -        98.        Max -       102.

 E 18.A  Final adjustment ratio forecasts
  From  2017.Jan to 2017.Dec
  Observations         12
 -----------------------------------------------------------------------------
               Jan      Feb      Mar      Apr      May      Jun 
               Jul      Aug      Sep      Oct      Nov      Dec         AVGE  
 -----------------------------------------------------------------------------
  2017       99.483   99.483  100.004   99.942  100.052   99.686
            100.625  100.781  100.080   99.741  100.023  100.076        99.998
 

  QS statistic for seasonality:
  Original Series                                    73.37  (P-Value =     0.0000)
  Original Series (EV adj)                           73.37  (P-Value =     0.0000)
  Residuals                                           0.00  (P-Value =     1.0000)
  Seasonally Adjusted Series                          0.00  (P-Value =     1.0000)
  Seasonally Adjusted Series (EV adj)                 0.00  (P-Value =     1.0000)
  Irregular Series                                    0.00  (P-Value =     1.0000)
  Irregular Series (EV adj)                           0.00  (P-Value =     1.0000)

  QS statistic for seasonality (starting 2009.Jan):
  Original Series                                    51.81  (P-Value =     0.0000)
  Original Series (EV adj)                           51.81  (P-Value =     0.0000)
  Residuals                                           0.15  (P-Value =     0.9272)
  Seasonally Adjusted Series                          0.15  (P-Value =     0.9277)
  Seasonally Adjusted Series (EV adj)                 0.02  (P-Value =     0.9920)
  Irregular Series                                    0.00  (P-Value =     1.0000)
  Irregular Series (EV adj)                           0.00  (P-Value =     1.0000)
        ces_hours 38860            PAGE  20, SERIES ces_hours_log_ad


  Visually significant residual trading day peaks have been
  found in the spectral plots of the following series starting in 2009.Jan:

          differenced original series (Table A1 or B1) (1 Trading Day peak(s))

          differenced seasonally adjusted series (Table E2) (1 Trading Day peak(s))

          Modified irregular component (Table E3) (1 Seasonal and 
        ces_hours 38860            PAGE  21, SERIES ces_hours_log_ad
 G 0  10*LOG(SPECTRUM) of the differenced Original Series
      (Table A1 or B1).  Spectrum estimated from 2009.Jan to 2016.Dec.
 ++++++++++I+++++++++++++++++++++++++++++++++++++++++++++++++++++++++++++I
       4.42I                                                  S          I      4.42
           I                                                  S          I
           I                                                  S         SI
           I                                                  S         SI
       2.74I                                                  S         SI      2.74
           I                                                  S         SI
           I                                                  S         SI
           I                                                  S*        SI
       1.06I                                                  S*        SI      1.06
           I                                                  S*        SI
           I                                                  S*        SI
           I                                          T       S*        SI
      -0.63I                                          T       S*       *SI     -0.63
           I                                          T       S*       *SI
           I                                          T       S*       *SI
           I                              S           T      *S*       *SI
      -2.31I                              S           T      *S*       *SI     -2.31
           I                    S         S*          T      *S*       *SI
           I                    S         S*          T      *S*       *SI
           I                    S         S*          T      *S*       *SI
      -3.99I                    S         S*          T     **S*       *SI     -3.99
           I                    S         S*          T     **S*       *SI
           I                    S         S*          T     **S*       *SI
           I                    S         S*          T     **S*T     **SI
      -5.67I          S         S         S*          T     **S*T     **SI     -5.67
           I          S         S         S*          T     **S*T     **SI
           I          S         S         S*          T     **S*T     **SI
           I          S         S         S*      *  *T    ***S*T     **SI
      -7.36I          S         S         S*     **  *T    ***S*T     **SI     -7.36
           I          S    *    S         S*     **  *T    ***S*T     **SI
           I          S    *    S         S*     **  *T    ***S*T*   ***SI
           I          S    *    S        *S*     **  *T    ***S*T*   ***SI
      -9.04I       *  S    *    S        *S*     **  *T    ***S*T**  ***SI     -9.04
           I       *  S    *    S*       *S*     **  *T*   ***S*T*******SI
           I       * *S    *    S*       *S*     **  *T*   ***S*T*******SI
           I       * *S    *    S* **    *S*     ** S*T*   ***S*T*******SI
     -10.72I       * *S    *   *S* **    *S*     ***S*T*  ****S*T*******SI    -10.72
           I       * *S    *   *S* **    *S**    ***S*T*  ****S*T*******SI
           I      ****S    *   *S****    *S**    ***S*T*  ****S*T*******SI
           I      ****S    **  *S****    *S**    ***S*T*  ****S*T*******SI
     -12.40I      ****S    **  *S****   **S**    ***S*T*  ****S*T*******SI    -12.40
           I      ****S    **  *S****   **S**    ***S*T*  ****S*T*******SI
           I      ****S*   **  *S*****  **S**   ****S*T* *****S*T*******SI
           I      ****S*   **  *S*****  **S**   ****S*T*******S*T*******SI
     -14.08I      ****S*   **  *S***** ***S**   ****S*T*******S*T*******SI    -14.08
           I      ****S*   **  *S*********S**   ****S*T*******S*T*******SI
           I  *   ****S*  *** **S*********S***  ****S*T*******S*T*******SI
           I  *   ****S*  ******S*********S***  ****S*T*******S*T*******SI
     -15.77I **  *****S*  ******S*********S***  ****S*T*******S*T*******SI    -15.77
           I**** *****S*  ******S*********S*** *****S*T*******S*T*******SI
           I**** *****S*  ******S*********S*********S*T*******S*T*******SI
           I**********S** ******S*********S*********S*T*******S*T*******SI
     -17.45I**********S*********S*********S*********S*T*******S*T*******SI    -17.45
 ++++++++++I+++++++++++++++++++++++++++++++++++++++++++++++++++++++++++++I
            S=SEASONAL FREQUENCIES, T=TRADING DAY FREQUENCIES
        ces_hours 38860            PAGE  22, SERIES ces_hours_log_ad
 G 1  10*LOG(SPECTRUM) of the differenced seasonally adjusted 
      data (Table E2).  Spectrum estimated from 2009.Jan to 2016.Dec.
 ++++++++++I+++++++++++++++++++++++++++++++++++++++++++++++++++++++++++++I
      -2.05I                                          T                  I     -2.05
           I                                          T                  I
           I                                          T                  I
           I                                          T                  I
      -3.84I                                          T                  I     -3.84
           I                                          T                  I
           I                                          T                  I
           I                                          T                  I
      -5.63I                                          T        *         I     -5.63
           I                                          T        *         I
           I                                          T        *         I
           I                                          T        *         I
      -7.42I                                          T        *         I     -7.42
           I                                          T        *        SI
           I                                          T        *        SI
           I                                          T        *   *    SI
      -9.21I                *                     *   T        *   *   *SI     -9.21
           I                *                     *   T        *T **   *SI
           I       *        *                    **   T        *T **   *SI
           I       *        *                    **   T    *   *T **   *SI
     -11.00I      **        *               *    **   T    *   *T **   *SI    -11.00
           I      **        *               *    **  *T   **  S*T *** **SI
           I      **      * *               *    **  *T   **  S*T**** **SI
           I      **      * *        *      *    **  *T   **  S*T**** **SI
     -12.79I      **      ***        *      *    **  *T   **  S*T*******SI    -12.79
           I      **      ***        *      *    *** *T*  **  S*T*******SI
           I      **     ****     *  *      *    *** *T*  **  S*T*******SI
           I     ***     ****     *  *      *    ***S*T*  **  S*T*******SI
     -14.58I  ** ***     *****    *  *     **   ****S*T*  **  S*T*******SI    -14.58
           I  ******     *****    *  *     **   ****S*T*  *** S*T*******SI
           I  *******    *****    *  *     **   ****S*T*  ****S*T*******SI
           I ********    *****    ** *     **   ****S*T*  ****S*T*******SI
     -16.37I ********    *****    ** *     **   ****S*T* *****S*T*******SI    -16.37
           I*********    *****    ****     *** *****S*T* *****S*T*******SI
           I*********    *****    ****     *** *****S*T* *****S*T*******SI
           I*********    *****    *****    *********S*T*******S*T*******SI
     -18.16I*********   ******    *****    *********S*T*******S*T*******SI    -18.16
           I*********   ******    *****    *********S*T*******S*T*******SI
           I**********  ******   ******    *********S*T*******S*T*******SI
           I**********  ******   ******    *********S*T*******S*T*******SI
     -19.95I**********  ******   ******    *********S*T*******S*T*******SI    -19.95
           I**********  ******   ******    *********S*T*******S*T*******SI
           I**********S********  ******    *********S*T*******S*T*******SI
           I**********S********  ******    *********S*T*******S*T*******SI
     -21.74I**********S********  ******    *********S*T*******S*T*******SI    -21.74
           I**********S********  ******   S*********S*T*******S*T*******SI
           I**********S******** S******   S*********S*T*******S*T*******SI
           I**********S*********S******   S*********S*T*******S*T*******SI
     -23.54I**********S*********S*******  S*********S*T*******S*T*******SI    -23.54
           I**********S*********S*******  S*********S*T*******S*T*******SI
           I**********S*********S*******  S*********S*T*******S*T*******SI
           I**********S*********S*******  S*********S*T*******S*T*******SI
     -25.33I**********S*********S*********S*********S*T*******S*T*******SI    -25.33
 ++++++++++I+++++++++++++++++++++++++++++++++++++++++++++++++++++++++++++I
            S=SEASONAL FREQUENCIES, T=TRADING DAY FREQUENCIES
        ces_hours 38860            PAGE  23, SERIES ces_hours_log_ad
 G 2  10*LOG(SPECTRUM) of the Modified Irregular (Table E3).  
      Spectrum estimated from 2009.Jan to 2016.Dec.
 ++++++++++I+++++++++++++++++++++++++++++++++++++++++++++++++++++++++++++I
      -7.43I                                          T                  I     -7.43
           I                                          T                  I
           I                                          T                  I
           I                                          T                  I
      -8.95I                                          T                  I     -8.95
           I                                          T                  I
           I                                          T                  I
           I                                          T                  I
     -10.46I                                          T                  I    -10.46
           I                                          T                  I
           I              *                           T                  I
           I              *                           T        *         I
     -11.98I              *                           T        *         I    -11.98
           I              *                           T        *         I
           I              *                           T        *        SI
           I              *                           T        *        SI
     -13.50I              * *                         T        *        SI    -13.50
           I              * *        *      *         T        *        SI
           I              * **       *      *     *   T        *   *    SI
           I              * **    *  *      *     *   T        *   *   *SI
     -15.01I              ****    *  *      *    **   T        *   *   *SI    -15.01
           I              ****    *  *      *    **   T       S*T **   *SI
           I              ****    *  *      *    **  *T       S*T **   *SI
           I              ****    *  *      *    **  *T    *  S*T **   *SI
     -16.53I              ****    *  *      *    **  *T   **  S*T ***  *SI    -16.53
           I              ****    *  *      *    **  *T   **  S*T ***  *SI
           I              ****    *  *      *    **  *T*  **  S*T**** **SI
           I              ****    ** **     *    **  *T*  **  S*T**** **SI
     -18.05I              ****    ** **     *    *** *T*  **  S*T*******SI    -18.05
           I              ****    ** **    **    *** *T*  **  S*T*******SI
           I              ****    ** **    ***   ***S*T*  **  S*T*******SI
           I              ****    *****    ***  ****S*T*  ****S*T*******SI
     -19.57I             *****    *****    ***  ****S*T*  ****S*T*******SI    -19.57
           I             *****    *****    ***  ****S*T*  ****S*T*******SI
           I             *****    *****    ***  ****S*T* *****S*T*******SI
           I             *****    *****    **** ****S*T* *****S*T*******SI
     -21.08I             *****   ******    *********S*T* *****S*T*******SI    -21.08
           I             ******  ******    *********S*T*******S*T*******SI
           I     *       ******  ******    *********S*T*******S*T*******SI
           I     **      ******  ******    *********S*T*******S*T*******SI
     -22.60I     ***     ******  ******    *********S*T*******S*T*******SI    -22.60
           I    *****    ******  ******    *********S*T*******S*T*******SI
           I    *****    ******  ******    *********S*T*******S*T*******SI
           I    *****    ******  ******    *********S*T*******S*T*******SI
     -24.12I    *****    ******  ******    *********S*T*******S*T*******SI    -24.12
           I    *****    ****** S*******  S*********S*T*******S*T*******SI
           I   ******   ********S*******  S*********S*T*******S*T*******SI
           I   *******  ********S*******  S*********S*T*******S*T*******SI
     -25.63I   *******  ********S*******  S*********S*T*******S*T*******SI    -25.63
           I   *******  ********S*******  S*********S*T*******S*T*******SI
           I  ********  ********S*******  S*********S*T*******S*T*******SI
           I  ********S ********S*******  S*********S*T*******S*T*******SI
     -27.15I**********S*********S*********S*********S*T*******S*T*******SI    -27.15
 ++++++++++I+++++++++++++++++++++++++++++++++++++++++++++++++++++++++++++I
            S=SEASONAL FREQUENCIES, T=TRADING DAY FREQUENCIES
        ces_hours 38860            PAGE  24, SERIES ces_hours_log_ad

  Peak probabilities for Tukey spectrum estimator
  Spectrum estimated from 2009.Jan to 2016.Dec.

                                          S1       S2       S3       S4       S5       S6       TD
                                        ------   ------   ------   ------   ------   ------   ------
  Model Residuals                        0.444    0.539    0.946*   0.113    0.800    0.804    0.559  
  Original Series (Table A1 or B1)       0.854    0.975*   0.997**  0.001    0.977*   0.972*   0.369  
  Seasonally adjusted series (E2)        0.331    0.005    0.309    0.006    0.575    0.897    0.675  
  Modified Irregular (E3)                0.522    0.011    0.139    0.015    0.673    0.911*   0.741  
  ----------
     ** - Peak Probability > 0.99,
      * - 0.90 < Peak Probability < 0.99


