  Reading input spec file from D:\Programming\Dynamic Paper-dlrhcs_replication\outputs\empirical\unemployment\raw_sa_pilot\x13_work\ces_hours_log_additive_42540_200701_201612.spc

1

               U. S. Department of Commerce, U. S. Census Bureau

              X-13ARIMA-SEATS monthly seasonal adjustment Method,
                          Release Version 1.1 Build 62


           This software application provides an enhanced version of
             Statistics Canada's X-11-ARIMA extension (Dagum, 1980)
                 of the X-11 variant of the Census Method II of
                      Shiskin, Young and Musgrave (1967).

            It also provides an ARIMA model-based method following
       Hillmer and Tiao (1982) and Burman (1980) that is very similar
       to the update of the method of SEATS (Gomez and Maravall, 1996)
                produced at the Bank of Spain by G. Caporello and
               A. Maravall for TSW (Caporello and Maravall, 2004).
          The present application includes additional enhancements.

         X-13ARIMA-SEATS includes an automatic ARIMA model selection procedure
          based largely on the procedure of Gomez and Maravall (1998)
            as implemented in TRAMO (1996) and subsequent revisions.

              Primary Programmers: Brian Monsell, Mark Otto and,
                 for the ARIMA model-based signal extraction,
                      Gianluca Caporello and Victor Gomez


     Series Title- ces_hours 42540
     Series Name- ces_hours_log_ad
     Jul 29, 2026  08.44.08 

        -Period covered-  1st month,2007 to 12th month,2016
        -Type of run - additive seasonal adjustment

        -Sigma limits for graduating extreme values are  1.5 and  2.5 .
        -3x3 moving average used in section 1 of each iteration, 
         3x5 moving average in section 2 of iterations B and C,
         moving average for final seasonal factors chosen by Global MSR.
        -Holiday adjustment factors applied directly to the final seasonally adjusted series
        -Spectral plots generated for selected series
        -Spectral plots generated for series starting in 2009.Jan

 FILE SAVE REQUESTS (* indicates file exists and will be overwritten)
  D:\Programming\Dynamic Paper-dlrhcs_replication\outputs\empirical\unemployment\raw_sa_pilot\x13_work\ces_hours_log_additive_42540_200701_201612.d10  final seasonal factors
  D:\Programming\Dynamic Paper-dlrhcs_replication\outputs\empirical\unemployment\raw_sa_pilot\x13_work\ces_hours_log_additive_42540_200701_201612.d11  final seasonally adjusted data
  D:\Programming\Dynamic Paper-dlrhcs_replication\outputs\empirical\unemployment\raw_sa_pilot\x13_work\ces_hours_log_additive_42540_200701_201612.out  program output file
  D:\Programming\Dynamic Paper-dlrhcs_replication\outputs\empirical\unemployment\raw_sa_pilot\x13_work\ces_hours_log_additive_42540_200701_201612.err  program error file
        ces_hours 42540            PAGE   1, SERIES ces_hours_log_ad

     Contents of spc file D:\Programming\Dynamic Paper-dlrhcs_replication\outputs\empirical\unemployment\raw_sa_pilot\x13_work\ces_hours_log_additive_42540_200701_201612.spc

 Line #
 ------
      1: series {
      2:   title = "ces_hours 42540"
      3:   start = 2007.1
      4:   period = 12
      5:   data = (
      6: 33
      7: 31.7
      8: 32.7
      9: 33.4
     10: 34.4
     11: 34.5
     12: 34.6
     13: 34.3
     14: 34.4
     15: 34.4
     16: 34.1
     17: 34.5
     18: 33.6
     19: 33.2
     20: 33.8
     21: 33.5
     22: 34
     23: 33.9
     24: 33.5
     25: 33.8
     26: 33.6
     27: 33.7
     28: 33.4
     29: 33.3
     30: 33.7
     31: 33.4
     32: 32.9
     33: 33
     34: 33.3
     35: 33
     36: 32.9
     37: 32.8
     38: 32.7
     39: 33.1
     40: 33.1
     41: 33.2
     42: 32.9
     43: 32.3
     44: 33.3
     45: 33.5
     46: 33.2
     47: 33
     48: 32.9
     49: 33.2
     50: 33.4
     51: 33.5
     52: 33.8
     53: 33.8
     54: 33.3
     55: 33
     56: 33.2
     57: 33.2
     58: 33.8
     59: 33.8
     60: 34.1
     61: 34
     62: 33.8
     63: 33.5
     64: 34
     65: 33.8
     66: 33.5
     67: 33.2
     68: 33.6
     69: 33.9
     70: 33.9
     71: 33.6
     72: 34
     73: 33.8
     74: 34.1
     75: 34.1
     76: 34.1
     77: 34
     78: 33.5
     79: 34
     80: 33.9
     81: 34.5
     82: 34.8
     83: 34.8
     84: 34.8
     85: 35.2
     86: 35.2
     87: 35.3
     88: 35.3
     89: 35.6
     90: 34.9
     91: 34.5
     92: 36
     93: 36.2
     94: 36.1
     95: 36.3
     96: 36.4
     97: 36.7
     98: 36.3
     99: 36.2
    100: 36.7
    101: 36.2
    102: 35.4
    103: 35.9
    104: 35.6
    105: 35.3
    106: 35.9
    107: 35.3
    108: 35.2
    109: 35.5
    110: 35.1
    111: 35
    112: 35.3
    113: 35.5
    114: 34.9
    115: 35
    116: 35.6
    117: 35.7
    118: 35.2
    119: 35.4
    120: 34.9
    121: 35.1
    122: 34.9
    123: 35.1
    124: 34.9
    125: 34.8
    126:   )
    127: }
    128: transform { function = log }
    129: regression { aictest = (td easter) }
    130: automdl {}
    131: x11 { mode = add save = (d10 d11) }
        ces_hours 42540            PAGE   2, SERIES ces_hours_log_ad

 A 1  Time series data (for the span analyzed)
  From  2007.Jan to 2016.Dec
  Observations        120
 -----------------------------------------------------------------------------
               Jan      Feb      Mar      Apr      May      Jun 
               Jul      Aug      Sep      Oct      Nov      Dec        TOTAL  
 -----------------------------------------------------------------------------
  2007          33.      32.      33.      33.      34.      35.
                35.      34.      34.      34.      34.      35.          406.
 
  2008          34.      33.      34.      34.      34.      34.
                34.      34.      34.      34.      33.      33.          403.
 
  2009          34.      33.      33.      33.      33.      33.
                33.      33.      33.      33.      33.      33.          397.
 
  2010          33.      32.      33.      34.      33.      33.
                33.      33.      33.      34.      34.      34.          399.
 
  2011          33.      33.      33.      33.      34.      34.
                34.      34.      34.      34.      34.      34.          404.
 
  2012          34.      33.      34.      34.      34.      34.
                34.      34.      34.      34.      34.      34.          406.
 
  2013          34.      34.      34.      35.      35.      35.
                35.      35.      35.      35.      35.      36.          417.
 
  2014          35.      35.      36.      36.      36.      36.
                36.      37.      36.      36.      37.      36.          433.
 
  2015          35.      36.      36.      35.      36.      35.
                35.      36.      35.      35.      35.      36.          425.
 
  2016          35.      35.      36.      36.      35.      35.
                35.      35.      35.      35.      35.      35.          422.
 
  AVGE          34.      34.      34.      34.      34.      34.
                34.      34.      34.      34.      34.      34.

  Table Total-        4110.   Mean-        34.   Std. Dev.-         1.
                              Min -        32.        Max -        37.
        ces_hours 42540            PAGE   3, SERIES ces_hours_log_ad
                        Automatic ARIMA Model Selection

                    Procedure based closely on TRAMO method 
                         of Gomez and Maravall (2000)
              "Automatic Modeling Methods for Univariate Series",
                            A Course in Time Series
                  (Edited by D. Pena, G. C. Tiao, R. S. Tsay),
                         New York : J. Wiley and Sons


     Maximum order for regular ARMA parameters :   2
     Maximum order for seasonal ARMA parameters :   1
     Maximum order for regular differencing :   2
     Maximum order for seasonal differencing :   1

   Results of Unit Root Test for identifying orders of differencing:
     Regular difference order :   1
     Seasonal difference order :   0

     Mean is not significant.
 ichk (best model vrs. model 2) =  11

  Automatic model choice : (1 1 0)(1 0 1)
   Model changed to 
   ( 0, 1, 1) ( 0, 1, 1)


  Final Checks for Identified Model


  Checking for Unit Roots.
   No unit roots found.

  Checking for nonseasonal overdifferencing.
   Nonseasonal MA not within  0.001 of 1.0 - model passes test.

  Checking for insignificant ARMA coefficients.

  Final automatic model choice : (0 1 1)(0 1 1)
   End of automatic model selection procedure.

 Average absolute percentage error in within-sample forecasts:
  Last year:   1.27      Last-1 year:   3.21     Last-2 year:   1.50
  Last three years:    1.99

 Estimation converged in    1 ARMA iterations,    4 function evaluations.

 ARIMA Model:  (0 1 1)(0 1 1)
   Nonseasonal differences: 1
   Seasonal differences:    1
                                              Standard
 Parameter                    Estimate          Errors
 -----------------------------------------------------
 Nonseasonal MA                                    
   Lag  1                       0.3064         0.08647

 Seasonal MA                                       
   Lag 12                       0.8148         0.06367

 Variance                       0.12129E-03
 SE of Var                      0.16582E-04
 -----------------------------------------------------

 Likelihood Statistics
 ------------------------------------------------------------------
 Number of observations (nobs)                                  120
 Effective number of observations (nefobs)                      107
 Number of parameters estimated (np)                              3
 Log likelihood                                            324.1167
 Transformation Adjustment                                -378.2288
 Adjusted Log likelihood (L)                               -54.1120
 AIC                                                       114.2241 
 AICC (F-corrected-AIC)                                    114.4571 
 Hannan Quinn                                              117.4747 
 BIC                                                       122.2426 
 ------------------------------------------------------------------

 QS Statistic for regARIMA Model Residuals (full series):             0.00
                                                       (P-Value =     1.0000)

 QS Statistic for regARIMA Model Residuals (starting 2009.Jan):       0.00
                                                       (P-Value =     1.0000)
      10*LOG(SPECTRUM) of the regARIMA model residuals
      Spectrum estimated from 2009.Jan to 2016.Dec.
 ++++++++++I+++++++++++++++++++++++++++++++++++++++++++++++++++++++++++++I
     -32.94I                                   *                         I    -32.94
           I                                   *                         I
           I                                   *                         I
           I                                   *                         I
     -33.86I                                   *                         I    -33.86
           I                                   *                         I
           I                         *         *                         I
           I                         *         *                         I
     -34.78I                         *         *        *                I    -34.78
           I                         *         *        *                I
           I                         *         *        *                I
           I                         *         *        *                I
     -35.70I                         *         *        *                I    -35.70
           I                         *         *        *                I
           I                         *         *        *                I
           I                         *         *        *                I
     -36.62I                         *         **       *                I    -36.62
           I                         *         **       **               I
           I                         *         **       **               I
           I                         *        ***       **               I
     -37.55I           *     *       *        ***       **               I    -37.55
           I           *    **       *        ***       **               I
           I           *    **       *        ***       **               I
           I           *    **       *        ***       **               I
     -38.47I           *    **       *        ***      ***               I    -38.47
           I  *        *    **       *        ***      ***               I
           I  *        *    **       *        ***      ***               I
           I  **       **   **       *        ***      ***               I
     -39.39I  **       **   **       *        ***      ***               I    -39.39
           I  **   *   **   **       *    S   ***      ***               I
           I  **   *   **   **      **    S   ***      ***               I
           I  **   *   **   **      **    S   ****    T***               I
     -40.31I  **   **  **   **      **    S   ****    T****              I    -40.31
           I  **   **  **   **      **    S   ****   *T****              I
           I  **   **  **   ***     **    S  *****   *T****              I
           I ***   ** S**   ***     ***   S* *****  S*T****              I
     -41.23I ***   ** S**   ***     ***   S* *****  S*T****  *        *  I    -41.23
           I ***   ** S**   ***     ***  *S* *****  S*T**** **       **  I
           I **** ****S**   ****    ***  *S* *******S*T*******       *** I
           I***** ****S**   ****S   ***  *S*********S*T*******S     **** I
     -42.15I***** ****S**   ****S   ***  *S*********S*T*******S     ****SI    -42.15
           I***** ****S**  *****S   ***  *S*********S*T*******S   ******SI
           I**********S**  *****S   ***  *S*********S*T*******S   ******SI
           I**********S**  *****S   ***  *S*********S*T*******S* *******SI
     -43.08I**********S*** *****S   ***  *S*********S*T*******S*T*******SI    -43.08
           I**********S*** *****S   ***  *S*********S*T*******S*T*******SI
           I**********S*** *****S   ***  *S*********S*T*******S*T*******SI
           I**********S*** *****S*  *** **S*********S*T*******S*T*******SI
     -44.00I**********S*** *****S*  ******S*********S*T*******S*T*******SI    -44.00
           I**********S*********S* *******S*********S*T*******S*T*******SI
           I**********S*********S* *******S*********S*T*******S*T*******SI
           I**********S*********S* *******S*********S*T*******S*T*******SI
     -44.92I**********S*********S*********S*********S*T*******S*T*******SI    -44.92
 ++++++++++I+++++++++++++++++++++++++++++++++++++++++++++++++++++++++++++I
            S=SEASONAL FREQUENCIES, T=TRADING DAY FREQUENCIES


 FORECASTING
  Origin  2016.Dec
  Number        12

  Forecasts and Standard Errors of the Transformed Data
   ------------------------------
                         Standard
       Date   Forecast      Error
   ------------------------------
   2017.Jan       3.54      0.011
   2017.Feb       3.53      0.013
   2017.Mar       3.55      0.015
   2017.Apr       3.55      0.017
   2017.May       3.55      0.019
   2017.Jun       3.55      0.020
   2017.Jul       3.55      0.022
   2017.Aug       3.55      0.023
   2017.Sep       3.55      0.024
   2017.Oct       3.55      0.025
   2017.Nov       3.55      0.027
   2017.Dec       3.55      0.028
   ------------------------------

  Confidence intervals with coverage probability ( 0.95000
  On the Original Scale
   ---------------------------------------
       Date      Lower  Forecast     Upper
   ---------------------------------------
   2017.Jan      33.62     34.35     35.10
   2017.Feb      33.35     34.24     35.15
   2017.Mar      33.64     34.67     35.74
   2017.Apr      33.65     34.81     36.00
   2017.May      33.69     34.96     36.27
   2017.Jun      33.50     34.87     36.28
   2017.Jul      33.35     34.80     36.31
   2017.Aug      33.41     34.95     36.57
   2017.Sep      33.20     34.82     36.51
   2017.Oct      33.16     34.85     36.63
   2017.Nov      33.18     34.95     36.82
   2017.Dec      33.09     34.93     36.87
   ---------------------------------------
        ces_hours 42540            PAGE   4, SERIES ces_hours_log_ad

 B 1  Original series (prior adjusted)
  From  2007.Jan to 2016.Dec
  Observations        120
 -----------------------------------------------------------------------------
               Jan      Feb      Mar      Apr      May      Jun 
               Jul      Aug      Sep      Oct      Nov      Dec        TOTAL  
 -----------------------------------------------------------------------------
  2007          33.      32.      33.      33.      34.      35.
                35.      34.      34.      34.      34.      35.          406.
 
  2008          34.      33.      34.      34.      34.      34.
                34.      34.      34.      34.      33.      33.          403.
 
  2009          34.      33.      33.      33.      33.      33.
                33.      33.      33.      33.      33.      33.          397.
 
  2010          33.      32.      33.      34.      33.      33.
                33.      33.      33.      34.      34.      34.          399.
 
  2011          33.      33.      33.      33.      34.      34.
                34.      34.      34.      34.      34.      34.          404.
 
  2012          34.      33.      34.      34.      34.      34.
                34.      34.      34.      34.      34.      34.          406.
 
  2013          34.      34.      34.      35.      35.      35.
                35.      35.      35.      35.      35.      36.          417.
 
  2014          35.      35.      36.      36.      36.      36.
                36.      37.      36.      36.      37.      36.          433.
 
  2015          35.      36.      36.      35.      36.      35.
                35.      36.      35.      35.      35.      36.          425.
 
  2016          35.      35.      36.      36.      35.      35.
                35.      35.      35.      35.      35.      35.          422.
 
  AVGE          34.      34.      34.      34.      34.      34.
                34.      34.      34.      34.      34.      34.

  Table Total-        4110.   Mean-        34.   Std. Dev.-         1.
                              Min -        32.        Max -        37.

 B 1.A  Forecasts of (prior adjusted) original series
  From  2017.Jan to 2017.Dec
  Observations         12
 -----------------------------------------------------------------------------
               Jan      Feb      Mar      Apr      May      Jun 
               Jul      Aug      Sep      Oct      Nov      Dec        TOTAL  
 -----------------------------------------------------------------------------
  2017          34.      34.      35.      35.      35.      35.
                35.      35.      35.      35.      35.      35.          417.
 
        ces_hours 42540            PAGE   5, SERIES ces_hours_log_ad

 C 17  Final weights for irregular component
  From  2007.Jan to 2016.Dec
  Observations        120
  Lower sigma limit    1.50
  Upper sigma limit    2.50
 -----------------------------------------------------------------------------
               Jan      Feb      Mar      Apr      May      Jun 
               Jul      Aug      Sep      Oct      Nov      Dec         S.D.  
 -----------------------------------------------------------------------------
  2007          52.       0.      92.     100.     100.     100.
               100.     100.     100.     100.     100.     100.           18.
 
  2008          81.     100.     100.     100.     100.     100.
               100.     100.     100.     100.     100.       0.           18.
 
  2009          68.       0.     100.     100.     100.     100.
               100.     100.     100.     100.     100.     100.           18.
 
  2010         100.     100.       0.       0.     100.     100.
               100.     100.     100.     100.     100.     100.           17.
 
  2011         100.     100.     100.      17.     100.     100.
                97.     100.     100.       3.     100.     100.           15.
 
  2012         100.     100.     100.     100.     100.     100.
               100.     100.     100.     100.     100.     100.           16.
 
  2013         100.      30.     100.     100.     100.     100.
               100.     100.     100.     100.     100.     100.           15.
 
  2014         100.       0.       0.     100.     100.     100.
               100.     100.     100.     100.      14.     100.           14.
 
  2015         100.       0.     100.       0.       0.     100.
               100.     100.     100.     100.     100.     100.           14.
 
  2016         100.     100.     100.     100.      98.     100.
               100.     100.     100.     100.     100.     100.           14.
 
        ces_hours 42540            PAGE   6, SERIES ces_hours_log_ad

 D 8  Final unmodified SI ratios
  From  2007.Jan to 2016.Dec
  Observations        120
 -----------------------------------------------------------------------------
               Jan      Feb      Mar      Apr      May      Jun 
               Jul      Aug      Sep      Oct      Nov      Dec         AVGE  
 -----------------------------------------------------------------------------
  2007           0.      -1.      -1.      -0.       0.       0.
                 0.      -0.       0.       0.       0.       0.           -0.
 
  2008          -0.      -1.      -0.      -0.       0.       0.
                -0.       0.       0.       0.      -0.      -0.           -0.
 
  2009           0.       0.      -0.      -0.       0.       0.
                 0.      -0.      -0.       0.       0.       0.            0.
 
  2010          -0.      -1.       0.       0.       0.      -0.
                -0.       0.       0.       0.       0.       0.            0.
 
  2011          -0.      -1.      -0.      -0.       0.       0.
                 0.       0.       0.      -0.       0.       0.           -0.
 
  2012          -0.      -1.      -0.       0.       0.      -0.
                 0.       0.       0.       0.       0.       0.            0.
 
  2013          -1.      -0.      -0.       0.       0.       0.
                 0.       0.       0.       0.       0.       0.            0.
 
  2014          -1.      -1.       0.       0.       0.       0.
                 0.       0.      -0.      -0.       1.       0.           -0.
 
  2015          -1.       0.      -0.      -0.       1.       0.
                -0.       0.      -0.      -0.       0.       0.            0.
 
  2016          -0.      -0.       0.       0.      -0.       0.
                -0.       0.      -0.       0.       0.       0.           -0.
 
  AVGE          -0.      -1.      -0.       0.       0.       0.
                 0.       0.       0.       0.       0.       0.

  Table Total-           0.   Mean-         0.   Std. Dev.-         0.
                              Min -        -1.        Max -         1.
        ces_hours 42540            PAGE   7, SERIES ces_hours_log_ad

 D 8.B  Final unmodified SI ratios, with labels for outliers and extreme values
  From  2007.Jan to 2016.Dec
  Observations        120
 ---------------------------------------------------------------------
               Jan       Feb       Mar       Apr       May       Jun  
               Jul       Aug       Sep       Oct       Nov       Dec  
 ---------------------------------------------------------------------
  2007          0.*      -1.*      -1.*      -0.        0.        0.  
                0.       -0.        0.        0.        0.        0.  
 
  2008         -0.*      -1.       -0.       -0.        0.        0.  
               -0.        0.        0.        0.       -0.       -0.* 
 
  2009          0.*       0.*      -0.       -0.        0.        0.  
                0.       -0.       -0.        0.        0.        0.  
 
  2010         -0.       -1.        0.*       0.*       0.       -0.  
               -0.        0.        0.        0.        0.        0.  
 
  2011         -0.       -1.       -0.       -0.*       0.        0.  
                0.*       0.        0.       -0.*       0.        0.  
 
  2012         -0.       -1.       -0.        0.        0.       -0.  
                0.        0.        0.        0.        0.        0.  
 
  2013         -1.       -0.*      -0.        0.        0.        0.  
                0.        0.        0.        0.        0.        0.  
 
  2014         -1.       -1.*       0.*       0.        0.        0.  
                0.        0.       -0.       -0.        1.*       0.  
 
  2015         -1.        0.*      -0.       -0.*       1.*       0.  
               -0.        0.       -0.       -0.        0.        0.  
 
  2016         -0.       -0.        0.        0.       -0.*       0.  
               -0.        0.       -0.        0.        0.        0.  
 

  Key to symbols:
    *  : extreme value as determined by X-11 extreme value procedure
 
        ces_hours 42540            PAGE   8, SERIES ces_hours_log_ad

 D 9  Final replacement values for SI ratios
  From  2007.Jan to 2016.Dec
  Observations        120
 ---------------------------------------------------------------
               Jan      Feb      Mar      Apr      May      Jun 
               Jul      Aug      Sep      Oct      Nov      Dec 
 ---------------------------------------------------------------
  2007           0.      -1.      -1. ******** ******** ********
           ******** ******** ******** ******** ******** ********
 
  2008          -0. ******** ******** ******** ******** ********
           ******** ******** ******** ******** ********       0.
 
  2009           0.      -1. ******** ******** ******** ********
           ******** ******** ******** ******** ******** ********
 
  2010     ******** ********      -0.      -0. ******** ********
           ******** ******** ******** ******** ******** ********
 
  2011     ******** ******** ********      -0. ******** ********
                 0. ******** ********       0. ******** ********
 
  2012     ******** ******** ******** ******** ******** ********
           ******** ******** ******** ******** ******** ********
 
  2013     ********      -0. ******** ******** ******** ********
           ******** ******** ******** ******** ******** ********
 
  2014     ********      -0.      -0. ******** ******** ********
           ******** ******** ******** ********       0. ********
 
  2015     ********      -0. ********       0.       0. ********
           ******** ******** ******** ******** ******** ********
 
  2016     ******** ******** ******** ********      -0. ********
           ******** ******** ******** ******** ******** ********
 

 D 9.A  Moving seasonality ratio
 ---------------------------------------------------------------
               Jan      Feb      Mar      Apr      May      Jun 
 ---------------------------------------------------------------
   I          0.166    0.100    0.255    0.112    0.116    0.120
   S          0.067    0.027    0.034    0.058    0.029    0.028
 RATIO        2.461    3.659    7.592    1.947    4.071    4.328



 ---------------------------------------------------------------
               Jul      Aug      Sep      Oct      Nov      Dec 
 ---------------------------------------------------------------
   I          0.205    0.158    0.136    0.127    0.143    0.095
   S          0.031    0.030    0.023    0.026    0.025    0.036
 RATIO        6.638    5.204    6.056    4.866    5.638    2.628



        ces_hours 42540            PAGE   9, SERIES ces_hours_log_ad

 D 10  Final seasonal factors
  From  2007.Jan to 2016.Dec
  Observations        120
  Seasonal filter    3 x 5 moving average
 -----------------------------------------------------------------------------
               Jan      Feb      Mar      Apr      May      Jun 
               Jul      Aug      Sep      Oct      Nov      Dec         AVGE  
 -----------------------------------------------------------------------------
  2007          -0.      -1.      -0.      -0.       0.       0.
                 0.       0.       0.       0.       0.       0.            0.
 
  2008          -0.      -1.      -0.      -0.       0.       0.
                 0.       0.       0.       0.       0.       0.           -0.
 
  2009          -0.      -1.      -0.      -0.       0.       0.
                 0.       0.       0.       0.       0.       0.           -0.
 
  2010          -0.      -1.      -0.      -0.       0.       0.
                 0.       0.       0.       0.       0.       0.            0.
 
  2011          -0.      -1.      -0.      -0.       0.       0.
                 0.       0.       0.       0.       0.       0.            0.
 
  2012          -0.      -1.      -0.       0.       0.       0.
                 0.       0.       0.       0.       0.       0.           -0.
 
  2013          -0.      -0.      -0.       0.       0.       0.
                 0.       0.       0.       0.       0.       0.           -0.
 
  2014          -0.      -0.      -0.       0.       0.       0.
                 0.       0.       0.       0.       0.       0.           -0.
 
  2015          -1.      -0.      -0.       0.       0.       0.
                 0.       0.       0.       0.       0.       0.           -0.
 
  2016          -0.      -0.      -0.       0.       0.       0.
                -0.       0.      -0.       0.       0.       0.           -0.
 
  AVGE          -0.      -1.      -0.       0.       0.       0.
                 0.       0.       0.       0.       0.       0.

  Table Total-          -0.   Mean-        -0.   Std. Dev.-         0.
                              Min -        -1.        Max -         0.

 D 10.A  Final seasonal component forecasts
  From  2017.Jan to 2017.Dec
  Observations         12
 -----------------------------------------------------------------------------
               Jan      Feb      Mar      Apr      May      Jun 
               Jul      Aug      Sep      Oct      Nov      Dec         AVGE  
 -----------------------------------------------------------------------------
  2017          -0.      -0.       0.       0.       0.       0.
                -0.       0.      -0.       0.       0.       0.           -0.
 
        ces_hours 42540            PAGE  10, SERIES ces_hours_log_ad

 D 11  Final seasonally adjusted data
  From  2007.Jan to 2016.Dec
  Observations        120
 -----------------------------------------------------------------------------
               Jan      Feb      Mar      Apr      May      Jun 
               Jul      Aug      Sep      Oct      Nov      Dec        TOTAL  
 -----------------------------------------------------------------------------
  2007          33.      32.      33.      34.      34.      34.
                35.      34.      34.      34.      34.      34.          406.
 
  2008          34.      34.      34.      34.      34.      34.
                33.      34.      34.      34.      33.      33.          403.
 
  2009          34.      34.      33.      33.      33.      33.
                33.      33.      33.      33.      33.      33.          397.
 
  2010          33.      33.      34.      34.      33.      33.
                33.      33.      33.      33.      34.      34.          399.
 
  2011          34.      34.      33.      33.      34.      34.
                34.      34.      34.      33.      34.      34.          403.
 
  2012          34.      34.      34.      34.      34.      34.
                34.      34.      34.      34.      34.      34.          406.
 
  2013          34.      34.      34.      34.      35.      35.
                35.      35.      35.      35.      35.      35.          417.
 
  2014          35.      35.      36.      36.      36.      36.
                36.      36.      36.      36.      37.      36.          433.
 
  2015          36.      36.      36.      35.      36.      35.
                35.      35.      35.      35.      35.      35.          425.
 
  2016          35.      35.      36.      35.      35.      35.
                35.      35.      35.      35.      35.      35.          422.
 
  AVGE          34.      34.      34.      34.      34.      34.
                34.      34.      34.      34.      34.      34.

  Table Total-        4111.   Mean-        34.   Std. Dev.-         1.
                              Min -        32.        Max -        37.
        ces_hours 42540            PAGE  11, SERIES ces_hours_log_ad

 D 12  Final trend cycle
  From  2007.Jan to 2016.Dec
  Observations        120
  Trend filter    13-term Henderson moving average
  I/C ratio        1.93
 -----------------------------------------------------------------------------
               Jan      Feb      Mar      Apr      May      Jun 
               Jul      Aug      Sep      Oct      Nov      Dec        TOTAL  
 -----------------------------------------------------------------------------
  2007          33.      33.      33.      34.      34.      34.
                34.      34.      34.      34.      34.      34.          406.
 
  2008          34.      34.      34.      34.      34.      34.
                34.      34.      34.      34.      33.      33.          404.
 
  2009          33.      33.      33.      33.      33.      33.
                33.      33.      33.      33.      33.      33.          396.
 
  2010          33.      33.      33.      33.      33.      33.
                33.      33.      33.      33.      33.      34.          398.
 
  2011          34.      34.      34.      34.      34.      34.
                34.      34.      34.      34.      34.      34.          404.
 
  2012          34.      34.      34.      34.      34.      34.
                34.      34.      34.      34.      34.      34.          406.
 
  2013          34.      34.      34.      34.      35.      35.
                35.      35.      35.      35.      35.      35.          417.
 
  2014          35.      36.      36.      36.      36.      36.
                36.      36.      36.      36.      36.      36.          433.
 
  2015          36.      36.      36.      36.      35.      35.
                35.      35.      35.      35.      35.      35.          425.
 
  2016          35.      35.      35.      35.      35.      35.
                35.      35.      35.      35.      35.      35.          422.
 
  AVGE          34.      34.      34.      34.      34.      34.
                34.      34.      34.      34.      34.      34.

  Table Total-        4110.   Mean-        34.   Std. Dev.-         1.
                              Min -        33.        Max -        36.
        ces_hours 42540            PAGE  12, SERIES ces_hours_log_ad

 D 13  Final irregular component
  From  2007.Jan to 2016.Dec
  Observations        120
 -----------------------------------------------------------------------------
               Jan      Feb      Mar      Apr      May      Jun 
               Jul      Aug      Sep      Oct      Nov      Dec         S.D.  
 -----------------------------------------------------------------------------
  2007           0.      -1.      -0.      -0.       0.       0.
                 0.      -0.       0.      -0.      -0.       0.            0.
 
  2008          -0.      -0.       0.      -0.      -0.       0.
                -0.       0.       0.      -0.      -0.      -1.            0.
 
  2009           0.       1.      -0.      -0.       0.       0.
                 0.      -0.      -0.       0.       0.      -0.            0.
 
  2010           0.      -0.       1.       1.       0.      -0.
                -0.      -0.       0.      -0.       0.       0.            0.
 
  2011          -0.       0.      -0.      -0.      -0.       0.
                 0.       0.      -0.      -0.       0.      -0.            0.
 
  2012           0.      -0.       0.       0.      -0.      -0.
                 0.      -0.       0.       0.      -0.      -0.            0.
 
  2013          -0.       0.      -0.      -0.       0.       0.
                -0.       0.       0.       0.      -0.       0.            0.
 
  2014          -0.      -1.       0.       0.      -0.       0.
                 0.       0.      -0.      -0.       0.       0.            0.
 
  2015          -0.       1.       0.      -0.       0.      -0.
                -0.       0.      -0.      -0.      -0.       0.            0.
 
  2016          -0.      -0.       0.       0.      -0.       0.
                -0.      -0.       0.       0.      -0.      -0.            0.
 
  S.D.           0.       0.       0.       0.       0.       0.
                 0.       0.       0.       0.       0.       0.

  Table Total-           1.   Mean-         0.   Std. Dev.-         0.
                              Min -        -1.        Max -         1.
        ces_hours 42540            PAGE  13, SERIES ces_hours_log_ad

 D 16  Combined adjustment factors
  From  2007.Jan to 2016.Dec
  Observations        120
 -----------------------------------------------------------------------------
               Jan      Feb      Mar      Apr      May      Jun 
               Jul      Aug      Sep      Oct      Nov      Dec         AVGE  
 -----------------------------------------------------------------------------
  2007          -0.      -1.      -0.      -0.       0.       0.
                 0.       0.       0.       0.       0.       0.            0.
 
  2008          -0.      -1.      -0.      -0.       0.       0.
                 0.       0.       0.       0.       0.       0.           -0.
 
  2009          -0.      -1.      -0.      -0.       0.       0.
                 0.       0.       0.       0.       0.       0.           -0.
 
  2010          -0.      -1.      -0.      -0.       0.       0.
                 0.       0.       0.       0.       0.       0.            0.
 
  2011          -0.      -1.      -0.      -0.       0.       0.
                 0.       0.       0.       0.       0.       0.            0.
 
  2012          -0.      -1.      -0.       0.       0.       0.
                 0.       0.       0.       0.       0.       0.           -0.
 
  2013          -0.      -0.      -0.       0.       0.       0.
                 0.       0.       0.       0.       0.       0.           -0.
 
  2014          -0.      -0.      -0.       0.       0.       0.
                 0.       0.       0.       0.       0.       0.           -0.
 
  2015          -1.      -0.      -0.       0.       0.       0.
                 0.       0.       0.       0.       0.       0.           -0.
 
  2016          -0.      -0.      -0.       0.       0.       0.
                -0.       0.      -0.       0.       0.       0.           -0.
 
  AVGE          -0.      -1.      -0.       0.       0.       0.
                 0.       0.       0.       0.       0.       0.

  Table Total-          -0.   Mean-        -0.   Std. Dev.-         0.
                              Min -        -1.        Max -         0.

 D 16.A  Combined adjustment component forecasts
  From  2017.Jan to 2017.Dec
  Observations         12
 -----------------------------------------------------------------------------
               Jan      Feb      Mar      Apr      May      Jun 
               Jul      Aug      Sep      Oct      Nov      Dec         AVGE  
 -----------------------------------------------------------------------------
  2017          -0.      -0.       0.       0.       0.       0.
                -0.       0.      -0.       0.       0.       0.           -0.
 
        ces_hours 42540            PAGE  14, SERIES ces_hours_log_ad

 E 4  Differences of annual totals
  From          2007 to 2016
  Observations         10
 -----------------------------------
  Year       Unmodified     Modified
                  (D11)         (E2)
 -----------------------------------
  2007               0.           0.
 
  2008              -0.          -0.
 
  2009              -0.          -0.
 
  2010               0.           0.
 
  2011               0.           0.
 
  2012              -0.          -0.
 
  2013              -0.          -0.
 
  2014              -0.          -0.
 
  2015              -0.          -0.
 
  2016              -0.          -0.
 
        ces_hours 42540            PAGE  15, SERIES ces_hours_log_ad

 E 5  Month-to-month differences in the original series
  From  2007.Feb to 2016.Dec
  Observations        119
 -----------------------------------------------------------------------------
               Jan      Feb      Mar      Apr      May      Jun 
               Jul      Aug      Sep      Oct      Nov      Dec         AVGE  
 -----------------------------------------------------------------------------
  2007                   -1.       1.       1.       1.       0.
                 0.      -0.       0.       0.      -0.       0.            0.
 
  2008          -1.      -0.       1.      -0.       1.      -0.
                -0.       0.      -0.       0.      -0.      -0.           -0.
 
  2009           0.      -0.      -0.       0.       0.      -0.
                -0.      -0.      -0.       0.       0.       0.           -0.
 
  2010          -0.      -1.       1.       0.      -0.      -0.
                -0.       0.       0.       0.       0.       0.            0.
 
  2011          -0.      -0.       0.       0.       1.       0.
                 0.      -0.      -0.      -0.       1.      -0.            0.
 
  2012          -0.      -0.       0.       0.       0.      -0.
                 0.      -0.       0.       0.       0.      -0.            0.
 
  2013          -0.       1.      -0.       1.       0.       0.
                 0.       0.       0.       0.       0.       0.            0.
 
  2014          -1.      -0.       2.       0.      -0.       0.
                 0.       0.      -0.      -0.       1.      -0.            0.
 
  2015          -1.       1.      -0.      -0.       1.      -1.
                -0.       0.      -0.      -0.       0.       0.           -0.
 
  2016          -1.       0.       1.       0.      -0.       0.
                -0.       0.      -0.       0.      -0.      -0.           -0.
 
  AVGE          -0.      -0.       0.       0.       0.      -0.
                -0.       0.      -0.       0.       0.       0.

  Table Total-           2.   Mean-         0.   Std. Dev.-         0.
                              Min -        -1.        Max -         2.
        ces_hours 42540            PAGE  16, SERIES ces_hours_log_ad

 E 6  Month-to-month differences in seasonally adjusted series (D11)
  From  2007.Feb to 2016.Dec
  Observations        119
 -----------------------------------------------------------------------------
               Jan      Feb      Mar      Apr      May      Jun 
               Jul      Aug      Sep      Oct      Nov      Dec         AVGE  
 -----------------------------------------------------------------------------
  2007                   -1.       1.       1.       1.       0.
                 0.      -0.       0.      -0.      -0.       0.            0.
 
  2008          -0.       0.       0.      -0.       0.       0.
                -0.       0.      -0.      -0.      -0.      -0.           -0.
 
  2009           1.       0.      -1.      -0.      -0.      -0.
                -0.      -0.      -0.       0.       0.      -0.           -0.
 
  2010           0.      -0.       1.       0.      -1.      -0.
                -0.       0.       0.      -0.       0.      -0.            0.
 
  2011          -0.       0.      -0.      -0.       0.       0.
                 0.      -0.      -0.      -0.       0.      -0.            0.
 
  2012           0.      -0.       0.      -0.      -0.      -0.
                 0.      -0.       0.      -0.      -0.      -0.            0.
 
  2013           0.       1.      -0.       0.       0.       0.
                -0.       0.       0.       0.      -0.       0.            0.
 
  2014          -0.      -0.       1.      -0.      -0.       0.
                 0.       0.      -0.      -0.       0.      -0.            0.
 
  2015          -0.       0.      -1.      -1.       1.      -1.
                -0.       0.      -0.      -0.       0.       0.           -0.
 
  2016           0.       0.       0.      -0.      -0.       0.
                -0.      -0.       0.       0.      -0.      -0.           -0.
 
  AVGE           0.       0.       0.      -0.       0.       0.
                 0.       0.       0.      -0.       0.      -0.

  Table Total-           2.   Mean-         0.   Std. Dev.-         0.
                              Min -        -1.        Max -         1.
        ces_hours 42540            PAGE  17, SERIES ces_hours_log_ad

 E 7  Month-to-month differences in final trend cycle (D12)
  From  2007.Feb to 2016.Dec
  Observations        119
 -----------------------------------------------------------------------------
               Jan      Feb      Mar      Apr      May      Jun 
               Jul      Aug      Sep      Oct      Nov      Dec         AVGE  
 -----------------------------------------------------------------------------
  2007                    0.       0.       0.       0.       0.
                 0.       0.      -0.      -0.      -0.      -0.            0.
 
  2008          -0.      -0.      -0.      -0.      -0.      -0.
                -0.      -0.      -0.      -0.      -0.      -0.           -0.
 
  2009          -0.      -0.      -0.      -0.      -0.      -0.
                -0.      -0.      -0.       0.       0.       0.           -0.
 
  2010           0.       0.       0.      -0.      -0.      -0.
                 0.       0.       0.       0.       0.       0.            0.
 
  2011           0.      -0.       0.       0.       0.       0.
                 0.       0.      -0.      -0.      -0.       0.            0.
 
  2012           0.       0.       0.      -0.      -0.      -0.
                 0.       0.       0.       0.       0.       0.            0.
 
  2013           0.       0.       0.       0.       0.       0.
                 0.       0.       0.       0.       0.       0.            0.
 
  2014           0.       0.       0.       0.       0.       0.
                 0.       0.      -0.      -0.      -0.      -0.            0.
 
  2015          -0.      -0.      -0.      -0.      -0.      -0.
                -0.      -0.      -0.       0.       0.       0.           -0.
 
  2016           0.       0.      -0.      -0.      -0.      -0.
                -0.      -0.      -0.      -0.      -0.      -0.           -0.
 
  AVGE           0.       0.       0.       0.       0.       0.
                 0.       0.       0.       0.       0.       0.

  Table Total-           2.   Mean-         0.   Std. Dev.-         0.
                              Min -        -0.        Max -         0.
        ces_hours 42540            PAGE  18, SERIES ces_hours_log_ad

 E 8  Month-to-month differences in original series adjusted for calendar factors (A18)
  From  2007.Feb to 2016.Dec
  Observations        119
 -----------------------------------------------------------------------------
               Jan      Feb      Mar      Apr      May      Jun 
               Jul      Aug      Sep      Oct      Nov      Dec         AVGE  
 -----------------------------------------------------------------------------
  2007                   -1.       1.       1.       1.       0.
                 0.      -0.       0.       0.      -0.       0.            0.
 
  2008          -1.      -0.       1.      -0.       1.      -0.
                -0.       0.      -0.       0.      -0.      -0.           -0.
 
  2009           0.      -0.      -0.       0.       0.      -0.
                -0.      -0.      -0.       0.       0.       0.           -0.
 
  2010          -0.      -1.       1.       0.      -0.      -0.
                -0.       0.       0.       0.       0.       0.            0.
 
  2011          -0.      -0.       0.       0.       1.       0.
                 0.      -0.      -0.      -0.       1.      -0.            0.
 
  2012          -0.      -0.       0.       0.       0.      -0.
                 0.      -0.       0.       0.       0.      -0.            0.
 
  2013          -1.       1.      -0.       1.       0.       0.
                 0.       0.       0.       0.       0.       0.            0.
 
  2014          -1.      -0.       1.       0.      -0.       0.
                 0.       0.      -0.      -0.       0.      -0.            0.
 
  2015          -1.       1.      -0.      -0.       1.      -1.
                -0.       0.      -0.      -0.       0.       0.           -0.
 
  2016          -1.       0.       1.       0.      -0.       0.
                -0.       0.      -0.       0.      -0.      -0.           -0.
 
  AVGE          -0.      -0.       0.       0.       0.      -0.
                -0.       0.      -0.       0.       0.       0.

  Table Total-           2.   Mean-         0.   Std. Dev.-         0.
                              Min -        -1.        Max -         1.
        ces_hours 42540            PAGE  19, SERIES ces_hours_log_ad

 E 18  Final adjustment ratios
  From  2007.Jan to 2016.Dec
  Observations        120
 -----------------------------------------------------------------------------
               Jan      Feb      Mar      Apr      May      Jun 
               Jul      Aug      Sep      Oct      Nov      Dec         AVGE  
 -----------------------------------------------------------------------------
  2007       99.944   97.978   99.095   99.414  100.858  100.415
            100.009  100.094  100.083  100.604  100.286  101.088        99.989
 
  2008       99.906   98.090   99.136   99.457  100.810  100.370
            100.041  100.134  100.101  100.582  100.361  101.056       100.004
 
  2009       99.807   98.148   99.206   99.560  100.707  100.241
            100.078  100.200  100.167  100.579  100.482  100.894       100.006
 
  2010       99.647   98.190   99.206   99.719  100.614  100.125
            100.182  100.278  100.229  100.557  100.559  100.692       100.000
 
  2011       99.373   98.319   99.248   99.947  100.504  100.042
            100.234  100.395  100.311  100.492  100.613  100.531       100.001
 
  2012       99.059   98.442   99.237  100.159  100.461  100.061
            100.326  100.559  100.311  100.338  100.566  100.432        99.996
 
  2013       98.746   98.562   99.406  100.384  100.373  100.126
            100.282  100.649  100.263  100.214  100.446  100.346        99.983
 
  2014       98.633   98.685   99.602  100.513  100.348  100.217
            100.167  100.672  100.146  100.121  100.323  100.325        99.979
 
  2015       98.602   98.785   99.820  100.659  100.310  100.304
            100.026  100.678  100.037  100.071  100.304  100.326        99.994
 
  2016       98.608   98.795   99.968  100.686  100.318  100.348
             99.943  100.664   99.940  100.016  100.299  100.335        99.993
 
  AVGE       99.233   98.399   99.392  100.050  100.530  100.225
            100.129  100.432  100.159  100.357  100.424  100.602

  Table Total-       11999.   Mean-       100.   Std. Dev.-         1.
                              Min -        98.        Max -       101.

 E 18.A  Final adjustment ratio forecasts
  From  2017.Jan to 2017.Dec
  Observations         12
 -----------------------------------------------------------------------------
               Jan      Feb      Mar      Apr      May      Jun 
               Jul      Aug      Sep      Oct      Nov      Dec         AVGE  
 -----------------------------------------------------------------------------
  2017       98.631   98.779  100.078  100.734  100.300  100.351
             99.912  100.631   99.905  100.011  100.308  100.326        99.997
 

  QS statistic for seasonality:
  Original Series                                     0.00  (P-Value =     1.0000)
  Original Series (EV adj)                            0.00  (P-Value =     1.0000)
  Residuals                                           0.00  (P-Value =     1.0000)
  Seasonally Adjusted Series                          0.00  (P-Value =     1.0000)
  Seasonally Adjusted Series (EV adj)                 0.00  (P-Value =     1.0000)
  Irregular Series                                    0.00  (P-Value =     1.0000)
  Irregular Series (EV adj)                           0.00  (P-Value =     1.0000)

  QS statistic for seasonality (starting 2009.Jan):
  Original Series                                     0.00  (P-Value =     1.0000)
  Original Series (EV adj)                            0.00  (P-Value =     1.0000)
  Residuals                                           0.00  (P-Value =     1.0000)
  Seasonally Adjusted Series                          0.00  (P-Value =     1.0000)
  Seasonally Adjusted Series (EV adj)                 0.00  (P-Value =     1.0000)
  Irregular Series                                    0.00  (P-Value =     1.0000)
  Irregular Series (EV adj)                           0.00  (P-Value =     1.0000)
        ces_hours 42540            PAGE  20, SERIES ces_hours_log_ad
 G 0  10*LOG(SPECTRUM) of the differenced Original Series
      (Table A1 or B1).  Spectrum estimated from 2009.Jan to 2016.Dec.
 ++++++++++I+++++++++++++++++++++++++++++++++++++++++++++++++++++++++++++I
      -0.83I                              S                              I     -0.83
           I                              S                              I
           I                              S    *                         I
           I                    S         S    *                         I
      -2.13I                    S         S    *                         I     -2.13
           I                    S         S    *                         I
           I                    S         S    *                         I
           I                    S         S    *                         I
      -3.44I                    S         S    *                         I     -3.44
           I                    S         S    *                         I
           I                    S         S    *                         I
           I                    S         S    *                         I
      -4.74I                    S         S    *        **               I     -4.74
           I                    S         S    *        **               I
           I                    S         S    *        **               I
           I                    S         S    **       **               I
      -6.05I                    S         S*   **       **               I     -6.05
           I                    S         S*   **       **               I
           I                    S         S*   **      ****              I
           I                    S         S*   **    *T****              I
      -7.36I                    S         S*  ***    *T****              I     -7.36
           I                    S         S*  ***   S*T****              I
           I                    S   **    S*  ***   S*T*****             I
           I           *        S   **    S*  ***   S*T*****          *  I
      -8.66I           *        S*  **    S*  ***   S*T*****          *  I     -8.66
           I           *        S*  **    S*  ***   S*T*****         **  I
           I           *        S*  **    S*  ***   S*T******        **  I
           I          S*        S*  **    S*  **** *S*T******        *** I
      -9.97I          S*    *   S*  **    S*  **** *S*T******        *** I     -9.97
           I          S*    *   S*  **    S*  **** *S*T******     *  *** I
           I  *       S*    *   S*  **    S*********S*T******    ** ****SI
           I  *       S*    *   S*  **   *S*********S*T*******   *******SI
     -11.27I  *       S*    *   S*  **   *S*********S*T*******   *******SI    -11.27
           I  *       S*    *  *S*  **   *S*********S*T*******   *******SI
           I  **      S*    *  *S*  **   *S*********S*T*******  T*******SI
           I  **      S*    *  *S*  **   *S*********S*T*******S T*******SI
     -12.58I  **      S*    *  *S* ***   *S*********S*T*******S*T*******SI    -12.58
           I  **      S*    *  *S*****   *S*********S*T*******S*T*******SI
           I  **      S*    ** *S*****   *S*********S*T*******S*T*******SI
           I  **      S*   *** *S******  *S*********S*T*******S*T*******SI
     -13.89I ***      S*   *** *S******  *S*********S*T*******S*T*******SI    -13.89
           I ***  *   S*   *****S******  *S*********S*T*******S*T*******SI
           I **** *   S*   *****S******  *S*********S*T*******S*T*******SI
           I **** ** *S*   *****S****** **S*********S*T*******S*T*******SI
     -15.19I ******* *S*   *****S****** **S*********S*T*******S*T*******SI    -15.19
           I******** *S**  *****S****** **S*********S*T*******S*T*******SI
           I******** *S**  *****S*********S*********S*T*******S*T*******SI
           I**********S**  *****S*********S*********S*T*******S*T*******SI
     -16.50I**********S**  *****S*********S*********S*T*******S*T*******SI    -16.50
           I**********S**  *****S*********S*********S*T*******S*T*******SI
           I**********S** ******S*********S*********S*T*******S*T*******SI
           I**********S** ******S*********S*********S*T*******S*T*******SI
     -17.80I**********S*********S*********S*********S*T*******S*T*******SI    -17.80
 ++++++++++I+++++++++++++++++++++++++++++++++++++++++++++++++++++++++++++I
            S=SEASONAL FREQUENCIES, T=TRADING DAY FREQUENCIES
        ces_hours 42540            PAGE  21, SERIES ces_hours_log_ad
 G 1  10*LOG(SPECTRUM) of the differenced seasonally adjusted 
      data (Table E2).  Spectrum estimated from 2009.Jan to 2016.Dec.
 ++++++++++I+++++++++++++++++++++++++++++++++++++++++++++++++++++++++++++I
      -4.33I                                                         *   I     -4.33
           I                                                         *   I
           I                                                         *   I
           I                                                         *   I
      -5.71I                                                         *   I     -5.71
           I                                                         *   I
           I                                                         *   I
           I                                                         *   I
      -7.08I                                                         *   I     -7.08
           I                                                         *   I
           I                                                         *   I
           I                                                         *   I
      -8.46I                                                         *   I     -8.46
           I                                    *                    *   I
           I                                    *                    *   I
           I                                    *                    *   I
      -9.84I                                    *                    *   I     -9.84
           I                                    *              *     *   I
           I                                    *              *     *  SI
           I  *                              * **       *      *     *  SI
     -11.22I  **                             * **       *      *     *  SI    -11.22
           I  **                             * **       *      *     *  SI
           I  **                             * **       *  *   *     *  SI
           I  **                            ** **       *  *   *     ** SI
     -12.60I  **                    *  *    ** **       *  **  *     ***SI    -12.60
           I  **                    *  *    ** ***      *  **  *     ***SI
           I ***                    *  *    ******      *  **  *     ***SI
           I ***                    *  *    ****** *    *  **  *     ***SI
     -13.98I **** **       *        *  *    ****** *    *  **  *     ***SI    -13.98
           I***** **       ** *     *  *    ********    ** **  *     ***SI
           I********       ****     *  *    ********   *** **  *T    ***SI
           I********       ****     ** *    ********S  ****** S*T   ****SI
     -15.36I********       ****     ****    ********S  ****** S*T   ****SI    -15.36
           I********       ****     *****   ********S  *******S*T   ****SI
           I*********     *****     *****   ********S  *******S*T   ****SI
           I*********     *****     *****   ********S  *******S*T   ****SI
     -16.74I*********     *****     *****   ********S* *******S*T   ****SI    -16.74
           I*********     *****    ******   ********S* *******S*T   ****SI
           I*********     *****    ******   ********S*T*******S*T   ****SI
           I*********     ******   ******  *********S*T*******S*T   ****SI
     -18.12I**********    ******   ******  *********S*T*******S*T   ****SI    -18.12
           I**********   *******   ******  *********S*T*******S*T   ****SI
           I**********S  *******   ******  *********S*T*******S*T   ****SI
           I**********S*********   ******  *********S*T*******S*T   ****SI
     -19.49I**********S*********   ******* *********S*T*******S*T   ****SI    -19.49
           I**********S*********   ******* *********S*T*******S*T   ****SI
           I**********S*********   *******S*********S*T*******S*T   ****SI
           I**********S*********   *******S*********S*T*******S*T* *****SI
     -20.87I**********S*********   *******S*********S*T*******S*T* *****SI    -20.87
           I**********S*********S ********S*********S*T*******S*T* *****SI
           I**********S*********S ********S*********S*T*******S*T* *****SI
           I**********S*********S ********S*********S*T*******S*T* *****SI
     -22.25I**********S*********S*********S*********S*T*******S*T*******SI    -22.25
 ++++++++++I+++++++++++++++++++++++++++++++++++++++++++++++++++++++++++++I
            S=SEASONAL FREQUENCIES, T=TRADING DAY FREQUENCIES
        ces_hours 42540            PAGE  22, SERIES ces_hours_log_ad
 G 2  10*LOG(SPECTRUM) of the Modified Irregular (Table E3).  
      Spectrum estimated from 2009.Jan to 2016.Dec.
 ++++++++++I+++++++++++++++++++++++++++++++++++++++++++++++++++++++++++++I
     -11.08I                                                         *   I    -11.08
           I                                                         *   I
           I                                                         *   I
           I                                                         *   I
     -12.33I                        *                                *   I    -12.33
           I                        *                                *   I
           I                        *                                *   I
           I                        *                                *   I
     -13.57I                        *           *                    *   I    -13.57
           I                        *  *        *                    *   I
           I                        *  *        *                    *   I
           I                        *  *       **                    *   I
     -14.81I                        *  *     * **                    *   I    -14.81
           I                *       *  *     * **                    *   I
           I                *       *  *    ** **              *     *   I
           I                * *     *  *    ** **              *     *   I
     -16.06I                * *     *  *    ** **              *     *   I    -16.06
           I                ***     *  *    ** **       *      *     *   I
           I                ***     ** *    ******      *      *     *  SI
           I                ***     ** *    ******      *      *     *  SI
     -17.30I               ****     ****    ******      *      *     *  SI    -17.30
           I               ****     ****    ********    *  *   *     ** SI
           I               *****    *****   ********    *  *   *     ** SI
           I               *****    *****   ********   **  **  *     ***SI
     -18.54I               *****    *****   ********   **  **  *     ***SI    -18.54
           I               *****    *****   ********   **  **  *     ***SI
           I               *****    *****   ********   **  **  *     ***SI
           I               *****   ******   ********   **  **  *     ***SI
     -19.79I               *****   ******   ********S  **  **  *    ****SI    -19.79
           I              ******   ******   ********S  *** ** S*    ****SI
           I            * ******   ******   ********S  ****** S*T   ****SI
           I            * ******   ******  *********S  ****** S*T   ****SI
     -21.03I  *         ********   ******  *********S  *******S*T   ****SI    -21.03
           I  *         ********   ******  *********S  *******S*T   ****SI
           I  *         ********   ******  *********S*T*******S*T   ****SI
           I  *   *     ********   ******  *********S*T*******S*T   ****SI
     -22.27I  *   *     ********   ******* *********S*T*******S*T   ****SI    -22.27
           I ***  *     ********S  ******* *********S*T*******S*T   ****SI
           I ***  **   *********S  ******* *********S*T*******S*T   ****SI
           I ***  **   *********S  *******S*********S*T*******S*T   ****SI
     -23.52I****  **   *********S  *******S*********S*T*******S*T   ****SI    -23.52
           I**** ***   *********S ********S*********S*T*******S*T   ****SI
           I**** ***   *********S ********S*********S*T*******S*T   ****SI
           I********   *********S*********S*********S*T*******S*T   ****SI
     -24.76I********   *********S*********S*********S*T*******S*T   ****SI    -24.76
           I********   *********S*********S*********S*T*******S*T   ****SI
           I********   *********S*********S*********S*T*******S*T   ****SI
           I********* S*********S*********S*********S*T*******S*T* *****SI
     -26.00I********* S*********S*********S*********S*T*******S*T* *****SI    -26.00
           I********* S*********S*********S*********S*T*******S*T* *****SI
           I********* S*********S*********S*********S*T*******S*T* *****SI
           I**********S*********S*********S*********S*T*******S*T* *****SI
     -27.24I**********S*********S*********S*********S*T*******S*T*******SI    -27.24
 ++++++++++I+++++++++++++++++++++++++++++++++++++++++++++++++++++++++++++I
            S=SEASONAL FREQUENCIES, T=TRADING DAY FREQUENCIES
        ces_hours 42540            PAGE  23, SERIES ces_hours_log_ad

  Peak probabilities for Tukey spectrum estimator
  Spectrum estimated from 2009.Jan to 2016.Dec.

                                          S1       S2       S3       S4       S5       S6       TD
                                        ------   ------   ------   ------   ------   ------   ------
  Model Residuals                        0.230    0.458    0.368    0.916*   0.301    0.071    0.674  
  Original Series (Table A1 or B1)       0.996**  0.984*   0.995**  0.696    0.374    0.623    0.770  
  Seasonally adjusted series (E2)        0.551    0.473    0.052    0.683    0.280    0.382    0.851  
  Modified Irregular (E3)                0.237    0.549    0.040    0.659    0.263    0.424    0.900* 
  ----------
     ** - Peak Probability > 0.99,
      * - 0.90 < Peak Probability < 0.99


