  Reading input spec file from D:\Programming\Dynamic Paper-dlrhcs_replication\outputs\empirical\unemployment\raw_sa_pilot\x13_work\ces_hours_additive_level_16700_200701_201612.spc

1

               U. S. Department of Commerce, U. S. Census Bureau

              X-13ARIMA-SEATS monthly seasonal adjustment Method,
                          Release Version 1.1 Build 62


           This software application provides an enhanced version of
             Statistics Canada's X-11-ARIMA extension (Dagum, 1980)
                 of the X-11 variant of the Census Method II of
                      Shiskin, Young and Musgrave (1967).

            It also provides an ARIMA model-based method following
       Hillmer and Tiao (1982) and Burman (1980) that is very similar
       to the update of the method of SEATS (Gomez and Maravall, 1996)
                produced at the Bank of Spain by G. Caporello and
               A. Maravall for TSW (Caporello and Maravall, 2004).
          The present application includes additional enhancements.

         X-13ARIMA-SEATS includes an automatic ARIMA model selection procedure
          based largely on the procedure of Gomez and Maravall (1998)
            as implemented in TRAMO (1996) and subsequent revisions.

              Primary Programmers: Brian Monsell, Mark Otto and,
                 for the ARIMA model-based signal extraction,
                      Gianluca Caporello and Victor Gomez


     Series Title- ces_hours 16700
     Series Name- ces_hours_additi
     Jul 29, 2026  08.39.17 

        -Period covered-  1st month,2007 to 12th month,2016
        -Type of run - additive seasonal adjustment

        -Sigma limits for graduating extreme values are  1.5 and  2.5 .
        -3x3 moving average used in section 1 of each iteration, 
         3x5 moving average in section 2 of iterations B and C,
         moving average for final seasonal factors chosen by Global MSR.
        -Holiday adjustment factors applied directly to the final seasonally adjusted series
        -Spectral plots generated for selected series
        -Spectral plots generated for series starting in 2009.Jan

 FILE SAVE REQUESTS (* indicates file exists and will be overwritten)
  D:\Programming\Dynamic Paper-dlrhcs_replication\outputs\empirical\unemployment\raw_sa_pilot\x13_work\ces_hours_additive_level_16700_200701_201612.d10  final seasonal factors
  D:\Programming\Dynamic Paper-dlrhcs_replication\outputs\empirical\unemployment\raw_sa_pilot\x13_work\ces_hours_additive_level_16700_200701_201612.d11  final seasonally adjusted data
  D:\Programming\Dynamic Paper-dlrhcs_replication\outputs\empirical\unemployment\raw_sa_pilot\x13_work\ces_hours_additive_level_16700_200701_201612.out  program output file
  D:\Programming\Dynamic Paper-dlrhcs_replication\outputs\empirical\unemployment\raw_sa_pilot\x13_work\ces_hours_additive_level_16700_200701_201612.err  program error file
        ces_hours 16700            PAGE   1, SERIES ces_hours_additi

     Contents of spc file D:\Programming\Dynamic Paper-dlrhcs_replication\outputs\empirical\unemployment\raw_sa_pilot\x13_work\ces_hours_additive_level_16700_200701_201612.spc

 Line #
 ------
      1: series {
      2:   title = "ces_hours 16700"
      3:   start = 2007.1
      4:   period = 12
      5:   data = (
      6: 33.4
      7: 34.5
      8: 35.6
      9: 35.7
     10: 34.4
     11: 35.8
     12: 34.6
     13: 34.3
     14: 34.2
     15: 35.1
     16: 36.3
     17: 35.9
     18: 35.8
     19: 36
     20: 35.4
     21: 33.8
     22: 36.6
     23: 37.7
     24: 33.6
     25: 34.1
     26: 31.2
     27: 33.3
     28: 32.6
     29: 34
     30: 32.9
     31: 33.7
     32: 34
     33: 33.8
     34: 33.5
     35: 33.5
     36: 34.1
     37: 34.1
     38: 33
     39: 33.2
     40: 32.6
     41: 33.4
     42: 33.8
     43: 33.4
     44: 33.6
     45: 33.4
     46: 33.8
     47: 32.9
     48: 33.5
     49: 33.9
     50: 33.6
     51: 33.7
     52: 33.5
     53: 33.3
     54: 32.9
     55: 33.3
     56: 33.7
     57: 33.7
     58: 34.2
     59: 33.8
     60: 33
     61: 33.7
     62: 33.8
     63: 34.4
     64: 34.1
     65: 34.1
     66: 34.3
     67: 34.7
     68: 34.5
     69: 35.2
     70: 34.3
     71: 34
     72: 34.4
     73: 34.4
     74: 34.8
     75: 34.4
     76: 34
     77: 34.7
     78: 34.1
     79: 33.9
     80: 34.6
     81: 35.1
     82: 34.8
     83: 35.2
     84: 34.4
     85: 34.8
     86: 35.4
     87: 35.1
     88: 35
     89: 35.4
     90: 35
     91: 35
     92: 35.5
     93: 35.4
     94: 35.5
     95: 35.6
     96: 34.9
     97: 35.3
     98: 35.5
     99: 35.1
    100: 35.5
    101: 35.3
    102: 34.9
    103: 35.3
    104: 35.4
    105: 35.4
    106: 35.5
    107: 35.7
    108: 35.5
    109: 36.1
    110: 35.2
    111: 35.2
    112: 35.4
    113: 35
    114: 35
    115: 35
    116: 35.5
    117: 35.5
    118: 35.4
    119: 35.3
    120: 35.4
    121: 35
    122: 34.9
    123: 34.2
    124: 34.5
    125: 34.7
    126:   )
    127: }
    128: transform { function = none }
    129: regression { aictest = (td easter) }
    130: automdl {}
    131: x11 { mode = add save = (d10 d11) }
        ces_hours 16700            PAGE   2, SERIES ces_hours_additi

 A 1  Time series data (for the span analyzed)
  From  2007.Jan to 2016.Dec
  Observations        120
 -----------------------------------------------------------------------------
               Jan      Feb      Mar      Apr      May      Jun 
               Jul      Aug      Sep      Oct      Nov      Dec        TOTAL  
 -----------------------------------------------------------------------------
  2007          33.      35.      36.      36.      34.      36.
                35.      34.      34.      35.      36.      36.          420.
 
  2008          36.      36.      35.      34.      37.      38.
                34.      34.      31.      33.      33.      34.          414.
 
  2009          33.      34.      34.      34.      34.      34.
                34.      34.      33.      33.      33.      33.          402.
 
  2010          34.      33.      34.      33.      34.      33.
                34.      34.      34.      34.      34.      33.          402.
 
  2011          33.      33.      34.      34.      34.      34.
                33.      34.      34.      34.      34.      34.          405.
 
  2012          34.      35.      35.      35.      34.      34.
                34.      34.      35.      34.      34.      35.          414.
 
  2013          34.      34.      35.      35.      35.      35.
                34.      35.      35.      35.      35.      35.          418.
 
  2014          35.      35.      36.      35.      36.      36.
                35.      35.      36.      35.      36.      35.          424.
 
  2015          35.      35.      35.      35.      36.      36.
                36.      36.      35.      35.      35.      35.          425.
 
  2016          35.      35.      36.      36.      35.      35.
                35.      35.      35.      34.      35.      35.          420.
 
  AVGE          34.      34.      35.      35.      35.      35.
                34.      35.      34.      34.      34.      35.

  Table Total-        4143.   Mean-        35.   Std. Dev.-         1.
                              Min -        31.        Max -        38.
        ces_hours 16700            PAGE   3, SERIES ces_hours_additi
                        Automatic ARIMA Model Selection

                    Procedure based closely on TRAMO method 
                         of Gomez and Maravall (2000)
              "Automatic Modeling Methods for Univariate Series",
                            A Course in Time Series
                  (Edited by D. Pena, G. C. Tiao, R. S. Tsay),
                         New York : J. Wiley and Sons


     Maximum order for regular ARMA parameters :   2
     Maximum order for seasonal ARMA parameters :   1
     Maximum order for regular differencing :   2
     Maximum order for seasonal differencing :   1

   Results of Unit Root Test for identifying orders of differencing:
     Regular difference order :   0
     Seasonal difference order :   0

  Automatic model choice : (1 0 1)


  Final Checks for Identified Model


  Checking for Unit Roots.
   No unit roots found.
   Nonseasonal MA not within  0.001 of 1.0 - model passes test.

  Checking for insignificant ARMA coefficients.

  Final automatic model choice : (1 0 1)
   End of automatic model selection procedure.

 Average absolute percentage error in within-sample forecasts:
  Last year:   1.09      Last-1 year:   1.53     Last-2 year:   1.33
  Last three years:    1.31

 Estimation converged in   19 ARMA iterations,   86 function evaluations.

 Regression Model
 ------------------------------------------------------------------------------
                             Parameter        Standard
 Variable                     Estimate           Error      t-value
 ------------------------------------------------------------------------------
 Constant                      34.5094         0.29645       116.41

 Leap Year                      0.3920         0.41789         0.94

 1-Coefficient Trading Day
   Weekday                     -0.0375         0.01849        -2.03
 **Sat/Sun (derived)            0.0938         0.04622         2.03
 ------------------------------------------------------------------------------
 **For the one coefficient trading-day effect, the derived
   parameter estimate is obtained indirectly as minus -2.5 times
   the directly estimated parameter that defines the effect.


 Chi-squared Tests for Groups of Regressors
 ------------------------------------------------------------------------------
 Regression Effect                  df      Chi-Square      P-Value
 ------------------------------------------------------------------------------
 Combined Trading Day and Leap Year Regressors
                                     2            4.77         0.09


 F Tests for Trading Day Regressors 
 -----------------------------------------------------------------------
 Regression Effect                     df         F-statistic    P-Value
 -----------------------------------------------------------------------
 1-Coefficient Trading Day           1, 117            4.01         0.05


 ARIMA Model:  (1 0 1)
                                              Standard
 Parameter                    Estimate          Errors
 -----------------------------------------------------
 Nonseasonal AR                                    
   Lag  1                       0.8919         0.05233

 Nonseasonal MA                                    
   Lag  1                       0.4510         0.10208

 Variance                       0.45927E+00
 SE of Var                      0.59291E-01
 -----------------------------------------------------

 Likelihood Statistics
 ------------------------------------------------------------------
 Number of observations (nobs)                                  120
 Effective number of observations (nefobs)                      120
 Number of parameters estimated (np)                              6
 Log likelihood (L)                                       -123.9780
 AIC                                                       259.9561 
 AICC (F-corrected-AIC)                                    260.6994 
 Hannan Quinn                                              266.7482 
 BIC                                                       276.6810 
 ------------------------------------------------------------------

 QS Statistic for regARIMA Model Residuals (full series):             1.53
                                                       (P-Value =     0.4660)

 QS Statistic for regARIMA Model Residuals (starting 2009.Jan):       4.55
                                                       (P-Value =     0.1029)
      10*LOG(SPECTRUM) of the regARIMA model residuals
      Spectrum estimated from 2009.Jan to 2016.Dec.
 ++++++++++I+++++++++++++++++++++++++++++++++++++++++++++++++++++++++++++I
      -0.81I *                                                           I     -0.81
           I *                 *                                         I
           I *                 *                                         I
           I *                 *                                         I
      -2.04I *                 *                                         I     -2.04
           I *                 *                                         I
           I *                 *                                         I
           I *                 *                                         I
      -3.27I *                 *                                         I     -3.27
           I**                 *                                         I
           I**                 *                                         I
           I**                 *                                         I
      -4.51I**                 *                                         I     -4.51
           I**                 *       *               *                SI
           I**                 *       *               *                SI
           I**             *   *       ** S            *                SI
      -5.74I**             *   *       ** S     *      *                SI     -5.74
           I**             *   *       ** S     *      *                SI
           I**             *   *       ***S     *      *                SI
           I***            *   *S      ***S     *     T*                SI
      -6.97I***            *   *S  *   ***S     *     T*                SI     -6.97
           I***        *   *   *S  *   ***S     *     T*                SI
           I***        *   *   *S  *   ***S     *    *T**               SI
           I***       S*   *   *S  *   ***S     *    *T**   *           SI
      -8.20I***       S*   *  **S  ** ****S     *    *T**   **      *   SI     -8.20
           I***       S*   *  **S  ** ****S     *    *T**   **      *   SI
           I***       S*   *  **S  ** ****S*   **   S*T**   **      *   SI
           I***       S*   ** **S *** ****S*   **   S*T**   **      *   SI
      -9.44I***       S*  *** **S *** ****S*   **   S*T**  ***      *   SI     -9.44
           I***       S*  *** **S*********S*   **   S*T**  ***      *   SI
           I***       S*  *** **S*********S*   **   S*T**  ***      *   SI
           I***       S*  *** **S*********S*   **   S*T*** ***     **   SI
     -10.67I***       S*  ******S*********S*   ***  S*T*** ***S    **   SI    -10.67
           I***   *   S*  ******S*********S*   ***  S*T*******S    **   SI
           I***   *   S*  ******S*********S*   *** *S*T*******S    **  *SI
           I***   **  S*  ******S*********S*   *** *S*T*******S    **  *SI
     -11.90I***   **  S** ******S*********S*   *** *S*T*******S    **  *SI    -11.90
           I****  **  S** ******S*********S*   *****S*T*******S    **  *SI
           I****  ** *S*********S*********S*   *****S*T*******S    **  *SI
           I****  ** *S*********S*********S*   *****S*T*******S    **  *SI
     -13.13I**** *** *S*********S*********S**  *****S*T*******S*   **  *SI    -13.13
           I**** *****S*********S*********S** ******S*T*******S*   *** *SI
           I**** *****S*********S*********S** ******S*T*******S*   *** *SI
           I**********S*********S*********S** ******S*T*******S*   *** *SI
     -14.37I**********S*********S*********S** ******S*T*******S*   *****SI    -14.37
           I**********S*********S*********S*********S*T*******S*   *****SI
           I**********S*********S*********S*********S*T*******S*   *****SI
           I**********S*********S*********S*********S*T*******S*  ******SI
     -15.60I**********S*********S*********S*********S*T*******S*  ******SI    -15.60
           I**********S*********S*********S*********S*T*******S*T ******SI
           I**********S*********S*********S*********S*T*******S*T ******SI
           I**********S*********S*********S*********S*T*******S*T ******SI
     -16.83I**********S*********S*********S*********S*T*******S*T*******SI    -16.83
 ++++++++++I+++++++++++++++++++++++++++++++++++++++++++++++++++++++++++++I
            S=SEASONAL FREQUENCIES, T=TRADING DAY FREQUENCIES


 FORECASTING
  Origin  2016.Dec
  Number        12

  Forecasts and Standard Errors
   ------------------------------
                         Standard
       Date   Forecast      Error
   ------------------------------
   2017.Jan      34.62      0.680
   2017.Feb      34.49      0.753
   2017.Mar      34.47      0.796
   2017.Apr      34.76      0.837
   2017.May      34.45      0.863
   2017.Jun      34.48      0.886
   2017.Jul      34.70      0.907
   2017.Aug      34.44      0.920
   2017.Sep      34.60      0.931
   2017.Oct      34.56      0.941
   2017.Nov      34.46      0.950
   2017.Dec      34.68      0.958
   ------------------------------

  Confidence intervals with coverage probability ( 0.95000
   ---------------------------------------
       Date      Lower  Forecast     Upper
   ---------------------------------------
   2017.Jan      33.28     34.62     35.95
   2017.Feb      33.02     34.49     35.97
   2017.Mar      32.91     34.47     36.03
   2017.Apr      33.12     34.76     36.40
   2017.May      32.76     34.45     36.15
   2017.Jun      32.75     34.48     36.22
   2017.Jul      32.93     34.70     36.48
   2017.Aug      32.63     34.44     36.24
   2017.Sep      32.78     34.60     36.43
   2017.Oct      32.72     34.56     36.40
   2017.Nov      32.60     34.46     36.32
   2017.Dec      32.81     34.68     36.56
   ---------------------------------------
        ces_hours 16700            PAGE   4, SERIES ces_hours_additi

 A 6  RegARIMA trading day component
  From  2007.Jan to 2016.Dec
  Observations        120
 -----------------------------------------------------------------------------
               Jan      Feb      Mar      Apr      May      Jun 
               Jul      Aug      Sep      Oct      Nov      Dec         AVGE  
 -----------------------------------------------------------------------------
  2007          -0.      -0.       0.       0.      -0.       0.
                 0.      -0.       0.      -0.      -0.       0.           -0.
 
  2008          -0.       0.       0.      -0.       0.       0.
                -0.       0.      -0.      -0.       0.      -0.            0.
 
  2009           0.      -0.       0.      -0.       0.      -0.
                -0.       0.      -0.       0.       0.      -0.           -0.
 
  2010           0.      -0.      -0.      -0.       0.      -0.
                 0.       0.      -0.       0.      -0.      -0.           -0.
 
  2011           0.      -0.      -0.       0.       0.      -0.
                 0.      -0.      -0.       0.      -0.       0.           -0.
 
  2012           0.       0.       0.       0.      -0.       0.
                 0.      -0.       0.      -0.      -0.       0.            0.
 
  2013          -0.      -0.       0.      -0.      -0.       0.
                -0.       0.       0.      -0.       0.       0.           -0.
 
  2014          -0.      -0.       0.      -0.       0.       0.
                -0.       0.      -0.      -0.       0.      -0.           -0.
 
  2015           0.      -0.       0.      -0.       0.      -0.
                -0.       0.      -0.       0.       0.      -0.           -0.
 
  2016           0.       0.      -0.       0.       0.      -0.
                 0.      -0.      -0.       0.      -0.       0.            0.
 
  AVGE           0.       0.       0.      -0.       0.       0.
                -0.       0.      -0.      -0.       0.      -0.

  Table Total-           0.   Mean-         0.   Std. Dev.-         0.
                              Min -        -0.        Max -         0.

 A 6.A  RegARIMA trading day component forecasts
  From  2017.Jan to 2017.Dec
  Observations         12
 -----------------------------------------------------------------------------
               Jan      Feb      Mar      Apr      May      Jun 
               Jul      Aug      Sep      Oct      Nov      Dec         AVGE  
 -----------------------------------------------------------------------------
  2017           0.      -0.      -0.       0.      -0.      -0.
                 0.      -0.       0.       0.      -0.       0.           -0.
 
        ces_hours 16700            PAGE   5, SERIES ces_hours_additi
  
 B 1  Original series (prior adjusted)
      (adjusted for regARIMA factors)
  From  2007.Jan to 2016.Dec
  Observations        120
 -----------------------------------------------------------------------------
               Jan      Feb      Mar      Apr      May      Jun 
               Jul      Aug      Sep      Oct      Nov      Dec        TOTAL  
 -----------------------------------------------------------------------------
  2007          34.      35.      36.      36.      35.      36.
                35.      34.      34.      35.      36.      36.          420.
 
  2008          36.      36.      35.      34.      37.      38.
                34.      34.      31.      33.      32.      34.          414.
 
  2009          33.      34.      34.      34.      33.      34.
                34.      34.      33.      33.      33.      34.          402.
 
  2010          34.      33.      34.      33.      34.      33.
                33.      34.      34.      34.      34.      33.          403.
 
  2011          33.      33.      34.      34.      34.      34.
                33.      34.      34.      34.      34.      34.          405.
 
  2012          34.      34.      34.      35.      34.      34.
                34.      35.      35.      35.      34.      35.          413.
 
  2013          34.      34.      34.      35.      35.      35.
                35.      35.      35.      35.      35.      35.          418.
 
  2014          35.      35.      35.      35.      35.      36.
                35.      35.      36.      35.      35.      35.          424.
 
  2015          35.      35.      35.      35.      35.      36.
                36.      36.      35.      35.      35.      35.          425.
 
  2016          35.      35.      36.      35.      35.      35.
                35.      35.      35.      34.      35.      35.          420.
 
  AVGE          34.      34.      35.      35.      35.      35.
                34.      35.      34.      34.      34.      35.

  Table Total-        4143.   Mean-        35.   Std. Dev.-         1.
                              Min -        31.        Max -        38.

 B 1.A  Forecasts of (prior adjusted) original series
  From  2017.Jan to 2017.Dec
  Observations         12
 -----------------------------------------------------------------------------
               Jan      Feb      Mar      Apr      May      Jun 
               Jul      Aug      Sep      Oct      Nov      Dec        TOTAL  
 -----------------------------------------------------------------------------
  2017          35.      35.      35.      35.      35.      35.
                35.      35.      35.      35.      35.      35.          415.
 
        ces_hours 16700            PAGE   6, SERIES ces_hours_additi

 C 17  Final weights for irregular component
  From  2007.Jan to 2016.Dec
  Observations        120
  Lower sigma limit    1.50
  Upper sigma limit    2.50
 -----------------------------------------------------------------------------
               Jan      Feb      Mar      Apr      May      Jun 
               Jul      Aug      Sep      Oct      Nov      Dec         S.D.  
 -----------------------------------------------------------------------------
  2007         100.     100.     100.     100.     100.     100.
               100.     100.     100.     100.       0.     100.           38.
 
  2008         100.     100.     100.       0.       0.       0.
                93.     100.       0.     100.     100.      60.           38.
 
  2009         100.     100.     100.     100.     100.     100.
                70.     100.     100.     100.     100.     100.           38.
 
  2010         100.     100.     100.     100.     100.      37.
               100.     100.     100.     100.     100.     100.           30.
 
  2011           2.     100.     100.     100.      92.     100.
                 0.     100.     100.     100.     100.     100.           25.
 
  2012         100.     100.     100.      32.     100.       0.
               100.     100.     100.     100.     100.     100.           20.
 
  2013         100.      94.     100.      73.     100.     100.
               100.     100.     100.     100.     100.     100.           18.
 
  2014         100.     100.     100.     100.     100.     100.
               100.     100.     100.     100.     100.     100.           15.
 
  2015          69.      81.     100.     100.     100.     100.
               100.       0.       0.     100.     100.     100.           14.
 
  2016         100.      65.       0.     100.     100.     100.
               100.     100.     100.       0.     100.     100.           14.
 
        ces_hours 16700            PAGE   7, SERIES ces_hours_additi

 D 8  Final unmodified SI ratios
  From  2007.Jan to 2016.Dec
  Observations        120
 -----------------------------------------------------------------------------
               Jan      Feb      Mar      Apr      May      Jun 
               Jul      Aug      Sep      Oct      Nov      Dec         AVGE  
 -----------------------------------------------------------------------------
  2007          -1.       0.       1.       1.      -0.       1.
                -0.      -1.      -1.      -0.       1.       0.            0.
 
  2008           0.       0.       0.      -1.       2.       3.
                -1.      -0.      -2.      -0.      -1.       1.            0.
 
  2009          -0.       0.       1.       0.      -0.      -0.
                 1.       0.      -0.      -0.      -1.       0.            0.
 
  2010           0.       0.       0.       0.       0.      -1.
                -0.       0.      -0.      -0.      -0.      -0.            0.
 
  2011          -1.      -0.       0.       0.       0.       0.
                -1.      -0.      -0.       0.      -0.      -0.           -0.
 
  2012          -0.      -0.       0.       1.      -0.      -1.
                -0.       0.       0.       0.      -0.       0.           -0.
 
  2013          -0.      -0.      -0.       1.       0.       0.
                -0.      -0.       0.       0.      -0.       0.            0.
 
  2014          -0.      -0.       0.       0.       0.       0.
                -0.      -0.       0.      -0.      -0.       0.            0.
 
  2015          -1.       0.      -0.       0.      -0.       0.
                 0.       0.      -0.      -0.       0.      -0.            0.
 
  2016          -0.      -0.       0.       0.       0.       0.
                 0.       0.       0.      -1.      -0.      -0.           -0.
 
  AVGE          -0.      -0.       0.       0.       0.       0.
                -0.       0.      -0.      -0.      -0.       0.

  Table Total-           0.   Mean-         0.   Std. Dev.-         1.
                              Min -        -2.        Max -         3.
        ces_hours 16700            PAGE   8, SERIES ces_hours_additi

 D 8.B  Final unmodified SI ratios, with labels for outliers and extreme values
  From  2007.Jan to 2016.Dec
  Observations        120
 ---------------------------------------------------------------------
               Jan       Feb       Mar       Apr       May       Jun  
               Jul       Aug       Sep       Oct       Nov       Dec  
 ---------------------------------------------------------------------
  2007         -1.        0.        1.        1.       -0.        1.  
               -0.       -1.       -1.       -0.        1.*       0.  
 
  2008          0.        0.        0.       -1.*       2.*       3.* 
               -1.*      -0.       -2.*      -0.       -1.        1.* 
 
  2009         -0.        0.        1.        0.       -0.       -0.  
                1.*       0.       -0.       -0.       -1.        0.  
 
  2010          0.        0.        0.        0.        0.       -1.* 
               -0.        0.       -0.       -0.       -0.       -0.  
 
  2011         -1.*      -0.        0.        0.        0.*       0.  
               -1.*      -0.       -0.        0.       -0.       -0.  
 
  2012         -0.       -0.        0.        1.*      -0.       -1.* 
               -0.        0.        0.        0.       -0.        0.  
 
  2013         -0.       -0.*      -0.        1.*       0.        0.  
               -0.       -0.        0.        0.       -0.        0.  
 
  2014         -0.       -0.        0.        0.        0.        0.  
               -0.       -0.        0.       -0.       -0.        0.  
 
  2015         -1.*       0.*      -0.        0.       -0.        0.  
                0.        0.*      -0.*      -0.        0.       -0.  
 
  2016         -0.       -0.*       0.*       0.        0.        0.  
                0.        0.        0.       -1.*      -0.       -0.  
 

  Key to symbols:
    *  : extreme value as determined by X-11 extreme value procedure
 
        ces_hours 16700            PAGE   9, SERIES ces_hours_additi

 D 9  Final replacement values for SI ratios
  From  2007.Jan to 2016.Dec
  Observations        120
 ---------------------------------------------------------------
               Jan      Feb      Mar      Apr      May      Jun 
               Jul      Aug      Sep      Oct      Nov      Dec 
 ---------------------------------------------------------------
  2007     ******** ******** ******** ******** ******** ********
           ******** ******** ******** ********      -0. ********
 
  2008     ******** ******** ********       1.       0.       1.
                -1. ********      -1. ******** ********       1.
 
  2009     ******** ******** ******** ******** ******** ********
                 0. ******** ******** ******** ******** ********
 
  2010     ******** ******** ******** ******** ********      -0.
           ******** ******** ******** ******** ******** ********
 
  2011          -0. ******** ******** ********       0. ********
                -0. ******** ******** ******** ******** ********
 
  2012     ******** ******** ********       0. ********       0.
           ******** ******** ******** ******** ******** ********
 
  2013     ********      -0. ********       0. ******** ********
           ******** ******** ******** ******** ******** ********
 
  2014     ******** ******** ******** ******** ******** ********
           ******** ******** ******** ******** ******** ********
 
  2015          -0.      -0. ******** ******** ******** ********
           ********       0.       0. ******** ******** ********
 
  2016     ********      -0.       0. ******** ******** ********
           ******** ******** ********      -0. ******** ********
 

 D 9.A  Moving seasonality ratio
 ---------------------------------------------------------------
               Jan      Feb      Mar      Apr      May      Jun 
 ---------------------------------------------------------------
   I          0.408    0.226    0.248    0.201    0.296    0.148
   S          0.042    0.070    0.062    0.049    0.055    0.044
 RATIO        9.790    3.220    3.995    4.110    5.380    3.374



 ---------------------------------------------------------------
               Jul      Aug      Sep      Oct      Nov      Dec 
 ---------------------------------------------------------------
   I          0.253    0.204    0.166    0.132    0.269    0.211
   S          0.032    0.023    0.106    0.030    0.073    0.046
 RATIO        7.864    8.929    1.562    4.440    3.670    4.586



        ces_hours 16700            PAGE  10, SERIES ces_hours_additi

 D 10  Final seasonal factors
  From  2007.Jan to 2016.Dec
  Observations        120
  Seasonal filter    3 x 5 moving average
 -----------------------------------------------------------------------------
               Jan      Feb      Mar      Apr      May      Jun 
               Jul      Aug      Sep      Oct      Nov      Dec         AVGE  
 -----------------------------------------------------------------------------
  2007          -0.       0.       0.       1.      -0.       0.
                -0.      -0.      -1.      -0.      -1.       0.            0.
 
  2008          -0.       0.       0.       0.      -0.       0.
                -0.      -0.      -1.      -0.      -1.       0.            0.
 
  2009          -0.       0.       0.       0.       0.       0.
                -0.       0.      -0.      -0.      -0.       0.            0.
 
  2010          -0.       0.       0.       0.       0.       0.
                -0.       0.      -0.      -0.      -0.       0.            0.
 
  2011          -0.       0.       0.       0.       0.       0.
                -0.       0.      -0.      -0.      -0.       0.            0.
 
  2012          -0.      -0.       0.       0.       0.       0.
                -0.      -0.       0.       0.      -0.      -0.            0.
 
  2013          -0.      -0.       0.       0.       0.       0.
                -0.      -0.       0.      -0.      -0.       0.            0.
 
  2014          -0.      -0.       0.       0.       0.       0.
                -0.      -0.       0.      -0.      -0.      -0.            0.
 
  2015          -0.      -0.      -0.       0.       0.       0.
                -0.       0.       0.      -0.      -0.      -0.            0.
 
  2016          -0.      -0.      -0.       0.       0.       0.
                 0.       0.       0.      -0.      -0.      -0.           -0.
 
  AVGE          -0.       0.       0.       0.       0.       0.
                -0.      -0.      -0.      -0.      -0.       0.

  Table Total-           1.   Mean-         0.   Std. Dev.-         0.
                              Min -        -1.        Max -         1.

 D 10.A  Final seasonal component forecasts
  From  2017.Jan to 2017.Dec
  Observations         12
 -----------------------------------------------------------------------------
               Jan      Feb      Mar      Apr      May      Jun 
               Jul      Aug      Sep      Oct      Nov      Dec         AVGE  
 -----------------------------------------------------------------------------
  2017          -0.      -0.      -0.       0.       0.       0.
                 0.       0.       0.      -0.      -0.      -0.           -0.
 
        ces_hours 16700            PAGE  11, SERIES ces_hours_additi
  
 D 11  Final seasonally adjusted data
       (also adjusted for trading day)
  From  2007.Jan to 2016.Dec
  Observations        120
 -----------------------------------------------------------------------------
               Jan      Feb      Mar      Apr      May      Jun 
               Jul      Aug      Sep      Oct      Nov      Dec        TOTAL  
 -----------------------------------------------------------------------------
  2007          34.      34.      35.      35.      35.      35.
                35.      34.      35.      35.      37.      36.          420.
 
  2008          36.      35.      35.      33.      37.      37.
                34.      34.      32.      34.      33.      34.          414.
 
  2009          33.      34.      34.      34.      33.      33.
                34.      34.      33.      33.      33.      33.          402.
 
  2010          34.      33.      33.      33.      34.      33.
                34.      34.      34.      34.      34.      33.          402.
 
  2011          33.      33.      34.      33.      34.      34.
                33.      34.      34.      34.      34.      34.          405.
 
  2012          34.      35.      34.      35.      34.      34.
                35.      35.      35.      35.      34.      35.          413.
 
  2013          34.      34.      34.      35.      35.      35.
                35.      35.      35.      35.      35.      35.          418.
 
  2014          35.      35.      35.      35.      35.      35.
                35.      35.      35.      35.      35.      35.          424.
 
  2015          35.      36.      35.      35.      35.      36.
                36.      36.      35.      35.      35.      35.          425.
 
  2016          35.      35.      36.      35.      35.      35.
                35.      35.      35.      34.      35.      35.          420.
 
  AVGE          34.      34.      35.      34.      35.      35.
                34.      35.      34.      34.      35.      35.

  Table Total-        4142.   Mean-        35.   Std. Dev.-         1.
                              Min -        32.        Max -        37.
        ces_hours 16700            PAGE  12, SERIES ces_hours_additi

 D 12  Final trend cycle
  From  2007.Jan to 2016.Dec
  Observations        120
  Trend filter    13-term Henderson moving average
  I/C ratio        3.16
 -----------------------------------------------------------------------------
               Jan      Feb      Mar      Apr      May      Jun 
               Jul      Aug      Sep      Oct      Nov      Dec        TOTAL  
 -----------------------------------------------------------------------------
  2007          34.      34.      35.      35.      35.      35.
                35.      35.      35.      35.      35.      36.          419.
 
  2008          36.      35.      35.      35.      35.      35.
                34.      34.      34.      33.      33.      33.          413.
 
  2009          33.      33.      33.      34.      34.      34.
                34.      34.      34.      33.      33.      33.          402.
 
  2010          33.      33.      33.      33.      33.      33.
                34.      34.      34.      34.      34.      34.          403.
 
  2011          33.      33.      34.      34.      34.      34.
                34.      34.      34.      34.      34.      34.          406.
 
  2012          34.      34.      34.      34.      34.      34.
                34.      34.      34.      34.      34.      34.          413.
 
  2013          34.      34.      35.      35.      35.      35.
                35.      35.      35.      35.      35.      35.          418.
 
  2014          35.      35.      35.      35.      35.      35.
                35.      35.      35.      35.      35.      35.          424.
 
  2015          35.      35.      35.      35.      35.      35.
                35.      35.      35.      35.      35.      35.          425.
 
  2016          35.      35.      35.      35.      35.      35.
                35.      35.      35.      35.      35.      35.          421.
 
  AVGE          34.      34.      35.      35.      35.      35.
                35.      35.      35.      35.      35.      35.

  Table Total-        4142.   Mean-        35.   Std. Dev.-         1.
                              Min -        33.        Max -        36.
        ces_hours 16700            PAGE  13, SERIES ces_hours_additi

 D 13  Final irregular component
  From  2007.Jan to 2016.Dec
  Observations        120
 -----------------------------------------------------------------------------
               Jan      Feb      Mar      Apr      May      Jun 
               Jul      Aug      Sep      Oct      Nov      Dec         S.D.  
 -----------------------------------------------------------------------------
  2007          -1.      -0.       0.       0.      -0.       0.
                -0.      -0.      -0.       0.       2.      -0.            1.
 
  2008           0.      -0.      -1.      -2.       2.       3.
                -0.       0.      -2.       0.      -0.       1.            1.
 
  2009          -0.       0.       0.       0.      -0.      -0.
                 1.       0.      -0.      -0.      -0.       0.            0.
 
  2010           0.      -0.       0.      -0.       0.      -1.
                 0.       0.       0.      -0.       0.      -0.            0.
 
  2011          -1.      -0.       0.      -0.       0.       0.
                -1.      -0.      -0.       0.       0.      -0.            0.
 
  2012           0.       0.      -0.       0.      -0.      -1.
                 0.       0.       0.       0.      -0.       0.            0.
 
  2013           0.      -0.      -0.       0.       0.       0.
                -0.      -0.       0.       0.      -0.       0.            0.
 
  2014           0.      -0.       0.      -0.       0.       0.
                -0.      -0.       0.      -0.       0.       0.            0.
 
  2015          -0.       0.       0.      -0.      -0.       0.
                 0.       0.      -0.      -0.       0.      -0.            0.
 
  2016          -0.      -0.       0.       0.       0.      -0.
                 0.       0.      -0.      -1.      -0.      -0.            0.
 
  S.D.           0.       0.       0.       1.       1.       1.
                 0.       0.       1.       0.       1.       0.

  Table Total-          -0.   Mean-        -0.   Std. Dev.-         0.
                              Min -        -2.        Max -         3.
        ces_hours 16700            PAGE  14, SERIES ces_hours_additi
  
 D 16  Combined adjustment factors
       (includes seasonal, trading day factors)
  From  2007.Jan to 2016.Dec
  Observations        120
 -----------------------------------------------------------------------------
               Jan      Feb      Mar      Apr      May      Jun 
               Jul      Aug      Sep      Oct      Nov      Dec         AVGE  
 -----------------------------------------------------------------------------
  2007          -0.       0.       1.       1.      -0.       0.
                -0.      -0.      -0.      -0.      -1.       0.           -0.
 
  2008          -0.       1.       1.       0.      -0.       0.
                -0.       0.      -1.      -0.      -0.       0.            0.
 
  2009          -0.       0.       0.       0.       0.       0.
                -0.       0.      -0.      -0.      -0.       0.           -0.
 
  2010           0.       0.       0.       0.       0.       0.
                -0.       0.      -0.       0.      -0.      -0.            0.
 
  2011           0.      -0.       0.       0.       0.       0.
                -0.      -0.      -0.       0.      -0.       0.            0.
 
  2012          -0.       0.       0.       0.       0.       0.
                -0.      -0.       0.      -0.      -0.       0.            0.
 
  2013          -0.      -0.       0.       0.       0.       0.
                -0.      -0.       0.      -0.      -0.       0.           -0.
 
  2014          -0.      -0.       0.       0.       0.       0.
                -0.       0.       0.      -0.       0.      -0.           -0.
 
  2015          -0.      -0.       0.       0.       0.       0.
                -0.       0.       0.      -0.      -0.      -0.           -0.
 
  2016          -0.       0.      -0.       0.       0.       0.
                 0.      -0.       0.       0.      -0.      -0.            0.
 
  AVGE          -0.       0.       0.       0.       0.       0.
                -0.       0.      -0.      -0.      -0.       0.

  Table Total-           1.   Mean-         0.   Std. Dev.-         0.
                              Min -        -1.        Max -         1.

 D 16.A  Combined adjustment component forecasts
  From  2017.Jan to 2017.Dec
  Observations         12
 -----------------------------------------------------------------------------
               Jan      Feb      Mar      Apr      May      Jun 
               Jul      Aug      Sep      Oct      Nov      Dec         AVGE  
 -----------------------------------------------------------------------------
  2017          -0.      -0.      -0.       0.      -0.       0.
                 0.      -0.       0.      -0.      -0.       0.           -0.
 
        ces_hours 16700            PAGE  15, SERIES ces_hours_additi
  
 D 18  Combined calendar adjustment factors
       (includes trading day factors)
  From  2007.Jan to 2016.Dec
  Observations        120
 -----------------------------------------------------------------------------
               Jan      Feb      Mar      Apr      May      Jun 
               Jul      Aug      Sep      Oct      Nov      Dec         AVGE  
 -----------------------------------------------------------------------------
  2007          -0.      -0.       0.       0.      -0.       0.
                 0.      -0.       0.      -0.      -0.       0.           -0.
 
  2008          -0.       0.       0.      -0.       0.       0.
                -0.       0.      -0.      -0.       0.      -0.            0.
 
  2009           0.      -0.       0.      -0.       0.      -0.
                -0.       0.      -0.       0.       0.      -0.           -0.
 
  2010           0.      -0.      -0.      -0.       0.      -0.
                 0.       0.      -0.       0.      -0.      -0.           -0.
 
  2011           0.      -0.      -0.       0.       0.      -0.
                 0.      -0.      -0.       0.      -0.       0.           -0.
 
  2012           0.       0.       0.       0.      -0.       0.
                 0.      -0.       0.      -0.      -0.       0.            0.
 
  2013          -0.      -0.       0.      -0.      -0.       0.
                -0.       0.       0.      -0.       0.       0.           -0.
 
  2014          -0.      -0.       0.      -0.       0.       0.
                -0.       0.      -0.      -0.       0.      -0.           -0.
 
  2015           0.      -0.       0.      -0.       0.      -0.
                -0.       0.      -0.       0.       0.      -0.           -0.
 
  2016           0.       0.      -0.       0.       0.      -0.
                 0.      -0.      -0.       0.      -0.       0.            0.
 
  AVGE           0.       0.       0.      -0.       0.       0.
                -0.       0.      -0.      -0.       0.      -0.

  Table Total-           0.   Mean-         0.   Std. Dev.-         0.
                              Min -        -0.        Max -         0.

 D 18.A  Combined calendar adjustment component forecasts
  From  2017.Jan to 2017.Dec
  Observations         12
 -----------------------------------------------------------------------------
               Jan      Feb      Mar      Apr      May      Jun 
               Jul      Aug      Sep      Oct      Nov      Dec         AVGE  
 -----------------------------------------------------------------------------
  2017           0.      -0.      -0.       0.      -0.      -0.
                 0.      -0.       0.       0.      -0.       0.           -0.
 
        ces_hours 16700            PAGE  16, SERIES ces_hours_additi

 E 4  Differences of annual totals
  From          2007 to 2016
  Observations         10
 -----------------------------------
  Year       Unmodified     Modified
                  (D11)         (E2)
 -----------------------------------
  2007              -0.          -0.
 
  2008               0.           0.
 
  2009              -0.          -0.
 
  2010               0.           0.
 
  2011               0.           0.
 
  2012               0.           0.
 
  2013              -0.          -0.
 
  2014              -0.          -0.
 
  2015              -0.          -0.
 
  2016               0.           0.
 
        ces_hours 16700            PAGE  17, SERIES ces_hours_additi

 E 5  Month-to-month differences in the original series
  From  2007.Feb to 2016.Dec
  Observations        119
 -----------------------------------------------------------------------------
               Jan      Feb      Mar      Apr      May      Jun 
               Jul      Aug      Sep      Oct      Nov      Dec         AVGE  
 -----------------------------------------------------------------------------
  2007                    1.       1.       0.      -1.       1.
                -1.      -0.      -0.       1.       1.      -0.            0.
 
  2008          -0.       0.      -1.      -2.       3.       1.
                -4.       1.      -3.       2.      -1.       1.           -0.
 
  2009          -1.       1.       0.      -0.      -0.       0.
                 1.       0.      -1.       0.      -1.       1.           -0.
 
  2010           0.      -0.       0.      -0.       0.      -1.
                 1.       0.      -0.       0.      -0.      -0.           -0.
 
  2011          -0.       0.       0.       0.       1.      -0.
                -1.       1.       0.       1.      -0.       0.            0.
 
  2012           0.       0.      -0.       1.      -1.      -0.
                 0.       0.       0.      -0.      -0.       1.            0.
 
  2013          -1.      -0.       1.       1.      -0.       0.
                -1.       0.       1.      -0.      -0.       0.            0.
 
  2014          -0.       0.       1.      -0.       0.       0.
                -1.       0.       0.      -0.       0.      -0.           -0.
 
  2015          -0.       0.       0.       0.       0.       0.
                -0.       1.      -1.       0.       0.      -0.           -0.
 
  2016           0.       0.       1.       0.      -0.      -0.
                 0.      -0.      -0.      -1.       0.       0.           -0.
 
  AVGE          -0.       0.       0.      -0.       0.       0.
                -1.       0.      -0.       0.      -0.       0.

  Table Total-           1.   Mean-         0.   Std. Dev.-         1.
                              Min -        -4.        Max -         3.
        ces_hours 16700            PAGE  18, SERIES ces_hours_additi

 E 6  Month-to-month differences in seasonally adjusted series (D11)
  From  2007.Feb to 2016.Dec
  Observations        119
 -----------------------------------------------------------------------------
               Jan      Feb      Mar      Apr      May      Jun 
               Jul      Aug      Sep      Oct      Nov      Dec         AVGE  
 -----------------------------------------------------------------------------
  2007                    1.       1.       0.      -1.       1.
                -1.      -0.       0.       1.       2.      -2.            0.
 
  2008           0.      -1.      -1.      -1.       3.       1.
                -3.       0.      -2.       2.      -1.       1.           -0.
 
  2009          -1.       1.       0.      -0.      -0.       0.
                 1.      -0.      -0.      -0.      -0.       0.           -0.
 
  2010           0.      -0.       0.      -0.       0.      -1.
                 1.       0.       0.      -0.       0.      -1.           -0.
 
  2011          -1.       1.       0.      -0.       1.      -0.
                -1.       1.       0.       0.       0.      -0.            0.
 
  2012           0.       0.      -0.       1.      -1.      -0.
                 1.      -0.       0.      -0.      -0.       0.            0.
 
  2013          -0.      -0.       0.       1.      -0.       0.
                -0.       0.       0.       0.      -0.       0.            0.
 
  2014          -0.      -0.       0.      -0.       0.      -0.
                -0.       0.       0.      -0.       0.      -0.            0.
 
  2015          -0.       0.      -0.      -0.      -0.       0.
                 0.       0.      -1.       0.       0.      -0.           -0.
 
  2016          -0.      -0.       1.      -0.      -0.      -0.
                 0.      -0.      -0.      -1.       1.       0.           -0.
 
  AVGE          -0.       0.       0.      -0.       0.       0.
                -0.       0.      -0.       0.       0.      -0.

  Table Total-           1.   Mean-         0.   Std. Dev.-         1.
                              Min -        -3.        Max -         3.
        ces_hours 16700            PAGE  19, SERIES ces_hours_additi

 E 7  Month-to-month differences in final trend cycle (D12)
  From  2007.Feb to 2016.Dec
  Observations        119
 -----------------------------------------------------------------------------
               Jan      Feb      Mar      Apr      May      Jun 
               Jul      Aug      Sep      Oct      Nov      Dec         AVGE  
 -----------------------------------------------------------------------------
  2007                    0.       0.       0.       0.      -0.
                -0.      -0.       0.       0.       0.       0.            0.
 
  2008           0.      -0.      -0.      -0.      -0.      -0.
                -0.      -0.      -0.      -0.      -0.      -0.           -0.
 
  2009           0.       0.       0.       0.       0.       0.
                 0.      -0.      -0.      -0.      -0.      -0.            0.
 
  2010           0.       0.       0.       0.       0.       0.
                 0.       0.       0.      -0.      -0.      -0.            0.
 
  2011          -0.      -0.       0.       0.       0.       0.
                 0.       0.       0.       0.       0.       0.            0.
 
  2012           0.       0.       0.       0.       0.       0.
                 0.       0.      -0.      -0.      -0.      -0.            0.
 
  2013           0.       0.       0.       0.       0.       0.
                 0.       0.       0.       0.       0.       0.            0.
 
  2014           0.       0.      -0.      -0.      -0.      -0.
                -0.       0.       0.       0.       0.       0.            0.
 
  2015           0.      -0.      -0.       0.       0.       0.
                 0.       0.      -0.      -0.      -0.      -0.           -0.
 
  2016          -0.      -0.       0.       0.       0.      -0.
                -0.      -0.      -0.      -0.      -0.      -0.           -0.
 
  AVGE           0.       0.       0.       0.       0.      -0.
                -0.      -0.      -0.      -0.       0.       0.

  Table Total-           1.   Mean-         0.   Std. Dev.-         0.
                              Min -        -0.        Max -         0.
        ces_hours 16700            PAGE  20, SERIES ces_hours_additi

 E 8  Month-to-month differences in original series adjusted for calendar factors (A18)
  From  2007.Feb to 2016.Dec
  Observations        119
 -----------------------------------------------------------------------------
               Jan      Feb      Mar      Apr      May      Jun 
               Jul      Aug      Sep      Oct      Nov      Dec         AVGE  
 -----------------------------------------------------------------------------
  2007                    1.       1.       0.      -1.       1.
                -1.      -0.      -0.       1.       1.      -1.            0.
 
  2008           0.      -0.      -0.      -1.       3.       1.
                -4.       0.      -3.       2.      -1.       2.           -0.
 
  2009          -1.       1.       0.      -0.      -1.       0.
                 1.      -0.      -1.       0.      -1.       1.           -0.
 
  2010           0.      -0.       0.      -0.       0.      -1.
                 1.       0.      -0.      -0.       0.      -0.           -0.
 
  2011          -1.       1.       0.      -0.       1.      -0.
                -1.       1.       0.       0.      -0.      -0.            0.
 
  2012           0.       0.       0.       1.      -1.      -0.
                 0.       0.       0.      -0.      -0.       0.            0.
 
  2013          -0.      -0.       0.       1.      -0.       0.
                -0.       0.       1.      -0.      -0.       0.            0.
 
  2014          -0.      -0.       0.       0.       0.       0.
                -1.       0.       0.      -0.       0.       0.            0.
 
  2015          -1.       1.      -0.       0.      -0.       0.
                -0.       0.      -1.      -0.       0.      -0.           -0.
 
  2016          -0.      -0.       1.      -0.      -0.      -0.
                -0.      -0.      -0.      -1.       1.       0.           -0.
 
  AVGE          -0.       0.       0.      -0.       0.       0.
                -1.       0.      -0.       0.      -0.       0.

  Table Total-           1.   Mean-         0.   Std. Dev.-         1.
                              Min -        -4.        Max -         3.
        ces_hours 16700            PAGE  21, SERIES ces_hours_additi

 E 18  Final adjustment ratios
  From  2007.Jan to 2016.Dec
  Observations        120
 -----------------------------------------------------------------------------
               Jan      Feb      Mar      Apr      May      Jun 
               Jul      Aug      Sep      Oct      Nov      Dec         AVGE  
 -----------------------------------------------------------------------------
  2007       99.320  100.627  101.433  101.625   99.355  101.102
             99.541   99.527   98.761   99.280   98.030  101.104        99.975
 
  2008       99.428  101.511  101.762  101.148   99.889  100.936
             99.136  100.320   98.029   99.311   98.809  100.235       100.043
 
  2009       99.921  100.380  101.165  100.872  100.489  100.394
             99.191  100.473   98.568   99.789   98.662  100.066        99.997
 
  2010      100.259  100.100  100.534  100.676  100.664  100.162
             99.633  100.164   99.094  100.305   98.584   99.872       100.004
 
  2011      100.268   99.754  100.214  100.907  100.429  100.030
             99.999   99.796   99.674  100.393   98.922  100.133       100.043
 
  2012       99.646  100.464  100.406  100.814  100.091  100.525
             99.599   99.662  100.814   99.694   99.232  100.418       100.114
 
  2013       99.129   99.211  100.561  100.437  100.071  101.068
             99.240   99.966  100.650   99.670   99.769  100.060        99.986
 
  2014       98.986   99.139  100.425  100.416  100.375  100.798
             99.424  100.354  100.328   99.585  100.177   99.673        99.973
 
  2015       99.301   99.130  100.011  100.331  100.714  100.453
             99.632  100.433  100.311   99.842   99.852   99.606        99.968
 
  2016       99.635  100.168   99.648  100.575  100.342  100.462
            100.557   99.774  100.235  100.158   99.546   99.867       100.081
 
  AVGE       99.589  100.048  100.616  100.780  100.242  100.593
             99.595  100.047   99.646   99.803   99.158  100.104

  Table Total-       12002.   Mean-       100.   Std. Dev.-         1.
                              Min -        98.        Max -       102.

 E 18.A  Final adjustment ratio forecasts
  From  2017.Jan to 2017.Dec
  Observations         12
 -----------------------------------------------------------------------------
               Jan      Feb      Mar      Apr      May      Jun 
               Jul      Aug      Sep      Oct      Nov      Dec         AVGE  
 -----------------------------------------------------------------------------
  2017       99.223   99.213   99.653  100.901   99.935  100.471
            100.700   99.832  100.559   99.733   99.571  100.184        99.998
 
        ces_hours 16700            PAGE  22, SERIES ces_hours_additi

 F 4.  Additive Day of the Week Trading Day Component Factors


      Day of Week Component for regARIMA Trading Day Factors:

                                       months starting on:
                     Mon      Tue      Wed      Thu      Fri      Sat      Sun
 31-day months        -0.      -0.      -0.       0.       0.       0.       0.
 30-day months        -0.      -0.      -0.      -0.       0.       0.       0.
 Leap year Feb.       -0. ********      -0. ********      -0. ******** ********

  QS statistic for seasonality:
  Original Series                                     1.16  (P-Value =     0.5597)
  Original Series (EV adj)                            0.77  (P-Value =     0.6802)
  Residuals                                           1.53  (P-Value =     0.4660)
  Seasonally Adjusted Series                          0.00  (P-Value =     1.0000)
  Seasonally Adjusted Series (EV adj)                 0.00  (P-Value =     1.0000)
  Irregular Series                                    0.00  (P-Value =     1.0000)
  Irregular Series (EV adj)                           0.00  (P-Value =     1.0000)

  QS statistic for seasonality (starting 2009.Jan):
  Original Series                                     1.57  (P-Value =     0.4557)
  Original Series (EV adj)                            0.73  (P-Value =     0.6925)
  Residuals                                           4.55  (P-Value =     0.1029)
  Seasonally Adjusted Series                          0.00  (P-Value =     1.0000)
  Seasonally Adjusted Series (EV adj)                 0.00  (P-Value =     1.0000)
  Irregular Series                                    0.00  (P-Value =     1.0000)
  Irregular Series (EV adj)                           0.00  (P-Value =     1.0000)


 WARNING: Series should not be a candidate for seasonal adjustment
          because the spectrum of the prior adjusted series (Table B1)
          has no visually significant seasonal peaks.

          If this is a component series of an indirectly adjusted
          composite series, consider using type = trend or type = summary
          in the x11 spec.
        ces_hours 16700            PAGE  23, SERIES ces_hours_additi
 G 0  10*LOG(SPECTRUM) of the differenced Prior Adjusted Series
      (Table B1).  Spectrum estimated from 2009.Jan to 2016.Dec.
 ++++++++++I+++++++++++++++++++++++++++++++++++++++++++++++++++++++++++++I
      -0.77I                                           *                 I     -0.77
           I                   *                       *                 I
           I                   *                       *                 I
           I                   *                       *                 I
      -2.07I                   *                       *                SI     -2.07
           I                   *                       *                SI
           I                   *                       *                SI
           I                   *                       *                SI
      -3.36I                   *                       *                SI     -3.36
           I                   *       *               *                SI
           I                   *       *              T*                SI
           I                   *       *              T*                SI
      -4.66I                   *       *  S           T*                SI     -4.66
           I                   *       *  S     *     T*                SI
           I                   *       ** S     *     T**               SI
           I                   *   *   ** S     *     T**   *      *    SI
      -5.96I                   *   *   ** S     *    *T**  **      *    SI     -5.96
           I                   *   *   ***S     *   S*T**  ***     **   SI
           I                   *   *   ***S    **   S*T**  ***     **   SI
           I                   *   *   ***S    **   S*T**  ***     **   SI
      -7.26I                   *S  *   ***S    **   S*T**  ***     **   SI     -7.26
           I                   *S  *   ***S    **   S*T*******S    **   SI
           I                   *S  *  ****S    **  *S*T*******S    **  *SI
           I                   *S  ** ****S*   **  *S*T*******S    **  *SI
      -8.56I                   *S *** ****S*   *** *S*T*******S    **  *SI     -8.56
           I                   *S *** ****S*   *** *S*T*******S    **  *SI
           I          S    *   *S *** ****S*   *****S*T*******S    **  *SI
           I          S    *  **S *** ****S*   *****S*T*******S*   **  *SI
      -9.85I          S    *  **S ********S*   *****S*T*******S*   **  *SI     -9.85
           I          S    *  **S*********S*   *****S*T*******S*   *** *SI
           I          S   **  **S*********S*   *****S*T*******S*  **** *SI
           I          S*  **  **S*********S*   *****S*T*******S*  ******SI
     -11.15I          S*  **  **S*********S*   *****S*T*******S*  ******SI    -11.15
           I          S*  **  **S*********S*   *****S*T*******S*  ******SI
           I          S*  **  **S*********S*  ******S*T*******S*T ******SI
           I          S*  **  **S*********S** ******S*T*******S*T ******SI
     -12.45I          S*  *** **S*********S** ******S*T*******S*T ******SI    -12.45
           I          S*  *** **S*********S** ******S*T*******S*T*******SI
           I         *S*  ******S*********S** ******S*T*******S*T*******SI
           I         *S*  ******S*********S*********S*T*******S*T*******SI
     -13.75I         *S*********S*********S*********S*T*******S*T*******SI    -13.75
           I         *S*********S*********S*********S*T*******S*T*******SI
           I       * *S*********S*********S*********S*T*******S*T*******SI
           I      ****S*********S*********S*********S*T*******S*T*******SI
     -15.04I      ****S*********S*********S*********S*T*******S*T*******SI    -15.04
           I      ****S*********S*********S*********S*T*******S*T*******SI
           I      ****S*********S*********S*********S*T*******S*T*******SI
           I      ****S*********S*********S*********S*T*******S*T*******SI
     -16.34I      ****S*********S*********S*********S*T*******S*T*******SI    -16.34
           I     *****S*********S*********S*********S*T*******S*T*******SI
           I  *  *****S*********S*********S*********S*T*******S*T*******SI
           I *** *****S*********S*********S*********S*T*******S*T*******SI
     -17.64I**********S*********S*********S*********S*T*******S*T*******SI    -17.64
 ++++++++++I+++++++++++++++++++++++++++++++++++++++++++++++++++++++++++++I
            S=SEASONAL FREQUENCIES, T=TRADING DAY FREQUENCIES
        ces_hours 16700            PAGE  24, SERIES ces_hours_additi
 G 1  10*LOG(SPECTRUM) of the differenced seasonally adjusted 
      data (Table E2).  Spectrum estimated from 2009.Jan to 2016.Dec.
 ++++++++++I+++++++++++++++++++++++++++++++++++++++++++++++++++++++++++++I
      -2.75I                                           *                 I     -2.75
           I                                           *                 I
           I                                           *                 I
           I                                           *                 I
      -3.93I                                           *              *  I     -3.93
           I                                           *              *  I
           I                                           *              *  I
           I                                           *              *  I
      -5.11I                                           *              *  I     -5.11
           I                                           *              *  I
           I                           *               *              *  I
           I                           *               *              *  I
      -6.30I                           *               *              *  I     -6.30
           I                           *               *              *  I
           I                           *              T*              *  I
           I                           *              T*              *  I
      -7.48I                           *        *     T*              *  I     -7.48
           I                           *        **    T*              *  I
           I                           *        **    T*              ** I
           I                           *        **    T**             ** I
      -8.67I                  *        *        **    T**             ** I     -8.67
           I                  *        *        **    T**       T     ** I
           I                  *    *   *       ***    T**       T    *** I
           I                  **   *  ***      ****   T**       T*   *** I
      -9.85I                  **   *  ***      ****   T**    * *T*   *** I     -9.85
           I                  **   *  ***      ****   T**   **S*T*   ***SI
           I                  **   *  ***      ****  *T**   **S*T*   ***SI
           I                  **   ** ***     *****  *T**   **S*T*   ***SI
     -11.03I                  **   ** ***     *****  *T**   **S*T*   ***SI    -11.03
           I               *  **   ** ***     ****** *T*** ***S*T*   ***SI
           I               * ***  *******    *******S*T*** ***S*T*   ***SI
           I               * ***  *******    *******S*T*******S*T*   ***SI
     -12.22I               *****  *******    *******S*T*******S*T*   ***SI    -12.22
           I               *****  *******    *******S*T*******S*T**  ***SI
           I               *****S *******   ********S*T*******S*T**  ***SI
           I               *****S ********  ********S*T*******S*T** ****SI
     -13.40I              ******S ********  ********S*T*******S*T** ****SI    -13.40
           I              ******S********* *********S*T*******S*T*******SI
           I              ******S********* *********S*T*******S*T*******SI
           I              ******S*********S*********S*T*******S*T*******SI
     -14.59I              ******S*********S*********S*T*******S*T*******SI    -14.59
           I              ******S*********S*********S*T*******S*T*******SI
           I       *      ******S*********S*********S*T*******S*T*******SI
           I      **      ******S*********S*********S*T*******S*T*******SI
     -15.77I      ***     ******S*********S*********S*T*******S*T*******SI    -15.77
           I      ****    ******S*********S*********S*T*******S*T*******SI
           I      ****    ******S*********S*********S*T*******S*T*******SI
           I      ****   *******S*********S*********S*T*******S*T*******SI
     -16.95I     *****S  *******S*********S*********S*T*******S*T*******SI    -16.95
           I     *****S  *******S*********S*********S*T*******S*T*******SI
           I     *****S  *******S*********S*********S*T*******S*T*******SI
           I  ********S* *******S*********S*********S*T*******S*T*******SI
     -18.14I**********S*********S*********S*********S*T*******S*T*******SI    -18.14
 ++++++++++I+++++++++++++++++++++++++++++++++++++++++++++++++++++++++++++I
            S=SEASONAL FREQUENCIES, T=TRADING DAY FREQUENCIES
        ces_hours 16700            PAGE  25, SERIES ces_hours_additi
 G 2  10*LOG(SPECTRUM) of the Modified Irregular (Table E3).  
      Spectrum estimated from 2009.Jan to 2016.Dec.
 ++++++++++I+++++++++++++++++++++++++++++++++++++++++++++++++++++++++++++I
      -7.12I                           *                                 I     -7.12
           I                           *                                 I
           I                           *                                 I
           I                           *               *                 I
      -8.61I                           *               *                 I     -8.61
           I                           *               *                 I
           I                           *               *                 I
           I                           *               *              *  I
     -10.10I                           *               *              *  I    -10.10
           I                  **   *   *               *              *  I
           I                  **   *   *        *      *              *  I
           I                  **   *  **        *      *              *  I
     -11.59I               *  **   *  ***       *     T*              *  I    -11.59
           I               *  **   *  ***       *     T*              *  I
           I               *  **   ** ***       **    T*              *  I
           I               ** **   ** ***      ***    T*              *  I
     -13.08I               ** **   ** ***      ***    T*              *  I    -13.08
           I               *****   ** ***      ***    T*              *  I
           I               *****  *******      ***    T**             *  I
           I               *****  *******      ***    T**             *  I
     -14.57I               *****  *******      ***    T**    *S      *** I    -14.57
           I               *****S ********    ****    T**    *S*T    *** I
           I               *****S ********    *****   T**   **S*T    *** I
           I               *****S ********S*  *****  *T**   **S*T*   *** I
     -16.06I               *****S*********S********  *T***  **S*T*   *** I    -16.06
           I               *****S*********S********  *T*** ***S*T*   *** I
           I              ******S*********S********* *T*******S*T*   ***SI
           I              ******S*********S*********S*T*******S*T*   ***SI
     -17.55I    *      *  ******S*********S*********S*T*******S*T*   ***SI    -17.55
           I    *      *  ******S*********S*********S*T*******S*T**  ***SI
           I   **      *  ******S*********S*********S*T*******S*T** ****SI
           I   **      *  ******S*********S*********S*T*******S*T** ****SI
     -19.03I   **      *  ******S*********S*********S*T*******S*T** ****SI    -19.03
           I   **      *********S*********S*********S*T*******S*T*******SI
           I   **      *********S*********S*********S*T*******S*T*******SI
           I   **      *********S*********S*********S*T*******S*T*******SI
     -20.52I   **      *********S*********S*********S*T*******S*T*******SI    -20.52
           I   **     S*********S*********S*********S*T*******S*T*******SI
           I   **     S*********S*********S*********S*T*******S*T*******SI
           I   ***    S*********S*********S*********S*T*******S*T*******SI
     -22.01I  ****    S*********S*********S*********S*T*******S*T*******SI    -22.01
           I  ****    S*********S*********S*********S*T*******S*T*******SI
           I  ****    S*********S*********S*********S*T*******S*T*******SI
           I  ****    S*********S*********S*********S*T*******S*T*******SI
     -23.50I  ****    S*********S*********S*********S*T*******S*T*******SI    -23.50
           I  ****    S*********S*********S*********S*T*******S*T*******SI
           I  ****    S*********S*********S*********S*T*******S*T*******SI
           I *****    S*********S*********S*********S*T*******S*T*******SI
     -24.99I ******  *S*********S*********S*********S*T*******S*T*******SI    -24.99
           I*******  *S*********S*********S*********S*T*******S*T*******SI
           I*******  *S*********S*********S*********S*T*******S*T*******SI
           I*******  *S*********S*********S*********S*T*******S*T*******SI
     -26.48I**********S*********S*********S*********S*T*******S*T*******SI    -26.48
 ++++++++++I+++++++++++++++++++++++++++++++++++++++++++++++++++++++++++++I
            S=SEASONAL FREQUENCIES, T=TRADING DAY FREQUENCIES
        ces_hours 16700            PAGE  26, SERIES ces_hours_additi

  Peak probabilities for Tukey spectrum estimator
  Spectrum estimated from 2009.Jan to 2016.Dec.

                                          S1       S2       S3       S4       S5       S6       TD
                                        ------   ------   ------   ------   ------   ------   ------
  Model Residuals                        0.783    0.189    0.390    0.618    0.617    0.794    0.795  
  Prior Adjusted Series (Table B1)       0.744    0.910*   0.786    0.500    0.461    0.895    0.853  
  Seasonally adjusted series (E2)        0.214    0.518    0.271    0.151    0.607    0.417    0.912* 
  Modified Irregular (E3)                0.569    0.522    0.372    0.095    0.640    0.355    0.899  
  ----------
     ** - Peak Probability > 0.99,
      * - 0.90 < Peak Probability < 0.99


