  Reading input spec file from D:\Programming\Dynamic Paper-dlrhcs_replication\outputs\empirical\unemployment\raw_sa_pilot\x13_work\ces_hours_additive_level_43340_200701_201612.spc

1

               U. S. Department of Commerce, U. S. Census Bureau

              X-13ARIMA-SEATS monthly seasonal adjustment Method,
                          Release Version 1.1 Build 62


           This software application provides an enhanced version of
             Statistics Canada's X-11-ARIMA extension (Dagum, 1980)
                 of the X-11 variant of the Census Method II of
                      Shiskin, Young and Musgrave (1967).

            It also provides an ARIMA model-based method following
       Hillmer and Tiao (1982) and Burman (1980) that is very similar
       to the update of the method of SEATS (Gomez and Maravall, 1996)
                produced at the Bank of Spain by G. Caporello and
               A. Maravall for TSW (Caporello and Maravall, 2004).
          The present application includes additional enhancements.

         X-13ARIMA-SEATS includes an automatic ARIMA model selection procedure
          based largely on the procedure of Gomez and Maravall (1998)
            as implemented in TRAMO (1996) and subsequent revisions.

              Primary Programmers: Brian Monsell, Mark Otto and,
                 for the ARIMA model-based signal extraction,
                      Gianluca Caporello and Victor Gomez


     Series Title- ces_hours 43340
     Series Name- ces_hours_additi
     Jul 29, 2026  08.44.14 

        -Period covered-  1st month,2007 to 12th month,2016
        -Type of run - additive seasonal adjustment

        -Sigma limits for graduating extreme values are  1.5 and  2.5 .
        -3x3 moving average used in section 1 of each iteration, 
         3x5 moving average in section 2 of iterations B and C,
         moving average for final seasonal factors chosen by Global MSR.
        -Holiday adjustment factors applied directly to the final seasonally adjusted series
        -Spectral plots generated for selected series
        -Spectral plots generated for series starting in 2009.Jan

 FILE SAVE REQUESTS (* indicates file exists and will be overwritten)
  D:\Programming\Dynamic Paper-dlrhcs_replication\outputs\empirical\unemployment\raw_sa_pilot\x13_work\ces_hours_additive_level_43340_200701_201612.d10  final seasonal factors
  D:\Programming\Dynamic Paper-dlrhcs_replication\outputs\empirical\unemployment\raw_sa_pilot\x13_work\ces_hours_additive_level_43340_200701_201612.d11  final seasonally adjusted data
  D:\Programming\Dynamic Paper-dlrhcs_replication\outputs\empirical\unemployment\raw_sa_pilot\x13_work\ces_hours_additive_level_43340_200701_201612.out  program output file
  D:\Programming\Dynamic Paper-dlrhcs_replication\outputs\empirical\unemployment\raw_sa_pilot\x13_work\ces_hours_additive_level_43340_200701_201612.err  program error file
        ces_hours 43340            PAGE   1, SERIES ces_hours_additi

     Contents of spc file D:\Programming\Dynamic Paper-dlrhcs_replication\outputs\empirical\unemployment\raw_sa_pilot\x13_work\ces_hours_additive_level_43340_200701_201612.spc

 Line #
 ------
      1: series {
      2:   title = "ces_hours 43340"
      3:   start = 2007.1
      4:   period = 12
      5:   data = (
      6: 33.8
      7: 34.5
      8: 34
      9: 34.7
     10: 35.4
     11: 36.4
     12: 35.7
     13: 36.1
     14: 36.4
     15: 35.7
     16: 35.9
     17: 36.5
     18: 35.5
     19: 34.6
     20: 35.7
     21: 35.4
     22: 35.1
     23: 36.5
     24: 35.3
     25: 35.8
     26: 35.5
     27: 35.2
     28: 36
     29: 35.1
     30: 35.5
     31: 35.8
     32: 36.3
     33: 35
     34: 35.1
     35: 35.4
     36: 35.4
     37: 35.6
     38: 34.8
     39: 35
     40: 37.2
     41: 35.1
     42: 35.3
     43: 34.1
     44: 34.5
     45: 34.5
     46: 35.2
     47: 34.8
     48: 35.1
     49: 36.8
     50: 35.1
     51: 35.7
     52: 34.1
     53: 34.1
     54: 33.9
     55: 33.2
     56: 33.6
     57: 34.2
     58: 34.9
     59: 35
     60: 34.8
     61: 35.2
     62: 35.1
     63: 35.4
     64: 34.9
     65: 35.1
     66: 35.9
     67: 36.1
     68: 36.1
     69: 36.8
     70: 36.3
     71: 35.4
     72: 34.4
     73: 35.3
     74: 35.4
     75: 33.8
     76: 34.2
     77: 34.7
     78: 33.7
     79: 33.7
     80: 34.3
     81: 34.2
     82: 33.6
     83: 34.5
     84: 33.5
     85: 34.3
     86: 35.1
     87: 34.2
     88: 34.2
     89: 34.6
     90: 34.5
     91: 35.1
     92: 35.6
     93: 34.7
     94: 34.4
     95: 35.1
     96: 35
     97: 34.6
     98: 34.8
     99: 34.4
    100: 34.7
    101: 34.6
    102: 33.8
    103: 34.3
    104: 34.1
    105: 34.5
    106: 34.3
    107: 34.8
    108: 34.5
    109: 35.2
    110: 34.6
    111: 34.6
    112: 34.6
    113: 34.4
    114: 34
    115: 33.8
    116: 33.4
    117: 34.9
    118: 34.7
    119: 34.2
    120: 34.4
    121: 33.4
    122: 33.8
    123: 33.8
    124: 33.7
    125: 33.5
    126:   )
    127: }
    128: transform { function = none }
    129: regression { aictest = (td easter) }
    130: automdl {}
    131: x11 { mode = add save = (d10 d11) }
        ces_hours 43340            PAGE   2, SERIES ces_hours_additi

 A 1  Time series data (for the span analyzed)
  From  2007.Jan to 2016.Dec
  Observations        120
 -----------------------------------------------------------------------------
               Jan      Feb      Mar      Apr      May      Jun 
               Jul      Aug      Sep      Oct      Nov      Dec        TOTAL  
 -----------------------------------------------------------------------------
  2007          34.      35.      34.      35.      35.      36.
                36.      36.      36.      36.      36.      37.          425.
 
  2008          36.      35.      36.      35.      35.      37.
                35.      36.      36.      35.      36.      35.          426.
 
  2009          36.      36.      36.      35.      35.      35.
                35.      36.      35.      35.      37.      35.          426.
 
  2010          35.      34.      35.      35.      35.      35.
                35.      37.      35.      36.      34.      34.          419.
 
  2011          34.      33.      34.      34.      35.      35.
                35.      35.      35.      35.      35.      35.          415.
 
  2012          36.      36.      36.      37.      36.      35.
                34.      35.      35.      34.      34.      35.          424.
 
  2013          34.      34.      34.      34.      34.      35.
                34.      34.      35.      34.      34.      35.          410.
 
  2014          35.      35.      36.      35.      34.      35.
                35.      35.      35.      34.      35.      35.          418.
 
  2015          34.      34.      34.      35.      34.      35.
                35.      35.      35.      35.      35.      34.          414.
 
  2016          34.      34.      33.      35.      35.      34.
                34.      33.      34.      34.      34.      34.          408.
 
  AVGE          35.      35.      35.      35.      35.      35.
                35.      35.      35.      35.      35.      35.

  Table Total-        4185.   Mean-        35.   Std. Dev.-         1.
                              Min -        33.        Max -        37.
        ces_hours 43340            PAGE   3, SERIES ces_hours_additi
                        Automatic ARIMA Model Selection

                    Procedure based closely on TRAMO method 
                         of Gomez and Maravall (2000)
              "Automatic Modeling Methods for Univariate Series",
                            A Course in Time Series
                  (Edited by D. Pena, G. C. Tiao, R. S. Tsay),
                         New York : J. Wiley and Sons


     Maximum order for regular ARMA parameters :   2
     Maximum order for seasonal ARMA parameters :   1
     Maximum order for regular differencing :   2
     Maximum order for seasonal differencing :   1

   Results of Unit Root Test for identifying orders of differencing:
     Regular difference order :   0
     Seasonal difference order :   0

  Automatic model choice : (1 0 1)


  Final Checks for Identified Model


  Checking for Unit Roots.
   No unit roots found.
   Nonseasonal MA not within  0.001 of 1.0 - model passes test.

  Checking for insignificant ARMA coefficients.

  Final automatic model choice : (1 0 1)
   End of automatic model selection procedure.

 Average absolute percentage error in within-sample forecasts:
  Last year:   2.18      Last-1 year:   1.02     Last-2 year:   0.81
  Last three years:    1.34

 Estimation converged in   12 ARMA iterations,   95 function evaluations.

 Regression Model
 ------------------------------------------------------------------------------
                             Parameter        Standard
 Variable                     Estimate           Error      t-value
 ------------------------------------------------------------------------------
 Constant                      34.8019         0.22489       154.75

 Leap Year                     -0.2346         0.32142        -0.73

 Trading Day
   Mon                          0.0430         0.09845         0.44
   Tue                         -0.2454         0.10101        -2.43
   Wed                          0.0185         0.10057         0.18
   Thu                         -0.0121         0.10029        -0.12
   Fri                         -0.1553         0.10134        -1.53
   Sat                         -0.0622         0.10235        -0.61
  *Sun (derived)                0.4135         0.10346         4.00

 Easter[8]                     -0.4595         0.20966        -2.19
 ------------------------------------------------------------------------------
  *For full trading-day and stable seasonal effects, the derived
   parameter estimate is obtained indirectly as minus the sum
   of the directly estimated parameters that define the effect.


 Chi-squared Tests for Groups of Regressors
 ------------------------------------------------------------------------------
 Regression Effect                  df      Chi-Square      P-Value
 ------------------------------------------------------------------------------
 Trading Day                         6           47.45         0.00
 Combined Trading Day and Leap Year Regressors
                                     7           48.17         0.00
 ------------------------------------------------------------------------------


 F Tests for Trading Day Regressors 
 -----------------------------------------------------------------------
 Regression Effect                     df         F-statistic    P-Value
 -----------------------------------------------------------------------
 Trading Day                         6, 111            7.31         0.00


 ARIMA Model:  (1 0 1)
                                              Standard
 Parameter                    Estimate          Errors
 -----------------------------------------------------
 Nonseasonal AR                                    
   Lag  1                       0.8444         0.06535

 Nonseasonal MA                                    
   Lag  1                       0.2445         0.11733

 Variance                       0.27920E+00
 SE of Var                      0.36045E-01
 -----------------------------------------------------

 Likelihood Statistics
 ------------------------------------------------------------------
 Number of observations (nobs)                                  120
 Effective number of observations (nefobs)                      120
 Number of parameters estimated (np)                             12
 Log likelihood (L)                                        -94.1469
 AIC                                                       212.2938 
 AICC (F-corrected-AIC)                                    215.2096 
 Hannan Quinn                                              225.8779 
 BIC                                                       245.7437 
 ------------------------------------------------------------------

 QS Statistic for regARIMA Model Residuals (full series):             1.27
                                                       (P-Value =     0.5288)

 QS Statistic for regARIMA Model Residuals (starting 2009.Jan):       0.10
                                                       (P-Value =     0.9511)
      10*LOG(SPECTRUM) of the regARIMA model residuals
      Spectrum estimated from 2009.Jan to 2016.Dec.
 ++++++++++I+++++++++++++++++++++++++++++++++++++++++++++++++++++++++++++I
       0.00I             *                                               I      0.00
           I             *                                               I
           I             *                                               I
           I            **                                               I
      -1.18I            **              *                                I     -1.18
           I     *      **              *                                I
           I     *      **              *                                I
           I     *      **              *                     S          I
      -2.37I     *      **              *          *         *S          I     -2.37
           I     *      **              **         *         *S          I
           I     *      **              **         *         *S          I
           I     *      **              **         *         *S      *   I
      -3.55I     *     ***              **         *         *S   * **   I     -3.55
           I     *     ****             **         *         *S   ****   I
           I     *     ****             **         *         *S  *****   I
           I     *     ****             **         *         *S  *****   I
      -4.74I     *     ****      *     ***         *         *S* ******  I     -4.74
           I    **     ****      *     ***        **         *S* ******  I
           I    **     ****      *     ***        **         *S*T******  I
           I    ***    ****      *     ***        **         *S*T******  I
      -5.92I    ***    ****      *     ***S       **         *S*T******  I     -5.92
           I    ***    ****      **    ***S       **         *S*T******  I
           I    ***    ****      **    ***S       **    *    *S*T******  I
           I    ***    ****      **    ***S       **    *    *S*T******* I
      -7.11I    ***    ****      **   ****S       **S   *    *S*T******* I     -7.11
           I    ***    ****      **   ****S      ***S   *    *S*T*******SI
           I    ***   S****      **   ****S*     ***S   *   **S*T*******SI
           I   ****   S****      ***  ****S*  ******S   **  **S*T*******SI
      -8.30I   ****   S****      *** *****S*  ******S   **  **S*T*******SI     -8.30
           I*  ****   S****      *********S*********S   **  **S*T*******SI
           I** ****   S****      *********S*********S   **  **S*T*******SI
           I*******   S****      *********S*********S   **  **S*T*******SI
      -9.48I********  S****     S*********S*********S   **  **S*T*******SI     -9.48
           I********  S*****    S*********S*********S   **  **S*T*******SI
           I********  S*****    S*********S*********S* ***  **S*T*******SI
           I******** *S*****    S*********S*********S* *******S*T*******SI
     -10.67I******** *S*****    S*********S*********S* *******S*T*******SI    -10.67
           I**********S*****    S*********S*********S* *******S*T*******SI
           I**********S*****    S*********S*********S*T*******S*T*******SI
           I**********S*****    S*********S*********S*T*******S*T*******SI
     -11.85I**********S*****    S*********S*********S*T*******S*T*******SI    -11.85
           I**********S*****    S*********S*********S*T*******S*T*******SI
           I**********S*****    S*********S*********S*T*******S*T*******SI
           I**********S*****    S*********S*********S*T*******S*T*******SI
     -13.04I**********S*****    S*********S*********S*T*******S*T*******SI    -13.04
           I**********S*****    S*********S*********S*T*******S*T*******SI
           I**********S******  *S*********S*********S*T*******S*T*******SI
           I**********S******  *S*********S*********S*T*******S*T*******SI
     -14.22I**********S******  *S*********S*********S*T*******S*T*******SI    -14.22
           I**********S******  *S*********S*********S*T*******S*T*******SI
           I**********S******  *S*********S*********S*T*******S*T*******SI
           I**********S******  *S*********S*********S*T*******S*T*******SI
     -15.41I**********S*********S*********S*********S*T*******S*T*******SI    -15.41
 ++++++++++I+++++++++++++++++++++++++++++++++++++++++++++++++++++++++++++I
            S=SEASONAL FREQUENCIES, T=TRADING DAY FREQUENCIES


 FORECASTING
  Origin  2016.Dec
  Number        12

  Forecasts and Standard Errors
   ------------------------------
                         Standard
       Date   Forecast      Error
   ------------------------------
   2017.Jan      34.18      0.543
   2017.Feb      34.16      0.628
   2017.Mar      34.24      0.693
   2017.Apr      34.48      0.729
   2017.May      34.19      0.753
   2017.Jun      34.28      0.772
   2017.Jul      34.89      0.785
   2017.Aug      34.31      0.796
   2017.Sep      34.37      0.804
   2017.Oct      34.83      0.810
   2017.Nov      34.65      0.815
   2017.Dec      34.87      0.817
   ------------------------------

  Confidence intervals with coverage probability ( 0.95000
   ---------------------------------------
       Date      Lower  Forecast     Upper
   ---------------------------------------
   2017.Jan      33.12     34.18     35.25
   2017.Feb      32.93     34.16     35.39
   2017.Mar      32.88     34.24     35.59
   2017.Apr      33.05     34.48     35.91
   2017.May      32.72     34.19     35.67
   2017.Jun      32.76     34.28     35.79
   2017.Jul      33.36     34.89     36.43
   2017.Aug      32.75     34.31     35.87
   2017.Sep      32.79     34.37     35.94
   2017.Oct      33.24     34.83     36.42
   2017.Nov      33.06     34.65     36.25
   2017.Dec      33.27     34.87     36.47
   ---------------------------------------
        ces_hours 43340            PAGE   4, SERIES ces_hours_additi

 A 6  RegARIMA trading day component
  From  2007.Jan to 2016.Dec
  Observations        120
 -----------------------------------------------------------------------------
               Jan      Feb      Mar      Apr      May      Jun 
               Jul      Aug      Sep      Oct      Nov      Dec         AVGE  
 -----------------------------------------------------------------------------
  2007          -0.       0.      -0.       0.      -0.      -0.
                 0.      -0.       0.      -0.      -0.       0.            0.
 
  2008          -0.      -0.       0.      -0.      -0.       0.
                -0.       0.      -0.      -0.       0.      -0.           -0.
 
  2009          -0.       0.       0.       0.       0.      -0.
                -0.       0.      -0.      -0.       0.      -0.            0.
 
  2010           0.       0.      -0.      -0.       0.      -0.
                -0.       0.       0.       0.      -0.      -0.           -0.
 
  2011           0.       0.      -0.      -0.       0.       0.
                 0.      -0.      -0.       0.      -0.      -0.           -0.
 
  2012           0.      -0.      -0.       0.      -0.      -0.
                 0.      -0.       0.      -0.      -0.       0.            0.
 
  2013          -0.       0.       0.      -0.      -0.       0.
                -0.      -0.       0.      -0.      -0.       0.           -0.
 
  2014          -0.       0.       0.      -0.      -0.       0.
                -0.       0.      -0.      -0.       0.      -0.            0.
 
  2015          -0.       0.       0.       0.       0.      -0.
                -0.       0.      -0.      -0.       0.      -0.            0.
 
  2016           0.      -0.      -0.      -0.       0.       0.
                 0.      -0.      -0.       0.      -0.      -0.           -0.
 
  AVGE          -0.      -0.       0.      -0.       0.       0.
                -0.       0.      -0.      -0.       0.      -0.

  Table Total-          -1.   Mean-        -0.   Std. Dev.-         0.
                              Min -        -0.        Max -         0.

 A 6.A  RegARIMA trading day component forecasts
  From  2017.Jan to 2017.Dec
  Observations         12
 -----------------------------------------------------------------------------
               Jan      Feb      Mar      Apr      May      Jun 
               Jul      Aug      Sep      Oct      Nov      Dec         AVGE  
 -----------------------------------------------------------------------------
  2017           0.       0.      -0.       0.      -0.      -0.
                 0.      -0.      -0.       0.       0.       0.            0.
 
        ces_hours 43340            PAGE   5, SERIES ces_hours_additi

 A 7  RegARIMA holiday component
  From  2007.Jan to 2016.Dec
  Observations        120
 -----------------------------------------------------------------------------
               Jan      Feb      Mar      Apr      May      Jun 
               Jul      Aug      Sep      Oct      Nov      Dec         AVGE  
 -----------------------------------------------------------------------------
  2007           0.       0.       0.      -0.       0.       0.
                 0.       0.       0.       0.       0.       0.            0.
 
  2008           0.       0.      -0.       0.       0.       0.
                 0.       0.       0.       0.       0.       0.            0.
 
  2009           0.       0.       0.      -0.       0.       0.
                 0.       0.       0.       0.       0.       0.            0.
 
  2010           0.       0.      -0.       0.       0.       0.
                 0.       0.       0.       0.       0.       0.            0.
 
  2011           0.       0.       0.      -0.       0.       0.
                 0.       0.       0.       0.       0.       0.            0.
 
  2012           0.       0.       0.      -0.       0.       0.
                 0.       0.       0.       0.       0.       0.            0.
 
  2013           0.       0.      -0.       0.       0.       0.
                 0.       0.       0.       0.       0.       0.            0.
 
  2014           0.       0.       0.      -0.       0.       0.
                 0.       0.       0.       0.       0.       0.            0.
 
  2015           0.       0.      -0.       0.       0.       0.
                 0.       0.       0.       0.       0.       0.            0.
 
  2016           0.       0.      -0.       0.       0.       0.
                 0.       0.       0.       0.       0.       0.            0.
 
  AVGE           0.       0.      -0.       0.       0.       0.
                 0.       0.       0.       0.       0.       0.

  Table Total-           0.   Mean-         0.   Std. Dev.-         0.
                              Min -        -0.        Max -         0.

 A 7.A  RegARIMA holiday component forecasts
  From  2017.Jan to 2017.Dec
  Observations         12
 -----------------------------------------------------------------------------
               Jan      Feb      Mar      Apr      May      Jun 
               Jul      Aug      Sep      Oct      Nov      Dec         AVGE  
 -----------------------------------------------------------------------------
  2017           0.       0.       0.      -0.       0.       0.
                 0.       0.       0.       0.       0.       0.            0.
 
        ces_hours 43340            PAGE   6, SERIES ces_hours_additi
  
 B 1  Original series (prior adjusted)
      (adjusted for regARIMA factors)
  From  2007.Jan to 2016.Dec
  Observations        120
 -----------------------------------------------------------------------------
               Jan      Feb      Mar      Apr      May      Jun 
               Jul      Aug      Sep      Oct      Nov      Dec        TOTAL  
 -----------------------------------------------------------------------------
  2007          34.      34.      34.      34.      36.      37.
                35.      36.      36.      36.      36.      36.          425.
 
  2008          36.      35.      36.      35.      35.      36.
                36.      36.      36.      35.      36.      35.          426.
 
  2009          36.      36.      36.      35.      35.      36.
                36.      35.      35.      35.      37.      35.          426.
 
  2010          35.      34.      35.      35.      35.      35.
                35.      37.      35.      36.      34.      34.          419.
 
  2011          34.      33.      34.      35.      35.      35.
                35.      35.      35.      35.      35.      35.          415.
 
  2012          36.      36.      36.      36.      37.      36.
                34.      35.      35.      34.      34.      34.          424.
 
  2013          34.      34.      34.      34.      34.      34.
                34.      35.      35.      34.      34.      34.          410.
 
  2014          35.      35.      35.      35.      35.      35.
                35.      34.      35.      35.      34.      35.          417.
 
  2015          34.      34.      34.      34.      34.      35.
                35.      35.      35.      35.      34.      35.          414.
 
  2016          34.      34.      34.      35.      34.      34.
                34.      34.      34.      33.      34.      34.          408.
 
  AVGE          35.      35.      35.      35.      35.      35.
                35.      35.      35.      35.      35.      35.

  Table Total-        4185.   Mean-        35.   Std. Dev.-         1.
                              Min -        33.        Max -        37.

 B 1.A  Forecasts of (prior adjusted) original series
  From  2017.Jan to 2017.Dec
  Observations         12
 -----------------------------------------------------------------------------
               Jan      Feb      Mar      Apr      May      Jun 
               Jul      Aug      Sep      Oct      Nov      Dec        TOTAL  
 -----------------------------------------------------------------------------
  2017          34.      34.      34.      34.      34.      34.
                35.      35.      35.      35.      35.      35.          413.
 
        ces_hours 43340            PAGE   7, SERIES ces_hours_additi

 C 17  Final weights for irregular component
  From  2007.Jan to 2016.Dec
  Observations        120
  Lower sigma limit    1.50
  Upper sigma limit    2.50
 -----------------------------------------------------------------------------
               Jan      Feb      Mar      Apr      May      Jun 
               Jul      Aug      Sep      Oct      Nov      Dec         S.D.  
 -----------------------------------------------------------------------------
  2007         100.     100.       0.     100.     100.     100.
                86.     100.     100.     100.     100.     100.           27.
 
  2008         100.     100.     100.     100.     100.     100.
               100.     100.     100.     100.     100.     100.           27.
 
  2009         100.     100.     100.     100.      79.     100.
                99.     100.     100.     100.       0.     100.           27.
 
  2010         100.      26.     100.     100.     100.     100.
               100.       0.     100.       0.     100.     100.           26.
 
  2011         100.      87.     100.     100.     100.     100.
               100.     100.     100.     100.     100.     100.           27.
 
  2012         100.     100.     100.     100.       0.     100.
                 0.     100.     100.      66.     100.     100.           27.
 
  2013         100.     100.      33.     100.     100.     100.
               100.     100.     100.     100.     100.     100.           25.
 
  2014         100.     100.     100.     100.     100.     100.
                 1.      74.     100.     100.     100.     100.           24.
 
  2015         100.     100.     100.     100.     100.      55.
               100.     100.     100.     100.     100.     100.           21.
 
  2016         100.     100.     100.      79.     100.     100.
               100.     100.     100.     100.     100.     100.           21.
 
        ces_hours 43340            PAGE   8, SERIES ces_hours_additi

 D 8  Final unmodified SI ratios
  From  2007.Jan to 2016.Dec
  Observations        120
 -----------------------------------------------------------------------------
               Jan      Feb      Mar      Apr      May      Jun 
               Jul      Aug      Sep      Oct      Nov      Dec         AVGE  
 -----------------------------------------------------------------------------
  2007          -0.      -0.      -1.      -1.       0.       1.
                -0.       0.       0.      -0.       0.       0.           -0.
 
  2008           0.      -1.       0.      -0.      -0.       0.
                -0.       0.       0.      -0.       0.      -0.           -0.
 
  2009           0.      -0.       0.      -0.      -1.       0.
                 0.       0.      -0.       0.       2.       0.            0.
 
  2010          -0.      -1.      -0.      -0.      -0.       0.
                 0.       2.       0.       1.      -0.       0.            0.
 
  2011          -0.      -1.      -0.       0.       0.       0.
                -0.       0.       0.      -0.      -0.      -0.           -0.
 
  2012          -0.       0.       0.       0.       1.       0.
                -1.       0.       0.      -1.      -0.       0.           -0.
 
  2013          -0.      -0.       1.       0.      -0.       0.
                -0.       0.       0.      -0.      -0.      -0.            0.
 
  2014          -0.       0.       0.       0.      -0.      -0.
                 1.      -0.       0.      -0.      -0.       0.            0.
 
  2015          -0.      -0.      -0.       0.      -0.       1.
                 0.       0.       0.       0.      -0.       0.            0.
 
  2016          -0.      -0.      -0.       1.       0.       0.
                 0.      -0.       0.      -0.       0.      -0.           -0.
 
  AVGE          -0.      -0.      -0.       0.      -0.       0.
                -0.       0.       0.      -0.       0.      -0.

  Table Total-           2.   Mean-         0.   Std. Dev.-         0.
                              Min -        -1.        Max -         2.
        ces_hours 43340            PAGE   9, SERIES ces_hours_additi

 D 8.B  Final unmodified SI ratios, with labels for outliers and extreme values
  From  2007.Jan to 2016.Dec
  Observations        120
 ---------------------------------------------------------------------
               Jan       Feb       Mar       Apr       May       Jun  
               Jul       Aug       Sep       Oct       Nov       Dec  
 ---------------------------------------------------------------------
  2007         -0.       -0.       -1.*      -1.        0.        1.  
               -0.*       0.        0.       -0.        0.        0.  
 
  2008          0.       -1.        0.       -0.       -0.        0.  
               -0.        0.        0.       -0.        0.       -0.  
 
  2009          0.       -0.        0.       -0.       -1.*       0.  
                0.*       0.       -0.        0.        2.*       0.  
 
  2010         -0.       -1.*      -0.       -0.       -0.        0.  
                0.        2.*       0.        1.*      -0.        0.  
 
  2011         -0.       -1.*      -0.        0.        0.        0.  
               -0.        0.        0.       -0.       -0.       -0.  
 
  2012         -0.        0.        0.        0.        1.*       0.  
               -1.*       0.        0.       -1.*      -0.        0.  
 
  2013         -0.       -0.        1.*       0.       -0.        0.  
               -0.        0.        0.       -0.       -0.       -0.  
 
  2014         -0.        0.        0.        0.       -0.       -0.  
                1.*      -0.*       0.       -0.       -0.        0.  
 
  2015         -0.       -0.       -0.        0.       -0.        1.* 
                0.        0.        0.        0.       -0.        0.  
 
  2016         -0.       -0.       -0.        1.*       0.        0.  
                0.       -0.        0.       -0.        0.       -0.  
 

  Key to symbols:
    *  : extreme value as determined by X-11 extreme value procedure
 
        ces_hours 43340            PAGE  10, SERIES ces_hours_additi

 D 9  Final replacement values for SI ratios
  From  2007.Jan to 2016.Dec
  Observations        120
 ---------------------------------------------------------------
               Jan      Feb      Mar      Apr      May      Jun 
               Jul      Aug      Sep      Oct      Nov      Dec 
 ---------------------------------------------------------------
  2007     ******** ********      -0. ******** ******** ********
                -0. ******** ******** ******** ******** ********
 
  2008     ******** ******** ******** ******** ******** ********
           ******** ******** ******** ******** ******** ********
 
  2009     ******** ******** ******** ********      -0. ********
                 0. ******** ******** ********       0. ********
 
  2010     ********      -1. ******** ******** ******** ********
           ********       1. ********       0. ******** ********
 
  2011     ********      -1. ******** ******** ******** ********
           ******** ******** ******** ******** ******** ********
 
  2012     ******** ******** ******** ********      -0. ********
                -0. ******** ********      -0. ******** ********
 
  2013     ******** ********       0. ******** ******** ********
           ******** ******** ******** ******** ******** ********
 
  2014     ******** ******** ******** ******** ******** ********
                 0.      -0. ******** ******** ******** ********
 
  2015     ******** ******** ******** ******** ********       0.
           ******** ******** ******** ******** ******** ********
 
  2016     ******** ******** ********       1. ******** ********
           ******** ******** ******** ******** ******** ********
 

 D 9.A  Moving seasonality ratio
 ---------------------------------------------------------------
               Jan      Feb      Mar      Apr      May      Jun 
 ---------------------------------------------------------------
   I          0.186    0.453    0.219    0.253    0.281    0.270
   S          0.041    0.063    0.036    0.105    0.038    0.047
 RATIO        4.570    7.225    6.108    2.398    7.317    5.708



 ---------------------------------------------------------------
               Jul      Aug      Sep      Oct      Nov      Dec 
 ---------------------------------------------------------------
   I          0.263    0.181    0.147    0.249    0.157    0.383
   S          0.038    0.054    0.027    0.038    0.039    0.044
 RATIO        6.878    3.386    5.396    6.560    4.054    8.790



        ces_hours 43340            PAGE  11, SERIES ces_hours_additi

 D 10  Final seasonal factors
  From  2007.Jan to 2016.Dec
  Observations        120
  Seasonal filter    3 x 5 moving average
 -----------------------------------------------------------------------------
               Jan      Feb      Mar      Apr      May      Jun 
               Jul      Aug      Sep      Oct      Nov      Dec         AVGE  
 -----------------------------------------------------------------------------
  2007          -0.      -0.       0.      -0.      -0.       0.
                 0.       0.       0.       0.       0.       0.            0.
 
  2008          -0.      -0.      -0.      -0.      -0.       0.
                 0.       0.       0.      -0.       0.       0.           -0.
 
  2009          -0.      -0.      -0.      -0.      -0.       0.
                 0.       0.       0.      -0.      -0.      -0.           -0.
 
  2010          -0.      -0.      -0.      -0.      -0.       0.
                 0.       0.       0.      -0.      -0.      -0.           -0.
 
  2011          -0.      -0.      -0.       0.      -0.       0.
                 0.       0.       0.      -0.      -0.      -0.           -0.
 
  2012          -0.      -0.      -0.       0.      -0.       0.
                -0.       0.       0.      -0.      -0.      -0.           -0.
 
  2013          -0.      -0.      -0.       0.      -0.       0.
                -0.       0.       0.      -0.      -0.      -0.           -0.
 
  2014          -0.      -0.      -0.       0.      -0.       0.
                -0.       0.       0.      -0.      -0.      -0.            0.
 
  2015          -0.      -0.      -0.       0.      -0.       0.
                 0.       0.       0.      -0.      -0.       0.            0.
 
  2016          -0.      -0.      -0.       0.      -0.       0.
                 0.       0.       0.      -0.      -0.       0.            0.
 
  AVGE          -0.      -0.      -0.       0.      -0.       0.
                 0.       0.       0.      -0.      -0.      -0.

  Table Total-          -0.   Mean-        -0.   Std. Dev.-         0.
                              Min -        -0.        Max -         0.

 D 10.A  Final seasonal component forecasts
  From  2017.Jan to 2017.Dec
  Observations         12
 -----------------------------------------------------------------------------
               Jan      Feb      Mar      Apr      May      Jun 
               Jul      Aug      Sep      Oct      Nov      Dec         AVGE  
 -----------------------------------------------------------------------------
  2017          -0.      -0.      -0.       0.       0.       0.
                 0.      -0.       0.      -0.      -0.       0.            0.
 
        ces_hours 43340            PAGE  12, SERIES ces_hours_additi
  
 D 11  Final seasonally adjusted data
       (also adjusted for trading day, holiday)
  From  2007.Jan to 2016.Dec
  Observations        120
 -----------------------------------------------------------------------------
               Jan      Feb      Mar      Apr      May      Jun 
               Jul      Aug      Sep      Oct      Nov      Dec        TOTAL  
 -----------------------------------------------------------------------------
  2007          34.      35.      34.      35.      36.      36.
                35.      36.      36.      36.      36.      36.          425.
 
  2008          36.      35.      36.      36.      35.      36.
                35.      35.      36.      35.      36.      35.          426.
 
  2009          36.      36.      36.      35.      35.      35.
                35.      35.      35.      35.      37.      35.          426.
 
  2010          35.      34.      35.      35.      35.      35.
                35.      36.      35.      36.      34.      34.          419.
 
  2011          34.      33.      34.      35.      35.      35.
                35.      35.      35.      35.      35.      35.          415.
 
  2012          36.      36.      36.      36.      37.      35.
                34.      35.      35.      34.      35.      34.          424.
 
  2013          34.      34.      34.      34.      34.      34.
                34.      34.      34.      35.      35.      34.          410.
 
  2014          35.      35.      35.      35.      35.      34.
                35.      34.      35.      35.      35.      35.          417.
 
  2015          34.      34.      34.      34.      34.      35.
                35.      35.      35.      35.      34.      35.          414.
 
  2016          34.      34.      34.      35.      34.      34.
                34.      34.      34.      33.      34.      34.          408.
 
  AVGE          35.      35.      35.      35.      35.      35.
                35.      35.      35.      35.      35.      35.

  Table Total-        4185.   Mean-        35.   Std. Dev.-         1.
                              Min -        33.        Max -        37.
        ces_hours 43340            PAGE  13, SERIES ces_hours_additi

 D 12  Final trend cycle
  From  2007.Jan to 2016.Dec
  Observations        120
  Trend filter    13-term Henderson moving average
  I/C ratio        2.09
 -----------------------------------------------------------------------------
               Jan      Feb      Mar      Apr      May      Jun 
               Jul      Aug      Sep      Oct      Nov      Dec        TOTAL  
 -----------------------------------------------------------------------------
  2007          34.      35.      35.      35.      35.      36.
                36.      36.      36.      36.      36.      36.          426.
 
  2008          36.      36.      36.      36.      36.      36.
                35.      35.      35.      35.      36.      36.          427.
 
  2009          36.      36.      36.      36.      35.      35.
                35.      35.      35.      35.      35.      35.          424.
 
  2010          35.      35.      35.      35.      35.      35.
                35.      35.      35.      35.      34.      34.          418.
 
  2011          34.      34.      34.      34.      34.      35.
                35.      35.      35.      35.      35.      36.          416.
 
  2012          36.      36.      36.      36.      36.      36.
                35.      35.      35.      35.      34.      34.          424.
 
  2013          34.      34.      34.      34.      34.      34.
                34.      34.      34.      34.      35.      35.          410.
 
  2014          35.      35.      35.      35.      35.      35.
                35.      35.      35.      35.      35.      35.          416.
 
  2015          34.      34.      34.      34.      34.      34.
                35.      35.      35.      35.      34.      34.          413.
 
  2016          34.      34.      34.      34.      34.      34.
                34.      34.      34.      34.      34.      34.          408.
 
  AVGE          35.      35.      35.      35.      35.      35.
                35.      35.      35.      35.      35.      35.

  Table Total-        4183.   Mean-        35.   Std. Dev.-         1.
                              Min -        34.        Max -        36.
        ces_hours 43340            PAGE  14, SERIES ces_hours_additi

 D 13  Final irregular component
  From  2007.Jan to 2016.Dec
  Observations        120
 -----------------------------------------------------------------------------
               Jan      Feb      Mar      Apr      May      Jun 
               Jul      Aug      Sep      Oct      Nov      Dec         S.D.  
 -----------------------------------------------------------------------------
  2007          -0.       0.      -1.      -0.       0.       0.
                -0.       0.      -0.      -0.       0.       0.            0.
 
  2008           0.      -0.       0.       0.      -0.       0.
                -0.      -0.       0.      -0.       0.      -0.            0.
 
  2009           0.       0.       0.      -0.      -0.      -0.
                 0.      -0.      -0.       0.       2.       0.            1.
 
  2010           0.      -1.      -0.      -0.       0.      -0.
                 0.       1.      -0.       1.      -0.       0.            0.
 
  2011          -0.      -0.      -0.       0.       0.       0.
                -0.       0.       0.      -0.      -0.      -0.            0.
 
  2012          -0.       0.       0.       0.       1.      -0.
                -1.       0.       0.      -0.       0.       0.            0.
 
  2013           0.      -0.       1.      -0.      -0.       0.
                -0.       0.       0.       0.      -0.      -0.            0.
 
  2014           0.       0.       0.      -0.      -0.      -0.
                 1.      -0.       0.       0.      -0.       0.            0.
 
  2015          -0.       0.      -0.      -0.      -0.       0.
                 0.       0.      -0.       0.      -0.       0.            0.
 
  2016          -0.      -0.      -0.       0.       0.      -0.
                 0.      -0.       0.      -0.       0.      -0.            0.
 
  S.D.           0.       0.       0.       0.       0.       0.
                 0.       0.       0.       0.       1.       0.

  Table Total-           2.   Mean-         0.   Std. Dev.-         0.
                              Min -        -1.        Max -         2.
        ces_hours 43340            PAGE  15, SERIES ces_hours_additi
  
 D 16  Combined adjustment factors
       (includes seasonal, trading day, holiday factors)
  From  2007.Jan to 2016.Dec
  Observations        120
 -----------------------------------------------------------------------------
               Jan      Feb      Mar      Apr      May      Jun 
               Jul      Aug      Sep      Oct      Nov      Dec         AVGE  
 -----------------------------------------------------------------------------
  2007          -0.      -0.      -0.      -0.      -0.       0.
                 0.       0.       0.      -0.      -0.       0.            0.
 
  2008          -0.      -1.       0.      -0.      -0.       1.
                -0.       0.      -0.      -0.       0.      -0.           -0.
 
  2009          -0.      -0.       0.      -0.       0.       0.
                -0.       1.      -0.      -0.       0.      -0.           -0.
 
  2010           0.      -0.      -0.      -0.       0.       0.
                -0.       1.       0.       0.      -0.      -0.           -0.
 
  2011           0.      -0.      -0.      -0.       0.       0.
                 0.       0.       0.       0.      -0.      -0.           -0.
 
  2012          -0.      -0.      -0.       1.      -0.      -0.
                 0.       0.       1.      -0.      -0.       0.            0.
 
  2013          -1.      -0.      -0.       0.      -0.       0.
                -0.       0.       1.      -0.      -0.       0.           -0.
 
  2014          -0.      -0.       1.      -0.      -0.       1.
                -0.       0.       0.      -0.       0.      -0.            0.
 
  2015          -1.      -0.       0.       0.       0.      -0.
                -0.       0.       0.      -0.       0.      -0.            0.
 
  2016          -0.      -0.      -1.       0.       0.       0.
                 0.      -0.       0.       0.      -0.      -0.           -0.
 
  AVGE          -0.      -0.      -0.      -0.      -0.       0.
                -0.       0.       0.      -0.      -0.      -0.

  Table Total-          -1.   Mean-        -0.   Std. Dev.-         0.
                              Min -        -1.        Max -         1.

 D 16.A  Combined adjustment component forecasts
  From  2017.Jan to 2017.Dec
  Observations         12
 -----------------------------------------------------------------------------
               Jan      Feb      Mar      Apr      May      Jun 
               Jul      Aug      Sep      Oct      Nov      Dec         AVGE  
 -----------------------------------------------------------------------------
  2017          -0.      -0.      -0.       0.      -0.      -0.
                 1.      -0.      -0.       0.      -0.       0.            0.
 
        ces_hours 43340            PAGE  16, SERIES ces_hours_additi
  
 D 18  Combined calendar adjustment factors
       (includes trading day, holiday factors)
  From  2007.Jan to 2016.Dec
  Observations        120
 -----------------------------------------------------------------------------
               Jan      Feb      Mar      Apr      May      Jun 
               Jul      Aug      Sep      Oct      Nov      Dec         AVGE  
 -----------------------------------------------------------------------------
  2007          -0.       0.      -0.       0.      -0.      -0.
                 0.      -0.       0.      -0.      -0.       0.            0.
 
  2008          -0.      -0.       0.       0.      -0.       0.
                -0.       0.      -0.      -0.       0.      -0.           -0.
 
  2009          -0.       0.       0.      -0.       0.      -0.
                -0.       0.      -0.      -0.       0.      -0.            0.
 
  2010           0.       0.      -0.      -0.       0.      -0.
                -0.       0.       0.       0.      -0.      -0.           -0.
 
  2011           0.       0.      -0.      -0.       0.       0.
                 0.      -0.      -0.       0.      -0.      -0.           -0.
 
  2012           0.      -0.      -0.       0.      -0.      -0.
                 0.      -0.       0.      -0.      -0.       0.            0.
 
  2013          -0.       0.      -0.       0.      -0.       0.
                -0.      -0.       0.      -0.      -0.       0.           -0.
 
  2014          -0.       0.       1.      -0.      -0.       0.
                -0.       0.      -0.      -0.       0.      -0.            0.
 
  2015          -0.       0.       0.       0.       0.      -0.
                -0.       0.      -0.      -0.       0.      -0.            0.
 
  2016           0.      -0.      -1.       0.       0.       0.
                 0.      -0.      -0.       0.      -0.      -0.           -0.
 
  AVGE          -0.      -0.       0.      -0.       0.       0.
                -0.       0.      -0.      -0.       0.      -0.

  Table Total-          -1.   Mean-        -0.   Std. Dev.-         0.
                              Min -        -1.        Max -         1.

 D 18.A  Combined calendar adjustment component forecasts
  From  2017.Jan to 2017.Dec
  Observations         12
 -----------------------------------------------------------------------------
               Jan      Feb      Mar      Apr      May      Jun 
               Jul      Aug      Sep      Oct      Nov      Dec         AVGE  
 -----------------------------------------------------------------------------
  2017           0.       0.       0.       0.      -0.      -0.
                 0.      -0.      -0.       0.       0.       0.            0.
 
        ces_hours 43340            PAGE  17, SERIES ces_hours_additi

 E 4  Differences of annual totals
  From          2007 to 2016
  Observations         10
 -----------------------------------
  Year       Unmodified     Modified
                  (D11)         (E2)
 -----------------------------------
  2007               0.           0.
 
  2008              -0.          -0.
 
  2009              -0.          -0.
 
  2010              -0.          -0.
 
  2011              -0.          -0.
 
  2012               0.           0.
 
  2013              -0.          -0.
 
  2014               0.           0.
 
  2015               0.           0.
 
  2016              -0.          -0.
 
        ces_hours 43340            PAGE  18, SERIES ces_hours_additi

 E 5  Month-to-month differences in the original series
  From  2007.Feb to 2016.Dec
  Observations        119
 -----------------------------------------------------------------------------
               Jan      Feb      Mar      Apr      May      Jun 
               Jul      Aug      Sep      Oct      Nov      Dec         AVGE  
 -----------------------------------------------------------------------------
  2007                    1.      -0.       1.       1.       1.
                -1.       0.       0.      -1.       0.       1.            0.
 
  2008          -1.      -1.       1.      -0.      -0.       1.
                -1.       1.      -0.      -0.       1.      -1.           -0.
 
  2009           0.       0.       1.      -1.       0.       0.
                 0.       0.      -1.       0.       2.      -2.            0.
 
  2010           0.      -1.       0.       0.       1.      -0.
                 0.       2.      -2.       1.      -2.       0.           -0.
 
  2011          -0.      -1.       0.       1.       1.       0.
                -0.       0.      -0.       0.      -0.       0.            0.
 
  2012           1.       0.       0.       1.      -0.      -1.
                -1.       1.       0.      -2.       0.       1.           -0.
 
  2013          -1.       0.       1.      -0.      -1.       1.
                -1.       1.       1.      -1.       0.       0.           -0.
 
  2014          -0.       1.       1.      -1.      -0.       1.
                -0.      -0.       0.      -0.       0.      -0.            0.
 
  2015          -1.       1.      -0.       0.      -0.       1.
                -0.       1.      -1.       0.       0.      -0.           -0.
 
  2016          -0.      -0.      -0.       2.      -0.      -0.
                 0.      -1.       0.       0.      -0.      -0.           -0.
 
  AVGE          -0.      -0.       0.       0.       0.       0.
                -0.       0.      -0.      -0.       0.      -0.

  Table Total-          -0.   Mean-        -0.   Std. Dev.-         1.
                              Min -        -2.        Max -         2.
        ces_hours 43340            PAGE  19, SERIES ces_hours_additi

 E 6  Month-to-month differences in seasonally adjusted series (D11)
  From  2007.Feb to 2016.Dec
  Observations        119
 -----------------------------------------------------------------------------
               Jan      Feb      Mar      Apr      May      Jun 
               Jul      Aug      Sep      Oct      Nov      Dec         AVGE  
 -----------------------------------------------------------------------------
  2007                    1.      -1.       1.       1.       0.
                -1.       1.      -0.      -0.       0.       0.            0.
 
  2008          -0.      -1.       0.       0.      -0.       0.
                -0.      -0.       0.      -0.       0.      -0.           -0.
 
  2009           1.       0.      -0.      -1.      -0.       0.
                 0.      -1.      -0.       0.       1.      -1.            0.
 
  2010          -0.      -1.       0.      -0.       0.      -0.
                 1.       1.      -1.       1.      -1.      -0.           -0.
 
  2011          -1.      -0.       0.       1.       0.       0.
                -0.       0.       0.       0.       0.       0.            0.
 
  2012           1.       1.      -0.       0.       0.      -1.
                -1.       1.      -0.      -1.       0.      -0.           -0.
 
  2013          -0.      -0.       1.      -1.      -0.       0.
                -0.       1.       0.       0.       0.      -0.            0.
 
  2014           1.       0.      -0.      -0.      -0.      -0.
                 1.      -1.       0.      -0.      -0.       0.            0.
 
  2015          -0.       0.      -0.       0.      -0.       1.
                -0.       0.      -0.       0.      -1.       0.           -0.
 
  2016          -1.      -0.       0.       1.      -0.      -0.
                 0.      -1.       0.      -0.       1.      -0.           -0.
 
  AVGE          -0.      -0.       0.       0.       0.      -0.
                -0.       0.      -0.       0.       0.      -0.

  Table Total-          -0.   Mean-        -0.   Std. Dev.-         0.
                              Min -        -1.        Max -         1.
        ces_hours 43340            PAGE  20, SERIES ces_hours_additi

 E 7  Month-to-month differences in final trend cycle (D12)
  From  2007.Feb to 2016.Dec
  Observations        119
 -----------------------------------------------------------------------------
               Jan      Feb      Mar      Apr      May      Jun 
               Jul      Aug      Sep      Oct      Nov      Dec         AVGE  
 -----------------------------------------------------------------------------
  2007                    0.       0.       0.       0.       0.
                 0.       0.       0.      -0.      -0.      -0.            0.
 
  2008          -0.      -0.      -0.      -0.      -0.      -0.
                -0.      -0.      -0.       0.       0.       0.           -0.
 
  2009           0.       0.      -0.      -0.      -0.      -0.
                -0.      -0.       0.       0.       0.      -0.           -0.
 
  2010          -0.      -0.      -0.      -0.       0.       0.
                 0.       0.      -0.      -0.      -0.      -0.           -0.
 
  2011          -0.      -0.       0.       0.       0.       0.
                 0.       0.       0.       0.       0.       0.            0.
 
  2012           0.       0.       0.      -0.      -0.      -0.
                -0.      -0.      -0.      -0.      -0.      -0.           -0.
 
  2013          -0.      -0.      -0.      -0.      -0.       0.
                 0.       0.       0.       0.       0.       0.            0.
 
  2014           0.       0.      -0.      -0.      -0.      -0.
                -0.      -0.       0.       0.      -0.      -0.           -0.
 
  2015          -0.      -0.      -0.       0.       0.       0.
                 0.       0.       0.      -0.      -0.      -0.           -0.
 
  2016          -0.      -0.       0.       0.      -0.      -0.
                -0.      -0.      -0.      -0.       0.       0.           -0.
 
  AVGE          -0.       0.       0.       0.       0.       0.
                -0.      -0.      -0.      -0.      -0.      -0.

  Table Total-          -0.   Mean-        -0.   Std. Dev.-         0.
                              Min -        -0.        Max -         0.
        ces_hours 43340            PAGE  21, SERIES ces_hours_additi

 E 8  Month-to-month differences in original series adjusted for calendar factors (A18)
  From  2007.Feb to 2016.Dec
  Observations        119
 -----------------------------------------------------------------------------
               Jan      Feb      Mar      Apr      May      Jun 
               Jul      Aug      Sep      Oct      Nov      Dec         AVGE  
 -----------------------------------------------------------------------------
  2007                    0.      -0.       0.       1.       1.
                -1.       1.      -0.      -0.       0.       0.            0.
 
  2008          -0.      -1.       1.      -0.      -0.       1.
                -1.       0.       0.      -0.       0.      -0.           -0.
 
  2009           0.       0.       0.      -1.      -0.       1.
                -0.      -0.      -0.       0.       2.      -1.            0.
 
  2010          -0.      -1.       1.      -0.       0.       0.
                 0.       1.      -1.       0.      -1.      -0.           -0.
 
  2011          -1.      -0.       1.       1.       0.       0.
                -0.       1.      -0.      -0.       0.       0.            0.
 
  2012           0.       1.      -0.       0.       0.      -1.
                -1.       1.      -0.      -1.       0.      -0.           -0.
 
  2013          -0.      -0.       1.      -0.      -0.       0.
                -0.       1.       0.      -0.      -0.      -0.            0.
 
  2014           0.       0.      -0.       0.      -0.       0.
                 1.      -1.       1.      -0.      -0.       0.            0.
 
  2015          -1.       0.      -0.       0.      -0.       1.
                -0.       0.       0.       0.      -1.       0.           -0.
 
  2016          -1.       0.      -0.       1.      -0.      -0.
                 0.      -1.       0.      -1.       1.      -0.           -0.
 
  AVGE          -0.      -0.       0.       0.      -0.       0.
                -0.       0.      -0.      -0.       0.      -0.

  Table Total-          -0.   Mean-        -0.   Std. Dev.-         1.
                              Min -        -1.        Max -         2.
        ces_hours 43340            PAGE  22, SERIES ces_hours_additi

 E 18  Final adjustment ratios
  From  2007.Jan to 2016.Dec
  Observations        120
 -----------------------------------------------------------------------------
               Jan      Feb      Mar      Apr      May      Jun 
               Jul      Aug      Sep      Oct      Nov      Dec         AVGE  
 -----------------------------------------------------------------------------
  2007       99.282   99.292   99.732   99.595   98.836  100.721
            100.764  100.202  101.283   99.502   99.811  101.245       100.022
 
  2008       99.095   98.079  100.269   98.999   98.950  102.558
             99.504  101.284   99.787   99.568  101.144   99.551        99.899
 
  2009       99.049   99.129  100.959   98.769  100.232  100.492
             99.815  101.999   99.789   99.235  101.231   99.257        99.996
 
  2010      100.117   99.120   99.012   99.572  100.894  100.217
             99.514  101.526  100.513  100.323   99.201   99.354        99.947
 
  2011      100.629   99.246   99.708   99.065  100.432  100.604
            100.629  100.473  100.139  100.802   98.995   99.120        99.987
 
  2012       99.938   98.905   99.586  101.443   99.229   99.885
            100.465  100.493  101.713   99.138   98.990  100.972       100.063
 
  2013       98.508   99.662   99.592  101.044   99.458  101.465
             99.242  100.013  102.123   98.971   98.844  100.537        99.955
 
  2014       98.754   99.795  101.428   99.673   99.226  101.761
             99.189  100.983  100.161   99.327  100.541   99.443       100.023
 
  2015       98.495   99.865  100.184  100.963  100.503   99.802
             99.656  101.276  100.043   99.171  100.957   99.367       100.023
 
  2016       99.713   99.255   98.056  100.886  100.610  100.457
            100.837   99.486  100.128  101.092   98.987   99.388        99.908
 
  AVGE       99.358   99.235   99.853  100.001   99.837  100.796
             99.962  100.773  100.568   99.713   99.870   99.824

  Table Total-       11998.   Mean-       100.   Std. Dev.-         1.
                              Min -        98.        Max -       103.

 E 18.A  Final adjustment ratio forecasts
  From  2017.Jan to 2017.Dec
  Observations         12
 -----------------------------------------------------------------------------
               Jan      Feb      Mar      Apr      May      Jun 
               Jul      Aug      Sep      Oct      Nov      Dec         AVGE  
 -----------------------------------------------------------------------------
  2017       99.712   99.821   99.563  101.211   99.517   99.973
            101.527   99.288   99.919  100.514   99.696  100.659       100.117
 
        ces_hours 43340            PAGE  23, SERIES ces_hours_additi

 F 4.  Additive Day of the Week Trading Day Component Factors


      Day of Week Component for regARIMA Trading Day Factors:

                                       months starting on:
                     Mon      Tue      Wed      Thu      Fri      Sat      Sun
 31-day months        -0.      -0.      -0.      -0.       0.       0.       0.
 30-day months        -0.      -0.       0.      -0.      -0.       0.       0.
 Leap year Feb.        0. ********       0. ********      -0. ******** ********

  QS statistic for seasonality:
  Original Series                                     3.36  (P-Value =     0.1864)
  Original Series (EV adj)                            1.79  (P-Value =     0.4087)
  Residuals                                           1.27  (P-Value =     0.5288)
  Seasonally Adjusted Series                          0.00  (P-Value =     1.0000)
  Seasonally Adjusted Series (EV adj)                 0.00  (P-Value =     1.0000)
  Irregular Series                                    0.00  (P-Value =     1.0000)
  Irregular Series (EV adj)                           0.00  (P-Value =     1.0000)

  QS statistic for seasonality (starting 2009.Jan):
  Original Series                                     0.89  (P-Value =     0.6394)
  Original Series (EV adj)                            0.57  (P-Value =     0.7508)
  Residuals                                           0.10  (P-Value =     0.9511)
  Seasonally Adjusted Series                          0.00  (P-Value =     1.0000)
  Seasonally Adjusted Series (EV adj)                 0.00  (P-Value =     1.0000)
  Irregular Series                                    0.00  (P-Value =     1.0000)
  Irregular Series (EV adj)                           0.00  (P-Value =     1.0000)


 WARNING: Series should not be a candidate for seasonal adjustment
          because the spectrum of the prior adjusted series (Table B1)
          has no visually significant seasonal peaks.

          If this is a component series of an indirectly adjusted
          composite series, consider using type = trend or type = summary
          in the x11 spec.
        ces_hours 43340            PAGE  24, SERIES ces_hours_additi
 G 0  10*LOG(SPECTRUM) of the differenced Prior Adjusted Series
      (Table B1).  Spectrum estimated from 2009.Jan to 2016.Dec.
 ++++++++++I+++++++++++++++++++++++++++++++++++++++++++++++++++++++++++++I
       0.41I                                                  S          I      0.41
           I                                                 *S          I
           I                            *          *         *S   *      I
           I                            *          *         *S   ** *   I
      -1.36I                            *          *         *S   ****   I     -1.36
           I            *               **         *         *S   ****   I
           I            *               **         *         *S  ******  I
           I            **              **         *         *S* ******  I
      -3.13I            **              **         *         *S* ******  I     -3.13
           I            **              **        **         *S*T******  I
           I            **              **        **         *S*T******  I
           I           ****             **S       **    *    *S*T******* I
      -4.89I           ****            ***S       **    *    *S*T******* I     -4.89
           I     *     ****      *     ***S       **S   *   **S*T*******SI
           I     *     ****      *     ***S    *  **S   *   **S*T*******SI
           I     *     ****      *     ***S*  ** ***S   **  **S*T*******SI
      -6.66I     *     ****      **    ***S*  ******S   **  **S*T*******SI     -6.66
           I     *     ****      **    ***S** ******S  ***  **S*T*******SI
           I     *     ****      **    ***S*********S  ***  **S*T*******SI
           I     **    ****      ***  ****S*********S* *******S*T*******SI
      -8.43I    ***    ****     S***  ****S*********S* *******S*T*******SI     -8.43
           I    ***    ****     S***  ****S*********S*T*******S*T*******SI
           I    ***    ****     S**** ****S*********S*T*******S*T*******SI
           I    ***    ****     S*********S*********S*T*******S*T*******SI
     -10.19I    ***   S****     S*********S*********S*T*******S*T*******SI    -10.19
           I    ***   S*****    S*********S*********S*T*******S*T*******SI
           I    ***   S*****    S*********S*********S*T*******S*T*******SI
           I    ****  S*****    S*********S*********S*T*******S*T*******SI
     -11.96I    ****  S*****    S*********S*********S*T*******S*T*******SI    -11.96
           I    ****  S*****    S*********S*********S*T*******S*T*******SI
           I    ****  S*****   *S*********S*********S*T*******S*T*******SI
           I    ******S*****   *S*********S*********S*T*******S*T*******SI
     -13.72I    ******S*****   *S*********S*********S*T*******S*T*******SI    -13.72
           I    ******S*****   *S*********S*********S*T*******S*T*******SI
           I   *******S******  *S*********S*********S*T*******S*T*******SI
           I   *******S******  *S*********S*********S*T*******S*T*******SI
     -15.49I   *******S****** **S*********S*********S*T*******S*T*******SI    -15.49
           I   *******S*********S*********S*********S*T*******S*T*******SI
           I   *******S*********S*********S*********S*T*******S*T*******SI
           I   *******S*********S*********S*********S*T*******S*T*******SI
     -17.26I   *******S*********S*********S*********S*T*******S*T*******SI    -17.26
           I   *******S*********S*********S*********S*T*******S*T*******SI
           I   *******S*********S*********S*********S*T*******S*T*******SI
           I   *******S*********S*********S*********S*T*******S*T*******SI
     -19.02I   *******S*********S*********S*********S*T*******S*T*******SI    -19.02
           I  ********S*********S*********S*********S*T*******S*T*******SI
           I  ********S*********S*********S*********S*T*******S*T*******SI
           I  ********S*********S*********S*********S*T*******S*T*******SI
     -20.79I  ********S*********S*********S*********S*T*******S*T*******SI    -20.79
           I  ********S*********S*********S*********S*T*******S*T*******SI
           I  ********S*********S*********S*********S*T*******S*T*******SI
           I *********S*********S*********S*********S*T*******S*T*******SI
     -22.56I**********S*********S*********S*********S*T*******S*T*******SI    -22.56
 ++++++++++I+++++++++++++++++++++++++++++++++++++++++++++++++++++++++++++I
            S=SEASONAL FREQUENCIES, T=TRADING DAY FREQUENCIES
        ces_hours 43340            PAGE  25, SERIES ces_hours_additi
 G 1  10*LOG(SPECTRUM) of the differenced seasonally adjusted 
      data (Table E2).  Spectrum estimated from 2009.Jan to 2016.Dec.
 ++++++++++I+++++++++++++++++++++++++++++++++++++++++++++++++++++++++++++I
      -2.01I                                                        *    I     -2.01
           I                                                        *    I
           I                                                        **   I
           I                                                       ***   I
      -3.62I                                                       ***   I     -3.62
           I                                                       ***   I
           I            *                                         ****   I
           I            *                                         ****   I
      -5.23I            *                                         ****   I     -5.23
           I            *                         *               ****   I
           I            *                         *       *       ****   I
           I            *                         *       *      *****   I
      -6.84I            **        *               *      **      *****   I     -6.84
           I     *      **        **              *      **      *****   I
           I     **     **        **   *          *      **     T*****   I
           I     **     ***       **   *          *     ***     T*****   I
      -8.45I     **     ***       **   *         **     ***     T******  I     -8.45
           I     **     ***       **  ***        **     ****   *T******  I
           I     **     ***       **  ***        **     ****   *T******  I
           I    ***     ***       *** ***     *  ***   *****   *T******  I
     -10.06I   ****     ***       *******    **  ***   *****  S*T******  I    -10.06
           I   ****     ***       ********   **  ***   *****  S*T******  I
           I   ****     ***      *********  ********   ****** S*T******  I
           I   ****     ****     *********S*********  T*******S*T******  I
     -11.67I   ****     ****     *********S*********  T*******S*T******  I    -11.67
           I   ****     ****     *********S*********  T*******S*T******* I
           I   ****     ****     *********S*********S T*******S*T******* I
           I   ****     ****     *********S*********S*T*******S*T******* I
     -13.28I   ****     ****     *********S*********S*T*******S*T*******SI    -13.28
           I   ****     ****     *********S*********S*T*******S*T*******SI
           I   ****     ****     *********S*********S*T*******S*T*******SI
           I   ****     ****     *********S*********S*T*******S*T*******SI
     -14.89I   ****    *****    S*********S*********S*T*******S*T*******SI    -14.89
           I   ****    *****    S*********S*********S*T*******S*T*******SI
           I   ****    *****    S*********S*********S*T*******S*T*******SI
           I   ****    ******   S*********S*********S*T*******S*T*******SI
     -16.50I   ****    ******   S*********S*********S*T*******S*T*******SI    -16.50
           I   ****    ******   S*********S*********S*T*******S*T*******SI
           I   *****   ******   S*********S*********S*T*******S*T*******SI
           I  ******   ******  *S*********S*********S*T*******S*T*******SI
     -18.11I  ******   ******  *S*********S*********S*T*******S*T*******SI    -18.11
           I  ******   ******* *S*********S*********S*T*******S*T*******SI
           I  ******   *********S*********S*********S*T*******S*T*******SI
           I  ******   *********S*********S*********S*T*******S*T*******SI
     -19.71I  ******  S*********S*********S*********S*T*******S*T*******SI    -19.71
           I  ******  S*********S*********S*********S*T*******S*T*******SI
           I  ******  S*********S*********S*********S*T*******S*T*******SI
           I  ******* S*********S*********S*********S*T*******S*T*******SI
     -21.32I  ******* S*********S*********S*********S*T*******S*T*******SI    -21.32
           I *********S*********S*********S*********S*T*******S*T*******SI
           I *********S*********S*********S*********S*T*******S*T*******SI
           I *********S*********S*********S*********S*T*******S*T*******SI
     -22.93I**********S*********S*********S*********S*T*******S*T*******SI    -22.93
 ++++++++++I+++++++++++++++++++++++++++++++++++++++++++++++++++++++++++++I
            S=SEASONAL FREQUENCIES, T=TRADING DAY FREQUENCIES
        ces_hours 43340            PAGE  26, SERIES ces_hours_additi
 G 2  10*LOG(SPECTRUM) of the Modified Irregular (Table E3).  
      Spectrum estimated from 2009.Jan to 2016.Dec.
 ++++++++++I+++++++++++++++++++++++++++++++++++++++++++++++++++++++++++++I
      -6.45I                      *                                      I     -6.45
           I                      *                                      I
           I                      *                                 *    I
           I                      *                                 *    I
      -7.76I                      *                                 *    I     -7.76
           I                      *                                 *    I
           I                      *                                 *    I
           I                      **                                *    I
      -9.08I                      **                                **   I     -9.08
           I                      **                                **   I
           I            *         **  *                            ***   I
           I            *         **  **                           ***   I
     -10.40I            *         **  **          *                ***   I    -10.40
           I            *         ** ***          *               ****   I
           I            *         ******          *               ****   I
           I            *         *******         *               ****   I
     -11.71I            **        *******         *      **      *****   I    -11.71
           I            **        *******         *      **      *****   I
           I            **        *******        **      **      *****   I
           I            **        *******        **      **      *****   I
     -13.03I            **        ********       **     ***      *****   I    -13.03
           I            **       *********       **     ***     T*****   I
           I            **       *********   *   **     ***     T*****   I
           I            **       *********   *   ***    ****    T*****   I
     -14.35I            **       *********   *   ***    ****    T******  I    -14.35
           I            **       *********S ***  ***   *****    T******  I
           I            **       *********S ***  ***   *****    T******  I
           I            **       *********S**** ****   *****    T******  I
     -15.66I            **       *********S*********   *****   *T******  I    -15.66
           I            **       *********S*********   *****   *T******  I
           I            **       *********S*********  T******  *T******  I
           I           ****      *********S*********S T****** S*T******  I
     -16.98I           ****      *********S*********S*T****** S*T******  I    -16.98
           I           ****      *********S*********S*T*******S*T******  I
           I           ****      *********S*********S*T*******S*T******* I
           I           ****     S*********S*********S*T*******S*T******* I
     -18.30I  *        *****    S*********S*********S*T*******S*T*******SI    -18.30
           I  *        *****    S*********S*********S*T*******S*T*******SI
           I  *        ******   S*********S*********S*T*******S*T*******SI
           I  *        ******   S*********S*********S*T*******S*T*******SI
     -19.61I **       S******   S*********S*********S*T*******S*T*******SI    -19.61
           I **     * S******* *S*********S*********S*T*******S*T*******SI
           I ***    **S*********S*********S*********S*T*******S*T*******SI
           I****    **S*********S*********S*********S*T*******S*T*******SI
     -20.93I****   ***S*********S*********S*********S*T*******S*T*******SI    -20.93
           I****   ***S*********S*********S*********S*T*******S*T*******SI
           I****   ***S*********S*********S*********S*T*******S*T*******SI
           I****   ***S*********S*********S*********S*T*******S*T*******SI
     -22.25I****   ***S*********S*********S*********S*T*******S*T*******SI    -22.25
           I****   ***S*********S*********S*********S*T*******S*T*******SI
           I***** ****S*********S*********S*********S*T*******S*T*******SI
           I***** ****S*********S*********S*********S*T*******S*T*******SI
     -23.56I**********S*********S*********S*********S*T*******S*T*******SI    -23.56
 ++++++++++I+++++++++++++++++++++++++++++++++++++++++++++++++++++++++++++I
            S=SEASONAL FREQUENCIES, T=TRADING DAY FREQUENCIES
        ces_hours 43340            PAGE  27, SERIES ces_hours_additi

  Peak probabilities for Tukey spectrum estimator
  Spectrum estimated from 2009.Jan to 2016.Dec.

                                          S1       S2       S3       S4       S5       S6       TD
                                        ------   ------   ------   ------   ------   ------   ------
  Model Residuals                        0.534    0.367    0.036    0.492    0.975*   0.238    0.780  
  Prior Adjusted Series (Table B1)       0.329    0.294    0.225    0.912*   0.667    0.342    0.900* 
  Seasonally adjusted series (E2)        0.025    0.004    0.119    0.128    0.133    0.061    0.432  
  Modified Irregular (E3)                0.049    0.001    0.126    0.155    0.105    0.058    0.440  
  ----------
     ** - Peak Probability > 0.99,
      * - 0.90 < Peak Probability < 0.99


