  Reading input spec file from D:\Programming\Dynamic Paper-dlrhcs_replication\outputs\empirical\unemployment\raw_sa_pilot\x13_work\ces_hours_additive_level_38340_200701_201612.spc

1

               U. S. Department of Commerce, U. S. Census Bureau

              X-13ARIMA-SEATS monthly seasonal adjustment Method,
                          Release Version 1.1 Build 62


           This software application provides an enhanced version of
             Statistics Canada's X-11-ARIMA extension (Dagum, 1980)
                 of the X-11 variant of the Census Method II of
                      Shiskin, Young and Musgrave (1967).

            It also provides an ARIMA model-based method following
       Hillmer and Tiao (1982) and Burman (1980) that is very similar
       to the update of the method of SEATS (Gomez and Maravall, 1996)
                produced at the Bank of Spain by G. Caporello and
               A. Maravall for TSW (Caporello and Maravall, 2004).
          The present application includes additional enhancements.

         X-13ARIMA-SEATS includes an automatic ARIMA model selection procedure
          based largely on the procedure of Gomez and Maravall (1998)
            as implemented in TRAMO (1996) and subsequent revisions.

              Primary Programmers: Brian Monsell, Mark Otto and,
                 for the ARIMA model-based signal extraction,
                      Gianluca Caporello and Victor Gomez


     Series Title- ces_hours 38340
     Series Name- ces_hours_additi
     Jul 29, 2026  08.43.09 

        -Period covered-  1st month,2007 to 12th month,2016
        -Type of run - additive seasonal adjustment

        -Sigma limits for graduating extreme values are  1.5 and  2.5 .
        -3x3 moving average used in section 1 of each iteration, 
         3x5 moving average in section 2 of iterations B and C,
         moving average for final seasonal factors chosen by Global MSR.
        -Holiday adjustment factors applied directly to the final seasonally adjusted series
        -Spectral plots generated for selected series
        -Spectral plots generated for series starting in 2009.Jan

 FILE SAVE REQUESTS (* indicates file exists and will be overwritten)
  D:\Programming\Dynamic Paper-dlrhcs_replication\outputs\empirical\unemployment\raw_sa_pilot\x13_work\ces_hours_additive_level_38340_200701_201612.d10  final seasonal factors
  D:\Programming\Dynamic Paper-dlrhcs_replication\outputs\empirical\unemployment\raw_sa_pilot\x13_work\ces_hours_additive_level_38340_200701_201612.d11  final seasonally adjusted data
  D:\Programming\Dynamic Paper-dlrhcs_replication\outputs\empirical\unemployment\raw_sa_pilot\x13_work\ces_hours_additive_level_38340_200701_201612.out  program output file
  D:\Programming\Dynamic Paper-dlrhcs_replication\outputs\empirical\unemployment\raw_sa_pilot\x13_work\ces_hours_additive_level_38340_200701_201612.err  program error file
        ces_hours 38340            PAGE   1, SERIES ces_hours_additi

     Contents of spc file D:\Programming\Dynamic Paper-dlrhcs_replication\outputs\empirical\unemployment\raw_sa_pilot\x13_work\ces_hours_additive_level_38340_200701_201612.spc

 Line #
 ------
      1: series {
      2:   title = "ces_hours 38340"
      3:   start = 2007.1
      4:   period = 12
      5:   data = (
      6: 32.7
      7: 31.7
      8: 33.3
      9: 33.2
     10: 34.3
     11: 33.7
     12: 35.1
     13: 34.2
     14: 35.4
     15: 33.8
     16: 33
     17: 34.1
     18: 33.3
     19: 33.1
     20: 32.3
     21: 33.6
     22: 33.6
     23: 34
     24: 33.5
     25: 34.6
     26: 35
     27: 35.3
     28: 34.9
     29: 34.9
     30: 34.6
     31: 34
     32: 33.1
     33: 33.2
     34: 33.3
     35: 33.4
     36: 33.5
     37: 33.6
     38: 33.5
     39: 33.8
     40: 33.7
     41: 33.8
     42: 33.7
     43: 33.1
     44: 33.4
     45: 33
     46: 33
     47: 33.4
     48: 34.2
     49: 33.3
     50: 32.6
     51: 32.8
     52: 32.7
     53: 32.9
     54: 32.3
     55: 32.4
     56: 32.4
     57: 32.1
     58: 31.7
     59: 32.3
     60: 32.9
     61: 32.7
     62: 32
     63: 32.2
     64: 31.9
     65: 31.6
     66: 31.4
     67: 30.8
     68: 30.4
     69: 31.2
     70: 31.1
     71: 31.5
     72: 31.7
     73: 31.5
     74: 31.4
     75: 31
     76: 30.6
     77: 30.5
     78: 30.2
     79: 29.9
     80: 30.6
     81: 30.4
     82: 30.7
     83: 30.9
     84: 31.1
     85: 31.5
     86: 31.1
     87: 30.5
     88: 31.1
     89: 31.2
     90: 30.9
     91: 30.8
     92: 30.8
     93: 31.3
     94: 30.6
     95: 30.4
     96: 30.2
     97: 29.9
     98: 30.2
     99: 30.8
    100: 30.6
    101: 30.6
    102: 30.4
    103: 30.6
    104: 30.4
    105: 30.9
    106: 31.2
    107: 31.2
    108: 31.3
    109: 31
    110: 31.9
    111: 31.2
    112: 31.7
    113: 31.6
    114: 31.8
    115: 31.3
    116: 31.8
    117: 31.5
    118: 31.5
    119: 31.8
    120: 32.7
    121: 32.5
    122: 32.8
    123: 33.1
    124: 32.8
    125: 32.5
    126:   )
    127: }
    128: transform { function = none }
    129: regression { aictest = (td easter) }
    130: automdl {}
    131: x11 { mode = add save = (d10 d11) }
        ces_hours 38340            PAGE   2, SERIES ces_hours_additi

 A 1  Time series data (for the span analyzed)
  From  2007.Jan to 2016.Dec
  Observations        120
 -----------------------------------------------------------------------------
               Jan      Feb      Mar      Apr      May      Jun 
               Jul      Aug      Sep      Oct      Nov      Dec        TOTAL  
 -----------------------------------------------------------------------------
  2007          33.      32.      33.      33.      34.      34.
                35.      34.      35.      34.      33.      34.          405.
 
  2008          33.      33.      32.      34.      34.      34.
                34.      35.      35.      35.      35.      35.          408.
 
  2009          35.      34.      33.      33.      33.      33.
                34.      34.      34.      34.      34.      34.          404.
 
  2010          34.      33.      33.      33.      33.      33.
                34.      33.      33.      33.      33.      33.          398.
 
  2011          32.      32.      32.      32.      32.      32.
                33.      33.      32.      32.      32.      32.          387.
 
  2012          31.      31.      30.      31.      31.      32.
                32.      32.      31.      31.      31.      31.          373.
 
  2013          30.      30.      31.      30.      31.      31.
                31.      32.      31.      31.      31.      31.          369.
 
  2014          31.      31.      31.      31.      31.      30.
                30.      30.      30.      31.      31.      31.          367.
 
  2015          30.      31.      30.      31.      31.      31.
                31.      31.      32.      31.      32.      32.          373.
 
  2016          32.      31.      32.      32.      32.      32.
                33.      33.      33.      33.      33.      33.          386.
 
  AVGE          32.      32.      32.      32.      32.      32.
                33.      32.      33.      32.      32.      32.

  Table Total-        3870.   Mean-        32.   Std. Dev.-         1.
                              Min -        30.        Max -        35.
        ces_hours 38340            PAGE   3, SERIES ces_hours_additi
                        Automatic ARIMA Model Selection

                    Procedure based closely on TRAMO method 
                         of Gomez and Maravall (2000)
              "Automatic Modeling Methods for Univariate Series",
                            A Course in Time Series
                  (Edited by D. Pena, G. C. Tiao, R. S. Tsay),
                         New York : J. Wiley and Sons


     Maximum order for regular ARMA parameters :   2
     Maximum order for seasonal ARMA parameters :   1
     Maximum order for regular differencing :   2
     Maximum order for seasonal differencing :   1

   Results of Unit Root Test for identifying orders of differencing:
     Regular difference order :   1
     Seasonal difference order :   0

     Mean is not significant.

  Automatic model choice : (1 1 0)
   Model changed to 
   ( 0, 1, 1) ( 0, 1, 1)


  Final Checks for Identified Model


  Checking for Unit Roots.
   No unit roots found.

  Checking for nonseasonal overdifferencing.
   Nonseasonal MA not within  0.001 of 1.0 - model passes test.

  Checking for insignificant ARMA coefficients.

  Final automatic model choice : (0 1 1)(0 1 1)
   End of automatic model selection procedure.

 Average absolute percentage error in within-sample forecasts:
  Last year:   2.35      Last-1 year:   2.29     Last-2 year:   2.37
  Last three years:    2.34

 Estimation converged in   46 ARMA iterations,  139 function evaluations.

 ARIMA Model:  (0 1 1)(0 1 1)
   Nonseasonal differences: 1
   Seasonal differences:    1
                                              Standard
 Parameter                    Estimate          Errors
 -----------------------------------------------------
 Nonseasonal MA                                    
   Lag  1                       0.3552         0.07952

 Seasonal MA                                       
   Lag 12                       0.9978         0.07117

 Variance                       0.24082E+00
 SE of Var                      0.32925E-01
 -----------------------------------------------------

 Likelihood Statistics
 ------------------------------------------------------------------
 Number of observations (nobs)                                  120
 Effective number of observations (nefobs)                      107
 Number of parameters estimated (np)                              3
 Log likelihood (L)                                        -89.3736
 AIC                                                       184.7471 
 AICC (F-corrected-AIC)                                    184.9802 
 Hannan Quinn                                              187.9977 
 BIC                                                       192.7656 
 ------------------------------------------------------------------

 QS Statistic for regARIMA Model Residuals (full series):             0.59
                                                       (P-Value =     0.7447)

 QS Statistic for regARIMA Model Residuals (starting 2009.Jan):       0.04
                                                       (P-Value =     0.9811)


  At least one visually significant residual seasonal peaks has been
  found in the spectral plot of the following series starting in 2009.Jan:

          regARIMA model residuals (1 Seasonal peak(s))

      10*LOG(SPECTRUM) of the regARIMA model residuals
      Spectrum estimated from 2009.Jan to 2016.Dec.
 ++++++++++I+++++++++++++++++++++++++++++++++++++++++++++++++++++++++++++I
      -2.61I            *                                                I     -2.61
           I            *                                                I
           I            *                                                I
           I            *                                                I
      -3.60I            *                                                I     -3.60
           I            *                                                I
           I*           *                                                I
           I*           *               *               *                I
      -4.58I*           *               *               *                I     -4.58
           I*           *               *               *                I
           I*           *               *               *                I
           I*      *    *       S       *               *                I
      -5.57I*      *   **       S       *               *                I     -5.57
           I*      *   **       S       *               *                I
           I*      *   **       S       *     *         *                I
           I*      *   **       S       **    *         *                I
      -6.56I*      **  **       S       **    *         *            *   I     -6.56
           I**     **  **       S       **   **         *            *   I
           I**     **  **       S       **   **         *            *   I
           I**     **  **       S       **   ***        *           **   I
      -7.55I**     **  **   *  *S       **   ***        *           **   I     -7.55
           I**     **  **   *  *S      ***   ***        *           **   I
           I**     **  **   *  *S      ***   ***        *           **   I
           I**     **  ***  *  *S      ***   ***        *           **   I
      -8.54I**     **  ***  *  *S      ***  ****        *           ***  I     -8.54
           I**    ***  *** **  *S      ***  ****        *          ****  I
           I**    ***  *** **  *S      ***  ****        *          ****  I
           I**    ***  *** **  *S    *****S ****        *          ****  I
      -9.53I***   *** S*** *** *S    *****S ****        *          ****  I     -9.53
           I***   ****S*** *** *S    *****S*****        *          ****  I
           I***   ****S*** *****S*   *****S******       *         *****  I
           I***   ****S*********S*   *****S******       **   *    *****  I
     -10.51I**** *****S*********S*  ******S******       **   *    *****  I    -10.51
           I**** *****S*********S*  ******S******       **   *    ****** I
           I**********S*********S*  ******S******       **   *    ****** I
           I**********S*********S*  ******S******       **   *    ****** I
     -11.50I**********S*********S*  ******S******       **   *    ******SI    -11.50
           I**********S*********S*  ******S*******      **   *    ******SI
           I**********S*********S*  ******S*********    **  **   *******SI
           I**********S*********S* *******S*********    **  **   *******SI
     -12.49I**********S*********S*********S*********    **  **S  *******SI    -12.49
           I**********S*********S*********S*********    **  **S  *******SI
           I**********S*********S*********S*********    **  **S  *******SI
           I**********S*********S*********S*********   ***  **S  *******SI
     -13.48I**********S*********S*********S*********   ***  **S  *******SI    -13.48
           I**********S*********S*********S*********S  ***  **S T*******SI
           I**********S*********S*********S*********S  ***  **S*T*******SI
           I**********S*********S*********S*********S  **** **S*T*******SI
     -14.47I**********S*********S*********S*********S  *******S*T*******SI    -14.47
           I**********S*********S*********S*********S  *******S*T*******SI
           I**********S*********S*********S*********S  *******S*T*******SI
           I**********S*********S*********S*********S* *******S*T*******SI
     -15.45I**********S*********S*********S*********S*T*******S*T*******SI    -15.45
 ++++++++++I+++++++++++++++++++++++++++++++++++++++++++++++++++++++++++++I
            S=SEASONAL FREQUENCIES, T=TRADING DAY FREQUENCIES


 FORECASTING
  Origin  2016.Dec
  Number        12

  Forecasts and Standard Errors
   ------------------------------
                         Standard
       Date   Forecast      Error
   ------------------------------
   2017.Jan      32.36      0.491
   2017.Feb      32.00      0.584
   2017.Mar      32.08      0.664
   2017.Apr      32.27      0.736
   2017.May      32.33      0.801
   2017.Jun      32.49      0.861
   2017.Jul      32.85      0.917
   2017.Aug      32.71      0.970
   2017.Sep      32.82      1.021
   2017.Oct      32.68      1.069
   2017.Nov      32.53      1.114
   2017.Dec      32.60      1.159
   ------------------------------

  Confidence intervals with coverage probability ( 0.95000
   ---------------------------------------
       Date      Lower  Forecast     Upper
   ---------------------------------------
   2017.Jan      31.39     32.36     33.32
   2017.Feb      30.85     32.00     33.14
   2017.Mar      30.77     32.08     33.38
   2017.Apr      30.82     32.27     33.71
   2017.May      30.76     32.33     33.90
   2017.Jun      30.80     32.49     34.17
   2017.Jul      31.05     32.85     34.64
   2017.Aug      30.80     32.71     34.61
   2017.Sep      30.82     32.82     34.82
   2017.Oct      30.58     32.68     34.77
   2017.Nov      30.34     32.53     34.71
   2017.Dec      30.33     32.60     34.87
   ---------------------------------------
        ces_hours 38340            PAGE   4, SERIES ces_hours_additi

 B 1  Original series (prior adjusted)
  From  2007.Jan to 2016.Dec
  Observations        120
 -----------------------------------------------------------------------------
               Jan      Feb      Mar      Apr      May      Jun 
               Jul      Aug      Sep      Oct      Nov      Dec        TOTAL  
 -----------------------------------------------------------------------------
  2007          33.      32.      33.      33.      34.      34.
                35.      34.      35.      34.      33.      34.          405.
 
  2008          33.      33.      32.      34.      34.      34.
                34.      35.      35.      35.      35.      35.          408.
 
  2009          35.      34.      33.      33.      33.      33.
                34.      34.      34.      34.      34.      34.          404.
 
  2010          34.      33.      33.      33.      33.      33.
                34.      33.      33.      33.      33.      33.          398.
 
  2011          32.      32.      32.      32.      32.      32.
                33.      33.      32.      32.      32.      32.          387.
 
  2012          31.      31.      30.      31.      31.      32.
                32.      32.      31.      31.      31.      31.          373.
 
  2013          30.      30.      31.      30.      31.      31.
                31.      32.      31.      31.      31.      31.          369.
 
  2014          31.      31.      31.      31.      31.      30.
                30.      30.      30.      31.      31.      31.          367.
 
  2015          30.      31.      30.      31.      31.      31.
                31.      31.      32.      31.      32.      32.          373.
 
  2016          32.      31.      32.      32.      32.      32.
                33.      33.      33.      33.      33.      33.          386.
 
  AVGE          32.      32.      32.      32.      32.      32.
                33.      32.      33.      32.      32.      32.

  Table Total-        3870.   Mean-        32.   Std. Dev.-         1.
                              Min -        30.        Max -        35.

 B 1.A  Forecasts of (prior adjusted) original series
  From  2017.Jan to 2017.Dec
  Observations         12
 -----------------------------------------------------------------------------
               Jan      Feb      Mar      Apr      May      Jun 
               Jul      Aug      Sep      Oct      Nov      Dec        TOTAL  
 -----------------------------------------------------------------------------
  2017          32.      32.      32.      32.      32.      32.
                33.      33.      33.      33.      33.      33.          390.
 
        ces_hours 38340            PAGE   5, SERIES ces_hours_additi

 C 17  Final weights for irregular component
  From  2007.Jan to 2016.Dec
  Observations        120
  Lower sigma limit    1.50
  Upper sigma limit    2.50
 -----------------------------------------------------------------------------
               Jan      Feb      Mar      Apr      May      Jun 
               Jul      Aug      Sep      Oct      Nov      Dec         S.D.  
 -----------------------------------------------------------------------------
  2007         100.       0.     100.     100.     100.      22.
                86.     100.       0.     100.      13.     100.           26.
 
  2008         100.     100.       0.     100.     100.     100.
                 0.     100.     100.     100.     100.     100.           26.
 
  2009         100.     100.     100.     100.     100.     100.
               100.     100.     100.     100.     100.     100.           26.
 
  2010         100.     100.     100.     100.     100.     100.
                 0.     100.     100.     100.     100.     100.           23.
 
  2011         100.     100.     100.     100.      46.     100.
               100.     100.     100.     100.     100.     100.           20.
 
  2012         100.     100.       0.     100.     100.     100.
               100.     100.     100.     100.     100.     100.           21.
 
  2013         100.     100.      59.     100.     100.     100.
               100.      50.     100.       0.     100.     100.           20.
 
  2014         100.     100.     100.       0.     100.     100.
               100.      86.     100.     100.     100.     100.           19.
 
  2015         100.     100.     100.     100.     100.     100.
               100.     100.      12.       0.     100.     100.           18.
 
  2016         100.     100.      93.     100.      81.     100.
               100.     100.     100.     100.     100.     100.           18.
 
        ces_hours 38340            PAGE   6, SERIES ces_hours_additi

 D 8  Final unmodified SI ratios
  From  2007.Jan to 2016.Dec
  Observations        120
 -----------------------------------------------------------------------------
               Jan      Feb      Mar      Apr      May      Jun 
               Jul      Aug      Sep      Oct      Nov      Dec         AVGE  
 -----------------------------------------------------------------------------
  2007          -0.      -2.      -0.      -1.       0.      -1.
                 1.       0.       2.       0.      -0.       1.           -0.
 
  2008          -0.      -1.      -1.      -0.      -0.      -0.
                -1.       0.       0.       1.       0.       0.           -0.
 
  2009           0.      -0.      -1.      -1.      -0.       0.
                 0.       0.       0.       0.       0.       0.           -0.
 
  2010           0.      -0.      -0.      -1.      -0.       0.
                 1.       0.      -0.       0.       0.       0.            0.
 
  2011          -0.      -0.      -0.      -0.      -1.      -0.
                 1.       1.      -0.       0.       0.      -0.           -0.
 
  2012          -0.      -1.      -1.      -0.      -0.       0.
                 0.       0.       0.       0.      -0.      -0.           -0.
 
  2013          -0.      -1.       0.      -0.       0.       0.
                 0.       1.       0.      -1.      -0.       0.           -0.
 
  2014          -0.      -0.      -0.       1.       0.       0.
                -0.      -0.       0.       1.       0.       0.            0.
 
  2015          -0.      -0.      -0.      -0.       0.       0.
                 0.      -0.       1.      -0.       0.       0.           -0.
 
  2016           0.      -0.       0.      -0.      -0.      -0.
                 0.       0.       0.       1.       0.       0.            0.
 
  AVGE          -0.      -1.      -0.      -0.      -0.      -0.
                 0.       0.       0.       0.       0.       0.

  Table Total-          -3.   Mean-        -0.   Std. Dev.-         0.
                              Min -        -2.        Max -         2.
        ces_hours 38340            PAGE   7, SERIES ces_hours_additi

 D 8.B  Final unmodified SI ratios, with labels for outliers and extreme values
  From  2007.Jan to 2016.Dec
  Observations        120
 ---------------------------------------------------------------------
               Jan       Feb       Mar       Apr       May       Jun  
               Jul       Aug       Sep       Oct       Nov       Dec  
 ---------------------------------------------------------------------
  2007         -0.       -2.*      -0.       -1.        0.       -1.* 
                1.*       0.        2.*       0.       -0.*       1.  
 
  2008         -0.       -1.       -1.*      -0.       -0.       -0.  
               -1.*       0.        0.        1.        0.        0.  
 
  2009          0.       -0.       -1.       -1.       -0.        0.  
                0.        0.        0.        0.        0.        0.  
 
  2010          0.       -0.       -0.       -1.       -0.        0.  
                1.*       0.       -0.        0.        0.        0.  
 
  2011         -0.       -0.       -0.       -0.       -1.*      -0.  
                1.        1.       -0.        0.        0.       -0.  
 
  2012         -0.       -1.       -1.*      -0.       -0.        0.  
                0.        0.        0.        0.       -0.       -0.  
 
  2013         -0.       -1.        0.*      -0.        0.        0.  
                0.        1.*       0.       -1.*      -0.        0.  
 
  2014         -0.       -0.       -0.        1.*       0.        0.  
               -0.       -0.*       0.        1.        0.        0.  
 
  2015         -0.       -0.       -0.       -0.        0.        0.  
                0.       -0.        1.*      -0.*       0.        0.  
 
  2016          0.       -0.        0.*      -0.       -0.*      -0.  
                0.        0.        0.        1.        0.        0.  
 

  Key to symbols:
    *  : extreme value as determined by X-11 extreme value procedure
 
        ces_hours 38340            PAGE   8, SERIES ces_hours_additi

 D 9  Final replacement values for SI ratios
  From  2007.Jan to 2016.Dec
  Observations        120
 ---------------------------------------------------------------
               Jan      Feb      Mar      Apr      May      Jun 
               Jul      Aug      Sep      Oct      Nov      Dec 
 ---------------------------------------------------------------
  2007     ********      -1. ******** ******** ********      -0.
                 1. ********       0. ********       0. ********
 
  2008     ******** ********      -1. ******** ******** ********
                 0. ******** ******** ******** ******** ********
 
  2009     ******** ******** ******** ******** ******** ********
           ******** ******** ******** ******** ******** ********
 
  2010     ******** ******** ******** ******** ******** ********
                 0. ******** ******** ******** ******** ********
 
  2011     ******** ******** ******** ********      -0. ********
           ******** ******** ******** ******** ******** ********
 
  2012     ******** ********      -0. ******** ******** ********
           ******** ******** ******** ******** ******** ********
 
  2013     ******** ********      -0. ******** ******** ********
           ********       0. ********       0. ******** ********
 
  2014     ******** ******** ********      -0. ******** ********
           ********      -0. ******** ******** ******** ********
 
  2015     ******** ******** ******** ******** ******** ********
           ******** ********       0.       0. ******** ********
 
  2016     ******** ********       0. ********      -0. ********
           ******** ******** ******** ******** ******** ********
 

 D 9.A  Moving seasonality ratio
 ---------------------------------------------------------------
               Jan      Feb      Mar      Apr      May      Jun 
 ---------------------------------------------------------------
   I          0.223    0.244    0.274    0.171    0.207    0.116
   S          0.019    0.037    0.050    0.047    0.037    0.034
 RATIO       11.819    6.539    5.468    3.603    5.654    3.431



 ---------------------------------------------------------------
               Jul      Aug      Sep      Oct      Nov      Dec 
 ---------------------------------------------------------------
   I          0.279    0.180    0.200    0.176    0.087    0.115
   S          0.053    0.061    0.035    0.037    0.024    0.048
 RATIO        5.264    2.937    5.676    4.769    3.626    2.410



        ces_hours 38340            PAGE   9, SERIES ces_hours_additi

 D 10  Final seasonal factors
  From  2007.Jan to 2016.Dec
  Observations        120
  Seasonal filter    3 x 5 moving average
 -----------------------------------------------------------------------------
               Jan      Feb      Mar      Apr      May      Jun 
               Jul      Aug      Sep      Oct      Nov      Dec         AVGE  
 -----------------------------------------------------------------------------
  2007          -0.      -0.      -1.      -1.      -0.      -0.
                 0.       0.       0.       0.       0.       0.           -0.
 
  2008          -0.      -0.      -1.      -1.      -0.      -0.
                 0.       0.       0.       0.       0.       0.           -0.
 
  2009          -0.      -0.      -0.      -0.      -0.      -0.
                 0.       0.       0.       0.       0.       0.           -0.
 
  2010          -0.      -0.      -0.      -0.      -0.       0.
                 0.       0.       0.       0.       0.       0.           -0.
 
  2011          -0.      -0.      -0.      -0.      -0.       0.
                 0.       0.       0.       0.       0.       0.           -0.
 
  2012          -0.      -0.      -0.      -0.      -0.       0.
                 0.       0.       0.       0.       0.       0.           -0.
 
  2013          -0.      -0.      -0.      -0.      -0.       0.
                 0.       0.       0.       0.       0.       0.           -0.
 
  2014          -0.      -0.      -0.      -0.      -0.       0.
                 0.       0.       0.       0.       0.       0.           -0.
 
  2015          -0.      -0.      -0.      -0.      -0.      -0.
                 0.      -0.       0.       0.       0.       0.            0.
 
  2016          -0.      -0.      -0.      -0.      -0.      -0.
                 0.      -0.       0.       0.       0.       0.            0.
 
  AVGE          -0.      -0.      -0.      -0.      -0.       0.
                 0.       0.       0.       0.       0.       0.

  Table Total-          -0.   Mean-        -0.   Std. Dev.-         0.
                              Min -        -1.        Max -         0.

 D 10.A  Final seasonal component forecasts
  From  2017.Jan to 2017.Dec
  Observations         12
 -----------------------------------------------------------------------------
               Jan      Feb      Mar      Apr      May      Jun 
               Jul      Aug      Sep      Oct      Nov      Dec         AVGE  
 -----------------------------------------------------------------------------
  2017          -0.      -0.      -0.      -0.      -0.      -0.
                 0.      -0.       0.       0.       0.       0.            0.
 
        ces_hours 38340            PAGE  10, SERIES ces_hours_additi

 D 11  Final seasonally adjusted data
  From  2007.Jan to 2016.Dec
  Observations        120
 -----------------------------------------------------------------------------
               Jan      Feb      Mar      Apr      May      Jun 
               Jul      Aug      Sep      Oct      Nov      Dec        TOTAL  
 -----------------------------------------------------------------------------
  2007          33.      32.      34.      34.      35.      34.
                35.      34.      35.      33.      33.      34.          405.
 
  2008          33.      34.      33.      34.      34.      34.
                33.      34.      35.      35.      35.      35.          408.
 
  2009          35.      34.      34.      34.      34.      33.
                33.      33.      33.      33.      34.      34.          404.
 
  2010          34.      34.      34.      33.      33.      33.
                34.      33.      32.      33.      33.      33.          398.
 
  2011          32.      33.      33.      32.      32.      32.
                33.      32.      32.      32.      32.      32.          387.
 
  2012          32.      31.      31.      31.      31.      31.
                31.      31.      31.      31.      31.      30.          373.
 
  2013          30.      30.      31.      31.      31.      31.
                31.      31.      31.      30.      31.      31.          369.
 
  2014          31.      31.      31.      31.      31.      30.
                30.      30.      30.      30.      30.      31.          367.
 
  2015          31.      31.      31.      31.      31.      31.
                31.      31.      32.      31.      32.      32.          373.
 
  2016          32.      32.      32.      32.      32.      32.
                33.      33.      33.      33.      33.      32.          386.
 
  AVGE          32.      32.      32.      32.      32.      32.
                32.      32.      32.      32.      32.      32.

  Table Total-        3870.   Mean-        32.   Std. Dev.-         1.
                              Min -        30.        Max -        35.
        ces_hours 38340            PAGE  11, SERIES ces_hours_additi

 D 12  Final trend cycle
  From  2007.Jan to 2016.Dec
  Observations        120
  Trend filter    13-term Henderson moving average
  I/C ratio        1.69
 -----------------------------------------------------------------------------
               Jan      Feb      Mar      Apr      May      Jun 
               Jul      Aug      Sep      Oct      Nov      Dec        TOTAL  
 -----------------------------------------------------------------------------
  2007          33.      33.      34.      34.      34.      34.
                34.      34.      34.      34.      34.      33.          405.
 
  2008          34.      34.      34.      34.      34.      34.
                34.      34.      35.      35.      35.      35.          410.
 
  2009          34.      34.      34.      34.      33.      33.
                33.      33.      33.      33.      34.      34.          404.
 
  2010          34.      34.      34.      34.      33.      33.
                33.      33.      33.      33.      33.      33.          397.
 
  2011          33.      33.      33.      32.      32.      32.
                32.      32.      32.      32.      32.      32.          387.
 
  2012          31.      31.      31.      31.      31.      31.
                31.      31.      31.      31.      31.      30.          374.
 
  2013          30.      30.      31.      31.      31.      31.
                31.      31.      31.      31.      31.      31.          370.
 
  2014          31.      31.      31.      31.      31.      30.
                30.      30.      30.      30.      30.      31.          366.
 
  2015          31.      31.      31.      31.      31.      31.
                31.      31.      31.      31.      31.      32.          374.
 
  2016          32.      32.      32.      32.      32.      32.
                32.      32.      33.      33.      33.      32.          386.
 
  AVGE          32.      32.      32.      32.      32.      32.
                32.      32.      32.      32.      32.      32.

  Table Total-        3873.   Mean-        32.   Std. Dev.-         1.
                              Min -        30.        Max -        35.
        ces_hours 38340            PAGE  12, SERIES ces_hours_additi

 D 13  Final irregular component
  From  2007.Jan to 2016.Dec
  Observations        120
 -----------------------------------------------------------------------------
               Jan      Feb      Mar      Apr      May      Jun 
               Jul      Aug      Sep      Oct      Nov      Dec         S.D.  
 -----------------------------------------------------------------------------
  2007          -0.      -1.       0.      -0.       0.      -1.
                 0.      -0.       1.      -0.      -1.       0.            1.
 
  2008          -0.      -0.      -1.       0.      -0.      -0.
                -1.      -0.       0.       0.      -0.      -0.            0.
 
  2009           0.       0.      -0.      -0.       0.       0.
                -0.       0.       0.       0.       0.      -0.            0.
 
  2010           0.      -0.       0.      -0.      -0.       0.
                 1.       0.      -0.      -0.       0.       0.            0.
 
  2011          -0.       0.       0.      -0.      -0.      -0.
                 0.       0.      -0.       0.       0.      -0.            0.
 
  2012           0.      -0.      -1.       0.      -0.       0.
                 0.      -0.       0.      -0.      -0.      -0.            0.
 
  2013          -0.      -0.       0.      -0.       0.      -0.
                -0.       0.      -0.      -1.      -0.       0.            0.
 
  2014          -0.       0.       0.       1.       0.       0.
                -0.      -0.      -0.       0.       0.       0.            0.
 
  2015          -0.       0.      -0.       0.       0.       0.
                -0.      -0.       0.      -1.       0.      -0.            0.
 
  2016           0.      -0.       0.      -0.      -0.      -0.
                 0.       0.       0.       0.       0.      -0.            0.
 
  S.D.           0.       0.       0.       0.       0.       0.
                 0.       0.       0.       0.       0.       0.

  Table Total-          -3.   Mean-        -0.   Std. Dev.-         0.
                              Min -        -1.        Max -         1.
        ces_hours 38340            PAGE  13, SERIES ces_hours_additi

 D 16  Combined adjustment factors
  From  2007.Jan to 2016.Dec
  Observations        120
 -----------------------------------------------------------------------------
               Jan      Feb      Mar      Apr      May      Jun 
               Jul      Aug      Sep      Oct      Nov      Dec         AVGE  
 -----------------------------------------------------------------------------
  2007          -0.      -0.      -1.      -1.      -0.      -0.
                 0.       0.       0.       0.       0.       0.           -0.
 
  2008          -0.      -0.      -1.      -1.      -0.      -0.
                 0.       0.       0.       0.       0.       0.           -0.
 
  2009          -0.      -0.      -0.      -0.      -0.      -0.
                 0.       0.       0.       0.       0.       0.           -0.
 
  2010          -0.      -0.      -0.      -0.      -0.       0.
                 0.       0.       0.       0.       0.       0.           -0.
 
  2011          -0.      -0.      -0.      -0.      -0.       0.
                 0.       0.       0.       0.       0.       0.           -0.
 
  2012          -0.      -0.      -0.      -0.      -0.       0.
                 0.       0.       0.       0.       0.       0.           -0.
 
  2013          -0.      -0.      -0.      -0.      -0.       0.
                 0.       0.       0.       0.       0.       0.           -0.
 
  2014          -0.      -0.      -0.      -0.      -0.       0.
                 0.       0.       0.       0.       0.       0.           -0.
 
  2015          -0.      -0.      -0.      -0.      -0.      -0.
                 0.      -0.       0.       0.       0.       0.            0.
 
  2016          -0.      -0.      -0.      -0.      -0.      -0.
                 0.      -0.       0.       0.       0.       0.            0.
 
  AVGE          -0.      -0.      -0.      -0.      -0.       0.
                 0.       0.       0.       0.       0.       0.

  Table Total-          -0.   Mean-        -0.   Std. Dev.-         0.
                              Min -        -1.        Max -         0.

 D 16.A  Combined adjustment component forecasts
  From  2017.Jan to 2017.Dec
  Observations         12
 -----------------------------------------------------------------------------
               Jan      Feb      Mar      Apr      May      Jun 
               Jul      Aug      Sep      Oct      Nov      Dec         AVGE  
 -----------------------------------------------------------------------------
  2017          -0.      -0.      -0.      -0.      -0.      -0.
                 0.      -0.       0.       0.       0.       0.            0.
 
        ces_hours 38340            PAGE  14, SERIES ces_hours_additi

 E 4  Differences of annual totals
  From          2007 to 2016
  Observations         10
 -----------------------------------
  Year       Unmodified     Modified
                  (D11)         (E2)
 -----------------------------------
  2007              -0.          -0.
 
  2008              -0.          -0.
 
  2009              -0.          -0.
 
  2010              -0.          -0.
 
  2011              -0.          -0.
 
  2012              -0.          -0.
 
  2013              -0.          -0.
 
  2014              -0.          -0.
 
  2015               0.           0.
 
  2016               0.           0.
 
        ces_hours 38340            PAGE  15, SERIES ces_hours_additi

 E 5  Month-to-month differences in the original series
  From  2007.Feb to 2016.Dec
  Observations        119
 -----------------------------------------------------------------------------
               Jan      Feb      Mar      Apr      May      Jun 
               Jul      Aug      Sep      Oct      Nov      Dec         AVGE  
 -----------------------------------------------------------------------------
  2007                   -1.       2.      -0.       1.      -1.
                 1.      -1.       1.      -2.      -1.       1.            0.
 
  2008          -1.      -0.      -1.       1.       0.       0.
                -0.       1.       0.       0.      -0.       0.            0.
 
  2009          -0.      -1.      -1.       0.       0.       0.
                 0.       0.      -0.       0.      -0.       0.           -0.
 
  2010          -0.      -1.       0.      -0.       0.       0.
                 1.      -1.      -1.       0.      -0.       0.           -0.
 
  2011          -1.       0.       0.      -0.      -0.       1.
                 1.      -0.      -1.       0.      -0.      -0.           -0.
 
  2012          -0.      -1.      -0.       1.      -0.       0.
                 0.      -0.      -0.      -0.      -0.      -0.           -0.
 
  2013          -0.      -0.       1.      -0.       0.       0.
                 0.       0.      -0.      -1.       1.       0.            0.
 
  2014          -0.      -0.       0.       1.      -1.      -0.
                -0.      -0.       0.       1.      -0.       0.           -0.
 
  2015          -0.       0.      -0.       1.       0.       0.
                 0.      -0.       1.      -1.       1.      -0.            0.
 
  2016           0.      -0.       1.      -0.       0.       0.
                 1.      -0.       0.       0.      -0.      -0.            0.
 
  AVGE          -0.      -0.       0.       0.       0.       0.
                 0.      -0.       0.      -0.      -0.       0.

  Table Total-          -0.   Mean-        -0.   Std. Dev.-         1.
                              Min -        -2.        Max -         2.
        ces_hours 38340            PAGE  16, SERIES ces_hours_additi

 E 6  Month-to-month differences in seasonally adjusted series (D11)
  From  2007.Feb to 2016.Dec
  Observations        119
 -----------------------------------------------------------------------------
               Jan      Feb      Mar      Apr      May      Jun 
               Jul      Aug      Sep      Oct      Nov      Dec         AVGE  
 -----------------------------------------------------------------------------
  2007                   -1.       2.      -0.       1.      -1.
                 1.      -1.       1.      -2.      -1.       1.            0.
 
  2008          -0.       0.      -1.       1.      -0.       0.
                -1.       1.       0.       0.      -0.      -0.            0.
 
  2009           0.      -0.      -1.       0.      -0.      -0.
                -0.       0.       0.       0.       0.      -0.           -0.
 
  2010           0.      -0.       0.      -0.      -0.       0.
                 0.      -1.      -0.       0.       0.       0.           -0.
 
  2011          -0.       0.      -0.      -0.      -0.       0.
                 0.      -0.      -0.       0.      -0.      -0.           -0.
 
  2012           0.      -0.      -1.       1.      -0.       0.
                -0.      -0.       0.      -1.      -0.      -0.           -0.
 
  2013          -0.      -0.       1.      -0.       0.       0.
                -0.       1.      -0.      -1.       1.       0.            0.
 
  2014          -0.       0.      -0.       0.      -1.      -0.
                -0.      -0.       0.       0.      -0.       0.           -0.
 
  2015          -0.       0.      -0.       0.       0.      -0.
                -0.      -0.       1.      -1.       1.      -0.            0.
 
  2016           0.      -0.       0.      -0.      -0.       0.
                 1.       0.       0.       0.      -0.      -0.            0.
 
  AVGE           0.      -0.       0.       0.      -0.      -0.
                 0.       0.       0.      -0.       0.       0.

  Table Total-          -0.   Mean-        -0.   Std. Dev.-         0.
                              Min -        -2.        Max -         2.
        ces_hours 38340            PAGE  17, SERIES ces_hours_additi

 E 7  Month-to-month differences in final trend cycle (D12)
  From  2007.Feb to 2016.Dec
  Observations        119
 -----------------------------------------------------------------------------
               Jan      Feb      Mar      Apr      May      Jun 
               Jul      Aug      Sep      Oct      Nov      Dec         AVGE  
 -----------------------------------------------------------------------------
  2007                    0.       0.       0.       0.       0.
                -0.      -0.      -0.      -0.      -0.      -0.            0.
 
  2008           0.       0.       0.       0.       0.       0.
                 0.       0.       0.       0.       0.      -0.            0.
 
  2009          -0.      -0.      -0.      -0.      -0.      -0.
                -0.       0.       0.       0.       0.       0.           -0.
 
  2010           0.      -0.      -0.      -0.      -0.      -0.
                -0.      -0.      -0.      -0.      -0.       0.           -0.
 
  2011           0.      -0.      -0.      -0.      -0.      -0.
                -0.      -0.      -0.      -0.      -0.      -0.           -0.
 
  2012          -0.      -0.      -0.       0.       0.       0.
                -0.      -0.      -0.      -0.      -0.      -0.           -0.
 
  2013          -0.       0.       0.       0.       0.       0.
                 0.       0.       0.       0.       0.       0.            0.
 
  2014           0.      -0.      -0.      -0.      -0.      -0.
                -0.      -0.       0.       0.       0.       0.           -0.
 
  2015           0.       0.       0.       0.       0.       0.
                 0.       0.       0.       0.       0.       0.            0.
 
  2016           0.       0.       0.       0.       0.       0.
                 0.       0.       0.       0.      -0.      -0.            0.
 
  AVGE          -0.       0.       0.       0.       0.       0.
                -0.      -0.      -0.      -0.      -0.      -0.

  Table Total-          -1.   Mean-        -0.   Std. Dev.-         0.
                              Min -        -0.        Max -         0.
        ces_hours 38340            PAGE  18, SERIES ces_hours_additi

 E 8  Month-to-month differences in original series adjusted for calendar factors (A18)
  From  2007.Feb to 2016.Dec
  Observations        119
 -----------------------------------------------------------------------------
               Jan      Feb      Mar      Apr      May      Jun 
               Jul      Aug      Sep      Oct      Nov      Dec         AVGE  
 -----------------------------------------------------------------------------
  2007                   -1.       2.      -0.       1.      -1.
                 1.      -1.       1.      -2.      -1.       1.            0.
 
  2008          -1.      -0.      -1.       1.       0.       0.
                -0.       1.       0.       0.      -0.       0.            0.
 
  2009          -0.      -1.      -1.       0.       0.       0.
                 0.       0.      -0.       0.      -0.       0.           -0.
 
  2010          -0.      -1.       0.      -0.       0.       0.
                 1.      -1.      -1.       0.      -0.       0.           -0.
 
  2011          -1.       0.       0.      -0.      -0.       1.
                 1.      -0.      -1.       0.      -0.      -0.           -0.
 
  2012          -0.      -1.      -0.       1.      -0.       0.
                 0.      -0.      -0.      -0.      -0.      -0.           -0.
 
  2013          -0.      -0.       1.      -0.       0.       0.
                 0.       0.      -0.      -1.       1.       0.            0.
 
  2014          -0.      -0.       0.       1.      -1.      -0.
                -0.      -0.       0.       1.      -0.       0.           -0.
 
  2015          -0.       0.      -0.       1.       0.       0.
                 0.      -0.       1.      -1.       1.      -0.            0.
 
  2016           0.      -0.       1.      -0.       0.       0.
                 1.      -0.       0.       0.      -0.      -0.            0.
 
  AVGE          -0.      -0.       0.       0.       0.       0.
                 0.      -0.       0.      -0.      -0.       0.

  Table Total-          -0.   Mean-        -0.   Std. Dev.-         1.
                              Min -        -2.        Max -         2.
        ces_hours 38340            PAGE  19, SERIES ces_hours_additi

 E 18  Final adjustment ratios
  From  2007.Jan to 2016.Dec
  Observations        120
 -----------------------------------------------------------------------------
               Jan      Feb      Mar      Apr      May      Jun 
               Jul      Aug      Sep      Oct      Nov      Dec         AVGE  
 -----------------------------------------------------------------------------
  2007       99.695   98.729   98.401   98.457   99.387   99.839
            101.324  100.689  100.661  101.083  100.456  101.140        99.988
 
  2008       99.675   98.790   98.467   98.492   99.288   99.877
            101.433  100.768  100.556  100.978  100.403  101.004        99.978
 
  2009       99.723   98.818   98.621   98.626   99.136   99.982
            101.409  100.925  100.480  100.962  100.367  100.785        99.986
 
  2010       99.703   98.791   98.794   98.793   99.107  100.108
            101.321  101.075  100.390  100.885  100.290  100.520        99.981
 
  2011       99.649   98.723   99.011   99.004   99.158  100.246
            101.229  101.073  100.314  100.848  100.227  100.315        99.983
 
  2012       99.479   98.723   99.168   99.180   99.403  100.290
            101.110  100.895  100.296  100.853  100.227  100.200        99.985
 
  2013       99.423   98.730   99.326   99.361   99.582  100.207
            100.935  100.517  100.399  100.979  100.294  100.138        99.991
 
  2014       99.496   98.859   99.336   99.466   99.707  100.043
            100.756  100.218  100.530  101.063  100.415  100.177       100.005
 
  2015       99.651   98.911   99.348   99.450   99.696   99.860
            100.610   99.961  100.572  101.164  100.537  100.268       100.002
 
  2016       99.747   99.018   99.328   99.417   99.627   99.721
            100.567   99.864  100.607  101.125  100.615  100.331        99.997
 
  AVGE       99.624   98.809   98.980   99.025   99.409  100.017
            101.069  100.598  100.480  100.994  100.383  100.488

  Table Total-       11999.   Mean-       100.   Std. Dev.-         1.
                              Min -        98.        Max -       101.

 E 18.A  Final adjustment ratio forecasts
  From  2017.Jan to 2017.Dec
  Observations         12
 -----------------------------------------------------------------------------
               Jan      Feb      Mar      Apr      May      Jun 
               Jul      Aug      Sep      Oct      Nov      Dec         AVGE  
 -----------------------------------------------------------------------------
  2017       99.814   99.077   99.271   99.406   99.569   99.654
            100.597   99.815  100.676  101.152  100.668  100.332       100.003
 

  QS statistic for seasonality:
  Original Series                                     0.00  (P-Value =     1.0000)
  Original Series (EV adj)                            0.00  (P-Value =     1.0000)
  Residuals                                           0.59  (P-Value =     0.7447)
  Seasonally Adjusted Series                          0.00  (P-Value =     1.0000)
  Seasonally Adjusted Series (EV adj)                 0.00  (P-Value =     1.0000)
  Irregular Series                                    0.00  (P-Value =     1.0000)
  Irregular Series (EV adj)                           0.00  (P-Value =     1.0000)

  QS statistic for seasonality (starting 2009.Jan):
  Original Series                                     0.00  (P-Value =     1.0000)
  Original Series (EV adj)                            0.00  (P-Value =     1.0000)
  Residuals                                           0.04  (P-Value =     0.9811)
  Seasonally Adjusted Series                          0.00  (P-Value =     1.0000)
  Seasonally Adjusted Series (EV adj)                 0.00  (P-Value =     1.0000)
  Irregular Series                                    0.00  (P-Value =     1.0000)
  Irregular Series (EV adj)                           0.00  (P-Value =     1.0000)
        ces_hours 38340            PAGE  20, SERIES ces_hours_additi
 G 0  10*LOG(SPECTRUM) of the differenced Original Series
      (Table A1 or B1).  Spectrum estimated from 2009.Jan to 2016.Dec.
 ++++++++++I+++++++++++++++++++++++++++++++++++++++++++++++++++++++++++++I
      -2.94I                                                         *   I     -2.94
           I                                                         *   I
           I                                            *            *   I
           I           *                                *            *   I
      -3.82I           *        S                       *            *   I     -3.82
           I           *        S                       *            *   I
           I           *        S                       *            *   I
           I           *        S                       *           **   I
      -4.71I           *        S       **    *         *           **   I     -4.71
           I           *        S       **    *         *           **   I
           I           *        S       **    *         *           **   I
           I           *        S       **    **        *           **   I
      -5.60I           *        S       **   ***    S   *           **   I     -5.60
           I           *        S       **   ***    S   *           **   I
           I           *        S       **   ***    S   *           **   I
           I           *        S       **   ***    S   *           **   I
      -6.48I           **       S       **   ***    S   *           ***  I     -6.48
           I           **       S       **   ***    S   *           ***  I
           I          S**       S       **  ****    S   *           ***  I
           I          S**       S       **  ****    S   *          ****  I
      -7.37I          S**       S       **  ****    S   **         ****  I     -7.37
           I*         S**       S       **S ****    S   **         ****  I
           I*         S**       S       **S ****    S   **         ****  I
           I*         S**       S      ***S ****    S*  **         ****  I
      -8.26I*         S**       S      ***S*****   *S*  **        *****  I     -8.26
           I*         S**      *S      ***S******  *S*  **        *****  I
           I*        *S**      *S      ***S******  *S*  **        ****** I
           I*        *S**      *S*     ***S******  *S*  **       ******* I
      -9.14I*        *S**   *  *S*     ***S******  *S* ***   *   ******* I     -9.14
           I*        *S**   *  *S*    ****S******  *S* ***   *   ******* I
           I*       **S**   *  *S*   *****S******  *S* ***   *   *******SI
           I*       **S**   *  *S*   *****S******  *S* ***   *   *******SI
     -10.03I*       **S**   *  *S*   *****S******  *S* ***  **   *******SI    -10.03
           I*       **S**  **  *S*   *****S******  *S*T***  **  T*******SI
           I*       **S*** *** *S*   *****S******  *S*T***  **S T*******SI
           I*       **S*** *** *S*   *****S******  *S*T***  **S T*******SI
     -10.92I**     ***S*** *****S*   *****S*********S*T***  **S T*******SI    -10.92
           I**     ***S*** *****S*  ******S*********S*T**** **S*T*******SI
           I**     ***S*** *****S*  ******S*********S*T**** **S*T*******SI
           I**     ***S*********S*  ******S*********S*T*******S*T*******SI
     -11.80I**     ***S*********S*  ******S*********S*T*******S*T*******SI    -11.80
           I**     ***S*********S*  ******S*********S*T*******S*T*******SI
           I**    ****S*********S** ******S*********S*T*******S*T*******SI
           I**    ****S*********S** ******S*********S*T*******S*T*******SI
     -12.69I**    ****S*********S*********S*********S*T*******S*T*******SI    -12.69
           I**    ****S*********S*********S*********S*T*******S*T*******SI
           I**   *****S*********S*********S*********S*T*******S*T*******SI
           I**   *****S*********S*********S*********S*T*******S*T*******SI
     -13.58I**   *****S*********S*********S*********S*T*******S*T*******SI    -13.58
           I***  *****S*********S*********S*********S*T*******S*T*******SI
           I*** ******S*********S*********S*********S*T*******S*T*******SI
           I*** ******S*********S*********S*********S*T*******S*T*******SI
     -14.46I**********S*********S*********S*********S*T*******S*T*******SI    -14.46
 ++++++++++I+++++++++++++++++++++++++++++++++++++++++++++++++++++++++++++I
            S=SEASONAL FREQUENCIES, T=TRADING DAY FREQUENCIES
        ces_hours 38340            PAGE  21, SERIES ces_hours_additi
 G 1  10*LOG(SPECTRUM) of the differenced seasonally adjusted 
      data (Table E2).  Spectrum estimated from 2009.Jan to 2016.Dec.
 ++++++++++I+++++++++++++++++++++++++++++++++++++++++++++++++++++++++++++I
      -4.63I                            *                                I     -4.63
           I                            *                                I
           I                            *                        *       I
           I                            *                        *       I
      -5.61I                            *    *                   *       I     -5.61
           I                            *    *                   *   *   I
           I                            *    *                   *   *   I
           I                            *    *                   *   *   I
      -6.60I                            *    *                   *   *   I     -6.60
           I                            *    *                   *   *   I
           I                            *    *                   *   *   I
           I                            *    *          *        *   *   I
      -7.58I                            *    *          *        *   *   I     -7.58
           I                            *    *          *        *   *   I
           I       *                    *    *          *        **  *   I
           I*      *                    *    *          *        **  *   I
      -8.56I*      *                    *    *          *        ** **   I     -8.56
           I*      *                    *    *          *        ** **   I
           I*      *                    *    *          *        ** **   I
           I*      *                    *    *          *        ** **   I
      -9.54I*      **                   *    **         *        ** **   I     -9.54
           I*      **                   *    **         *       T** **   I
           I*      **                   *    **         *       T******  I
           I*      **                   *    **         *       T******  I
     -10.52I*      **                   *    **        **       T******  I    -10.52
           I**     **   *           *   *    **        **       T******  I
           I**     **   *           *   *    **        **       T******  I
           I**     **   *           *   *    **  *     ***      T******  I
     -11.50I**     **   *           *   *    **  *     ***      T******  I    -11.50
           I**     **   **          *   *    **  *     ***      T******  I
           I**    ***   **          *   **   ** **     ***      T******  I
           I**    ***   **    *     *   **   ** **     ***      T******  I
     -12.48I**    ***   **    *    **   **   ** **     ***      T******  I    -12.48
           I**    ***   **    *    **   **   *****     ***      T******  I
           I**    ***   **   **    **  ***   *****     ***      T******  I
           I***   ***   **   **    **  ***   *****     ***      T******  I
     -13.46I***   ***   **   **    **  ***  ******     ***     *T******  I    -13.46
           I***  ***** ***   **    **  ***  ******     ***     *T******  I
           I***  ***** ***   ***   **  ***  ******     ***     *T******* I
           I**** ***** ***   ***   **  ***  ******     ***     *T******* I
     -14.44I********** ****  ***   *** ***  *******   T****    *T******* I    -14.44
           I********** **** ****   *** ***  *******   T****    *T******* I
           I********** **** ****   *** ***  *******   T****   S*T*******SI
           I**********S**** ****   *** ***  *******   T****   S*T*******SI
     -15.42I**********S*********   *** ***  *******   T****   S*T*******SI    -15.42
           I**********S*********   *******  *******   T****   S*T*******SI
           I**********S*********  ********  *******   T***** *S*T*******SI
           I**********S*********S ********  *******   T***** *S*T*******SI
     -16.40I**********S*********S ********S *******   T*******S*T*******SI    -16.40
           I**********S*********S ********S********  *T*******S*T*******SI
           I**********S*********S ********S********* *T*******S*T*******SI
           I**********S*********S*********S********* *T*******S*T*******SI
     -17.38I**********S*********S*********S*********S*T*******S*T*******SI    -17.38
 ++++++++++I+++++++++++++++++++++++++++++++++++++++++++++++++++++++++++++I
            S=SEASONAL FREQUENCIES, T=TRADING DAY FREQUENCIES
        ces_hours 38340            PAGE  22, SERIES ces_hours_additi
 G 2  10*LOG(SPECTRUM) of the Modified Irregular (Table E3).  
      Spectrum estimated from 2009.Jan to 2016.Dec.
 ++++++++++I+++++++++++++++++++++++++++++++++++++++++++++++++++++++++++++I
      -6.82I                            *                                I     -6.82
           I                            *                                I
           I                            *                                I
           I                            *                                I
      -8.35I                            *                                I     -8.35
           I                            *                                I
           I                            *                                I
           I                            *                                I
      -9.87I                            *                                I     -9.87
           I                            *    *                           I
           I                            *    *                           I
           I                            *    *                           I
     -11.40I                            *    *                   *       I    -11.40
           I                            *    *                   *   *   I
           I                        *   *    *                   *   *   I
           I                        *   *    *          *        *   *   I
     -12.93I                        *   *    **         *        *   *   I    -12.93
           I                       **   *    **         *        *   *   I
           I                       **   *    **         *        *   *   I
           I                  *    **   *    **         *        **  *   I
     -14.46I                  **   **   *    **         *        **  *   I    -14.46
           I                  **   **   **   **         *        **  *   I
           I                  **   **  ***   **        **        ** **   I
           I                  **   **  ***   **  *     **       T** **   I
     -15.98I                  **   **  ***   **  *     **       T** ***  I    -15.98
           I                 ***   **  ***   **  *     **       T******  I
           I                 ***   **  ***  ******     ***      T******  I
           I            *    ***   *** ***  ******     ***      T******  I
     -17.51I            *    ***S  *** ***  ******     ***      T******  I    -17.51
           I            *   ****S **** ***  ******     ***      T******  I
           I            *   ****S ********  *******    ***      T******  I
           I            **  ****S ********  *******    ***     *T******  I
     -19.04I            ** *****S*********S *******    ***     *T******  I    -19.04
           I            ********S*********S *******   T***     *T******  I
           I           *********S*********S********   T****    *T******  I
           I           *********S*********S********   T****    *T******* I
     -20.57I           *********S*********S********   T****   S*T******* I    -20.57
           I           *********S*********S********   T****   S*T******* I
           I      *    *********S*********S*********  T****   S*T*******SI
           I      *    *********S*********S********* *T*****  S*T*******SI
     -22.09I      *    *********S*********S********* *T***** *S*T*******SI    -22.09
           I     **    *********S*********S*********S*T*******S*T*******SI
           I     **    *********S*********S*********S*T*******S*T*******SI
           I     ***   *********S*********S*********S*T*******S*T*******SI
     -23.62I     ***  S*********S*********S*********S*T*******S*T*******SI    -23.62
           I    ****  S*********S*********S*********S*T*******S*T*******SI
           I    ****  S*********S*********S*********S*T*******S*T*******SI
           I   *****  S*********S*********S*********S*T*******S*T*******SI
     -25.15I   *******S*********S*********S*********S*T*******S*T*******SI    -25.15
           I  ********S*********S*********S*********S*T*******S*T*******SI
           I  ********S*********S*********S*********S*T*******S*T*******SI
           I *********S*********S*********S*********S*T*******S*T*******SI
     -26.68I**********S*********S*********S*********S*T*******S*T*******SI    -26.68
 ++++++++++I+++++++++++++++++++++++++++++++++++++++++++++++++++++++++++++I
            S=SEASONAL FREQUENCIES, T=TRADING DAY FREQUENCIES
        ces_hours 38340            PAGE  23, SERIES ces_hours_additi

  Peak probabilities for Tukey spectrum estimator
  Spectrum estimated from 2009.Jan to 2016.Dec.

                                          S1       S2       S3       S4       S5       S6       TD
                                        ------   ------   ------   ------   ------   ------   ------
  Model Residuals                        0.198    0.239    0.075    0.401    0.210    0.311    0.471  
  Original Series (Table A1 or B1)       0.891    0.736    0.337    0.672    0.265    0.489    0.077  
  Seasonally adjusted series (E2)        0.125    0.414    0.025    0.199    0.517    0.211    0.567  
  Modified Irregular (E3)                0.124    0.419    0.014    0.187    0.549    0.205    0.551  
  ----------
     ** - Peak Probability > 0.99,
      * - 0.90 < Peak Probability < 0.99


