  Reading input spec file from D:\Programming\Dynamic Paper-dlrhcs_replication\outputs\empirical\unemployment\raw_sa_pilot\x13_work\ces_hours_log_additive_46060_200701_201612.spc

1

               U. S. Department of Commerce, U. S. Census Bureau

              X-13ARIMA-SEATS monthly seasonal adjustment Method,
                          Release Version 1.1 Build 62


           This software application provides an enhanced version of
             Statistics Canada's X-11-ARIMA extension (Dagum, 1980)
                 of the X-11 variant of the Census Method II of
                      Shiskin, Young and Musgrave (1967).

            It also provides an ARIMA model-based method following
       Hillmer and Tiao (1982) and Burman (1980) that is very similar
       to the update of the method of SEATS (Gomez and Maravall, 1996)
                produced at the Bank of Spain by G. Caporello and
               A. Maravall for TSW (Caporello and Maravall, 2004).
          The present application includes additional enhancements.

         X-13ARIMA-SEATS includes an automatic ARIMA model selection procedure
          based largely on the procedure of Gomez and Maravall (1998)
            as implemented in TRAMO (1996) and subsequent revisions.

              Primary Programmers: Brian Monsell, Mark Otto and,
                 for the ARIMA model-based signal extraction,
                      Gianluca Caporello and Victor Gomez


     Series Title- ces_hours 46060
     Series Name- ces_hours_log_ad
     Jul 29, 2026  08.44.46 

        -Period covered-  1st month,2007 to 12th month,2016
        -Type of run - additive seasonal adjustment

        -Sigma limits for graduating extreme values are  1.5 and  2.5 .
        -3x3 moving average used in section 1 of each iteration, 
         3x5 moving average in section 2 of iterations B and C,
         moving average for final seasonal factors chosen by Global MSR.
        -Holiday adjustment factors applied directly to the final seasonally adjusted series
        -Spectral plots generated for selected series
        -Spectral plots generated for series starting in 2009.Jan

 FILE SAVE REQUESTS (* indicates file exists and will be overwritten)
  D:\Programming\Dynamic Paper-dlrhcs_replication\outputs\empirical\unemployment\raw_sa_pilot\x13_work\ces_hours_log_additive_46060_200701_201612.d10  final seasonal factors
  D:\Programming\Dynamic Paper-dlrhcs_replication\outputs\empirical\unemployment\raw_sa_pilot\x13_work\ces_hours_log_additive_46060_200701_201612.d11  final seasonally adjusted data
  D:\Programming\Dynamic Paper-dlrhcs_replication\outputs\empirical\unemployment\raw_sa_pilot\x13_work\ces_hours_log_additive_46060_200701_201612.out  program output file
  D:\Programming\Dynamic Paper-dlrhcs_replication\outputs\empirical\unemployment\raw_sa_pilot\x13_work\ces_hours_log_additive_46060_200701_201612.err  program error file
        ces_hours 46060            PAGE   1, SERIES ces_hours_log_ad

     Contents of spc file D:\Programming\Dynamic Paper-dlrhcs_replication\outputs\empirical\unemployment\raw_sa_pilot\x13_work\ces_hours_log_additive_46060_200701_201612.spc

 Line #
 ------
      1: series {
      2:   title = "ces_hours 46060"
      3:   start = 2007.1
      4:   period = 12
      5:   data = (
      6: 35
      7: 34.8
      8: 34.9
      9: 34.7
     10: 34.6
     11: 34.5
     12: 34.6
     13: 35
     14: 35.2
     15: 34.6
     16: 34.4
     17: 35.4
     18: 34.9
     19: 34.5
     20: 34.7
     21: 34.5
     22: 34.6
     23: 34.8
     24: 34.8
     25: 34.9
     26: 34.8
     27: 35.1
     28: 34.6
     29: 34.8
     30: 34.7
     31: 34.5
     32: 34.9
     33: 34
     34: 34
     35: 34.4
     36: 34.5
     37: 34.9
     38: 33.9
     39: 33.8
     40: 34.5
     41: 34.2
     42: 33.9
     43: 34.2
     44: 34.1
     45: 34.1
     46: 34.4
     47: 34.5
     48: 34.4
     49: 35
     50: 34.4
     51: 35.2
     52: 34.7
     53: 34.8
     54: 34.8
     55: 34.9
     56: 35.1
     57: 34.8
     58: 35.1
     59: 34.6
     60: 34.5
     61: 34.5
     62: 33.9
     63: 34.6
     64: 33.8
     65: 34.1
     66: 34.3
     67: 33.6
     68: 34.1
     69: 34.4
     70: 33.9
     71: 34
     72: 34.5
     73: 34
     74: 34.4
     75: 34
     76: 34.3
     77: 34.3
     78: 33.8
     79: 33.9
     80: 34.1
     81: 34.2
     82: 34
     83: 34.9
     84: 34.3
     85: 34.5
     86: 34.6
     87: 34.5
     88: 34.7
     89: 35.2
     90: 34.5
     91: 34.9
     92: 34.9
     93: 34.3
     94: 34.2
     95: 35.1
     96: 34.5
     97: 34.8
     98: 34.2
     99: 34.8
    100: 35.3
    101: 35.1
    102: 34.6
    103: 35.2
    104: 34.9
    105: 35
    106: 34.8
    107: 34.9
    108: 34.9
    109: 35.5
    110: 34.9
    111: 34.8
    112: 34.8
    113: 34.5
    114: 34.2
    115: 34.1
    116: 34.1
    117: 34
    118: 34.5
    119: 33.9
    120: 33.9
    121: 33.8
    122: 33.5
    123: 34.3
    124: 33.7
    125: 33.9
    126:   )
    127: }
    128: transform { function = log }
    129: regression { aictest = (td easter) }
    130: automdl {}
    131: x11 { mode = add save = (d10 d11) }
        ces_hours 46060            PAGE   2, SERIES ces_hours_log_ad

 A 1  Time series data (for the span analyzed)
  From  2007.Jan to 2016.Dec
  Observations        120
 -----------------------------------------------------------------------------
               Jan      Feb      Mar      Apr      May      Jun 
               Jul      Aug      Sep      Oct      Nov      Dec        TOTAL  
 -----------------------------------------------------------------------------
  2007          35.      35.      35.      35.      35.      35.
                35.      35.      35.      35.      34.      35.          418.
 
  2008          35.      35.      35.      35.      35.      35.
                35.      35.      35.      35.      35.      35.          417.
 
  2009          35.      35.      35.      34.      34.      34.
                35.      35.      34.      34.      35.      34.          412.
 
  2010          34.      34.      34.      34.      34.      35.
                34.      35.      34.      35.      35.      35.          414.
 
  2011          35.      35.      35.      35.      35.      35.
                35.      35.      34.      35.      34.      34.          415.
 
  2012          34.      34.      34.      34.      34.      34.
                35.      34.      34.      34.      34.      34.          410.
 
  2013          34.      34.      34.      34.      34.      35.
                34.      35.      35.      35.      35.      35.          413.
 
  2014          35.      35.      35.      34.      34.      35.
                35.      35.      34.      35.      35.      35.          417.
 
  2015          35.      35.      35.      35.      35.      35.
                35.      36.      35.      35.      35.      35.          419.
 
  2016          34.      34.      34.      34.      35.      34.
                34.      34.      34.      34.      34.      34.          408.
 
  AVGE          34.      34.      35.      34.      34.      35.
                34.      35.      34.      35.      34.      35.

  Table Total-        4141.   Mean-        35.   Std. Dev.-         0.
                              Min -        34.        Max -        36.
        ces_hours 46060            PAGE   3, SERIES ces_hours_log_ad
                        Automatic ARIMA Model Selection

                    Procedure based closely on TRAMO method 
                         of Gomez and Maravall (2000)
              "Automatic Modeling Methods for Univariate Series",
                            A Course in Time Series
                  (Edited by D. Pena, G. C. Tiao, R. S. Tsay),
                         New York : J. Wiley and Sons


     Maximum order for regular ARMA parameters :   2
     Maximum order for seasonal ARMA parameters :   1
     Maximum order for regular differencing :   2
     Maximum order for seasonal differencing :   1

   Results of Unit Root Test for identifying orders of differencing:
     Regular difference order :   0
     Seasonal difference order :   0

  Automatic model choice : (2 0 1)


  Final Checks for Identified Model


  Checking for Unit Roots.
   No unit roots found.
   Nonseasonal MA not within  0.001 of 1.0 - model passes test.

  Checking for insignificant ARMA coefficients.
   Due to insignificant ARMA coefficients, model changed to
   ( 3, 0, 0) ( 0, 0, 1)

  Checking for insignificant ARMA coefficients.
   Due to insignificant ARMA coefficients, model changed to
   ( 3, 0, 0) ( 0, 0, 0)

  Checking for insignificant ARMA coefficients.

  Final automatic model choice : (3 0 0)
   End of automatic model selection procedure.

 Average absolute percentage error in within-sample forecasts:
  Last year:   1.72      Last-1 year:   0.56     Last-2 year:   0.93
  Last three years:    1.07

 Estimation converged in    3 ARMA iterations,   23 function evaluations.

 Regression Model
 ------------------------------------------------------------------------------
                             Parameter        Standard
 Variable                     Estimate           Error      t-value
 ------------------------------------------------------------------------------
 Constant                       3.5408         0.00393       900.08
 ------------------------------------------------------------------------------


 ARIMA Model:  (3 0 0)
                                              Standard
 Parameter                    Estimate          Errors
 -----------------------------------------------------
 Nonseasonal AR                                    
   Lag  1                       0.2568         0.08650
   Lag  2                       0.2356         0.08817
   Lag  3                       0.3028         0.08827

 Variance                       0.88293E-04
 SE of Var                      0.11399E-04
 -----------------------------------------------------

 Likelihood Statistics
 ------------------------------------------------------------------
 Number of observations (nobs)                                  120
 Effective number of observations (nefobs)                      120
 Number of parameters estimated (np)                              5
 Log likelihood                                            389.3662
 Transformation Adjustment                                -424.9408
 Adjusted Log likelihood (L)                               -35.5746
 AIC                                                        81.1492 
 AICC (F-corrected-AIC)                                     81.6755 
 Hannan Quinn                                               86.8092 
 BIC                                                        95.0866 
 ------------------------------------------------------------------

 QS Statistic for regARIMA Model Residuals (full series):             0.29
                                                       (P-Value =     0.8650)

 QS Statistic for regARIMA Model Residuals (starting 2009.Jan):       0.17
                                                       (P-Value =     0.9201)


  At least one visually significant residual trading day peaks has been
  found in the spectral plot of the following series starting in 2009.Jan:

          regARIMA model residuals (1 Trading Day peak(s))




      10*LOG(SPECTRUM) of the regARIMA model residuals
      Spectrum estimated from 2009.Jan to 2016.Dec.
 ++++++++++I+++++++++++++++++++++++++++++++++++++++++++++++++++++++++++++I
     -29.35I                                          T                  I    -29.35
           I                                          T                  I
           I                                          T                  I
           I                                          T                  I
     -30.88I                                          T                  I    -30.88
           I                                          T                  I
           I                                          T                  I
           I                                          T                  I
     -32.40I                                          T                  I    -32.40
           I                                          T                  I
           I                                          T                  I
           I                                          T                  I
     -33.93I                                          T                  I    -33.93
           I                                          T                  I
           I                                          T                  I
           I   *                                      T                  I
     -35.46I   *                                      T                  I    -35.46
           I   *                                      T                  I
           I   *                                      T                  I
           I   *                      *               T                  I
     -36.99I   *                      *               T                * I    -36.99
           I   *                      **              T        *       * I
           I   *                      **              T        *       * I
           I   *                      **   *          T        *T      *SI
     -38.52I   *                      **   *          T        *T     **SI    -38.52
           I   **                     **  S*          T        *T     **SI
           I  *** *           *       **  S*          T        *T     **SI
           I  *** *      *    *       **  S*          T        *T     **SI
     -40.05I  ******     *    *      **** S*          T        *T*    **SI    -40.05
           I  ******     *    *      *****S*          T   *    *T*    **SI
           I  ******     *    *   *  *****S**         T   **  S*T*    **SI
           I  ******     **   *   ** *****S**         T   **  S*T*    **SI
     -41.58I  ******     **  ***  ********S**         T   **  S*T*    **SI    -41.58
           I  ******     **  ***  ********S**         T*  **  S*T**   **SI
           I  ******     **  *** *********S**         T*  **  S*T**  ***SI
           I  ******     **  *** *********S**         T*  **  S*T**  ***SI
     -43.11I  ******    ***  ***S*********S**         T*  **  S*T**  ***SI    -43.11
           I  *******   ***  ***S*********S***        T*  **  S*T**  ***SI
           I ********   ********S*********S***        T*  ****S*T*** ***SI
           I ********   ********S*********S***  *    *T*  ****S*T*******SI
     -44.64I ********   ********S*********S******    *T* *****S*T*******SI    -44.64
           I*********   ********S*********S******    *T* *****S*T*******SI
           I*********   ********S*********S******    *T* *****S*T*******SI
           I********** *********S*********S*******   *T* *****S*T*******SI
     -46.17I********** *********S*********S*******   *T*******S*T*******SI    -46.17
           I**********S*********S*********S*******   *T*******S*T*******SI
           I**********S*********S*********S*******   *T*******S*T*******SI
           I**********S*********S*********S*******   *T*******S*T*******SI
     -47.70I**********S*********S*********S*******   *T*******S*T*******SI    -47.70
           I**********S*********S*********S*******  S*T*******S*T*******SI
           I**********S*********S*********S******** S*T*******S*T*******SI
           I**********S*********S*********S******** S*T*******S*T*******SI
     -49.23I**********S*********S*********S*********S*T*******S*T*******SI    -49.23
 ++++++++++I+++++++++++++++++++++++++++++++++++++++++++++++++++++++++++++I
            S=SEASONAL FREQUENCIES, T=TRADING DAY FREQUENCIES


 FORECASTING
  Origin  2016.Dec
  Number        12

  Forecasts and Standard Errors of the Transformed Data
   ------------------------------
                         Standard
       Date   Forecast      Error
   ------------------------------
   2017.Jan       3.53      0.009
   2017.Feb       3.53      0.010
   2017.Mar       3.53      0.010
   2017.Apr       3.53      0.011
   2017.May       3.53      0.011
   2017.Jun       3.53      0.012
   2017.Jul       3.53      0.012
   2017.Aug       3.53      0.012
   2017.Sep       3.53      0.012
   2017.Oct       3.54      0.012
   2017.Nov       3.54      0.013
   2017.Dec       3.54      0.013
   ------------------------------

  Confidence intervals with coverage probability ( 0.95000
  On the Original Scale
   ---------------------------------------
       Date      Lower  Forecast     Upper
   ---------------------------------------
   2017.Jan      33.47     34.09     34.73
   2017.Feb      33.37     34.01     34.67
   2017.Mar      33.42     34.10     34.78
   2017.Apr      33.43     34.16     34.90
   2017.May      33.42     34.17     34.94
   2017.Jun      33.44     34.21     35.00
   2017.Jul      33.45     34.24     35.05
   2017.Aug      33.46     34.26     35.09
   2017.Sep      33.47     34.29     35.13
   2017.Oct      33.48     34.31     35.16
   2017.Nov      33.49     34.33     35.18
   2017.Dec      33.51     34.35     35.21
   ---------------------------------------
        ces_hours 46060            PAGE   4, SERIES ces_hours_log_ad

 B 1  Original series (prior adjusted)
  From  2007.Jan to 2016.Dec
  Observations        120
 -----------------------------------------------------------------------------
               Jan      Feb      Mar      Apr      May      Jun 
               Jul      Aug      Sep      Oct      Nov      Dec        TOTAL  
 -----------------------------------------------------------------------------
  2007          35.      35.      35.      35.      35.      35.
                35.      35.      35.      35.      34.      35.          418.
 
  2008          35.      35.      35.      35.      35.      35.
                35.      35.      35.      35.      35.      35.          417.
 
  2009          35.      35.      35.      34.      34.      34.
                35.      35.      34.      34.      35.      34.          412.
 
  2010          34.      34.      34.      34.      34.      35.
                34.      35.      34.      35.      35.      35.          414.
 
  2011          35.      35.      35.      35.      35.      35.
                35.      35.      34.      35.      34.      34.          415.
 
  2012          34.      34.      34.      34.      34.      34.
                35.      34.      34.      34.      34.      34.          410.
 
  2013          34.      34.      34.      34.      34.      35.
                34.      35.      35.      35.      35.      35.          413.
 
  2014          35.      35.      35.      34.      34.      35.
                35.      35.      34.      35.      35.      35.          417.
 
  2015          35.      35.      35.      35.      35.      35.
                35.      36.      35.      35.      35.      35.          419.
 
  2016          34.      34.      34.      34.      35.      34.
                34.      34.      34.      34.      34.      34.          408.
 
  AVGE          34.      34.      35.      34.      34.      35.
                34.      35.      34.      35.      34.      35.

  Table Total-        4141.   Mean-        35.   Std. Dev.-         0.
                              Min -        34.        Max -        36.

 B 1.A  Forecasts of (prior adjusted) original series
  From  2017.Jan to 2017.Dec
  Observations         12
 -----------------------------------------------------------------------------
               Jan      Feb      Mar      Apr      May      Jun 
               Jul      Aug      Sep      Oct      Nov      Dec        TOTAL  
 -----------------------------------------------------------------------------
  2017          34.      34.      34.      34.      34.      34.
                34.      34.      34.      34.      34.      34.          411.
 
        ces_hours 46060            PAGE   5, SERIES ces_hours_log_ad

 C 17  Final weights for irregular component
  From  2007.Jan to 2016.Dec
  Observations        120
  Lower sigma limit    1.50
  Upper sigma limit    2.50
 -----------------------------------------------------------------------------
               Jan      Feb      Mar      Apr      May      Jun 
               Jul      Aug      Sep      Oct      Nov      Dec         S.D.  
 -----------------------------------------------------------------------------
  2007         100.     100.     100.     100.     100.     100.
               100.     100.       0.     100.     100.       0.           17.
 
  2008         100.     100.     100.     100.     100.     100.
               100.     100.     100.     100.     100.     100.           17.
 
  2009         100.     100.      74.     100.      95.     100.
               100.      33.     100.       0.       0.     100.           17.
 
  2010         100.     100.     100.     100.     100.     100.
               100.     100.     100.     100.     100.     100.           20.
 
  2011         100.     100.     100.     100.      38.     100.
               100.     100.     100.     100.     100.     100.           20.
 
  2012          64.      51.     100.      83.     100.     100.
               100.      77.      98.     100.     100.     100.           21.
 
  2013         100.     100.     100.     100.     100.       0.
               100.     100.     100.     100.     100.     100.           21.
 
  2014         100.     100.     100.     100.     100.       0.
               100.     100.      70.     100.      73.     100.           21.
 
  2015         100.     100.     100.     100.     100.     100.
               100.      29.     100.     100.     100.     100.           17.
 
  2016         100.     100.     100.     100.       0.     100.
               100.     100.     100.       0.     100.     100.           17.
 
        ces_hours 46060            PAGE   6, SERIES ces_hours_log_ad

 D 8  Final unmodified SI ratios
  From  2007.Jan to 2016.Dec
  Observations        120
 -----------------------------------------------------------------------------
               Jan      Feb      Mar      Apr      May      Jun 
               Jul      Aug      Sep      Oct      Nov      Dec         AVGE  
 -----------------------------------------------------------------------------
  2007           0.      -0.       0.      -0.      -0.      -0.
                -0.       0.       1.       0.      -0.       1.            0.
 
  2008           0.      -0.      -0.      -0.      -0.       0.
                 0.       0.       0.       0.      -0.       0.            0.
 
  2009           0.      -0.       0.      -0.      -0.       0.
                 0.       1.      -0.      -0.       0.       0.            0.
 
  2010          -0.       0.      -0.      -0.       0.       0.
                -0.       0.      -0.       0.      -0.      -0.           -0.
 
  2011          -0.      -0.       0.      -0.       0.      -0.
                 0.       0.      -0.       0.      -0.       0.            0.
 
  2012           0.      -0.       0.       0.      -0.      -0.
                 0.      -0.       0.      -0.       0.       0.            0.
 
  2013          -0.      -0.       0.       0.      -0.       1.
                -0.       0.       0.      -0.       0.       0.            0.
 
  2014          -0.       0.       0.      -0.      -0.       1.
                -0.       0.      -0.       0.       0.       0.            0.
 
  2015          -0.       0.      -0.       0.      -0.      -0.
                -0.       1.      -0.       0.       0.       0.            0.
 
  2016          -0.      -0.       0.      -0.       1.       0.
                 0.       0.      -0.       1.      -0.       0.            0.
 
  AVGE          -0.      -0.       0.      -0.      -0.       0.
                 0.       0.      -0.       0.       0.       0.

  Table Total-           4.   Mean-         0.   Std. Dev.-         0.
                              Min -        -0.        Max -         1.
        ces_hours 46060            PAGE   7, SERIES ces_hours_log_ad

 D 8.B  Final unmodified SI ratios, with labels for outliers and extreme values
  From  2007.Jan to 2016.Dec
  Observations        120
 ---------------------------------------------------------------------
               Jan       Feb       Mar       Apr       May       Jun  
               Jul       Aug       Sep       Oct       Nov       Dec  
 ---------------------------------------------------------------------
  2007          0.       -0.        0.       -0.       -0.       -0.  
               -0.        0.        1.*       0.*      -0.        1.* 
 
  2008          0.       -0.       -0.       -0.       -0.        0.  
                0.        0.        0.        0.       -0.        0.  
 
  2009          0.       -0.        0.*      -0.       -0.*       0.  
                0.        1.*      -0.       -0.*       0.*       0.  
 
  2010         -0.        0.       -0.       -0.        0.        0.  
               -0.        0.       -0.        0.       -0.       -0.  
 
  2011         -0.       -0.        0.       -0.        0.*      -0.  
                0.        0.       -0.        0.       -0.        0.  
 
  2012          0.*      -0.*       0.        0.*      -0.       -0.  
                0.       -0.*       0.*      -0.        0.        0.  
 
  2013         -0.       -0.        0.        0.       -0.        1.* 
               -0.        0.        0.       -0.        0.        0.  
 
  2014         -0.        0.        0.       -0.*      -0.        1.* 
               -0.        0.       -0.*       0.        0.*       0.  
 
  2015         -0.        0.       -0.        0.       -0.       -0.  
               -0.        1.*      -0.        0.        0.        0.  
 
  2016         -0.       -0.        0.       -0.        1.*       0.  
                0.        0.       -0.        1.*      -0.        0.  
 

  Key to symbols:
    *  : extreme value as determined by X-11 extreme value procedure
 
        ces_hours 46060            PAGE   8, SERIES ces_hours_log_ad

 D 9  Final replacement values for SI ratios
  From  2007.Jan to 2016.Dec
  Observations        120
 ---------------------------------------------------------------
               Jan      Feb      Mar      Apr      May      Jun 
               Jul      Aug      Sep      Oct      Nov      Dec 
 ---------------------------------------------------------------
  2007     ******** ******** ******** ******** ******** ********
           ******** ********      -0.       0. ********       0.
 
  2008     ******** ******** ******** ******** ******** ********
           ******** ******** ******** ******** ******** ********
 
  2009     ******** ********       0. ********      -0. ********
           ********       0. ********       0.      -0. ********
 
  2010     ******** ******** ******** ******** ******** ********
           ******** ******** ******** ******** ******** ********
 
  2011     ******** ******** ******** ********       0. ********
           ******** ******** ******** ******** ******** ********
 
  2012           0.      -0. ********       0. ******** ********
           ********      -0.       0. ******** ******** ********
 
  2013     ******** ******** ******** ******** ********       0.
           ******** ******** ******** ******** ******** ********
 
  2014     ******** ******** ********      -0. ********       0.
           ******** ********      -0. ********       0. ********
 
  2015     ******** ******** ******** ******** ******** ********
           ********       0. ******** ******** ******** ********
 
  2016     ******** ******** ******** ********      -0. ********
           ******** ******** ********       0. ******** ********
 

 D 9.A  Moving seasonality ratio
 ---------------------------------------------------------------
               Jan      Feb      Mar      Apr      May      Jun 
 ---------------------------------------------------------------
   I          0.198    0.178    0.197    0.222    0.148    0.109
   S          0.037    0.027    0.019    0.041    0.025    0.015
 RATIO        5.353    6.651   10.470    5.378    5.913    7.173



 ---------------------------------------------------------------
               Jul      Aug      Sep      Oct      Nov      Dec 
 ---------------------------------------------------------------
   I          0.190    0.206    0.229    0.157    0.193    0.159
   S          0.021    0.038    0.032    0.043    0.045    0.020
 RATIO        8.961    5.447    7.055    3.620    4.267    7.815



        ces_hours 46060            PAGE   9, SERIES ces_hours_log_ad

 D 10  Final seasonal factors
  From  2007.Jan to 2016.Dec
  Observations        120
  Seasonal filter    3 x 5 moving average
 -----------------------------------------------------------------------------
               Jan      Feb      Mar      Apr      May      Jun 
               Jul      Aug      Sep      Oct      Nov      Dec         AVGE  
 -----------------------------------------------------------------------------
  2007           0.      -0.       0.      -0.      -0.      -0.
                 0.       0.      -0.       0.      -0.       0.            0.
 
  2008           0.      -0.       0.      -0.      -0.      -0.
                 0.       0.      -0.       0.      -0.       0.           -0.
 
  2009           0.      -0.       0.      -0.      -0.      -0.
                 0.       0.      -0.       0.      -0.       0.            0.
 
  2010          -0.      -0.       0.      -0.      -0.      -0.
                 0.       0.      -0.       0.      -0.       0.            0.
 
  2011          -0.      -0.       0.      -0.      -0.      -0.
                 0.       0.      -0.       0.      -0.       0.            0.
 
  2012          -0.      -0.       0.      -0.      -0.      -0.
                 0.       0.      -0.       0.       0.       0.            0.
 
  2013          -0.      -0.       0.      -0.      -0.      -0.
                 0.       0.      -0.       0.       0.       0.            0.
 
  2014          -0.       0.       0.      -0.      -0.      -0.
                 0.       0.      -0.       0.       0.       0.           -0.
 
  2015          -0.       0.       0.      -0.      -0.      -0.
                 0.       0.      -0.       0.       0.       0.           -0.
 
  2016          -0.       0.       0.      -0.      -0.      -0.
                -0.       0.      -0.       0.       0.       0.           -0.
 
  AVGE          -0.      -0.       0.      -0.      -0.      -0.
                 0.       0.      -0.       0.      -0.       0.

  Table Total-           0.   Mean-         0.   Std. Dev.-         0.
                              Min -        -0.        Max -         0.

 D 10.A  Final seasonal component forecasts
  From  2017.Jan to 2017.Dec
  Observations         12
 -----------------------------------------------------------------------------
               Jan      Feb      Mar      Apr      May      Jun 
               Jul      Aug      Sep      Oct      Nov      Dec         AVGE  
 -----------------------------------------------------------------------------
  2017          -0.       0.       0.      -0.      -0.      -0.
                -0.       0.      -0.       0.       0.       0.           -0.
 
        ces_hours 46060            PAGE  10, SERIES ces_hours_log_ad

 D 11  Final seasonally adjusted data
  From  2007.Jan to 2016.Dec
  Observations        120
 -----------------------------------------------------------------------------
               Jan      Feb      Mar      Apr      May      Jun 
               Jul      Aug      Sep      Oct      Nov      Dec        TOTAL  
 -----------------------------------------------------------------------------
  2007          35.      35.      35.      35.      35.      35.
                35.      35.      35.      34.      35.      35.          418.
 
  2008          35.      35.      35.      35.      35.      35.
                35.      35.      35.      35.      35.      35.          417.
 
  2009          35.      35.      35.      34.      34.      34.
                34.      35.      34.      34.      35.      34.          412.
 
  2010          34.      34.      34.      34.      35.      35.
                34.      35.      35.      35.      35.      35.          414.
 
  2011          35.      35.      35.      35.      35.      35.
                34.      34.      34.      34.      34.      34.          415.
 
  2012          34.      34.      34.      34.      34.      34.
                34.      34.      35.      34.      34.      34.          410.
 
  2013          34.      34.      34.      34.      34.      35.
                34.      34.      35.      34.      35.      35.          413.
 
  2014          35.      35.      35.      34.      34.      35.
                34.      35.      34.      35.      35.      35.          417.
 
  2015          35.      35.      35.      35.      35.      35.
                35.      35.      35.      35.      35.      34.          419.
 
  2016          34.      34.      34.      34.      35.      34.
                34.      34.      34.      34.      34.      34.          408.
 
  AVGE          35.      35.      35.      35.      35.      35.
                34.      34.      35.      34.      35.      35.

  Table Total-        4141.   Mean-        35.   Std. Dev.-         0.
                              Min -        34.        Max -        35.
        ces_hours 46060            PAGE  11, SERIES ces_hours_log_ad

 D 12  Final trend cycle
  From  2007.Jan to 2016.Dec
  Observations        120
  Trend filter    13-term Henderson moving average
  I/C ratio        3.41
 -----------------------------------------------------------------------------
               Jan      Feb      Mar      Apr      May      Jun 
               Jul      Aug      Sep      Oct      Nov      Dec        TOTAL  
 -----------------------------------------------------------------------------
  2007          35.      35.      35.      35.      35.      35.
                35.      35.      35.      35.      35.      35.          416.
 
  2008          35.      35.      35.      35.      35.      35.
                35.      35.      35.      35.      35.      35.          417.
 
  2009          35.      35.      34.      34.      34.      34.
                34.      34.      34.      34.      34.      34.          412.
 
  2010          34.      34.      34.      34.      34.      34.
                35.      35.      35.      35.      35.      35.          414.
 
  2011          35.      35.      35.      35.      35.      35.
                34.      34.      34.      34.      34.      34.          414.
 
  2012          34.      34.      34.      34.      34.      34.
                34.      34.      34.      34.      34.      34.          410.
 
  2013          34.      34.      34.      34.      34.      34.
                34.      34.      35.      35.      35.      35.          412.
 
  2014          35.      35.      35.      35.      35.      34.
                34.      35.      35.      35.      35.      35.          416.
 
  2015          35.      35.      35.      35.      35.      35.
                35.      35.      35.      35.      35.      34.          419.
 
  2016          34.      34.      34.      34.      34.      34.
                34.      34.      34.      34.      34.      34.          407.
 
  AVGE          35.      35.      35.      34.      34.      34.
                34.      34.      34.      34.      34.      34.

  Table Total-        4137.   Mean-        34.   Std. Dev.-         0.
                              Min -        34.        Max -        35.
        ces_hours 46060            PAGE  12, SERIES ces_hours_log_ad

 D 13  Final irregular component
  From  2007.Jan to 2016.Dec
  Observations        120
 -----------------------------------------------------------------------------
               Jan      Feb      Mar      Apr      May      Jun 
               Jul      Aug      Sep      Oct      Nov      Dec         S.D.  
 -----------------------------------------------------------------------------
  2007          -0.      -0.      -0.       0.       0.      -0.
                -0.       0.       1.      -0.      -0.       1.            0.
 
  2008           0.      -0.      -0.       0.       0.       0.
                -0.      -0.       0.       0.      -0.      -0.            0.
 
  2009          -0.       0.       0.      -0.      -0.       0.
                 0.       0.      -0.      -1.       1.       0.            0.
 
  2010          -0.       0.      -0.      -0.       0.       0.
                -0.       0.      -0.       0.       0.      -0.            0.
 
  2011          -0.       0.       0.      -0.       0.      -0.
                -0.      -0.      -0.       0.      -0.      -0.            0.
 
  2012           0.      -0.      -0.       0.      -0.      -0.
                 0.      -0.       0.      -0.       0.       0.            0.
 
  2013          -0.      -0.      -0.       0.      -0.       1.
                -0.      -0.       0.      -0.      -0.       0.            0.
 
  2014          -0.       0.       0.      -0.      -0.       1.
                -0.       0.      -0.       0.       0.      -0.            0.
 
  2015          -0.       0.      -0.       0.       0.      -0.
                -0.       0.       0.      -0.       0.      -0.            0.
 
  2016           0.      -0.      -0.       0.       1.       0.
                 0.      -0.      -0.       1.      -0.      -0.            0.
 
  S.D.           0.       0.       0.       0.       0.       0.
                 0.       0.       0.       0.       0.       0.

  Table Total-           4.   Mean-         0.   Std. Dev.-         0.
                              Min -        -1.        Max -         1.
        ces_hours 46060            PAGE  13, SERIES ces_hours_log_ad

 D 16  Combined adjustment factors
  From  2007.Jan to 2016.Dec
  Observations        120
 -----------------------------------------------------------------------------
               Jan      Feb      Mar      Apr      May      Jun 
               Jul      Aug      Sep      Oct      Nov      Dec         AVGE  
 -----------------------------------------------------------------------------
  2007           0.      -0.       0.      -0.      -0.      -0.
                 0.       0.      -0.       0.      -0.       0.            0.
 
  2008           0.      -0.       0.      -0.      -0.      -0.
                 0.       0.      -0.       0.      -0.       0.           -0.
 
  2009           0.      -0.       0.      -0.      -0.      -0.
                 0.       0.      -0.       0.      -0.       0.            0.
 
  2010          -0.      -0.       0.      -0.      -0.      -0.
                 0.       0.      -0.       0.      -0.       0.            0.
 
  2011          -0.      -0.       0.      -0.      -0.      -0.
                 0.       0.      -0.       0.      -0.       0.            0.
 
  2012          -0.      -0.       0.      -0.      -0.      -0.
                 0.       0.      -0.       0.       0.       0.            0.
 
  2013          -0.      -0.       0.      -0.      -0.      -0.
                 0.       0.      -0.       0.       0.       0.            0.
 
  2014          -0.       0.       0.      -0.      -0.      -0.
                 0.       0.      -0.       0.       0.       0.           -0.
 
  2015          -0.       0.       0.      -0.      -0.      -0.
                 0.       0.      -0.       0.       0.       0.           -0.
 
  2016          -0.       0.       0.      -0.      -0.      -0.
                -0.       0.      -0.       0.       0.       0.           -0.
 
  AVGE          -0.      -0.       0.      -0.      -0.      -0.
                 0.       0.      -0.       0.      -0.       0.

  Table Total-           0.   Mean-         0.   Std. Dev.-         0.
                              Min -        -0.        Max -         0.

 D 16.A  Combined adjustment component forecasts
  From  2017.Jan to 2017.Dec
  Observations         12
 -----------------------------------------------------------------------------
               Jan      Feb      Mar      Apr      May      Jun 
               Jul      Aug      Sep      Oct      Nov      Dec         AVGE  
 -----------------------------------------------------------------------------
  2017          -0.       0.       0.      -0.      -0.      -0.
                -0.       0.      -0.       0.       0.       0.           -0.
 
        ces_hours 46060            PAGE  14, SERIES ces_hours_log_ad

 E 4  Differences of annual totals
  From          2007 to 2016
  Observations         10
 -----------------------------------
  Year       Unmodified     Modified
                  (D11)         (E2)
 -----------------------------------
  2007               0.           0.
 
  2008              -0.          -0.
 
  2009               0.           0.
 
  2010               0.           0.
 
  2011               0.           0.
 
  2012               0.           0.
 
  2013               0.           0.
 
  2014              -0.          -0.
 
  2015              -0.          -0.
 
  2016              -0.          -0.
 
        ces_hours 46060            PAGE  15, SERIES ces_hours_log_ad

 E 5  Month-to-month differences in the original series
  From  2007.Feb to 2016.Dec
  Observations        119
 -----------------------------------------------------------------------------
               Jan      Feb      Mar      Apr      May      Jun 
               Jul      Aug      Sep      Oct      Nov      Dec         AVGE  
 -----------------------------------------------------------------------------
  2007                   -0.       0.      -0.      -0.      -0.
                 0.       0.       0.      -1.      -0.       1.            0.
 
  2008          -0.      -0.       0.      -0.       0.       0.
                 0.       0.      -0.       0.      -0.       0.           -0.
 
  2009          -0.      -0.       0.      -1.       0.       0.
                 0.       0.      -1.      -0.       1.      -0.           -0.
 
  2010          -0.       0.      -0.       0.       0.       0.
                -0.       1.      -1.       1.      -0.       0.            0.
 
  2011           0.       0.       0.      -0.       0.      -0.
                -0.       0.      -1.       1.      -1.       0.           -0.
 
  2012           0.      -1.       1.       0.      -0.       0.
                 1.      -0.       0.      -0.       0.       0.            0.
 
  2013          -0.       0.       0.       0.      -0.       1.
                -1.       0.       0.      -0.       0.       1.            0.
 
  2014          -1.       0.       0.      -1.      -0.       1.
                -1.       0.      -1.       1.       1.      -0.           -0.
 
  2015          -0.       1.      -0.       0.      -0.       0.
                 0.       1.      -1.      -0.       0.      -0.           -0.
 
  2016          -0.      -0.       0.      -0.       1.      -1.
                 0.      -0.      -0.       1.      -1.       0.           -0.
 
  AVGE          -0.      -0.       0.      -0.       0.       0.
                -0.       0.      -0.       0.      -0.       0.

  Table Total-          -1.   Mean-        -0.   Std. Dev.-         0.
                              Min -        -1.        Max -         1.
        ces_hours 46060            PAGE  16, SERIES ces_hours_log_ad

 E 6  Month-to-month differences in seasonally adjusted series (D11)
  From  2007.Feb to 2016.Dec
  Observations        119
 -----------------------------------------------------------------------------
               Jan      Feb      Mar      Apr      May      Jun 
               Jul      Aug      Sep      Oct      Nov      Dec         AVGE  
 -----------------------------------------------------------------------------
  2007                   -0.      -0.       0.      -0.      -0.
                 0.       0.       1.      -1.       0.       1.            0.
 
  2008          -0.      -0.       0.       0.       0.       0.
                -0.      -0.       0.      -0.      -0.      -0.           -0.
 
  2009          -0.      -0.       0.      -1.      -0.       0.
                 0.       0.      -1.      -1.       1.      -1.           -0.
 
  2010          -0.       0.      -0.       0.       0.      -0.
                -0.       0.      -0.       0.      -0.      -0.            0.
 
  2011           0.       0.       0.      -0.       0.      -1.
                -0.      -0.      -0.       0.      -1.       0.           -0.
 
  2012           0.      -1.       0.       0.      -0.      -0.
                 0.      -1.       1.      -1.       0.      -0.            0.
 
  2013          -0.      -0.       0.       0.      -0.       1.
                -1.       0.       0.      -0.       0.       0.            0.
 
  2014          -0.       0.      -0.      -1.       0.       1.
                -1.       0.      -0.       1.       0.      -0.           -0.
 
  2015          -0.       0.      -0.       0.      -0.      -0.
                -0.       0.      -0.      -0.      -0.      -0.           -0.
 
  2016          -0.      -0.       0.      -0.       1.      -1.
                -0.      -0.      -0.       1.      -1.       0.           -0.
 
  AVGE          -0.      -0.       0.      -0.       0.       0.
                -0.       0.       0.      -0.       0.       0.

  Table Total-          -1.   Mean-        -0.   Std. Dev.-         0.
                              Min -        -1.        Max -         1.
        ces_hours 46060            PAGE  17, SERIES ces_hours_log_ad

 E 7  Month-to-month differences in final trend cycle (D12)
  From  2007.Feb to 2016.Dec
  Observations        119
 -----------------------------------------------------------------------------
               Jan      Feb      Mar      Apr      May      Jun 
               Jul      Aug      Sep      Oct      Nov      Dec         AVGE  
 -----------------------------------------------------------------------------
  2007                   -0.      -0.      -0.      -0.      -0.
                -0.      -0.      -0.       0.       0.       0.           -0.
 
  2008           0.       0.       0.       0.       0.       0.
                 0.       0.       0.       0.      -0.      -0.            0.
 
  2009          -0.      -0.      -0.      -0.      -0.      -0.
                -0.      -0.      -0.      -0.      -0.      -0.           -0.
 
  2010           0.       0.       0.       0.       0.       0.
                 0.       0.       0.       0.       0.       0.            0.
 
  2011           0.       0.       0.      -0.      -0.      -0.
                -0.      -0.      -0.      -0.      -0.      -0.           -0.
 
  2012          -0.       0.       0.       0.       0.       0.
                 0.       0.      -0.      -0.      -0.      -0.            0.
 
  2013          -0.       0.       0.       0.       0.       0.
                 0.       0.       0.       0.       0.       0.            0.
 
  2014           0.      -0.      -0.      -0.      -0.      -0.
                 0.       0.       0.       0.       0.       0.            0.
 
  2015           0.       0.       0.      -0.       0.       0.
                -0.      -0.      -0.      -0.      -0.      -0.           -0.
 
  2016          -0.      -0.      -0.      -0.      -0.      -0.
                -0.      -0.      -0.       0.       0.       0.           -0.
 
  AVGE          -0.      -0.      -0.      -0.      -0.      -0.
                -0.      -0.      -0.      -0.      -0.      -0.

  Table Total-          -1.   Mean-        -0.   Std. Dev.-         0.
                              Min -        -0.        Max -         0.
        ces_hours 46060            PAGE  18, SERIES ces_hours_log_ad

 E 8  Month-to-month differences in original series adjusted for calendar factors (A18)
  From  2007.Feb to 2016.Dec
  Observations        119
 -----------------------------------------------------------------------------
               Jan      Feb      Mar      Apr      May      Jun 
               Jul      Aug      Sep      Oct      Nov      Dec         AVGE  
 -----------------------------------------------------------------------------
  2007                   -0.       0.      -0.      -0.      -0.
                 0.       0.       0.      -1.      -0.       1.            0.
 
  2008          -0.      -0.       0.      -0.       0.       0.
                 0.       0.      -0.       0.      -0.       0.           -0.
 
  2009          -0.      -0.       0.      -1.       0.       0.
                 0.       0.      -1.      -0.       1.      -0.           -0.
 
  2010          -0.       0.      -0.       0.       0.       0.
                -0.       1.      -1.       1.      -0.       0.            0.
 
  2011           0.       0.       0.      -0.       0.      -0.
                -0.       0.      -1.       1.      -1.       0.           -0.
 
  2012           0.      -1.       0.       0.      -0.       0.
                 1.      -0.       0.      -0.       0.       0.            0.
 
  2013          -0.       0.       0.       0.      -0.       1.
                -1.       0.       0.      -0.       0.       1.            0.
 
  2014          -1.       0.       0.      -1.      -0.       1.
                -1.       0.      -1.       1.       1.      -0.           -0.
 
  2015          -0.       1.      -0.       0.      -0.       0.
                 0.       1.      -1.      -0.       0.      -0.           -0.
 
  2016          -0.      -0.       0.      -0.       1.      -1.
                 0.      -0.      -0.       1.      -1.       0.           -0.
 
  AVGE          -0.      -0.       0.      -0.       0.       0.
                -0.       0.      -0.       0.      -0.       0.

  Table Total-          -1.   Mean-        -0.   Std. Dev.-         0.
                              Min -        -1.        Max -         1.
        ces_hours 46060            PAGE  19, SERIES ces_hours_log_ad

 E 18  Final adjustment ratios
  From  2007.Jan to 2016.Dec
  Observations        120
 -----------------------------------------------------------------------------
               Jan      Feb      Mar      Apr      May      Jun 
               Jul      Aug      Sep      Oct      Nov      Dec         AVGE  
 -----------------------------------------------------------------------------
  2007      100.181   99.719  100.241   99.314   99.508   99.990
            100.140  100.953   99.573  100.697   99.514  100.210       100.003
 
  2008      100.098   99.746  100.231   99.351   99.582   99.992
            100.109  100.932   99.515  100.756   99.494  100.178        99.999
 
  2009      100.031   99.751  100.221   99.456   99.637   99.993
            100.134  100.794   99.495  100.809   99.538  100.162       100.002
 
  2010       99.916   99.739  100.256   99.616   99.654   99.980
            100.167  100.629   99.532  100.690   99.624  100.251       100.004
 
  2011       99.788   99.780  100.241   99.774   99.633   99.957
            100.156  100.475   99.581  100.540   99.832  100.377       100.011
 
  2012       99.616   99.868  100.236   99.881   99.556   99.902
            100.092  100.406   99.653  100.353  100.046  100.510       100.010
 
  2013       99.537   99.945  100.184   99.941   99.464   99.866
            100.068  100.326   99.737  100.165  100.262  100.549       100.004
 
  2014       99.531  100.007  100.133   99.926   99.411   99.876
            100.035  100.314   99.792  100.061  100.342  100.546        99.998
 
  2015       99.561  100.076  100.089   99.858   99.424   99.911
            100.014  100.341   99.759  100.064  100.390  100.449        99.995
 
  2016       99.600  100.138  100.040   99.815   99.494   99.930
             99.979  100.395   99.725  100.136  100.352  100.328        99.994
 
  AVGE       99.786   99.877  100.187   99.693   99.536   99.940
            100.089  100.557   99.636  100.427   99.939  100.356

  Table Total-       12000.   Mean-       100.   Std. Dev.-         0.
                              Min -        99.        Max -       101.

 E 18.A  Final adjustment ratio forecasts
  From  2017.Jan to 2017.Dec
  Observations         12
 -----------------------------------------------------------------------------
               Jan      Feb      Mar      Apr      May      Jun 
               Jul      Aug      Sep      Oct      Nov      Dec         AVGE  
 -----------------------------------------------------------------------------
  2017       99.644  100.163  100.006   99.835   99.534   99.920
             99.995  100.392   99.732  100.161  100.321  100.230        99.995
 

  QS statistic for seasonality:
  Original Series                                     4.09  (P-Value =     0.1293)
  Original Series (EV adj)                            4.09  (P-Value =     0.1293)
  Residuals                                           0.29  (P-Value =     0.8650)
  Seasonally Adjusted Series                          0.00  (P-Value =     1.0000)
  Seasonally Adjusted Series (EV adj)                 0.00  (P-Value =     1.0000)
  Irregular Series                                    0.00  (P-Value =     1.0000)
  Irregular Series (EV adj)                           0.00  (P-Value =     1.0000)

  QS statistic for seasonality (starting 2009.Jan):
  Original Series                                     3.43  (P-Value =     0.1802)
  Original Series (EV adj)                            3.43  (P-Value =     0.1802)
  Residuals                                           0.17  (P-Value =     0.9201)
  Seasonally Adjusted Series                          0.00  (P-Value =     1.0000)
  Seasonally Adjusted Series (EV adj)                 0.00  (P-Value =     1.0000)
  Irregular Series                                    0.00  (P-Value =     1.0000)
  Irregular Series (EV adj)                           0.00  (P-Value =     1.0000)
        ces_hours 46060            PAGE  20, SERIES ces_hours_log_ad


  Visually significant residual trading day peaks have been
  found in the spectral plots of the following series starting in 2009.Jan:

          differenced original series (Table A1 or B1) (1 Trading Day peak(s))

          differenced seasonally adjusted series (Table E2) (1 Trading Day peak(s))

          Modified irregular component (Table E3) (1 Seasonal and 


 WARNING: Series should not be a candidate for seasonal adjustment
          because the spectrum of the original series (Table A1 or B1)
          has no visually significant seasonal peaks.

          If this is a component series of an indirectly adjusted
          composite series, consider using type = trend or type = summary
          in the x11 spec.
        ces_hours 46060            PAGE  21, SERIES ces_hours_log_ad
 G 0  10*LOG(SPECTRUM) of the differenced Original Series
      (Table A1 or B1).  Spectrum estimated from 2009.Jan to 2016.Dec.
 ++++++++++I+++++++++++++++++++++++++++++++++++++++++++++++++++++++++++++I
       7.34I                                          T                  I      7.34
           I                                          T                  I
           I                                          T                  I
           I                                          T                  I
       5.16I                                          T                  I      5.16
           I                                          T                  I
           I                                          T                  I
           I                                          T                  I
       2.98I                                          T                  I      2.98
           I                                          T                  I
           I                                          T                  I
           I                                          T                  I
       0.80I                                          T                  I      0.80
           I                                          T                  I
           I                                          T                  I
           I                                          T                  I
      -1.39I                                          T                  I     -1.39
           I                                          T                  I
           I                                          T        *T        I
           I                                          T        *T      *SI
      -3.57I                                          T        *T      *SI     -3.57
           I                                          T   *    *T      *SI
           I                                          T   *    *T     **SI
           I                                          T   **  S*T*    **SI
      -5.75I                               *          T   **  S*T*    **SI     -5.75
           I                               *          T*  **  S*T*    **SI
           I                          *    *          T*  **  S*T*    **SI
           I                          **  S*          T*  **  S*T**  ***SI
      -7.93I                          **  S**         T*  ****S*T**  ***SI     -7.93
           I                          **  S**        *T* *****S*T**  ***SI
           I                          ****S**        *T* *****S*T*******SI
           I                          ****S**   *    *T*******S*T*******SI
     -10.11I                         *****S*** **    *T*******S*T*******SI    -10.11
           I                         *****S*** **    *T*******S*T*******SI
           I                         *****S*******   *T*******S*T*******SI
           I                         *****S*******   *T*******S*T*******SI
     -12.30I                  *   ********S*******  S*T*******S*T*******SI    -12.30
           I             *    *   ********S*******  S*T*******S*T*******SI
           I   **        *   **  *********S******** S*T*******S*T*******SI
           I   **        *   *** *********S*********S*T*******S*T*******SI
     -14.48I   **  *     *   ***S*********S*********S*T*******S*T*******SI    -14.48
           I   ** **     *   ***S*********S*********S*T*******S*T*******SI
           I   *****     **  ***S*********S*********S*T*******S*T*******SI
           I   *****     **  ***S*********S*********S*T*******S*T*******SI
     -16.66I   *****    *** ****S*********S*********S*T*******S*T*******SI    -16.66
           I  *******   ********S*********S*********S*T*******S*T*******SI
           I  *******   ********S*********S*********S*T*******S*T*******SI
           I  *******   ********S*********S*********S*T*******S*T*******SI
     -18.84I  *******   ********S*********S*********S*T*******S*T*******SI    -18.84
           I  *******   ********S*********S*********S*T*******S*T*******SI
           I ********  *********S*********S*********S*T*******S*T*******SI
           I ********* *********S*********S*********S*T*******S*T*******SI
     -21.03I**********S*********S*********S*********S*T*******S*T*******SI    -21.03
 ++++++++++I+++++++++++++++++++++++++++++++++++++++++++++++++++++++++++++I
            S=SEASONAL FREQUENCIES, T=TRADING DAY FREQUENCIES
        ces_hours 46060            PAGE  22, SERIES ces_hours_log_ad
 G 1  10*LOG(SPECTRUM) of the differenced seasonally adjusted 
      data (Table E2).  Spectrum estimated from 2009.Jan to 2016.Dec.
 ++++++++++I+++++++++++++++++++++++++++++++++++++++++++++++++++++++++++++I
      -2.68I                                          T                  I     -2.68
           I                                          T                  I
           I                                          T                  I
           I                                          T                  I
      -4.14I                                          T                  I     -4.14
           I                                          T                  I
           I                                          T               *  I
           I                                          T    *          *  I
      -5.61I                                          T    *          *  I     -5.61
           I                                          T    *          *  I
           I                                          T*   *          *  I
           I                                          T*  **          *  I
      -7.07I                                          T*  **          *  I     -7.07
           I                                          T*  **          *  I
           I                                    *     T*  **          *  I
           I                                *   *     T*  **     *   **  I
      -8.53I                                *   *     T*  **     **  **  I     -8.53
           I                                *   *     T*  **     **  **  I
           I                                *   *     T*  **     **  **  I
           I                                *   *     T*  ***    **  **  I
     -10.00I                                *   *     T*  ***    **  **  I    -10.00
           I                          *     *   *     T*  ***    **  **  I
           I                          *     *   *     T*  ****  T**  *** I
           I                          *    **   *     T*  ****S*T**  *** I
     -11.46I                          *    **  **     T* *****S*T*** *** I    -11.46
           I                          *    **  **     T* *****S*T******* I
           I   *  *      *            *    **  **     T*******S*T******* I
           I   *  *      *            *    **  **     T*******S*T******* I
     -12.92I   *  *      *            **   **  ***    T*******S*T*******SI    -12.92
           I   *  *      *          * **   *** ***   *T*******S*T*******SI
           I   *  *      *         *****   *** ***   *T*******S*T*******SI
           I   *  **     *         *****   *** ***   *T*******S*T*******SI
     -14.38I   *  **     *         *****   *******   *T*******S*T*******SI    -14.38
           I   ** **     *    *    *****   *******   *T*******S*T*******SI
           I   *****     *    *    *****   *******   *T*******S*T*******SI
           I   *****     *    *    *****   *******   *T*******S*T*******SI
     -15.85I   *****     *    *    *****   *******   *T*******S*T*******SI    -15.85
           I  ******     *    *    *****   *******   *T*******S*T*******SI
           I  ******    **    *    *****   ******** S*T*******S*T*******SI
           I  ******    ***   *    *****  S******** S*T*******S*T*******SI
     -17.31I  ******    ***   *    ****** S******** S*T*******S*T*******SI    -17.31
           I  ******    ***   *    ****** S*********S*T*******S*T*******SI
           I  ******    ***  **   ******* S*********S*T*******S*T*******SI
           I  *******   ***  ***  ********S*********S*T*******S*T*******SI
     -18.77I  *******   ***  ***  ********S*********S*T*******S*T*******SI    -18.77
           I  *******   ***  ***  ********S*********S*T*******S*T*******SI
           I  *******   ***  ***  ********S*********S*T*******S*T*******SI
           I  *******  ****  ***  ********S*********S*T*******S*T*******SI
     -20.23I  *******  ***** ***  ********S*********S*T*******S*T*******SI    -20.23
           I ********* *********  ********S*********S*T*******S*T*******SI
           I ********* *********S*********S*********S*T*******S*T*******SI
           I *********S*********S*********S*********S*T*******S*T*******SI
     -21.70I**********S*********S*********S*********S*T*******S*T*******SI    -21.70
 ++++++++++I+++++++++++++++++++++++++++++++++++++++++++++++++++++++++++++I
            S=SEASONAL FREQUENCIES, T=TRADING DAY FREQUENCIES
        ces_hours 46060            PAGE  23, SERIES ces_hours_log_ad
 G 2  10*LOG(SPECTRUM) of the Modified Irregular (Table E3).  
      Spectrum estimated from 2009.Jan to 2016.Dec.
 ++++++++++I+++++++++++++++++++++++++++++++++++++++++++++++++++++++++++++I
      -7.21I                                          T                  I     -7.21
           I                                          T                  I
           I                                          T                  I
           I                                          T                  I
      -8.82I                                          T                  I     -8.82
           I                                          T                  I
           I                                          T                  I
           I                                          T                  I
     -10.42I                                          T                  I    -10.42
           I                                          T               *  I
           I                                          T    *          *  I
           I                                *         T*   *          *  I
     -12.03I                          *     *   *     T*  **          *  I    -12.03
           I                          *     *   *     T*  **          *  I
           I                          *     *   *     T*  **          *  I
           I                          *     *   *     T*  **          *  I
     -13.63I                          *     *   *     T*  **          *  I    -13.63
           I                          *     *   *     T*  **     *   **  I
           I                          *    **   *     T*  **     *   **  I
           I                       ** **   **   *     T*  ***    **  **  I
     -15.24I                       *****   **   *     T*  ***    **  **  I    -15.24
           I                       *****   **  **     T*  ***    **  **  I
           I            *     *    *****   **  **     T*  ***    **  **  I
           I            *     *    *****   **  **     T* *****  T**  **  I
     -16.84I            **    *    *****   *** **     T* *****  T**  *** I    -16.84
           I            **    *    *****   *** **     T*******S*T**  *** I
           I            **    *    *****   *** ***    T*******S*T******* I
           I            **    *    *****   *******    T*******S*T******* I
     -18.45I            **    **   *****   *******   *T*******S*T*******SI    -18.45
           I            **    **   *****   *******   *T*******S*T*******SI
           I            **    **   *****   *******   *T*******S*T*******SI
           I            **    **  ******* S*******   *T*******S*T*******SI
     -20.05I            **    **  ******* S*******   *T*******S*T*******SI    -20.05
           I            ***   **  ******* S*******   *T*******S*T*******SI
           I            ***  ***  ******* S*******   *T*******S*T*******SI
           I            ***  ***  ********S*******   *T*******S*T*******SI
     -21.66I     *      ***  ***  ********S******** S*T*******S*T*******SI    -21.66
           I     *     ****  ***S*********S******** S*T*******S*T*******SI
           I     *     ***** ***S*********S******** S*T*******S*T*******SI
           I     *     *********S*********S*********S*T*******S*T*******SI
     -23.26I    ***    *********S*********S*********S*T*******S*T*******SI    -23.26
           I    ***    *********S*********S*********S*T*******S*T*******SI
           I    ***    *********S*********S*********S*T*******S*T*******SI
           I   ****    *********S*********S*********S*T*******S*T*******SI
     -24.87I   ****    *********S*********S*********S*T*******S*T*******SI    -24.87
           I   ****    *********S*********S*********S*T*******S*T*******SI
           I  *****    *********S*********S*********S*T*******S*T*******SI
           I  *****   S*********S*********S*********S*T*******S*T*******SI
     -26.47I  ******  S*********S*********S*********S*T*******S*T*******SI    -26.47
           I  ******  S*********S*********S*********S*T*******S*T*******SI
           I *******  S*********S*********S*********S*T*******S*T*******SI
           I********  S*********S*********S*********S*T*******S*T*******SI
     -28.08I**********S*********S*********S*********S*T*******S*T*******SI    -28.08
 ++++++++++I+++++++++++++++++++++++++++++++++++++++++++++++++++++++++++++I
            S=SEASONAL FREQUENCIES, T=TRADING DAY FREQUENCIES
        ces_hours 46060            PAGE  24, SERIES ces_hours_log_ad

  Peak probabilities for Tukey spectrum estimator
  Spectrum estimated from 2009.Jan to 2016.Dec.

                                          S1       S2       S3       S4       S5       S6       TD
                                        ------   ------   ------   ------   ------   ------   ------
  Model Residuals                        0.705    0.590    0.785    0.058    0.802    0.633    0.979* 
  Original Series (Table A1 or B1)       0.299    0.224    0.841    0.008    0.460    0.696    0.959* 
  Seasonally adjusted series (E2)        0.244    0.022    0.163    0.006    0.172    0.190    0.997**
  Modified Irregular (E3)                0.352    0.033    0.159    0.006    0.171    0.185    0.997**
  ----------
     ** - Peak Probability > 0.99,
      * - 0.90 < Peak Probability < 0.99


