  Reading input spec file from D:\Programming\Dynamic Paper-dlrhcs_replication\outputs\empirical\unemployment\raw_sa_pilot\x13_work\ces_hours_log_additive_16940_200701_201612.spc

1

               U. S. Department of Commerce, U. S. Census Bureau

              X-13ARIMA-SEATS monthly seasonal adjustment Method,
                          Release Version 1.1 Build 62


           This software application provides an enhanced version of
             Statistics Canada's X-11-ARIMA extension (Dagum, 1980)
                 of the X-11 variant of the Census Method II of
                      Shiskin, Young and Musgrave (1967).

            It also provides an ARIMA model-based method following
       Hillmer and Tiao (1982) and Burman (1980) that is very similar
       to the update of the method of SEATS (Gomez and Maravall, 1996)
                produced at the Bank of Spain by G. Caporello and
               A. Maravall for TSW (Caporello and Maravall, 2004).
          The present application includes additional enhancements.

         X-13ARIMA-SEATS includes an automatic ARIMA model selection procedure
          based largely on the procedure of Gomez and Maravall (1998)
            as implemented in TRAMO (1996) and subsequent revisions.

              Primary Programmers: Brian Monsell, Mark Otto and,
                 for the ARIMA model-based signal extraction,
                      Gianluca Caporello and Victor Gomez


     Series Title- ces_hours 16940
     Series Name- ces_hours_log_ad
     Jul 29, 2026  08.39.30 

        -Period covered-  1st month,2007 to 12th month,2016
        -Type of run - additive seasonal adjustment

        -Sigma limits for graduating extreme values are  1.5 and  2.5 .
        -3x3 moving average used in section 1 of each iteration, 
         3x5 moving average in section 2 of iterations B and C,
         moving average for final seasonal factors chosen by Global MSR.
        -Holiday adjustment factors applied directly to the final seasonally adjusted series
        -Spectral plots generated for selected series
        -Spectral plots generated for series starting in 2009.Jan

 FILE SAVE REQUESTS (* indicates file exists and will be overwritten)
  D:\Programming\Dynamic Paper-dlrhcs_replication\outputs\empirical\unemployment\raw_sa_pilot\x13_work\ces_hours_log_additive_16940_200701_201612.d10  final seasonal factors
  D:\Programming\Dynamic Paper-dlrhcs_replication\outputs\empirical\unemployment\raw_sa_pilot\x13_work\ces_hours_log_additive_16940_200701_201612.d11  final seasonally adjusted data
  D:\Programming\Dynamic Paper-dlrhcs_replication\outputs\empirical\unemployment\raw_sa_pilot\x13_work\ces_hours_log_additive_16940_200701_201612.out  program output file
  D:\Programming\Dynamic Paper-dlrhcs_replication\outputs\empirical\unemployment\raw_sa_pilot\x13_work\ces_hours_log_additive_16940_200701_201612.err  program error file
        ces_hours 16940            PAGE   1, SERIES ces_hours_log_ad

     Contents of spc file D:\Programming\Dynamic Paper-dlrhcs_replication\outputs\empirical\unemployment\raw_sa_pilot\x13_work\ces_hours_log_additive_16940_200701_201612.spc

 Line #
 ------
      1: series {
      2:   title = "ces_hours 16940"
      3:   start = 2007.1
      4:   period = 12
      5:   data = (
      6: 33.3
      7: 33.4
      8: 33
      9: 34.1
     10: 33.9
     11: 34.4
     12: 34.5
     13: 34.4
     14: 33.6
     15: 32.9
     16: 33.1
     17: 35.6
     18: 35.1
     19: 34.3
     20: 35
     21: 34.3
     22: 34
     23: 35.5
     24: 35.1
     25: 34.9
     26: 35.3
     27: 35.3
     28: 36.1
     29: 34.9
     30: 35.2
     31: 36.4
     32: 35.2
     33: 34.6
     34: 35.9
     35: 35.1
     36: 35.4
     37: 35.9
     38: 35.3
     39: 34.4
     40: 35.5
     41: 34.8
     42: 34.7
     43: 35.5
     44: 35
     45: 35.4
     46: 35.3
     47: 36.1
     48: 35.7
     49: 36.6
     50: 36
     51: 35.5
     52: 35.2
     53: 34.2
     54: 34.8
     55: 34.6
     56: 34.1
     57: 33.9
     58: 34.4
     59: 34.7
     60: 34.9
     61: 34.9
     62: 35
     63: 34.9
     64: 34.2
     65: 34.1
     66: 33.6
     67: 33.2
     68: 33.1
     69: 34.4
     70: 34.2
     71: 34.8
     72: 35.1
     73: 34.4
     74: 35.5
     75: 34.2
     76: 34.5
     77: 34.8
     78: 33.2
     79: 33.4
     80: 32.8
     81: 32.6
     82: 33.3
     83: 34.8
     84: 34
     85: 35
     86: 34.8
     87: 34.1
     88: 33.9
     89: 34.2
     90: 32.7
     91: 34
     92: 33.2
     93: 33.6
     94: 33.3
     95: 34.1
     96: 33.6
     97: 33.9
     98: 33.8
     99: 33.8
    100: 33.3
    101: 33
    102: 33.4
    103: 34.3
    104: 33.8
    105: 33.7
    106: 33.4
    107: 34.7
    108: 34.2
    109: 34.4
    110: 33.4
    111: 32.5
    112: 32.3
    113: 32
    114: 32
    115: 32.3
    116: 32.7
    117: 33.1
    118: 33.3
    119: 33.3
    120: 33.2
    121: 33.4
    122: 33
    123: 33.1
    124: 32.5
    125: 33.2
    126:   )
    127: }
    128: transform { function = log }
    129: regression { aictest = (td easter) }
    130: automdl {}
    131: x11 { mode = add save = (d10 d11) }
        ces_hours 16940            PAGE   2, SERIES ces_hours_log_ad

 A 1  Time series data (for the span analyzed)
  From  2007.Jan to 2016.Dec
  Observations        120
 -----------------------------------------------------------------------------
               Jan      Feb      Mar      Apr      May      Jun 
               Jul      Aug      Sep      Oct      Nov      Dec        TOTAL  
 -----------------------------------------------------------------------------
  2007          33.      33.      33.      34.      34.      34.
                35.      34.      34.      33.      33.      36.          406.
 
  2008          35.      34.      35.      34.      34.      36.
                35.      35.      35.      35.      36.      35.          420.
 
  2009          35.      36.      35.      35.      36.      35.
                35.      36.      35.      34.      36.      35.          424.
 
  2010          35.      36.      35.      35.      35.      36.
                36.      37.      36.      36.      35.      34.          425.
 
  2011          35.      35.      34.      34.      34.      35.
                35.      35.      35.      35.      34.      34.          415.
 
  2012          34.      33.      33.      34.      34.      35.
                35.      34.      36.      34.      35.      35.          412.
 
  2013          33.      33.      33.      33.      33.      35.
                34.      35.      35.      34.      34.      34.          406.
 
  2014          33.      34.      33.      34.      33.      34.
                34.      34.      34.      34.      33.      33.          402.
 
  2015          33.      34.      34.      34.      33.      35.
                34.      34.      33.      33.      32.      32.          402.
 
  2016          32.      32.      33.      33.      33.      33.
                33.      33.      33.      33.      33.      33.          395.
 
  AVGE          34.      34.      34.      34.      34.      35.
                35.      35.      35.      34.      34.      34.

  Table Total-        4107.   Mean-        34.   Std. Dev.-         1.
                              Min -        32.        Max -        37.
        ces_hours 16940            PAGE   3, SERIES ces_hours_log_ad
                        Automatic ARIMA Model Selection

                    Procedure based closely on TRAMO method 
                         of Gomez and Maravall (2000)
              "Automatic Modeling Methods for Univariate Series",
                            A Course in Time Series
                  (Edited by D. Pena, G. C. Tiao, R. S. Tsay),
                         New York : J. Wiley and Sons


     Maximum order for regular ARMA parameters :   2
     Maximum order for seasonal ARMA parameters :   1
     Maximum order for regular differencing :   2
     Maximum order for seasonal differencing :   1

   Results of Unit Root Test for identifying orders of differencing:
     Regular difference order :   0
     Seasonal difference order :   0

  Automatic model choice : (1 0 1)


  Final Checks for Identified Model


  Checking for Unit Roots.
   No unit roots found.
   Nonseasonal MA not within  0.001 of 1.0 - model passes test.

  Checking for insignificant ARMA coefficients.

  Final automatic model choice : (3 0 1)(0 0 1)
   End of automatic model selection procedure.

 Average absolute percentage error in within-sample forecasts:
  Last year:   1.00      Last-1 year:   2.25     Last-2 year:   1.47
  Last three years:    1.57

 Estimation converged in   14 ARMA iterations,  103 function evaluations.

 Regression Model
 ------------------------------------------------------------------------------
                             Parameter        Standard
 Variable                     Estimate           Error      t-value
 ------------------------------------------------------------------------------
 Constant                       3.5287         0.00971       363.30
 ------------------------------------------------------------------------------


 ARIMA Model:  (3 0 1)(0 0 1)
                                              Standard
 Parameter                    Estimate          Errors
 -----------------------------------------------------
 Nonseasonal AR                                    
   Lag  1                       0.2167         0.37681
   Lag  2                       0.3249         0.23529
   Lag  3                       0.2091         0.11408

 Nonseasonal MA                                    
   Lag  1                      -0.3234         0.38506

 Seasonal MA                                       
   Lag 12                      -0.1815         0.08305

 Variance                       0.32651E-03
 SE of Var                      0.42152E-04
 -----------------------------------------------------

 Likelihood Statistics
 ------------------------------------------------------------------
 Number of observations (nobs)                                  120
 Effective number of observations (nefobs)                      120
 Number of parameters estimated (np)                              7
 Log likelihood                                            310.6548
 Transformation Adjustment                                -423.8972
 Adjusted Log likelihood (L)                              -113.2423
 AIC                                                       240.4846 
 AICC (F-corrected-AIC)                                    241.4846 
 Hannan Quinn                                              248.4087 
 BIC                                                       259.9971 
 ------------------------------------------------------------------

 QS Statistic for regARIMA Model Residuals (full series):             3.82
                                                       (P-Value =     0.1480)

 QS Statistic for regARIMA Model Residuals (starting 2009.Jan):       6.37
                                                       (P-Value =     0.0413)


  At least one visually significant residual seasonal peaks has been
  found in the spectral plot of the following series starting in 2009.Jan:

          regARIMA model residuals (1 Seasonal peak(s))

      10*LOG(SPECTRUM) of the regARIMA model residuals
      Spectrum estimated from 2009.Jan to 2016.Dec.
 ++++++++++I+++++++++++++++++++++++++++++++++++++++++++++++++++++++++++++I
     -26.78I          S                                                  I    -26.78
           I          S                                                  I
           I          S                                                  I
           I          S                                                  I
     -28.00I          S                                                  I    -28.00
           I          S                                                  I
           I          S                                                  I
           I          S                                                  I
     -29.21I          S                                                  I    -29.21
           I          S                                                  I
           I          S                                                 SI
           I          S                                                 SI
     -30.43I          S                                                 SI    -30.43
           I          S                                                 SI
           I          S                                           *     SI
           I          S                                           *     SI
     -31.64I          S                                           *     SI    -31.64
           I          S                                           *     SI
           I          S                                           *     SI
           I          S*                              T           *    *SI
     -32.86I          S*                              T*          *    *SI    -32.86
           I          S*                              T*          *    *SI
           I         *S*                             *T*         **    *SI
           I         *S*                             *T*         **    *SI
     -34.08I*        *S*                             *T*         **    *SI    -34.08
           I**       *S*                             *T*         **    *SI
           I**     * *S*             *              S*T*         **    *SI
           I**     ***S*             *              S*T**        **    *SI
     -35.29I**     ***S*             *             *S*T**        **    *SI    -35.29
           I**     ***S*    *        *             *S*T**        **    *SI
           I**     ***S*    *        *             *S*T**        ***   *SI
           I**     ***S*    *  *     **       **  **S*T**       T***   *SI
     -36.51I**     ***S*   **  *S    **       **  **S*T**       T***  **SI    -36.51
           I***    ***S*   *****S   ***       **  **S*T**     S*T***  **SI
           I***   ****S*   *****S   ***       ******S*T***    S*T***  **SI
           I***   ****S*   *****S   ***       ******S*T***    S*T***  **SI
     -37.72I***   ****S*   *****S   ***       ******S*T***    S*T***  **SI    -37.72
           I***   ****S**  *****S   ***       ******S*T***   *S*T***  **SI
           I***   ****S**  *****S   ***       ******S*T***   *S*T*******SI
           I***   ****S**  *****S*  ****      ******S*T***   *S*T*******SI
     -38.94I***   ****S** ******S*  ****     *******S*T***   *S*T*******SI    -38.94
           I***   ****S** ******S* *****     *******S*T****  *S*T*******SI
           I****  ****S** ******S* *****     *******S*T****  *S*T*******SI
           I**** *****S*********S*******     *******S*T**** **S*T*******SI
     -40.15I**** *****S*********S*******     *******S*T*******S*T*******SI    -40.15
           I**** *****S*********S*******     *******S*T*******S*T*******SI
           I**********S*********S********    *******S*T*******S*T*******SI
           I**********S*********S********    *******S*T*******S*T*******SI
     -41.37I**********S*********S********    *******S*T*******S*T*******SI    -41.37
           I**********S*********S********   ********S*T*******S*T*******SI
           I**********S*********S*********  ********S*T*******S*T*******SI
           I**********S*********S*********  ********S*T*******S*T*******SI
     -42.59I**********S*********S*********S*********S*T*******S*T*******SI    -42.59
 ++++++++++I+++++++++++++++++++++++++++++++++++++++++++++++++++++++++++++I
            S=SEASONAL FREQUENCIES, T=TRADING DAY FREQUENCIES


 FORECASTING
  Origin  2016.Dec
  Number        12

  Forecasts and Standard Errors of the Transformed Data
   ------------------------------
                         Standard
       Date   Forecast      Error
   ------------------------------
   2017.Jan       3.50      0.018
   2017.Feb       3.50      0.021
   2017.Mar       3.51      0.022
   2017.Apr       3.51      0.024
   2017.May       3.52      0.025
   2017.Jun       3.52      0.026
   2017.Jul       3.52      0.026
   2017.Aug       3.52      0.027
   2017.Sep       3.52      0.027
   2017.Oct       3.52      0.027
   2017.Nov       3.52      0.028
   2017.Dec       3.52      0.028
   ------------------------------

  Confidence intervals with coverage probability ( 0.95000
  On the Original Scale
   ---------------------------------------
       Date      Lower  Forecast     Upper
   ---------------------------------------
   2017.Jan      32.00     33.16     34.36
   2017.Feb      31.87     33.18     34.56
   2017.Mar      31.99     33.42     34.91
   2017.Apr      31.98     33.52     35.14
   2017.May      32.01     33.62     35.30
   2017.Jun      31.98     33.63     35.37
   2017.Jul      31.97     33.66     35.44
   2017.Aug      32.00     33.72     35.54
   2017.Sep      31.97     33.71     35.55
   2017.Oct      32.02     33.79     35.65
   2017.Nov      31.92     33.70     35.58
   2017.Dec      32.06     33.86     35.75
   ---------------------------------------
        ces_hours 16940            PAGE   4, SERIES ces_hours_log_ad

 B 1  Original series (prior adjusted)
  From  2007.Jan to 2016.Dec
  Observations        120
 -----------------------------------------------------------------------------
               Jan      Feb      Mar      Apr      May      Jun 
               Jul      Aug      Sep      Oct      Nov      Dec        TOTAL  
 -----------------------------------------------------------------------------
  2007          33.      33.      33.      34.      34.      34.
                35.      34.      34.      33.      33.      36.          406.
 
  2008          35.      34.      35.      34.      34.      36.
                35.      35.      35.      35.      36.      35.          420.
 
  2009          35.      36.      35.      35.      36.      35.
                35.      36.      35.      34.      36.      35.          424.
 
  2010          35.      36.      35.      35.      35.      36.
                36.      37.      36.      36.      35.      34.          425.
 
  2011          35.      35.      34.      34.      34.      35.
                35.      35.      35.      35.      34.      34.          415.
 
  2012          34.      33.      33.      34.      34.      35.
                35.      34.      36.      34.      35.      35.          412.
 
  2013          33.      33.      33.      33.      33.      35.
                34.      35.      35.      34.      34.      34.          406.
 
  2014          33.      34.      33.      34.      33.      34.
                34.      34.      34.      34.      33.      33.          402.
 
  2015          33.      34.      34.      34.      33.      35.
                34.      34.      33.      33.      32.      32.          402.
 
  2016          32.      32.      33.      33.      33.      33.
                33.      33.      33.      33.      33.      33.          395.
 
  AVGE          34.      34.      34.      34.      34.      35.
                35.      35.      35.      34.      34.      34.

  Table Total-        4107.   Mean-        34.   Std. Dev.-         1.
                              Min -        32.        Max -        37.

 B 1.A  Forecasts of (prior adjusted) original series
  From  2017.Jan to 2017.Dec
  Observations         12
 -----------------------------------------------------------------------------
               Jan      Feb      Mar      Apr      May      Jun 
               Jul      Aug      Sep      Oct      Nov      Dec        TOTAL  
 -----------------------------------------------------------------------------
  2017          33.      33.      33.      34.      34.      34.
                34.      34.      34.      34.      34.      34.          403.
 
        ces_hours 16940            PAGE   5, SERIES ces_hours_log_ad

 C 17  Final weights for irregular component
  From  2007.Jan to 2016.Dec
  Observations        120
  Lower sigma limit    1.50
  Upper sigma limit    2.50
 -----------------------------------------------------------------------------
               Jan      Feb      Mar      Apr      May      Jun 
               Jul      Aug      Sep      Oct      Nov      Dec         S.D.  
 -----------------------------------------------------------------------------
  2007         100.     100.     100.      48.     100.     100.
               100.     100.     100.     100.       0.       0.           35.
 
  2008          48.     100.      93.     100.     100.     100.
               100.       0.     100.     100.     100.     100.           35.
 
  2009         100.       0.     100.     100.       0.     100.
               100.     100.     100.     100.     100.     100.           35.
 
  2010         100.     100.     100.     100.     100.     100.
               100.     100.     100.     100.     100.     100.           36.
 
  2011         100.     100.     100.     100.     100.     100.
               100.     100.     100.      95.     100.     100.           33.
 
  2012         100.       0.      89.      92.     100.     100.
               100.       0.      74.     100.     100.       0.           29.
 
  2013         100.     100.     100.      19.     100.     100.
               100.     100.     100.     100.     100.     100.           30.
 
  2014           2.     100.     100.     100.     100.     100.
               100.     100.     100.     100.     100.      69.           30.
 
  2015         100.      27.     100.     100.      85.     100.
               100.     100.     100.      85.     100.     100.           26.
 
  2016         100.     100.     100.     100.      80.     100.
               100.     100.     100.     100.     100.     100.           26.
 
        ces_hours 16940            PAGE   6, SERIES ces_hours_log_ad

 D 8  Final unmodified SI ratios
  From  2007.Jan to 2016.Dec
  Observations        120
 -----------------------------------------------------------------------------
               Jan      Feb      Mar      Apr      May      Jun 
               Jul      Aug      Sep      Oct      Nov      Dec         AVGE  
 -----------------------------------------------------------------------------
  2007           0.       0.      -1.       0.      -0.       0.
                 0.       1.      -0.      -1.      -1.       1.            0.
 
  2008           1.      -0.       0.      -0.      -1.       1.
                 0.      -0.      -0.      -0.       1.      -1.           -0.
 
  2009          -0.       1.      -0.      -1.       1.       0.
                 0.       1.       0.      -1.       0.      -0.            0.
 
  2010          -1.       0.      -1.      -0.      -0.       0.
                 0.       1.       1.       0.       0.      -1.           -0.
 
  2011          -0.      -0.      -1.      -1.      -0.       0.
                 1.       1.       1.       1.      -0.      -0.            0.
 
  2012          -1.      -1.      -1.      -0.      -0.       0.
                 1.      -0.       1.      -0.       0.       1.           -0.
 
  2013          -1.      -0.      -1.      -1.      -0.       1.
                 0.       1.       1.      -0.      -0.       0.           -0.
 
  2014          -1.      -0.      -1.      -0.      -0.       1.
                 0.       1.       0.       0.      -0.      -1.           -0.
 
  2015          -0.       0.      -0.      -0.      -0.       1.
                 1.       1.       0.      -0.      -0.      -1.            0.
 
  2016          -1.      -0.      -0.       0.       0.       0.
                 0.       1.       0.      -0.      -1.      -0.            0.
 
  AVGE          -0.      -0.      -0.      -0.      -0.       0.
                 0.       1.       0.      -0.      -0.      -0.

  Table Total-           0.   Mean-         0.   Std. Dev.-         1.
                              Min -        -1.        Max -         1.
        ces_hours 16940            PAGE   7, SERIES ces_hours_log_ad

 D 8.B  Final unmodified SI ratios, with labels for outliers and extreme values
  From  2007.Jan to 2016.Dec
  Observations        120
 ---------------------------------------------------------------------
               Jan       Feb       Mar       Apr       May       Jun  
               Jul       Aug       Sep       Oct       Nov       Dec  
 ---------------------------------------------------------------------
  2007          0.        0.       -1.        0.*      -0.        0.  
                0.        1.       -0.       -1.       -1.*       1.* 
 
  2008          1.*      -0.        0.*      -0.       -1.        1.  
                0.       -0.*      -0.       -0.        1.       -1.  
 
  2009         -0.        1.*      -0.       -1.        1.*       0.  
                0.        1.        0.       -1.        0.       -0.  
 
  2010         -1.        0.       -1.       -0.       -0.        0.  
                0.        1.        1.        0.        0.       -1.  
 
  2011         -0.       -0.       -1.       -1.       -0.        0.  
                1.        1.        1.        1.*      -0.       -0.  
 
  2012         -1.       -1.*      -1.*      -0.*      -0.        0.  
                1.       -0.*       1.*      -0.        0.        1.* 
 
  2013         -1.       -0.       -1.       -1.*      -0.        1.  
                0.        1.        1.       -0.       -0.        0.  
 
  2014         -1.*      -0.       -1.       -0.       -0.        1.  
                0.        1.        0.        0.       -0.       -1.* 
 
  2015         -0.        0.*      -0.       -0.       -0.*       1.  
                1.        1.        0.       -0.*      -0.       -1.  
 
  2016         -1.       -0.       -0.        0.        0.*       0.  
                0.        1.        0.       -0.       -1.       -0.  
 

  Key to symbols:
    *  : extreme value as determined by X-11 extreme value procedure
 
        ces_hours 16940            PAGE   8, SERIES ces_hours_log_ad

 D 9  Final replacement values for SI ratios
  From  2007.Jan to 2016.Dec
  Observations        120
 ---------------------------------------------------------------
               Jan      Feb      Mar      Apr      May      Jun 
               Jul      Aug      Sep      Oct      Nov      Dec 
 ---------------------------------------------------------------
  2007     ******** ******** ********      -0. ******** ********
           ******** ******** ******** ********       0.      -0.
 
  2008           0. ********       0. ******** ******** ********
           ********       1. ******** ******** ******** ********
 
  2009     ********       0. ******** ********      -0. ********
           ******** ******** ******** ******** ******** ********
 
  2010     ******** ******** ******** ******** ******** ********
           ******** ******** ******** ******** ******** ********
 
  2011     ******** ******** ******** ******** ******** ********
           ******** ******** ********       1. ******** ********
 
  2012     ********      -0.      -1.      -0. ******** ********
           ********       1.       1. ******** ********      -0.
 
  2013     ******** ******** ********      -0. ******** ********
           ******** ******** ******** ******** ******** ********
 
  2014          -1. ******** ******** ******** ******** ********
           ******** ******** ******** ******** ********      -1.
 
  2015     ********      -0. ******** ********      -0. ********
           ******** ******** ********      -0. ******** ********
 
  2016     ******** ******** ******** ********       0. ********
           ******** ******** ******** ******** ******** ********
 

 D 9.A  Moving seasonality ratio
 ---------------------------------------------------------------
               Jan      Feb      Mar      Apr      May      Jun 
 ---------------------------------------------------------------
   I          0.286    0.192    0.354    0.399    0.372    0.329
   S          0.080    0.031    0.078    0.051    0.036    0.053
 RATIO        3.567    6.163    4.567    7.802   10.449    6.207



 ---------------------------------------------------------------
               Jul      Aug      Sep      Oct      Nov      Dec 
 ---------------------------------------------------------------
   I          0.296    0.283    0.153    0.431    0.213    0.345
   S          0.039    0.030    0.089    0.088    0.123    0.040
 RATIO        7.606    9.547    1.717    4.914    1.733    8.554



        ces_hours 16940            PAGE   9, SERIES ces_hours_log_ad

 D 10  Final seasonal factors
  From  2007.Jan to 2016.Dec
  Observations        120
  Seasonal filter    3 x 5 moving average
 -----------------------------------------------------------------------------
               Jan      Feb      Mar      Apr      May      Jun 
               Jul      Aug      Sep      Oct      Nov      Dec         AVGE  
 -----------------------------------------------------------------------------
  2007          -0.      -0.      -0.      -0.      -0.       0.
                 0.       1.       0.      -0.       0.      -0.            0.
 
  2008          -0.      -0.      -0.      -0.      -0.       0.
                 0.       1.       0.      -0.       0.      -0.            0.
 
  2009          -0.      -0.      -0.      -0.      -0.       0.
                 0.       1.       0.      -0.       0.      -0.            0.
 
  2010          -0.      -0.      -0.      -0.      -0.       0.
                 0.       1.       0.      -0.       0.      -0.            0.
 
  2011          -0.      -0.      -1.      -0.      -0.       0.
                 0.       1.       1.       0.       0.      -0.            0.
 
  2012          -1.      -0.      -1.      -0.      -0.       1.
                 0.       1.       1.       0.      -0.      -0.           -0.
 
  2013          -1.      -0.      -1.      -0.      -0.       1.
                 0.       1.       1.       0.      -0.      -0.           -0.
 
  2014          -1.      -0.      -1.      -0.      -0.       1.
                 0.       1.       0.      -0.      -0.      -0.           -0.
 
  2015          -1.      -0.      -0.      -0.      -0.       1.
                 0.       1.       0.      -0.      -0.      -0.           -0.
 
  2016          -1.      -0.      -0.       0.       0.       1.
                 0.       1.       0.      -0.      -1.      -0.           -0.
 
  AVGE          -0.      -0.      -0.      -0.      -0.       0.
                 0.       1.       0.      -0.      -0.      -0.

  Table Total-          -0.   Mean-        -0.   Std. Dev.-         0.
                              Min -        -1.        Max -         1.

 D 10.A  Final seasonal component forecasts
  From  2017.Jan to 2017.Dec
  Observations         12
 -----------------------------------------------------------------------------
               Jan      Feb      Mar      Apr      May      Jun 
               Jul      Aug      Sep      Oct      Nov      Dec         AVGE  
 -----------------------------------------------------------------------------
  2017          -1.      -0.      -0.       0.       0.       1.
                 0.       1.       0.      -0.      -1.      -0.           -0.
 
        ces_hours 16940            PAGE  10, SERIES ces_hours_log_ad

 D 11  Final seasonally adjusted data
  From  2007.Jan to 2016.Dec
  Observations        120
 -----------------------------------------------------------------------------
               Jan      Feb      Mar      Apr      May      Jun 
               Jul      Aug      Sep      Oct      Nov      Dec        TOTAL  
 -----------------------------------------------------------------------------
  2007          33.      33.      33.      34.      34.      34.
                34.      34.      33.      33.      33.      36.          406.
 
  2008          35.      34.      35.      35.      34.      35.
                35.      34.      35.      36.      36.      35.          420.
 
  2009          35.      36.      36.      35.      36.      35.
                35.      35.      35.      35.      35.      35.          424.
 
  2010          35.      36.      35.      36.      36.      36.
                35.      36.      36.      36.      35.      35.          425.
 
  2011          35.      35.      35.      34.      35.      34.
                35.      34.      34.      35.      34.      34.          414.
 
  2012          34.      33.      34.      35.      34.      34.
                35.      34.      35.      34.      35.      35.          412.
 
  2013          34.      34.      33.      33.      34.      34.
                34.      34.      34.      34.      34.      35.          406.
 
  2014          33.      34.      34.      34.      33.      33.
                33.      33.      33.      34.      34.      33.          402.
 
  2015          34.      35.      34.      34.      33.      34.
                34.      34.      33.      33.      33.      32.          402.
 
  2016          33.      33.      33.      33.      33.      33.
                33.      33.      33.      33.      33.      34.          395.
 
  AVGE          34.      34.      34.      34.      34.      34.
                34.      34.      34.      34.      34.      34.

  Table Total-        4107.   Mean-        34.   Std. Dev.-         1.
                              Min -        32.        Max -        36.
        ces_hours 16940            PAGE  11, SERIES ces_hours_log_ad

 D 12  Final trend cycle
  From  2007.Jan to 2016.Dec
  Observations        120
  Trend filter    13-term Henderson moving average
  I/C ratio        3.13
 -----------------------------------------------------------------------------
               Jan      Feb      Mar      Apr      May      Jun 
               Jul      Aug      Sep      Oct      Nov      Dec        TOTAL  
 -----------------------------------------------------------------------------
  2007          33.      33.      34.      34.      34.      34.
                34.      34.      34.      34.      34.      34.          406.
 
  2008          34.      35.      35.      35.      35.      35.
                35.      35.      35.      35.      35.      35.          420.
 
  2009          35.      35.      35.      35.      35.      35.
                35.      35.      35.      35.      35.      35.          422.
 
  2010          35.      35.      36.      36.      36.      36.
                36.      36.      35.      35.      35.      35.          425.
 
  2011          35.      35.      35.      35.      34.      34.
                34.      34.      34.      34.      34.      34.          414.
 
  2012          34.      34.      34.      34.      34.      34.
                35.      35.      35.      34.      34.      34.          412.
 
  2013          34.      34.      34.      34.      34.      34.
                34.      34.      34.      34.      34.      34.          407.
 
  2014          34.      34.      34.      34.      33.      33.
                33.      33.      33.      34.      34.      34.          404.
 
  2015          34.      34.      34.      34.      34.      34.
                34.      33.      33.      33.      33.      33.          402.
 
  2016          33.      33.      33.      33.      33.      33.
                33.      33.      33.      33.      33.      33.          395.
 
  AVGE          34.      34.      34.      34.      34.      34.
                34.      34.      34.      34.      34.      34.

  Table Total-        4106.   Mean-        34.   Std. Dev.-         1.
                              Min -        33.        Max -        36.
        ces_hours 16940            PAGE  12, SERIES ces_hours_log_ad

 D 13  Final irregular component
  From  2007.Jan to 2016.Dec
  Observations        120
 -----------------------------------------------------------------------------
               Jan      Feb      Mar      Apr      May      Jun 
               Jul      Aug      Sep      Oct      Nov      Dec         S.D.  
 -----------------------------------------------------------------------------
  2007           0.      -0.      -0.       1.       0.       0.
                 0.      -0.      -0.      -0.      -1.       2.            1.
 
  2008           1.      -0.       0.      -0.      -0.       0.
                -0.      -1.      -0.       0.       0.      -0.            0.
 
  2009          -0.       1.       0.      -0.       1.      -0.
                 0.       0.       0.      -0.       0.       0.            0.
 
  2010          -0.       0.      -0.       0.      -0.       0.
                -0.       0.       0.       0.      -0.      -0.            0.
 
  2011           0.      -0.       0.      -0.       0.      -0.
                 0.      -0.      -0.       0.      -0.       0.            0.
 
  2012          -0.      -1.      -0.       0.       0.      -0.
                 0.      -1.       0.      -0.       0.       1.            1.
 
  2013          -0.      -0.      -0.      -1.      -0.       0.
                -0.       0.       0.      -0.      -0.       0.            0.
 
  2014          -1.       0.      -0.       0.      -0.       0.
                -0.      -0.      -0.       0.      -0.      -0.            0.
 
  2015           0.       1.       0.      -0.      -0.       0.
                 0.       0.      -0.      -0.       0.      -0.            0.
 
  2016          -0.      -0.       0.       0.       0.      -0.
                -0.      -0.      -0.       0.      -0.       0.            0.
 
  S.D.           0.       0.       0.       0.       0.       0.
                 0.       0.       0.       0.       0.       1.

  Table Total-           1.   Mean-         0.   Std. Dev.-         0.
                              Min -        -1.        Max -         2.
        ces_hours 16940            PAGE  13, SERIES ces_hours_log_ad

 D 16  Combined adjustment factors
  From  2007.Jan to 2016.Dec
  Observations        120
 -----------------------------------------------------------------------------
               Jan      Feb      Mar      Apr      May      Jun 
               Jul      Aug      Sep      Oct      Nov      Dec         AVGE  
 -----------------------------------------------------------------------------
  2007          -0.      -0.      -0.      -0.      -0.       0.
                 0.       1.       0.      -0.       0.      -0.            0.
 
  2008          -0.      -0.      -0.      -0.      -0.       0.
                 0.       1.       0.      -0.       0.      -0.            0.
 
  2009          -0.      -0.      -0.      -0.      -0.       0.
                 0.       1.       0.      -0.       0.      -0.            0.
 
  2010          -0.      -0.      -0.      -0.      -0.       0.
                 0.       1.       0.      -0.       0.      -0.            0.
 
  2011          -0.      -0.      -1.      -0.      -0.       0.
                 0.       1.       1.       0.       0.      -0.            0.
 
  2012          -1.      -0.      -1.      -0.      -0.       1.
                 0.       1.       1.       0.      -0.      -0.           -0.
 
  2013          -1.      -0.      -1.      -0.      -0.       1.
                 0.       1.       1.       0.      -0.      -0.           -0.
 
  2014          -1.      -0.      -1.      -0.      -0.       1.
                 0.       1.       0.      -0.      -0.      -0.           -0.
 
  2015          -1.      -0.      -0.      -0.      -0.       1.
                 0.       1.       0.      -0.      -0.      -0.           -0.
 
  2016          -1.      -0.      -0.       0.       0.       1.
                 0.       1.       0.      -0.      -1.      -0.           -0.
 
  AVGE          -0.      -0.      -0.      -0.      -0.       0.
                 0.       1.       0.      -0.      -0.      -0.

  Table Total-          -0.   Mean-        -0.   Std. Dev.-         0.
                              Min -        -1.        Max -         1.

 D 16.A  Combined adjustment component forecasts
  From  2017.Jan to 2017.Dec
  Observations         12
 -----------------------------------------------------------------------------
               Jan      Feb      Mar      Apr      May      Jun 
               Jul      Aug      Sep      Oct      Nov      Dec         AVGE  
 -----------------------------------------------------------------------------
  2017          -1.      -0.      -0.       0.       0.       1.
                 0.       1.       0.      -0.      -1.      -0.           -0.
 
        ces_hours 16940            PAGE  14, SERIES ces_hours_log_ad

 E 4  Differences of annual totals
  From          2007 to 2016
  Observations         10
 -----------------------------------
  Year       Unmodified     Modified
                  (D11)         (E2)
 -----------------------------------
  2007               0.           0.
 
  2008               0.           0.
 
  2009               0.           0.
 
  2010               0.           0.
 
  2011               0.           0.
 
  2012              -0.          -0.
 
  2013              -0.          -0.
 
  2014              -0.          -0.
 
  2015              -0.          -0.
 
  2016              -0.          -0.
 
        ces_hours 16940            PAGE  15, SERIES ces_hours_log_ad

 E 5  Month-to-month differences in the original series
  From  2007.Feb to 2016.Dec
  Observations        119
 -----------------------------------------------------------------------------
               Jan      Feb      Mar      Apr      May      Jun 
               Jul      Aug      Sep      Oct      Nov      Dec         AVGE  
 -----------------------------------------------------------------------------
  2007                    0.      -0.       1.      -0.       1.
                 0.      -0.      -1.      -1.       0.       3.            0.
 
  2008          -0.      -1.       1.      -1.      -0.       2.
                -0.      -0.       0.       0.       1.      -1.           -0.
 
  2009           0.       1.      -1.      -1.       1.      -1.
                 0.       1.      -1.      -1.       1.      -1.           -0.
 
  2010          -0.       1.      -0.       0.      -0.       1.
                -0.       1.      -1.      -0.      -0.      -1.           -0.
 
  2011           1.      -0.      -0.      -0.       1.       0.
                 0.       0.       0.      -0.      -1.      -0.           -0.
 
  2012          -0.      -0.      -0.       1.      -0.       1.
                 0.      -1.       1.      -1.       0.       0.            0.
 
  2013          -2.       0.      -1.      -0.       1.       2.
                -1.       1.      -0.      -1.      -0.       0.           -0.
 
  2014          -1.       1.      -1.       0.      -0.       1.
                -0.       0.      -0.       0.      -0.      -0.           -0.
 
  2015           0.       1.      -0.      -0.      -0.       1.
                -0.       0.      -1.      -1.      -0.      -0.           -0.
 
  2016           0.       0.       0.       0.       0.       0.
                -0.       0.      -0.       0.      -1.       1.            0.
 
  AVGE          -0.       0.      -0.       0.       0.       1.
                -0.       0.      -0.      -0.      -0.       0.

  Table Total-          -0.   Mean-        -0.   Std. Dev.-         1.
                              Min -        -2.        Max -         2.
        ces_hours 16940            PAGE  16, SERIES ces_hours_log_ad

 E 6  Month-to-month differences in seasonally adjusted series (D11)
  From  2007.Feb to 2016.Dec
  Observations        119
 -----------------------------------------------------------------------------
               Jan      Feb      Mar      Apr      May      Jun 
               Jul      Aug      Sep      Oct      Nov      Dec         AVGE  
 -----------------------------------------------------------------------------
  2007                    0.      -0.       1.      -0.      -0.
                 0.      -1.      -0.      -0.      -1.       3.            0.
 
  2008          -1.      -1.       1.      -1.      -0.       1.
                -0.      -1.       1.       0.       0.      -0.           -0.
 
  2009          -0.       1.      -1.      -1.       1.      -1.
                 0.       0.      -0.      -0.       1.       0.           -0.
 
  2010          -0.       1.      -0.       0.      -0.       0.
                -0.       0.      -0.       0.      -1.      -0.           -0.
 
  2011           1.      -0.      -0.      -0.       0.      -0.
                 0.      -0.       0.       0.      -1.       0.           -0.
 
  2012          -0.      -1.       0.       1.      -0.      -0.
                 0.      -1.       1.      -1.       0.       1.            0.
 
  2013          -1.      -0.      -0.      -1.       1.       1.
                -1.       1.      -0.      -0.       0.       0.           -0.
 
  2014          -1.       1.      -0.       0.      -0.      -0.
                -0.      -0.       0.       0.      -0.      -0.           -0.
 
  2015           1.       1.      -0.      -0.      -0.       1.
                -0.      -0.      -1.      -1.       0.      -0.           -0.
 
  2016           0.      -0.       0.       0.       0.      -1.
                 0.      -0.       0.       0.      -0.       1.            0.
 
  AVGE          -0.       0.      -0.       0.       0.      -0.
                -0.      -0.       0.      -0.      -0.       0.

  Table Total-           0.   Mean-         0.   Std. Dev.-         1.
                              Min -        -1.        Max -         3.
        ces_hours 16940            PAGE  17, SERIES ces_hours_log_ad

 E 7  Month-to-month differences in final trend cycle (D12)
  From  2007.Feb to 2016.Dec
  Observations        119
 -----------------------------------------------------------------------------
               Jan      Feb      Mar      Apr      May      Jun 
               Jul      Aug      Sep      Oct      Nov      Dec         AVGE  
 -----------------------------------------------------------------------------
  2007                    0.       0.       0.       0.       0.
                -0.      -0.      -0.       0.       0.       0.            0.
 
  2008           0.       0.       0.       0.       0.       0.
                 0.       0.       0.       0.       0.       0.            0.
 
  2009          -0.      -0.      -0.      -0.      -0.      -0.
                -0.      -0.      -0.       0.       0.       0.           -0.
 
  2010           0.       0.       0.       0.       0.       0.
                -0.      -0.      -0.      -0.      -0.      -0.           -0.
 
  2011          -0.      -0.      -0.      -0.      -0.      -0.
                -0.       0.       0.      -0.      -0.      -0.           -0.
 
  2012          -0.      -0.       0.       0.       0.       0.
                 0.       0.      -0.      -0.      -0.      -0.           -0.
 
  2013          -0.      -0.      -0.      -0.       0.       0.
                 0.       0.       0.       0.       0.      -0.            0.
 
  2014          -0.      -0.      -0.      -0.      -0.      -0.
                -0.       0.       0.       0.       0.       0.           -0.
 
  2015           0.       0.       0.      -0.      -0.      -0.
                -0.      -0.      -0.      -0.      -0.      -0.           -0.
 
  2016           0.       0.       0.       0.       0.      -0.
                -0.      -0.       0.       0.       0.       0.            0.
 
  AVGE           0.       0.       0.       0.       0.      -0.
                -0.      -0.      -0.      -0.       0.       0.

  Table Total-           0.   Mean-         0.   Std. Dev.-         0.
                              Min -        -0.        Max -         0.
        ces_hours 16940            PAGE  18, SERIES ces_hours_log_ad

 E 8  Month-to-month differences in original series adjusted for calendar factors (A18)
  From  2007.Feb to 2016.Dec
  Observations        119
 -----------------------------------------------------------------------------
               Jan      Feb      Mar      Apr      May      Jun 
               Jul      Aug      Sep      Oct      Nov      Dec         AVGE  
 -----------------------------------------------------------------------------
  2007                    0.      -0.       1.      -0.       1.
                 0.      -0.      -1.      -1.       0.       3.            0.
 
  2008          -1.      -1.       1.      -1.      -0.       1.
                -0.      -0.       0.       0.       1.      -1.           -0.
 
  2009           0.       1.      -1.      -1.       1.      -1.
                 0.       1.      -1.      -1.       1.      -1.           -0.
 
  2010          -0.       1.      -1.       0.      -0.       1.
                -0.       1.      -1.      -0.      -0.      -1.           -0.
 
  2011           1.      -0.      -1.      -0.       1.       0.
                 0.       0.       0.      -0.      -1.      -0.           -0.
 
  2012          -0.      -0.      -0.       1.      -0.       1.
                 0.      -1.       1.      -1.       0.       0.            0.
 
  2013          -2.       0.      -1.      -0.       1.       2.
                -1.       1.      -0.      -1.      -0.       0.           -0.
 
  2014          -1.       1.      -1.       0.      -0.       1.
                -0.       0.      -0.       0.      -0.      -0.           -0.
 
  2015           0.       1.      -0.      -0.      -0.       1.
                -0.       0.      -1.      -1.      -0.      -0.           -0.
 
  2016           0.       0.       0.       0.       0.       0.
                -0.       0.      -0.       0.      -1.       1.            0.
 
  AVGE          -0.       0.      -0.       0.       0.       1.
                -0.       0.      -0.      -0.      -0.       0.

  Table Total-          -0.   Mean-        -0.   Std. Dev.-         1.
                              Min -        -2.        Max -         2.
        ces_hours 16940            PAGE  19, SERIES ces_hours_log_ad

 E 18  Final adjustment ratios
  From  2007.Jan to 2016.Dec
  Observations        120
 -----------------------------------------------------------------------------
               Jan      Feb      Mar      Apr      May      Jun 
               Jul      Aug      Sep      Oct      Nov      Dec         AVGE  
 -----------------------------------------------------------------------------
  2007       99.962   99.913   99.449   98.961   98.909  100.939
            100.759  102.187  100.336   98.724  101.392   98.718       100.021
 
  2008       99.885   99.916   99.357   98.909   98.947  100.904
            100.765  102.171  100.504   99.096  101.129   98.713       100.025
 
  2009       99.664   99.883   99.131   98.876   99.009  100.901
            100.790  102.148  100.899   99.511  100.959   98.748       100.043
 
  2010       99.308   99.780   98.727   98.833   99.090  100.939
            100.865  102.166  101.337   99.855  100.655   98.920       100.040
 
  2011       98.856   99.674   98.236   98.876   99.110  101.200
            100.905  102.313  101.754  100.166  100.277   98.979       100.029
 
  2012       98.498   99.556   97.899   98.986   99.195  101.541
            101.006  102.345  101.812  100.213   99.812   99.062        99.994
 
  2013       98.274   99.457   97.939   99.243   99.272  101.836
            101.106  102.218  101.649  100.124   99.387   98.994        99.958
 
  2014       98.217   99.383   98.373   99.514   99.499  102.050
            101.158  102.197  101.313   99.892   98.989   98.917        99.958
 
  2015       98.255   99.381   98.867   99.864   99.804  102.002
            101.127  101.999  100.907   99.775   98.639   98.722        99.945
 
  2016       98.334   99.348   99.300  100.049  100.067  102.010
            101.202  101.898  100.586   99.732   98.458   98.662        99.971
 
  AVGE       98.925   99.629   98.728   99.211   99.290  101.432
            100.968  102.164  101.110   99.709   99.970   98.844

  Table Total-       12000.   Mean-       100.   Std. Dev.-         1.
                              Min -        98.        Max -       102.

 E 18.A  Final adjustment ratio forecasts
  From  2017.Jan to 2017.Dec
  Observations         12
 -----------------------------------------------------------------------------
               Jan      Feb      Mar      Apr      May      Jun 
               Jul      Aug      Sep      Oct      Nov      Dec         AVGE  
 -----------------------------------------------------------------------------
  2017       98.486   99.395   99.552  100.192  100.203  101.889
            101.261  101.791  100.422   99.685   98.472   98.651       100.000
 

  QS statistic for seasonality:
  Original Series                                     1.90  (P-Value =     0.3862)
  Original Series (EV adj)                            1.90  (P-Value =     0.3862)
  Residuals                                           3.82  (P-Value =     0.1480)
  Seasonally Adjusted Series                          0.00  (P-Value =     1.0000)
  Seasonally Adjusted Series (EV adj)                 0.00  (P-Value =     1.0000)
  Irregular Series                                    0.00  (P-Value =     1.0000)
  Irregular Series (EV adj)                           0.00  (P-Value =     1.0000)

  QS statistic for seasonality (starting 2009.Jan):
  Original Series                                     8.69  (P-Value =     0.0130)
  Original Series (EV adj)                            8.69  (P-Value =     0.0130)
  Residuals                                           6.37  (P-Value =     0.0413)
  Seasonally Adjusted Series                          0.00  (P-Value =     1.0000)
  Seasonally Adjusted Series (EV adj)                 0.00  (P-Value =     1.0000)
  Irregular Series                                    0.00  (P-Value =     1.0000)
  Irregular Series (EV adj)                           0.00  (P-Value =     1.0000)
        ces_hours 16940            PAGE  20, SERIES ces_hours_log_ad


  Visually significant residual trading day peaks have been
  found in the spectral plots of the following series starting in 2009.Jan:

          differenced seasonally adjusted series (Table E2) (1 Trading Day peak(s))

          Modified irregular component (Table E3) (1 Seasonal and 
        ces_hours 16940            PAGE  21, SERIES ces_hours_log_ad
 G 0  10*LOG(SPECTRUM) of the differenced Original Series
      (Table A1 or B1).  Spectrum estimated from 2009.Jan to 2016.Dec.
 ++++++++++I+++++++++++++++++++++++++++++++++++++++++++++++++++++++++++++I
       4.21I                                                            SI      4.21
           I                                                            SI
           I                                                            SI
           I                                          T                 SI
       2.01I                                          T                 SI      2.01
           I          S                               T*                SI
           I          S                             S*T*               *SI
           I          S                            *S*T*          *    *SI
      -0.19I          S                            *S*T*         **    *SI     -0.19
           I          S                            *S*T*         **    *SI
           I          S                            *S*T*      S  **    *SI
           I          S                            *S*T*      S* **    *SI
      -2.39I          S                           **S*T*      S*T**    *SI     -2.39
           I          S*                          **S*T**     S*T**    *SI
           I          S*                          **S*T**    *S*T**   **SI
           I          S*                          **S*T**    *S*T**   **SI
      -4.59I          S*                          **S*T**    *S*T***  **SI     -4.59
           I         *S*       *               * ***S*T***   *S*T***  **SI
           I        **S*       *S     *        *****S*T***   *S*T***  **SI
           I        **S*       *S    **       ******S*T**** **S*T*** ***SI
      -6.79I        **S*       *S    **       ******S*T*******S*T*******SI     -6.79
           I        **S*      **S    **       ******S*T*******S*T*******SI
           I       ***S*    ****S*  ****     *******S*T*******S*T*******SI
           I       ***S*    ****S*  ****    ********S*T*******S*T*******SI
      -8.99I       ***S*   *****S*******   *********S*T*******S*T*******SI     -8.99
           I       ***S**  *****S******** S*********S*T*******S*T*******SI
           I       ***S**  *****S*********S*********S*T*******S*T*******SI
           I       ***S**  *****S*********S*********S*T*******S*T*******SI
     -11.19I      ****S** ******S*********S*********S*T*******S*T*******SI    -11.19
           I      ****S*********S*********S*********S*T*******S*T*******SI
           I      ****S*********S*********S*********S*T*******S*T*******SI
           I     *****S*********S*********S*********S*T*******S*T*******SI
     -13.39I     *****S*********S*********S*********S*T*******S*T*******SI    -13.39
           I     *****S*********S*********S*********S*T*******S*T*******SI
           I    ******S*********S*********S*********S*T*******S*T*******SI
           I    ******S*********S*********S*********S*T*******S*T*******SI
     -15.59I    ******S*********S*********S*********S*T*******S*T*******SI    -15.59
           I    ******S*********S*********S*********S*T*******S*T*******SI
           I    ******S*********S*********S*********S*T*******S*T*******SI
           I    ******S*********S*********S*********S*T*******S*T*******SI
     -17.79I   *******S*********S*********S*********S*T*******S*T*******SI    -17.79
           I   *******S*********S*********S*********S*T*******S*T*******SI
           I   *******S*********S*********S*********S*T*******S*T*******SI
           I   *******S*********S*********S*********S*T*******S*T*******SI
     -19.99I   *******S*********S*********S*********S*T*******S*T*******SI    -19.99
           I   *******S*********S*********S*********S*T*******S*T*******SI
           I   *******S*********S*********S*********S*T*******S*T*******SI
           I  ********S*********S*********S*********S*T*******S*T*******SI
     -22.20I  ********S*********S*********S*********S*T*******S*T*******SI    -22.20
           I  ********S*********S*********S*********S*T*******S*T*******SI
           I  ********S*********S*********S*********S*T*******S*T*******SI
           I *********S*********S*********S*********S*T*******S*T*******SI
     -24.40I**********S*********S*********S*********S*T*******S*T*******SI    -24.40
 ++++++++++I+++++++++++++++++++++++++++++++++++++++++++++++++++++++++++++I
            S=SEASONAL FREQUENCIES, T=TRADING DAY FREQUENCIES
        ces_hours 16940            PAGE  22, SERIES ces_hours_log_ad
 G 1  10*LOG(SPECTRUM) of the differenced seasonally adjusted 
      data (Table E2).  Spectrum estimated from 2009.Jan to 2016.Dec.
 ++++++++++I+++++++++++++++++++++++++++++++++++++++++++++++++++++++++++++I
       3.60I                                                      *      I      3.60
           I                                                      *      I
           I                                                      *      I
           I                                                      *      I
       1.60I                                                      *      I      1.60
           I                                                      *      I
           I                                                      *      I
           I                                                      *      I
      -0.41I                                                      *      I     -0.41
           I                                                      *      I
           I                                     *    T           *      I
           I                                     *    T           **     I
      -2.41I                                     *    T           **     I     -2.41
           I                                     *    T           **     I
           I                                     *    T           **     I
           I                                     *    T           **     I
      -4.41I                                     *    T           **     I     -4.41
           I                                     *    T           **     I
           I                         *           *    T*         ***     I
           I                         *           *    T*         *****   I
      -6.41I                         *           *    T* *       *****   I     -6.41
           I                        ** *         *    T* *       ******  I
           I                        ****     *   *    T* *      T******  I
           I       *                ****     *  ***   T***      T******  I
      -8.42I       *                *****    *  ***   T***      T******  I     -8.42
           I       **               *****    *  ***  *T***      T******  I
           I      ***               *****   **  ***  *T***     *T******  I
           I      ****              *****   *** ***  *T***     *T******* I
     -10.42I      ****              *****   *** ***  *T****    *T******* I    -10.42
           I     *****              *****   *******  *T****    *T******* I
           I     *****    **        ******  *******  *T****    *T*******SI
           I     *****S   **        ******  ********S*T****   S*T*******SI
     -12.42I    ******S   **        ****** *********S*T****   S*T*******SI    -12.42
           I    ******S   *** *    *******S*********S*T****   S*T*******SI
           I    ******S   *****    *******S*********S*T****   S*T*******SI
           I    ******S* ******    *******S*********S*T****   S*T*******SI
     -14.43I    ******S* *******   *******S*********S*T*****  S*T*******SI    -14.43
           I    ******S*********   *******S*********S*T***** *S*T*******SI
           I   *******S*********   *******S*********S*T***** *S*T*******SI
           I   *******S*********  ********S*********S*T*******S*T*******SI
     -16.43I   *******S*********S ********S*********S*T*******S*T*******SI    -16.43
           I   *******S*********S ********S*********S*T*******S*T*******SI
           I   *******S*********S*********S*********S*T*******S*T*******SI
           I   *******S*********S*********S*********S*T*******S*T*******SI
     -18.43I   *******S*********S*********S*********S*T*******S*T*******SI    -18.43
           I   *******S*********S*********S*********S*T*******S*T*******SI
           I  ********S*********S*********S*********S*T*******S*T*******SI
           I  ********S*********S*********S*********S*T*******S*T*******SI
     -20.43I  ********S*********S*********S*********S*T*******S*T*******SI    -20.43
           I  ********S*********S*********S*********S*T*******S*T*******SI
           I  ********S*********S*********S*********S*T*******S*T*******SI
           I *********S*********S*********S*********S*T*******S*T*******SI
     -22.44I**********S*********S*********S*********S*T*******S*T*******SI    -22.44
 ++++++++++I+++++++++++++++++++++++++++++++++++++++++++++++++++++++++++++I
            S=SEASONAL FREQUENCIES, T=TRADING DAY FREQUENCIES
        ces_hours 16940            PAGE  23, SERIES ces_hours_log_ad
 G 2  10*LOG(SPECTRUM) of the Modified Irregular (Table E3).  
      Spectrum estimated from 2009.Jan to 2016.Dec.
 ++++++++++I+++++++++++++++++++++++++++++++++++++++++++++++++++++++++++++I
      -2.20I                                                      *      I     -2.20
           I                                                      *      I
           I                                                      *      I
           I                                                      *      I
      -3.96I                                                      *      I     -3.96
           I                                                      *      I
           I                                                      *      I
           I                                                      *      I
      -5.73I                                                      *      I     -5.73
           I                                     *    T           *      I
           I                                     *    T           *      I
           I                         *           *    T           *      I
      -7.49I                        **           *    T           *      I     -7.49
           I                        **           *    T           **     I
           I                        **           *    T           **     I
           I                        ** *         *    T           **     I
      -9.25I                        ****         *    T           **     I     -9.25
           I                        ****         *    T           **     I
           I                        ****         *    T*          **     I
           I                        *****        *    T*          **     I
     -11.01I                        *****    *   *    T*          **     I    -11.01
           I                        *****    *   *    T*         ***     I
           I                        *****    *   *    T* *       *****   I
           I                        *****    *   **   T* *       *****   I
     -12.77I                        *****   **  ***   T* *       *****   I    -12.77
           I                        *****   **  ***   T***       ******  I
           I               *       ******   *** ***   T***      T******  I
           I           *   **      *******  *** ***  *T***      T******  I
     -14.53I           *   **      *******  *** ***  *T***      T******  I    -14.53
           I           *   ** *    *******  *******  *T***     *T******  I
           I           *   ****    ******* ********  *T****    *T******  I
           I   *      S*  ******   *******S********  *T****    *T******* I
     -16.29I   *      S** ******   *******S********  *T****    *T******* I    -16.29
           I   *      S** ******   *******S*********S*T****    *T******* I
           I   *      S*********  ********S*********S*T****    *T*******SI
           I   *      S*********S ********S*********S*T****   S*T*******SI
     -18.05I   *     *S*********S ********S*********S*T****   S*T*******SI    -18.05
           I   *     *S*********S*********S*********S*T****   S*T*******SI
           I  **     *S*********S*********S*********S*T****   S*T*******SI
           I  **    **S*********S*********S*********S*T*****  S*T*******SI
     -19.81I  **    **S*********S*********S*********S*T***** *S*T*******SI    -19.81
           I  **    **S*********S*********S*********S*T***** *S*T*******SI
           I  **   ***S*********S*********S*********S*T*******S*T*******SI
           I  ***  ***S*********S*********S*********S*T*******S*T*******SI
     -21.57I  ***  ***S*********S*********S*********S*T*******S*T*******SI    -21.57
           I  ***  ***S*********S*********S*********S*T*******S*T*******SI
           I  *** ****S*********S*********S*********S*T*******S*T*******SI
           I  ********S*********S*********S*********S*T*******S*T*******SI
     -23.33I  ********S*********S*********S*********S*T*******S*T*******SI    -23.33
           I *********S*********S*********S*********S*T*******S*T*******SI
           I *********S*********S*********S*********S*T*******S*T*******SI
           I *********S*********S*********S*********S*T*******S*T*******SI
     -25.10I**********S*********S*********S*********S*T*******S*T*******SI    -25.10
 ++++++++++I+++++++++++++++++++++++++++++++++++++++++++++++++++++++++++++I
            S=SEASONAL FREQUENCIES, T=TRADING DAY FREQUENCIES
        ces_hours 16940            PAGE  24, SERIES ces_hours_log_ad

  Peak probabilities for Tukey spectrum estimator
  Spectrum estimated from 2009.Jan to 2016.Dec.

                                          S1       S2       S3       S4       S5       S6       TD
                                        ------   ------   ------   ------   ------   ------   ------
  Model Residuals                        0.682    0.659    0.305    0.317    0.672    0.364    0.870  
  Original Series (Table A1 or B1)       0.984*   0.548    0.371    0.869    0.710    0.930*   0.881  
  Seasonally adjusted series (E2)        0.336    0.118    0.005    0.126    0.388    0.296    0.964* 
  Modified Irregular (E3)                0.823    0.153    0.003    0.135    0.463    0.303    0.972* 
  ----------
     ** - Peak Probability > 0.99,
      * - 0.90 < Peak Probability < 0.99


