  Reading input spec file from D:\Programming\Dynamic Paper-dlrhcs_replication\outputs\empirical\unemployment\raw_sa_pilot\x13_work\ces_hours_log_additive_19430_200701_201612.spc

1

               U. S. Department of Commerce, U. S. Census Bureau

              X-13ARIMA-SEATS monthly seasonal adjustment Method,
                          Release Version 1.1 Build 62


           This software application provides an enhanced version of
             Statistics Canada's X-11-ARIMA extension (Dagum, 1980)
                 of the X-11 variant of the Census Method II of
                      Shiskin, Young and Musgrave (1967).

            It also provides an ARIMA model-based method following
       Hillmer and Tiao (1982) and Burman (1980) that is very similar
       to the update of the method of SEATS (Gomez and Maravall, 1996)
                produced at the Bank of Spain by G. Caporello and
               A. Maravall for TSW (Caporello and Maravall, 2004).
          The present application includes additional enhancements.

         X-13ARIMA-SEATS includes an automatic ARIMA model selection procedure
          based largely on the procedure of Gomez and Maravall (1998)
            as implemented in TRAMO (1996) and subsequent revisions.

              Primary Programmers: Brian Monsell, Mark Otto and,
                 for the ARIMA model-based signal extraction,
                      Gianluca Caporello and Victor Gomez


     Series Title- ces_hours 19430
     Series Name- ces_hours_log_ad
     Jul 29, 2026  08.39.59 

        -Period covered-  1st month,2007 to 12th month,2016
        -Type of run - additive seasonal adjustment

        -Sigma limits for graduating extreme values are  1.5 and  2.5 .
        -3x3 moving average used in section 1 of each iteration, 
         3x5 moving average in section 2 of iterations B and C,
         moving average for final seasonal factors chosen by Global MSR.
        -Holiday adjustment factors applied directly to the final seasonally adjusted series
        -Spectral plots generated for selected series
        -Spectral plots generated for series starting in 2009.Jan

 FILE SAVE REQUESTS (* indicates file exists and will be overwritten)
  D:\Programming\Dynamic Paper-dlrhcs_replication\outputs\empirical\unemployment\raw_sa_pilot\x13_work\ces_hours_log_additive_19430_200701_201612.d10  final seasonal factors
  D:\Programming\Dynamic Paper-dlrhcs_replication\outputs\empirical\unemployment\raw_sa_pilot\x13_work\ces_hours_log_additive_19430_200701_201612.d11  final seasonally adjusted data
  D:\Programming\Dynamic Paper-dlrhcs_replication\outputs\empirical\unemployment\raw_sa_pilot\x13_work\ces_hours_log_additive_19430_200701_201612.out  program output file
  D:\Programming\Dynamic Paper-dlrhcs_replication\outputs\empirical\unemployment\raw_sa_pilot\x13_work\ces_hours_log_additive_19430_200701_201612.err  program error file
        ces_hours 19430            PAGE   1, SERIES ces_hours_log_ad

     Contents of spc file D:\Programming\Dynamic Paper-dlrhcs_replication\outputs\empirical\unemployment\raw_sa_pilot\x13_work\ces_hours_log_additive_19430_200701_201612.spc

 Line #
 ------
      1: series {
      2:   title = "ces_hours 19430"
      3:   start = 2007.1
      4:   period = 12
      5:   data = (
      6: 34.3
      7: 33.3
      8: 34.7
      9: 35.2
     10: 34.9
     11: 35.3
     12: 35.1
     13: 36.4
     14: 35.9
     15: 35.1
     16: 35.5
     17: 35.9
     18: 35.3
     19: 35.1
     20: 35.2
     21: 35.3
     22: 35.3
     23: 35.5
     24: 35
     25: 35.9
     26: 35.1
     27: 35.4
     28: 35.5
     29: 35.3
     30: 34.5
     31: 34.9
     32: 34.8
     33: 34.3
     34: 34.7
     35: 34.3
     36: 34.4
     37: 34.8
     38: 34.6
     39: 34.5
     40: 34.7
     41: 34.6
     42: 34.5
     43: 34.1
     44: 34.6
     45: 34.8
     46: 34.8
     47: 35.2
     48: 34.7
     49: 35.2
     50: 34.8
     51: 35.1
     52: 35.2
     53: 34.8
     54: 34.5
     55: 34.9
     56: 34.5
     57: 34.7
     58: 33.8
     59: 33.9
     60: 34.1
     61: 33.7
     62: 33.4
     63: 33.5
     64: 33.3
     65: 33.5
     66: 33.1
     67: 33.3
     68: 33.3
     69: 34
     70: 33.7
     71: 33.8
     72: 33.7
     73: 33.6
     74: 34
     75: 33.8
     76: 34.3
     77: 34.1
     78: 33.1
     79: 33.5
     80: 34.1
     81: 33.7
     82: 33.5
     83: 33.8
     84: 33.2
     85: 33.8
     86: 33.6
     87: 33.4
     88: 33.8
     89: 33.9
     90: 33
     91: 34
     92: 34.2
     93: 33.4
     94: 33.7
     95: 34.2
     96: 33.6
     97: 33.7
     98: 33.5
     99: 33.2
    100: 33.5
    101: 33.1
    102: 32.5
    103: 32.7
    104: 33
    105: 32.9
    106: 32.9
    107: 33.2
    108: 33
    109: 33.6
    110: 32.4
    111: 32.8
    112: 33.2
    113: 33.1
    114: 32.6
    115: 32.4
    116: 32.7
    117: 32.6
    118: 32.9
    119: 32.7
    120: 32.3
    121: 32.6
    122: 32.5
    123: 33
    124: 33
    125: 32.8
    126:   )
    127: }
    128: transform { function = log }
    129: regression { aictest = (td easter) }
    130: automdl {}
    131: x11 { mode = add save = (d10 d11) }
        ces_hours 19430            PAGE   2, SERIES ces_hours_log_ad

 A 1  Time series data (for the span analyzed)
  From  2007.Jan to 2016.Dec
  Observations        120
 -----------------------------------------------------------------------------
               Jan      Feb      Mar      Apr      May      Jun 
               Jul      Aug      Sep      Oct      Nov      Dec        TOTAL  
 -----------------------------------------------------------------------------
  2007          34.      33.      35.      35.      35.      35.
                35.      36.      36.      35.      36.      36.          422.
 
  2008          35.      35.      35.      35.      35.      36.
                35.      36.      35.      35.      36.      35.          424.
 
  2009          35.      35.      35.      34.      35.      34.
                34.      35.      35.      35.      35.      35.          415.
 
  2010          35.      34.      35.      35.      35.      35.
                35.      35.      35.      35.      35.      35.          418.
 
  2011          35.      35.      35.      35.      34.      34.
                34.      34.      33.      34.      33.      34.          408.
 
  2012          33.      33.      33.      34.      34.      34.
                34.      34.      34.      34.      34.      34.          405.
 
  2013          33.      34.      34.      34.      34.      34.
                33.      34.      34.      33.      34.      34.          403.
 
  2014          33.      34.      34.      33.      34.      34.
                34.      34.      34.      33.      34.      33.          403.
 
  2015          33.      33.      33.      33.      33.      33.
                33.      34.      32.      33.      33.      33.          395.
 
  2016          33.      32.      33.      33.      33.      33.
                32.      33.      33.      33.      33.      33.          392.
 
  AVGE          34.      34.      34.      34.      34.      34.
                34.      34.      34.      34.      34.      34.

  Table Total-        4085.   Mean-        34.   Std. Dev.-         1.
                              Min -        32.        Max -        36.
        ces_hours 19430            PAGE   3, SERIES ces_hours_log_ad
                        Automatic ARIMA Model Selection

                    Procedure based closely on TRAMO method 
                         of Gomez and Maravall (2000)
              "Automatic Modeling Methods for Univariate Series",
                            A Course in Time Series
                  (Edited by D. Pena, G. C. Tiao, R. S. Tsay),
                         New York : J. Wiley and Sons


     Maximum order for regular ARMA parameters :   2
     Maximum order for seasonal ARMA parameters :   1
     Maximum order for regular differencing :   2
     Maximum order for seasonal differencing :   1

   Results of Unit Root Test for identifying orders of differencing:
     Regular difference order :   1
     Seasonal difference order :   0

     Mean is not significant.

  Automatic model choice : (2 1 0)(1 0 1)


  Final Checks for Identified Model


  Checking for Unit Roots.
   Seasonal unit root found.
   ( 2, 1, 0) ( 0, 1, 1)
   Nonseasonal MA not within  0.001 of 1.0 - model passes test.

  Checking for insignificant ARMA coefficients.

  Final automatic model choice : (2 1 0)(0 1 1)
   End of automatic model selection procedure.

 Average absolute percentage error in within-sample forecasts:
  Last year:   0.79      Last-1 year:   0.55     Last-2 year:   0.99
  Last three years:    0.78

 Estimation converged in   23 ARMA iterations,   93 function evaluations.

 ARIMA Model:  (2 1 0)(0 1 1)
   Nonseasonal differences: 1
   Seasonal differences:    1
                                              Standard
 Parameter                    Estimate          Errors
 -----------------------------------------------------
 Nonseasonal AR                                    
   Lag  1                      -0.4937         0.08625
   Lag  2                      -0.3450         0.08524

 Seasonal MA                                       
   Lag 12                       0.8433         0.06806

 Variance                       0.11371E-03
 SE of Var                      0.15547E-04
 -----------------------------------------------------

 Likelihood Statistics
 ------------------------------------------------------------------
 Number of observations (nobs)                                  120
 Effective number of observations (nefobs)                      107
 Number of parameters estimated (np)                              4
 Log likelihood                                            326.6121
 Transformation Adjustment                                -376.9879
 Adjusted Log likelihood (L)                               -50.3758
 AIC                                                       108.7516 
 AICC (F-corrected-AIC)                                    109.1437 
 Hannan Quinn                                              113.0857 
 BIC                                                       119.4429 
 ------------------------------------------------------------------

 QS Statistic for regARIMA Model Residuals (full series):             0.00
                                                       (P-Value =     1.0000)

 QS Statistic for regARIMA Model Residuals (starting 2009.Jan):       0.00
                                                       (P-Value =     1.0000)


  At least one visually significant residual trading day peaks has been
  found in the spectral plot of the following series starting in 2009.Jan:

          regARIMA model residuals (1 Trading Day peak(s))




      10*LOG(SPECTRUM) of the regARIMA model residuals
      Spectrum estimated from 2009.Jan to 2016.Dec.
 ++++++++++I+++++++++++++++++++++++++++++++++++++++++++++++++++++++++++++I
     -31.60I                                          T                  I    -31.60
           I                                          T                  I
           I                                          T                  I
           I                                          T                  I
     -33.04I                                          T                  I    -33.04
           I                                          T                  I
           I                                          T                  I
           I                                          T                  I
     -34.48I                                          T                  I    -34.48
           I                                          T                  I
           I                                          T                  I
           I                                          T                  I
     -35.93I                                          T                  I    -35.93
           I      *                                   T                  I
           I     **                  *                T                  I
           I    ***                  *                T                  I
     -37.37I    ***                * *                T           *      I    -37.37
           I    ***                * *                T    *      *      I
           I    ***               ** *                T    *      *      I
           I    ***               ** **               T    *      *      I
     -38.82I    ***               *****               T    *  S   *      I    -38.82
           I    ***               *****   S           T    *  S   **     I
           I   ****               *****   S           T    *  S   ** *   I
           I   *****              *****  *S           T    *  S*  ** *   I
     -40.26I   *****              *****  *S           T    ** S*  ** *   I    -40.26
           I   ***** *            *****  *S       *   T    ***S* *****   I
           I   ***** *            *****  *S       *   T    ***S* *****   I
           I   ***** *            *****  *S       *  *T    ***S* *****   I
     -41.71I   *******S           *****  *S       *  *T*  ****S*T*****   I    -41.71
           I   *******S           *****  *S       *  *T*  ****S*T******  I
           I   *******S    *      ****** *S       *  *T*  ****S*T******  I
           I   *******S    *      ****** *S       ** *T*  ****S*T******  I
     -43.15I   *******S   **     *********S   *  *** *T*  ****S*T******  I    -43.15
           I   *******S   **     *********S   *  *** *T*  ****S*T******  I
           I   *******S   **     *********S*  *  ***S*T*  ****S*T******  I
           I   *******S   ***    *********S*  ** ***S*T*  ****S*T******  I
     -44.60I   *******S   ***    *********S* *** ***S*T*  ****S*T******  I    -44.60
           I   *******S   ***    *********S* *******S*T*  ****S*T******  I
           I   *******S*  ****   *********S* *******S*T*  ****S*T******  I
           I  ********S*  ***** S*********S*********S*T* *****S*T******  I
     -46.04I  ********S* *******S*********S*********S*T* *****S*T******* I    -46.04
           I  ********S* *******S*********S*********S*T*******S*T******* I
           I  ********S* *******S*********S*********S*T*******S*T******* I
           I  ********S*********S*********S*********S*T*******S*T******* I
     -47.48I  ********S*********S*********S*********S*T*******S*T*******SI    -47.48
           I  ********S*********S*********S*********S*T*******S*T*******SI
           I  ********S*********S*********S*********S*T*******S*T*******SI
           I  ********S*********S*********S*********S*T*******S*T*******SI
     -48.93I  ********S*********S*********S*********S*T*******S*T*******SI    -48.93
           I *********S*********S*********S*********S*T*******S*T*******SI
           I *********S*********S*********S*********S*T*******S*T*******SI
           I *********S*********S*********S*********S*T*******S*T*******SI
     -50.37I**********S*********S*********S*********S*T*******S*T*******SI    -50.37
 ++++++++++I+++++++++++++++++++++++++++++++++++++++++++++++++++++++++++++I
            S=SEASONAL FREQUENCIES, T=TRADING DAY FREQUENCIES


 FORECASTING
  Origin  2016.Dec
  Number        12

  Forecasts and Standard Errors of the Transformed Data
   ------------------------------
                         Standard
       Date   Forecast      Error
   ------------------------------
   2017.Jan       3.48      0.011
   2017.Feb       3.48      0.012
   2017.Mar       3.49      0.013
   2017.Apr       3.49      0.014
   2017.May       3.49      0.016
   2017.Jun       3.49      0.016
   2017.Jul       3.48      0.017
   2017.Aug       3.49      0.018
   2017.Sep       3.48      0.019
   2017.Oct       3.48      0.020
   2017.Nov       3.49      0.021
   2017.Dec       3.49      0.022
   ------------------------------

  Confidence intervals with coverage probability ( 0.95000
  On the Original Scale
   ---------------------------------------
       Date      Lower  Forecast     Upper
   ---------------------------------------
   2017.Jan      31.70     32.37     33.05
   2017.Feb      31.78     32.54     33.31
   2017.Mar      31.89     32.70     33.52
   2017.Apr      31.76     32.67     33.60
   2017.May      31.68     32.66     33.67
   2017.Jun      31.75     32.79     33.87
   2017.Jul      31.41     32.50     33.63
   2017.Aug      31.70     32.87     34.08
   2017.Sep      31.32     32.52     33.78
   2017.Oct      31.32     32.58     33.90
   2017.Nov      31.48     32.80     34.18
   2017.Dec      31.32     32.69     34.11
   ---------------------------------------
        ces_hours 19430            PAGE   4, SERIES ces_hours_log_ad

 B 1  Original series (prior adjusted)
  From  2007.Jan to 2016.Dec
  Observations        120
 -----------------------------------------------------------------------------
               Jan      Feb      Mar      Apr      May      Jun 
               Jul      Aug      Sep      Oct      Nov      Dec        TOTAL  
 -----------------------------------------------------------------------------
  2007          34.      33.      35.      35.      35.      35.
                35.      36.      36.      35.      36.      36.          422.
 
  2008          35.      35.      35.      35.      35.      36.
                35.      36.      35.      35.      36.      35.          424.
 
  2009          35.      35.      35.      34.      35.      34.
                34.      35.      35.      35.      35.      35.          415.
 
  2010          35.      34.      35.      35.      35.      35.
                35.      35.      35.      35.      35.      35.          418.
 
  2011          35.      35.      35.      35.      34.      34.
                34.      34.      33.      34.      33.      34.          408.
 
  2012          33.      33.      33.      34.      34.      34.
                34.      34.      34.      34.      34.      34.          405.
 
  2013          33.      34.      34.      34.      34.      34.
                33.      34.      34.      33.      34.      34.          403.
 
  2014          33.      34.      34.      33.      34.      34.
                34.      34.      34.      33.      34.      33.          403.
 
  2015          33.      33.      33.      33.      33.      33.
                33.      34.      32.      33.      33.      33.          395.
 
  2016          33.      32.      33.      33.      33.      33.
                32.      33.      33.      33.      33.      33.          392.
 
  AVGE          34.      34.      34.      34.      34.      34.
                34.      34.      34.      34.      34.      34.

  Table Total-        4085.   Mean-        34.   Std. Dev.-         1.
                              Min -        32.        Max -        36.

 B 1.A  Forecasts of (prior adjusted) original series
  From  2017.Jan to 2017.Dec
  Observations         12
 -----------------------------------------------------------------------------
               Jan      Feb      Mar      Apr      May      Jun 
               Jul      Aug      Sep      Oct      Nov      Dec        TOTAL  
 -----------------------------------------------------------------------------
  2017          32.      33.      33.      33.      33.      33.
                33.      33.      33.      33.      33.      33.          392.
 
        ces_hours 19430            PAGE   5, SERIES ces_hours_log_ad

 C 17  Final weights for irregular component
  From  2007.Jan to 2016.Dec
  Observations        120
  Lower sigma limit    1.50
  Upper sigma limit    2.50
 -----------------------------------------------------------------------------
               Jan      Feb      Mar      Apr      May      Jun 
               Jul      Aug      Sep      Oct      Nov      Dec         S.D.  
 -----------------------------------------------------------------------------
  2007         100.       0.     100.     100.     100.     100.
               100.      37.     100.       0.     100.     100.           19.
 
  2008         100.     100.     100.     100.     100.     100.
               100.     100.     100.     100.     100.     100.           19.
 
  2009          96.     100.     100.      30.     100.     100.
               100.     100.     100.     100.     100.     100.           19.
 
  2010         100.     100.     100.     100.     100.     100.
               100.     100.     100.     100.     100.     100.           17.
 
  2011         100.       0.     100.     100.      90.     100.
                 0.     100.     100.     100.     100.     100.           18.
 
  2012         100.     100.      78.     100.     100.     100.
               100.      12.     100.     100.     100.     100.           17.
 
  2013          80.     100.      69.     100.     100.     100.
               100.     100.     100.     100.     100.     100.           16.
 
  2014          66.       0.     100.       0.     100.     100.
               100.     100.     100.     100.     100.     100.           15.
 
  2015         100.     100.     100.     100.     100.     100.
               100.       0.       0.     100.     100.     100.           13.
 
  2016          89.     100.     100.     100.       0.     100.
               100.     100.     100.       0.     100.     100.           13.
 
        ces_hours 19430            PAGE   6, SERIES ces_hours_log_ad

 D 8  Final unmodified SI ratios
  From  2007.Jan to 2016.Dec
  Observations        120
 -----------------------------------------------------------------------------
               Jan      Feb      Mar      Apr      May      Jun 
               Jul      Aug      Sep      Oct      Nov      Dec         AVGE  
 -----------------------------------------------------------------------------
  2007          -0.      -1.      -0.       0.      -0.      -0.
                -0.       1.       0.      -0.      -0.       0.           -0.
 
  2008          -0.      -0.      -0.      -0.      -0.       0.
                -0.       1.      -0.       0.       0.       0.            0.
 
  2009          -1.      -0.      -0.      -0.       0.      -0.
                -0.       0.       0.       0.       0.       0.           -0.
 
  2010          -0.      -0.      -0.       0.      -0.       0.
                -0.       0.      -0.       0.       0.      -0.           -0.
 
  2011          -0.       0.       0.       0.      -0.       0.
                 0.       0.      -0.       0.      -0.       0.            0.
 
  2012          -0.      -0.      -0.       0.       0.       0.
                -0.      -0.       0.      -0.       0.       0.           -0.
 
  2013          -1.      -0.       0.       0.      -0.       0.
                -0.       0.       0.      -0.       0.       0.           -0.
 
  2014          -1.       0.       0.      -0.      -0.       0.
                -0.       0.       0.      -0.       0.       0.           -0.
 
  2015          -0.      -0.       0.      -0.      -0.       0.
                 0.       1.      -1.      -0.       0.       0.           -0.
 
  2016          -0.      -0.       0.       0.       0.       0.
                -0.       0.      -0.       0.       0.       0.            0.
 
  AVGE          -0.      -0.       0.       0.      -0.       0.
                -0.       0.      -0.      -0.       0.       0.

  Table Total-          -1.   Mean-        -0.   Std. Dev.-         0.
                              Min -        -1.        Max -         1.
        ces_hours 19430            PAGE   7, SERIES ces_hours_log_ad

 D 8.B  Final unmodified SI ratios, with labels for outliers and extreme values
  From  2007.Jan to 2016.Dec
  Observations        120
 ---------------------------------------------------------------------
               Jan       Feb       Mar       Apr       May       Jun  
               Jul       Aug       Sep       Oct       Nov       Dec  
 ---------------------------------------------------------------------
  2007         -0.       -1.*      -0.        0.       -0.       -0.  
               -0.        1.*       0.       -0.*      -0.        0.  
 
  2008         -0.       -0.       -0.       -0.       -0.        0.  
               -0.        1.       -0.        0.        0.        0.  
 
  2009         -1.*      -0.       -0.       -0.*       0.       -0.  
               -0.        0.        0.        0.        0.        0.  
 
  2010         -0.       -0.       -0.        0.       -0.        0.  
               -0.        0.       -0.        0.        0.       -0.  
 
  2011         -0.        0.*       0.        0.       -0.*       0.  
                0.*       0.       -0.        0.       -0.        0.  
 
  2012         -0.       -0.       -0.*       0.        0.        0.  
               -0.       -0.*       0.       -0.        0.        0.  
 
  2013         -1.*      -0.        0.*       0.       -0.        0.  
               -0.        0.        0.       -0.        0.        0.  
 
  2014         -1.*       0.*       0.       -0.*      -0.        0.  
               -0.        0.        0.       -0.        0.        0.  
 
  2015         -0.       -0.        0.       -0.       -0.        0.  
                0.        1.*      -1.*      -0.        0.        0.  
 
  2016         -0.*      -0.        0.        0.        0.*       0.  
               -0.        0.       -0.        0.*       0.        0.  
 

  Key to symbols:
    *  : extreme value as determined by X-11 extreme value procedure
 
        ces_hours 19430            PAGE   8, SERIES ces_hours_log_ad

 D 9  Final replacement values for SI ratios
  From  2007.Jan to 2016.Dec
  Observations        120
 ---------------------------------------------------------------
               Jan      Feb      Mar      Apr      May      Jun 
               Jul      Aug      Sep      Oct      Nov      Dec 
 ---------------------------------------------------------------
  2007     ********      -0. ******** ******** ******** ********
           ********       1. ********       0. ******** ********
 
  2008     ******** ******** ******** ******** ******** ********
           ******** ******** ******** ******** ******** ********
 
  2009          -1. ******** ********      -0. ******** ********
           ******** ******** ******** ******** ******** ********
 
  2010     ******** ******** ******** ******** ******** ********
           ******** ******** ******** ******** ******** ********
 
  2011     ********      -0. ******** ********      -0. ********
                -0. ******** ******** ******** ******** ********
 
  2012     ******** ********      -0. ******** ******** ********
           ********       0. ******** ******** ******** ********
 
  2013          -1. ********       0. ******** ******** ********
           ******** ******** ******** ******** ******** ********
 
  2014          -1.      -0. ********       0. ******** ********
           ******** ******** ******** ******** ******** ********
 
  2015     ******** ******** ******** ******** ******** ********
           ********       0.      -0. ******** ******** ********
 
  2016          -0. ******** ******** ********      -0. ********
           ******** ******** ********      -0. ******** ********
 

 D 9.A  Moving seasonality ratio
 ---------------------------------------------------------------
               Jan      Feb      Mar      Apr      May      Jun 
 ---------------------------------------------------------------
   I          0.246    0.142    0.167    0.162    0.142    0.214
   S          0.039    0.023    0.040    0.038    0.015    0.034
 RATIO        6.269    6.035    4.130    4.318    9.705    6.323



 ---------------------------------------------------------------
               Jul      Aug      Sep      Oct      Nov      Dec 
 ---------------------------------------------------------------
   I          0.140    0.090    0.157    0.104    0.235    0.129
   S          0.021    0.045    0.020    0.031    0.027    0.014
 RATIO        6.536    1.996    7.975    3.363    8.628    9.493



        ces_hours 19430            PAGE   9, SERIES ces_hours_log_ad

 D 10  Final seasonal factors
  From  2007.Jan to 2016.Dec
  Observations        120
  Seasonal filter    3 x 5 moving average
 -----------------------------------------------------------------------------
               Jan      Feb      Mar      Apr      May      Jun 
               Jul      Aug      Sep      Oct      Nov      Dec         AVGE  
 -----------------------------------------------------------------------------
  2007          -0.      -0.      -0.      -0.      -0.       0.
                -0.       0.       0.       0.       0.       0.           -0.
 
  2008          -0.      -0.      -0.       0.      -0.       0.
                -0.       0.       0.       0.       0.       0.           -0.
 
  2009          -0.      -0.      -0.       0.      -0.       0.
                -0.       0.       0.       0.       0.       0.           -0.
 
  2010          -0.      -0.      -0.       0.      -0.       0.
                -0.       0.       0.       0.       0.       0.           -0.
 
  2011          -0.      -0.      -0.       0.      -0.       0.
                -0.       0.      -0.       0.       0.       0.           -0.
 
  2012          -0.      -0.       0.       0.      -0.       0.
                -0.       0.       0.      -0.       0.       0.           -0.
 
  2013          -0.      -0.       0.       0.      -0.       0.
                -0.       0.       0.      -0.       0.       0.            0.
 
  2014          -0.      -0.       0.       0.      -0.       0.
                -0.       0.       0.      -0.       0.       0.            0.
 
  2015          -0.      -0.       0.       0.      -0.       0.
                -0.       0.      -0.      -0.       0.       0.            0.
 
  2016          -0.      -0.       0.       0.      -0.       0.
                -0.       0.      -0.      -0.       0.       0.           -0.
 
  AVGE          -0.      -0.       0.       0.      -0.       0.
                -0.       0.       0.      -0.       0.       0.

  Table Total-          -0.   Mean-        -0.   Std. Dev.-         0.
                              Min -        -0.        Max -         0.

 D 10.A  Final seasonal component forecasts
  From  2017.Jan to 2017.Dec
  Observations         12
 -----------------------------------------------------------------------------
               Jan      Feb      Mar      Apr      May      Jun 
               Jul      Aug      Sep      Oct      Nov      Dec         AVGE  
 -----------------------------------------------------------------------------
  2017          -0.      -0.       0.       0.      -0.       0.
                -0.       0.      -0.      -0.       0.       0.            0.
 
        ces_hours 19430            PAGE  10, SERIES ces_hours_log_ad

 D 11  Final seasonally adjusted data
  From  2007.Jan to 2016.Dec
  Observations        120
 -----------------------------------------------------------------------------
               Jan      Feb      Mar      Apr      May      Jun 
               Jul      Aug      Sep      Oct      Nov      Dec        TOTAL  
 -----------------------------------------------------------------------------
  2007          35.      34.      35.      35.      35.      35.
                35.      36.      36.      35.      35.      36.          422.
 
  2008          36.      35.      35.      35.      35.      35.
                35.      35.      35.      35.      35.      35.          424.
 
  2009          35.      35.      35.      34.      35.      34.
                35.      34.      35.      34.      35.      34.          415.
 
  2010          35.      34.      35.      35.      35.      35.
                35.      35.      35.      35.      35.      35.          418.
 
  2011          35.      35.      35.      35.      34.      34.
                34.      33.      33.      33.      33.      33.          408.
 
  2012          34.      34.      33.      34.      34.      34.
                34.      33.      34.      34.      34.      34.          405.
 
  2013          34.      34.      34.      34.      34.      34.
                33.      34.      34.      33.      34.      34.          403.
 
  2014          33.      34.      34.      33.      34.      34.
                34.      34.      33.      33.      33.      33.          403.
 
  2015          33.      33.      33.      33.      33.      33.
                33.      33.      32.      33.      33.      33.          395.
 
  2016          33.      33.      33.      33.      33.      32.
                32.      32.      33.      33.      33.      33.          392.
 
  AVGE          34.      34.      34.      34.      34.      34.
                34.      34.      34.      34.      34.      34.

  Table Total-        4085.   Mean-        34.   Std. Dev.-         1.
                              Min -        32.        Max -        36.
        ces_hours 19430            PAGE  11, SERIES ces_hours_log_ad

 D 12  Final trend cycle
  From  2007.Jan to 2016.Dec
  Observations        120
  Trend filter    13-term Henderson moving average
  I/C ratio        2.80
 -----------------------------------------------------------------------------
               Jan      Feb      Mar      Apr      May      Jun 
               Jul      Aug      Sep      Oct      Nov      Dec        TOTAL  
 -----------------------------------------------------------------------------
  2007          35.      35.      35.      35.      35.      35.
                35.      36.      36.      36.      36.      36.          423.
 
  2008          35.      35.      35.      35.      35.      35.
                35.      35.      35.      35.      35.      35.          424.
 
  2009          35.      35.      35.      35.      35.      35.
                34.      34.      34.      34.      35.      35.          416.
 
  2010          35.      35.      35.      35.      35.      35.
                35.      35.      35.      35.      35.      35.          418.
 
  2011          35.      35.      35.      34.      34.      34.
                34.      34.      33.      33.      33.      33.          407.
 
  2012          33.      33.      34.      34.      34.      34.
                34.      34.      34.      34.      34.      34.          405.
 
  2013          34.      34.      34.      34.      34.      34.
                34.      34.      34.      34.      34.      34.          403.
 
  2014          34.      34.      34.      34.      34.      34.
                34.      34.      33.      33.      33.      33.          403.
 
  2015          33.      33.      33.      33.      33.      33.
                33.      33.      33.      33.      33.      33.          395.
 
  2016          33.      33.      33.      33.      33.      32.
                32.      32.      33.      33.      33.      33.          391.
 
  AVGE          34.      34.      34.      34.      34.      34.
                34.      34.      34.      34.      34.      34.

  Table Total-        4086.   Mean-        34.   Std. Dev.-         1.
                              Min -        32.        Max -        36.
        ces_hours 19430            PAGE  12, SERIES ces_hours_log_ad

 D 13  Final irregular component
  From  2007.Jan to 2016.Dec
  Observations        120
 -----------------------------------------------------------------------------
               Jan      Feb      Mar      Apr      May      Jun 
               Jul      Aug      Sep      Oct      Nov      Dec         S.D.  
 -----------------------------------------------------------------------------
  2007          -0.      -1.      -0.       0.      -0.      -0.
                -0.       0.       0.      -1.      -0.       0.            0.
 
  2008           0.      -0.      -0.      -0.       0.       0.
                -0.       0.      -0.       0.       0.       0.            0.
 
  2009          -0.       0.       0.      -0.       0.      -0.
                 0.      -0.       0.      -0.       0.      -0.            0.
 
  2010           0.      -0.      -0.      -0.       0.       0.
                -0.      -0.      -0.       0.       0.      -0.            0.
 
  2011           0.       0.      -0.       0.      -0.      -0.
                 1.      -0.      -0.       0.      -0.       0.            0.
 
  2012           0.       0.      -0.       0.       0.      -0.
                 0.      -0.       0.      -0.       0.       0.            0.
 
  2013          -0.      -0.       0.      -0.      -0.       0.
                -0.       0.       0.      -0.      -0.       0.            0.
 
  2014          -0.       0.       0.      -1.      -0.       0.
                 0.      -0.       0.      -0.       0.      -0.            0.
 
  2015           0.       0.      -0.      -0.       0.      -0.
                 0.       0.      -1.      -0.      -0.       0.            0.
 
  2016           0.      -0.      -0.       0.       0.      -0.
                -0.      -0.      -0.       0.       0.      -0.            0.
 
  S.D.           0.       0.       0.       0.       0.       0.
                 0.       0.       0.       0.       0.       0.

  Table Total-          -1.   Mean-        -0.   Std. Dev.-         0.
                              Min -        -1.        Max -         1.
        ces_hours 19430            PAGE  13, SERIES ces_hours_log_ad

 D 16  Combined adjustment factors
  From  2007.Jan to 2016.Dec
  Observations        120
 -----------------------------------------------------------------------------
               Jan      Feb      Mar      Apr      May      Jun 
               Jul      Aug      Sep      Oct      Nov      Dec         AVGE  
 -----------------------------------------------------------------------------
  2007          -0.      -0.      -0.      -0.      -0.       0.
                -0.       0.       0.       0.       0.       0.           -0.
 
  2008          -0.      -0.      -0.       0.      -0.       0.
                -0.       0.       0.       0.       0.       0.           -0.
 
  2009          -0.      -0.      -0.       0.      -0.       0.
                -0.       0.       0.       0.       0.       0.           -0.
 
  2010          -0.      -0.      -0.       0.      -0.       0.
                -0.       0.       0.       0.       0.       0.           -0.
 
  2011          -0.      -0.      -0.       0.      -0.       0.
                -0.       0.      -0.       0.       0.       0.           -0.
 
  2012          -0.      -0.       0.       0.      -0.       0.
                -0.       0.       0.      -0.       0.       0.           -0.
 
  2013          -0.      -0.       0.       0.      -0.       0.
                -0.       0.       0.      -0.       0.       0.            0.
 
  2014          -0.      -0.       0.       0.      -0.       0.
                -0.       0.       0.      -0.       0.       0.            0.
 
  2015          -0.      -0.       0.       0.      -0.       0.
                -0.       0.      -0.      -0.       0.       0.            0.
 
  2016          -0.      -0.       0.       0.      -0.       0.
                -0.       0.      -0.      -0.       0.       0.           -0.
 
  AVGE          -0.      -0.       0.       0.      -0.       0.
                -0.       0.       0.      -0.       0.       0.

  Table Total-          -0.   Mean-        -0.   Std. Dev.-         0.
                              Min -        -0.        Max -         0.

 D 16.A  Combined adjustment component forecasts
  From  2017.Jan to 2017.Dec
  Observations         12
 -----------------------------------------------------------------------------
               Jan      Feb      Mar      Apr      May      Jun 
               Jul      Aug      Sep      Oct      Nov      Dec         AVGE  
 -----------------------------------------------------------------------------
  2017          -0.      -0.       0.       0.      -0.       0.
                -0.       0.      -0.      -0.       0.       0.            0.
 
        ces_hours 19430            PAGE  14, SERIES ces_hours_log_ad

 E 4  Differences of annual totals
  From          2007 to 2016
  Observations         10
 -----------------------------------
  Year       Unmodified     Modified
                  (D11)         (E2)
 -----------------------------------
  2007              -0.          -0.
 
  2008              -0.          -0.
 
  2009              -0.          -0.
 
  2010              -0.          -0.
 
  2011              -0.          -0.
 
  2012              -0.          -0.
 
  2013               0.           0.
 
  2014               0.           0.
 
  2015               0.           0.
 
  2016              -0.          -0.
 
        ces_hours 19430            PAGE  15, SERIES ces_hours_log_ad

 E 5  Month-to-month differences in the original series
  From  2007.Feb to 2016.Dec
  Observations        119
 -----------------------------------------------------------------------------
               Jan      Feb      Mar      Apr      May      Jun 
               Jul      Aug      Sep      Oct      Nov      Dec         AVGE  
 -----------------------------------------------------------------------------
  2007                   -1.       1.       1.      -0.       0.
                -0.       1.      -0.      -1.       0.       0.            0.
 
  2008          -1.      -0.       0.       0.       0.       0.
                -0.       1.      -1.       0.       0.      -0.           -0.
 
  2009          -1.       0.      -0.      -0.       0.      -0.
                 0.       0.      -0.      -0.       0.      -0.           -0.
 
  2010          -0.      -0.       1.       0.       0.       0.
                -0.       1.      -0.       0.       0.      -0.            0.
 
  2011          -0.       0.      -0.       0.      -1.       0.
                 0.      -0.      -0.       0.      -0.       0.           -0.
 
  2012          -0.       0.       0.       1.      -0.       0.
                -0.      -0.       0.      -0.       1.      -0.            0.
 
  2013          -1.       0.       1.      -0.      -0.       0.
                -1.       1.      -0.      -0.       0.       0.           -0.
 
  2014          -1.       1.       0.      -1.       0.       1.
                -1.       0.      -0.      -0.       0.      -0.           -0.
 
  2015          -1.       0.       0.      -0.       0.       0.
                -0.       1.      -1.       0.       0.      -0.            0.
 
  2016          -0.      -0.       0.      -0.       0.      -0.
                -0.       0.      -0.       1.       0.      -0.           -0.
 
  AVGE          -1.       0.       0.      -0.      -0.       0.
                -0.       0.      -0.       0.       0.      -0.

  Table Total-          -2.   Mean-        -0.   Std. Dev.-         0.
                              Min -        -1.        Max -         1.
        ces_hours 19430            PAGE  16, SERIES ces_hours_log_ad

 E 6  Month-to-month differences in seasonally adjusted series (D11)
  From  2007.Feb to 2016.Dec
  Observations        119
 -----------------------------------------------------------------------------
               Jan      Feb      Mar      Apr      May      Jun 
               Jul      Aug      Sep      Oct      Nov      Dec         AVGE  
 -----------------------------------------------------------------------------
  2007                   -1.       1.       0.      -0.       0.
                 0.       1.      -0.      -1.       0.       0.            0.
 
  2008          -0.      -0.      -0.      -0.       0.       0.
                -0.       0.      -0.       0.       0.      -0.           -0.
 
  2009          -0.       0.      -0.      -1.       1.      -1.
                 0.      -0.       0.      -0.       0.      -0.           -0.
 
  2010           0.      -0.       0.       0.       0.       0.
                -0.       0.      -0.       0.      -0.      -0.            0.
 
  2011           0.       0.      -1.       0.      -1.      -0.
                 0.      -1.      -0.       0.      -0.       0.           -0.
 
  2012           0.       0.      -0.       1.      -0.      -0.
                 0.      -0.       1.      -0.       0.      -0.            0.
 
  2013          -0.       0.       0.      -0.       0.       0.
                -0.       0.      -0.      -0.       0.       0.           -0.
 
  2014          -0.       1.      -0.      -1.       0.       0.
                -0.      -0.      -0.      -0.      -0.      -0.           -0.
 
  2015           0.      -0.      -0.      -0.       0.       0.
                 0.       0.      -1.       0.       0.       0.            0.
 
  2016           0.      -0.      -0.       0.       0.      -0.
                -0.       0.       0.       1.      -0.      -0.           -0.
 
  AVGE          -0.      -0.       0.      -0.       0.      -0.
                 0.      -0.      -0.       0.      -0.      -0.

  Table Total-          -2.   Mean-        -0.   Std. Dev.-         0.
                              Min -        -1.        Max -         1.
        ces_hours 19430            PAGE  17, SERIES ces_hours_log_ad

 E 7  Month-to-month differences in final trend cycle (D12)
  From  2007.Feb to 2016.Dec
  Observations        119
 -----------------------------------------------------------------------------
               Jan      Feb      Mar      Apr      May      Jun 
               Jul      Aug      Sep      Oct      Nov      Dec         AVGE  
 -----------------------------------------------------------------------------
  2007                    0.       0.       0.       0.       0.
                 0.       0.       0.       0.      -0.      -0.            0.
 
  2008          -0.      -0.      -0.      -0.      -0.      -0.
                -0.      -0.      -0.      -0.      -0.      -0.           -0.
 
  2009          -0.      -0.      -0.      -0.      -0.      -0.
                -0.      -0.       0.       0.       0.       0.           -0.
 
  2010           0.       0.       0.       0.       0.       0.
                 0.       0.      -0.      -0.      -0.      -0.            0.
 
  2011          -0.      -0.      -0.      -0.      -0.      -0.
                -0.      -0.      -0.      -0.      -0.       0.           -0.
 
  2012           0.       0.       0.       0.       0.       0.
                 0.       0.       0.       0.      -0.      -0.            0.
 
  2013          -0.      -0.      -0.      -0.      -0.      -0.
                -0.      -0.       0.       0.       0.       0.           -0.
 
  2014           0.       0.       0.       0.      -0.      -0.
                -0.      -0.      -0.      -0.      -0.      -0.           -0.
 
  2015          -0.      -0.      -0.       0.       0.       0.
                 0.       0.      -0.      -0.      -0.      -0.           -0.
 
  2016          -0.      -0.      -0.      -0.      -0.      -0.
                -0.       0.       0.       0.       0.       0.           -0.
 
  AVGE          -0.      -0.      -0.      -0.      -0.      -0.
                -0.      -0.      -0.      -0.      -0.      -0.

  Table Total-          -2.   Mean-        -0.   Std. Dev.-         0.
                              Min -        -0.        Max -         0.
        ces_hours 19430            PAGE  18, SERIES ces_hours_log_ad

 E 8  Month-to-month differences in original series adjusted for calendar factors (A18)
  From  2007.Feb to 2016.Dec
  Observations        119
 -----------------------------------------------------------------------------
               Jan      Feb      Mar      Apr      May      Jun 
               Jul      Aug      Sep      Oct      Nov      Dec         AVGE  
 -----------------------------------------------------------------------------
  2007                   -1.       1.       1.      -0.       0.
                -0.       1.      -1.      -1.       0.       0.            0.
 
  2008          -1.      -0.       0.       0.       0.       0.
                -1.       1.      -1.       0.       0.      -0.           -0.
 
  2009          -1.       0.      -0.      -1.       0.      -0.
                 0.       0.      -0.      -0.       0.      -0.           -0.
 
  2010          -0.      -0.       1.       0.       0.       0.
                -0.       1.      -0.       0.       0.      -0.            0.
 
  2011          -0.       0.      -0.       0.      -1.       0.
                 0.      -0.      -0.       0.      -0.       0.           -0.
 
  2012          -0.       0.       0.       1.      -0.       0.
                -0.      -0.       0.      -0.       0.      -0.            0.
 
  2013          -1.       0.       1.      -0.      -0.       0.
                -1.       1.      -0.      -0.       0.       0.           -0.
 
  2014          -1.       1.       0.      -1.       0.       1.
                -1.       0.      -0.      -0.       0.      -0.           -0.
 
  2015          -1.       0.       0.      -0.       0.       0.
                -0.       1.      -1.       0.       0.      -0.            0.
 
  2016          -1.      -0.       0.      -0.       0.      -0.
                -0.       0.      -0.       1.       0.      -0.           -0.
 
  AVGE          -1.       0.       0.      -0.      -0.       0.
                -0.       0.      -0.      -0.       0.      -0.

  Table Total-          -2.   Mean-        -0.   Std. Dev.-         0.
                              Min -        -1.        Max -         1.
        ces_hours 19430            PAGE  19, SERIES ces_hours_log_ad

 E 18  Final adjustment ratios
  From  2007.Jan to 2016.Dec
  Observations        120
 -----------------------------------------------------------------------------
               Jan      Feb      Mar      Apr      May      Jun 
               Jul      Aug      Sep      Oct      Nov      Dec         AVGE  
 -----------------------------------------------------------------------------
  2007       99.120   99.073   99.618   99.989   99.781  100.057
             99.317  101.356  100.205  100.325  100.510  100.491        99.987
 
  2008       99.177   99.104   99.659  100.074   99.755  100.097
             99.337  101.271  100.149  100.325  100.473  100.448        99.989
 
  2009       99.200   99.137   99.692  100.204   99.773  100.146
             99.387  101.104  100.042  100.292  100.536  100.382        99.991
 
  2010       99.115   99.211   99.822  100.351   99.793  100.167
             99.454  100.863  100.016  100.175  100.539  100.353        99.988
 
  2011       99.004   99.269   99.998  100.467   99.792  100.325
             99.475  100.677   99.986  100.037  100.655  100.337       100.002
 
  2012       98.764   99.279  100.215  100.540   99.745  100.463
             99.510  100.539  100.033   99.877  100.629  100.385        99.998
 
  2013       98.663   99.281  100.320  100.497   99.742  100.609
             99.529  100.454  100.038   99.748  100.741  100.430       100.004
 
  2014       98.578   99.319  100.386  100.324   99.785  100.643
             99.566  100.453  100.037   99.680  100.805  100.486       100.005
 
  2015       98.604   99.266  100.393  100.148   99.822  100.711
             99.582  100.449   99.990   99.690  100.898  100.460       100.001
 
  2016       98.700   99.257  100.342  100.034   99.839  100.703
             99.614  100.480   99.932   99.751  100.901  100.460       100.001
 
  AVGE       98.893   99.220  100.045  100.263   99.783  100.392
             99.477  100.765  100.043   99.990  100.669  100.423

  Table Total-       12000.   Mean-       100.   Std. Dev.-         1.
                              Min -        99.        Max -       101.

 E 18.A  Final adjustment ratio forecasts
  From  2017.Jan to 2017.Dec
  Observations         12
 -----------------------------------------------------------------------------
               Jan      Feb      Mar      Apr      May      Jun 
               Jul      Aug      Sep      Oct      Nov      Dec         AVGE  
 -----------------------------------------------------------------------------
  2017       98.787   99.260  100.253  100.005   99.861  100.663
             99.663  100.464   99.905   99.773  100.928  100.466       100.002
 

  QS statistic for seasonality:
  Original Series                                    18.00  (P-Value =     0.0001)
  Original Series (EV adj)                           18.00  (P-Value =     0.0001)
  Residuals                                           0.00  (P-Value =     1.0000)
  Seasonally Adjusted Series                          0.00  (P-Value =     1.0000)
  Seasonally Adjusted Series (EV adj)                 0.00  (P-Value =     1.0000)
  Irregular Series                                    0.00  (P-Value =     1.0000)
  Irregular Series (EV adj)                           0.00  (P-Value =     1.0000)

  QS statistic for seasonality (starting 2009.Jan):
  Original Series                                    15.30  (P-Value =     0.0005)
  Original Series (EV adj)                           15.30  (P-Value =     0.0005)
  Residuals                                           0.00  (P-Value =     1.0000)
  Seasonally Adjusted Series                          0.08  (P-Value =     0.9594)
  Seasonally Adjusted Series (EV adj)                 0.00  (P-Value =     1.0000)
  Irregular Series                                    0.00  (P-Value =     1.0000)
  Irregular Series (EV adj)                           0.00  (P-Value =     1.0000)
        ces_hours 19430            PAGE  20, SERIES ces_hours_log_ad


  Visually significant residual trading day peaks have been
  found in the spectral plots of the following series starting in 2009.Jan:

          differenced seasonally adjusted series (Table E2) (1 Trading Day peak(s))

          Modified irregular component (Table E3) (1 Seasonal and 
        ces_hours 19430            PAGE  21, SERIES ces_hours_log_ad
 G 0  10*LOG(SPECTRUM) of the differenced Original Series
      (Table A1 or B1).  Spectrum estimated from 2009.Jan to 2016.Dec.
 ++++++++++I+++++++++++++++++++++++++++++++++++++++++++++++++++++++++++++I
       0.89I                                          T                  I      0.89
           I                                          T                  I
           I                                          T                  I
           I                                          T                  I
      -1.07I                              S          *T                  I     -1.07
           I                              S          *T                 SI
           I                              S         S*T                 SI
           I                              S         S*T                 SI
      -3.04I                              S        *S*T                 SI     -3.04
           I                              S        *S*T                 SI
           I                              S        *S*T                 SI
           I                              S        *S*T                 SI
      -5.01I                              S        *S*T    *            SI     -5.01
           I                              S        *S*T    **          *SI
           I                              S        *S*T    **          *SI
           I                              S        *S*T    **          *SI
      -6.98I                        *     S*       *S*T    ***S        *SI     -6.98
           I                        *     S*       *S*T*   ***S*  *    *SI
           I                    S   **   *S*      **S*T*   ***S*  *    *SI
           I                    S   **   *S*      **S*T*   ***S*T***   *SI
      -8.95I                    S   **   *S*  **  **S*T*   ***S*T***   *SI     -8.95
           I                    S   **   *S*  **  **S*T*  ****S*T***  **SI
           I                    S  ****  *S*  **  **S*T*  ****S*T***  **SI
           I                    S  ****  *S*  **  **S*T*  ****S*T**** **SI
     -10.92I      *             S  *******S** ******S*T*  ****S*T*******SI    -10.92
           I      *            *S* *******S*********S*T*  ****S*T*******SI
           I      *            *S*********S*********S*T** ****S*T*******SI
           I      *            *S*********S*********S*T*******S*T*******SI
     -12.89I      *            *S*********S*********S*T*******S*T*******SI    -12.89
           I      **           *S*********S*********S*T*******S*T*******SI
           I   ** **           *S*********S*********S*T*******S*T*******SI
           I   *****           *S*********S*********S*T*******S*T*******SI
     -14.85I   *****       *   *S*********S*********S*T*******S*T*******SI    -14.85
           I   *****       **  *S*********S*********S*T*******S*T*******SI
           I   *****       ** **S*********S*********S*T*******S*T*******SI
           I   *****       ** **S*********S*********S*T*******S*T*******SI
     -16.82I   *****       *****S*********S*********S*T*******S*T*******SI    -16.82
           I   *****       *****S*********S*********S*T*******S*T*******SI
           I   ******     ******S*********S*********S*T*******S*T*******SI
           I   ****** S   ******S*********S*********S*T*******S*T*******SI
     -18.79I   *******S*  ******S*********S*********S*T*******S*T*******SI    -18.79
           I   *******S*  ******S*********S*********S*T*******S*T*******SI
           I  ********S*********S*********S*********S*T*******S*T*******SI
           I  ********S*********S*********S*********S*T*******S*T*******SI
     -20.76I  ********S*********S*********S*********S*T*******S*T*******SI    -20.76
           I  ********S*********S*********S*********S*T*******S*T*******SI
           I  ********S*********S*********S*********S*T*******S*T*******SI
           I  ********S*********S*********S*********S*T*******S*T*******SI
     -22.73I  ********S*********S*********S*********S*T*******S*T*******SI    -22.73
           I  ********S*********S*********S*********S*T*******S*T*******SI
           I *********S*********S*********S*********S*T*******S*T*******SI
           I *********S*********S*********S*********S*T*******S*T*******SI
     -24.70I**********S*********S*********S*********S*T*******S*T*******SI    -24.70
 ++++++++++I+++++++++++++++++++++++++++++++++++++++++++++++++++++++++++++I
            S=SEASONAL FREQUENCIES, T=TRADING DAY FREQUENCIES
        ces_hours 19430            PAGE  22, SERIES ces_hours_log_ad
 G 1  10*LOG(SPECTRUM) of the differenced seasonally adjusted 
      data (Table E2).  Spectrum estimated from 2009.Jan to 2016.Dec.
 ++++++++++I+++++++++++++++++++++++++++++++++++++++++++++++++++++++++++++I
      -4.22I                                                             I     -4.22
           I                                               *             I
           I                                               *             I
           I                                               *             I
      -5.86I                                          T    *             I     -5.86
           I                                          T    *         *   I
           I                                          T    *         *   I
           I                                          T    *         *   I
      -7.49I                                          T    *         *   I     -7.49
           I                                     *    T    *         *   I
           I                                     *    T    **     *  **  I
           I                                     *    T    **     *  **  I
      -9.13I                                     **   T    **     *  **  I     -9.13
           I                                     **   T*   **     *  **  I
           I                         *           **   T*   **     *****  I
           I                         *           **   T*   **     *****  I
     -10.76I      *                  *           **   T*   **     *****  I    -10.76
           I      *                 **           **   T*  ***     *****  I
           I      *                 **           **   T*  ***     *****  I
           I      *                 **           **   T*  ***     *****  I
     -12.40I    * *                 **           **  *T*  ***     *****  I    -12.40
           I    ***                 **       *   **  *T*  ***    ******  I
           I    ****                **       *  ***  *T*  ***    ******* I
           I    ****                **       ** **** *T*  ****   ******* I
     -14.03I    ****                **       ** **** *T*******   ******* I    -14.03
           I    ****              ****      *** ****S*T*******   ******* I
           I    ****              ****      ********S*T*******   *******SI
           I    ****              ****      ********S*T*******   *******SI
     -15.67I    ****             *****      ********S*T*******  T*******SI    -15.67
           I   *****             ******    *********S*T*******S T*******SI
           I   *****             ******   S*********S*T*******S T*******SI
           I   *****       *     ******   S*********S*T*******S*T*******SI
     -17.31I   *****       *     ******   S*********S*T*******S*T*******SI    -17.31
           I   *****       *     ******  *S*********S*T*******S*T*******SI
           I   ******      *     ******  *S*********S*T*******S*T*******SI
           I   ******      *     ******* *S*********S*T*******S*T*******SI
     -18.94I   ******      **    *********S*********S*T*******S*T*******SI    -18.94
           I   ******      **    *********S*********S*T*******S*T*******SI
           I   ******      **    *********S*********S*T*******S*T*******SI
           I   ******      **   S*********S*********S*T*******S*T*******SI
     -20.58I   *******    ***   S*********S*********S*T*******S*T*******SI    -20.58
           I   *******    ***   S*********S*********S*T*******S*T*******SI
           I  ********S   ***   S*********S*********S*T*******S*T*******SI
           I  ********S*  ***   S*********S*********S*T*******S*T*******SI
     -22.21I  ********S* ****   S*********S*********S*T*******S*T*******SI    -22.21
           I  ********S*******  S*********S*********S*T*******S*T*******SI
           I  ********S*******  S*********S*********S*T*******S*T*******SI
           I  ********S******* *S*********S*********S*T*******S*T*******SI
     -23.85I  ********S*********S*********S*********S*T*******S*T*******SI    -23.85
           I  ********S*********S*********S*********S*T*******S*T*******SI
           I *********S*********S*********S*********S*T*******S*T*******SI
           I *********S*********S*********S*********S*T*******S*T*******SI
     -25.48I**********S*********S*********S*********S*T*******S*T*******SI    -25.48
 ++++++++++I+++++++++++++++++++++++++++++++++++++++++++++++++++++++++++++I
            S=SEASONAL FREQUENCIES, T=TRADING DAY FREQUENCIES
        ces_hours 19430            PAGE  23, SERIES ces_hours_log_ad
 G 2  10*LOG(SPECTRUM) of the Modified Irregular (Table E3).  
      Spectrum estimated from 2009.Jan to 2016.Dec.
 ++++++++++I+++++++++++++++++++++++++++++++++++++++++++++++++++++++++++++I
      -9.20I                         *                                   I     -9.20
           I                         *                     *             I
           I                         *                     *             I
           I                         *                T    *             I
     -10.77I                         *                T    *             I    -10.77
           I                         *                T    *             I
           I                         *                T    *             I
           I                         *                T    *         *   I
     -12.34I                         *           *    T    *         *   I    -12.34
           I                         *           *    T    *         *   I
           I                         *           *    T    *         *   I
           I                         *           **   T    **        *   I
     -13.91I                         *           **   T    **        *   I    -13.91
           I                         *           **   T*   **     *  *   I
           I                        **           **   T*   **     *  *   I
           I                      * **           **   T*   **     *  *   I
     -15.48I                      * **           **   T*   **     * ***  I    -15.48
           I                      * **           **   T*  ***     *****  I
           I                      * **       *   **   T*  ***     *****  I
           I                      * **       *   **   T*  ***     *****  I
     -17.04I                      ****       *   **  *T*  ***     *****  I    -17.04
           I                      ****       *   **  *T*  ***    ******  I
           I                      ****       ** ***  *T*  ***    ******  I
           I                     ******      ** ***  *T*  ***    ******  I
     -18.61I                     ******     *** **** *T******    ******  I    -18.61
           I                     ******     *** ****S*T*******   ******  I
           I                     ******     ********S*T*******   ******  I
           I                     ******     ********S*T*******   ******* I
     -20.18I                     ******    *********S*T*******   ******* I    -20.18
           I                     ******   S*********S*T*******   ******* I
           I        *            ******   S*********S*T*******  T******* I
           I        *            ******  *S*********S*T*******S T*******SI
     -21.75I        *            ******* *S*********S*T*******S T*******SI    -21.75
           I        *       *    *********S*********S*T*******S*T*******SI
           I        *       *    *********S*********S*T*******S*T*******SI
           I        *      **    *********S*********S*T*******S*T*******SI
     -23.32I   *    **     ***  S*********S*********S*T*******S*T*******SI    -23.32
           I   *    **    ****  S*********S*********S*T*******S*T*******SI
           I   *    **    ****  S*********S*********S*T*******S*T*******SI
           I   *    **    ****  S*********S*********S*T*******S*T*******SI
     -24.89I   *    **   *****  S*********S*********S*T*******S*T*******SI    -24.89
           I   *    **   ****** S*********S*********S*T*******S*T*******SI
           I  **    **   *******S*********S*********S*T*******S*T*******SI
           I  **    **   *******S*********S*********S*T*******S*T*******SI
     -26.45I  **   ***   *******S*********S*********S*T*******S*T*******SI    -26.45
           I  ***  ***  ********S*********S*********S*T*******S*T*******SI
           I  ***  ***S ********S*********S*********S*T*******S*T*******SI
           I  ***  ***S ********S*********S*********S*T*******S*T*******SI
     -28.02I  ***  ***S*********S*********S*********S*T*******S*T*******SI    -28.02
           I  ***  ***S*********S*********S*********S*T*******S*T*******SI
           I ****  ***S*********S*********S*********S*T*******S*T*******SI
           I *********S*********S*********S*********S*T*******S*T*******SI
     -29.59I**********S*********S*********S*********S*T*******S*T*******SI    -29.59
 ++++++++++I+++++++++++++++++++++++++++++++++++++++++++++++++++++++++++++I
            S=SEASONAL FREQUENCIES, T=TRADING DAY FREQUENCIES
        ces_hours 19430            PAGE  24, SERIES ces_hours_log_ad

  Peak probabilities for Tukey spectrum estimator
  Spectrum estimated from 2009.Jan to 2016.Dec.

                                          S1       S2       S3       S4       S5       S6       TD
                                        ------   ------   ------   ------   ------   ------   ------
  Model Residuals                        0.079    0.498    0.596    0.034    0.253    0.279    0.453  
  Original Series (Table A1 or B1)       0.312    0.990**  0.994**  0.571    0.194    0.915*   0.527  
  Seasonally adjusted series (E2)        0.053    0.082    0.268    0.003    0.086    0.326    0.813  
  Modified Irregular (E3)                0.005    0.067    0.195    0.004    0.125    0.297    0.843  
  ----------
     ** - Peak Probability > 0.99,
      * - 0.90 < Peak Probability < 0.99


